Archive member included because of file (symbol)

c:/freescale/kds_v3/toolchain/bin/../lib/gcc/arm-none-eabi/4.8.4/../../../../arm-none-eabi/lib/armv7e-m\libm.a(lib_a-s_round.o)
                              ./Sources/display.o (round)
c:/freescale/kds_v3/toolchain/bin/../lib/gcc/arm-none-eabi/4.8.4/../../../../arm-none-eabi/lib/armv7e-m\libm.a(lib_a-w_pow.o)
                              ./Sources/display.o (pow)
c:/freescale/kds_v3/toolchain/bin/../lib/gcc/arm-none-eabi/4.8.4/../../../../arm-none-eabi/lib/armv7e-m\libm.a(lib_a-e_pow.o)
                              c:/freescale/kds_v3/toolchain/bin/../lib/gcc/arm-none-eabi/4.8.4/../../../../arm-none-eabi/lib/armv7e-m\libm.a(lib_a-w_pow.o) (__ieee754_pow)
c:/freescale/kds_v3/toolchain/bin/../lib/gcc/arm-none-eabi/4.8.4/../../../../arm-none-eabi/lib/armv7e-m\libm.a(lib_a-e_sqrt.o)
                              c:/freescale/kds_v3/toolchain/bin/../lib/gcc/arm-none-eabi/4.8.4/../../../../arm-none-eabi/lib/armv7e-m\libm.a(lib_a-e_pow.o) (__ieee754_sqrt)
c:/freescale/kds_v3/toolchain/bin/../lib/gcc/arm-none-eabi/4.8.4/../../../../arm-none-eabi/lib/armv7e-m\libm.a(lib_a-s_fabs.o)
                              c:/freescale/kds_v3/toolchain/bin/../lib/gcc/arm-none-eabi/4.8.4/../../../../arm-none-eabi/lib/armv7e-m\libm.a(lib_a-e_pow.o) (fabs)
c:/freescale/kds_v3/toolchain/bin/../lib/gcc/arm-none-eabi/4.8.4/../../../../arm-none-eabi/lib/armv7e-m\libm.a(lib_a-s_finite.o)
                              c:/freescale/kds_v3/toolchain/bin/../lib/gcc/arm-none-eabi/4.8.4/../../../../arm-none-eabi/lib/armv7e-m\libm.a(lib_a-w_pow.o) (finite)
c:/freescale/kds_v3/toolchain/bin/../lib/gcc/arm-none-eabi/4.8.4/../../../../arm-none-eabi/lib/armv7e-m\libm.a(lib_a-s_fpclassify.o)
                              c:/freescale/kds_v3/toolchain/bin/../lib/gcc/arm-none-eabi/4.8.4/../../../../arm-none-eabi/lib/armv7e-m\libm.a(lib_a-w_pow.o) (__fpclassifyd)
c:/freescale/kds_v3/toolchain/bin/../lib/gcc/arm-none-eabi/4.8.4/../../../../arm-none-eabi/lib/armv7e-m\libm.a(lib_a-s_lib_ver.o)
                              c:/freescale/kds_v3/toolchain/bin/../lib/gcc/arm-none-eabi/4.8.4/../../../../arm-none-eabi/lib/armv7e-m\libm.a(lib_a-w_pow.o) (__fdlib_version)
c:/freescale/kds_v3/toolchain/bin/../lib/gcc/arm-none-eabi/4.8.4/../../../../arm-none-eabi/lib/armv7e-m\libm.a(lib_a-s_matherr.o)
                              c:/freescale/kds_v3/toolchain/bin/../lib/gcc/arm-none-eabi/4.8.4/../../../../arm-none-eabi/lib/armv7e-m\libm.a(lib_a-w_pow.o) (matherr)
c:/freescale/kds_v3/toolchain/bin/../lib/gcc/arm-none-eabi/4.8.4/../../../../arm-none-eabi/lib/armv7e-m\libm.a(lib_a-s_nan.o)
                              c:/freescale/kds_v3/toolchain/bin/../lib/gcc/arm-none-eabi/4.8.4/../../../../arm-none-eabi/lib/armv7e-m\libm.a(lib_a-e_pow.o) (nan)
c:/freescale/kds_v3/toolchain/bin/../lib/gcc/arm-none-eabi/4.8.4/../../../../arm-none-eabi/lib/armv7e-m\libm.a(lib_a-s_rint.o)
                              c:/freescale/kds_v3/toolchain/bin/../lib/gcc/arm-none-eabi/4.8.4/../../../../arm-none-eabi/lib/armv7e-m\libm.a(lib_a-w_pow.o) (rint)
c:/freescale/kds_v3/toolchain/bin/../lib/gcc/arm-none-eabi/4.8.4/../../../../arm-none-eabi/lib/armv7e-m\libm.a(lib_a-s_scalbn.o)
                              c:/freescale/kds_v3/toolchain/bin/../lib/gcc/arm-none-eabi/4.8.4/../../../../arm-none-eabi/lib/armv7e-m\libm.a(lib_a-e_pow.o) (scalbn)
c:/freescale/kds_v3/toolchain/bin/../lib/gcc/arm-none-eabi/4.8.4/../../../../arm-none-eabi/lib/armv7e-m\libm.a(lib_a-s_copysign.o)
                              c:/freescale/kds_v3/toolchain/bin/../lib/gcc/arm-none-eabi/4.8.4/../../../../arm-none-eabi/lib/armv7e-m\libm.a(lib_a-s_scalbn.o) (copysign)
c:/freescale/kds_v3/toolchain/bin/../lib/gcc/arm-none-eabi/4.8.4/armv7e-m\libgcc.a(_arm_addsubdf3.o)
                              c:/freescale/kds_v3/toolchain/bin/../lib/gcc/arm-none-eabi/4.8.4/../../../../arm-none-eabi/lib/armv7e-m\libm.a(lib_a-e_pow.o) (__aeabi_dsub)
c:/freescale/kds_v3/toolchain/bin/../lib/gcc/arm-none-eabi/4.8.4/armv7e-m\libgcc.a(_arm_muldivdf3.o)
                              ./Sources/display.o (__aeabi_dmul)
c:/freescale/kds_v3/toolchain/bin/../lib/gcc/arm-none-eabi/4.8.4/armv7e-m\libgcc.a(_arm_cmpdf2.o)
                              c:/freescale/kds_v3/toolchain/bin/../lib/gcc/arm-none-eabi/4.8.4/../../../../arm-none-eabi/lib/armv7e-m\libm.a(lib_a-w_pow.o) (__aeabi_dcmpeq)
c:/freescale/kds_v3/toolchain/bin/../lib/gcc/arm-none-eabi/4.8.4/armv7e-m\libgcc.a(_arm_fixdfsi.o)
                              ./Sources/display.o (__aeabi_d2iz)
c:/freescale/kds_v3/toolchain/bin/../lib/gcc/arm-none-eabi/4.8.4/armv7e-m\libgcc.a(_arm_addsubsf3.o)
                              ./Sources/Events.o (__aeabi_fsub)
c:/freescale/kds_v3/toolchain/bin/../lib/gcc/arm-none-eabi/4.8.4/armv7e-m\libgcc.a(_arm_muldivsf3.o)
                              ./Sources/display.o (__aeabi_fmul)
c:/freescale/kds_v3/toolchain/bin/../lib/gcc/arm-none-eabi/4.8.4/armv7e-m\libgcc.a(_arm_cmpsf2.o)
[...]
Memory Configuration

Name             Origin             Length             Attributes
m_interrupts     0x00000000         0x000003fe         xr
m_text           0x00000410         0x0003ebf0         xr
m_data           0x1fff8000         0x00008000         rw
m_data_20000000  0x20000000         0x00008000         rw
m_cue            0x0003f000         0x00000ffe         xrw
m_cfmprotrom     0x00000400         0x00000010         xr
*default*        0x00000000         0xffffffff

Linker script and memory map

LOAD c:/freescale/kds_v3/toolchain/bin/../lib/gcc/arm-none-eabi/4.8.4/armv7e-m/crti.o
LOAD c:/freescale/kds_v3/toolchain/bin/../lib/gcc/arm-none-eabi/4.8.4/armv7e-m/crtbegin.o
LOAD c:/freescale/kds_v3/toolchain/bin/../lib/gcc/arm-none-eabi/4.8.4/../../../../arm-none-eabi/lib/armv7e-m/crt0.o
LOAD ./Sources/Events.o
LOAD ./Sources/LCD.o
LOAD ./Sources/PCA9670.o
LOAD ./Sources/cue.o
LOAD ./Sources/display.o
LOAD ./Sources/eeprom.o
LOAD ./Sources/encoder_variable.o
LOAD ./Sources/main.o
LOAD ./Sources/menu.o
LOAD ./Sources/parameters.o
LOAD ./Sources/protocol.o
LOAD ./Sources/send.o
LOAD ./Project_Settings/Startup_Code/startup.o
LOAD ./Generated_Code/AS1.o
LOAD ./Generated_Code/ASerialLdd1.o
LOAD ./Generated_Code/BitIoLdd1.o
LOAD ./Generated_Code/BitIoLdd2.o
LOAD ./Generated_Code/BitIoLdd3.o
LOAD ./Generated_Code/BitIoLdd4.o
LOAD ./Generated_Code/BitIoLdd5.o
LOAD ./Generated_Code/BitIoLdd6.o
LOAD ./Generated_Code/BitIoLdd7.o
LOAD ./Generated_Code/BitIoLdd8.o
LOAD ./Generated_Code/CS1.o
LOAD ./Generated_Code/Cpu.o
LOAD ./Generated_Code/ENCODER.o
LOAD ./Generated_Code/ENCODER_PUSH.o
LOAD ./Generated_Code/ExtIntLdd1.o
LOAD ./Generated_Code/ExtIntLdd2.o
LOAD ./Generated_Code/ExtIntLdd3.o
LOAD ./Generated_Code/ExtIntLdd4.o
LOAD ./Generated_Code/ExtIntLdd5.o
LOAD ./Generated_Code/I2C0.o
LOAD ./Generated_Code/IFsh1.o
LOAD ./Generated_Code/IntFlashLdd1.o
LOAD ./Generated_Code/IntI2cLdd1.o
LOAD ./Generated_Code/KSDK1.o
LOAD ./Generated_Code/LCD_CTR.o
LOAD ./Generated_Code/LCD_EN.o
LOAD ./Generated_Code/LED_DEBUG.o
LOAD ./Generated_Code/LED_MOTOR_MOVE.o
LOAD ./Generated_Code/LED_STATUS_1.o
LOAD ./Generated_Code/LED_STATUS_2.o
LOAD ./Generated_Code/LED_STATUS_3.o
LOAD ./Generated_Code/LED_STATUS_4.o
LOAD ./Generated_Code/LEVER_DIR1.o
LOAD ./Generated_Code/LEVER_DIR2.o
LOAD ./Generated_Code/PCA.o
LOAD ./Generated_Code/PE_LDD.o
LOAD ./Generated_Code/PUSH_BUTTON_REC.o
LOAD ./Generated_Code/PUSH_BUTTON_SEND.o
LOAD ./Generated_Code/TU1.o
LOAD ./Generated_Code/T_100ms.o
LOAD ./Generated_Code/T_500ms.o
LOAD ./Generated_Code/Vectors.o
LOAD ./Generated_Code/WAIT1.o
LOAD ./.metadata/.plugins/org.eclipse.cdt.make.core/specs.o
LOAD c:/freescale/kds_v3/toolchain/bin/../lib/gcc/arm-none-eabi/4.8.4/../../../../arm-none-eabi/lib/armv7e-m\libstdc++_s.a
LOAD c:/freescale/kds_v3/toolchain/bin/../lib/gcc/arm-none-eabi/4.8.4/../../../../arm-none-eabi/lib/armv7e-m\libm.a
START GROUP
LOAD c:/freescale/kds_v3/toolchain/bin/../lib/gcc/arm-none-eabi/4.8.4/armv7e-m\libgcc.a
LOAD c:/freescale/kds_v3/toolchain/bin/../lib/gcc/arm-none-eabi/4.8.4/../../../../arm-none-eabi/lib/armv7e-m\libg_s.a
LOAD c:/freescale/kds_v3/toolchain/bin/../lib/gcc/arm-none-eabi/4.8.4/../../../../arm-none-eabi/lib/armv7e-m\libc_s.a
END GROUP
START GROUP
LOAD c:/freescale/kds_v3/toolchain/bin/../lib/gcc/arm-none-eabi/4.8.4/armv7e-m\libgcc.a
LOAD c:/freescale/kds_v3/toolchain/bin/../lib/gcc/arm-none-eabi/4.8.4/../../../../arm-none-eabi/lib/armv7e-m\libc_s.a
LOAD c:/freescale/kds_v3/toolchain/bin/../lib/gcc/arm-none-eabi/4.8.4/../../../../arm-none-eabi/lib/armv7e-m\libnosys.a
END GROUP
START GROUP
LOAD c:/freescale/kds_v3/toolchain/bin/../lib/gcc/arm-none-eabi/4.8.4/armv7e-m\libgcc.a
LOAD c:/freescale/kds_v3/toolchain/bin/../lib/gcc/arm-none-eabi/4.8.4/../../../../arm-none-eabi/lib/armv7e-m\libc_s.a
LOAD c:/freescale/kds_v3/toolchain/bin/../lib/gcc/arm-none-eabi/4.8.4/../../../../arm-none-eabi/lib/armv7e-m\libnosys.a
END GROUP
LOAD c:/freescale/kds_v3/toolchain/bin/../lib/gcc/arm-none-eabi/4.8.4/armv7e-m/crtend.o
LOAD c:/freescale/kds_v3/toolchain/bin/../lib/gcc/arm-none-eabi/4.8.4/armv7e-m/crtn.o
                0x20000000                _estack = 0x20000000
                0x20000000                __SP_INIT = _estack
                0x20000000                __stack = _estack
                0x00000000                __heap_size = 0x0
                0x00000400                __stack_size = 0x400

.interrupts     0x00000000      0x1bc
                0x00000000                __vector_table = .
                0x00000000                . = ALIGN (0x4)
 *(.vectortable)
 .vectortable   0x00000000      0x1bc ./Generated_Code/Vectors.o
                0x00000000                __vect_table
                0x000001bc                . = ALIGN (0x4)

.cfmprotect     0x00000400       0x10
                0x00000400                . = ALIGN (0x4)
 *(.cfmconfig)
 .cfmconfig     0x00000400       0x10 ./Generated_Code/Cpu.o
                0x00000400                _cfm
                0x00000410                . = ALIGN (0x4)

.text           0x00000410    0x1017c
                0x00000410                . = ALIGN (0x4)
 *(.text)
 .text          0x00000410       0x54 c:/freescale/kds_v3/toolchain/bin/../lib/gcc/arm-none-eabi/4.8.4/armv7e-m/crtbegin.o
 .text          0x00000464       0x74 c:/freescale/kds_v3/toolchain/bin/../lib/gcc/arm-none-eabi/4.8.4/../../../../arm-none-eabi/lib/armv7e-m/crt0.o
                0x00000464                _start
                0x00000464                _mainCRTStartup
 .text          0x000004d8      0x370 c:/freescale/kds_v3/toolchain/bin/../lib/gcc/arm-none-eabi/4.8.4/armv7e-m\libgcc.a(_arm_addsubdf3.o)
                0x000004d8                __aeabi_drsub
                0x000004e0                __aeabi_dsub
                0x000004e0                __subdf3
                0x000004e4                __aeabi_dadd
                0x000004e4                __adddf3
                0x0000075c                __floatunsidf
                0x0000075c                __aeabi_ui2d
                0x0000077c                __floatsidf
                0x0000077c                __aeabi_i2d
                0x000007a0                __aeabi_f2d
                0x000007a0                __extendsfdf2
                0x000007dc                __floatundidf
                0x000007dc                __aeabi_ul2d
                0x000007ec                __floatdidf
                0x000007ec                __aeabi_l2d
 .text          0x00000848      0x424 c:/freescale/kds_v3/toolchain/bin/../lib/gcc/arm-none-eabi/4.8.4/armv7e-m\libgcc.a(_arm_muldivdf3.o)
                0x00000848                __aeabi_dmul
                0x00000848                __muldf3
                0x00000a9c                __divdf3
                0x00000a9c                __aeabi_ddiv
 .text          0x00000c6c      0x110 c:/freescale/kds_v3/toolchain/bin/../lib/gcc/arm-none-eabi/4.8.4/armv7e-m\libgcc.a(_arm_cmpdf2.o)
                0x00000c6c                __gtdf2
                0x00000c6c                __gedf2
                0x00000c74                __ltdf2
                0x00000c74                __ledf2
                0x00000c7c                __nedf2
                0x00000c7c                __eqdf2
                0x00000c7c                __cmpdf2
                0x00000cf8                __aeabi_cdrcmple
                0x00000d08                __aeabi_cdcmpeq
                0x00000d08                __aeabi_cdcmple
                0x00000d18                __aeabi_dcmpeq
                0x00000d2c                __aeabi_dcmplt
                0x00000d40                __aeabi_dcmple
                0x00000d54                __aeabi_dcmpge
                0x00000d68                __aeabi_dcmpgt
 .text          0x00000d7c       0x50 c:/freescale/kds_v3/toolchain/bin/../lib/gcc/arm-none-eabi/4.8.4/armv7e-m\libgcc.a(_arm_fixdfsi.o)
                0x00000d7c                __aeabi_d2iz
                0x00000d7c                __fixdfsi
 .text          0x00000dcc      0x21c c:/freescale/kds_v3/toolchain/bin/../lib/gcc/arm-none-eabi/4.8.4/armv7e-m\libgcc.a(_arm_addsubsf3.o)
                0x00000dcc                __aeabi_frsub
                0x00000dd4                __subsf3
                0x00000dd4                __aeabi_fsub
                0x00000dd8                __aeabi_fadd
                0x00000dd8                __addsf3
                0x00000f38                __aeabi_ui2f
                0x00000f38                __floatunsisf
                0x00000f40                __aeabi_i2f
                0x00000f40                __floatsisf
                0x00000f5c                __aeabi_ul2f
                0x00000f5c                __floatundisf
                0x00000f6c                __aeabi_l2f
                0x00000f6c                __floatdisf
 .text          0x00000fe8      0x2a0 c:/freescale/kds_v3/toolchain/bin/../lib/gcc/arm-none-eabi/4.8.4/armv7e-m\libgcc.a(_arm_muldivsf3.o)
                0x00000fe8                __mulsf3
                0x00000fe8                __aeabi_fmul
                0x00001150                __aeabi_fdiv
                0x00001150                __divsf3
 .text          0x00001288       0xec c:/freescale/kds_v3/toolchain/bin/../lib/gcc/arm-none-eabi/4.8.4/armv7e-m\libgcc.a(_arm_cmpsf2.o)
                0x00001288                __gesf2
                0x00001288                __gtsf2
                0x00001290                __lesf2
                0x00001290                __ltsf2
                0x00001298                __nesf2
                0x00001298                __eqsf2
                0x00001298                __cmpsf2
                0x000012f8                __aeabi_cfrcmple
                0x00001300                __aeabi_cfcmpeq
                0x00001300                __aeabi_cfcmple
                0x00001310                __aeabi_fcmpeq
                0x00001324                __aeabi_fcmplt
                0x00001338                __aeabi_fcmple
                0x0000134c                __aeabi_fcmpge
                0x00001360                __aeabi_fcmpgt
 .text          0x00001374       0x4c c:/freescale/kds_v3/toolchain/bin/../lib/gcc/arm-none-eabi/4.8.4/armv7e-m\libgcc.a(_arm_fixsfsi.o)
                0x00001374                __aeabi_f2iz
                0x00001374                __fixsfsi
 .text          0x000013c0       0x40 c:/freescale/kds_v3/toolchain/bin/../lib/gcc/arm-none-eabi/4.8.4/armv7e-m\libgcc.a(_arm_fixunssfsi.o)
                0x000013c0                __fixunssfsi
                0x000013c0                __aeabi_f2uiz
 .text          0x00001400      0xa1c c:/freescale/kds_v3/toolchain/bin/../lib/gcc/arm-none-eabi/4.8.4/armv7e-m\libgcc.a(unwind-arm.o)
                0x000016e4                _Unwind_GetCFA
                0x000016e8                __gnu_Unwind_RaiseException
                0x00001748                __gnu_Unwind_ForcedUnwind
                0x0000175c                __gnu_Unwind_Resume
                0x000017a0                __gnu_Unwind_Resume_or_Rethrow
                0x000017b0                _Unwind_Complete
                0x000017b4                _Unwind_DeleteException
                0x000017c4                _Unwind_VRS_Get
                0x00001814                _Unwind_VRS_Set
                0x00001864                __gnu_Unwind_Backtrace
                0x00001bb8                __aeabi_unwind_cpp_pr0
                0x00001bc0                __aeabi_unwind_cpp_pr1
                0x00001bc8                __aeabi_unwind_cpp_pr2
                0x00001bd0                _Unwind_VRS_Pop
 .text          0x00001e1c      0x1ac c:/freescale/kds_v3/toolchain/bin/../lib/gcc/arm-none-eabi/4.8.4/armv7e-m\libgcc.a(libunwind.o)
                0x00001e1c                __restore_core_regs
                0x00001e1c                restore_core_regs
                0x00001e34                __gnu_Unwind_Restore_VFP
                0x00001e3c                __gnu_Unwind_Save_VFP
                0x00001e44                __gnu_Unwind_Restore_VFP_D
                0x00001e4c                __gnu_Unwind_Save_VFP_D
                0x00001e54                __gnu_Unwind_Restore_VFP_D_16_to_31
                0x00001e5c                __gnu_Unwind_Save_VFP_D_16_to_31
                0x00001e64                __gnu_Unwind_Restore_WMMXD
                0x00001ea8                __gnu_Unwind_Save_WMMXD
                0x00001eec                __gnu_Unwind_Restore_WMMXC
                0x00001f00                __gnu_Unwind_Save_WMMXC
                0x00001f14                ___Unwind_RaiseException
                0x00001f14                _Unwind_RaiseException
                0x00001f38                _Unwind_Resume
                0x00001f38                ___Unwind_Resume
                0x00001f5c                _Unwind_Resume_or_Rethrow
                0x00001f5c                ___Unwind_Resume_or_Rethrow
                0x00001f80                _Unwind_ForcedUnwind
                0x00001f80                ___Unwind_ForcedUnwind
                0x00001fa4                ___Unwind_Backtrace
                0x00001fa4                _Unwind_Backtrace
 .text          0x00001fc8      0x33c c:/freescale/kds_v3/toolchain/bin/../lib/gcc/arm-none-eabi/4.8.4/armv7e-m\libgcc.a(pr-support.o)
                0x0000201c                __gnu_unwind_execute
                0x000022a8                __gnu_unwind_frame
                0x000022d4                _Unwind_GetRegionStart
                0x000022e0                _Unwind_GetLanguageSpecificData
                0x000022f4                _Unwind_GetDataRelBase
                0x000022fc                _Unwind_GetTextRelBase
 .text          0x00002304       0x14 c:/freescale/kds_v3/toolchain/bin/../lib/gcc/arm-none-eabi/4.8.4/../../../../arm-none-eabi/lib/armv7e-m\libg_s.a(lib_a-strcmp.o)
                0x00002304                strcmp
 *(.text*)
 .text.PUSH_BUTTON_REC_OnInterrupt
                0x00002318       0x18 ./Sources/Events.o
                0x00002318                PUSH_BUTTON_REC_OnInterrupt
 .text.PUSH_BUTTON_SEND_OnInterrupt
                0x00002330       0x18 ./Sources/Events.o
                0x00002330                PUSH_BUTTON_SEND_OnInterrupt
 .text.I2C0_OnReceiveData
                0x00002348        0xc ./Sources/Events.o
                0x00002348                I2C0_OnReceiveData
 .text.I2C0_OnTransmitData
                0x00002354        0xc ./Sources/Events.o
                0x00002354                I2C0_OnTransmitData
 .text.T_100ms_OnCounterRestart
                0x00002360       0x48 ./Sources/Events.o
                0x00002360                T_100ms_OnCounterRestart
 .text.LEVER_DIR1_OnInterrupt
                0x000023a8       0x48 ./Sources/Events.o
                0x000023a8                LEVER_DIR1_OnInterrupt
 .text.LEVER_DIR2_OnInterrupt
                0x000023f0       0x48 ./Sources/Events.o
                0x000023f0                LEVER_DIR2_OnInterrupt
 .text.ENCODER_PUSH_OnInterrupt
                0x00002438       0xe0 ./Sources/Events.o
                0x00002438                ENCODER_PUSH_OnInterrupt
 .text.ENCODER_OnPortEvent
                0x00002518       0xc0 ./Sources/Events.o
                0x00002518                ENCODER_OnPortEvent
 .text.T_500ms_OnCounterRestart
                0x000025d8      0x130 ./Sources/Events.o
                0x000025d8                T_500ms_OnCounterRestart
 .text.I2C0_OnArbitLost
                0x00002708        0xc ./Sources/Events.o
                0x00002708                I2C0_OnArbitLost
 .text.AS1_OnTxComplete
                0x00002714       0x14 ./Sources/Events.o
                0x00002714                AS1_OnTxComplete
 .text.AS1_OnError
                0x00002728        0xc ./Sources/Events.o
                0x00002728                AS1_OnError
 .text.AS1_OnRxChar
                0x00002734        0xc ./Sources/Events.o
                0x00002734                AS1_OnRxChar
 .text.AS1_OnRxCharExt
                0x00002740       0xa8 ./Sources/Events.o
                0x00002740                AS1_OnRxCharExt
 .text.AS1_OnTxChar
                0x000027e8        0xc ./Sources/Events.o
                0x000027e8                AS1_OnTxChar
 .text.AS1_OnFullRxBuf
                0x000027f4       0x14 ./Sources/Events.o
                0x000027f4                AS1_OnFullRxBuf
 .text.AS1_OnFreeTxBuf
                0x00002808        0xc ./Sources/Events.o
                0x00002808                AS1_OnFreeTxBuf
 .text.TU1_OnCounterRestart
                0x00002814       0x1c ./Sources/Events.o
                0x00002814                TU1_OnCounterRestart
 .text.LCD_Init
                0x00002830       0x50 ./Sources/LCD.o
                0x00002830                LCD_Init
 .text.LCD_command
                0x00002880       0x30 ./Sources/LCD.o
                0x00002880                LCD_command
 .text.LCD_Cursor_On
                0x000028b0        0xc ./Sources/LCD.o
                0x000028b0                LCD_Cursor_On
 .text.LCD_Cursor_Off
                0x000028bc        0xc ./Sources/LCD.o
                0x000028bc                LCD_Cursor_Off
 .text.LCD_Set_Cursor
                0x000028c8       0x58 ./Sources/LCD.o
                0x000028c8                LCD_Set_Cursor
 .text.LCD_Cursor_On_At
                0x00002920       0x24 ./Sources/LCD.o
                0x00002920                LCD_Cursor_On_At
 .text.LCD_Write
                0x00002944       0x28 ./Sources/LCD.o
                0x00002944                LCD_Write
 .text.load_custom_char
                0x0000296c       0x50 ./Sources/LCD.o
                0x0000296c                load_custom_char
 .text.LCD_Write_At
                0x000029bc       0x3c ./Sources/LCD.o
                0x000029bc                LCD_Write_At
 .text.LCD_Write_Block
                0x000029f8       0xa0 ./Sources/LCD.o
                0x000029f8                LCD_Write_Block
 .text.PCA9670_Init
                0x00002a98       0x34 ./Sources/PCA9670.o
                0x00002a98                PCA9670_Init
 .text.PCA9670_SendByte
                0x00002acc       0x3c ./Sources/PCA9670.o
                0x00002acc                PCA9670_SendByte
 .text.select_cue
                0x00002b08      0x180 ./Sources/cue.o
                0x00002b08                select_cue
 .text.vspfunc  0x00002c88       0x30 ./Sources/display.o
                0x00002c88                vspfunc
 .text.print_float_at
                0x00002cb8      0x190 ./Sources/display.o
                0x00002cb8                print_float_at
 .text.print_int_at
                0x00002e48       0xa0 ./Sources/display.o
                0x00002e48                print_int_at
 .text.print_cue_array
                0x00002ee8      0x1d0 ./Sources/display.o
                0x00002ee8                print_cue_array
 .text.print_all_cue
                0x000030b8      0x110 ./Sources/display.o
                0x000030b8                print_all_cue
 .text.load_char
                0x000031c8       0xe8 ./Sources/display.o
                0x000031c8                load_char
 .text.menu_init
                0x000032b0       0x1c ./Sources/display.o
                0x000032b0                menu_init
 .text.refresh  0x000032cc       0x24 ./Sources/display.o
                0x000032cc                refresh
 .text.select   0x000032f0       0x24 ./Sources/display.o
                0x000032f0                select
 .text.back     0x00003314       0x54 ./Sources/display.o
                0x00003314                back
 .text.controle_mode_display
                0x00003368       0x4c ./Sources/display.o
                0x00003368                controle_mode_display
 .text.control_mode_fct
                0x000033b4       0x5c ./Sources/display.o
                0x000033b4                control_mode_fct
 .text.update_icon_dir
                0x00003410       0x78 ./Sources/display.o
                0x00003410                update_icon_dir
 .text.update_icon_drive_enable
                0x00003488       0x3c ./Sources/display.o
                0x00003488                update_icon_drive_enable
 .text.select_setting
                0x000034c4       0x94 ./Sources/display.o
                0x000034c4                select_setting
 .text.refresh_fct
                0x00003558       0xf0 ./Sources/display.o
                0x00003558                refresh_fct
 .text.velocity_fct
                0x00003648      0x480 ./Sources/display.o
                0x00003648                velocity_fct
 .text.acceleration_fct
                0x00003ac8      0x16c ./Sources/display.o
                0x00003ac8                acceleration_fct
 .text.deceleration_fct
                0x00003c34      0x16c ./Sources/display.o
                0x00003c34                deceleration_fct
 .text.back_fct
                0x00003da0       0x30 ./Sources/display.o
                0x00003da0                back_fct
 .text.pos_position_fct
                0x00003dd0      0x518 ./Sources/display.o
                0x00003dd0                pos_position_fct
 .text.pos_velocity_fct
                0x000042e8      0x118 ./Sources/display.o
                0x000042e8                pos_velocity_fct
 .text.pos_acceleration_fct
                0x00004400      0x16c ./Sources/display.o
                0x00004400                pos_acceleration_fct
 .text.pos_deceleration_fct
                0x0000456c      0x16c ./Sources/display.o
                0x0000456c                pos_deceleration_fct
 .text.pos_set_home_fct
                0x000046d8       0x8c ./Sources/display.o
                0x000046d8                pos_set_home_fct
 .text.torque_fct
                0x00004764      0x370 ./Sources/display.o
                0x00004764                torque_fct
 .text.torque_rise_fct
                0x00004ad4      0x16c ./Sources/display.o
                0x00004ad4                torque_rise_fct
 .text.torque_fall_fct
                0x00004c40      0x168 ./Sources/display.o
                0x00004c40                torque_fall_fct
 .text.pos_play_cue_fct
                0x00004da8      0x320 ./Sources/display.o
                0x00004da8                pos_play_cue_fct
 .text.pos_rec_cue_fct
                0x000050c8      0x2ac ./Sources/display.o
                0x000050c8                pos_rec_cue_fct
 .text.pos_mod_cue_fct
                0x00005374      0x328 ./Sources/display.o
                0x00005374                pos_mod_cue_fct
 .text.pos_del_cue_fct
                0x0000569c      0x334 ./Sources/display.o
                0x0000569c                pos_del_cue_fct
 .text.vel_play_cue_fct
                0x000059d0      0x2b8 ./Sources/display.o
                0x000059d0                vel_play_cue_fct
 .text.vel_rec_cue_fct
                0x00005c88      0x248 ./Sources/display.o
                0x00005c88                vel_rec_cue_fct
 .text.vel_mod_cue_fct
                0x00005ed0      0x2b8 ./Sources/display.o
                0x00005ed0                vel_mod_cue_fct
 .text.vel_del_cue_fct
                0x00006188      0x2c4 ./Sources/display.o
                0x00006188                vel_del_cue_fct
 .text.select_baud_rate_fct
                0x0000644c      0x120 ./Sources/display.o
                0x0000644c                select_baud_rate_fct
 .text.select_update_menu_fct
                0x0000656c      0x120 ./Sources/display.o
                0x0000656c                select_update_menu_fct
 .text.short_cut_position_menu
                0x0000668c       0x68 ./Sources/display.o
                0x0000668c                short_cut_position_menu
 .text.display_resolution
                0x000066f4       0x68 ./Sources/display.o
                0x000066f4                display_resolution
 .text.get_cursor_resolution_position
                0x0000675c       0x4c ./Sources/display.o
                0x0000675c                get_cursor_resolution_position
 .text.get_resolution
                0x000067a8       0x50 ./Sources/display.o
                0x000067a8                get_resolution
 .text._Z41__static_initialization_and_destruction_0ii
                0x000067f8      0x894 ./Sources/display.o
 .text._GLOBAL__sub_I_buffer
                0x0000708c       0x10 ./Sources/display.o
 .text.load_cue
                0x0000709c      0x10c ./Sources/eeprom.o
                0x0000709c                load_cue
 .text.write_cue
                0x000071a8      0x170 ./Sources/eeprom.o
                0x000071a8                write_cue
 .text.erase_cue
                0x00007318       0x58 ./Sources/eeprom.o
                0x00007318                erase_cue
 .text.get_next_slot_free
                0x00007370       0xd0 ./Sources/eeprom.o
                0x00007370                get_next_slot_free
 .text.get_slot_saved
                0x00007440      0x110 ./Sources/eeprom.o
                0x00007440                get_slot_saved
 .text.get_cue_values
                0x00007550       0xd4 ./Sources/eeprom.o
                0x00007550                get_cue_values
 *fill*         0x00007624        0x4 
 .text.main     0x00007628      0x9d0 ./Sources/main.o
                0x00007628                main
 .text.init_menu
                0x00007ff8       0x44 ./Sources/menu.o
                0x00007ff8                init_menu
 .text.init_sub_menu
                0x0000803c       0x68 ./Sources/menu.o
                0x0000803c                init_sub_menu
 .text.init_sub_menu2
                0x000080a4       0x48 ./Sources/menu.o
                0x000080a4                init_sub_menu2
 .text.init_menu_list
                0x000080ec       0x30 ./Sources/menu.o
                0x000080ec                init_menu_list
 .text.init_sub_menu_list
                0x0000811c       0x30 ./Sources/menu.o
                0x0000811c                init_sub_menu_list
 .text.init_sub_menu2_list
                0x0000814c       0x30 ./Sources/menu.o
                0x0000814c                init_sub_menu2_list
 .text.print_menu
                0x0000817c      0x158 ./Sources/menu.o
                0x0000817c                print_menu
 .text.print_sub_menu
                0x000082d4      0x178 ./Sources/menu.o
                0x000082d4                print_sub_menu
 .text.print_sub_menu2
                0x0000844c      0x178 ./Sources/menu.o
                0x0000844c                print_sub_menu2
 .text.menu_select
                0x000085c4      0x2b4 ./Sources/menu.o
                0x000085c4                menu_select
 .text.menu_back
                0x00008878      0x37c ./Sources/menu.o
                0x00008878                menu_back
 .text.refresh_menu
                0x00008bf4      0x174 ./Sources/menu.o
                0x00008bf4                refresh_menu
 .text.void_function
                0x00008d68        0xc ./Sources/menu.o
                0x00008d68                void_function
 .text.parameters_init
                0x00008d74       0x94 ./Sources/parameters.o
                0x00008d74                parameters_init
 .text.convert  0x00008e08       0x3c ./Sources/parameters.o
                0x00008e08                convert
 .text.serial_send_block
                0x00008e44       0xdc ./Sources/protocol.o
                0x00008e44                serial_send_block
 .text.serial_send_float
                0x00008f20       0x30 ./Sources/protocol.o
                0x00008f20                serial_send_float
 .text.serial_send_int
                0x00008f50       0x30 ./Sources/protocol.o
                0x00008f50                serial_send_int
 .text.serial_send_string
                0x00008f80       0x58 ./Sources/protocol.o
                0x00008f80                serial_send_string
 .text.serial_send_char
                0x00008fd8       0x30 ./Sources/protocol.o
                0x00008fd8                serial_send_char
 .text.serial_send_end
                0x00009008       0x14 ./Sources/protocol.o
                0x00009008                serial_send_end
 .text.msg_parse
                0x0000901c      0x1d4 ./Sources/protocol.o
                0x0000901c                msg_parse
 .text.msg_processing
                0x000091f0      0x374 ./Sources/protocol.o
                0x000091f0                msg_processing
 .text.select_baud_rate
                0x00009564       0x1c ./Sources/protocol.o
                0x00009564                select_baud_rate
 .text.Send_Control_Mode
                0x00009580       0x30 ./Sources/send.o
                0x00009580                Send_Control_Mode
 .text.send_fct
                0x000095b0      0x438 ./Sources/send.o
                0x000095b0                send_fct
 .text.get_update_drive_en
                0x000099e8       0x24 ./Sources/send.o
                0x000099e8                get_update_drive_en
 .text.get_update_value
                0x00009a0c      0x1c4 ./Sources/send.o
                0x00009a0c                get_update_value
 .text.send_stop
                0x00009bd0       0x34 ./Sources/send.o
                0x00009bd0                send_stop
 .text.send_velocity_cue
                0x00009c04       0xa0 ./Sources/send.o
                0x00009c04                send_velocity_cue
 .text.send_position_cue
                0x00009ca4      0x114 ./Sources/send.o
                0x00009ca4                send_position_cue
 .text.velocity_processing
                0x00009db8       0x50 ./Sources/send.o
                0x00009db8                velocity_processing
 .text.velocity_ref_processing
                0x00009e08       0x50 ./Sources/send.o
                0x00009e08                velocity_ref_processing
 .text.acceleration_processing
                0x00009e58       0x50 ./Sources/send.o
                0x00009e58                acceleration_processing
 .text.deceleration_processing
                0x00009ea8       0x50 ./Sources/send.o
                0x00009ea8                deceleration_processing
 .text.torque_processing
                0x00009ef8       0x48 ./Sources/send.o
                0x00009ef8                torque_processing
 .text.torque_ref_processing
                0x00009f40       0x48 ./Sources/send.o
                0x00009f40                torque_ref_processing
 .text.torque_rise_processing
                0x00009f88       0x48 ./Sources/send.o
                0x00009f88                torque_rise_processing
 .text.torque_fall_processing
                0x00009fd0       0x48 ./Sources/send.o
                0x00009fd0                torque_fall_processing
 .text.position_ref_processing
                0x0000a018       0x48 ./Sources/send.o
                0x0000a018                position_ref_processing
 .text.position_processing
                0x0000a060       0x44 ./Sources/send.o
                0x0000a060                position_processing
 .text.control_mode_processing
                0x0000a0a4       0x7c ./Sources/send.o
                0x0000a0a4                control_mode_processing
 .text.drive_enable_processing
                0x0000a120       0x24 ./Sources/send.o
                0x0000a120                drive_enable_processing
 .text.__copy_rom_section
                0x0000a144       0xe4 ./Project_Settings/Startup_Code/startup.o
                0x0000a144                __copy_rom_section
 .text.__copy_rom_sections_to_ram
                0x0000a228       0x9c ./Project_Settings/Startup_Code/startup.o
                0x0000a228                __copy_rom_sections_to_ram
 .text.__init_registers
                0x0000a2c4        0xc ./Project_Settings/Startup_Code/startup.o
                0x0000a2c4                __init_registers
 .text.__init_user
                0x0000a2d0        0xc ./Project_Settings/Startup_Code/startup.o
                0x0000a2d0                __init_user
 .text.__thumb_startup
                0x0000a2dc       0x34 ./Project_Settings/Startup_Code/startup.o
                0x0000a2dc                __thumb_startup
 .text.HWEnDi   0x0000a310       0x1c ./Generated_Code/AS1.o
 .text.AS1_SendChar
                0x0000a32c       0xe0 ./Generated_Code/AS1.o
                0x0000a32c                AS1_SendChar
 .text.AS1_SendBlock
                0x0000a40c      0x148 ./Generated_Code/AS1.o
                0x0000a40c                AS1_SendBlock
 .text.AS1_ClearRxBuf
                0x0000a554       0x78 ./Generated_Code/AS1.o
                0x0000a554                AS1_ClearRxBuf
 .text.AS1_SetBaudRateMode
                0x0000a5cc       0x38 ./Generated_Code/AS1.o
                0x0000a5cc                AS1_SetBaudRateMode
 .text.AS1_Init
                0x0000a604       0x60 ./Generated_Code/AS1.o
                0x0000a604                AS1_Init
 .text.ASerialLdd1_OnBlockReceived
                0x0000a664       0xd4 ./Generated_Code/AS1.o
                0x0000a664                ASerialLdd1_OnBlockReceived
 .text.ASerialLdd1_OnBlockSent
                0x0000a738       0xd8 ./Generated_Code/AS1.o
                0x0000a738                ASerialLdd1_OnBlockSent
 .text.ASerialLdd1_OnError
                0x0000a810       0x9c ./Generated_Code/AS1.o
                0x0000a810                ASerialLdd1_OnError
 .text.ASerialLdd1_OnTxComplete
                0x0000a8ac       0x14 ./Generated_Code/AS1.o
                0x0000a8ac                ASerialLdd1_OnTxComplete
 .text.ASerialLdd1_OnBreak
                0x0000a8c0       0x24 ./Generated_Code/AS1.o
                0x0000a8c0                ASerialLdd1_OnBreak
 .text.ASerialLdd1_Init
                0x0000a8e4      0x1d4 ./Generated_Code/ASerialLdd1.o
                0x0000a8e4                ASerialLdd1_Init
 .text.ASerialLdd1_ReceiveBlock
                0x0000aab8       0x90 ./Generated_Code/ASerialLdd1.o
                0x0000aab8                ASerialLdd1_ReceiveBlock
 .text.ASerialLdd1_SendBlock
                0x0000ab48       0xbc ./Generated_Code/ASerialLdd1.o
                0x0000ab48                ASerialLdd1_SendBlock
 .text.ASerialLdd1_SelectBaudRate
                0x0000ac04       0x9c ./Generated_Code/ASerialLdd1.o
                0x0000ac04                ASerialLdd1_SelectBaudRate
 .text.InterruptRx
                0x0000aca0       0x58 ./Generated_Code/ASerialLdd1.o
 .text.InterruptTx
                0x0000acf8       0x9c ./Generated_Code/ASerialLdd1.o
 .text.ASerialLdd1_Interrupt
                0x0000ad94      0x130 ./Generated_Code/ASerialLdd1.o
                0x0000ad94                ASerialLdd1_Interrupt
 .text.ASerialLdd1_GetError
                0x0000aec4       0x70 ./Generated_Code/ASerialLdd1.o
                0x0000aec4                ASerialLdd1_GetError
 .text.BitIoLdd1_Init
                0x0000af34       0x64 ./Generated_Code/BitIoLdd1.o
                0x0000af34                BitIoLdd1_Init
 .text.BitIoLdd2_Init
                0x0000af98       0x64 ./Generated_Code/BitIoLdd2.o
                0x0000af98                BitIoLdd2_Init
 .text.BitIoLdd2_ClrVal
                0x0000affc       0x1c ./Generated_Code/BitIoLdd2.o
                0x0000affc                BitIoLdd2_ClrVal
 .text.BitIoLdd2_SetVal
                0x0000b018       0x1c ./Generated_Code/BitIoLdd2.o
                0x0000b018                BitIoLdd2_SetVal
 .text.BitIoLdd3_Init
                0x0000b034       0x64 ./Generated_Code/BitIoLdd3.o
                0x0000b034                BitIoLdd3_Init
 .text.BitIoLdd3_ClrVal
                0x0000b098       0x1c ./Generated_Code/BitIoLdd3.o
                0x0000b098                BitIoLdd3_ClrVal
 .text.BitIoLdd3_SetVal
                0x0000b0b4       0x1c ./Generated_Code/BitIoLdd3.o
                0x0000b0b4                BitIoLdd3_SetVal
 .text.BitIoLdd4_Init
                0x0000b0d0       0x64 ./Generated_Code/BitIoLdd4.o
                0x0000b0d0                BitIoLdd4_Init
 .text.BitIoLdd4_ClrVal
                0x0000b134       0x1c ./Generated_Code/BitIoLdd4.o
                0x0000b134                BitIoLdd4_ClrVal
 .text.BitIoLdd4_SetVal
                0x0000b150       0x1c ./Generated_Code/BitIoLdd4.o
                0x0000b150                BitIoLdd4_SetVal
 .text.BitIoLdd5_Init
                0x0000b16c       0x64 ./Generated_Code/BitIoLdd5.o
                0x0000b16c                BitIoLdd5_Init
 .text.BitIoLdd5_ClrVal
                0x0000b1d0       0x1c ./Generated_Code/BitIoLdd5.o
                0x0000b1d0                BitIoLdd5_ClrVal
 .text.BitIoLdd6_Init
                0x0000b1ec       0x64 ./Generated_Code/BitIoLdd6.o
                0x0000b1ec                BitIoLdd6_Init
 .text.BitIoLdd6_ClrVal
                0x0000b250       0x20 ./Generated_Code/BitIoLdd6.o
                0x0000b250                BitIoLdd6_ClrVal
 .text.BitIoLdd6_SetVal
                0x0000b270       0x20 ./Generated_Code/BitIoLdd6.o
                0x0000b270                BitIoLdd6_SetVal
 .text.BitIoLdd7_Init
                0x0000b290       0x64 ./Generated_Code/BitIoLdd7.o
                0x0000b290                BitIoLdd7_Init
 .text.BitIoLdd7_ClrVal
                0x0000b2f4       0x1c ./Generated_Code/BitIoLdd7.o
                0x0000b2f4                BitIoLdd7_ClrVal
 .text.BitIoLdd7_SetVal
                0x0000b310       0x1c ./Generated_Code/BitIoLdd7.o
                0x0000b310                BitIoLdd7_SetVal
 .text.BitIoLdd8_Init
                0x0000b32c       0x64 ./Generated_Code/BitIoLdd8.o
                0x0000b32c                BitIoLdd8_Init
 .text.BitIoLdd8_ClrVal
                0x0000b390       0x1c ./Generated_Code/BitIoLdd8.o
                0x0000b390                BitIoLdd8_ClrVal
 .text.BitIoLdd8_SetVal
                0x0000b3ac       0x1c ./Generated_Code/BitIoLdd8.o
                0x0000b3ac                BitIoLdd8_SetVal
 .text.Cpu_ivINT_PORTC
                0x0000b3c8       0x30 ./Generated_Code/Cpu.o
                0x0000b3c8                Cpu_ivINT_PORTC
 .text.Cpu_ivINT_NMI
                0x0000b3f8       0x18 ./Generated_Code/Cpu.o
                0x0000b3f8                Cpu_ivINT_NMI
 .text.Cpu_ivINT_Hard_Fault
                0x0000b410       0x18 ./Generated_Code/Cpu.o
                0x0000b410                Cpu_ivINT_Hard_Fault
 .text.Cpu_ivINT_Mem_Manage_Fault
                0x0000b428       0x18 ./Generated_Code/Cpu.o
                0x0000b428                Cpu_ivINT_Mem_Manage_Fault
 .text.Cpu_ivINT_Bus_Fault
                0x0000b440       0x18 ./Generated_Code/Cpu.o
                0x0000b440                Cpu_ivINT_Bus_Fault
 .text.Cpu_ivINT_Usage_Fault
                0x0000b458       0x18 ./Generated_Code/Cpu.o
                0x0000b458                Cpu_ivINT_Usage_Fault
 .text.Cpu_ivINT_Reserved7
                0x0000b470       0x18 ./Generated_Code/Cpu.o
                0x0000b470                Cpu_ivINT_Reserved7
 .text.Cpu_ivINT_Reserved8
                0x0000b488       0x18 ./Generated_Code/Cpu.o
                0x0000b488                Cpu_ivINT_Reserved8
 .text.Cpu_ivINT_Reserved9
                0x0000b4a0       0x18 ./Generated_Code/Cpu.o
                0x0000b4a0                Cpu_ivINT_Reserved9
 .text.Cpu_ivINT_Reserved10
                0x0000b4b8       0x18 ./Generated_Code/Cpu.o
                0x0000b4b8                Cpu_ivINT_Reserved10
 .text.Cpu_ivINT_SVCall
                0x0000b4d0       0x18 ./Generated_Code/Cpu.o
                0x0000b4d0                Cpu_ivINT_SVCall
 .text.Cpu_ivINT_DebugMonitor
                0x0000b4e8       0x18 ./Generated_Code/Cpu.o
                0x0000b4e8                Cpu_ivINT_DebugMonitor
 .text.Cpu_ivINT_Reserved13
                0x0000b500       0x18 ./Generated_Code/Cpu.o
                0x0000b500                Cpu_ivINT_Reserved13
 .text.Cpu_ivINT_PendableSrvReq
                0x0000b518       0x18 ./Generated_Code/Cpu.o
                0x0000b518                Cpu_ivINT_PendableSrvReq
 .text.Cpu_ivINT_SysTick
                0x0000b530       0x18 ./Generated_Code/Cpu.o
                0x0000b530                Cpu_ivINT_SysTick
 .text.Cpu_ivINT_DMA0
                0x0000b548       0x18 ./Generated_Code/Cpu.o
                0x0000b548                Cpu_ivINT_DMA0
 .text.Cpu_ivINT_DMA1
                0x0000b560       0x18 ./Generated_Code/Cpu.o
                0x0000b560                Cpu_ivINT_DMA1
 .text.Cpu_ivINT_DMA2
                0x0000b578       0x18 ./Generated_Code/Cpu.o
                0x0000b578                Cpu_ivINT_DMA2
 .text.Cpu_ivINT_DMA3
                0x0000b590       0x18 ./Generated_Code/Cpu.o
                0x0000b590                Cpu_ivINT_DMA3
 .text.Cpu_ivINT_DMA4
                0x0000b5a8       0x18 ./Generated_Code/Cpu.o
                0x0000b5a8                Cpu_ivINT_DMA4
 .text.Cpu_ivINT_DMA5
                0x0000b5c0       0x18 ./Generated_Code/Cpu.o
                0x0000b5c0                Cpu_ivINT_DMA5
 .text.Cpu_ivINT_DMA6
                0x0000b5d8       0x18 ./Generated_Code/Cpu.o
                0x0000b5d8                Cpu_ivINT_DMA6
 .text.Cpu_ivINT_DMA7
                0x0000b5f0       0x18 ./Generated_Code/Cpu.o
                0x0000b5f0                Cpu_ivINT_DMA7
 .text.Cpu_ivINT_DMA8
                0x0000b608       0x18 ./Generated_Code/Cpu.o
                0x0000b608                Cpu_ivINT_DMA8
 .text.Cpu_ivINT_DMA9
                0x0000b620       0x18 ./Generated_Code/Cpu.o
                0x0000b620                Cpu_ivINT_DMA9
 .text.Cpu_ivINT_DMA10
                0x0000b638       0x18 ./Generated_Code/Cpu.o
                0x0000b638                Cpu_ivINT_DMA10
 .text.Cpu_ivINT_DMA11
                0x0000b650       0x18 ./Generated_Code/Cpu.o
                0x0000b650                Cpu_ivINT_DMA11
 .text.Cpu_ivINT_DMA12
                0x0000b668       0x18 ./Generated_Code/Cpu.o
                0x0000b668                Cpu_ivINT_DMA12
 .text.Cpu_ivINT_DMA13
                0x0000b680       0x18 ./Generated_Code/Cpu.o
                0x0000b680                Cpu_ivINT_DMA13
 .text.Cpu_ivINT_DMA14
                0x0000b698       0x18 ./Generated_Code/Cpu.o
                0x0000b698                Cpu_ivINT_DMA14
 .text.Cpu_ivINT_DMA15
                0x0000b6b0       0x18 ./Generated_Code/Cpu.o
                0x0000b6b0                Cpu_ivINT_DMA15
 .text.Cpu_ivINT_DMA_Error
                0x0000b6c8       0x18 ./Generated_Code/Cpu.o
                0x0000b6c8                Cpu_ivINT_DMA_Error
 .text.Cpu_ivINT_MCM
                0x0000b6e0       0x18 ./Generated_Code/Cpu.o
                0x0000b6e0                Cpu_ivINT_MCM
 .text.Cpu_ivINT_FTFL
                0x0000b6f8       0x18 ./Generated_Code/Cpu.o
                0x0000b6f8                Cpu_ivINT_FTFL
 .text.Cpu_ivINT_Read_Collision
                0x0000b710       0x18 ./Generated_Code/Cpu.o
                0x0000b710                Cpu_ivINT_Read_Collision
 .text.Cpu_ivINT_LVD_LVW
                0x0000b728       0x18 ./Generated_Code/Cpu.o
                0x0000b728                Cpu_ivINT_LVD_LVW
 .text.Cpu_ivINT_LLW
                0x0000b740       0x18 ./Generated_Code/Cpu.o
                0x0000b740                Cpu_ivINT_LLW
 .text.Cpu_ivINT_Watchdog
                0x0000b758       0x18 ./Generated_Code/Cpu.o
                0x0000b758                Cpu_ivINT_Watchdog
 .text.Cpu_ivINT_Reserved39
                0x0000b770       0x18 ./Generated_Code/Cpu.o
                0x0000b770                Cpu_ivINT_Reserved39
 .text.Cpu_ivINT_I2C1
                0x0000b788       0x18 ./Generated_Code/Cpu.o
                0x0000b788                Cpu_ivINT_I2C1
 .text.Cpu_ivINT_SPI0
                0x0000b7a0       0x18 ./Generated_Code/Cpu.o
                0x0000b7a0                Cpu_ivINT_SPI0
 .text.Cpu_ivINT_SPI1
                0x0000b7b8       0x18 ./Generated_Code/Cpu.o
                0x0000b7b8                Cpu_ivINT_SPI1
 .text.Cpu_ivINT_Reserved44
                0x0000b7d0       0x18 ./Generated_Code/Cpu.o
                0x0000b7d0                Cpu_ivINT_Reserved44
 .text.Cpu_ivINT_CAN0_ORed_Message_buffer
                0x0000b7e8       0x18 ./Generated_Code/Cpu.o
                0x0000b7e8                Cpu_ivINT_CAN0_ORed_Message_buffer
 .text.Cpu_ivINT_CAN0_Bus_Off
                0x0000b800       0x18 ./Generated_Code/Cpu.o
                0x0000b800                Cpu_ivINT_CAN0_Bus_Off
 .text.Cpu_ivINT_CAN0_Error
                0x0000b818       0x18 ./Generated_Code/Cpu.o
                0x0000b818                Cpu_ivINT_CAN0_Error
 .text.Cpu_ivINT_CAN0_Tx_Warning
                0x0000b830       0x18 ./Generated_Code/Cpu.o
                0x0000b830                Cpu_ivINT_CAN0_Tx_Warning
 .text.Cpu_ivINT_CAN0_Rx_Warning
                0x0000b848       0x18 ./Generated_Code/Cpu.o
                0x0000b848                Cpu_ivINT_CAN0_Rx_Warning
 .text.Cpu_ivINT_CAN0_Wake_Up
                0x0000b860       0x18 ./Generated_Code/Cpu.o
                0x0000b860                Cpu_ivINT_CAN0_Wake_Up
 .text.Cpu_ivINT_I2S0_Tx
                0x0000b878       0x18 ./Generated_Code/Cpu.o
                0x0000b878                Cpu_ivINT_I2S0_Tx
 .text.Cpu_ivINT_I2S0_Rx
                0x0000b890       0x18 ./Generated_Code/Cpu.o
                0x0000b890                Cpu_ivINT_I2S0_Rx
 .text.Cpu_ivINT_Reserved53
                0x0000b8a8       0x18 ./Generated_Code/Cpu.o
                0x0000b8a8                Cpu_ivINT_Reserved53
 .text.Cpu_ivINT_Reserved54
                0x0000b8c0       0x18 ./Generated_Code/Cpu.o
                0x0000b8c0                Cpu_ivINT_Reserved54
 .text.Cpu_ivINT_Reserved55
                0x0000b8d8       0x18 ./Generated_Code/Cpu.o
                0x0000b8d8                Cpu_ivINT_Reserved55
 .text.Cpu_ivINT_Reserved56
                0x0000b8f0       0x18 ./Generated_Code/Cpu.o
                0x0000b8f0                Cpu_ivINT_Reserved56
 .text.Cpu_ivINT_Reserved57
                0x0000b908       0x18 ./Generated_Code/Cpu.o
                0x0000b908                Cpu_ivINT_Reserved57
 .text.Cpu_ivINT_Reserved58
                0x0000b920       0x18 ./Generated_Code/Cpu.o
                0x0000b920                Cpu_ivINT_Reserved58
 .text.Cpu_ivINT_Reserved59
                0x0000b938       0x18 ./Generated_Code/Cpu.o
                0x0000b938                Cpu_ivINT_Reserved59
 .text.Cpu_ivINT_UART0_LON
                0x0000b950       0x18 ./Generated_Code/Cpu.o
                0x0000b950                Cpu_ivINT_UART0_LON
 .text.Cpu_ivINT_UART1_RX_TX
                0x0000b968       0x18 ./Generated_Code/Cpu.o
                0x0000b968                Cpu_ivINT_UART1_RX_TX
 .text.Cpu_ivINT_UART1_ERR
                0x0000b980       0x18 ./Generated_Code/Cpu.o
                0x0000b980                Cpu_ivINT_UART1_ERR
 .text.Cpu_ivINT_UART2_RX_TX
                0x0000b998       0x18 ./Generated_Code/Cpu.o
                0x0000b998                Cpu_ivINT_UART2_RX_TX
 .text.Cpu_ivINT_UART2_ERR
                0x0000b9b0       0x18 ./Generated_Code/Cpu.o
                0x0000b9b0                Cpu_ivINT_UART2_ERR
 .text.Cpu_ivINT_UART3_RX_TX
                0x0000b9c8       0x18 ./Generated_Code/Cpu.o
                0x0000b9c8                Cpu_ivINT_UART3_RX_TX
 .text.Cpu_ivINT_UART3_ERR
                0x0000b9e0       0x18 ./Generated_Code/Cpu.o
                0x0000b9e0                Cpu_ivINT_UART3_ERR
 .text.Cpu_ivINT_Reserved69
                0x0000b9f8       0x18 ./Generated_Code/Cpu.o
                0x0000b9f8                Cpu_ivINT_Reserved69
 .text.Cpu_ivINT_Reserved70
                0x0000ba10       0x18 ./Generated_Code/Cpu.o
                0x0000ba10                Cpu_ivINT_Reserved70
 .text.Cpu_ivINT_Reserved71
                0x0000ba28       0x18 ./Generated_Code/Cpu.o
                0x0000ba28                Cpu_ivINT_Reserved71
 .text.Cpu_ivINT_Reserved72
                0x0000ba40       0x18 ./Generated_Code/Cpu.o
                0x0000ba40                Cpu_ivINT_Reserved72
 .text.Cpu_ivINT_ADC0
                0x0000ba58       0x18 ./Generated_Code/Cpu.o
                0x0000ba58                Cpu_ivINT_ADC0
 .text.Cpu_ivINT_ADC1
                0x0000ba70       0x18 ./Generated_Code/Cpu.o
                0x0000ba70                Cpu_ivINT_ADC1
 .text.Cpu_ivINT_CMP0
                0x0000ba88       0x18 ./Generated_Code/Cpu.o
                0x0000ba88                Cpu_ivINT_CMP0
 .text.Cpu_ivINT_CMP1
                0x0000baa0       0x18 ./Generated_Code/Cpu.o
                0x0000baa0                Cpu_ivINT_CMP1
 .text.Cpu_ivINT_CMP2
                0x0000bab8       0x18 ./Generated_Code/Cpu.o
                0x0000bab8                Cpu_ivINT_CMP2
 .text.Cpu_ivINT_CMT
                0x0000bad0       0x18 ./Generated_Code/Cpu.o
                0x0000bad0                Cpu_ivINT_CMT
 .text.Cpu_ivINT_RTC
                0x0000bae8       0x18 ./Generated_Code/Cpu.o
                0x0000bae8                Cpu_ivINT_RTC
 .text.Cpu_ivINT_RTC_Seconds
                0x0000bb00       0x18 ./Generated_Code/Cpu.o
                0x0000bb00                Cpu_ivINT_RTC_Seconds
 .text.Cpu_ivINT_PIT0
                0x0000bb18       0x18 ./Generated_Code/Cpu.o
                0x0000bb18                Cpu_ivINT_PIT0
 .text.Cpu_ivINT_PIT1
                0x0000bb30       0x18 ./Generated_Code/Cpu.o
                0x0000bb30                Cpu_ivINT_PIT1
 .text.Cpu_ivINT_PIT2
                0x0000bb48       0x18 ./Generated_Code/Cpu.o
                0x0000bb48                Cpu_ivINT_PIT2
 .text.Cpu_ivINT_PIT3
                0x0000bb60       0x18 ./Generated_Code/Cpu.o
                0x0000bb60                Cpu_ivINT_PIT3
 .text.Cpu_ivINT_PDB0
                0x0000bb78       0x18 ./Generated_Code/Cpu.o
                0x0000bb78                Cpu_ivINT_PDB0
 .text.Cpu_ivINT_USB0
                0x0000bb90       0x18 ./Generated_Code/Cpu.o
                0x0000bb90                Cpu_ivINT_USB0
 .text.Cpu_ivINT_USBDCD
                0x0000bba8       0x18 ./Generated_Code/Cpu.o
                0x0000bba8                Cpu_ivINT_USBDCD
 .text.Cpu_ivINT_Reserved91
                0x0000bbc0       0x18 ./Generated_Code/Cpu.o
                0x0000bbc0                Cpu_ivINT_Reserved91
 .text.Cpu_ivINT_Reserved92
                0x0000bbd8       0x18 ./Generated_Code/Cpu.o
                0x0000bbd8                Cpu_ivINT_Reserved92
 .text.Cpu_ivINT_Reserved93
                0x0000bbf0       0x18 ./Generated_Code/Cpu.o
                0x0000bbf0                Cpu_ivINT_Reserved93
 .text.Cpu_ivINT_Reserved94
                0x0000bc08       0x18 ./Generated_Code/Cpu.o
                0x0000bc08                Cpu_ivINT_Reserved94
 .text.Cpu_ivINT_Reserved95
                0x0000bc20       0x18 ./Generated_Code/Cpu.o
                0x0000bc20                Cpu_ivINT_Reserved95
 .text.Cpu_ivINT_Reserved96
                0x0000bc38       0x18 ./Generated_Code/Cpu.o
                0x0000bc38                Cpu_ivINT_Reserved96
 .text.Cpu_ivINT_DAC0
                0x0000bc50       0x18 ./Generated_Code/Cpu.o
                0x0000bc50                Cpu_ivINT_DAC0
 .text.Cpu_ivINT_Reserved98
                0x0000bc68       0x18 ./Generated_Code/Cpu.o
                0x0000bc68                Cpu_ivINT_Reserved98
 .text.Cpu_ivINT_TSI0
                0x0000bc80       0x18 ./Generated_Code/Cpu.o
                0x0000bc80                Cpu_ivINT_TSI0
 .text.Cpu_ivINT_MCG
                0x0000bc98       0x18 ./Generated_Code/Cpu.o
                0x0000bc98                Cpu_ivINT_MCG
 .text.Cpu_ivINT_LPTimer
                0x0000bcb0       0x18 ./Generated_Code/Cpu.o
                0x0000bcb0                Cpu_ivINT_LPTimer
 .text.Cpu_ivINT_Reserved102
                0x0000bcc8       0x18 ./Generated_Code/Cpu.o
                0x0000bcc8                Cpu_ivINT_Reserved102
 .text.Cpu_ivINT_PORTA
                0x0000bce0       0x18 ./Generated_Code/Cpu.o
                0x0000bce0                Cpu_ivINT_PORTA
 .text.Cpu_ivINT_PORTB
                0x0000bcf8       0x18 ./Generated_Code/Cpu.o
                0x0000bcf8                Cpu_ivINT_PORTB
 .text.Cpu_ivINT_PORTD
                0x0000bd10       0x18 ./Generated_Code/Cpu.o
                0x0000bd10                Cpu_ivINT_PORTD
 .text.Cpu_ivINT_PORTE
                0x0000bd28       0x18 ./Generated_Code/Cpu.o
                0x0000bd28                Cpu_ivINT_PORTE
 .text.Cpu_ivINT_Reserved108
                0x0000bd40       0x18 ./Generated_Code/Cpu.o
                0x0000bd40                Cpu_ivINT_Reserved108
 .text.Cpu_ivINT_Reserved109
                0x0000bd58       0x18 ./Generated_Code/Cpu.o
                0x0000bd58                Cpu_ivINT_Reserved109
 .text.Cpu_ivINT_SWI
                0x0000bd70       0x18 ./Generated_Code/Cpu.o
                0x0000bd70                Cpu_ivINT_SWI
 .text.__init_hardware
                0x0000bd88      0x140 ./Generated_Code/Cpu.o
                0x0000bd88                __init_hardware
 .text.Cpu_SetBASEPRI
                0x0000bec8       0x18 ./Generated_Code/Cpu.o
                0x0000bec8                Cpu_SetBASEPRI
 .text.PE_low_level_init
                0x0000bee0       0xec ./Generated_Code/Cpu.o
                0x0000bee0                PE_low_level_init
 .text.ENCODER_Init
                0x0000bfcc       0xac ./Generated_Code/ENCODER.o
                0x0000bfcc                ENCODER_Init
 .text.ENCODER_GetFieldValue
                0x0000c078       0x40 ./Generated_Code/ENCODER.o
                0x0000c078                ENCODER_GetFieldValue
 .text.ENCODER_Interrupt
                0x0000c0b8       0x4c ./Generated_Code/ENCODER.o
                0x0000c0b8                ENCODER_Interrupt
 .text.ExtIntLdd1_OnInterrupt
                0x0000c104       0x14 ./Generated_Code/ENCODER_PUSH.o
                0x0000c104                ExtIntLdd1_OnInterrupt
 .text.ExtIntLdd1_Init
                0x0000c118       0x80 ./Generated_Code/ExtIntLdd1.o
                0x0000c118                ExtIntLdd1_Init
 .text.ExtIntLdd1_Interrupt
                0x0000c198       0x3c ./Generated_Code/ExtIntLdd1.o
                0x0000c198                ExtIntLdd1_Interrupt
 .text.ExtIntLdd1_GetVal
                0x0000c1d4       0x2c ./Generated_Code/ExtIntLdd1.o
                0x0000c1d4                ExtIntLdd1_GetVal
 .text.ExtIntLdd2_Init
                0x0000c200       0x80 ./Generated_Code/ExtIntLdd2.o
                0x0000c200                ExtIntLdd2_Init
 .text.ExtIntLdd2_Interrupt
                0x0000c280       0x3c ./Generated_Code/ExtIntLdd2.o
                0x0000c280                ExtIntLdd2_Interrupt
 .text.ExtIntLdd2_GetVal
                0x0000c2bc       0x2c ./Generated_Code/ExtIntLdd2.o
                0x0000c2bc                ExtIntLdd2_GetVal
 .text.ExtIntLdd3_Init
                0x0000c2e8       0x80 ./Generated_Code/ExtIntLdd3.o
                0x0000c2e8                ExtIntLdd3_Init
 .text.ExtIntLdd3_Interrupt
                0x0000c368       0x3c ./Generated_Code/ExtIntLdd3.o
                0x0000c368                ExtIntLdd3_Interrupt
 .text.ExtIntLdd3_GetVal
                0x0000c3a4       0x2c ./Generated_Code/ExtIntLdd3.o
                0x0000c3a4                ExtIntLdd3_GetVal
 .text.ExtIntLdd4_Init
                0x0000c3d0       0x7c ./Generated_Code/ExtIntLdd4.o
                0x0000c3d0                ExtIntLdd4_Init
 .text.ExtIntLdd4_Interrupt
                0x0000c44c       0x3c ./Generated_Code/ExtIntLdd4.o
                0x0000c44c                ExtIntLdd4_Interrupt
 .text.ExtIntLdd5_Init
                0x0000c488       0x7c ./Generated_Code/ExtIntLdd5.o
                0x0000c488                ExtIntLdd5_Init
 .text.ExtIntLdd5_Interrupt
                0x0000c504       0x3c ./Generated_Code/ExtIntLdd5.o
                0x0000c504                ExtIntLdd5_Interrupt
 .text.I2C0_SendChar
                0x0000c540       0x2c ./Generated_Code/I2C0.o
                0x0000c540                I2C0_SendChar
 .text.I2C0_SendBlock
                0x0000c56c       0xc0 ./Generated_Code/I2C0.o
                0x0000c56c                I2C0_SendBlock
 .text.I2C0_SelectSlave
                0x0000c62c       0x34 ./Generated_Code/I2C0.o
                0x0000c62c                I2C0_SelectSlave
 .text.I2C0_Init
                0x0000c660       0x20 ./Generated_Code/I2C0.o
                0x0000c660                I2C0_Init
 .text.IntI2cLdd1_OnMasterBlockSent
                0x0000c680       0x14 ./Generated_Code/I2C0.o
                0x0000c680                IntI2cLdd1_OnMasterBlockSent
 .text.IntI2cLdd1_OnMasterBlockReceived
                0x0000c694       0x14 ./Generated_Code/I2C0.o
                0x0000c694                IntI2cLdd1_OnMasterBlockReceived
 .text.IntI2cLdd1_OnError
                0x0000c6a8       0x30 ./Generated_Code/I2C0.o
                0x0000c6a8                IntI2cLdd1_OnError
 .text.IFsh1_GetFlash
                0x0000c6d8       0x84 ./Generated_Code/IFsh1.o
                0x0000c6d8                IFsh1_GetFlash
 .text.IFsh1_SetFlash
                0x0000c75c      0x1a8 ./Generated_Code/IFsh1.o
                0x0000c75c                IFsh1_SetFlash
 .text.IFsh1_Init
                0x0000c904       0x2c ./Generated_Code/IFsh1.o
                0x0000c904                IFsh1_Init
 .text.IFsh1_SetByteFlash
                0x0000c930       0x24 ./Generated_Code/IFsh1.o
                0x0000c930                IFsh1_SetByteFlash
 .text.IFsh1_GetByteFlash
                0x0000c954       0x20 ./Generated_Code/IFsh1.o
                0x0000c954                IFsh1_GetByteFlash
 .text.IFsh1_SetLongFlash
                0x0000c974       0x20 ./Generated_Code/IFsh1.o
                0x0000c974                IFsh1_SetLongFlash
 .text.IFsh1_GetLongFlash
                0x0000c994       0x20 ./Generated_Code/IFsh1.o
                0x0000c994                IFsh1_GetLongFlash
 .text.IntFlashLdd1_OnOperationComplete
                0x0000c9b4      0x190 ./Generated_Code/IFsh1.o
                0x0000c9b4                IntFlashLdd1_OnOperationComplete
 .text.IntFlashLdd1_OnError
                0x0000cb44       0x54 ./Generated_Code/IFsh1.o
                0x0000cb44                IntFlashLdd1_OnError
 .text.IntFlashLdd1_Init
                0x0000cb98       0x64 ./Generated_Code/IntFlashLdd1.o
                0x0000cb98                IntFlashLdd1_Init
 .text.IntFlashLdd1_Write
                0x0000cbfc       0x74 ./Generated_Code/IntFlashLdd1.o
                0x0000cbfc                IntFlashLdd1_Write
 .text.IntFlashLdd1_Read
                0x0000cc70       0x70 ./Generated_Code/IntFlashLdd1.o
                0x0000cc70                IntFlashLdd1_Read
 .text.IntFlashLdd1_Erase
                0x0000cce0       0x94 ./Generated_Code/IntFlashLdd1.o
                0x0000cce0                IntFlashLdd1_Erase
 .text.IntFlashLdd1_Main
                0x0000cd74      0x2f4 ./Generated_Code/IntFlashLdd1.o
                0x0000cd74                IntFlashLdd1_Main
 .text.IntFlashLdd1_GetError
                0x0000d068       0x90 ./Generated_Code/IntFlashLdd1.o
                0x0000d068                IntFlashLdd1_GetError
 .text.RangeCheck
                0x0000d0f8       0x38 ./Generated_Code/IntFlashLdd1.o
 .text.SafeRoutineCaller
                0x0000d130       0x94 ./Generated_Code/IntFlashLdd1.o
 .text.IntI2cLdd1_Interrupt
                0x0000d1c4      0x2d4 ./Generated_Code/IntI2cLdd1.o
                0x0000d1c4                IntI2cLdd1_Interrupt
 .text.IntI2cLdd1_Init
                0x0000d498      0x13c ./Generated_Code/IntI2cLdd1.o
                0x0000d498                IntI2cLdd1_Init
 .text.IntI2cLdd1_MasterSendBlock
                0x0000d5d4      0x190 ./Generated_Code/IntI2cLdd1.o
                0x0000d5d4                IntI2cLdd1_MasterSendBlock
 .text.IntI2cLdd1_SelectSlaveDevice
                0x0000d764       0xf0 ./Generated_Code/IntI2cLdd1.o
                0x0000d764                IntI2cLdd1_SelectSlaveDevice
 .text.IntI2cLdd1_GetError
                0x0000d854       0x70 ./Generated_Code/IntI2cLdd1.o
                0x0000d854                IntI2cLdd1_GetError
 .text.ExtIntLdd3_OnInterrupt
                0x0000d8c4       0x14 ./Generated_Code/LEVER_DIR1.o
                0x0000d8c4                ExtIntLdd3_OnInterrupt
 .text.ExtIntLdd2_OnInterrupt
                0x0000d8d8       0x14 ./Generated_Code/LEVER_DIR2.o
                0x0000d8d8                ExtIntLdd2_OnInterrupt
 .text.ExtIntLdd5_OnInterrupt
                0x0000d8ec       0x14 ./Generated_Code/PUSH_BUTTON_REC.o
                0x0000d8ec                ExtIntLdd5_OnInterrupt
 .text.ExtIntLdd4_OnInterrupt
                0x0000d900       0x14 ./Generated_Code/PUSH_BUTTON_SEND.o
                0x0000d900                ExtIntLdd4_OnInterrupt
 .text.TU1_Init
                0x0000d914       0xb0 ./Generated_Code/TU1.o
                0x0000d914                TU1_Init
 .text.TU1_Enable
                0x0000d9c4       0x30 ./Generated_Code/TU1.o
                0x0000d9c4                TU1_Enable
 .text.TU1_Disable
                0x0000d9f4       0x28 ./Generated_Code/TU1.o
                0x0000d9f4                TU1_Disable
 .text.TU1_Interrupt
                0x0000da1c       0x6c ./Generated_Code/TU1.o
                0x0000da1c                TU1_Interrupt
 .text.T_100ms_Init
                0x0000da88       0xb0 ./Generated_Code/T_100ms.o
                0x0000da88                T_100ms_Init
 .text.T_100ms_Enable
                0x0000db38       0x30 ./Generated_Code/T_100ms.o
                0x0000db38                T_100ms_Enable
 .text.T_100ms_Disable
                0x0000db68       0x28 ./Generated_Code/T_100ms.o
                0x0000db68                T_100ms_Disable
 .text.T_100ms_Interrupt
                0x0000db90       0x6c ./Generated_Code/T_100ms.o
                0x0000db90                T_100ms_Interrupt
 .text.T_500ms_Init
                0x0000dbfc       0xcc ./Generated_Code/T_500ms.o
                0x0000dbfc                T_500ms_Init
 .text.T_500ms_Interrupt
                0x0000dcc8       0x6c ./Generated_Code/T_500ms.o
                0x0000dcc8                T_500ms_Interrupt
 .text.WAIT1_Wait10Cycles
                0x0000dd34        0x8 ./Generated_Code/WAIT1.o
                0x0000dd34                WAIT1_Wait10Cycles
 .text.WAIT1_Wait100Cycles
                0x0000dd3c       0x1c ./Generated_Code/WAIT1.o
                0x0000dd3c                WAIT1_Wait100Cycles
 .text.WAIT1_WaitCycles
                0x0000dd58       0x34 ./Generated_Code/WAIT1.o
                0x0000dd58                WAIT1_WaitCycles
 .text.WAIT1_WaitLongCycles
                0x0000dd8c       0x38 ./Generated_Code/WAIT1.o
                0x0000dd8c                WAIT1_WaitLongCycles
 .text.WAIT1_Waitms
                0x0000ddc4       0x2c ./Generated_Code/WAIT1.o
                0x0000ddc4                WAIT1_Waitms
 .text.round    0x0000ddf0       0x9c c:/freescale/kds_v3/toolchain/bin/../lib/gcc/arm-none-eabi/4.8.4/../../../../arm-none-eabi/lib/armv7e-m\libm.a(lib_a-s_round.o)
                0x0000ddf0                round
 .text.pow      0x0000de8c      0x2f8 c:/freescale/kds_v3/toolchain/bin/../lib/gcc/arm-none-eabi/4.8.4/../../../../arm-none-eabi/lib/armv7e-m\libm.a(lib_a-w_pow.o)
                0x0000de8c                pow
 *fill*         0x0000e184        0x4 
 .text.__ieee754_pow
                0x0000e188      0xa78 c:/freescale/kds_v3/toolchain/bin/../lib/gcc/arm-none-eabi/4.8.4/../../../../arm-none-eabi/lib/armv7e-m\libm.a(lib_a-e_pow.o)
                0x0000e188                __ieee754_pow
 .text.__ieee754_sqrt
                0x0000ec00      0x180 c:/freescale/kds_v3/toolchain/bin/../lib/gcc/arm-none-eabi/4.8.4/../../../../arm-none-eabi/lib/armv7e-m\libm.a(lib_a-e_sqrt.o)
                0x0000ec00                __ieee754_sqrt
 .text.fabs     0x0000ed80        0x8 c:/freescale/kds_v3/toolchain/bin/../lib/gcc/arm-none-eabi/4.8.4/../../../../arm-none-eabi/lib/armv7e-m\libm.a(lib_a-s_fabs.o)
                0x0000ed80                fabs
 .text.finite   0x0000ed88        0xc c:/freescale/kds_v3/toolchain/bin/../lib/gcc/arm-none-eabi/4.8.4/../../../../arm-none-eabi/lib/armv7e-m\libm.a(lib_a-s_finite.o)
                0x0000ed88                finite
 .text.__fpclassifyd
                0x0000ed94       0x50 c:/freescale/kds_v3/toolchain/bin/../lib/gcc/arm-none-eabi/4.8.4/../../../../arm-none-eabi/lib/armv7e-m\libm.a(lib_a-s_fpclassify.o)
                0x0000ed94                __fpclassifyd
 .text.matherr  0x0000ede4        0x4 c:/freescale/kds_v3/toolchain/bin/../lib/gcc/arm-none-eabi/4.8.4/../../../../arm-none-eabi/lib/armv7e-m\libm.a(lib_a-s_matherr.o)
                0x0000ede4                matherr
 .text.nan      0x0000ede8        0xc c:/freescale/kds_v3/toolchain/bin/../lib/gcc/arm-none-eabi/4.8.4/../../../../arm-none-eabi/lib/armv7e-m\libm.a(lib_a-s_nan.o)
                0x0000ede8                nan
 .text.rint     0x0000edf4      0x118 c:/freescale/kds_v3/toolchain/bin/../lib/gcc/arm-none-eabi/4.8.4/../../../../arm-none-eabi/lib/armv7e-m\libm.a(lib_a-s_rint.o)
                0x0000edf4                rint
 *fill*         0x0000ef0c        0x4 
 .text.scalbn   0x0000ef10      0x118 c:/freescale/kds_v3/toolchain/bin/../lib/gcc/arm-none-eabi/4.8.4/../../../../arm-none-eabi/lib/armv7e-m\libm.a(lib_a-s_scalbn.o)
                0x0000ef10                scalbn
 .text.copysign
                0x0000f028       0x14 c:/freescale/kds_v3/toolchain/bin/../lib/gcc/arm-none-eabi/4.8.4/../../../../arm-none-eabi/lib/armv7e-m\libm.a(lib_a-s_copysign.o)
                0x0000f028                copysign
 .text.abort    0x0000f03c        0xe c:/freescale/kds_v3/toolchain/bin/../lib/gcc/arm-none-eabi/4.8.4/../../../../arm-none-eabi/lib/armv7e-m\libg_s.a(lib_a-abort.o)
                0x0000f03c                abort
 *fill*         0x0000f04a        0x2 
 .text.__errno  0x0000f04c        0xc c:/freescale/kds_v3/toolchain/bin/../lib/gcc/arm-none-eabi/4.8.4/../../../../arm-none-eabi/lib/armv7e-m\libg_s.a(lib_a-errno.o)
                0x0000f04c                __errno
 .text.exit     0x0000f058       0x28 c:/freescale/kds_v3/toolchain/bin/../lib/gcc/arm-none-eabi/4.8.4/../../../../arm-none-eabi/lib/armv7e-m\libg_s.a(lib_a-exit.o)
                0x0000f058                exit
 .text.__libc_init_array
                0x0000f080       0x4c c:/freescale/kds_v3/toolchain/bin/../lib/gcc/arm-none-eabi/4.8.4/../../../../arm-none-eabi/lib/armv7e-m\libg_s.a(lib_a-init.o)
                0x0000f080                __libc_init_array
 .text.memcpy   0x0000f0cc       0x12 c:/freescale/kds_v3/toolchain/bin/../lib/gcc/arm-none-eabi/4.8.4/../../../../arm-none-eabi/lib/armv7e-m\libg_s.a(lib_a-memcpy-stub.o)
                0x0000f0cc                memcpy
 .text.memset   0x0000f0de       0x10 c:/freescale/kds_v3/toolchain/bin/../lib/gcc/arm-none-eabi/4.8.4/../../../../arm-none-eabi/lib/armv7e-m\libg_s.a(lib_a-memset.o)
                0x0000f0de                memset
 .text._raise_r
                0x0000f0ee       0x50 c:/freescale/kds_v3/toolchain/bin/../lib/gcc/arm-none-eabi/4.8.4/../../../../arm-none-eabi/lib/armv7e-m\libg_s.a(lib_a-signal.o)
                0x0000f0ee                _raise_r
 *fill*         0x0000f13e        0x2 
 .text.raise    0x0000f140       0x10 c:/freescale/kds_v3/toolchain/bin/../lib/gcc/arm-none-eabi/4.8.4/../../../../arm-none-eabi/lib/armv7e-m\libg_s.a(lib_a-signal.o)
                0x0000f140                raise
 .text._kill_r  0x0000f150       0x24 c:/freescale/kds_v3/toolchain/bin/../lib/gcc/arm-none-eabi/4.8.4/../../../../arm-none-eabi/lib/armv7e-m\libg_s.a(lib_a-signalr.o)
                0x0000f150                _kill_r
 .text._getpid_r
                0x0000f174        0x4 c:/freescale/kds_v3/toolchain/bin/../lib/gcc/arm-none-eabi/4.8.4/../../../../arm-none-eabi/lib/armv7e-m\libg_s.a(lib_a-signalr.o)
                0x0000f174                _getpid_r
 .text.strlen   0x0000f178       0x10 c:/freescale/kds_v3/toolchain/bin/../lib/gcc/arm-none-eabi/4.8.4/../../../../arm-none-eabi/lib/armv7e-m\libg_s.a(lib_a-strlen.o)
                0x0000f178                strlen
 .text._vsprintf_r
                0x0000f188       0x30 c:/freescale/kds_v3/toolchain/bin/../lib/gcc/arm-none-eabi/4.8.4/../../../../arm-none-eabi/lib/armv7e-m\libg_s.a(lib_a-vsprintf.o)
                0x0000f188                _vsprintf_r
                0x0000f188                _vsiprintf_r
 .text.vsprintf
                0x0000f1b8       0x1c c:/freescale/kds_v3/toolchain/bin/../lib/gcc/arm-none-eabi/4.8.4/../../../../arm-none-eabi/lib/armv7e-m\libg_s.a(lib_a-vsprintf.o)
                0x0000f1b8                vsiprintf
                0x0000f1b8                vsprintf
 .text._malloc_r
                0x0000f1d4       0xa8 c:/freescale/kds_v3/toolchain/bin/../lib/gcc/arm-none-eabi/4.8.4/../../../../arm-none-eabi/lib/armv7e-m\libg_s.a(lib_a-nano-mallocr.o)
                0x0000f1d4                _malloc_r
 .text._sbrk_r  0x0000f27c       0x20 c:/freescale/kds_v3/toolchain/bin/../lib/gcc/arm-none-eabi/4.8.4/../../../../arm-none-eabi/lib/armv7e-m\libg_s.a(lib_a-sbrkr.o)
                0x0000f27c                _sbrk_r
 .text.__ssputs_r
                0x0000f29c       0xb8 c:/freescale/kds_v3/toolchain/bin/../lib/gcc/arm-none-eabi/4.8.4/../../../../arm-none-eabi/lib/armv7e-m\libg_s.a(lib_a-svfprintf.o)
                0x0000f29c                __ssputs_r
 .text._svfprintf_r
                0x0000f354      0x1dc c:/freescale/kds_v3/toolchain/bin/../lib/gcc/arm-none-eabi/4.8.4/../../../../arm-none-eabi/lib/armv7e-m\libg_s.a(lib_a-svfprintf.o)
                0x0000f354                _svfiprintf_r
                0x0000f354                _svfprintf_r
 .text._printf_common
                0x0000f530       0xe4 c:/freescale/kds_v3/toolchain/bin/../lib/gcc/arm-none-eabi/4.8.4/../../../../arm-none-eabi/lib/armv7e-m\libg_s.a(lib_a-vfprintf_i.o)
                0x0000f530                _printf_common
 .text._printf_i
                0x0000f614      0x228 c:/freescale/kds_v3/toolchain/bin/../lib/gcc/arm-none-eabi/4.8.4/../../../../arm-none-eabi/lib/armv7e-m\libg_s.a(lib_a-vfprintf_i.o)
                0x0000f614                _printf_i
 .text.memchr   0x0000f83c       0x1e c:/freescale/kds_v3/toolchain/bin/../lib/gcc/arm-none-eabi/4.8.4/../../../../arm-none-eabi/lib/armv7e-m\libg_s.a(lib_a-memchr-stub.o)
                0x0000f83c                memchr
 .text.memmove  0x0000f85a       0x36 c:/freescale/kds_v3/toolchain/bin/../lib/gcc/arm-none-eabi/4.8.4/../../../../arm-none-eabi/lib/armv7e-m\libg_s.a(lib_a-memmove.o)
                0x0000f85a                memmove
 .text._free_r  0x0000f890       0x88 c:/freescale/kds_v3/toolchain/bin/../lib/gcc/arm-none-eabi/4.8.4/../../../../arm-none-eabi/lib/armv7e-m\libg_s.a(lib_a-nano-freer.o)
                0x0000f890                _free_r
 .text._realloc_r
                0x0000f918       0x4c c:/freescale/kds_v3/toolchain/bin/../lib/gcc/arm-none-eabi/4.8.4/../../../../arm-none-eabi/lib/armv7e-m\libg_s.a(lib_a-nano-reallocr.o)
                0x0000f918                _realloc_r
 .text._malloc_usable_size_r
                0x0000f964       0x12 c:/freescale/kds_v3/toolchain/bin/../lib/gcc/arm-none-eabi/4.8.4/../../../../arm-none-eabi/lib/armv7e-m\libg_s.a(lib_a-nano-msizer.o)
                0x0000f964                _malloc_usable_size_r
 *fill*         0x0000f976        0x2 
 .text._getpid  0x0000f978       0x10 c:/freescale/kds_v3/toolchain/bin/../lib/gcc/arm-none-eabi/4.8.4/../../../../arm-none-eabi/lib/armv7e-m\libnosys.a(getpid.o)
                0x0000f978                _getpid
 .text._kill    0x0000f988       0x10 c:/freescale/kds_v3/toolchain/bin/../lib/gcc/arm-none-eabi/4.8.4/../../../../arm-none-eabi/lib/armv7e-m\libnosys.a(kill.o)
                0x0000f988                _kill
 .text._sbrk    0x0000f998       0x34 c:/freescale/kds_v3/toolchain/bin/../lib/gcc/arm-none-eabi/4.8.4/../../../../arm-none-eabi/lib/armv7e-m\libnosys.a(sbrk.o)
                0x0000f998                _sbrk
 .text._exit    0x0000f9cc        0x4 c:/freescale/kds_v3/toolchain/bin/../lib/gcc/arm-none-eabi/4.8.4/../../../../arm-none-eabi/lib/armv7e-m\libnosys.a(_exit.o)
                0x0000f9cc                _exit
 *(.rodata)
 .rodata        0x0000f9d0      0x66c ./Sources/display.o
 .rodata        0x0001003c       0x18 ./Sources/menu.o
 .rodata        0x00010054      0x230 ./Sources/protocol.o
 .rodata        0x00010284      0x230 ./Sources/send.o
 *(.rodata*)
 .rodata.ASerialLdd1_BaudAdjustValueSpeed0.6226
                0x000104b4        0x4 ./Generated_Code/ASerialLdd1.o
 .rodata.ASerialLdd1_BaudDivisorSpeed0.6227
                0x000104b8        0x4 ./Generated_Code/ASerialLdd1.o
 .rodata.SafeRoutine
                0x000104bc       0x30 ./Generated_Code/IntFlashLdd1.o
 .rodata.str1.4
                0x000104ec        0x4 c:/freescale/kds_v3/toolchain/bin/../lib/gcc/arm-none-eabi/4.8.4/../../../../arm-none-eabi/lib/armv7e-m\libm.a(lib_a-w_pow.o)
 .rodata.dp_h   0x000104f0       0x10 c:/freescale/kds_v3/toolchain/bin/../lib/gcc/arm-none-eabi/4.8.4/../../../../arm-none-eabi/lib/armv7e-m\libm.a(lib_a-e_pow.o)
 .rodata.dp_l   0x00010500       0x10 c:/freescale/kds_v3/toolchain/bin/../lib/gcc/arm-none-eabi/4.8.4/../../../../arm-none-eabi/lib/armv7e-m\libm.a(lib_a-e_pow.o)
 .rodata.bp     0x00010510       0x10 c:/freescale/kds_v3/toolchain/bin/../lib/gcc/arm-none-eabi/4.8.4/../../../../arm-none-eabi/lib/armv7e-m\libm.a(lib_a-e_pow.o)
 .rodata.str1.4
                0x00010520        0x4 c:/freescale/kds_v3/toolchain/bin/../lib/gcc/arm-none-eabi/4.8.4/../../../../arm-none-eabi/lib/armv7e-m\libm.a(lib_a-e_pow.o)
 *fill*         0x00010524        0x4 
 .rodata.TWO52  0x00010528       0x10 c:/freescale/kds_v3/toolchain/bin/../lib/gcc/arm-none-eabi/4.8.4/../../../../arm-none-eabi/lib/armv7e-m\libm.a(lib_a-s_rint.o)
 .rodata.str1.1
                0x00010538        0x2 c:/freescale/kds_v3/toolchain/bin/../lib/gcc/arm-none-eabi/4.8.4/../../../../arm-none-eabi/lib/armv7e-m\libg_s.a(lib_a-impure.o)
 *fill*         0x0001053a        0x2 
 .rodata._global_impure_ptr
                0x0001053c        0x4 c:/freescale/kds_v3/toolchain/bin/../lib/gcc/arm-none-eabi/4.8.4/../../../../arm-none-eabi/lib/armv7e-m\libg_s.a(lib_a-impure.o)
                0x0001053c                _global_impure_ptr
 .rodata.str1.1
                0x00010540       0x11 c:/freescale/kds_v3/toolchain/bin/../lib/gcc/arm-none-eabi/4.8.4/../../../../arm-none-eabi/lib/armv7e-m\libg_s.a(lib_a-svfprintf.o)
 .rodata.str1.1
                0x00010551       0x22 c:/freescale/kds_v3/toolchain/bin/../lib/gcc/arm-none-eabi/4.8.4/../../../../arm-none-eabi/lib/armv7e-m\libg_s.a(lib_a-vfprintf_i.o)
 *(.glue_7)
 .glue_7        0x00000000        0x0 linker stubs
 *(.glue_7t)
 .glue_7t       0x00000000        0x0 linker stubs
 *(.eh_frame)
 *fill*         0x00010573        0x1 
 .eh_frame      0x00010574        0x0 c:/freescale/kds_v3/toolchain/bin/../lib/gcc/arm-none-eabi/4.8.4/armv7e-m/crtbegin.o
 *(.init)
 .init          0x00010574        0x4 c:/freescale/kds_v3/toolchain/bin/../lib/gcc/arm-none-eabi/4.8.4/armv7e-m/crti.o
                0x00010574                _init
 .init          0x00010578        0x8 c:/freescale/kds_v3/toolchain/bin/../lib/gcc/arm-none-eabi/4.8.4/armv7e-m/crtn.o
 *(.fini)
 .fini          0x00010580        0x4 c:/freescale/kds_v3/toolchain/bin/../lib/gcc/arm-none-eabi/4.8.4/armv7e-m/crti.o
                0x00010580                _fini
 .fini          0x00010584        0x8 c:/freescale/kds_v3/toolchain/bin/../lib/gcc/arm-none-eabi/4.8.4/armv7e-m/crtn.o
                0x0001058c                . = ALIGN (0x4)
                0x0001058c                _etext = .

.vfp11_veneer   0x0001058c        0x0
 .vfp11_veneer  0x00000000        0x0 linker stubs

.v4_bx          0x0001058c        0x0
 .v4_bx         0x00000000        0x0 linker stubs

.iplt           0x0001058c        0x0
 .iplt          0x00000000        0x0 c:/freescale/kds_v3/toolchain/bin/../lib/gcc/arm-none-eabi/4.8.4/armv7e-m/crtbegin.o

.ARM.extab      0x0001058c      0x2ac
 *(.ARM.extab* .gnu.linkonce.armextab.*)
 .ARM.extab.text.LCD_command
                0x0001058c        0xc ./Sources/LCD.o
 .ARM.extab.text.LCD_Set_Cursor
                0x00010598        0xc ./Sources/LCD.o
 .ARM.extab.text.LCD_Cursor_On_At
                0x000105a4        0xc ./Sources/LCD.o
 .ARM.extab.text.LCD_Write
                0x000105b0        0xc ./Sources/LCD.o
 .ARM.extab.text.load_custom_char
                0x000105bc        0xc ./Sources/LCD.o
 .ARM.extab.text.LCD_Write_At
                0x000105c8        0xc ./Sources/LCD.o
 .ARM.extab.text.LCD_Write_Block
                0x000105d4        0xc ./Sources/LCD.o
 .ARM.extab.text.PCA9670_SendByte
                0x000105e0        0xc ./Sources/PCA9670.o
 .ARM.extab.text.select_cue
                0x000105ec        0xc ./Sources/cue.o
 .ARM.extab.text.print_float_at
                0x000105f8        0xc ./Sources/display.o
 .ARM.extab.text.print_int_at
                0x00010604        0xc ./Sources/display.o
 .ARM.extab.text.print_cue_array
                0x00010610        0xc ./Sources/display.o
 .ARM.extab.text.print_all_cue
                0x0001061c        0xc ./Sources/display.o
 .ARM.extab.text.load_char
                0x00010628        0xc ./Sources/display.o
 .ARM.extab.text.menu_init
                0x00010634        0xc ./Sources/display.o
 .ARM.extab.text.refresh
                0x00010640        0xc ./Sources/display.o
 .ARM.extab.text.select
                0x0001064c        0xc ./Sources/display.o
 .ARM.extab.text.back
                0x00010658        0xc ./Sources/display.o
 .ARM.extab.text.controle_mode_display
                0x00010664        0xc ./Sources/display.o
 .ARM.extab.text.update_icon_dir
                0x00010670        0xc ./Sources/display.o
 .ARM.extab.text.select_setting
                0x0001067c        0xc ./Sources/display.o
 .ARM.extab.text.refresh_fct
                0x00010688        0xc ./Sources/display.o
 .ARM.extab.text.pos_position_fct
                0x00010694        0xc ./Sources/display.o
 .ARM.extab.text.pos_play_cue_fct
                0x000106a0        0xc ./Sources/display.o
 .ARM.extab.text.pos_rec_cue_fct
                0x000106ac        0xc ./Sources/display.o
 .ARM.extab.text.pos_mod_cue_fct
                0x000106b8        0xc ./Sources/display.o
 .ARM.extab.text.pos_del_cue_fct
                0x000106c4        0xc ./Sources/display.o
 .ARM.extab.text.vel_play_cue_fct
                0x000106d0        0xc ./Sources/display.o
 .ARM.extab.text.vel_rec_cue_fct
                0x000106dc        0xc ./Sources/display.o
 .ARM.extab.text.vel_mod_cue_fct
                0x000106e8        0xc ./Sources/display.o
 .ARM.extab.text.vel_del_cue_fct
                0x000106f4        0xc ./Sources/display.o
 .ARM.extab.text.load_cue
                0x00010700        0xc ./Sources/eeprom.o
 .ARM.extab.text.write_cue
                0x0001070c        0xc ./Sources/eeprom.o
 .ARM.extab.text.erase_cue
                0x00010718        0xc ./Sources/eeprom.o
 .ARM.extab.text.get_next_slot_free
                0x00010724        0xc ./Sources/eeprom.o
 .ARM.extab.text.get_slot_saved
                0x00010730        0xc ./Sources/eeprom.o
 .ARM.extab.text.get_cue_values
                0x0001073c        0xc ./Sources/eeprom.o
 .ARM.extab.text.print_menu
                0x00010748        0xc ./Sources/menu.o
 .ARM.extab.text.print_sub_menu
                0x00010754        0xc ./Sources/menu.o
 .ARM.extab.text.print_sub_menu2
                0x00010760        0xc ./Sources/menu.o
 .ARM.extab.text.menu_select
                0x0001076c        0xc ./Sources/menu.o
 .ARM.extab.text.menu_back
                0x00010778        0xc ./Sources/menu.o
 .ARM.extab.text.refresh_menu
                0x00010784        0xc ./Sources/menu.o
 .ARM.extab.text.serial_send_block
                0x00010790        0xc ./Sources/protocol.o
 .ARM.extab.text.serial_send_float
                0x0001079c        0xc ./Sources/protocol.o
 .ARM.extab.text.serial_send_int
                0x000107a8        0xc ./Sources/protocol.o
 .ARM.extab.text.serial_send_string
                0x000107b4        0xc ./Sources/protocol.o
 .ARM.extab.text.serial_send_char
                0x000107c0        0xc ./Sources/protocol.o
 .ARM.extab.text.msg_parse
                0x000107cc        0xc ./Sources/protocol.o
 .ARM.extab.text.msg_processing
                0x000107d8        0xc ./Sources/protocol.o
 .ARM.extab.text.select_baud_rate
                0x000107e4        0xc ./Sources/protocol.o
 .ARM.extab.text.Send_Control_Mode
                0x000107f0        0xc ./Sources/send.o
 .ARM.extab.text.send_fct
                0x000107fc        0xc ./Sources/send.o
 .ARM.extab.text.get_update_value
                0x00010808        0xc ./Sources/send.o
 .ARM.extab     0x00010814        0xc c:/freescale/kds_v3/toolchain/bin/../lib/gcc/arm-none-eabi/4.8.4/armv7e-m\libgcc.a(unwind-arm.o)
 .ARM.extab     0x00010820       0x18 c:/freescale/kds_v3/toolchain/bin/../lib/gcc/arm-none-eabi/4.8.4/armv7e-m\libgcc.a(pr-support.o)

.ARM            0x00010838      0x2f8
                0x00010838                __exidx_start = .
 *(.ARM.exidx*)
 .ARM.exidx     0x00010838        0x8 c:/freescale/kds_v3/toolchain/bin/../lib/gcc/arm-none-eabi/4.8.4/../../../../arm-none-eabi/lib/armv7e-m/crt0.o
 .ARM.exidx.text.LCD_Init
                0x00010900        0x8 ./Sources/LCD.o
 .ARM.exidx.text.LCD_command
                0x00010908        0x8 ./Sources/LCD.o
 .ARM.exidx.text.LCD_Cursor_On
                0x00010910        0x8 ./Sources/LCD.o
 .ARM.exidx.text.LCD_Cursor_Off
                0x00010918        0x0 ./Sources/LCD.o
                                  0x8 (size before relaxing)
 .ARM.exidx.text.LCD_Set_Cursor
                0x00010918        0x8 ./Sources/LCD.o
 .ARM.exidx.text.LCD_Cursor_On_At
                0x00010920        0x8 ./Sources/LCD.o
 .ARM.exidx.text.LCD_Write
                0x00010928        0x8 ./Sources/LCD.o
 .ARM.exidx.text.load_custom_char
                0x00010930        0x8 ./Sources/LCD.o
 .ARM.exidx.text.LCD_Write_At
                0x00010938        0x8 ./Sources/LCD.o
 .ARM.exidx.text.LCD_Write_Block
                0x00010940        0x8 ./Sources/LCD.o
 .ARM.exidx.text.PCA9670_Init
                0x00010948        0x8 ./Sources/PCA9670.o
 .ARM.exidx.text.PCA9670_SendByte
                0x00010950        0x8 ./Sources/PCA9670.o
 .ARM.exidx.text.select_cue
                0x00010958        0x8 ./Sources/cue.o
 .ARM.exidx.text.vspfunc
                0x00010960        0x8 ./Sources/display.o
 .ARM.exidx.text.print_float_at
                0x00010968        0x8 ./Sources/display.o
 .ARM.exidx.text.print_int_at
                0x00010970        0x8 ./Sources/display.o
 .ARM.exidx.text.print_cue_array
                0x00010978        0x8 ./Sources/display.o
 .ARM.exidx.text.print_all_cue
                0x00010980        0x8 ./Sources/display.o
 .ARM.exidx.text.load_char
                0x00010988        0x8 ./Sources/display.o
 .ARM.exidx.text.menu_init
                0x00010990        0x8 ./Sources/display.o
 .ARM.exidx.text.refresh
                0x00010998        0x8 ./Sources/display.o
 .ARM.exidx.text.select
                0x000109a0        0x8 ./Sources/display.o
 .ARM.exidx.text.back
                0x000109a8        0x8 ./Sources/display.o
 .ARM.exidx.text.controle_mode_display
                0x000109b0        0x8 ./Sources/display.o
 .ARM.exidx.text.control_mode_fct
                0x000109b8        0x8 ./Sources/display.o
 .ARM.exidx.text.update_icon_dir
                0x000109c0        0x8 ./Sources/display.o
 .ARM.exidx.text.update_icon_drive_enable
                0x000109c8        0x8 ./Sources/display.o
 .ARM.exidx.text.select_setting
                0x000109d0        0x8 ./Sources/display.o
 .ARM.exidx.text.refresh_fct
                0x000109d8        0x8 ./Sources/display.o
 .ARM.exidx.text.velocity_fct
                0x000109e0        0x8 ./Sources/display.o
 .ARM.exidx.text.acceleration_fct
                0x000109e8        0x0 ./Sources/display.o
                                  0x8 (size before relaxing)
 .ARM.exidx.text.deceleration_fct
                0x000109e8        0x0 ./Sources/display.o
                                  0x8 (size before relaxing)
 .ARM.exidx.text.back_fct
                0x000109e8        0x0 ./Sources/display.o
                                  0x8 (size before relaxing)
 .ARM.exidx.text.pos_position_fct
                0x000109e8        0x8 ./Sources/display.o
 .ARM.exidx.text.pos_velocity_fct
                0x000109f0        0x8 ./Sources/display.o
 .ARM.exidx.text.pos_acceleration_fct
                0x000109f8        0x0 ./Sources/display.o
                                  0x8 (size before relaxing)
 .ARM.exidx.text.pos_deceleration_fct
                0x000109f8        0x0 ./Sources/display.o
                                  0x8 (size before relaxing)
 .ARM.exidx.text.pos_set_home_fct
                0x000109f8        0x0 ./Sources/display.o
                                  0x8 (size before relaxing)
 .ARM.exidx.text.torque_fct
                0x000109f8        0x0 ./Sources/display.o
                                  0x8 (size before relaxing)
 .ARM.exidx.text.torque_rise_fct
                0x000109f8        0x0 ./Sources/display.o
                                  0x8 (size before relaxing)
 .ARM.exidx.text.torque_fall_fct
                0x000109f8        0x0 ./Sources/display.o
                                  0x8 (size before relaxing)
 .ARM.exidx.text.pos_play_cue_fct
                0x000109f8        0x8 ./Sources/display.o
 .ARM.exidx.text.pos_rec_cue_fct
                0x00010a00        0x8 ./Sources/display.o
 .ARM.exidx.text.pos_mod_cue_fct
                0x00010a08        0x8 ./Sources/display.o
 .ARM.exidx.text.pos_del_cue_fct
                0x00010a10        0x8 ./Sources/display.o
 .ARM.exidx.text.vel_play_cue_fct
                0x00010a18        0x8 ./Sources/display.o
 .ARM.exidx.text.vel_rec_cue_fct
                0x00010a20        0x8 ./Sources/display.o
 .ARM.exidx.text.vel_mod_cue_fct
                0x00010a28        0x8 ./Sources/display.o
 .ARM.exidx.text.vel_del_cue_fct
                0x00010a30        0x8 ./Sources/display.o
 .ARM.exidx.text.select_baud_rate_fct
                0x00010a38        0x8 ./Sources/display.o
 .ARM.exidx.text.select_update_menu_fct
                0x00010a40        0x0 ./Sources/display.o
                                  0x8 (size before relaxing)
 .ARM.exidx.text.short_cut_position_menu
                0x00010a40        0x0 ./Sources/display.o
                                  0x8 (size before relaxing)
 .ARM.exidx.text.display_resolution
                0x00010a40        0x0 ./Sources/display.o
                                  0x8 (size before relaxing)
 .ARM.exidx.text.get_cursor_resolution_position
                0x00010a40        0x8 ./Sources/display.o
 .ARM.exidx.text.get_resolution
                0x00010a48        0x0 ./Sources/display.o
                                  0x8 (size before relaxing)
 .ARM.exidx.text._Z41__static_initialization_and_destruction_0ii
                0x00010a48        0x0 ./Sources/display.o
                                  0x8 (size before relaxing)
 .ARM.exidx.text._GLOBAL__sub_I_buffer
                0x00010a48        0x0 ./Sources/display.o
                                  0x8 (size before relaxing)
 .ARM.exidx.text.load_cue
                0x00010a48        0x8 ./Sources/eeprom.o
 .ARM.exidx.text.write_cue
                0x00010a50        0x8 ./Sources/eeprom.o
 .ARM.exidx.text.erase_cue
                0x00010a58        0x8 ./Sources/eeprom.o
 .ARM.exidx.text.get_next_slot_free
                0x00010a60        0x8 ./Sources/eeprom.o
 .ARM.exidx.text.get_slot_saved
                0x00010a68        0x8 ./Sources/eeprom.o
 .ARM.exidx.text.get_cue_values
                0x00010a70       0x10 ./Sources/eeprom.o
                                  0x8 (size before relaxing)
 .ARM.exidx.text.init_menu
                0x00010a80        0x0 ./Sources/menu.o
                                  0x8 (size before relaxing)
 .ARM.exidx.text.init_sub_menu
                0x00010a80        0x0 ./Sources/menu.o
                                  0x8 (size before relaxing)
 .ARM.exidx.text.init_sub_menu2
                0x00010a80        0x0 ./Sources/menu.o
                                  0x8 (size before relaxing)
 .ARM.exidx.text.init_menu_list
                0x00010a80        0x0 ./Sources/menu.o
                                  0x8 (size before relaxing)
 .ARM.exidx.text.init_sub_menu_list
                0x00010a80        0x0 ./Sources/menu.o
                                  0x8 (size before relaxing)
 .ARM.exidx.text.init_sub_menu2_list
                0x00010a80        0x0 ./Sources/menu.o
                                  0x8 (size before relaxing)
 .ARM.exidx.text.print_menu
                0x00010a80        0x8 ./Sources/menu.o
 .ARM.exidx.text.print_sub_menu
                0x00010a88        0x8 ./Sources/menu.o
 .ARM.exidx.text.print_sub_menu2
                0x00010a90        0x8 ./Sources/menu.o
 .ARM.exidx.text.menu_select
                0x00010a98        0x8 ./Sources/menu.o
 .ARM.exidx.text.menu_back
                0x00010aa0        0x8 ./Sources/menu.o
 .ARM.exidx.text.refresh_menu
                0x00010aa8        0x8 ./Sources/menu.o
 .ARM.exidx.text.void_function
                0x00010ab0        0x8 ./Sources/menu.o
 .ARM.exidx.text.parameters_init
                0x00010ab8        0x0 ./Sources/parameters.o
                                  0x8 (size before relaxing)
 .ARM.exidx.text.convert
                0x00010ab8        0x0 ./Sources/parameters.o
                                  0x8 (size before relaxing)
 .ARM.exidx.text.serial_send_block
                0x00010ab8        0x8 ./Sources/protocol.o
 .ARM.exidx.text.serial_send_float
                0x00010ac0        0x8 ./Sources/protocol.o
 .ARM.exidx.text.serial_send_int
                0x00010ac8        0x8 ./Sources/protocol.o
 .ARM.exidx.text.serial_send_string
                0x00010ad0        0x8 ./Sources/protocol.o
 .ARM.exidx.text.serial_send_char
                0x00010ad8        0x8 ./Sources/protocol.o
 .ARM.exidx.text.serial_send_end
                0x00010ae0        0x8 ./Sources/protocol.o
 .ARM.exidx.text.msg_parse
                0x00010ae8        0x8 ./Sources/protocol.o
 .ARM.exidx.text.msg_processing
                0x00010af0        0x8 ./Sources/protocol.o
 .ARM.exidx.text.select_baud_rate
                0x00010af8        0x8 ./Sources/protocol.o
 .ARM.exidx.text.Send_Control_Mode
                0x00010b00        0x8 ./Sources/send.o
 .ARM.exidx.text.send_fct
                0x00010b08        0x8 ./Sources/send.o
 .ARM.exidx.text.get_update_drive_en
                0x00010b10        0x8 ./Sources/send.o
 .ARM.exidx.text.get_update_value
                0x00010b18        0x8 ./Sources/send.o
 .ARM.exidx.text.send_stop
                0x00010b20        0x8 ./Sources/send.o
 .ARM.exidx.text.send_velocity_cue
                0x00010b28        0x0 ./Sources/send.o
                                  0x8 (size before relaxing)
 .ARM.exidx.text.send_position_cue
                0x00010b28        0x0 ./Sources/send.o
                                  0x8 (size before relaxing)
 .ARM.exidx.text.velocity_processing
                0x00010b28        0x8 ./Sources/send.o
 .ARM.exidx.text.velocity_ref_processing
                0x00010b30        0x0 ./Sources/send.o
                                  0x8 (size before relaxing)
 .ARM.exidx.text.acceleration_processing
                0x00010b30        0x0 ./Sources/send.o
                                  0x8 (size before relaxing)
 .ARM.exidx.text.deceleration_processing
                0x00010b30        0x0 ./Sources/send.o
                                  0x8 (size before relaxing)
 .ARM.exidx.text.torque_processing
                0x00010b30        0x0 ./Sources/send.o
                                  0x8 (size before relaxing)
 .ARM.exidx.text.torque_ref_processing
                0x00010b30        0x0 ./Sources/send.o
                                  0x8 (size before relaxing)
 .ARM.exidx.text.torque_rise_processing
                0x00010b30        0x0 ./Sources/send.o
                                  0x8 (size before relaxing)
 .ARM.exidx.text.torque_fall_processing
                0x00010b30        0x0 ./Sources/send.o
                                  0x8 (size before relaxing)
 .ARM.exidx.text.position_ref_processing
                0x00010b30        0x0 ./Sources/send.o
                                  0x8 (size before relaxing)
 .ARM.exidx.text.position_processing
                0x00010b30        0x0 ./Sources/send.o
                                  0x8 (size before relaxing)
 .ARM.exidx.text.control_mode_processing
                0x00010b30        0x0 ./Sources/send.o
                                  0x8 (size before relaxing)
 .ARM.exidx.text.drive_enable_processing
                0x00010b30        0x0 ./Sources/send.o
                                  0x8 (size before relaxing)
 .ARM.exidx     0x00010840       0x88 c:/freescale/kds_v3/toolchain/bin/../lib/gcc/arm-none-eabi/4.8.4/armv7e-m\libgcc.a(unwind-arm.o)
                                 0xd8 (size before relaxing)
 .ARM.exidx     0x000108c8       0x38 c:/freescale/kds_v3/toolchain/bin/../lib/gcc/arm-none-eabi/4.8.4/armv7e-m\libgcc.a(pr-support.o)
                                 0x48 (size before relaxing)
                0x00010b30                __exidx_end = .

.rel.dyn        0x00010b30        0x0
 .rel.iplt      0x00000000        0x0 c:/freescale/kds_v3/toolchain/bin/../lib/gcc/arm-none-eabi/4.8.4/armv7e-m/crtbegin.o

.ctors          0x00010b30        0x0
                0x00010b30                __CTOR_LIST__ = .
 *crtbegin.o(.ctors)
 *(EXCLUDE_FILE(*crtend.o) .ctors)
 *(SORT(.ctors.*))
 *(.ctors)
                0x00010b30                __CTOR_END__ = .

.dtors          0x00010b30        0x0
                0x00010b30                __DTOR_LIST__ = .
 *crtbegin.o(.dtors)
 *(EXCLUDE_FILE(*crtend.o) .dtors)
 *(SORT(.dtors.*))
 *(.dtors)
                0x00010b30                __DTOR_END__ = .

.preinit_array  0x00010b30        0x0