Archive member included because of file (symbol)

c:/freescale/kds_v3/toolchain/bin/../lib/gcc/arm-none-eabi/4.8.4/armv7e-m\libgcc.a(unwind-arm.o)
                              ./Sources/LCD.o (__aeabi_unwind_cpp_pr0)
c:/freescale/kds_v3/toolchain/bin/../lib/gcc/arm-none-eabi/4.8.4/armv7e-m\libgcc.a(libunwind.o)
                              c:/freescale/kds_v3/toolchain/bin/../lib/gcc/arm-none-eabi/4.8.4/armv7e-m\libgcc.a(unwind-arm.o) (restore_core_regs)
c:/freescale/kds_v3/toolchain/bin/../lib/gcc/arm-none-eabi/4.8.4/armv7e-m\libgcc.a(pr-support.o)
                              c:/freescale/kds_v3/toolchain/bin/../lib/gcc/arm-none-eabi/4.8.4/armv7e-m\libgcc.a(unwind-arm.o) (__gnu_unwind_execute)
c:/freescale/kds_v3/toolchain/bin/../lib/gcc/arm-none-eabi/4.8.4/../../../../arm-none-eabi/lib/armv7e-m\libg_s.a(lib_a-abort.o)
                              c:/freescale/kds_v3/toolchain/bin/../lib/gcc/arm-none-eabi/4.8.4/armv7e-m\libgcc.a(unwind-arm.o) (abort)
c:/freescale/kds_v3/toolchain/bin/../lib/gcc/arm-none-eabi/4.8.4/../../../../arm-none-eabi/lib/armv7e-m\libg_s.a(lib_a-exit.o)
                              c:/freescale/kds_v3/toolchain/bin/../lib/gcc/arm-none-eabi/4.8.4/../../../../arm-none-eabi/lib/armv7e-m/crt0.o (exit)
c:/freescale/kds_v3/toolchain/bin/../lib/gcc/arm-none-eabi/4.8.4/../../../../arm-none-eabi/lib/armv7e-m\libg_s.a(lib_a-impure.o)
                              c:/freescale/kds_v3/toolchain/bin/../lib/gcc/arm-none-eabi/4.8.4/../../../../arm-none-eabi/lib/armv7e-m\libg_s.a(lib_a-exit.o) (_global_impure_ptr)
c:/freescale/kds_v3/toolchain/bin/../lib/gcc/arm-none-eabi/4.8.4/../../../../arm-none-eabi/lib/armv7e-m\libg_s.a(lib_a-init.o)
                              c:/freescale/kds_v3/toolchain/bin/../lib/gcc/arm-none-eabi/4.8.4/../../../../arm-none-eabi/lib/armv7e-m/crt0.o (__libc_init_array)
c:/freescale/kds_v3/toolchain/bin/../lib/gcc/arm-none-eabi/4.8.4/../../../../arm-none-eabi/lib/armv7e-m\libg_s.a(lib_a-memcpy-stub.o)
                              c:/freescale/kds_v3/toolchain/bin/../lib/gcc/arm-none-eabi/4.8.4/armv7e-m\libgcc.a(unwind-arm.o) (memcpy)
c:/freescale/kds_v3/toolchain/bin/../lib/gcc/arm-none-eabi/4.8.4/../../../../arm-none-eabi/lib/armv7e-m\libg_s.a(lib_a-memset.o)
                              c:/freescale/kds_v3/toolchain/bin/../lib/gcc/arm-none-eabi/4.8.4/../../../../arm-none-eabi/lib/armv7e-m/crt0.o (memset)
c:/freescale/kds_v3/toolchain/bin/../lib/gcc/arm-none-eabi/4.8.4/../../../../arm-none-eabi/lib/armv7e-m\libg_s.a(lib_a-signal.o)
                              c:/freescale/kds_v3/toolchain/bin/../lib/gcc/arm-none-eabi/4.8.4/../../../../arm-none-eabi/lib/armv7e-m\libg_s.a(lib_a-abort.o) (raise)
c:/freescale/kds_v3/toolchain/bin/../lib/gcc/arm-none-eabi/4.8.4/../../../../arm-none-eabi/lib/armv7e-m\libg_s.a(lib_a-signalr.o)
                              c:/freescale/kds_v3/toolchain/bin/../lib/gcc/arm-none-eabi/4.8.4/../../../../arm-none-eabi/lib/armv7e-m\libg_s.a(lib_a-signal.o) (_kill_r)
c:/freescale/kds_v3/toolchain/bin/../lib/gcc/arm-none-eabi/4.8.4/../../../../arm-none-eabi/lib/armv7e-m\libg_s.a(lib_a-strcmp.o)
                              ./Sources/protocol.o (strcmp)
c:/freescale/kds_v3/toolchain/bin/../lib/gcc/arm-none-eabi/4.8.4/../../../../arm-none-eabi/lib/armv7e-m\libg_s.a(lib_a-strlen.o)
                              ./Sources/LCD.o (strlen)
c:/freescale/kds_v3/toolchain/bin/../lib/gcc/arm-none-eabi/4.8.4/../../../../arm-none-eabi/lib/armv7e-m\libg_s.a(lib_a-nano-mallocr.o)
                              c:/freescale/kds_v3/toolchain/bin/../lib/gcc/arm-none-eabi/4.8.4/../../../../arm-none-eabi/lib/armv7e-m\libg_s.a(lib_a-signal.o) (_malloc_r)
c:/freescale/kds_v3/toolchain/bin/../lib/gcc/arm-none-eabi/4.8.4/../../../../arm-none-eabi/lib/armv7e-m\libg_s.a(lib_a-reent.o)
                              c:/freescale/kds_v3/toolchain/bin/../lib/gcc/arm-none-eabi/4.8.4/../../../../arm-none-eabi/lib/armv7e-m\libg_s.a(lib_a-signalr.o) (errno)
c:/freescale/kds_v3/toolchain/bin/../lib/gcc/arm-none-eabi/4.8.4/../../../../arm-none-eabi/lib/armv7e-m\libg_s.a(lib_a-sbrkr.o)
                              c:/freescale/kds_v3/toolchain/bin/../lib/gcc/arm-none-eabi/4.8.4/../../../../arm-none-eabi/lib/armv7e-m\libg_s.a(lib_a-nano-mallocr.o) (_sbrk_r)
c:/freescale/kds_v3/toolchain/bin/../lib/gcc/arm-none-eabi/4.8.4/../../../../arm-none-eabi/lib/armv7e-m\libg_s.a(lib_a-nano-freer.o)
                              c:/freescale/kds_v3/toolchain/bin/../lib/gcc/arm-none-eabi/4.8.4/../../../../arm-none-eabi/lib/armv7e-m\libg_s.a(lib_a-reent.o) (_free_r)
c:/freescale/kds_v3/toolchain/bin/../lib/gcc/arm-none-eabi/4.8.4/../../../../arm-none-eabi/lib/armv7e-m\libnosys.a(getpid.o)
                              c:/freescale/kds_v3/toolchain/bin/../lib/gcc/arm-none-eabi/4.8.4/../../../../arm-none-eabi/lib/armv7e-m\libg_s.a(lib_a-signalr.o) (_getpid)
c:/freescale/kds_v3/toolchain/bin/../lib/gcc/arm-none-eabi/4.8.4/../../../../arm-none-eabi/lib/armv7e-m\libnosys.a(kill.o)
[...]
Memory Configuration

Name             Origin             Length             Attributes
m_interrupts     0x00000000         0x000001bc         xr
m_text           0x00000410         0x0003fbf0         xr
m_data           0x1fff8000         0x00008000         rw
m_data_20000000  0x20000000         0x00008000         rw
m_cfmprotrom     0x00000400         0x00000010         xr
*default*        0x00000000         0xffffffff

Linker script and memory map

LOAD c:/freescale/kds_v3/toolchain/bin/../lib/gcc/arm-none-eabi/4.8.4/armv7e-m/crti.o
LOAD c:/freescale/kds_v3/toolchain/bin/../lib/gcc/arm-none-eabi/4.8.4/armv7e-m/crtbegin.o
LOAD c:/freescale/kds_v3/toolchain/bin/../lib/gcc/arm-none-eabi/4.8.4/../../../../arm-none-eabi/lib/armv7e-m/crt0.o
LOAD ./Sources/Events.o
LOAD ./Sources/LCD.o
LOAD ./Sources/PCA9670.o
LOAD ./Sources/cue_eeprom.o
LOAD ./Sources/display.o
LOAD ./Sources/encoder_variable.o
LOAD ./Sources/main.o
LOAD ./Sources/menu.o
LOAD ./Sources/protocol.o
LOAD ./Project_Settings/Startup_Code/startup.o
LOAD ./Generated_Code/AS1.o
LOAD ./Generated_Code/ASerialLdd1.o
LOAD ./Generated_Code/BitIoLdd1.o
LOAD ./Generated_Code/BitIoLdd2.o
LOAD ./Generated_Code/BitIoLdd3.o
LOAD ./Generated_Code/BitIoLdd4.o
LOAD ./Generated_Code/BitIoLdd5.o
LOAD ./Generated_Code/BitIoLdd6.o
LOAD ./Generated_Code/BitIoLdd7.o
LOAD ./Generated_Code/CS1.o
LOAD ./Generated_Code/Cpu.o
LOAD ./Generated_Code/ENCODER.o
LOAD ./Generated_Code/ENCODER_PUSH.o
LOAD ./Generated_Code/ExtIntLdd1.o
LOAD ./Generated_Code/ExtIntLdd2.o
LOAD ./Generated_Code/ExtIntLdd3.o
LOAD ./Generated_Code/ExtIntLdd4.o
LOAD ./Generated_Code/ExtIntLdd5.o
LOAD ./Generated_Code/I2C0.o
LOAD ./Generated_Code/IFsh1.o
LOAD ./Generated_Code/IntFlashLdd1.o
LOAD ./Generated_Code/IntI2cLdd1.o
LOAD ./Generated_Code/KSDK1.o
LOAD ./Generated_Code/LCD_CTR.o
LOAD ./Generated_Code/LCD_EN.o
LOAD ./Generated_Code/LED_DEBUG.o
LOAD ./Generated_Code/LED_STATUS_1.o
LOAD ./Generated_Code/LED_STATUS_2.o
LOAD ./Generated_Code/LED_STATUS_3.o
LOAD ./Generated_Code/LED_STATUS_4.o
LOAD ./Generated_Code/LEVER_DIR1.o
LOAD ./Generated_Code/LEVER_DIR2.o
LOAD ./Generated_Code/PCA.o
LOAD ./Generated_Code/PE_LDD.o
LOAD ./Generated_Code/PUSH_BUTTON_REC.o
LOAD ./Generated_Code/PUSH_BUTTON_SEND.o
LOAD ./Generated_Code/T_100ms.o
LOAD ./Generated_Code/T_500ms.o
LOAD ./Generated_Code/Vectors.o
LOAD ./Generated_Code/WAIT1.o
LOAD ./.metadata/.plugins/org.eclipse.cdt.make.core/specs.o
LOAD c:/freescale/kds_v3/toolchain/bin/../lib/gcc/arm-none-eabi/4.8.4/../../../../arm-none-eabi/lib/armv7e-m\libstdc++_s.a
LOAD c:/freescale/kds_v3/toolchain/bin/../lib/gcc/arm-none-eabi/4.8.4/../../../../arm-none-eabi/lib/armv7e-m\libm.a
START GROUP
LOAD c:/freescale/kds_v3/toolchain/bin/../lib/gcc/arm-none-eabi/4.8.4/armv7e-m\libgcc.a
LOAD c:/freescale/kds_v3/toolchain/bin/../lib/gcc/arm-none-eabi/4.8.4/../../../../arm-none-eabi/lib/armv7e-m\libg_s.a
LOAD c:/freescale/kds_v3/toolchain/bin/../lib/gcc/arm-none-eabi/4.8.4/../../../../arm-none-eabi/lib/armv7e-m\libc_s.a
END GROUP
START GROUP
LOAD c:/freescale/kds_v3/toolchain/bin/../lib/gcc/arm-none-eabi/4.8.4/armv7e-m\libgcc.a
LOAD c:/freescale/kds_v3/toolchain/bin/../lib/gcc/arm-none-eabi/4.8.4/../../../../arm-none-eabi/lib/armv7e-m\libc_s.a
LOAD c:/freescale/kds_v3/toolchain/bin/../lib/gcc/arm-none-eabi/4.8.4/../../../../arm-none-eabi/lib/armv7e-m\libnosys.a
END GROUP
START GROUP
LOAD c:/freescale/kds_v3/toolchain/bin/../lib/gcc/arm-none-eabi/4.8.4/armv7e-m\libgcc.a
LOAD c:/freescale/kds_v3/toolchain/bin/../lib/gcc/arm-none-eabi/4.8.4/../../../../arm-none-eabi/lib/armv7e-m\libc_s.a
LOAD c:/freescale/kds_v3/toolchain/bin/../lib/gcc/arm-none-eabi/4.8.4/../../../../arm-none-eabi/lib/armv7e-m\libnosys.a
END GROUP
LOAD c:/freescale/kds_v3/toolchain/bin/../lib/gcc/arm-none-eabi/4.8.4/armv7e-m/crtend.o
LOAD c:/freescale/kds_v3/toolchain/bin/../lib/gcc/arm-none-eabi/4.8.4/armv7e-m/crtn.o
                0x20000000                _estack = 0x20000000
                0x20000000                __SP_INIT = _estack
                0x20000000                __stack = _estack
                0x00000000                __heap_size = 0x0
                0x00000400                __stack_size = 0x400

.interrupts     0x00000000      0x1bc
                0x00000000                __vector_table = .
                0x00000000                . = ALIGN (0x4)
 *(.vectortable)
 .vectortable   0x00000000      0x1bc ./Generated_Code/Vectors.o
                0x00000000                __vect_table
                0x000001bc                . = ALIGN (0x4)

.cfmprotect     0x00000400       0x10
                0x00000400                . = ALIGN (0x4)
 *(.cfmconfig)
 .cfmconfig     0x00000400       0x10 ./Generated_Code/Cpu.o
                0x00000400                _cfm
                0x00000410                . = ALIGN (0x4)

.text           0x00000410     0x4b8c
                0x00000410                . = ALIGN (0x4)
 *(.text)
 .text          0x00000410       0x54 c:/freescale/kds_v3/toolchain/bin/../lib/gcc/arm-none-eabi/4.8.4/armv7e-m/crtbegin.o
 .text          0x00000464       0x74 c:/freescale/kds_v3/toolchain/bin/../lib/gcc/arm-none-eabi/4.8.4/../../../../arm-none-eabi/lib/armv7e-m/crt0.o
                0x00000464                _start
                0x00000464                _mainCRTStartup
 .text          0x000004d8      0xa1c c:/freescale/kds_v3/toolchain/bin/../lib/gcc/arm-none-eabi/4.8.4/armv7e-m\libgcc.a(unwind-arm.o)
                0x000007bc                _Unwind_GetCFA
                0x000007c0                __gnu_Unwind_RaiseException
                0x00000820                __gnu_Unwind_ForcedUnwind
                0x00000834                __gnu_Unwind_Resume
                0x00000878                __gnu_Unwind_Resume_or_Rethrow
                0x00000888                _Unwind_Complete
                0x0000088c                _Unwind_DeleteException
                0x0000089c                _Unwind_VRS_Get
                0x000008ec                _Unwind_VRS_Set
                0x0000093c                __gnu_Unwind_Backtrace
                0x00000c90                __aeabi_unwind_cpp_pr0
                0x00000c98                __aeabi_unwind_cpp_pr1
                0x00000ca0                __aeabi_unwind_cpp_pr2
                0x00000ca8                _Unwind_VRS_Pop
 .text          0x00000ef4      0x1ac c:/freescale/kds_v3/toolchain/bin/../lib/gcc/arm-none-eabi/4.8.4/armv7e-m\libgcc.a(libunwind.o)
                0x00000ef4                __restore_core_regs
                0x00000ef4                restore_core_regs
                0x00000f0c                __gnu_Unwind_Restore_VFP
                0x00000f14                __gnu_Unwind_Save_VFP
                0x00000f1c                __gnu_Unwind_Restore_VFP_D
                0x00000f24                __gnu_Unwind_Save_VFP_D
                0x00000f2c                __gnu_Unwind_Restore_VFP_D_16_to_31
                0x00000f34                __gnu_Unwind_Save_VFP_D_16_to_31
                0x00000f3c                __gnu_Unwind_Restore_WMMXD
                0x00000f80                __gnu_Unwind_Save_WMMXD
                0x00000fc4                __gnu_Unwind_Restore_WMMXC
                0x00000fd8                __gnu_Unwind_Save_WMMXC
                0x00000fec                ___Unwind_RaiseException
                0x00000fec                _Unwind_RaiseException
                0x00001010                _Unwind_Resume
                0x00001010                ___Unwind_Resume
                0x00001034                _Unwind_Resume_or_Rethrow
                0x00001034                ___Unwind_Resume_or_Rethrow
                0x00001058                _Unwind_ForcedUnwind
                0x00001058                ___Unwind_ForcedUnwind
                0x0000107c                ___Unwind_Backtrace
                0x0000107c                _Unwind_Backtrace
 .text          0x000010a0      0x33c c:/freescale/kds_v3/toolchain/bin/../lib/gcc/arm-none-eabi/4.8.4/armv7e-m\libgcc.a(pr-support.o)
                0x000010f4                __gnu_unwind_execute
                0x00001380                __gnu_unwind_frame
                0x000013ac                _Unwind_GetRegionStart
                0x000013b8                _Unwind_GetLanguageSpecificData
                0x000013cc                _Unwind_GetDataRelBase
                0x000013d4                _Unwind_GetTextRelBase
 .text          0x000013dc       0x14 c:/freescale/kds_v3/toolchain/bin/../lib/gcc/arm-none-eabi/4.8.4/../../../../arm-none-eabi/lib/armv7e-m\libg_s.a(lib_a-strcmp.o)
                0x000013dc                strcmp
 *(.text*)
 .text.PUSH_BUTTON_REC_OnInterrupt
                0x000013f0        0xc ./Sources/Events.o
                0x000013f0                PUSH_BUTTON_REC_OnInterrupt
 .text.PUSH_BUTTON_SEND_OnInterrupt
                0x000013fc        0xc ./Sources/Events.o
                0x000013fc                PUSH_BUTTON_SEND_OnInterrupt
 .text.I2C0_OnReceiveData
                0x00001408        0xc ./Sources/Events.o
                0x00001408                I2C0_OnReceiveData
 .text.I2C0_OnTransmitData
                0x00001414        0xc ./Sources/Events.o
                0x00001414                I2C0_OnTransmitData
 .text.T_100ms_OnCounterRestart
                0x00001420       0x14 ./Sources/Events.o
                0x00001420                T_100ms_OnCounterRestart
 .text.LEVER_DIR2_OnInterrupt
                0x00001434       0x14 ./Sources/Events.o
                0x00001434                LEVER_DIR2_OnInterrupt
 .text.LEVER_DIR1_OnInterrupt
                0x00001448       0x14 ./Sources/Events.o
                0x00001448                LEVER_DIR1_OnInterrupt
 .text.ENCODER_PUSH_OnInterrupt
                0x0000145c        0xc ./Sources/Events.o
                0x0000145c                ENCODER_PUSH_OnInterrupt
 .text.ENCODER_OnPortEvent
                0x00001468       0x14 ./Sources/Events.o
                0x00001468                ENCODER_OnPortEvent
 .text.T_500ms_OnCounterRestart
                0x0000147c       0x14 ./Sources/Events.o
                0x0000147c                T_500ms_OnCounterRestart
 .text.I2C0_OnArbitLost
                0x00001490        0xc ./Sources/Events.o
                0x00001490                I2C0_OnArbitLost
 .text.AS1_OnTxComplete
                0x0000149c       0x14 ./Sources/Events.o
                0x0000149c                AS1_OnTxComplete
 .text.AS1_OnError
                0x000014b0        0xc ./Sources/Events.o
                0x000014b0                AS1_OnError
 .text.AS1_OnRxChar
                0x000014bc        0xc ./Sources/Events.o
                0x000014bc                AS1_OnRxChar
 .text.AS1_OnRxCharExt
                0x000014c8       0xc8 ./Sources/Events.o
                0x000014c8                AS1_OnRxCharExt
 .text.AS1_OnTxChar
                0x00001590       0x14 ./Sources/Events.o
                0x00001590                AS1_OnTxChar
 .text.AS1_OnFullRxBuf
                0x000015a4       0x14 ./Sources/Events.o
                0x000015a4                AS1_OnFullRxBuf
 .text.AS1_OnFreeTxBuf
                0x000015b8        0xc ./Sources/Events.o
                0x000015b8                AS1_OnFreeTxBuf
 .text.IFsh1_OnWriteEnd
                0x000015c4        0xc ./Sources/Events.o
                0x000015c4                IFsh1_OnWriteEnd
 .text.LCD_Init
                0x000015d0       0x50 ./Sources/LCD.o
                0x000015d0                LCD_Init
 .text.LCD_command
                0x00001620       0x30 ./Sources/LCD.o
                0x00001620                LCD_command
 .text.LCD_Clear
                0x00001650        0xc ./Sources/LCD.o
                0x00001650                LCD_Clear
 .text.LCD_Set_Cursor
                0x0000165c       0x58 ./Sources/LCD.o
                0x0000165c                LCD_Set_Cursor
 .text.LCD_Write
                0x000016b4       0x28 ./Sources/LCD.o
                0x000016b4                LCD_Write
 .text.load_custom_char
                0x000016dc       0x50 ./Sources/LCD.o
                0x000016dc                load_custom_char
 .text.LCD_Write_At
                0x0000172c       0x3c ./Sources/LCD.o
                0x0000172c                LCD_Write_At
 .text.LCD_Write_Block
                0x00001768       0x90 ./Sources/LCD.o
                0x00001768                LCD_Write_Block
 .text.PCA9670_Init
                0x000017f8       0x34 ./Sources/PCA9670.o
                0x000017f8                PCA9670_Init
 .text.PCA9670_SendByte
                0x0000182c       0x3c ./Sources/PCA9670.o
                0x0000182c                PCA9670_SendByte
 .text.load_char
                0x00001868       0x78 ./Sources/display.o
                0x00001868                load_char
 .text.menu_init
                0x000018e0       0x68 ./Sources/display.o
                0x000018e0                menu_init
 .text.refresh_menu
                0x00001948       0x7c ./Sources/display.o
                0x00001948                refresh_menu
 .text.velocity_fct
                0x000019c4       0x9c ./Sources/display.o
                0x000019c4                velocity_fct
 .text.acceleration_fct
                0x00001a60        0xc ./Sources/display.o
                0x00001a60                acceleration_fct
 .text.deceleration_fct
                0x00001a6c        0xc ./Sources/display.o
                0x00001a6c                deceleration_fct
 .text.back_fct
                0x00001a78        0xc ./Sources/display.o
                0x00001a78                back_fct
 .text.pos_velocity_fct
                0x00001a84        0xc ./Sources/display.o
                0x00001a84                pos_velocity_fct
 .text.pos_acceleration_fct
                0x00001a90        0xc ./Sources/display.o
                0x00001a90                pos_acceleration_fct
 .text.pos_deceleration_fct
                0x00001a9c        0xc ./Sources/display.o
                0x00001a9c                pos_deceleration_fct
 .text.torque_fct
                0x00001aa8        0xc ./Sources/display.o
                0x00001aa8                torque_fct
 .text.torque_rise_fct
                0x00001ab4        0xc ./Sources/display.o
                0x00001ab4                torque_rise_fct
 .text.torque_fall_fct
                0x00001ac0        0xc ./Sources/display.o
                0x00001ac0                torque_fall_fct
 .text._Z41__static_initialization_and_destruction_0ii
                0x00001acc      0x2b8 ./Sources/display.o
 .text._GLOBAL__sub_I_back
                0x00001d84       0x10 ./Sources/display.o
 .text.main     0x00001d94      0x1a0 ./Sources/main.o
                0x00001d94                main
 .text.init_menu
                0x00001f34       0x28 ./Sources/menu.o
                0x00001f34                init_menu
 .text.init_sub_menu
                0x00001f5c       0x44 ./Sources/menu.o
                0x00001f5c                init_sub_menu
 .text.print_menu
                0x00001fa0      0x118 ./Sources/menu.o
                0x00001fa0                print_menu
 .text.print_sub_menu
                0x000020b8      0x138 ./Sources/menu.o
                0x000020b8                print_sub_menu
 .text.menu_select
                0x000021f0       0x48 ./Sources/menu.o
                0x000021f0                menu_select
 .text.void_function
                0x00002238        0xc ./Sources/menu.o
                0x00002238                void_function
 .text.msg_parse
                0x00002244       0xec ./Sources/protocol.o
                0x00002244                msg_parse
 .text.msg_processing
                0x00002330       0x90 ./Sources/protocol.o
                0x00002330                msg_processing
 .text.__copy_rom_section
                0x000023c0       0xe4 ./Project_Settings/Startup_Code/startup.o
                0x000023c0                __copy_rom_section
 .text.__copy_rom_sections_to_ram
                0x000024a4       0x9c ./Project_Settings/Startup_Code/startup.o
                0x000024a4                __copy_rom_sections_to_ram
 .text.__init_registers
                0x00002540        0xc ./Project_Settings/Startup_Code/startup.o
                0x00002540                __init_registers
 .text.__init_user
                0x0000254c        0xc ./Project_Settings/Startup_Code/startup.o
                0x0000254c                __init_user
 .text.__thumb_startup
                0x00002558       0x34 ./Project_Settings/Startup_Code/startup.o
                0x00002558                __thumb_startup
 .text.HWEnDi   0x0000258c       0x1c ./Generated_Code/AS1.o
 .text.AS1_ClearRxBuf
                0x000025a8       0x78 ./Generated_Code/AS1.o
                0x000025a8                AS1_ClearRxBuf
 .text.AS1_Init
                0x00002620       0x60 ./Generated_Code/AS1.o
                0x00002620                AS1_Init
 .text.ASerialLdd1_OnBlockReceived
                0x00002680       0xcc ./Generated_Code/AS1.o
                0x00002680                ASerialLdd1_OnBlockReceived
 .text.ASerialLdd1_OnBlockSent
                0x0000274c       0xd4 ./Generated_Code/AS1.o
                0x0000274c                ASerialLdd1_OnBlockSent
 .text.ASerialLdd1_OnError
                0x00002820       0x9c ./Generated_Code/AS1.o
                0x00002820                ASerialLdd1_OnError
 .text.ASerialLdd1_OnTxComplete
                0x000028bc       0x14 ./Generated_Code/AS1.o
                0x000028bc                ASerialLdd1_OnTxComplete
 .text.ASerialLdd1_OnBreak
                0x000028d0       0x24 ./Generated_Code/AS1.o
                0x000028d0                ASerialLdd1_OnBreak
 .text.ASerialLdd1_Init
                0x000028f4      0x1c0 ./Generated_Code/ASerialLdd1.o
                0x000028f4                ASerialLdd1_Init
 .text.ASerialLdd1_ReceiveBlock
                0x00002ab4       0x90 ./Generated_Code/ASerialLdd1.o
                0x00002ab4                ASerialLdd1_ReceiveBlock
 .text.ASerialLdd1_SendBlock
                0x00002b44       0xbc ./Generated_Code/ASerialLdd1.o
                0x00002b44                ASerialLdd1_SendBlock
 .text.InterruptRx
                0x00002c00       0x58 ./Generated_Code/ASerialLdd1.o
 .text.InterruptTx
                0x00002c58       0x9c ./Generated_Code/ASerialLdd1.o
 .text.ASerialLdd1_Interrupt
                0x00002cf4      0x130 ./Generated_Code/ASerialLdd1.o
                0x00002cf4                ASerialLdd1_Interrupt
 .text.ASerialLdd1_GetError
                0x00002e24       0x70 ./Generated_Code/ASerialLdd1.o
                0x00002e24                ASerialLdd1_GetError
 .text.BitIoLdd1_Init
                0x00002e94       0x64 ./Generated_Code/BitIoLdd1.o
                0x00002e94                BitIoLdd1_Init
 .text.BitIoLdd2_Init
                0x00002ef8       0x64 ./Generated_Code/BitIoLdd2.o
                0x00002ef8                BitIoLdd2_Init
 .text.BitIoLdd2_SetVal
                0x00002f5c       0x1c ./Generated_Code/BitIoLdd2.o
                0x00002f5c                BitIoLdd2_SetVal
 .text.BitIoLdd3_Init
                0x00002f78       0x64 ./Generated_Code/BitIoLdd3.o
                0x00002f78                BitIoLdd3_Init
 .text.BitIoLdd3_ClrVal
                0x00002fdc       0x1c ./Generated_Code/BitIoLdd3.o
                0x00002fdc                BitIoLdd3_ClrVal
 .text.BitIoLdd3_SetVal
                0x00002ff8       0x1c ./Generated_Code/BitIoLdd3.o
                0x00002ff8                BitIoLdd3_SetVal
 .text.BitIoLdd4_Init
                0x00003014       0x64 ./Generated_Code/BitIoLdd4.o
                0x00003014                BitIoLdd4_Init
 .text.BitIoLdd4_ClrVal
                0x00003078       0x1c ./Generated_Code/BitIoLdd4.o
                0x00003078                BitIoLdd4_ClrVal
 .text.BitIoLdd4_SetVal
                0x00003094       0x1c ./Generated_Code/BitIoLdd4.o
                0x00003094                BitIoLdd4_SetVal
 .text.BitIoLdd5_Init
                0x000030b0       0x64 ./Generated_Code/BitIoLdd5.o
                0x000030b0                BitIoLdd5_Init
 .text.BitIoLdd5_ClrVal
                0x00003114       0x1c ./Generated_Code/BitIoLdd5.o
                0x00003114                BitIoLdd5_ClrVal
 .text.BitIoLdd5_SetVal
                0x00003130       0x1c ./Generated_Code/BitIoLdd5.o
                0x00003130                BitIoLdd5_SetVal
 .text.BitIoLdd6_Init
                0x0000314c       0x64 ./Generated_Code/BitIoLdd6.o
                0x0000314c                BitIoLdd6_Init
 .text.BitIoLdd6_ClrVal
                0x000031b0       0x20 ./Generated_Code/BitIoLdd6.o
                0x000031b0                BitIoLdd6_ClrVal
 .text.BitIoLdd6_SetVal
                0x000031d0       0x20 ./Generated_Code/BitIoLdd6.o
                0x000031d0                BitIoLdd6_SetVal
 .text.BitIoLdd7_Init
                0x000031f0       0x64 ./Generated_Code/BitIoLdd7.o
                0x000031f0                BitIoLdd7_Init
 .text.BitIoLdd7_ClrVal
                0x00003254       0x1c ./Generated_Code/BitIoLdd7.o
                0x00003254                BitIoLdd7_ClrVal
 .text.BitIoLdd7_SetVal
                0x00003270       0x1c ./Generated_Code/BitIoLdd7.o
                0x00003270                BitIoLdd7_SetVal
 .text.Cpu_ivINT_PORTC
                0x0000328c       0x30 ./Generated_Code/Cpu.o
                0x0000328c                Cpu_ivINT_PORTC
 .text.Cpu_Interrupt
                0x000032bc       0x18 ./Generated_Code/Cpu.o
                0x000032bc                Cpu_Interrupt
 .text.__init_hardware
                0x000032d4      0x140 ./Generated_Code/Cpu.o
                0x000032d4                __init_hardware
 .text.Cpu_SetBASEPRI
                0x00003414       0x18 ./Generated_Code/Cpu.o
                0x00003414                Cpu_SetBASEPRI
 .text.PE_low_level_init
                0x0000342c      0x104 ./Generated_Code/Cpu.o
                0x0000342c                PE_low_level_init
 .text.ENCODER_Init
                0x00003530       0xb0 ./Generated_Code/ENCODER.o
                0x00003530                ENCODER_Init
 .text.ENCODER_Interrupt
                0x000035e0       0x4c ./Generated_Code/ENCODER.o
                0x000035e0                ENCODER_Interrupt
 .text.ExtIntLdd1_OnInterrupt
                0x0000362c       0x14 ./Generated_Code/ENCODER_PUSH.o
                0x0000362c                ExtIntLdd1_OnInterrupt
 .text.ExtIntLdd1_Init
                0x00003640       0x80 ./Generated_Code/ExtIntLdd1.o
                0x00003640                ExtIntLdd1_Init
 .text.ExtIntLdd1_Interrupt
                0x000036c0       0x3c ./Generated_Code/ExtIntLdd1.o
                0x000036c0                ExtIntLdd1_Interrupt
 .text.ExtIntLdd2_Init
                0x000036fc       0x80 ./Generated_Code/ExtIntLdd2.o
                0x000036fc                ExtIntLdd2_Init
 .text.ExtIntLdd2_Interrupt
                0x0000377c       0x3c ./Generated_Code/ExtIntLdd2.o
                0x0000377c                ExtIntLdd2_Interrupt
 .text.ExtIntLdd2_GetVal
                0x000037b8       0x2c ./Generated_Code/ExtIntLdd2.o
                0x000037b8                ExtIntLdd2_GetVal
 .text.ExtIntLdd3_Init
                0x000037e4       0x80 ./Generated_Code/ExtIntLdd3.o
                0x000037e4                ExtIntLdd3_Init
 .text.ExtIntLdd3_Interrupt
                0x00003864       0x3c ./Generated_Code/ExtIntLdd3.o
                0x00003864                ExtIntLdd3_Interrupt
 .text.ExtIntLdd3_GetVal
                0x000038a0       0x2c ./Generated_Code/ExtIntLdd3.o
                0x000038a0                ExtIntLdd3_GetVal
 .text.ExtIntLdd4_Init
                0x000038cc       0x7c ./Generated_Code/ExtIntLdd4.o
                0x000038cc                ExtIntLdd4_Init
 .text.ExtIntLdd4_Interrupt
                0x00003948       0x3c ./Generated_Code/ExtIntLdd4.o
                0x00003948                ExtIntLdd4_Interrupt
 .text.ExtIntLdd5_Init
                0x00003984       0x7c ./Generated_Code/ExtIntLdd5.o
                0x00003984                ExtIntLdd5_Init
 .text.ExtIntLdd5_Interrupt
                0x00003a00       0x3c ./Generated_Code/ExtIntLdd5.o
                0x00003a00                ExtIntLdd5_Interrupt
 .text.I2C0_SendChar
                0x00003a3c       0x2c ./Generated_Code/I2C0.o
                0x00003a3c                I2C0_SendChar
 .text.I2C0_SendBlock
                0x00003a68       0xc0 ./Generated_Code/I2C0.o
                0x00003a68                I2C0_SendBlock
 .text.I2C0_SelectSlave
                0x00003b28       0x34 ./Generated_Code/I2C0.o
                0x00003b28                I2C0_SelectSlave
 .text.I2C0_Init
                0x00003b5c       0x20 ./Generated_Code/I2C0.o
                0x00003b5c                I2C0_Init
 .text.IntI2cLdd1_OnMasterBlockSent
                0x00003b7c       0x14 ./Generated_Code/I2C0.o
                0x00003b7c                IntI2cLdd1_OnMasterBlockSent
 .text.IntI2cLdd1_OnMasterBlockReceived
                0x00003b90       0x14 ./Generated_Code/I2C0.o
                0x00003b90                IntI2cLdd1_OnMasterBlockReceived
 .text.IntI2cLdd1_OnError
                0x00003ba4       0x30 ./Generated_Code/I2C0.o
                0x00003ba4                IntI2cLdd1_OnError
 .text.IFsh1_Init
                0x00003bd4       0x2c ./Generated_Code/IFsh1.o
                0x00003bd4                IFsh1_Init
 .text.IntFlashLdd1_OnOperationComplete
                0x00003c00       0x4c ./Generated_Code/IFsh1.o
                0x00003c00                IntFlashLdd1_OnOperationComplete
 .text.IntFlashLdd1_OnError
                0x00003c4c       0x54 ./Generated_Code/IFsh1.o
                0x00003c4c                IntFlashLdd1_OnError
 .text.IntFlashLdd1_Init
                0x00003ca0       0xa4 ./Generated_Code/IntFlashLdd1.o
                0x00003ca0                IntFlashLdd1_Init
 .text.IntFlashLdd1_CommandCompleteInterrupt
                0x00003d44      0x24c ./Generated_Code/IntFlashLdd1.o
                0x00003d44                IntFlashLdd1_CommandCompleteInterrupt
 .text.IntFlashLdd1_GetError
                0x00003f90       0x90 ./Generated_Code/IntFlashLdd1.o
                0x00003f90                IntFlashLdd1_GetError
 .text.SafeRoutineCaller
                0x00004020       0x94 ./Generated_Code/IntFlashLdd1.o
 .text.IntI2cLdd1_Interrupt
                0x000040b4      0x2d4 ./Generated_Code/IntI2cLdd1.o
                0x000040b4                IntI2cLdd1_Interrupt
 .text.IntI2cLdd1_Init
                0x00004388      0x13c ./Generated_Code/IntI2cLdd1.o
                0x00004388                IntI2cLdd1_Init
 .text.IntI2cLdd1_MasterSendBlock
                0x000044c4      0x190 ./Generated_Code/IntI2cLdd1.o
                0x000044c4                IntI2cLdd1_MasterSendBlock
 .text.IntI2cLdd1_SelectSlaveDevice
                0x00004654       0xf0 ./Generated_Code/IntI2cLdd1.o
                0x00004654                IntI2cLdd1_SelectSlaveDevice
 .text.IntI2cLdd1_GetError
                0x00004744       0x70 ./Generated_Code/IntI2cLdd1.o
                0x00004744                IntI2cLdd1_GetError
 .text.ExtIntLdd2_OnInterrupt
                0x000047b4       0x14 ./Generated_Code/LEVER_DIR1.o
                0x000047b4                ExtIntLdd2_OnInterrupt
 .text.ExtIntLdd3_OnInterrupt
                0x000047c8       0x14 ./Generated_Code/LEVER_DIR2.o
                0x000047c8                ExtIntLdd3_OnInterrupt
 .text.ExtIntLdd5_OnInterrupt
                0x000047dc       0x14 ./Generated_Code/PUSH_BUTTON_REC.o
                0x000047dc                ExtIntLdd5_OnInterrupt
 .text.ExtIntLdd4_OnInterrupt
                0x000047f0       0x14 ./Generated_Code/PUSH_BUTTON_SEND.o
                0x000047f0                ExtIntLdd4_OnInterrupt
 .text.T_100ms_Init
                0x00004804       0xb0 ./Generated_Code/T_100ms.o
                0x00004804                T_100ms_Init
 .text.T_100ms_Interrupt
                0x000048b4       0x6c ./Generated_Code/T_100ms.o
                0x000048b4                T_100ms_Interrupt
 .text.T_500ms_Init
                0x00004920       0xcc ./Generated_Code/T_500ms.o
                0x00004920                T_500ms_Init
 .text.T_500ms_Interrupt
                0x000049ec       0x6c ./Generated_Code/T_500ms.o
                0x000049ec                T_500ms_Interrupt
 .text.WAIT1_Wait10Cycles
                0x00004a58        0x8 ./Generated_Code/WAIT1.o
                0x00004a58                WAIT1_Wait10Cycles
 .text.WAIT1_Wait100Cycles
                0x00004a60       0x1c ./Generated_Code/WAIT1.o
                0x00004a60                WAIT1_Wait100Cycles
 .text.WAIT1_WaitCycles
                0x00004a7c       0x34 ./Generated_Code/WAIT1.o
                0x00004a7c                WAIT1_WaitCycles
 .text.WAIT1_WaitLongCycles
                0x00004ab0       0x38 ./Generated_Code/WAIT1.o
                0x00004ab0                WAIT1_WaitLongCycles
 .text.WAIT1_Waitms
                0x00004ae8       0x2c ./Generated_Code/WAIT1.o
                0x00004ae8                WAIT1_Waitms
 .text.abort    0x00004b14        0xe c:/freescale/kds_v3/toolchain/bin/../lib/gcc/arm-none-eabi/4.8.4/../../../../arm-none-eabi/lib/armv7e-m\libg_s.a(lib_a-abort.o)
                0x00004b14                abort
 *fill*         0x00004b22        0x2 
 .text.exit     0x00004b24       0x28 c:/freescale/kds_v3/toolchain/bin/../lib/gcc/arm-none-eabi/4.8.4/../../../../arm-none-eabi/lib/armv7e-m\libg_s.a(lib_a-exit.o)
                0x00004b24                exit
 .text.__libc_init_array
                0x00004b4c       0x4c c:/freescale/kds_v3/toolchain/bin/../lib/gcc/arm-none-eabi/4.8.4/../../../../arm-none-eabi/lib/armv7e-m\libg_s.a(lib_a-init.o)
                0x00004b4c                __libc_init_array
 .text.memcpy   0x00004b98       0x12 c:/freescale/kds_v3/toolchain/bin/../lib/gcc/arm-none-eabi/4.8.4/../../../../arm-none-eabi/lib/armv7e-m\libg_s.a(lib_a-memcpy-stub.o)
                0x00004b98                memcpy
 .text.memset   0x00004baa       0x10 c:/freescale/kds_v3/toolchain/bin/../lib/gcc/arm-none-eabi/4.8.4/../../../../arm-none-eabi/lib/armv7e-m\libg_s.a(lib_a-memset.o)
                0x00004baa                memset
 .text._raise_r
                0x00004bba       0x50 c:/freescale/kds_v3/toolchain/bin/../lib/gcc/arm-none-eabi/4.8.4/../../../../arm-none-eabi/lib/armv7e-m\libg_s.a(lib_a-signal.o)
                0x00004bba                _raise_r
 *fill*         0x00004c0a        0x2 
 .text.raise    0x00004c0c       0x10 c:/freescale/kds_v3/toolchain/bin/../lib/gcc/arm-none-eabi/4.8.4/../../../../arm-none-eabi/lib/armv7e-m\libg_s.a(lib_a-signal.o)
                0x00004c0c                raise
 .text._kill_r  0x00004c1c       0x24 c:/freescale/kds_v3/toolchain/bin/../lib/gcc/arm-none-eabi/4.8.4/../../../../arm-none-eabi/lib/armv7e-m\libg_s.a(lib_a-signalr.o)
                0x00004c1c                _kill_r
 .text._getpid_r
                0x00004c40        0x4 c:/freescale/kds_v3/toolchain/bin/../lib/gcc/arm-none-eabi/4.8.4/../../../../arm-none-eabi/lib/armv7e-m\libg_s.a(lib_a-signalr.o)
                0x00004c40                _getpid_r
 .text.strlen   0x00004c44       0x10 c:/freescale/kds_v3/toolchain/bin/../lib/gcc/arm-none-eabi/4.8.4/../../../../arm-none-eabi/lib/armv7e-m\libg_s.a(lib_a-strlen.o)
                0x00004c44                strlen
 .text._getpid  0x00004c54       0x10 c:/freescale/kds_v3/toolchain/bin/../lib/gcc/arm-none-eabi/4.8.4/../../../../arm-none-eabi/lib/armv7e-m\libnosys.a(getpid.o)
                0x00004c54                _getpid
 .text._kill    0x00004c64       0x10 c:/freescale/kds_v3/toolchain/bin/../lib/gcc/arm-none-eabi/4.8.4/../../../../arm-none-eabi/lib/armv7e-m\libnosys.a(kill.o)
                0x00004c64                _kill
 .text._exit    0x00004c74        0x4 c:/freescale/kds_v3/toolchain/bin/../lib/gcc/arm-none-eabi/4.8.4/../../../../arm-none-eabi/lib/armv7e-m\libnosys.a(_exit.o)
                0x00004c74                _exit
 *(.rodata)
 .rodata        0x00004c78      0x108 ./Sources/display.o
 .rodata        0x00004d80        0xc ./Sources/menu.o
 .rodata        0x00004d8c      0x1c0 ./Sources/protocol.o
 *(.rodata*)
 .rodata.SafeRoutine
                0x00004f4c       0x30 ./Generated_Code/IntFlashLdd1.o
 .rodata.str1.1
                0x00004f7c        0x2 c:/freescale/kds_v3/toolchain/bin/../lib/gcc/arm-none-eabi/4.8.4/../../../../arm-none-eabi/lib/armv7e-m\libg_s.a(lib_a-impure.o)
 *fill*         0x00004f7e        0x2 
 .rodata._global_impure_ptr
                0x00004f80        0x4 c:/freescale/kds_v3/toolchain/bin/../lib/gcc/arm-none-eabi/4.8.4/../../../../arm-none-eabi/lib/armv7e-m\libg_s.a(lib_a-impure.o)
                0x00004f80                _global_impure_ptr
 *(.glue_7)
 .glue_7        0x00000000        0x0 linker stubs
 *(.glue_7t)
 .glue_7t       0x00000000        0x0 linker stubs
 *(.eh_frame)
 .eh_frame      0x00004f84        0x0 c:/freescale/kds_v3/toolchain/bin/../lib/gcc/arm-none-eabi/4.8.4/armv7e-m/crtbegin.o
 *(.init)
 .init          0x00004f84        0x4 c:/freescale/kds_v3/toolchain/bin/../lib/gcc/arm-none-eabi/4.8.4/armv7e-m/crti.o
                0x00004f84                _init
 .init          0x00004f88        0x8 c:/freescale/kds_v3/toolchain/bin/../lib/gcc/arm-none-eabi/4.8.4/armv7e-m/crtn.o
 *(.fini)
 .fini          0x00004f90        0x4 c:/freescale/kds_v3/toolchain/bin/../lib/gcc/arm-none-eabi/4.8.4/armv7e-m/crti.o
                0x00004f90                _fini
 .fini          0x00004f94        0x8 c:/freescale/kds_v3/toolchain/bin/../lib/gcc/arm-none-eabi/4.8.4/armv7e-m/crtn.o
                0x00004f9c                . = ALIGN (0x4)
                0x00004f9c                _etext = .

.vfp11_veneer   0x00004f9c        0x0
 .vfp11_veneer  0x00000000        0x0 linker stubs

.v4_bx          0x00004f9c        0x0
 .v4_bx         0x00000000        0x0 linker stubs

.iplt           0x00004f9c        0x0
 .iplt          0x00000000        0x0 c:/freescale/kds_v3/toolchain/bin/../lib/gcc/arm-none-eabi/4.8.4/armv7e-m/crtbegin.o

.ARM.extab      0x00004f9c       0xc0
 *(.ARM.extab* .gnu.linkonce.armextab.*)
 .ARM.extab.text.LCD_command
                0x00004f9c        0xc ./Sources/LCD.o
 .ARM.extab.text.LCD_Set_Cursor
                0x00004fa8        0xc ./Sources/LCD.o
 .ARM.extab.text.LCD_Write
                0x00004fb4        0xc ./Sources/LCD.o
 .ARM.extab.text.load_custom_char
                0x00004fc0        0xc ./Sources/LCD.o
 .ARM.extab.text.LCD_Write_At
                0x00004fcc        0xc ./Sources/LCD.o
 .ARM.extab.text.LCD_Write_Block
                0x00004fd8        0xc ./Sources/LCD.o
 .ARM.extab.text.PCA9670_SendByte
                0x00004fe4        0xc ./Sources/PCA9670.o
 .ARM.extab.text.load_char
                0x00004ff0        0xc ./Sources/display.o
 .ARM.extab.text.menu_init
                0x00004ffc        0xc ./Sources/display.o
 .ARM.extab.text.refresh_menu
                0x00005008        0xc ./Sources/display.o
 .ARM.extab.text.print_menu
                0x00005014        0xc ./Sources/menu.o
 .ARM.extab.text.print_sub_menu
                0x00005020        0xc ./Sources/menu.o
 .ARM.extab.text.menu_select
                0x0000502c        0xc ./Sources/menu.o
 .ARM.extab     0x00005038        0xc c:/freescale/kds_v3/toolchain/bin/../lib/gcc/arm-none-eabi/4.8.4/armv7e-m\libgcc.a(unwind-arm.o)
 .ARM.extab     0x00005044       0x18 c:/freescale/kds_v3/toolchain/bin/../lib/gcc/arm-none-eabi/4.8.4/armv7e-m\libgcc.a(pr-support.o)

.ARM            0x0000505c      0x160
                0x0000505c                __exidx_start = .
 *(.ARM.exidx*)
 .ARM.exidx     0x0000505c        0x8 c:/freescale/kds_v3/toolchain/bin/../lib/gcc/arm-none-eabi/4.8.4/../../../../arm-none-eabi/lib/armv7e-m/crt0.o
 .ARM.exidx.text.LCD_Init
                0x00005124        0x8 ./Sources/LCD.o
 .ARM.exidx.text.LCD_command
                0x0000512c        0x8 ./Sources/LCD.o
 .ARM.exidx.text.LCD_Clear
                0x00005134        0x8 ./Sources/LCD.o
 .ARM.exidx.text.LCD_Set_Cursor
                0x0000513c        0x8 ./Sources/LCD.o
 .ARM.exidx.text.LCD_Write
                0x00005144        0x8 ./Sources/LCD.o
 .ARM.exidx.text.load_custom_char
                0x0000514c        0x8 ./Sources/LCD.o
 .ARM.exidx.text.LCD_Write_At
                0x00005154        0x8 ./Sources/LCD.o
 .ARM.exidx.text.LCD_Write_Block
                0x0000515c        0x8 ./Sources/LCD.o
 .ARM.exidx.text.PCA9670_Init
                0x00005164        0x8 ./Sources/PCA9670.o
 .ARM.exidx.text.PCA9670_SendByte
                0x0000516c        0x8 ./Sources/PCA9670.o
 .ARM.exidx.text.load_char
                0x00005174        0x8 ./Sources/display.o
 .ARM.exidx.text.menu_init
                0x0000517c        0x8 ./Sources/display.o
 .ARM.exidx.text.refresh_menu
                0x00005184        0x8 ./Sources/display.o
 .ARM.exidx.text.velocity_fct
                0x0000518c        0x8 ./Sources/display.o
 .ARM.exidx.text.acceleration_fct
                0x00005194        0x8 ./Sources/display.o
 .ARM.exidx.text.deceleration_fct
                0x0000519c        0x0 ./Sources/display.o
                                  0x8 (size before relaxing)
 .ARM.exidx.text.back_fct
                0x0000519c        0x0 ./Sources/display.o
                                  0x8 (size before relaxing)
 .ARM.exidx.text.pos_velocity_fct
                0x0000519c        0x0 ./Sources/display.o
                                  0x8 (size before relaxing)
 .ARM.exidx.text.pos_acceleration_fct
                0x0000519c        0x0 ./Sources/display.o
                                  0x8 (size before relaxing)
 .ARM.exidx.text.pos_deceleration_fct
                0x0000519c        0x0 ./Sources/display.o
                                  0x8 (size before relaxing)
 .ARM.exidx.text.torque_fct
                0x0000519c        0x0 ./Sources/display.o
                                  0x8 (size before relaxing)
 .ARM.exidx.text.torque_rise_fct
                0x0000519c        0x0 ./Sources/display.o
                                  0x8 (size before relaxing)
 .ARM.exidx.text.torque_fall_fct
                0x0000519c        0x0 ./Sources/display.o
                                  0x8 (size before relaxing)
 .ARM.exidx.text._Z41__static_initialization_and_destruction_0ii
                0x0000519c        0x0 ./Sources/display.o
                                  0x8 (size before relaxing)
 .ARM.exidx.text._GLOBAL__sub_I_back
                0x0000519c        0x0 ./Sources/display.o
                                  0x8 (size before relaxing)
 .ARM.exidx.text.init_menu
                0x0000519c        0x0 ./Sources/menu.o
                                  0x8 (size before relaxing)
 .ARM.exidx.text.init_sub_menu
                0x0000519c        0x0 ./Sources/menu.o
                                  0x8 (size before relaxing)
 .ARM.exidx.text.print_menu
                0x0000519c        0x8 ./Sources/menu.o
 .ARM.exidx.text.print_sub_menu
                0x000051a4        0x8 ./Sources/menu.o
 .ARM.exidx.text.menu_select
                0x000051ac        0x8 ./Sources/menu.o
 .ARM.exidx.text.void_function
                0x000051b4        0x8 ./Sources/menu.o
 .ARM.exidx.text.msg_parse
                0x000051bc        0x0 ./Sources/protocol.o
                                  0x8 (size before relaxing)
 .ARM.exidx.text.msg_processing
                0x000051bc        0x0 ./Sources/protocol.o
                                  0x8 (size before relaxing)
 .ARM.exidx     0x00005064       0x88 c:/freescale/kds_v3/toolchain/bin/../lib/gcc/arm-none-eabi/4.8.4/armv7e-m\libgcc.a(unwind-arm.o)
                                 0xd8 (size before relaxing)
 .ARM.exidx     0x000050ec       0x38 c:/freescale/kds_v3/toolchain/bin/../lib/gcc/arm-none-eabi/4.8.4/armv7e-m\libgcc.a(pr-support.o)
                                 0x48 (size before relaxing)
                0x000051bc                __exidx_end = .

.rel.dyn        0x000051bc        0x0
 .rel.iplt      0x00000000        0x0 c:/freescale/kds_v3/toolchain/bin/../lib/gcc/arm-none-eabi/4.8.4/armv7e-m/crtbegin.o

.ctors          0x000051bc        0x0
                0x000051bc                __CTOR_LIST__ = .
 *crtbegin.o(.ctors)
 *(EXCLUDE_FILE(*crtend.o) .ctors)
 *(SORT(.ctors.*))
 *(.ctors)
                0x000051bc                __CTOR_END__ = .

.dtors          0x000051bc        0x0
                0x000051bc                __DTOR_LIST__ = .
 *crtbegin.o(.dtors)
 *(EXCLUDE_FILE(*crtend.o) .dtors)
 *(SORT(.dtors.*))
 *(.dtors)
                0x000051bc                __DTOR_END__ = .

.preinit_array  0x000051bc        0x0
                0x000051bc                PROVIDE (__preinit_array_start, .)
 *(.preinit_array*)
                0x000051bc                PROVIDE (__preinit_array_end, .)

.init_array     0x000051bc        0x8
                0x000051bc                PROVIDE (__init_array_start, .)
 *(SORT(.init_array.*))
 *(.init_array*)
 .init_array    0x000051bc        0x4 c:/freescale/kds_v3/toolchain/bin/../lib/gcc/arm-none-eabi/4.8.4/armv7e-m/crtbegin.o
 .init_array    0x000051c0        0x4 ./Sources/display.o
                0x000051c4                PROVIDE (__init_array_end, .)

.fini_array     0x000051c4        0x4
                0x000051c4                PROVIDE (__fini_array_start, .)
 *(SORT(.fini_array.*))
 *(.fini_array*)
 .fini_array    0x000051c4        0x4 c:/freescale/kds_v3/toolchain/bin/../lib/gcc/arm-none-eabi/4.8.4/armv7e-m/crtbegin.o
                0x000051c8                PROVIDE (__fini_array_end, .)
                0x000051c8                ___ROM_AT = .

.data           0x1fff8000       0x78 load address 0x000051c8
                0x1fff8000                . = ALIGN (0x4)
                0x1fff8000                _sdata = .
 *(.data)
 *(.data*)
 .data.menu_array_size
                0x1fff8000        0x4 ./Sources/display.o
                0x1fff8000                menu_array_size
 .data._ZL6Get_OK
                0x1fff8004        0x4 ./Sources/protocol.o
 .data._ZL7Get_ERR
                0x1fff8008        0x4 ./Sources/protocol.o
 .data._ZL6Set_OK
                0x1fff800c        0x4 ./Sources/protocol.o
 .data._ZL7Set_ERR
                0x1fff8010        0x4 ./Sources/protocol.o
 .data.impure_data
                0x1fff8014       0x60 c:/freescale/kds_v3/toolchain/bin/../lib/gcc/arm-none-eabi/4.8.4/../../../../arm-none-eabi/lib/armv7e-m\libg_s.a(lib_a-impure.o)
 .data._impure_ptr
                0x1fff8074        0x4 c:/freescale/kds_v3/toolchain/bin/../lib/gcc/arm-none-eabi/4.8.4/../../../../arm-none-eabi/lib/armv7e-m\libg_s.a(lib_a-impure.o)
                0x1fff8074                _impure_ptr
                0x1fff8078                . = ALIGN (0x4)
                0x1fff8078                _edata = .
                0x00000078                ___data_size = (_edata - _sdata)
                0x00005240                ___m_data_20000000_ROMStart = (___ROM_AT + SIZEOF (.data))

.jcr            0x1fff8078        0x0 load address 0x00005240
 .jcr           0x1fff8078        0x0 c:/freescale/kds_v3/toolchain/bin/../lib/gcc/arm-none-eabi/4.8.4/armv7e-m/crtbegin.o

.igot.plt       0x1fff8078        0x0 load address 0x00005240
 .igot.plt      0x00000000        0x0 c:/freescale/kds_v3/toolchain/bin/../lib/gcc/arm-none-eabi/4.8.4/armv7e-m/crtbegin.o

.m_data_20000000
                0x20000000        0x0 load address 0x00005240
                0x20000000                . = ALIGN (0x4)
                0x20000000                ___m_data_20000000_RAMStart = .
 *(.m_data_20000000)
                0x20000000                ___m_data_20000000_RAMEnd = .
                0x20000000                . = ALIGN (0x4)
                0x00000000                ___m_data_20000000_ROMSize = (___m_data_20000000_RAMEnd - ___m_data_20000000_RAMStart)
                0x20000000                . = ALIGN (0x4)

.bss            0x1fff8078      0x524 load address 0x00005240
                0x1fff8078                __START_BSS = .
                0x1fff8078                PROVIDE (__bss_start__, __START_BSS)
 *(.bss)
 .bss           0x1fff8078       0x1c c:/freescale/kds_v3/toolchain/bin/../lib/gcc/arm-none-eabi/4.8.4/armv7e-m/crtbegin.o
 *(.bss*)
 .bss.LCD_flag  0x1fff8094        0x1 ./Sources/LCD.o
                0x1fff8094                LCD_flag
 *fill*         0x1fff8095        0x3 
 .bss.back      0x1fff8098       0x10 ./Sources/display.o
                0x1fff8098                back
 .bss.vel_velocity
                0x1fff80a8       0x10 ./Sources/display.o
                0x1fff80a8                vel_velocity
 .bss.vel_acc   0x1fff80b8       0x10 ./Sources/display.o
                0x1fff80b8                vel_acc
 .bss.vel_dec   0x1fff80c8       0x10 ./Sources/display.o
                0x1fff80c8                vel_dec
 .bss.vel_cue   0x1fff80d8       0x10 ./Sources/display.o
                0x1fff80d8                vel_cue
 .bss.menu_velocity
                0x1fff80e8       0x50 ./Sources/display.o
                0x1fff80e8                menu_velocity
 .bss.pos_velocity
                0x1fff8138       0x10 ./Sources/display.o
                0x1fff8138                pos_velocity
 .bss.pos_acc   0x1fff8148       0x10 ./Sources/display.o
                0x1fff8148                pos_acc
 .bss.pos_dec   0x1fff8158       0x10 ./Sources/display.o
                0x1fff8158                pos_dec
 .bss.pos_cue   0x1fff8168       0x10 ./Sources/display.o
                0x1fff8168                pos_cue
 .bss.menu_position
                0x1fff8178       0x50 ./Sources/display.o
                0x1fff8178                menu_position
 .bss.tor_torque
                0x1fff81c8       0x10 ./Sources/display.o
                0x1fff81c8                tor_torque
 .bss.tor_torque_rise
                0x1fff81d8       0x10 ./Sources/display.o
                0x1fff81d8                tor_torque_rise
 .bss.tor_torque_fall
                0x1fff81e8       0x10 ./Sources/display.o
                0x1fff81e8                tor_torque_fall
 .bss.tor_cue   0x1fff81f8       0x10 ./Sources/display.o
                0x1fff81f8                tor_cue
 .bss.menu_torque
                0x1fff8208       0x50 ./Sources/display.o
                0x1fff8208                menu_torque
 .bss.velocity  0x1fff8258        0xc ./Sources/display.o
                0x1fff8258                velocity
 .bss.position  0x1fff8264        0xc ./Sources/display.o
                0x1fff8264                position
 .bss.torque    0x1fff8270        0xc ./Sources/display.o
                0x1fff8270                torque
 .bss.setting   0x1fff827c        0xc ./Sources/display.o
                0x1fff827c                setting
 .bss._ZL10menu_array
                0x1fff8288       0x30 ./Sources/display.o
 .bss.in_buffer
                0x1fff82b8       0x80 ./Sources/protocol.o
                0x1fff82b8                in_buffer
 .bss.cnt       0x1fff8338        0x1 ./Sources/protocol.o
                0x1fff8338                cnt
 .bss.FLAG_MSG_RCV
                0x1fff8339        0x1 ./Sources/protocol.o
                0x1fff8339                FLAG_MSG_RCV
 .bss.FLAG_MSG_ERR
                0x1fff833a        0x1 ./Sources/protocol.o
                0x1fff833a                FLAG_MSG_ERR
 .bss.FLAG_MSG_OK
                0x1fff833b        0x1 ./Sources/protocol.o
                0x1fff833b                FLAG_MSG_OK
 .bss.nb_data   0x1fff833c        0x4 ./Sources/protocol.o
                0x1fff833c                nb_data
 .bss.SerFlag   0x1fff8340        0x2 ./Generated_Code/AS1.o
 .bss.AS1_InpLen
                0x1fff8342        0x2 ./Generated_Code/AS1.o
 .bss.InpIndexR
                0x1fff8344        0x2 ./Generated_Code/AS1.o
 .bss.InpIndexW
                0x1fff8346        0x2 ./Generated_Code/AS1.o
 .bss.InpBuffer
                0x1fff8348       0x80 ./Generated_Code/AS1.o
 .bss.BufferRead
                0x1fff83c8        0x1 ./Generated_Code/AS1.o
 *fill*         0x1fff83c9        0x1 
 .bss.AS1_OutLen
                0x1fff83ca        0x2 ./Generated_Code/AS1.o
 .bss.OutIndexR
                0x1fff83cc        0x2 ./Generated_Code/AS1.o
 .bss.OutIndexW
                0x1fff83ce        0x2 ./Generated_Code/AS1.o
 .bss.OutBuffer
                0x1fff83d0       0x80 ./Generated_Code/AS1.o
 .bss.OnFreeTxBufSemaphore
                0x1fff8450        0x1 ./Generated_Code/AS1.o
 *fill*         0x1fff8451        0x3 
 .bss.DeviceDataPrv__DEFAULT_RTOS_ALLOC
                0x1fff8454       0x20 ./Generated_Code/ASerialLdd1.o
 .bss.INT_UART0_RX_TX__DEFAULT_RTOS_ISRPARAM
                0x1fff8474        0x4 ./Generated_Code/ASerialLdd1.o
 .bss.INT_UART0_ERR__DEFAULT_RTOS_ISRPARAM
                0x1fff8478        0x4 ./Generated_Code/ASerialLdd1.o
 .bss.DeviceDataPrv__DEFAULT_RTOS_ALLOC
                0x1fff847c        0x4 ./Generated_Code/BitIoLdd1.o
 .bss.DeviceDataPrv__DEFAULT_RTOS_ALLOC
                0x1fff8480        0x4 ./Generated_Code/BitIoLdd2.o
 .bss.DeviceDataPrv__DEFAULT_RTOS_ALLOC
                0x1fff8484        0x4 ./Generated_Code/BitIoLdd3.o
 .bss.DeviceDataPrv__DEFAULT_RTOS_ALLOC
                0x1fff8488        0x4 ./Generated_Code/BitIoLdd4.o
 .bss.DeviceDataPrv__DEFAULT_RTOS_ALLOC
                0x1fff848c        0x4 ./Generated_Code/BitIoLdd5.o
 .bss.DeviceDataPrv__DEFAULT_RTOS_ALLOC
                0x1fff8490        0x4 ./Generated_Code/BitIoLdd6.o
 .bss.DeviceDataPrv__DEFAULT_RTOS_ALLOC
                0x1fff8494        0x4 ./Generated_Code/BitIoLdd7.o
 .bss.SR_lock   0x1fff8498        0x1 ./Generated_Code/Cpu.o
                0x1fff8498                SR_lock
 *fill*         0x1fff8499        0x3 
 .bss.DeviceDataPrv__DEFAULT_RTOS_ALLOC
                0x1fff849c        0xc ./Generated_Code/ENCODER.o
 .bss.INT_PORTC__DEFAULT_RTOS_ISRPARAM
                0x1fff84a8        0x4 ./Generated_Code/ENCODER.o
 .bss.DeviceDataPrv__DEFAULT_RTOS_ALLOC
                0x1fff84ac        0x4 ./Generated_Code/ExtIntLdd1.o
 .bss.INT_PORTC__DEFAULT_RTOS_ISRPARAM
                0x1fff84b0        0x4 ./Generated_Code/ExtIntLdd1.o
 .bss.DeviceDataPrv__DEFAULT_RTOS_ALLOC
                0x1fff84b4        0x4 ./Generated_Code/ExtIntLdd2.o
 .bss.INT_PORTC__DEFAULT_RTOS_ISRPARAM
                0x1fff84b8        0x4 ./Generated_Code/ExtIntLdd2.o
 .bss.DeviceDataPrv__DEFAULT_RTOS_ALLOC
                0x1fff84bc        0x4 ./Generated_Code/ExtIntLdd3.o
 .bss.INT_PORTC__DEFAULT_RTOS_ISRPARAM
                0x1fff84c0        0x4 ./Generated_Code/ExtIntLdd3.o
 .bss.DeviceDataPrv__DEFAULT_RTOS_ALLOC
                0x1fff84c4        0x4 ./Generated_Code/ExtIntLdd4.o
 .bss.INT_PORTC__DEFAULT_RTOS_ISRPARAM
                0x1fff84c8        0x4 ./Generated_Code/ExtIntLdd4.o
 .bss.DeviceDataPrv__DEFAULT_RTOS_ALLOC
                0x1fff84cc        0x4 ./Generated_Code/ExtIntLdd5.o
 .bss.INT_PORTC__DEFAULT_RTOS_ISRPARAM
                0x1fff84d0        0x4 ./Generated_Code/ExtIntLdd5.o
 .bss.OutLenM   0x1fff84d4        0x2 ./Generated_Code/I2C0.o
 .bss.ChrTemp   0x1fff84d6        0x1 ./Generated_Code/I2C0.o
 *fill*         0x1fff84d7        0x1 
 .bss.IFsh1_CurrentCommand
                0x1fff84d8        0x4 ./Generated_Code/IFsh1.o
 .bss.IFsh1_CmdResult
                0x1fff84dc        0x1 ./Generated_Code/IFsh1.o
 .bss.IFsh1_CmdPending
                0x1fff84dd        0x1 ./Generated_Code/IFsh1.o
 .bss.IFsh1_EnEvent
                0x1fff84de        0x1 ./Generated_Code/IFsh1.o
 *fill*         0x1fff84df        0x1 
 .bss.IntFlashLdd1_DevDataPtr
                0x1fff84e0        0x4 ./Generated_Code/IFsh1.o
 .bss.DeviceDataPrv__DEFAULT_RTOS_ALLOC
                0x1fff84e4       0x18 ./Generated_Code/IntFlashLdd1.o
 .bss.INT_FTFL__DEFAULT_RTOS_ISRPARAM
                0x1fff84fc        0x4 ./Generated_Code/IntFlashLdd1.o
 .bss.INT_Read_Collision__DEFAULT_RTOS_ISRPARAM
                0x1fff8500        0x4 ./Generated_Code/IntFlashLdd1.o
 .bss.DeviceDataPrv__DEFAULT_RTOS_ALLOC
                0x1fff8504       0x1c ./Generated_Code/IntI2cLdd1.o
 .bss.INT_I2C0__DEFAULT_RTOS_ISRPARAM
                0x1fff8520        0x4 ./Generated_Code/IntI2cLdd1.o
 .bss.PE_LDD_DeviceDataList
                0x1fff8524       0x48 ./Generated_Code/PE_LDD.o
                0x1fff8524                PE_LDD_DeviceDataList
 .bss.DeviceDataPrv__DEFAULT_RTOS_ALLOC
                0x1fff856c        0xc ./Generated_Code/T_100ms.o
 .bss.INT_FTM1__DEFAULT_RTOS_ISRPARAM
                0x1fff8578        0x4 ./Generated_Code/T_100ms.o
 .bss.DeviceDataPrv__DEFAULT_RTOS_ALLOC
                0x1fff857c        0x8 ./Generated_Code/T_500ms.o
 .bss.INT_FTM0__DEFAULT_RTOS_ISRPARAM
                0x1fff8584        0x4 ./Generated_Code/T_500ms.o
 *(COMMON)
 COMMON         0x1fff8588        0x4 ./Generated_Code/AS1.o
                0x1fff8588                ASerialLdd1_DeviceDataPtr
 COMMON         0x1fff858c        0x1 ./Generated_Code/Cpu.o
                0x1fff858c                SR_reg
 *fill*         0x1fff858d        0x3 
 COMMON         0x1fff8590        0x8 ./Generated_Code/I2C0.o
                0x1fff8590                I2C0_SndRcvTemp
                0x1fff8594                IntI2cLdd1_DeviceDataPtr
 COMMON         0x1fff8598        0x4 c:/freescale/kds_v3/toolchain/bin/../lib/gcc/arm-none-eabi/4.8.4/../../../../arm-none-eabi/lib/armv7e-m\libg_s.a(lib_a-reent.o)
                0x1fff8598                errno
                0x1fff859c                . = ALIGN (0x4)
                0x1fff859c                __END_BSS = .
                0x1fff859c                PROVIDE (__bss_end__, __END_BSS)
                0x00005240                _romp_at = ((___ROM_AT + SIZEOF (.data)) + SIZEOF (.m_data_20000000))

.romp           0x1fff859c       0x24 load address 0x00005240
                0x00005240                __S_romp = _romp_at
                0x1fff859c        0x4 LONG 0x51c8 ___ROM_AT
                0x1fff85a0        0x4 LONG 0x1fff8000 _sdata
                0x1fff85a4        0x4 LONG 0x78 ___data_size
                0x1fff85a8        0x4 LONG 0x5240 ___m_data_20000000_ROMStart
                0x1fff85ac        0x4 LONG 0x20000000 ___m_data_20000000_RAMStart
                0x1fff85b0        0x4 LONG 0x0 ___m_data_20000000_ROMSize
                0x1fff85b4        0x4 LONG 0x0
                0x1fff85b8        0x4 LONG 0x0
                0x1fff85bc        0x4 LONG 0x0
                0x00040000                text_end = (ORIGIN (m_text) + 0x3fbf0)
                0x00005264                data_init_end = ((___m_data_20000000_ROMStart + SIZEOF (.m_data_20000000)) + SIZEOF (.romp))
                0x00000001                ASSERT ((data_init_end <= text_end), region m_text overflowed with text and data)

._user_heap_stack
                0x1fff85c0      0x400 load address 0x00005264
                0x1fff85c0                . = ALIGN (0x4)
                0x1fff85c0                PROVIDE (end, .)
                0x1fff85c0                PROVIDE (_end, .)
                0x1fff85c0                PROVIDE (__end__, .)
                0x1fff85c0                __heap_addr = .
                0x1fff85c0                __HeapBase = .
                0x1fff85c0                . = (. + __heap_size)
                0x1fff85c0                __HeapLimit = .
                0x1fff89c0                . = (. + __stack_size)
 *fill*         0x1fff85c0      0x400 
                0x1fff89c0                . = ALIGN (0x4)

.ARM.attributes
                0x00000000       0x2a
 *(.ARM.attributes)
 .ARM.attributes
                0x00000000       0x1e c:/freescale/kds_v3/toolchain/bin/../lib/gcc/arm-none-eabi/4.8.4/armv7e-m/crti.o
 .ARM.attributes
                0x0000001e       0x2e c:/freescale/kds_v3/toolchain/bin/../lib/gcc/arm-none-eabi/4.8.4/armv7e-m/crtbegin.o
 .ARM.attributes
                0x0000004c       0x1c c:/freescale/kds_v3/toolchain/bin/../lib/gcc/arm-none-eabi/4.8.4/../../../../arm-none-eabi/lib/armv7e-m/crt0.o
 .ARM.attributes
                0x00000068       0x33 ./Sources/Events.o
 .ARM.attributes
                0x0000009b       0x33 ./Sources/LCD.o
 .ARM.attributes
                0x000000ce       0x33 ./Sources/PCA9670.o
 .ARM.attributes
                0x00000101       0x33 ./Sources/display.o
 .ARM.attributes
                0x00000134       0x33 ./Sources/main.o
 .ARM.attributes
                0x00000167       0x33 ./Sources/menu.o
 .ARM.attributes
                0x0000019a       0x33 ./Sources/protocol.o
 .ARM.attributes
                0x000001cd       0x33 ./Project_Settings/Startup_Code/startup.o
 .ARM.attributes
                0x00000200       0x33 ./Generated_Code/AS1.o
 .ARM.attributes
                0x00000233       0x33 ./Generated_Code/ASerialLdd1.o
 .ARM.attributes
                0x00000266       0x33 ./Generated_Code/BitIoLdd1.o
 .ARM.attributes
                0x00000299       0x33 ./Generated_Code/BitIoLdd2.o
 .ARM.attributes
                0x000002cc       0x33 ./Generated_Code/BitIoLdd3.o
 .ARM.attributes
                0x000002ff       0x33 ./Generated_Code/BitIoLdd4.o
 .ARM.attributes
                0x00000332       0x33 ./Generated_Code/BitIoLdd5.o
 .ARM.attributes
                0x00000365       0x33 ./Generated_Code/BitIoLdd6.o
 .ARM.attributes
                0x00000398       0x33 ./Generated_Code/BitIoLdd7.o
 .ARM.attributes
                0x000003cb       0x33 ./Generated_Code/Cpu.o
 .ARM.attributes
                0x000003fe       0x33 ./Generated_Code/ENCODER.o
 .ARM.attributes
                0x00000431       0x33 ./Generated_Code/ENCODER_PUSH.o
 .ARM.attributes
                0x00000464       0x33 ./Generated_Code/ExtIntLdd1.o
 .ARM.attributes
                0x00000497       0x33 ./Generated_Code/ExtIntLdd2.o
 .ARM.attributes
                0x000004ca       0x33 ./Generated_Code/ExtIntLdd3.o
 .ARM.attributes
                0x000004fd       0x33 ./Generated_Code/ExtIntLdd4.o
 .ARM.attributes
                0x00000530       0x33 ./Generated_Code/ExtIntLdd5.o
 .ARM.attributes
                0x00000563       0x33 ./Generated_Code/I2C0.o
 .ARM.attributes
                0x00000596       0x33 ./Generated_Code/IFsh1.o
 .ARM.attributes
                0x000005c9       0x33 ./Generated_Code/IntFlashLdd1.o
 .ARM.attributes
                0x000005fc       0x33 ./Generated_Code/IntI2cLdd1.o
 .ARM.attributes
                0x0000062f       0x33 ./Generated_Code/LEVER_DIR1.o
 .ARM.attributes
                0x00000662       0x33 ./Generated_Code/LEVER_DIR2.o
 .ARM.attributes
                0x00000695       0x33 ./Generated_Code/PE_LDD.o
 .ARM.attributes
                0x000006c8       0x33 ./Generated_Code/PUSH_BUTTON_REC.o
 .ARM.attributes
                0x000006fb       0x33 ./Generated_Code/PUSH_BUTTON_SEND.o
 .ARM.attributes
                0x0000072e       0x33 ./Generated_Code/T_100ms.o
 .ARM.attributes
                0x00000761       0x33 ./Generated_Code/T_500ms.o
 .ARM.attributes
                0x00000794       0x33 ./Generated_Code/Vectors.o
 .ARM.attributes
                0x000007c7       0x33 ./Generated_Code/WAIT1.o
 .ARM.attributes
                0x000007fa       0x2e c:/freescale/kds_v3/toolchain/bin/../lib/gcc/arm-none-eabi/4.8.4/../../../../arm-none-eabi/lib/armv7e-m\libg_s.a(lib_a-exit.o)
 .ARM.attributes
                0x00000828       0x2e c:/freescale/kds_v3/toolchain/bin/../lib/gcc/arm-none-eabi/4.8.4/../../../../arm-none-eabi/lib/armv7e-m\libg_s.a(lib_a-impure.o)
 .ARM.attributes
                0x00000856       0x2e c:/freescale/kds_v3/toolchain/bin/../lib/gcc/arm-none-eabi/4.8.4/../../../../arm-none-eabi/lib/armv7e-m\libg_s.a(lib_a-init.o)
 .ARM.attributes
                0x00000884       0x2e c:/freescale/kds_v3/toolchain/bin/../lib/gcc/arm-none-eabi/4.8.4/../../../../arm-none-eabi/lib/armv7e-m\libg_s.a(lib_a-memset.o)
 .ARM.attributes
                0x000008b2       0x1c c:/freescale/kds_v3/toolchain/bin/../lib/gcc/arm-none-eabi/4.8.4/../../../../arm-none-eabi/lib/armv7e-m\libg_s.a(lib_a-strcmp.o)
 .ARM.attributes
                0x000008ce       0x2e c:/freescale/kds_v3/toolchain/bin/../lib/gcc/arm-none-eabi/4.8.4/../../../../arm-none-eabi/lib/armv7e-m\libg_s.a(lib_a-strlen.o)
 .ARM.attributes
                0x000008fc       0x2e c:/freescale/kds_v3/toolchain/bin/../lib/gcc/arm-none-eabi/4.8.4/../../../../arm-none-eabi/lib/armv7e-m\libnosys.a(_exit.o)
 .ARM.attributes
                0x0000092a       0x1e c:/freescale/kds_v3/toolchain/bin/../lib/gcc/arm-none-eabi/4.8.4/armv7e-m/crtn.o
OUTPUT(varmo_lite.elf elf32-littlearm)

.debug_info     0x00000000     0xa072
 .debug_info    0x00000000      0x599 ./Sources/Events.o
 .debug_info    0x00000599      0x36b ./Sources/LCD.o
 .debug_info    0x00000904      0x113 ./Sources/PCA9670.o
 .debug_info    0x00000a17      0x567 ./Sources/display.o
 .debug_info    0x00000f7e      0x425 ./Sources/main.o
 .debug_info    0x000013a3      0x440 ./Sources/menu.o
 .debug_info    0x000017e3      0x5f3 ./Sources/protocol.o
 .debug_info    0x00001dd6      0x20a ./Project_Settings/Startup_Code/startup.o
 .debug_info    0x00001fe0      0x52b ./Generated_Code/AS1.o
 .debug_info    0x0000250b      0x9dc ./Generated_Code/ASerialLdd1.o
 .debug_info    0x00002ee7      0x377 ./Generated_Code/BitIoLdd1.o
 .debug_info    0x0000325e      0x377 ./Generated_Code/BitIoLdd2.o
 .debug_info    0x000035d5      0x377 ./Generated_Code/BitIoLdd3.o
 .debug_info    0x0000394c      0x377 ./Generated_Code/BitIoLdd4.o
 .debug_info    0x00003cc3      0x377 ./Generated_Code/BitIoLdd5.o
 .debug_info    0x0000403a      0x377 ./Generated_Code/BitIoLdd6.o
 .debug_info    0x000043b1      0x351 ./Generated_Code/BitIoLdd7.o
 .debug_info    0x00004702      0xa70 ./Generated_Code/Cpu.o
 .debug_info    0x00005172      0x647 ./Generated_Code/ENCODER.o
 .debug_info    0x000057b9       0xb2 ./Generated_Code/ENCODER_PUSH.o
 .debug_info    0x0000586b      0x43c ./Generated_Code/ExtIntLdd1.o
 .debug_info    0x00005ca7      0x43c ./Generated_Code/ExtIntLdd2.o
 .debug_info    0x000060e3      0x43c ./Generated_Code/ExtIntLdd3.o
 .debug_info    0x0000651f      0x43c ./Generated_Code/ExtIntLdd4.o
 .debug_info    0x0000695b      0x43c ./Generated_Code/ExtIntLdd5.o
 .debug_info    0x00006d97      0x3a1 ./Generated_Code/I2C0.o
 .debug_info    0x00007138      0x438 ./Generated_Code/IFsh1.o
 .debug_info    0x00007570      0xca0 ./Generated_Code/IntFlashLdd1.o
 .debug_info    0x00008210      0x9e5 ./Generated_Code/IntI2cLdd1.o
 .debug_info    0x00008bf5       0xb2 ./Generated_Code/LEVER_DIR1.o
 .debug_info    0x00008ca7       0xb2 ./Generated_Code/LEVER_DIR2.o
 .debug_info    0x00008d59      0x24d ./Generated_Code/PE_LDD.o
 .debug_info    0x00008fa6       0xb2 ./Generated_Code/PUSH_BUTTON_REC.o
 .debug_info    0x00009058       0xb2 ./Generated_Code/PUSH_BUTTON_SEND.o
 .debug_info    0x0000910a      0x6c8 ./Generated_Code/T_100ms.o
 .debug_info    0x000097d2      0x63b ./Generated_Code/T_500ms.o
 .debug_info    0x00009e0d      0x116 ./Generated_Code/Vectors.o
 .debug_info    0x00009f23      0x14f ./Generated_Code/WAIT1.o

.debug_abbrev   0x00000000     0x2f72
 .debug_abbrev  0x00000000      0x204 ./Sources/Events.o
 .debug_abbrev  0x00000204      0x109 ./Sources/LCD.o
 .debug_abbrev  0x0000030d       0xaa ./Sources/PCA9670.o
 .debug_abbrev  0x000003b7      0x18c ./Sources/display.o
 .debug_abbrev  0x00000543      0x13f ./Sources/main.o
 .debug_abbrev  0x00000682      0x11b ./Sources/menu.o
 .debug_abbrev  0x0000079d      0x1ad ./Sources/protocol.o
 .debug_abbrev  0x0000094a      0x11e ./Project_Settings/Startup_Code/startup.o
 .debug_abbrev  0x00000a68      0x1d6 ./Generated_Code/AS1.o
 .debug_abbrev  0x00000c3e      0x1db ./Generated_Code/ASerialLdd1.o
 .debug_abbrev  0x00000e19      0x15f ./Generated_Code/BitIoLdd1.o
 .debug_abbrev  0x00000f78      0x15f ./Generated_Code/BitIoLdd2.o
 .debug_abbrev  0x000010d7      0x15f ./Generated_Code/BitIoLdd3.o
 .debug_abbrev  0x00001236      0x15f ./Generated_Code/BitIoLdd4.o
 .debug_abbrev  0x00001395      0x15f ./Generated_Code/BitIoLdd5.o
 .debug_abbrev  0x000014f4      0x15f ./Generated_Code/BitIoLdd6.o
 .debug_abbrev  0x00001653      0x136 ./Generated_Code/BitIoLdd7.o
 .debug_abbrev  0x00001789      0x178 ./Generated_Code/Cpu.o
 .debug_abbrev  0x00001901      0x1ba ./Generated_Code/ENCODER.o
 .debug_abbrev  0x00001abb       0x68 ./Generated_Code/ENCODER_PUSH.o
 .debug_abbrev  0x00001b23      0x15d ./Generated_Code/ExtIntLdd1.o
 .debug_abbrev  0x00001c80      0x15d ./Generated_Code/ExtIntLdd2.o
 .debug_abbrev  0x00001ddd      0x15d ./Generated_Code/ExtIntLdd3.o
 .debug_abbrev  0x00001f3a      0x15d ./Generated_Code/ExtIntLdd4.o
 .debug_abbrev  0x00002097      0x15d ./Generated_Code/ExtIntLdd5.o
 .debug_abbrev  0x000021f4      0x179 ./Generated_Code/I2C0.o
 .debug_abbrev  0x0000236d      0x15c ./Generated_Code/IFsh1.o
 .debug_abbrev  0x000024c9      0x239 ./Generated_Code/IntFlashLdd1.o
 .debug_abbrev  0x00002702      0x18b ./Generated_Code/IntI2cLdd1.o
 .debug_abbrev  0x0000288d       0x68 ./Generated_Code/LEVER_DIR1.o
 .debug_abbrev  0x000028f5       0x68 ./Generated_Code/LEVER_DIR2.o
 .debug_abbrev  0x0000295d      0x10d ./Generated_Code/PE_LDD.o
 .debug_abbrev  0x00002a6a       0x68 ./Generated_Code/PUSH_BUTTON_REC.o
 .debug_abbrev  0x00002ad2       0x68 ./Generated_Code/PUSH_BUTTON_SEND.o
 .debug_abbrev  0x00002b3a      0x179 ./Generated_Code/T_100ms.o
 .debug_abbrev  0x00002cb3      0x16a ./Generated_Code/T_500ms.o
 .debug_abbrev  0x00002e1d       0xa4 ./Generated_Code/Vectors.o
 .debug_abbrev  0x00002ec1       0xb1 ./Generated_Code/WAIT1.o

.debug_aranges  0x00000000      0xa80
 .debug_aranges
                0x00000000       0xb0 ./Sources/Events.o
 .debug_aranges
                0x000000b0       0x88 ./Sources/LCD.o
 .debug_aranges
                0x00000138       0x28 ./Sources/PCA9670.o
 .debug_aranges
                0x00000160       0x98 ./Sources/display.o
 .debug_aranges
                0x000001f8       0x20 ./Sources/main.o
 .debug_aranges
                0x00000218       0x58 ./Sources/menu.o
 .debug_aranges
                0x00000270       0x48 ./Sources/protocol.o
 .debug_aranges
                0x000002b8       0x50 ./Project_Settings/Startup_Code/startup.o
 .debug_aranges
                0x00000308       0x90 ./Generated_Code/AS1.o
 .debug_aranges
                0x00000398       0x50 ./Generated_Code/ASerialLdd1.o
 .debug_aranges
                0x000003e8       0x48 ./Generated_Code/BitIoLdd1.o
 .debug_aranges
                0x00000430       0x48 ./Generated_Code/BitIoLdd2.o
 .debug_aranges
                0x00000478       0x48 ./Generated_Code/BitIoLdd3.o
 .debug_aranges
                0x000004c0       0x48 ./Generated_Code/BitIoLdd4.o
 .debug_aranges
                0x00000508       0x48 ./Generated_Code/BitIoLdd5.o
 .debug_aranges
                0x00000550       0x48 ./Generated_Code/BitIoLdd6.o
 .debug_aranges
                0x00000598       0x40 ./Generated_Code/BitIoLdd7.o
 .debug_aranges
                0x000005d8       0x40 ./Generated_Code/Cpu.o
 .debug_aranges
                0x00000618       0x60 ./Generated_Code/ENCODER.o
 .debug_aranges
                0x00000678       0x20 ./Generated_Code/ENCODER_PUSH.o
 .debug_aranges
                0x00000698       0x30 ./Generated_Code/ExtIntLdd1.o
 .debug_aranges
                0x000006c8       0x30 ./Generated_Code/ExtIntLdd2.o
 .debug_aranges
                0x000006f8       0x30 ./Generated_Code/ExtIntLdd3.o
 .debug_aranges
                0x00000728       0x30 ./Generated_Code/ExtIntLdd4.o
 .debug_aranges
                0x00000758       0x30 ./Generated_Code/ExtIntLdd5.o
 .debug_aranges
                0x00000788       0x68 ./Generated_Code/I2C0.o
 .debug_aranges
                0x000007f0       0x60 ./Generated_Code/IFsh1.o
 .debug_aranges
                0x00000850       0x68 ./Generated_Code/IntFlashLdd1.o
 .debug_aranges
                0x000008b8       0x60 ./Generated_Code/IntI2cLdd1.o
 .debug_aranges
                0x00000918       0x20 ./Generated_Code/LEVER_DIR1.o
 .debug_aranges
                0x00000938       0x20 ./Generated_Code/LEVER_DIR2.o
 .debug_aranges
                0x00000958       0x30 ./Generated_Code/PE_LDD.o
 .debug_aranges
                0x00000988       0x20 ./Generated_Code/PUSH_BUTTON_REC.o
 .debug_aranges
                0x000009a8       0x20 ./Generated_Code/PUSH_BUTTON_SEND.o
 .debug_aranges
                0x000009c8       0x38 ./Generated_Code/T_100ms.o
 .debug_aranges
                0x00000a00       0x28 ./Generated_Code/T_500ms.o
 .debug_aranges
                0x00000a28       0x18 ./Generated_Code/Vectors.o
 .debug_aranges
                0x00000a40       0x40 ./Generated_Code/WAIT1.o

.debug_ranges   0x00000000      0x818
 .debug_ranges  0x00000000       0xa0 ./Sources/Events.o
 .debug_ranges  0x000000a0       0x78 ./Sources/LCD.o
 .debug_ranges  0x00000118       0x18 ./Sources/PCA9670.o
 .debug_ranges  0x00000130       0x88 ./Sources/display.o
 .debug_ranges  0x000001b8       0x10 ./Sources/main.o
 .debug_ranges  0x000001c8       0x48 ./Sources/menu.o
 .debug_ranges  0x00000210       0x38 ./Sources/protocol.o
 .debug_ranges  0x00000248       0x40 ./Project_Settings/Startup_Code/startup.o
 .debug_ranges  0x00000288       0x80 ./Generated_Code/AS1.o
 .debug_ranges  0x00000308       0x40 ./Generated_Code/ASerialLdd1.o
 .debug_ranges  0x00000348       0x38 ./Generated_Code/BitIoLdd1.o
 .debug_ranges  0x00000380       0x38 ./Generated_Code/BitIoLdd2.o
 .debug_ranges  0x000003b8       0x38 ./Generated_Code/BitIoLdd3.o
 .debug_ranges  0x000003f0       0x38 ./Generated_Code/BitIoLdd4.o
 .debug_ranges  0x00000428       0x38 ./Generated_Code/BitIoLdd5.o
 .debug_ranges  0x00000460       0x38 ./Generated_Code/BitIoLdd6.o
 .debug_ranges  0x00000498       0x30 ./Generated_Code/BitIoLdd7.o
 .debug_ranges  0x000004c8       0x30 ./Generated_Code/Cpu.o
 .debug_ranges  0x000004f8       0x50 ./Generated_Code/ENCODER.o
 .debug_ranges  0x00000548       0x10 ./Generated_Code/ENCODER_PUSH.o
 .debug_ranges  0x00000558       0x20 ./Generated_Code/ExtIntLdd1.o
 .debug_ranges  0x00000578       0x20 ./Generated_Code/ExtIntLdd2.o
 .debug_ranges  0x00000598       0x20 ./Generated_Code/ExtIntLdd3.o
 .debug_ranges  0x000005b8       0x20 ./Generated_Code/ExtIntLdd4.o
 .debug_ranges  0x000005d8       0x20 ./Generated_Code/ExtIntLdd5.o
 .debug_ranges  0x000005f8       0x58 ./Generated_Code/I2C0.o
 .debug_ranges  0x00000650       0x50 ./Generated_Code/IFsh1.o
 .debug_ranges  0x000006a0       0x58 ./Generated_Code/IntFlashLdd1.o
 .debug_ranges  0x000006f8       0x50 ./Generated_Code/IntI2cLdd1.o
 .debug_ranges  0x00000748       0x10 ./Generated_Code/LEVER_DIR1.o
 .debug_ranges  0x00000758       0x10 ./Generated_Code/LEVER_DIR2.o
 .debug_ranges  0x00000768       0x20 ./Generated_Code/PE_LDD.o
 .debug_ranges  0x00000788       0x10 ./Generated_Code/PUSH_BUTTON_REC.o
 .debug_ranges  0x00000798       0x10 ./Generated_Code/PUSH_BUTTON_SEND.o
 .debug_ranges  0x000007a8       0x28 ./Generated_Code/T_100ms.o
 .debug_ranges  0x000007d0       0x18 ./Generated_Code/T_500ms.o
 .debug_ranges  0x000007e8       0x30 ./Generated_Code/WAIT1.o

.debug_macro    0x00000000    0x289db
 .debug_macro   0x00000000      0x414 ./Sources/Events.o
 .debug_macro   0x00000414      0x84a ./Sources/Events.o
 .debug_macro   0x00000c5e       0x16 ./Sources/Events.o
 .debug_macro   0x00000c74       0x44 ./Sources/Events.o
 .debug_macro   0x00000cb8      0x209 ./Sources/Events.o
 .debug_macro   0x00000ec1     0x182b ./Sources/Events.o
 .debug_macro   0x000026ec      0x14e ./Sources/Events.o
 .debug_macro   0x0000283a       0x6a ./Sources/Events.o
 .debug_macro   0x000028a4     0xd4f6 ./Sources/Events.o
 .debug_macro   0x0000fd9a       0x94 ./Sources/Events.o
 .debug_macro   0x0000fe2e       0x94 ./Sources/Events.o
 .debug_macro   0x0000fec2      0x12c ./Sources/Events.o
 .debug_macro   0x0000ffee       0x46 ./Sources/Events.o
 .debug_macro   0x00010034       0x26 ./Sources/Events.o
 .debug_macro   0x0001005a      0x6a6 ./Sources/Events.o
 .debug_macro   0x00010700       0x51 ./Sources/Events.o
 .debug_macro   0x00010751       0x4c ./Sources/Events.o
 .debug_macro   0x0001079d       0x26 ./Sources/Events.o
 .debug_macro   0x000107c3       0x4c ./Sources/Events.o
 .debug_macro   0x0001080f       0x26 ./Sources/Events.o
 .debug_macro   0x00010835       0x4c ./Sources/Events.o
 .debug_macro   0x00010881       0x26 ./Sources/Events.o
 .debug_macro   0x000108a7       0x4c ./Sources/Events.o
 .debug_macro   0x000108f3       0x26 ./Sources/Events.o
 .debug_macro   0x00010919      0x4ea ./Sources/Events.o
 .debug_macro   0x00010e03       0xa5 ./Sources/Events.o
 .debug_macro   0x00010ea8       0x34 ./Sources/Events.o
 .debug_macro   0x00010edc       0x34 ./Sources/Events.o
 .debug_macro   0x00010f10       0x34 ./Sources/Events.o
 .debug_macro   0x00010f44       0x67 ./Sources/Events.o
 .debug_macro   0x00010fab       0x5f ./Sources/Events.o
 .debug_macro   0x0001100a       0x12 ./Sources/Events.o
 .debug_macro   0x0001101c       0x34 ./Sources/Events.o
 .debug_macro   0x00011050       0x34 ./Sources/Events.o
 .debug_macro   0x00011084       0x6c ./Sources/Events.o
 .debug_macro   0x000110f0       0x20 ./Sources/Events.o
 .debug_macro   0x00011110      0x512 ./Sources/Events.o
 .debug_macro   0x00011622      0x1f9 ./Sources/Events.o
 .debug_macro   0x0001181b       0xd1 ./Sources/Events.o
 .debug_macro   0x000118ec       0x1f ./Sources/Events.o
 .debug_macro   0x0001190b       0x4c ./Sources/Events.o
 .debug_macro   0x00011957       0x26 ./Sources/Events.o
 .debug_macro   0x0001197d       0x22 ./Sources/Events.o
 .debug_macro   0x0001199f       0x22 ./Sources/Events.o
 .debug_macro   0x000119c1       0x37 ./Sources/Events.o
 .debug_macro   0x000119f8       0x46 ./Sources/Events.o
 .debug_macro   0x00011a3e       0x1f ./Sources/Events.o
 .debug_macro   0x00011a5d       0x2e ./Sources/Events.o
 .debug_macro   0x00011a8b       0x58 ./Sources/Events.o
 .debug_macro   0x00011ae3       0x35 ./Sources/Events.o
 .debug_macro   0x00011b18       0xa3 ./Sources/Events.o
 .debug_macro   0x00011bbb       0x16 ./Sources/Events.o
 .debug_macro   0x00011bd1       0x97 ./Sources/Events.o
 .debug_macro   0x00011c68       0x10 ./Sources/Events.o
 .debug_macro   0x00011c78       0xef ./Sources/Events.o
 .debug_macro   0x00011d67       0x52 ./Sources/Events.o
 .debug_macro   0x00011db9       0x16 ./Sources/Events.o
 .debug_macro   0x00011dcf       0x43 ./Sources/Events.o
 .debug_macro   0x00011e12      0x180 ./Sources/Events.o
 .debug_macro   0x00011f92       0x10 ./Sources/Events.o
 .debug_macro   0x00011fa2       0x22 ./Sources/Events.o
 .debug_macro   0x00011fc4       0xbd ./Sources/Events.o
 .debug_macro   0x00012081       0x16 ./Sources/Events.o
 .debug_macro   0x00012097      0x14a ./Sources/Events.o
 .debug_macro   0x000121e1      0x2a6 ./Sources/Events.o
 .debug_macro   0x00012487       0x10 ./Sources/Events.o
 .debug_macro   0x00012497       0x35 ./Sources/Events.o
 .debug_macro   0x000124cc       0x52 ./Sources/Events.o
 .debug_macro   0x0001251e      0x2f6 ./Sources/LCD.o
 .debug_macro   0x00012814      0x86e ./Sources/LCD.o
 .debug_macro   0x00013082       0x1c ./Sources/LCD.o
 .debug_macro   0x0001309e       0x9a ./Sources/LCD.o
 .debug_macro   0x00013138       0x58 ./Sources/LCD.o
 .debug_macro   0x00013190       0x46 ./Sources/LCD.o
 .debug_macro   0x000131d6       0x28 ./Sources/LCD.o
 .debug_macro   0x000131fe       0xa3 ./Sources/LCD.o
 .debug_macro   0x000132a1       0x97 ./Sources/LCD.o
 .debug_macro   0x00013338       0xfd ./Sources/LCD.o
 .debug_macro   0x00013435       0x43 ./Sources/LCD.o
 .debug_macro   0x00013478      0x16c ./Sources/LCD.o
 .debug_macro   0x000135e4      0x2ad ./Sources/LCD.o
 .debug_macro   0x00013891       0x35 ./Sources/LCD.o
 .debug_macro   0x000138c6       0x1f ./Sources/LCD.o
 .debug_macro   0x000138e5      0x143 ./Sources/PCA9670.o
 .debug_macro   0x00013a28      0x22c ./Sources/display.o
 .debug_macro   0x00013c54      0x174 ./Sources/display.o
 .debug_macro   0x00013dc8       0x4a ./Sources/display.o
 .debug_macro   0x00013e12       0x1c ./Sources/display.o
 .debug_macro   0x00013e2e      0x20f ./Sources/display.o
 .debug_macro   0x0001403d     0x1825 ./Sources/display.o
 .debug_macro   0x00015862      0x443 ./Sources/main.o
 .debug_macro   0x00015ca5      0x166 ./Sources/main.o
 .debug_macro   0x00015e0b       0x16 ./Sources/main.o
 .debug_macro   0x00015e21       0x22 ./Sources/main.o
 .debug_macro   0x00015e43      0x20f ./Sources/menu.o
 .debug_macro   0x00016052      0x1e0 ./Sources/protocol.o
 .debug_macro   0x00016232       0x46 ./Sources/protocol.o
 .debug_macro   0x00016278      0x121 ./Project_Settings/Startup_Code/startup.o
 .debug_macro   0x00016399       0x10 ./Project_Settings/Startup_Code/startup.o
 .debug_macro   0x000163a9     0xd4ea ./Project_Settings/Startup_Code/startup.o
 .debug_macro   0x00023893      0x374 ./Generated_Code/AS1.o
 .debug_macro   0x00023c07       0x66 ./Generated_Code/AS1.o
 .debug_macro   0x00023c6d       0xc5 ./Generated_Code/ASerialLdd1.o
 .debug_macro   0x00023d32       0x26 ./Generated_Code/ASerialLdd1.o
 .debug_macro   0x00023d58      0x7ab ./Generated_Code/ASerialLdd1.o
 .debug_macro   0x00024503      0x9f0 ./Generated_Code/ASerialLdd1.o
 .debug_macro   0x00024ef3       0xa6 ./Generated_Code/BitIoLdd1.o
 .debug_macro   0x00024f99       0xa6 ./Generated_Code/BitIoLdd2.o
 .debug_macro   0x0002503f       0xa6 ./Generated_Code/BitIoLdd3.o
 .debug_macro   0x000250e5       0xa6 ./Generated_Code/BitIoLdd4.o
 .debug_macro   0x0002518b       0x46 ./Generated_Code/BitIoLdd4.o
 .debug_macro   0x000251d1       0xa6 ./Generated_Code/BitIoLdd5.o
 .debug_macro   0x00025277       0x46 ./Generated_Code/BitIoLdd5.o
 .debug_macro   0x000252bd       0xa6 ./Generated_Code/BitIoLdd6.o
 .debug_macro   0x00025363       0x46 ./Generated_Code/BitIoLdd6.o
 .debug_macro   0x000253a9       0xa6 ./Generated_Code/BitIoLdd7.o
 .debug_macro   0x0002544f       0x40 ./Generated_Code/BitIoLdd7.o
 .debug_macro   0x0002548f      0x341 ./Generated_Code/Cpu.o
 .debug_macro   0x000257d0       0x3d ./Generated_Code/Cpu.o
 .debug_macro   0x0002580d      0x2e9 ./Generated_Code/ENCODER.o
 .debug_macro   0x00025af6      0x2e5 ./Generated_Code/ENCODER_PUSH.o
 .debug_macro   0x00025ddb       0xbf ./Generated_Code/ExtIntLdd1.o
 .debug_macro   0x00025e9a       0x2e ./Generated_Code/ExtIntLdd1.o
 .debug_macro   0x00025ec8       0xbf ./Generated_Code/ExtIntLdd2.o
 .debug_macro   0x00025f87       0x2e ./Generated_Code/ExtIntLdd2.o
 .debug_macro   0x00025fb5       0xbf ./Generated_Code/ExtIntLdd3.o
 .debug_macro   0x00026074       0x2e ./Generated_Code/ExtIntLdd3.o
 .debug_macro   0x000260a2       0xbf ./Generated_Code/ExtIntLdd4.o
 .debug_macro   0x00026161       0x2e ./Generated_Code/ExtIntLdd4.o
 .debug_macro   0x0002618f       0xbf ./Generated_Code/ExtIntLdd5.o
 .debug_macro   0x0002624e       0x2e ./Generated_Code/ExtIntLdd5.o
 .debug_macro   0x0002627c      0x2e7 ./Generated_Code/I2C0.o
 .debug_macro   0x00026563      0x342 ./Generated_Code/IFsh1.o
 .debug_macro   0x000268a5       0xf4 ./Generated_Code/IntFlashLdd1.o
 .debug_macro   0x00026999       0xfa ./Generated_Code/IntI2cLdd1.o
 .debug_macro   0x00026a93      0x4e4 ./Generated_Code/IntI2cLdd1.o
 .debug_macro   0x00026f77      0x29c ./Generated_Code/IntI2cLdd1.o
 .debug_macro   0x00027213      0x2e5 ./Generated_Code/LEVER_DIR1.o
 .debug_macro   0x000274f8      0x2e5 ./Generated_Code/LEVER_DIR2.o
 .debug_macro   0x000277dd      0x28b ./Generated_Code/PE_LDD.o
 .debug_macro   0x00027a68      0x2e5 ./Generated_Code/PUSH_BUTTON_REC.o
 .debug_macro   0x00027d4d      0x2e5 ./Generated_Code/PUSH_BUTTON_SEND.o
 .debug_macro   0x00028032      0x2ef ./Generated_Code/T_100ms.o
 .debug_macro   0x00028321      0x2ef ./Generated_Code/T_500ms.o
 .debug_macro   0x00028610      0x331 ./Generated_Code/Vectors.o
 .debug_macro   0x00028941       0x9a ./Generated_Code/WAIT1.o

.debug_line     0x00000000     0xb391
 .debug_line    0x00000000      0x7d9 ./Sources/Events.o
 .debug_line    0x000007d9      0x579 ./Sources/LCD.o
 .debug_line    0x00000d52      0x35e ./Sources/PCA9670.o
 .debug_line    0x000010b0      0x622 ./Sources/display.o
 .debug_line    0x000016d2      0x6ba ./Sources/main.o
 .debug_line    0x00001d8c      0x556 ./Sources/menu.o
 .debug_line    0x000022e2      0x4e8 ./Sources/protocol.o
 .debug_line    0x000027ca      0x3e1 ./Project_Settings/Startup_Code/startup.o
 .debug_line    0x00002bab      0x7e9 ./Generated_Code/AS1.o
 .debug_line    0x00003394      0x3a6 ./Generated_Code/ASerialLdd1.o
 .debug_line    0x0000373a      0x2e3 ./Generated_Code/BitIoLdd1.o
 .debug_line    0x00003a1d      0x2e3 ./Generated_Code/BitIoLdd2.o
 .debug_line    0x00003d00      0x2e3 ./Generated_Code/BitIoLdd3.o
 .debug_line    0x00003fe3      0x2e3 ./Generated_Code/BitIoLdd4.o
 .debug_line    0x000042c6      0x2e3 ./Generated_Code/BitIoLdd5.o
 .debug_line    0x000045a9      0x2e3 ./Generated_Code/BitIoLdd6.o
 .debug_line    0x0000488c      0x2d1 ./Generated_Code/BitIoLdd7.o
 .debug_line    0x00004b5d      0x83f ./Generated_Code/Cpu.o
 .debug_line    0x0000539c      0x669 ./Generated_Code/ENCODER.o
 .debug_line    0x00005a05      0x57b ./Generated_Code/ENCODER_PUSH.o
 .debug_line    0x00005f80      0x2d3 ./Generated_Code/ExtIntLdd1.o
 .debug_line    0x00006253      0x2d1 ./Generated_Code/ExtIntLdd2.o
 .debug_line    0x00006524      0x2d1 ./Generated_Code/ExtIntLdd3.o
 .debug_line    0x000067f5      0x2d7 ./Generated_Code/ExtIntLdd4.o
 .debug_line    0x00006acc      0x2d6 ./Generated_Code/ExtIntLdd5.o
 .debug_line    0x00006da2      0x650 ./Generated_Code/I2C0.o
 .debug_line    0x000073f2      0x630 ./Generated_Code/IFsh1.o
 .debug_line    0x00007a22      0x47a ./Generated_Code/IntFlashLdd1.o
 .debug_line    0x00007e9c      0x431 ./Generated_Code/IntI2cLdd1.o
 .debug_line    0x000082cd      0x577 ./Generated_Code/LEVER_DIR1.o
 .debug_line    0x00008844      0x577 ./Generated_Code/LEVER_DIR2.o
 .debug_line    0x00008dbb      0x51e ./Generated_Code/PE_LDD.o
 .debug_line    0x000092d9      0x581 ./Generated_Code/PUSH_BUTTON_REC.o
 .debug_line    0x0000985a      0x583 ./Generated_Code/PUSH_BUTTON_SEND.o
 .debug_line    0x00009ddd      0x5ce ./Generated_Code/T_100ms.o
 .debug_line    0x0000a3ab      0x5ac ./Generated_Code/T_500ms.o
 .debug_line    0x0000a957      0x7a5 ./Generated_Code/Vectors.o
 .debug_line    0x0000b0fc      0x295 ./Generated_Code/WAIT1.o

.debug_str      0x00000000    0x80ec2
 .debug_str     0x00000000    0x6be7a ./Sources/Events.o
                              0x6c09d (size before relaxing)
 .debug_str     0x0006be7a      0xac1 ./Sources/LCD.o
                              0x568a0 (size before relaxing)
 .debug_str     0x0006c93b       0x5b ./Sources/PCA9670.o
                              0x535ba (size before relaxing)
 .debug_str     0x0006c996      0x230 ./Sources/display.o
                              0x569f3 (size before relaxing)
 .debug_str     0x0006cbc6       0xc1 ./Sources/main.o
                              0x6bf76 (size before relaxing)
 .debug_str     0x0006cc87       0x79 ./Sources/menu.o
                              0x563be (size before relaxing)
 .debug_str     0x0006cd00       0xb2 ./Sources/protocol.o
                              0x55f15 (size before relaxing)
 .debug_str     0x0006cdb2      0x110 ./Project_Settings/Startup_Code/startup.o
                              0x4c40d (size before relaxing)
 .debug_str     0x0006cec2      0x320 ./Generated_Code/AS1.o
                              0x690b2 (size before relaxing)
 .debug_str     0x0006d1e2     0xebe4 ./Generated_Code/ASerialLdd1.o
                              0x60bcb (size before relaxing)
 .debug_str     0x0007bdc6       0xf3 ./Generated_Code/BitIoLdd1.o
                              0x52870 (size before relaxing)
 .debug_str     0x0007beb9       0xb1 ./Generated_Code/BitIoLdd2.o
                              0x52870 (size before relaxing)
 .debug_str     0x0007bf6a       0xb1 ./Generated_Code/BitIoLdd3.o
                              0x52870 (size before relaxing)
 .debug_str     0x0007c01b       0xb1 ./Generated_Code/BitIoLdd4.o
                              0x52870 (size before relaxing)
 .debug_str     0x0007c0cc       0xb1 ./Generated_Code/BitIoLdd5.o
                              0x52870 (size before relaxing)
 .debug_str     0x0007c17d       0xb1 ./Generated_Code/BitIoLdd6.o
                              0x52872 (size before relaxing)
 .debug_str     0x0007c22e       0xa0 ./Generated_Code/BitIoLdd7.o
                              0x5283e (size before relaxing)
 .debug_str     0x0007c2ce      0x23b ./Generated_Code/Cpu.o
                              0x69124 (size before relaxing)
 .debug_str     0x0007c509      0x18a ./Generated_Code/ENCODER.o
                              0x6905d (size before relaxing)
 .debug_str     0x0007c693       0x38 ./Generated_Code/ENCODER_PUSH.o
                              0x68d4c (size before relaxing)
 .debug_str     0x0007c6cb       0x87 ./Generated_Code/ExtIntLdd1.o
                              0x55d75 (size before relaxing)
 .debug_str     0x0007c752       0x87 ./Generated_Code/ExtIntLdd2.o
                              0x55d6f (size before relaxing)
 .debug_str     0x0007c7d9       0x87 ./Generated_Code/ExtIntLdd3.o
                              0x55d6f (size before relaxing)
 .debug_str     0x0007c860       0x87 ./Generated_Code/ExtIntLdd4.o
                              0x55d7b (size before relaxing)
 .debug_str     0x0007c8e7       0x87 ./Generated_Code/ExtIntLdd5.o
                              0x55d79 (size before relaxing)
 .debug_str     0x0007c96e      0x1b7 ./Generated_Code/I2C0.o
                              0x68f4c (size before relaxing)
 .debug_str     0x0007cb25      0x54d ./Generated_Code/IFsh1.o
                              0x692f6 (size before relaxing)
 .debug_str     0x0007d072      0x589 ./Generated_Code/IntFlashLdd1.o
                              0x59dd2 (size before relaxing)
 .debug_str     0x0007d5fb     0x33ac ./Generated_Code/IntI2cLdd1.o
                              0x58af9 (size before relaxing)
 .debug_str     0x000809a7       0x36 ./Generated_Code/LEVER_DIR1.o
                              0x68d4a (size before relaxing)
 .debug_str     0x000809dd       0x36 ./Generated_Code/LEVER_DIR2.o
                              0x68d4a (size before relaxing)
 .debug_str     0x00080a13      0x177 ./Generated_Code/PE_LDD.o
                              0x68ed1 (size before relaxing)
 .debug_str     0x00080b8a       0x3b ./Generated_Code/PUSH_BUTTON_REC.o
                              0x68d4f (size before relaxing)
 .debug_str     0x00080bc5       0x3c ./Generated_Code/PUSH_BUTTON_SEND.o
                              0x68d50 (size before relaxing)
 .debug_str     0x00080c01      0x19b ./Generated_Code/T_100ms.o
                              0x69095 (size before relaxing)
 .debug_str     0x00080d9c       0x86 ./Generated_Code/T_500ms.o
                              0x69042 (size before relaxing)
 .debug_str     0x00080e22       0x1c ./Generated_Code/Vectors.o
                              0x68d69 (size before relaxing)
 .debug_str     0x00080e3e       0x84 ./Generated_Code/WAIT1.o
                              0x51c81 (size before relaxing)

.comment        0x00000000       0x70
 .comment       0x00000000       0x70 ./Sources/Events.o
                                 0x71 (size before relaxing)
 .comment       0x00000000       0x71 ./Sources/LCD.o
 .comment       0x00000000       0x71 ./Sources/PCA9670.o
 .comment       0x00000000       0x71 ./Sources/display.o
 .comment       0x00000000       0x71 ./Sources/main.o
 .comment       0x00000000       0x71 ./Sources/menu.o
 .comment       0x00000000       0x71 ./Sources/protocol.o
 .comment       0x00000000       0x71 ./Project_Settings/Startup_Code/startup.o
 .comment       0x00000000       0x71 ./Generated_Code/AS1.o
 .comment       0x00000000       0x71 ./Generated_Code/ASerialLdd1.o
 .comment       0x00000000       0x71 ./Generated_Code/BitIoLdd1.o
 .comment       0x00000000       0x71 ./Generated_Code/BitIoLdd2.o
 .comment       0x00000000       0x71 ./Generated_Code/BitIoLdd3.o
 .comment       0x00000000       0x71 ./Generated_Code/BitIoLdd4.o
 .comment       0x00000000       0x71 ./Generated_Code/BitIoLdd5.o
 .comment       0x00000000       0x71 ./Generated_Code/BitIoLdd6.o
 .comment       0x00000000       0x71 ./Generated_Code/BitIoLdd7.o
 .comment       0x00000000       0x71 ./Generated_Code/Cpu.o
 .comment       0x00000000       0x71 ./Generated_Code/ENCODER.o
 .comment       0x00000000       0x71 ./Generated_Code/ENCODER_PUSH.o
 .comment       0x00000000       0x71 ./Generated_Code/ExtIntLdd1.o
 .comment       0x00000000       0x71 ./Generated_Code/ExtIntLdd2.o
 .comment       0x00000000       0x71 ./Generated_Code/ExtIntLdd3.o
 .comment       0x00000000       0x71 ./Generated_Code/ExtIntLdd4.o
 .comment       0x00000000       0x71 ./Generated_Code/ExtIntLdd5.o
 .comment       0x00000000       0x71 ./Generated_Code/I2C0.o
 .comment       0x00000000       0x71 ./Generated_Code/IFsh1.o
 .comment       0x00000000       0x71 ./Generated_Code/IntFlashLdd1.o
 .comment       0x00000000       0x71 ./Generated_Code/IntI2cLdd1.o
 .comment       0x00000000       0x71 ./Generated_Code/LEVER_DIR1.o
 .comment       0x00000000       0x71 ./Generated_Code/LEVER_DIR2.o
 .comment       0x00000000       0x71 ./Generated_Code/PE_LDD.o
 .comment       0x00000000       0x71 ./Generated_Code/PUSH_BUTTON_REC.o
 .comment       0x00000000       0x71 ./Generated_Code/PUSH_BUTTON_SEND.o
 .comment       0x00000000       0x71 ./Generated_Code/T_100ms.o
 .comment       0x00000000       0x71 ./Generated_Code/T_500ms.o
 .comment       0x00000000       0x71 ./Generated_Code/Vectors.o
 .comment       0x00000000       0x71 ./Generated_Code/WAIT1.o

.debug_frame    0x00000000     0x1c24
 .debug_frame   0x00000000      0x200 ./Sources/Events.o
 .debug_frame   0x00000200      0x1b4 ./Sources/LCD.o
 .debug_frame   0x000003b4       0x4c ./Sources/PCA9670.o
 .debug_frame   0x00000400      0x1c0 ./Sources/display.o
 .debug_frame   0x000005c0       0x38 ./Sources/main.o
 .debug_frame   0x000005f8      0x100 ./Sources/menu.o
 .debug_frame   0x000006f8       0xdc ./Sources/protocol.o
 .debug_frame   0x000007d4       0xc0 ./Project_Settings/Startup_Code/startup.o
 .debug_frame   0x00000894      0x1cc ./Generated_Code/AS1.o
 .debug_frame   0x00000a60       0xec ./Generated_Code/ASerialLdd1.o
 .debug_frame   0x00000b4c       0xb8 ./Generated_Code/BitIoLdd1.o
 .debug_frame   0x00000c04       0xb8 ./Generated_Code/BitIoLdd2.o
 .debug_frame   0x00000cbc       0xb8 ./Generated_Code/BitIoLdd3.o
 .debug_frame   0x00000d74       0xb8 ./Generated_Code/BitIoLdd4.o
 .debug_frame   0x00000e2c       0xb8 ./Generated_Code/BitIoLdd5.o
 .debug_frame   0x00000ee4       0xb8 ./Generated_Code/BitIoLdd6.o
 .debug_frame   0x00000f9c       0x9c ./Generated_Code/BitIoLdd7.o
 .debug_frame   0x00001038       0xa4 ./Generated_Code/Cpu.o
 .debug_frame   0x000010dc      0x110 ./Generated_Code/ENCODER.o
 .debug_frame   0x000011ec       0x30 ./Generated_Code/ENCODER_PUSH.o
 .debug_frame   0x0000121c       0x68 ./Generated_Code/ExtIntLdd1.o
 .debug_frame   0x00001284       0x68 ./Generated_Code/ExtIntLdd2.o
 .debug_frame   0x000012ec       0x68 ./Generated_Code/ExtIntLdd3.o
 .debug_frame   0x00001354       0x68 ./Generated_Code/ExtIntLdd4.o
 .debug_frame   0x000013bc       0x68 ./Generated_Code/ExtIntLdd5.o
 .debug_frame   0x00001424      0x148 ./Generated_Code/I2C0.o
 .debug_frame   0x0000156c      0x11c ./Generated_Code/IFsh1.o
 .debug_frame   0x00001688      0x144 ./Generated_Code/IntFlashLdd1.o
 .debug_frame   0x000017cc      0x118 ./Generated_Code/IntI2cLdd1.o
 .debug_frame   0x000018e4       0x30 ./Generated_Code/LEVER_DIR1.o
 .debug_frame   0x00001914       0x30 ./Generated_Code/LEVER_DIR2.o
 .debug_frame   0x00001944       0x64 ./Generated_Code/PE_LDD.o
 .debug_frame   0x000019a8       0x30 ./Generated_Code/PUSH_BUTTON_REC.o
 .debug_frame   0x000019d8       0x30 ./Generated_Code/PUSH_BUTTON_SEND.o
 .debug_frame   0x00001a08       0x88 ./Generated_Code/T_100ms.o
 .debug_frame   0x00001a90       0x50 ./Generated_Code/T_500ms.o
 .debug_frame   0x00001ae0       0x90 ./Generated_Code/WAIT1.o
 .debug_frame   0x00001b70       0x28 c:/freescale/kds_v3/toolchain/bin/../lib/gcc/arm-none-eabi/4.8.4/../../../../arm-none-eabi/lib/armv7e-m\libg_s.a(lib_a-exit.o)
 .debug_frame   0x00001b98       0x2c c:/freescale/kds_v3/toolchain/bin/../lib/gcc/arm-none-eabi/4.8.4/../../../../arm-none-eabi/lib/armv7e-m\libg_s.a(lib_a-init.o)
 .debug_frame   0x00001bc4       0x20 c:/freescale/kds_v3/toolchain/bin/../lib/gcc/arm-none-eabi/4.8.4/../../../../arm-none-eabi/lib/armv7e-m\libg_s.a(lib_a-memset.o)
 .debug_frame   0x00001be4       0x20 c:/freescale/kds_v3/toolchain/bin/../lib/gcc/arm-none-eabi/4.8.4/../../../../arm-none-eabi/lib/armv7e-m\libg_s.a(lib_a-strlen.o)
 .debug_frame   0x00001c04       0x20 c:/freescale/kds_v3/toolchain/bin/../lib/gcc/arm-none-eabi/4.8.4/../../../../arm-none-eabi/lib/armv7e-m\libnosys.a(_exit.o)

.stabstr        0x00000000       0x76
 .stabstr       0x00000000       0x76 c:/freescale/kds_v3/toolchain/bin/../lib/gcc/arm-none-eabi/4.8.4/../../../../arm-none-eabi/lib/armv7e-m\libnosys.a(getpid.o)