Archive member included because of file (symbol)

c:/freescale/kds_v3/toolchain/bin/../lib/gcc/arm-none-eabi/4.8.4/armv7e-m\libgcc.a(unwind-arm.o)
                              ./Sources/LCD.o (__aeabi_unwind_cpp_pr0)
c:/freescale/kds_v3/toolchain/bin/../lib/gcc/arm-none-eabi/4.8.4/armv7e-m\libgcc.a(libunwind.o)
                              c:/freescale/kds_v3/toolchain/bin/../lib/gcc/arm-none-eabi/4.8.4/armv7e-m\libgcc.a(unwind-arm.o) (restore_core_regs)
c:/freescale/kds_v3/toolchain/bin/../lib/gcc/arm-none-eabi/4.8.4/armv7e-m\libgcc.a(pr-support.o)
                              c:/freescale/kds_v3/toolchain/bin/../lib/gcc/arm-none-eabi/4.8.4/armv7e-m\libgcc.a(unwind-arm.o) (__gnu_unwind_execute)
c:/freescale/kds_v3/toolchain/bin/../lib/gcc/arm-none-eabi/4.8.4/../../../../arm-none-eabi/lib/armv7e-m\libg_s.a(lib_a-abort.o)
                              c:/freescale/kds_v3/toolchain/bin/../lib/gcc/arm-none-eabi/4.8.4/armv7e-m\libgcc.a(unwind-arm.o) (abort)
c:/freescale/kds_v3/toolchain/bin/../lib/gcc/arm-none-eabi/4.8.4/../../../../arm-none-eabi/lib/armv7e-m\libg_s.a(lib_a-exit.o)
                              c:/freescale/kds_v3/toolchain/bin/../lib/gcc/arm-none-eabi/4.8.4/../../../../arm-none-eabi/lib/armv7e-m/crt0.o (exit)
c:/freescale/kds_v3/toolchain/bin/../lib/gcc/arm-none-eabi/4.8.4/../../../../arm-none-eabi/lib/armv7e-m\libg_s.a(lib_a-impure.o)
                              c:/freescale/kds_v3/toolchain/bin/../lib/gcc/arm-none-eabi/4.8.4/../../../../arm-none-eabi/lib/armv7e-m\libg_s.a(lib_a-exit.o) (_global_impure_ptr)
c:/freescale/kds_v3/toolchain/bin/../lib/gcc/arm-none-eabi/4.8.4/../../../../arm-none-eabi/lib/armv7e-m\libg_s.a(lib_a-init.o)
                              c:/freescale/kds_v3/toolchain/bin/../lib/gcc/arm-none-eabi/4.8.4/../../../../arm-none-eabi/lib/armv7e-m/crt0.o (__libc_init_array)
c:/freescale/kds_v3/toolchain/bin/../lib/gcc/arm-none-eabi/4.8.4/../../../../arm-none-eabi/lib/armv7e-m\libg_s.a(lib_a-memcpy-stub.o)
                              c:/freescale/kds_v3/toolchain/bin/../lib/gcc/arm-none-eabi/4.8.4/armv7e-m\libgcc.a(unwind-arm.o) (memcpy)
c:/freescale/kds_v3/toolchain/bin/../lib/gcc/arm-none-eabi/4.8.4/../../../../arm-none-eabi/lib/armv7e-m\libg_s.a(lib_a-memset.o)
                              c:/freescale/kds_v3/toolchain/bin/../lib/gcc/arm-none-eabi/4.8.4/../../../../arm-none-eabi/lib/armv7e-m/crt0.o (memset)
c:/freescale/kds_v3/toolchain/bin/../lib/gcc/arm-none-eabi/4.8.4/../../../../arm-none-eabi/lib/armv7e-m\libg_s.a(lib_a-signal.o)
                              c:/freescale/kds_v3/toolchain/bin/../lib/gcc/arm-none-eabi/4.8.4/../../../../arm-none-eabi/lib/armv7e-m\libg_s.a(lib_a-abort.o) (raise)
c:/freescale/kds_v3/toolchain/bin/../lib/gcc/arm-none-eabi/4.8.4/../../../../arm-none-eabi/lib/armv7e-m\libg_s.a(lib_a-signalr.o)
                              c:/freescale/kds_v3/toolchain/bin/../lib/gcc/arm-none-eabi/4.8.4/../../../../arm-none-eabi/lib/armv7e-m\libg_s.a(lib_a-signal.o) (_kill_r)
c:/freescale/kds_v3/toolchain/bin/../lib/gcc/arm-none-eabi/4.8.4/../../../../arm-none-eabi/lib/armv7e-m\libg_s.a(lib_a-strcmp.o)
                              ./Sources/protocol.o (strcmp)
c:/freescale/kds_v3/toolchain/bin/../lib/gcc/arm-none-eabi/4.8.4/../../../../arm-none-eabi/lib/armv7e-m\libg_s.a(lib_a-strlen.o)
                              ./Sources/protocol.o (strlen)
c:/freescale/kds_v3/toolchain/bin/../lib/gcc/arm-none-eabi/4.8.4/../../../../arm-none-eabi/lib/armv7e-m\libg_s.a(lib_a-nano-mallocr.o)
                              c:/freescale/kds_v3/toolchain/bin/../lib/gcc/arm-none-eabi/4.8.4/../../../../arm-none-eabi/lib/armv7e-m\libg_s.a(lib_a-signal.o) (_malloc_r)
c:/freescale/kds_v3/toolchain/bin/../lib/gcc/arm-none-eabi/4.8.4/../../../../arm-none-eabi/lib/armv7e-m\libg_s.a(lib_a-reent.o)
                              c:/freescale/kds_v3/toolchain/bin/../lib/gcc/arm-none-eabi/4.8.4/../../../../arm-none-eabi/lib/armv7e-m\libg_s.a(lib_a-signalr.o) (errno)
c:/freescale/kds_v3/toolchain/bin/../lib/gcc/arm-none-eabi/4.8.4/../../../../arm-none-eabi/lib/armv7e-m\libg_s.a(lib_a-sbrkr.o)
                              c:/freescale/kds_v3/toolchain/bin/../lib/gcc/arm-none-eabi/4.8.4/../../../../arm-none-eabi/lib/armv7e-m\libg_s.a(lib_a-nano-mallocr.o) (_sbrk_r)
c:/freescale/kds_v3/toolchain/bin/../lib/gcc/arm-none-eabi/4.8.4/../../../../arm-none-eabi/lib/armv7e-m\libg_s.a(lib_a-nano-freer.o)
                              c:/freescale/kds_v3/toolchain/bin/../lib/gcc/arm-none-eabi/4.8.4/../../../../arm-none-eabi/lib/armv7e-m\libg_s.a(lib_a-reent.o) (_free_r)
c:/freescale/kds_v3/toolchain/bin/../lib/gcc/arm-none-eabi/4.8.4/../../../../arm-none-eabi/lib/armv7e-m\libnosys.a(getpid.o)
                              c:/freescale/kds_v3/toolchain/bin/../lib/gcc/arm-none-eabi/4.8.4/../../../../arm-none-eabi/lib/armv7e-m\libg_s.a(lib_a-signalr.o) (_getpid)
c:/freescale/kds_v3/toolchain/bin/../lib/gcc/arm-none-eabi/4.8.4/../../../../arm-none-eabi/lib/armv7e-m\libnosys.a(kill.o)
[...]
Memory Configuration

Name             Origin             Length             Attributes
m_interrupts     0x00000000         0x000001bc         xr
m_text           0x00000410         0x0003fbf0         xr
m_data           0x1fff8000         0x00008000         rw
m_data_20000000  0x20000000         0x00008000         rw
m_cfmprotrom     0x00000400         0x00000010         xr
*default*        0x00000000         0xffffffff

Linker script and memory map

LOAD c:/freescale/kds_v3/toolchain/bin/../lib/gcc/arm-none-eabi/4.8.4/armv7e-m/crti.o
LOAD c:/freescale/kds_v3/toolchain/bin/../lib/gcc/arm-none-eabi/4.8.4/armv7e-m/crtbegin.o
LOAD c:/freescale/kds_v3/toolchain/bin/../lib/gcc/arm-none-eabi/4.8.4/../../../../arm-none-eabi/lib/armv7e-m/crt0.o
LOAD ./Sources/Events.o
LOAD ./Sources/LCD.o
LOAD ./Sources/PCA9670.o
LOAD ./Sources/cue_eeprom.o
LOAD ./Sources/display.o
LOAD ./Sources/main.o
LOAD ./Sources/menu.o
LOAD ./Sources/protocol.o
LOAD ./Project_Settings/Startup_Code/startup.o
LOAD ./Generated_Code/AS1.o
LOAD ./Generated_Code/ASerialLdd1.o
LOAD ./Generated_Code/BitIoLdd1.o
LOAD ./Generated_Code/BitIoLdd2.o
LOAD ./Generated_Code/BitIoLdd3.o
LOAD ./Generated_Code/BitIoLdd4.o
LOAD ./Generated_Code/BitIoLdd5.o
LOAD ./Generated_Code/CS1.o
LOAD ./Generated_Code/Cpu.o
LOAD ./Generated_Code/ENCODER.o
LOAD ./Generated_Code/ENCODER_PUSH.o
LOAD ./Generated_Code/ExtIntLdd1.o
LOAD ./Generated_Code/ExtIntLdd2.o
LOAD ./Generated_Code/ExtIntLdd3.o
LOAD ./Generated_Code/ExtIntLdd4.o
LOAD ./Generated_Code/ExtIntLdd5.o
LOAD ./Generated_Code/I2C0.o
LOAD ./Generated_Code/IFsh1.o
LOAD ./Generated_Code/IntFlashLdd1.o
LOAD ./Generated_Code/IntI2cLdd1.o
LOAD ./Generated_Code/KSDK1.o
LOAD ./Generated_Code/LED_DEBUG.o
LOAD ./Generated_Code/LED_STATUS_1.o
LOAD ./Generated_Code/LED_STATUS_2.o
LOAD ./Generated_Code/LED_STATUS_3.o
LOAD ./Generated_Code/LED_STATUS_4.o
LOAD ./Generated_Code/LEVER_DIR1.o
LOAD ./Generated_Code/LEVER_DIR2.o
LOAD ./Generated_Code/PCA.o
LOAD ./Generated_Code/PE_LDD.o
LOAD ./Generated_Code/PUSH_BUTTON_REC.o
LOAD ./Generated_Code/PUSH_BUTTON_SEND.o
LOAD ./Generated_Code/T_100ms.o
LOAD ./Generated_Code/T_500ms.o
LOAD ./Generated_Code/Vectors.o
LOAD ./Generated_Code/WAIT1.o
LOAD c:/freescale/kds_v3/toolchain/bin/../lib/gcc/arm-none-eabi/4.8.4/../../../../arm-none-eabi/lib/armv7e-m\libstdc++_s.a
LOAD c:/freescale/kds_v3/toolchain/bin/../lib/gcc/arm-none-eabi/4.8.4/../../../../arm-none-eabi/lib/armv7e-m\libm.a
START GROUP
LOAD c:/freescale/kds_v3/toolchain/bin/../lib/gcc/arm-none-eabi/4.8.4/armv7e-m\libgcc.a
LOAD c:/freescale/kds_v3/toolchain/bin/../lib/gcc/arm-none-eabi/4.8.4/../../../../arm-none-eabi/lib/armv7e-m\libg_s.a
LOAD c:/freescale/kds_v3/toolchain/bin/../lib/gcc/arm-none-eabi/4.8.4/../../../../arm-none-eabi/lib/armv7e-m\libc_s.a
END GROUP
START GROUP
LOAD c:/freescale/kds_v3/toolchain/bin/../lib/gcc/arm-none-eabi/4.8.4/armv7e-m\libgcc.a
LOAD c:/freescale/kds_v3/toolchain/bin/../lib/gcc/arm-none-eabi/4.8.4/../../../../arm-none-eabi/lib/armv7e-m\libc_s.a
LOAD c:/freescale/kds_v3/toolchain/bin/../lib/gcc/arm-none-eabi/4.8.4/../../../../arm-none-eabi/lib/armv7e-m\libnosys.a
END GROUP
START GROUP
LOAD c:/freescale/kds_v3/toolchain/bin/../lib/gcc/arm-none-eabi/4.8.4/armv7e-m\libgcc.a
LOAD c:/freescale/kds_v3/toolchain/bin/../lib/gcc/arm-none-eabi/4.8.4/../../../../arm-none-eabi/lib/armv7e-m\libc_s.a
LOAD c:/freescale/kds_v3/toolchain/bin/../lib/gcc/arm-none-eabi/4.8.4/../../../../arm-none-eabi/lib/armv7e-m\libnosys.a
END GROUP
LOAD c:/freescale/kds_v3/toolchain/bin/../lib/gcc/arm-none-eabi/4.8.4/armv7e-m/crtend.o
LOAD c:/freescale/kds_v3/toolchain/bin/../lib/gcc/arm-none-eabi/4.8.4/armv7e-m/crtn.o
                0x20000000                _estack = 0x20000000
                0x20000000                __SP_INIT = _estack
                0x20000000                __stack = _estack
                0x00000000                __heap_size = 0x0
                0x00000400                __stack_size = 0x400

.interrupts     0x00000000      0x1bc
                0x00000000                __vector_table = .
                0x00000000                . = ALIGN (0x4)
 *(.vectortable)
 .vectortable   0x00000000      0x1bc ./Generated_Code/Vectors.o
                0x00000000                __vect_table
                0x000001bc                . = ALIGN (0x4)

.cfmprotect     0x00000400       0x10
                0x00000400                . = ALIGN (0x4)
 *(.cfmconfig)
 .cfmconfig     0x00000400       0x10 ./Generated_Code/Cpu.o
                0x00000400                _cfm
                0x00000410                . = ALIGN (0x4)

.text           0x00000410     0x3c64
                0x00000410                . = ALIGN (0x4)
 *(.text)
 .text          0x00000410       0x54 c:/freescale/kds_v3/toolchain/bin/../lib/gcc/arm-none-eabi/4.8.4/armv7e-m/crtbegin.o
 .text          0x00000464       0x74 c:/freescale/kds_v3/toolchain/bin/../lib/gcc/arm-none-eabi/4.8.4/../../../../arm-none-eabi/lib/armv7e-m/crt0.o
                0x00000464                _start
                0x00000464                _mainCRTStartup
 .text          0x000004d8      0xa1c c:/freescale/kds_v3/toolchain/bin/../lib/gcc/arm-none-eabi/4.8.4/armv7e-m\libgcc.a(unwind-arm.o)
                0x000007bc                _Unwind_GetCFA
                0x000007c0                __gnu_Unwind_RaiseException
                0x00000820                __gnu_Unwind_ForcedUnwind
                0x00000834                __gnu_Unwind_Resume
                0x00000878                __gnu_Unwind_Resume_or_Rethrow
                0x00000888                _Unwind_Complete
                0x0000088c                _Unwind_DeleteException
                0x0000089c                _Unwind_VRS_Get
                0x000008ec                _Unwind_VRS_Set
                0x0000093c                __gnu_Unwind_Backtrace
                0x00000c90                __aeabi_unwind_cpp_pr0
                0x00000c98                __aeabi_unwind_cpp_pr1
                0x00000ca0                __aeabi_unwind_cpp_pr2
                0x00000ca8                _Unwind_VRS_Pop
 .text          0x00000ef4      0x1ac c:/freescale/kds_v3/toolchain/bin/../lib/gcc/arm-none-eabi/4.8.4/armv7e-m\libgcc.a(libunwind.o)
                0x00000ef4                __restore_core_regs
                0x00000ef4                restore_core_regs
                0x00000f0c                __gnu_Unwind_Restore_VFP
                0x00000f14                __gnu_Unwind_Save_VFP
                0x00000f1c                __gnu_Unwind_Restore_VFP_D
                0x00000f24                __gnu_Unwind_Save_VFP_D
                0x00000f2c                __gnu_Unwind_Restore_VFP_D_16_to_31
                0x00000f34                __gnu_Unwind_Save_VFP_D_16_to_31
                0x00000f3c                __gnu_Unwind_Restore_WMMXD
                0x00000f80                __gnu_Unwind_Save_WMMXD
                0x00000fc4                __gnu_Unwind_Restore_WMMXC
                0x00000fd8                __gnu_Unwind_Save_WMMXC
                0x00000fec                ___Unwind_RaiseException
                0x00000fec                _Unwind_RaiseException
                0x00001010                _Unwind_Resume
                0x00001010                ___Unwind_Resume
                0x00001034                _Unwind_Resume_or_Rethrow
                0x00001034                ___Unwind_Resume_or_Rethrow
                0x00001058                _Unwind_ForcedUnwind
                0x00001058                ___Unwind_ForcedUnwind
                0x0000107c                ___Unwind_Backtrace
                0x0000107c                _Unwind_Backtrace
 .text          0x000010a0      0x33c c:/freescale/kds_v3/toolchain/bin/../lib/gcc/arm-none-eabi/4.8.4/armv7e-m\libgcc.a(pr-support.o)
                0x000010f4                __gnu_unwind_execute
                0x00001380                __gnu_unwind_frame
                0x000013ac                _Unwind_GetRegionStart
                0x000013b8                _Unwind_GetLanguageSpecificData
                0x000013cc                _Unwind_GetDataRelBase
                0x000013d4                _Unwind_GetTextRelBase
 .text          0x000013dc       0x14 c:/freescale/kds_v3/toolchain/bin/../lib/gcc/arm-none-eabi/4.8.4/../../../../arm-none-eabi/lib/armv7e-m\libg_s.a(lib_a-strcmp.o)
                0x000013dc                strcmp
 *(.text*)
 .text.PUSH_BUTTON_REC_OnInterrupt
                0x000013f0        0xc ./Sources/Events.o
                0x000013f0                PUSH_BUTTON_REC_OnInterrupt
 .text.PUSH_BUTTON_SEND_OnInterrupt
                0x000013fc        0xc ./Sources/Events.o
                0x000013fc                PUSH_BUTTON_SEND_OnInterrupt
 .text.I2C0_OnReceiveData
                0x00001408        0xc ./Sources/Events.o
                0x00001408                I2C0_OnReceiveData
 .text.I2C0_OnTransmitData
                0x00001414        0xc ./Sources/Events.o
                0x00001414                I2C0_OnTransmitData
 .text.T_100ms_OnCounterRestart
                0x00001420       0x14 ./Sources/Events.o
                0x00001420                T_100ms_OnCounterRestart
 .text.LEVER_DIR2_OnInterrupt
                0x00001434        0xc ./Sources/Events.o
                0x00001434                LEVER_DIR2_OnInterrupt
 .text.LEVER_DIR1_OnInterrupt
                0x00001440        0xc ./Sources/Events.o
                0x00001440                LEVER_DIR1_OnInterrupt
 .text.ENCODER_PUSH_OnInterrupt
                0x0000144c        0xc ./Sources/Events.o
                0x0000144c                ENCODER_PUSH_OnInterrupt
 .text.ENCODER_OnPortEvent
                0x00001458       0x14 ./Sources/Events.o
                0x00001458                ENCODER_OnPortEvent
 .text.T_500ms_OnCounterRestart
                0x0000146c       0x14 ./Sources/Events.o
                0x0000146c                T_500ms_OnCounterRestart
 .text.Cpu_OnNMIINT
                0x00001480        0xc ./Sources/Events.o
                0x00001480                Cpu_OnNMIINT
 .text.I2C0_OnArbitLost
                0x0000148c        0xc ./Sources/Events.o
                0x0000148c                I2C0_OnArbitLost
 .text.AS1_OnTxComplete
                0x00001498       0x14 ./Sources/Events.o
                0x00001498                AS1_OnTxComplete
 .text.AS1_OnError
                0x000014ac        0xc ./Sources/Events.o
                0x000014ac                AS1_OnError
 .text.AS1_OnRxChar
                0x000014b8        0xc ./Sources/Events.o
                0x000014b8                AS1_OnRxChar
 .text.AS1_OnRxCharExt
                0x000014c4       0xc8 ./Sources/Events.o
                0x000014c4                AS1_OnRxCharExt
 .text.AS1_OnTxChar
                0x0000158c       0x14 ./Sources/Events.o
                0x0000158c                AS1_OnTxChar
 .text.AS1_OnFullRxBuf
                0x000015a0       0x14 ./Sources/Events.o
                0x000015a0                AS1_OnFullRxBuf
 .text.AS1_OnFreeTxBuf
                0x000015b4        0xc ./Sources/Events.o
                0x000015b4                AS1_OnFreeTxBuf
 .text.IFsh1_OnWriteEnd
                0x000015c0        0xc ./Sources/Events.o
                0x000015c0                IFsh1_OnWriteEnd
 .text.main     0x000015cc      0x188 ./Sources/main.o
                0x000015cc                main
 .text.serial_send_block
                0x00001754       0xd4 ./Sources/protocol.o
                0x00001754                serial_send_block
 .text.serial_send_string
                0x00001828       0x58 ./Sources/protocol.o
                0x00001828                serial_send_string
 .text.serial_send_char
                0x00001880       0x30 ./Sources/protocol.o
                0x00001880                serial_send_char
 .text.test_protocol
                0x000018b0       0x3c ./Sources/protocol.o
                0x000018b0                test_protocol
 .text.msg_parse
                0x000018ec       0xec ./Sources/protocol.o
                0x000018ec                msg_parse
 .text.msg_processing
                0x000019d8       0x90 ./Sources/protocol.o
                0x000019d8                msg_processing
 .text.__copy_rom_section
                0x00001a68       0xe4 ./Project_Settings/Startup_Code/startup.o
                0x00001a68                __copy_rom_section
 .text.__copy_rom_sections_to_ram
                0x00001b4c       0x9c ./Project_Settings/Startup_Code/startup.o
                0x00001b4c                __copy_rom_sections_to_ram
 .text.__init_registers
                0x00001be8        0xc ./Project_Settings/Startup_Code/startup.o
                0x00001be8                __init_registers
 .text.__init_user
                0x00001bf4        0xc ./Project_Settings/Startup_Code/startup.o
                0x00001bf4                __init_user
 .text.__thumb_startup
                0x00001c00       0x34 ./Project_Settings/Startup_Code/startup.o
                0x00001c00                __thumb_startup
 .text.HWEnDi   0x00001c34       0x1c ./Generated_Code/AS1.o
 .text.AS1_SendChar
                0x00001c50       0xdc ./Generated_Code/AS1.o
                0x00001c50                AS1_SendChar
 .text.AS1_ClearRxBuf
                0x00001d2c       0x78 ./Generated_Code/AS1.o
                0x00001d2c                AS1_ClearRxBuf
 .text.AS1_Init
                0x00001da4       0x60 ./Generated_Code/AS1.o
                0x00001da4                AS1_Init
 .text.ASerialLdd1_OnBlockReceived
                0x00001e04       0xcc ./Generated_Code/AS1.o
                0x00001e04                ASerialLdd1_OnBlockReceived
 .text.ASerialLdd1_OnBlockSent
                0x00001ed0       0xd4 ./Generated_Code/AS1.o
                0x00001ed0                ASerialLdd1_OnBlockSent
 .text.ASerialLdd1_OnError
                0x00001fa4       0x9c ./Generated_Code/AS1.o
                0x00001fa4                ASerialLdd1_OnError
 .text.ASerialLdd1_OnTxComplete
                0x00002040       0x14 ./Generated_Code/AS1.o
                0x00002040                ASerialLdd1_OnTxComplete
 .text.ASerialLdd1_OnBreak
                0x00002054       0x24 ./Generated_Code/AS1.o
                0x00002054                ASerialLdd1_OnBreak
 .text.ASerialLdd1_Init
                0x00002078      0x1c0 ./Generated_Code/ASerialLdd1.o
                0x00002078                ASerialLdd1_Init
 .text.ASerialLdd1_ReceiveBlock
                0x00002238       0x90 ./Generated_Code/ASerialLdd1.o
                0x00002238                ASerialLdd1_ReceiveBlock
 .text.ASerialLdd1_SendBlock
                0x000022c8       0xbc ./Generated_Code/ASerialLdd1.o
                0x000022c8                ASerialLdd1_SendBlock
 .text.InterruptRx
                0x00002384       0x58 ./Generated_Code/ASerialLdd1.o
 .text.InterruptTx
                0x000023dc       0x9c ./Generated_Code/ASerialLdd1.o
 .text.ASerialLdd1_Interrupt
                0x00002478      0x130 ./Generated_Code/ASerialLdd1.o
                0x00002478                ASerialLdd1_Interrupt
 .text.ASerialLdd1_GetError
                0x000025a8       0x70 ./Generated_Code/ASerialLdd1.o
                0x000025a8                ASerialLdd1_GetError
 .text.BitIoLdd1_Init
                0x00002618       0x64 ./Generated_Code/BitIoLdd1.o
                0x00002618                BitIoLdd1_Init
 .text.BitIoLdd2_Init
                0x0000267c       0x64 ./Generated_Code/BitIoLdd2.o
                0x0000267c                BitIoLdd2_Init
 .text.BitIoLdd3_Init
                0x000026e0       0x64 ./Generated_Code/BitIoLdd3.o
                0x000026e0                BitIoLdd3_Init
 .text.BitIoLdd3_ClrVal
                0x00002744       0x1c ./Generated_Code/BitIoLdd3.o
                0x00002744                BitIoLdd3_ClrVal
 .text.BitIoLdd3_SetVal
                0x00002760       0x1c ./Generated_Code/BitIoLdd3.o
                0x00002760                BitIoLdd3_SetVal
 .text.BitIoLdd4_Init
                0x0000277c       0x64 ./Generated_Code/BitIoLdd4.o
                0x0000277c                BitIoLdd4_Init
 .text.BitIoLdd4_ClrVal
                0x000027e0       0x1c ./Generated_Code/BitIoLdd4.o
                0x000027e0                BitIoLdd4_ClrVal
 .text.BitIoLdd4_SetVal
                0x000027fc       0x1c ./Generated_Code/BitIoLdd4.o
                0x000027fc                BitIoLdd4_SetVal
 .text.BitIoLdd5_Init
                0x00002818       0x64 ./Generated_Code/BitIoLdd5.o
                0x00002818                BitIoLdd5_Init
 .text.BitIoLdd5_ClrVal
                0x0000287c       0x1c ./Generated_Code/BitIoLdd5.o
                0x0000287c                BitIoLdd5_ClrVal
 .text.BitIoLdd5_SetVal
                0x00002898       0x1c ./Generated_Code/BitIoLdd5.o
                0x00002898                BitIoLdd5_SetVal
 .text.Cpu_ivINT_PORTC
                0x000028b4       0x30 ./Generated_Code/Cpu.o
                0x000028b4                Cpu_ivINT_PORTC
 .text.Cpu_INT_NMIInterrupt
                0x000028e4       0x1c ./Generated_Code/Cpu.o
                0x000028e4                Cpu_INT_NMIInterrupt
 .text.Cpu_Interrupt
                0x00002900       0x18 ./Generated_Code/Cpu.o
                0x00002900                Cpu_Interrupt
 .text.__init_hardware
                0x00002918      0x140 ./Generated_Code/Cpu.o
                0x00002918                __init_hardware
 .text.Cpu_SetBASEPRI
                0x00002a58       0x18 ./Generated_Code/Cpu.o
                0x00002a58                Cpu_SetBASEPRI
 .text.PE_low_level_init
                0x00002a70      0x110 ./Generated_Code/Cpu.o
                0x00002a70                PE_low_level_init
 .text.ENCODER_Init
                0x00002b80       0xb0 ./Generated_Code/ENCODER.o
                0x00002b80                ENCODER_Init
 .text.ENCODER_Interrupt
                0x00002c30       0x4c ./Generated_Code/ENCODER.o
                0x00002c30                ENCODER_Interrupt
 .text.ExtIntLdd1_OnInterrupt
                0x00002c7c       0x14 ./Generated_Code/ENCODER_PUSH.o
                0x00002c7c                ExtIntLdd1_OnInterrupt
 .text.ExtIntLdd1_Init
                0x00002c90       0x80 ./Generated_Code/ExtIntLdd1.o
                0x00002c90                ExtIntLdd1_Init
 .text.ExtIntLdd1_Interrupt
                0x00002d10       0x3c ./Generated_Code/ExtIntLdd1.o
                0x00002d10                ExtIntLdd1_Interrupt
 .text.ExtIntLdd2_Init
                0x00002d4c       0x80 ./Generated_Code/ExtIntLdd2.o
                0x00002d4c                ExtIntLdd2_Init
 .text.ExtIntLdd2_Interrupt
                0x00002dcc       0x3c ./Generated_Code/ExtIntLdd2.o
                0x00002dcc                ExtIntLdd2_Interrupt
 .text.ExtIntLdd3_Init
                0x00002e08       0x80 ./Generated_Code/ExtIntLdd3.o
                0x00002e08                ExtIntLdd3_Init
 .text.ExtIntLdd3_Interrupt
                0x00002e88       0x3c ./Generated_Code/ExtIntLdd3.o
                0x00002e88                ExtIntLdd3_Interrupt
 .text.ExtIntLdd4_Init
                0x00002ec4       0x7c ./Generated_Code/ExtIntLdd4.o
                0x00002ec4                ExtIntLdd4_Init
 .text.ExtIntLdd4_Interrupt
                0x00002f40       0x3c ./Generated_Code/ExtIntLdd4.o
                0x00002f40                ExtIntLdd4_Interrupt
 .text.ExtIntLdd5_Init
                0x00002f7c       0x7c ./Generated_Code/ExtIntLdd5.o
                0x00002f7c                ExtIntLdd5_Init
 .text.ExtIntLdd5_Interrupt
                0x00002ff8       0x3c ./Generated_Code/ExtIntLdd5.o
                0x00002ff8                ExtIntLdd5_Interrupt
 .text.I2C0_SendStop
                0x00003034       0x48 ./Generated_Code/I2C0.o
                0x00003034                I2C0_SendStop
 .text.I2C0_Init
                0x0000307c       0x20 ./Generated_Code/I2C0.o
                0x0000307c                I2C0_Init
 .text.IntI2cLdd1_OnMasterBlockSent
                0x0000309c       0x24 ./Generated_Code/I2C0.o
                0x0000309c                IntI2cLdd1_OnMasterBlockSent
 .text.IntI2cLdd1_OnMasterBlockReceived
                0x000030c0       0x24 ./Generated_Code/I2C0.o
                0x000030c0                IntI2cLdd1_OnMasterBlockReceived
 .text.IntI2cLdd1_OnError
                0x000030e4       0x30 ./Generated_Code/I2C0.o
                0x000030e4                IntI2cLdd1_OnError
 .text.IFsh1_Init
                0x00003114       0x2c ./Generated_Code/IFsh1.o
                0x00003114                IFsh1_Init
 .text.IntFlashLdd1_OnOperationComplete
                0x00003140       0x4c ./Generated_Code/IFsh1.o
                0x00003140                IntFlashLdd1_OnOperationComplete
 .text.IntFlashLdd1_OnError
                0x0000318c       0x54 ./Generated_Code/IFsh1.o
                0x0000318c                IntFlashLdd1_OnError
 .text.IntFlashLdd1_Init
                0x000031e0       0xa4 ./Generated_Code/IntFlashLdd1.o
                0x000031e0                IntFlashLdd1_Init
 .text.IntFlashLdd1_CommandCompleteInterrupt
                0x00003284      0x234 ./Generated_Code/IntFlashLdd1.o
                0x00003284                IntFlashLdd1_CommandCompleteInterrupt
 .text.IntFlashLdd1_GetError
                0x000034b8       0x90 ./Generated_Code/IntFlashLdd1.o
                0x000034b8                IntFlashLdd1_GetError
 .text.SafeRoutineCaller
                0x00003548       0x94 ./Generated_Code/IntFlashLdd1.o
 .text.IntI2cLdd1_Interrupt
                0x000035dc      0x2d4 ./Generated_Code/IntI2cLdd1.o
                0x000035dc                IntI2cLdd1_Interrupt
 .text.IntI2cLdd1_Init
                0x000038b0      0x13c ./Generated_Code/IntI2cLdd1.o
                0x000038b0                IntI2cLdd1_Init
 .text.IntI2cLdd1_GetError
                0x000039ec       0x70 ./Generated_Code/IntI2cLdd1.o
                0x000039ec                IntI2cLdd1_GetError
 .text.ExtIntLdd2_OnInterrupt
                0x00003a5c       0x14 ./Generated_Code/LEVER_DIR1.o
                0x00003a5c                ExtIntLdd2_OnInterrupt
 .text.ExtIntLdd3_OnInterrupt
                0x00003a70       0x14 ./Generated_Code/LEVER_DIR2.o
                0x00003a70                ExtIntLdd3_OnInterrupt
 .text.ExtIntLdd5_OnInterrupt
                0x00003a84       0x14 ./Generated_Code/PUSH_BUTTON_REC.o
                0x00003a84                ExtIntLdd5_OnInterrupt
 .text.ExtIntLdd4_OnInterrupt
                0x00003a98       0x14 ./Generated_Code/PUSH_BUTTON_SEND.o
                0x00003a98                ExtIntLdd4_OnInterrupt
 .text.T_100ms_Init
                0x00003aac       0xb0 ./Generated_Code/T_100ms.o
                0x00003aac                T_100ms_Init
 .text.T_100ms_Interrupt
                0x00003b5c       0x6c ./Generated_Code/T_100ms.o
                0x00003b5c                T_100ms_Interrupt
 .text.T_500ms_Init
                0x00003bc8       0xcc ./Generated_Code/T_500ms.o
                0x00003bc8                T_500ms_Init
 .text.T_500ms_Interrupt
                0x00003c94       0x6c ./Generated_Code/T_500ms.o
                0x00003c94                T_500ms_Interrupt
 .text.abort    0x00003d00        0xe c:/freescale/kds_v3/toolchain/bin/../lib/gcc/arm-none-eabi/4.8.4/../../../../arm-none-eabi/lib/armv7e-m\libg_s.a(lib_a-abort.o)
                0x00003d00                abort
 *fill*         0x00003d0e        0x2 
 .text.exit     0x00003d10       0x28 c:/freescale/kds_v3/toolchain/bin/../lib/gcc/arm-none-eabi/4.8.4/../../../../arm-none-eabi/lib/armv7e-m\libg_s.a(lib_a-exit.o)
                0x00003d10                exit
 .text.__libc_init_array
                0x00003d38       0x4c c:/freescale/kds_v3/toolchain/bin/../lib/gcc/arm-none-eabi/4.8.4/../../../../arm-none-eabi/lib/armv7e-m\libg_s.a(lib_a-init.o)
                0x00003d38                __libc_init_array
 .text.memcpy   0x00003d84       0x12 c:/freescale/kds_v3/toolchain/bin/../lib/gcc/arm-none-eabi/4.8.4/../../../../arm-none-eabi/lib/armv7e-m\libg_s.a(lib_a-memcpy-stub.o)
                0x00003d84                memcpy
 .text.memset   0x00003d96       0x10 c:/freescale/kds_v3/toolchain/bin/../lib/gcc/arm-none-eabi/4.8.4/../../../../arm-none-eabi/lib/armv7e-m\libg_s.a(lib_a-memset.o)
                0x00003d96                memset
 .text._raise_r
                0x00003da6       0x50 c:/freescale/kds_v3/toolchain/bin/../lib/gcc/arm-none-eabi/4.8.4/../../../../arm-none-eabi/lib/armv7e-m\libg_s.a(lib_a-signal.o)
                0x00003da6                _raise_r
 *fill*         0x00003df6        0x2 
 .text.raise    0x00003df8       0x10 c:/freescale/kds_v3/toolchain/bin/../lib/gcc/arm-none-eabi/4.8.4/../../../../arm-none-eabi/lib/armv7e-m\libg_s.a(lib_a-signal.o)
                0x00003df8                raise
 .text._kill_r  0x00003e08       0x24 c:/freescale/kds_v3/toolchain/bin/../lib/gcc/arm-none-eabi/4.8.4/../../../../arm-none-eabi/lib/armv7e-m\libg_s.a(lib_a-signalr.o)
                0x00003e08                _kill_r
 .text._getpid_r
                0x00003e2c        0x4 c:/freescale/kds_v3/toolchain/bin/../lib/gcc/arm-none-eabi/4.8.4/../../../../arm-none-eabi/lib/armv7e-m\libg_s.a(lib_a-signalr.o)
                0x00003e2c                _getpid_r
 .text.strlen   0x00003e30       0x10 c:/freescale/kds_v3/toolchain/bin/../lib/gcc/arm-none-eabi/4.8.4/../../../../arm-none-eabi/lib/armv7e-m\libg_s.a(lib_a-strlen.o)
                0x00003e30                strlen
 .text._getpid  0x00003e40       0x10 c:/freescale/kds_v3/toolchain/bin/../lib/gcc/arm-none-eabi/4.8.4/../../../../arm-none-eabi/lib/armv7e-m\libnosys.a(getpid.o)
                0x00003e40                _getpid
 .text._kill    0x00003e50       0x10 c:/freescale/kds_v3/toolchain/bin/../lib/gcc/arm-none-eabi/4.8.4/../../../../arm-none-eabi/lib/armv7e-m\libnosys.a(kill.o)
                0x00003e50                _kill
 .text._exit    0x00003e60        0x4 c:/freescale/kds_v3/toolchain/bin/../lib/gcc/arm-none-eabi/4.8.4/../../../../arm-none-eabi/lib/armv7e-m\libnosys.a(_exit.o)
                0x00003e60                _exit
 *(.rodata)
 .rodata        0x00003e64      0x1c0 ./Sources/protocol.o
 *(.rodata*)
 .rodata.SafeRoutine
                0x00004024       0x30 ./Generated_Code/IntFlashLdd1.o
 .rodata.str1.1
                0x00004054        0x2 c:/freescale/kds_v3/toolchain/bin/../lib/gcc/arm-none-eabi/4.8.4/../../../../arm-none-eabi/lib/armv7e-m\libg_s.a(lib_a-impure.o)
 *fill*         0x00004056        0x2 
 .rodata._global_impure_ptr
                0x00004058        0x4 c:/freescale/kds_v3/toolchain/bin/../lib/gcc/arm-none-eabi/4.8.4/../../../../arm-none-eabi/lib/armv7e-m\libg_s.a(lib_a-impure.o)
                0x00004058                _global_impure_ptr
 *(.glue_7)
 .glue_7        0x00000000        0x0 linker stubs
 *(.glue_7t)
 .glue_7t       0x00000000        0x0 linker stubs
 *(.eh_frame)
 .eh_frame      0x0000405c        0x0 c:/freescale/kds_v3/toolchain/bin/../lib/gcc/arm-none-eabi/4.8.4/armv7e-m/crtbegin.o
 *(.init)
 .init          0x0000405c        0x4 c:/freescale/kds_v3/toolchain/bin/../lib/gcc/arm-none-eabi/4.8.4/armv7e-m/crti.o
                0x0000405c                _init
 .init          0x00004060        0x8 c:/freescale/kds_v3/toolchain/bin/../lib/gcc/arm-none-eabi/4.8.4/armv7e-m/crtn.o
 *(.fini)
 .fini          0x00004068        0x4 c:/freescale/kds_v3/toolchain/bin/../lib/gcc/arm-none-eabi/4.8.4/armv7e-m/crti.o
                0x00004068                _fini
 .fini          0x0000406c        0x8 c:/freescale/kds_v3/toolchain/bin/../lib/gcc/arm-none-eabi/4.8.4/armv7e-m/crtn.o
                0x00004074                . = ALIGN (0x4)
                0x00004074                _etext = .

.vfp11_veneer   0x00004074        0x0
 .vfp11_veneer  0x00000000        0x0 linker stubs

.v4_bx          0x00004074        0x0
 .v4_bx         0x00000000        0x0 linker stubs

.iplt           0x00004074        0x0
 .iplt          0x00000000        0x0 c:/freescale/kds_v3/toolchain/bin/../lib/gcc/arm-none-eabi/4.8.4/armv7e-m/crtbegin.o

.ARM.extab      0x00004074       0x48
 *(.ARM.extab* .gnu.linkonce.armextab.*)
 .ARM.extab.text.serial_send_block
                0x00004074        0xc ./Sources/protocol.o
 .ARM.extab.text.serial_send_string
                0x00004080        0xc ./Sources/protocol.o
 .ARM.extab.text.serial_send_char
                0x0000408c        0xc ./Sources/protocol.o
 .ARM.extab     0x00004098        0xc c:/freescale/kds_v3/toolchain/bin/../lib/gcc/arm-none-eabi/4.8.4/armv7e-m\libgcc.a(unwind-arm.o)
 .ARM.extab     0x000040a4       0x18 c:/freescale/kds_v3/toolchain/bin/../lib/gcc/arm-none-eabi/4.8.4/armv7e-m\libgcc.a(pr-support.o)

.ARM            0x000040bc       0xf0
                0x000040bc                __exidx_start = .
 *(.ARM.exidx*)
 .ARM.exidx     0x000040bc        0x8 c:/freescale/kds_v3/toolchain/bin/../lib/gcc/arm-none-eabi/4.8.4/../../../../arm-none-eabi/lib/armv7e-m/crt0.o
 .ARM.exidx.text.serial_send_block
                0x00004184        0x8 ./Sources/protocol.o
 .ARM.exidx.text.serial_send_string
                0x0000418c        0x8 ./Sources/protocol.o
 .ARM.exidx.text.serial_send_char
                0x00004194        0x8 ./Sources/protocol.o
 .ARM.exidx.text.test_protocol
                0x0000419c        0x8 ./Sources/protocol.o
 .ARM.exidx.text.msg_parse
                0x000041a4        0x8 ./Sources/protocol.o
 .ARM.exidx.text.msg_processing
                0x000041ac        0x0 ./Sources/protocol.o
                                  0x8 (size before relaxing)
 .ARM.exidx     0x000040c4       0x88 c:/freescale/kds_v3/toolchain/bin/../lib/gcc/arm-none-eabi/4.8.4/armv7e-m\libgcc.a(unwind-arm.o)
                                 0xd8 (size before relaxing)
 .ARM.exidx     0x0000414c       0x38 c:/freescale/kds_v3/toolchain/bin/../lib/gcc/arm-none-eabi/4.8.4/armv7e-m\libgcc.a(pr-support.o)
                                 0x48 (size before relaxing)
                0x000041ac                __exidx_end = .

.rel.dyn        0x000041ac        0x0
 .rel.iplt      0x00000000        0x0 c:/freescale/kds_v3/toolchain/bin/../lib/gcc/arm-none-eabi/4.8.4/armv7e-m/crtbegin.o

.ctors          0x000041ac        0x0
                0x000041ac                __CTOR_LIST__ = .
 *crtbegin.o(.ctors)
 *(EXCLUDE_FILE(*crtend.o) .ctors)
 *(SORT(.ctors.*))
 *(.ctors)
                0x000041ac                __CTOR_END__ = .

.dtors          0x000041ac        0x0
                0x000041ac                __DTOR_LIST__ = .
 *crtbegin.o(.dtors)
 *(EXCLUDE_FILE(*crtend.o) .dtors)
 *(SORT(.dtors.*))
 *(.dtors)
                0x000041ac                __DTOR_END__ = .

.preinit_array  0x000041ac        0x0
                0x000041ac                PROVIDE (__preinit_array_start, .)
 *(.preinit_array*)
                0x000041ac                PROVIDE (__preinit_array_end, .)

.init_array     0x000041ac        0x4
                0x000041ac                PROVIDE (__init_array_start, .)
 *(SORT(.init_array.*))
 *(.init_array*)
 .init_array    0x000041ac        0x4 c:/freescale/kds_v3/toolchain/bin/../lib/gcc/arm-none-eabi/4.8.4/armv7e-m/crtbegin.o
                0x000041b0                PROVIDE (__init_array_end, .)

.fini_array     0x000041b0        0x4
                0x000041b0                PROVIDE (__fini_array_start, .)
 *(SORT(.fini_array.*))
 *(.fini_array*)
 .fini_array    0x000041b0        0x4 c:/freescale/kds_v3/toolchain/bin/../lib/gcc/arm-none-eabi/4.8.4/armv7e-m/crtbegin.o
                0x000041b4                PROVIDE (__fini_array_end, .)
                0x000041b4                ___ROM_AT = .

.data           0x1fff8000       0x7c load address 0x000041b4
                0x1fff8000                . = ALIGN (0x4)
                0x1fff8000                _sdata = .
 *(.data)
 *(.data*)
 .data._ZL6Get_OK
                0x1fff8000        0x4 ./Sources/protocol.o
 .data._ZL7Get_ERR
                0x1fff8004        0x4 ./Sources/protocol.o
 .data._ZL6Set_OK
                0x1fff8008        0x4 ./Sources/protocol.o
 .data._ZL7Set_ERR
                0x1fff800c        0x4 ./Sources/protocol.o
 .data._ZL12Velocity_ref
                0x1fff8010        0x4 ./Sources/protocol.o
 .data._ZL12Position_ref
                0x1fff8014        0x4 ./Sources/protocol.o
 .data.impure_data
                0x1fff8018       0x60 c:/freescale/kds_v3/toolchain/bin/../lib/gcc/arm-none-eabi/4.8.4/../../../../arm-none-eabi/lib/armv7e-m\libg_s.a(lib_a-impure.o)
 .data._impure_ptr
                0x1fff8078        0x4 c:/freescale/kds_v3/toolchain/bin/../lib/gcc/arm-none-eabi/4.8.4/../../../../arm-none-eabi/lib/armv7e-m\libg_s.a(lib_a-impure.o)
                0x1fff8078                _impure_ptr
                0x1fff807c                . = ALIGN (0x4)
                0x1fff807c                _edata = .
                0x0000007c                ___data_size = (_edata - _sdata)
                0x00004230                ___m_data_20000000_ROMStart = (___ROM_AT + SIZEOF (.data))

.jcr            0x1fff807c        0x0 load address 0x00004230
 .jcr           0x1fff807c        0x0 c:/freescale/kds_v3/toolchain/bin/../lib/gcc/arm-none-eabi/4.8.4/armv7e-m/crtbegin.o

.igot.plt       0x1fff807c        0x0 load address 0x00004230
 .igot.plt      0x00000000        0x0 c:/freescale/kds_v3/toolchain/bin/../lib/gcc/arm-none-eabi/4.8.4/armv7e-m/crtbegin.o

.m_data_20000000
                0x20000000        0x0 load address 0x00004230
                0x20000000                . = ALIGN (0x4)
                0x20000000                ___m_data_20000000_RAMStart = .
 *(.m_data_20000000)
                0x20000000                ___m_data_20000000_RAMEnd = .
                0x20000000                . = ALIGN (0x4)
                0x00000000                ___m_data_20000000_ROMSize = (___m_data_20000000_RAMEnd - ___m_data_20000000_RAMStart)
                0x20000000                . = ALIGN (0x4)

.bss            0x1fff807c      0x2f0 load address 0x00004230
                0x1fff807c                __START_BSS = .
                0x1fff807c                PROVIDE (__bss_start__, __START_BSS)
 *(.bss)
 .bss           0x1fff807c       0x1c c:/freescale/kds_v3/toolchain/bin/../lib/gcc/arm-none-eabi/4.8.4/armv7e-m/crtbegin.o
 *(.bss*)
 .bss.in_buffer
                0x1fff8098       0x80 ./Sources/protocol.o
                0x1fff8098                in_buffer
 .bss.cnt       0x1fff8118        0x1 ./Sources/protocol.o
                0x1fff8118                cnt
 .bss.FLAG_MSG_RCV
                0x1fff8119        0x1 ./Sources/protocol.o
                0x1fff8119                FLAG_MSG_RCV
 .bss.FLAG_MSG_ERR
                0x1fff811a        0x1 ./Sources/protocol.o
                0x1fff811a                FLAG_MSG_ERR
 .bss.FLAG_MSG_OK
                0x1fff811b        0x1 ./Sources/protocol.o
                0x1fff811b                FLAG_MSG_OK
 .bss.nb_data   0x1fff811c        0x4 ./Sources/protocol.o
                0x1fff811c                nb_data
 .bss.SerFlag   0x1fff8120        0x2 ./Generated_Code/AS1.o
 .bss.AS1_InpLen
                0x1fff8122        0x2 ./Generated_Code/AS1.o
 .bss.InpIndexR
                0x1fff8124        0x2 ./Generated_Code/AS1.o
 .bss.InpIndexW
                0x1fff8126        0x2 ./Generated_Code/AS1.o
 .bss.InpBuffer
                0x1fff8128       0x80 ./Generated_Code/AS1.o
 .bss.BufferRead
                0x1fff81a8        0x1 ./Generated_Code/AS1.o
 *fill*         0x1fff81a9        0x1 
 .bss.AS1_OutLen
                0x1fff81aa        0x2 ./Generated_Code/AS1.o
 .bss.OutIndexR
                0x1fff81ac        0x2 ./Generated_Code/AS1.o
 .bss.OutIndexW
                0x1fff81ae        0x2 ./Generated_Code/AS1.o
 .bss.OutBuffer
                0x1fff81b0       0x80 ./Generated_Code/AS1.o
 .bss.OnFreeTxBufSemaphore
                0x1fff8230        0x1 ./Generated_Code/AS1.o
 *fill*         0x1fff8231        0x3 
 .bss.DeviceDataPrv__DEFAULT_RTOS_ALLOC
                0x1fff8234       0x20 ./Generated_Code/ASerialLdd1.o
 .bss.INT_UART0_RX_TX__DEFAULT_RTOS_ISRPARAM
                0x1fff8254        0x4 ./Generated_Code/ASerialLdd1.o
 .bss.INT_UART0_ERR__DEFAULT_RTOS_ISRPARAM
                0x1fff8258        0x4 ./Generated_Code/ASerialLdd1.o
 .bss.DeviceDataPrv__DEFAULT_RTOS_ALLOC
                0x1fff825c        0x4 ./Generated_Code/BitIoLdd1.o
 .bss.DeviceDataPrv__DEFAULT_RTOS_ALLOC
                0x1fff8260        0x4 ./Generated_Code/BitIoLdd2.o
 .bss.DeviceDataPrv__DEFAULT_RTOS_ALLOC
                0x1fff8264        0x4 ./Generated_Code/BitIoLdd3.o
 .bss.DeviceDataPrv__DEFAULT_RTOS_ALLOC
                0x1fff8268        0x4 ./Generated_Code/BitIoLdd4.o
 .bss.DeviceDataPrv__DEFAULT_RTOS_ALLOC
                0x1fff826c        0x4 ./Generated_Code/BitIoLdd5.o
 .bss.SR_lock   0x1fff8270        0x1 ./Generated_Code/Cpu.o
                0x1fff8270                SR_lock
 *fill*         0x1fff8271        0x3 
 .bss.DeviceDataPrv__DEFAULT_RTOS_ALLOC
                0x1fff8274        0xc ./Generated_Code/ENCODER.o
 .bss.INT_PORTC__DEFAULT_RTOS_ISRPARAM
                0x1fff8280        0x4 ./Generated_Code/ENCODER.o
 .bss.DeviceDataPrv__DEFAULT_RTOS_ALLOC
                0x1fff8284        0x4 ./Generated_Code/ExtIntLdd1.o
 .bss.INT_PORTC__DEFAULT_RTOS_ISRPARAM
                0x1fff8288        0x4 ./Generated_Code/ExtIntLdd1.o
 .bss.DeviceDataPrv__DEFAULT_RTOS_ALLOC
                0x1fff828c        0x4 ./Generated_Code/ExtIntLdd2.o
 .bss.INT_PORTC__DEFAULT_RTOS_ISRPARAM
                0x1fff8290        0x4 ./Generated_Code/ExtIntLdd2.o
 .bss.DeviceDataPrv__DEFAULT_RTOS_ALLOC
                0x1fff8294        0x4 ./Generated_Code/ExtIntLdd3.o
 .bss.INT_PORTC__DEFAULT_RTOS_ISRPARAM
                0x1fff8298        0x4 ./Generated_Code/ExtIntLdd3.o
 .bss.DeviceDataPrv__DEFAULT_RTOS_ALLOC
                0x1fff829c        0x4 ./Generated_Code/ExtIntLdd4.o
 .bss.INT_PORTC__DEFAULT_RTOS_ISRPARAM
                0x1fff82a0        0x4 ./Generated_Code/ExtIntLdd4.o
 .bss.DeviceDataPrv__DEFAULT_RTOS_ALLOC
                0x1fff82a4        0x4 ./Generated_Code/ExtIntLdd5.o
 .bss.INT_PORTC__DEFAULT_RTOS_ISRPARAM
                0x1fff82a8        0x4 ./Generated_Code/ExtIntLdd5.o
 .bss.OutLenM   0x1fff82ac        0x2 ./Generated_Code/I2C0.o
 .bss.I2C0_SerFlag
                0x1fff82ae        0x1 ./Generated_Code/I2C0.o
 *fill*         0x1fff82af        0x1 
 .bss.IFsh1_CurrentCommand
                0x1fff82b0        0x4 ./Generated_Code/IFsh1.o
 .bss.IFsh1_CmdResult
                0x1fff82b4        0x1 ./Generated_Code/IFsh1.o
 .bss.IFsh1_CmdPending
                0x1fff82b5        0x1 ./Generated_Code/IFsh1.o
 .bss.IFsh1_EnEvent
                0x1fff82b6        0x1 ./Generated_Code/IFsh1.o
 *fill*         0x1fff82b7        0x1 
 .bss.IntFlashLdd1_DevDataPtr
                0x1fff82b8        0x4 ./Generated_Code/IFsh1.o
 .bss.DeviceDataPrv__DEFAULT_RTOS_ALLOC
                0x1fff82bc       0x18 ./Generated_Code/IntFlashLdd1.o
 .bss.INT_FTFL__DEFAULT_RTOS_ISRPARAM
                0x1fff82d4        0x4 ./Generated_Code/IntFlashLdd1.o
 .bss.INT_Read_Collision__DEFAULT_RTOS_ISRPARAM
                0x1fff82d8        0x4 ./Generated_Code/IntFlashLdd1.o
 .bss.DeviceDataPrv__DEFAULT_RTOS_ALLOC
                0x1fff82dc       0x1c ./Generated_Code/IntI2cLdd1.o
 .bss.INT_I2C0__DEFAULT_RTOS_ISRPARAM
                0x1fff82f8        0x4 ./Generated_Code/IntI2cLdd1.o
 .bss.PE_LDD_DeviceDataList
                0x1fff82fc       0x40 ./Generated_Code/PE_LDD.o
                0x1fff82fc                PE_LDD_DeviceDataList
 .bss.DeviceDataPrv__DEFAULT_RTOS_ALLOC
                0x1fff833c        0xc ./Generated_Code/T_100ms.o
 .bss.INT_FTM1__DEFAULT_RTOS_ISRPARAM
                0x1fff8348        0x4 ./Generated_Code/T_100ms.o
 .bss.DeviceDataPrv__DEFAULT_RTOS_ALLOC
                0x1fff834c        0x8 ./Generated_Code/T_500ms.o
 .bss.INT_FTM0__DEFAULT_RTOS_ISRPARAM
                0x1fff8354        0x4 ./Generated_Code/T_500ms.o
 *(COMMON)
 COMMON         0x1fff8358        0x4 ./Generated_Code/AS1.o
                0x1fff8358                ASerialLdd1_DeviceDataPtr
 COMMON         0x1fff835c        0x1 ./Generated_Code/Cpu.o
                0x1fff835c                SR_reg
 *fill*         0x1fff835d        0x3 
 COMMON         0x1fff8360        0x8 ./Generated_Code/I2C0.o
                0x1fff8360                I2C0_SndRcvTemp
                0x1fff8364                IntI2cLdd1_DeviceDataPtr
 COMMON         0x1fff8368        0x4 c:/freescale/kds_v3/toolchain/bin/../lib/gcc/arm-none-eabi/4.8.4/../../../../arm-none-eabi/lib/armv7e-m\libg_s.a(lib_a-reent.o)
                0x1fff8368                errno
                0x1fff836c                . = ALIGN (0x4)
                0x1fff836c                __END_BSS = .
                0x1fff836c                PROVIDE (__bss_end__, __END_BSS)
                0x00004230                _romp_at = ((___ROM_AT + SIZEOF (.data)) + SIZEOF (.m_data_20000000))

.romp           0x1fff836c       0x24 load address 0x00004230
                0x00004230                __S_romp = _romp_at
                0x1fff836c        0x4 LONG 0x41b4 ___ROM_AT
                0x1fff8370        0x4 LONG 0x1fff8000 _sdata
                0x1fff8374        0x4 LONG 0x7c ___data_size
                0x1fff8378        0x4 LONG 0x4230 ___m_data_20000000_ROMStart
                0x1fff837c        0x4 LONG 0x20000000 ___m_data_20000000_RAMStart
                0x1fff8380        0x4 LONG 0x0 ___m_data_20000000_ROMSize
                0x1fff8384        0x4 LONG 0x0
                0x1fff8388        0x4 LONG 0x0
                0x1fff838c        0x4 LONG 0x0
                0x00040000                text_end = (ORIGIN (m_text) + 0x3fbf0)
                0x00004254                data_init_end = ((___m_data_20000000_ROMStart + SIZEOF (.m_data_20000000)) + SIZEOF (.romp))
                0x00000001                ASSERT ((data_init_end <= text_end), region m_text overflowed with text and data)

._user_heap_stack
                0x1fff8390      0x400 load address 0x00004254
                0x1fff8390                . = ALIGN (0x4)
                0x1fff8390                PROVIDE (end, .)
                0x1fff8390                PROVIDE (_end, .)
                0x1fff8390                PROVIDE (__end__, .)
                0x1fff8390                __heap_addr = .
                0x1fff8390                __HeapBase = .
                0x1fff8390                . = (. + __heap_size)
                0x1fff8390                __HeapLimit = .
                0x1fff8790                . = (. + __stack_size)
 *fill*         0x1fff8390      0x400 
                0x1fff8790                . = ALIGN (0x4)

.ARM.attributes
                0x00000000       0x2a
 *(.ARM.attributes)
 .ARM.attributes
                0x00000000       0x1e c:/freescale/kds_v3/toolchain/bin/../lib/gcc/arm-none-eabi/4.8.4/armv7e-m/crti.o
 .ARM.attributes
                0x0000001e       0x2e c:/freescale/kds_v3/toolchain/bin/../lib/gcc/arm-none-eabi/4.8.4/armv7e-m/crtbegin.o
 .ARM.attributes
                0x0000004c       0x1c c:/freescale/kds_v3/toolchain/bin/../lib/gcc/arm-none-eabi/4.8.4/../../../../arm-none-eabi/lib/armv7e-m/crt0.o
 .ARM.attributes
                0x00000068       0x33 ./Sources/Events.o
 .ARM.attributes
                0x0000009b       0x33 ./Sources/main.o
 .ARM.attributes
                0x000000ce       0x33 ./Sources/protocol.o
 .ARM.attributes
                0x00000101       0x33 ./Project_Settings/Startup_Code/startup.o
 .ARM.attributes
                0x00000134       0x33 ./Generated_Code/AS1.o
 .ARM.attributes
                0x00000167       0x33 ./Generated_Code/ASerialLdd1.o
 .ARM.attributes
                0x0000019a       0x33 ./Generated_Code/BitIoLdd1.o
 .ARM.attributes
                0x000001cd       0x33 ./Generated_Code/BitIoLdd2.o
 .ARM.attributes
                0x00000200       0x33 ./Generated_Code/BitIoLdd3.o
 .ARM.attributes
                0x00000233       0x33 ./Generated_Code/BitIoLdd4.o
 .ARM.attributes
                0x00000266       0x33 ./Generated_Code/BitIoLdd5.o
 .ARM.attributes
                0x00000299       0x33 ./Generated_Code/Cpu.o
 .ARM.attributes
                0x000002cc       0x33 ./Generated_Code/ENCODER.o
 .ARM.attributes
                0x000002ff       0x33 ./Generated_Code/ENCODER_PUSH.o
 .ARM.attributes
                0x00000332       0x33 ./Generated_Code/ExtIntLdd1.o
 .ARM.attributes
                0x00000365       0x33 ./Generated_Code/ExtIntLdd2.o
 .ARM.attributes
                0x00000398       0x33 ./Generated_Code/ExtIntLdd3.o
 .ARM.attributes
                0x000003cb       0x33 ./Generated_Code/ExtIntLdd4.o
 .ARM.attributes
                0x000003fe       0x33 ./Generated_Code/ExtIntLdd5.o
 .ARM.attributes
                0x00000431       0x33 ./Generated_Code/I2C0.o
 .ARM.attributes
                0x00000464       0x33 ./Generated_Code/IFsh1.o
 .ARM.attributes
                0x00000497       0x33 ./Generated_Code/IntFlashLdd1.o
 .ARM.attributes
                0x000004ca       0x33 ./Generated_Code/IntI2cLdd1.o
 .ARM.attributes
                0x000004fd       0x33 ./Generated_Code/LEVER_DIR1.o
 .ARM.attributes
                0x00000530       0x33 ./Generated_Code/LEVER_DIR2.o
 .ARM.attributes
                0x00000563       0x33 ./Generated_Code/PE_LDD.o
 .ARM.attributes
                0x00000596       0x33 ./Generated_Code/PUSH_BUTTON_REC.o
 .ARM.attributes
                0x000005c9       0x33 ./Generated_Code/PUSH_BUTTON_SEND.o
 .ARM.attributes
                0x000005fc       0x33 ./Generated_Code/T_100ms.o
 .ARM.attributes
                0x0000062f       0x33 ./Generated_Code/T_500ms.o
 .ARM.attributes
                0x00000662       0x33 ./Generated_Code/Vectors.o
 .ARM.attributes
                0x00000695       0x2e c:/freescale/kds_v3/toolchain/bin/../lib/gcc/arm-none-eabi/4.8.4/../../../../arm-none-eabi/lib/armv7e-m\libg_s.a(lib_a-exit.o)
 .ARM.attributes
                0x000006c3       0x2e c:/freescale/kds_v3/toolchain/bin/../lib/gcc/arm-none-eabi/4.8.4/../../../../arm-none-eabi/lib/armv7e-m\libg_s.a(lib_a-impure.o)
 .ARM.attributes
                0x000006f1       0x2e c:/freescale/kds_v3/toolchain/bin/../lib/gcc/arm-none-eabi/4.8.4/../../../../arm-none-eabi/lib/armv7e-m\libg_s.a(lib_a-init.o)
 .ARM.attributes
                0x0000071f       0x2e c:/freescale/kds_v3/toolchain/bin/../lib/gcc/arm-none-eabi/4.8.4/../../../../arm-none-eabi/lib/armv7e-m\libg_s.a(lib_a-memset.o)
 .ARM.attributes
                0x0000074d       0x1c c:/freescale/kds_v3/toolchain/bin/../lib/gcc/arm-none-eabi/4.8.4/../../../../arm-none-eabi/lib/armv7e-m\libg_s.a(lib_a-strcmp.o)
 .ARM.attributes
                0x00000769       0x2e c:/freescale/kds_v3/toolchain/bin/../lib/gcc/arm-none-eabi/4.8.4/../../../../arm-none-eabi/lib/armv7e-m\libg_s.a(lib_a-strlen.o)
 .ARM.attributes
                0x00000797       0x2e c:/freescale/kds_v3/toolchain/bin/../lib/gcc/arm-none-eabi/4.8.4/../../../../arm-none-eabi/lib/armv7e-m\libnosys.a(_exit.o)
 .ARM.attributes
                0x000007c5       0x1e c:/freescale/kds_v3/toolchain/bin/../lib/gcc/arm-none-eabi/4.8.4/armv7e-m/crtn.o
OUTPUT(varmo_lite.elf elf32-littlearm)

.debug_info     0x00000000     0x8ae2
 .debug_info    0x00000000      0x565 ./Sources/Events.o
 .debug_info    0x00000565      0x425 ./Sources/main.o
 .debug_info    0x0000098a      0x5f3 ./Sources/protocol.o
 .debug_info    0x00000f7d      0x20a ./Project_Settings/Startup_Code/startup.o
 .debug_info    0x00001187      0x52b ./Generated_Code/AS1.o
 .debug_info    0x000016b2      0x9dc ./Generated_Code/ASerialLdd1.o
 .debug_info    0x0000208e      0x377 ./Generated_Code/BitIoLdd1.o
 .debug_info    0x00002405      0x377 ./Generated_Code/BitIoLdd2.o
 .debug_info    0x0000277c      0x377 ./Generated_Code/BitIoLdd3.o
 .debug_info    0x00002af3      0x377 ./Generated_Code/BitIoLdd4.o
 .debug_info    0x00002e6a      0x377 ./Generated_Code/BitIoLdd5.o
 .debug_info    0x000031e1      0xa82 ./Generated_Code/Cpu.o
 .debug_info    0x00003c63      0x647 ./Generated_Code/ENCODER.o
 .debug_info    0x000042aa       0xb2 ./Generated_Code/ENCODER_PUSH.o
 .debug_info    0x0000435c      0x43c ./Generated_Code/ExtIntLdd1.o
 .debug_info    0x00004798      0x43c ./Generated_Code/ExtIntLdd2.o
 .debug_info    0x00004bd4      0x43c ./Generated_Code/ExtIntLdd3.o
 .debug_info    0x00005010      0x43c ./Generated_Code/ExtIntLdd4.o
 .debug_info    0x0000544c      0x43c ./Generated_Code/ExtIntLdd5.o
 .debug_info    0x00005888      0x47e ./Generated_Code/I2C0.o
 .debug_info    0x00005d06      0x438 ./Generated_Code/IFsh1.o
 .debug_info    0x0000613e      0xc91 ./Generated_Code/IntFlashLdd1.o
 .debug_info    0x00006dcf      0x9e5 ./Generated_Code/IntI2cLdd1.o
 .debug_info    0x000077b4       0xb2 ./Generated_Code/LEVER_DIR1.o
 .debug_info    0x00007866       0xb2 ./Generated_Code/LEVER_DIR2.o
 .debug_info    0x00007918      0x24d ./Generated_Code/PE_LDD.o
 .debug_info    0x00007b65       0xb2 ./Generated_Code/PUSH_BUTTON_REC.o
 .debug_info    0x00007c17       0xb2 ./Generated_Code/PUSH_BUTTON_SEND.o
 .debug_info    0x00007cc9      0x6c8 ./Generated_Code/T_100ms.o
 .debug_info    0x00008391      0x63b ./Generated_Code/T_500ms.o
 .debug_info    0x000089cc      0x116 ./Generated_Code/Vectors.o

.debug_abbrev   0x00000000     0x27f2
 .debug_abbrev  0x00000000      0x1dd ./Sources/Events.o
 .debug_abbrev  0x000001dd      0x13f ./Sources/main.o
 .debug_abbrev  0x0000031c      0x1ad ./Sources/protocol.o
 .debug_abbrev  0x000004c9      0x11e ./Project_Settings/Startup_Code/startup.o
 .debug_abbrev  0x000005e7      0x1d6 ./Generated_Code/AS1.o
 .debug_abbrev  0x000007bd      0x1db ./Generated_Code/ASerialLdd1.o
 .debug_abbrev  0x00000998      0x15f ./Generated_Code/BitIoLdd1.o
 .debug_abbrev  0x00000af7      0x15f ./Generated_Code/BitIoLdd2.o
 .debug_abbrev  0x00000c56      0x15f ./Generated_Code/BitIoLdd3.o
 .debug_abbrev  0x00000db5      0x15f ./Generated_Code/BitIoLdd4.o
 .debug_abbrev  0x00000f14      0x15f ./Generated_Code/BitIoLdd5.o
 .debug_abbrev  0x00001073      0x178 ./Generated_Code/Cpu.o
 .debug_abbrev  0x000011eb      0x1ba ./Generated_Code/ENCODER.o
 .debug_abbrev  0x000013a5       0x68 ./Generated_Code/ENCODER_PUSH.o
 .debug_abbrev  0x0000140d      0x15d ./Generated_Code/ExtIntLdd1.o
 .debug_abbrev  0x0000156a      0x15d ./Generated_Code/ExtIntLdd2.o
 .debug_abbrev  0x000016c7      0x15d ./Generated_Code/ExtIntLdd3.o
 .debug_abbrev  0x00001824      0x15d ./Generated_Code/ExtIntLdd4.o
 .debug_abbrev  0x00001981      0x15d ./Generated_Code/ExtIntLdd5.o
 .debug_abbrev  0x00001ade      0x1c0 ./Generated_Code/I2C0.o
 .debug_abbrev  0x00001c9e      0x15c ./Generated_Code/IFsh1.o
 .debug_abbrev  0x00001dfa      0x239 ./Generated_Code/IntFlashLdd1.o
 .debug_abbrev  0x00002033      0x18b ./Generated_Code/IntI2cLdd1.o
 .debug_abbrev  0x000021be       0x68 ./Generated_Code/LEVER_DIR1.o
 .debug_abbrev  0x00002226       0x68 ./Generated_Code/LEVER_DIR2.o
 .debug_abbrev  0x0000228e      0x10d ./Generated_Code/PE_LDD.o
 .debug_abbrev  0x0000239b       0x68 ./Generated_Code/PUSH_BUTTON_REC.o
 .debug_abbrev  0x00002403       0x68 ./Generated_Code/PUSH_BUTTON_SEND.o
 .debug_abbrev  0x0000246b      0x179 ./Generated_Code/T_100ms.o
 .debug_abbrev  0x000025e4      0x16a ./Generated_Code/T_500ms.o
 .debug_abbrev  0x0000274e       0xa4 ./Generated_Code/Vectors.o

.debug_aranges  0x00000000      0x830
 .debug_aranges
                0x00000000       0xb8 ./Sources/Events.o
 .debug_aranges
                0x000000b8       0x20 ./Sources/main.o
 .debug_aranges
                0x000000d8       0x48 ./Sources/protocol.o
 .debug_aranges
                0x00000120       0x50 ./Project_Settings/Startup_Code/startup.o
 .debug_aranges
                0x00000170       0x90 ./Generated_Code/AS1.o
 .debug_aranges
                0x00000200       0x50 ./Generated_Code/ASerialLdd1.o
 .debug_aranges
                0x00000250       0x48 ./Generated_Code/BitIoLdd1.o
 .debug_aranges
                0x00000298       0x48 ./Generated_Code/BitIoLdd2.o
 .debug_aranges
                0x000002e0       0x48 ./Generated_Code/BitIoLdd3.o
 .debug_aranges
                0x00000328       0x48 ./Generated_Code/BitIoLdd4.o
 .debug_aranges
                0x00000370       0x48 ./Generated_Code/BitIoLdd5.o
 .debug_aranges
                0x000003b8       0x48 ./Generated_Code/Cpu.o
 .debug_aranges
                0x00000400       0x60 ./Generated_Code/ENCODER.o
 .debug_aranges
                0x00000460       0x20 ./Generated_Code/ENCODER_PUSH.o
 .debug_aranges
                0x00000480       0x30 ./Generated_Code/ExtIntLdd1.o
 .debug_aranges
                0x000004b0       0x30 ./Generated_Code/ExtIntLdd2.o
 .debug_aranges
                0x000004e0       0x30 ./Generated_Code/ExtIntLdd3.o
 .debug_aranges
                0x00000510       0x30 ./Generated_Code/ExtIntLdd4.o
 .debug_aranges
                0x00000540       0x30 ./Generated_Code/ExtIntLdd5.o
 .debug_aranges
                0x00000570       0x70 ./Generated_Code/I2C0.o
 .debug_aranges
                0x000005e0       0x60 ./Generated_Code/IFsh1.o
 .debug_aranges
                0x00000640       0x68 ./Generated_Code/IntFlashLdd1.o
 .debug_aranges
                0x000006a8       0x60 ./Generated_Code/IntI2cLdd1.o
 .debug_aranges
                0x00000708       0x20 ./Generated_Code/LEVER_DIR1.o
 .debug_aranges
                0x00000728       0x20 ./Generated_Code/LEVER_DIR2.o
 .debug_aranges
                0x00000748       0x30 ./Generated_Code/PE_LDD.o
 .debug_aranges
                0x00000778       0x20 ./Generated_Code/PUSH_BUTTON_REC.o
 .debug_aranges
                0x00000798       0x20 ./Generated_Code/PUSH_BUTTON_SEND.o
 .debug_aranges
                0x000007b8       0x38 ./Generated_Code/T_100ms.o
 .debug_aranges
                0x000007f0       0x28 ./Generated_Code/T_500ms.o
 .debug_aranges
                0x00000818       0x18 ./Generated_Code/Vectors.o

.debug_ranges   0x00000000      0x638
 .debug_ranges  0x00000000       0xa8 ./Sources/Events.o
 .debug_ranges  0x000000a8       0x10 ./Sources/main.o
 .debug_ranges  0x000000b8       0x38 ./Sources/protocol.o
 .debug_ranges  0x000000f0       0x40 ./Project_Settings/Startup_Code/startup.o
 .debug_ranges  0x00000130       0x80 ./Generated_Code/AS1.o
 .debug_ranges  0x000001b0       0x40 ./Generated_Code/ASerialLdd1.o
 .debug_ranges  0x000001f0       0x38 ./Generated_Code/BitIoLdd1.o
 .debug_ranges  0x00000228       0x38 ./Generated_Code/BitIoLdd2.o
 .debug_ranges  0x00000260       0x38 ./Generated_Code/BitIoLdd3.o
 .debug_ranges  0x00000298       0x38 ./Generated_Code/BitIoLdd4.o
 .debug_ranges  0x000002d0       0x38 ./Generated_Code/BitIoLdd5.o
 .debug_ranges  0x00000308       0x38 ./Generated_Code/Cpu.o
 .debug_ranges  0x00000340       0x50 ./Generated_Code/ENCODER.o
 .debug_ranges  0x00000390       0x10 ./Generated_Code/ENCODER_PUSH.o
 .debug_ranges  0x000003a0       0x20 ./Generated_Code/ExtIntLdd1.o
 .debug_ranges  0x000003c0       0x20 ./Generated_Code/ExtIntLdd2.o
 .debug_ranges  0x000003e0       0x20 ./Generated_Code/ExtIntLdd3.o
 .debug_ranges  0x00000400       0x20 ./Generated_Code/ExtIntLdd4.o
 .debug_ranges  0x00000420       0x20 ./Generated_Code/ExtIntLdd5.o
 .debug_ranges  0x00000440       0x60 ./Generated_Code/I2C0.o
 .debug_ranges  0x000004a0       0x50 ./Generated_Code/IFsh1.o
 .debug_ranges  0x000004f0       0x58 ./Generated_Code/IntFlashLdd1.o
 .debug_ranges  0x00000548       0x50 ./Generated_Code/IntI2cLdd1.o
 .debug_ranges  0x00000598       0x10 ./Generated_Code/LEVER_DIR1.o
 .debug_ranges  0x000005a8       0x10 ./Generated_Code/LEVER_DIR2.o
 .debug_ranges  0x000005b8       0x20 ./Generated_Code/PE_LDD.o
 .debug_ranges  0x000005d8       0x10 ./Generated_Code/PUSH_BUTTON_REC.o
 .debug_ranges  0x000005e8       0x10 ./Generated_Code/PUSH_BUTTON_SEND.o
 .debug_ranges  0x000005f8       0x28 ./Generated_Code/T_100ms.o
 .debug_ranges  0x00000620       0x18 ./Generated_Code/T_500ms.o

.debug_macro    0x00000000    0x24ec7
 .debug_macro   0x00000000      0x3b5 ./Sources/Events.o
 .debug_macro   0x000003b5      0x84a ./Sources/Events.o
 .debug_macro   0x00000bff       0x16 ./Sources/Events.o
 .debug_macro   0x00000c15       0x44 ./Sources/Events.o
 .debug_macro   0x00000c59      0x209 ./Sources/Events.o
 .debug_macro   0x00000e62     0x181d ./Sources/Events.o
 .debug_macro   0x0000267f      0x14e ./Sources/Events.o
 .debug_macro   0x000027cd       0x6a ./Sources/Events.o
 .debug_macro   0x00002837     0xd4f6 ./Sources/Events.o
 .debug_macro   0x0000fd2d       0x9a ./Sources/Events.o
 .debug_macro   0x0000fdc7       0x94 ./Sources/Events.o
 .debug_macro   0x0000fe5b      0x12c ./Sources/Events.o
 .debug_macro   0x0000ff87       0x46 ./Sources/Events.o
 .debug_macro   0x0000ffcd       0x26 ./Sources/Events.o
 .debug_macro   0x0000fff3      0x6a6 ./Sources/Events.o
 .debug_macro   0x00010699       0x51 ./Sources/Events.o
 .debug_macro   0x000106ea       0x4c ./Sources/Events.o
 .debug_macro   0x00010736       0x26 ./Sources/Events.o
 .debug_macro   0x0001075c       0x4c ./Sources/Events.o
 .debug_macro   0x000107a8       0x26 ./Sources/Events.o
 .debug_macro   0x000107ce       0x4c ./Sources/Events.o
 .debug_macro   0x0001081a       0x26 ./Sources/Events.o
 .debug_macro   0x00010840       0x4c ./Sources/Events.o
 .debug_macro   0x0001088c       0x26 ./Sources/Events.o
 .debug_macro   0x000108b2      0x4ea ./Sources/Events.o
 .debug_macro   0x00010d9c       0xa5 ./Sources/Events.o
 .debug_macro   0x00010e41       0x34 ./Sources/Events.o
 .debug_macro   0x00010e75       0x34 ./Sources/Events.o
 .debug_macro   0x00010ea9       0x34 ./Sources/Events.o
 .debug_macro   0x00010edd       0x67 ./Sources/Events.o
 .debug_macro   0x00010f44       0x5f ./Sources/Events.o
 .debug_macro   0x00010fa3       0x12 ./Sources/Events.o
 .debug_macro   0x00010fb5       0x34 ./Sources/Events.o
 .debug_macro   0x00010fe9       0x34 ./Sources/Events.o
 .debug_macro   0x0001101d       0x6c ./Sources/Events.o
 .debug_macro   0x00011089       0x20 ./Sources/Events.o
 .debug_macro   0x000110a9      0x512 ./Sources/Events.o
 .debug_macro   0x000115bb      0x1f9 ./Sources/Events.o
 .debug_macro   0x000117b4       0x9a ./Sources/Events.o
 .debug_macro   0x0001184e       0x2d ./Sources/Events.o
 .debug_macro   0x0001187b       0x22 ./Sources/Events.o
 .debug_macro   0x0001189d       0x22 ./Sources/Events.o
 .debug_macro   0x000118bf       0x28 ./Sources/Events.o
 .debug_macro   0x000118e7       0x58 ./Sources/Events.o
 .debug_macro   0x0001193f       0x35 ./Sources/Events.o
 .debug_macro   0x00011974       0xa3 ./Sources/Events.o
 .debug_macro   0x00011a17       0x16 ./Sources/Events.o
 .debug_macro   0x00011a2d       0x97 ./Sources/Events.o
 .debug_macro   0x00011ac4       0x10 ./Sources/Events.o
 .debug_macro   0x00011ad4       0xef ./Sources/Events.o
 .debug_macro   0x00011bc3       0x52 ./Sources/Events.o
 .debug_macro   0x00011c15       0x16 ./Sources/Events.o
 .debug_macro   0x00011c2b       0x43 ./Sources/Events.o
 .debug_macro   0x00011c6e      0x180 ./Sources/Events.o
 .debug_macro   0x00011dee       0x10 ./Sources/Events.o
 .debug_macro   0x00011dfe       0x22 ./Sources/Events.o
 .debug_macro   0x00011e20       0xbd ./Sources/Events.o
 .debug_macro   0x00011edd       0x16 ./Sources/Events.o
 .debug_macro   0x00011ef3      0x14a ./Sources/Events.o
 .debug_macro   0x0001203d      0x2a6 ./Sources/Events.o
 .debug_macro   0x000122e3       0x10 ./Sources/Events.o
 .debug_macro   0x000122f3       0x35 ./Sources/Events.o
 .debug_macro   0x00012328       0x52 ./Sources/Events.o
 .debug_macro   0x0001237a      0x3f4 ./Sources/main.o
 .debug_macro   0x0001276e       0x16 ./Sources/main.o
 .debug_macro   0x00012784       0x22 ./Sources/main.o
 .debug_macro   0x000127a6      0x1e0 ./Sources/protocol.o
 .debug_macro   0x00012986       0x46 ./Sources/protocol.o
 .debug_macro   0x000129cc      0x121 ./Project_Settings/Startup_Code/startup.o
 .debug_macro   0x00012aed      0x166 ./Project_Settings/Startup_Code/startup.o
 .debug_macro   0x00012c53       0x4a ./Project_Settings/Startup_Code/startup.o
 .debug_macro   0x00012c9d       0x10 ./Project_Settings/Startup_Code/startup.o
 .debug_macro   0x00012cad      0x20f ./Project_Settings/Startup_Code/startup.o
 .debug_macro   0x00012ebc     0xd4ea ./Project_Settings/Startup_Code/startup.o
 .debug_macro   0x000203a6      0x333 ./Generated_Code/AS1.o
 .debug_macro   0x000206d9       0x66 ./Generated_Code/AS1.o
 .debug_macro   0x0002073f       0xc5 ./Generated_Code/ASerialLdd1.o
 .debug_macro   0x00020804       0x26 ./Generated_Code/ASerialLdd1.o
 .debug_macro   0x0002082a      0x7ab ./Generated_Code/ASerialLdd1.o
 .debug_macro   0x00020fd5      0x9f0 ./Generated_Code/ASerialLdd1.o
 .debug_macro   0x000219c5       0xa6 ./Generated_Code/BitIoLdd1.o
 .debug_macro   0x00021a6b       0xa6 ./Generated_Code/BitIoLdd2.o
 .debug_macro   0x00021b11       0xa6 ./Generated_Code/BitIoLdd3.o
 .debug_macro   0x00021bb7       0xa6 ./Generated_Code/BitIoLdd4.o
 .debug_macro   0x00021c5d       0xa6 ./Generated_Code/BitIoLdd5.o
 .debug_macro   0x00021d03       0x46 ./Generated_Code/BitIoLdd5.o
 .debug_macro   0x00021d49      0x2f1 ./Generated_Code/Cpu.o
 .debug_macro   0x0002203a       0x2e ./Generated_Code/Cpu.o
 .debug_macro   0x00022068      0x2a8 ./Generated_Code/ENCODER.o
 .debug_macro   0x00022310      0x2a4 ./Generated_Code/ENCODER_PUSH.o
 .debug_macro   0x000225b4       0xbf ./Generated_Code/ExtIntLdd1.o
 .debug_macro   0x00022673       0x2e ./Generated_Code/ExtIntLdd1.o
 .debug_macro   0x000226a1       0xbf ./Generated_Code/ExtIntLdd2.o
 .debug_macro   0x00022760       0x2e ./Generated_Code/ExtIntLdd2.o
 .debug_macro   0x0002278e       0xbf ./Generated_Code/ExtIntLdd3.o
 .debug_macro   0x0002284d       0x2e ./Generated_Code/ExtIntLdd3.o
 .debug_macro   0x0002287b       0xbf ./Generated_Code/ExtIntLdd4.o
 .debug_macro   0x0002293a       0x2e ./Generated_Code/ExtIntLdd4.o
 .debug_macro   0x00022968       0xbf ./Generated_Code/ExtIntLdd5.o
 .debug_macro   0x00022a27       0x2e ./Generated_Code/ExtIntLdd5.o
 .debug_macro   0x00022a55      0x2e8 ./Generated_Code/I2C0.o
 .debug_macro   0x00022d3d      0x29c ./Generated_Code/I2C0.o
 .debug_macro   0x00022fd9      0x301 ./Generated_Code/IFsh1.o
 .debug_macro   0x000232da       0xed ./Generated_Code/IntFlashLdd1.o
 .debug_macro   0x000233c7       0xfa ./Generated_Code/IntI2cLdd1.o
 .debug_macro   0x000234c1      0x4e4 ./Generated_Code/IntI2cLdd1.o
 .debug_macro   0x000239a5      0x2a4 ./Generated_Code/LEVER_DIR1.o
 .debug_macro   0x00023c49      0x2a4 ./Generated_Code/LEVER_DIR2.o
 .debug_macro   0x00023eed      0x252 ./Generated_Code/PE_LDD.o
 .debug_macro   0x0002413f      0x2a4 ./Generated_Code/PUSH_BUTTON_REC.o
 .debug_macro   0x000243e3      0x2a4 ./Generated_Code/PUSH_BUTTON_SEND.o
 .debug_macro   0x00024687      0x2ae ./Generated_Code/T_100ms.o
 .debug_macro   0x00024935      0x2ae ./Generated_Code/T_500ms.o
 .debug_macro   0x00024be3      0x2e4 ./Generated_Code/Vectors.o

.debug_line     0x00000000     0x9231
 .debug_line    0x00000000      0x775 ./Sources/Events.o
 .debug_line    0x00000775      0x65e ./Sources/main.o
 .debug_line    0x00000dd3      0x4e8 ./Sources/protocol.o
 .debug_line    0x000012bb      0x3e1 ./Project_Settings/Startup_Code/startup.o
 .debug_line    0x0000169c      0x7a7 ./Generated_Code/AS1.o
 .debug_line    0x00001e43      0x3a6 ./Generated_Code/ASerialLdd1.o
 .debug_line    0x000021e9      0x2e3 ./Generated_Code/BitIoLdd1.o
 .debug_line    0x000024cc      0x2e3 ./Generated_Code/BitIoLdd2.o
 .debug_line    0x000027af      0x2e3 ./Generated_Code/BitIoLdd3.o
 .debug_line    0x00002a92      0x2e3 ./Generated_Code/BitIoLdd4.o
 .debug_line    0x00002d75      0x2e3 ./Generated_Code/BitIoLdd5.o
 .debug_line    0x00003058      0x7cc ./Generated_Code/Cpu.o
 .debug_line    0x00003824      0x627 ./Generated_Code/ENCODER.o
 .debug_line    0x00003e4b      0x539 ./Generated_Code/ENCODER_PUSH.o
 .debug_line    0x00004384      0x2d3 ./Generated_Code/ExtIntLdd1.o
 .debug_line    0x00004657      0x2d1 ./Generated_Code/ExtIntLdd2.o
 .debug_line    0x00004928      0x2d1 ./Generated_Code/ExtIntLdd3.o
 .debug_line    0x00004bf9      0x2d7 ./Generated_Code/ExtIntLdd4.o
 .debug_line    0x00004ed0      0x2d6 ./Generated_Code/ExtIntLdd5.o
 .debug_line    0x000051a6      0x635 ./Generated_Code/I2C0.o
 .debug_line    0x000057db      0x5ee ./Generated_Code/IFsh1.o
 .debug_line    0x00005dc9      0x460 ./Generated_Code/IntFlashLdd1.o
 .debug_line    0x00006229      0x431 ./Generated_Code/IntI2cLdd1.o
 .debug_line    0x0000665a      0x535 ./Generated_Code/LEVER_DIR1.o
 .debug_line    0x00006b8f      0x535 ./Generated_Code/LEVER_DIR2.o
 .debug_line    0x000070c4      0x4d6 ./Generated_Code/PE_LDD.o
 .debug_line    0x0000759a      0x53f ./Generated_Code/PUSH_BUTTON_REC.o
 .debug_line    0x00007ad9      0x541 ./Generated_Code/PUSH_BUTTON_SEND.o
 .debug_line    0x0000801a      0x58c ./Generated_Code/T_100ms.o
 .debug_line    0x000085a6      0x56a ./Generated_Code/T_500ms.o
 .debug_line    0x00008b10      0x721 ./Generated_Code/Vectors.o

.debug_str      0x00000000    0x7fa2f
 .debug_str     0x00000000    0x6b3a1 ./Sources/Events.o
                              0x6b5c4 (size before relaxing)
 .debug_str     0x0006b3a1       0xeb ./Sources/main.o
                              0x6b4e2 (size before relaxing)
 .debug_str     0x0006b48c      0x615 ./Sources/protocol.o
                              0x55ee9 (size before relaxing)
 .debug_str     0x0006baa1      0x110 ./Project_Settings/Startup_Code/startup.o
                              0x4c40d (size before relaxing)
 .debug_str     0x0006bbb1      0x31d ./Generated_Code/AS1.o
                              0x68642 (size before relaxing)
 .debug_str     0x0006bece     0xebef ./Generated_Code/ASerialLdd1.o
                              0x60b9f (size before relaxing)
 .debug_str     0x0007aabd       0xf3 ./Generated_Code/BitIoLdd1.o
                              0x52844 (size before relaxing)
 .debug_str     0x0007abb0       0xb1 ./Generated_Code/BitIoLdd2.o
                              0x52844 (size before relaxing)
 .debug_str     0x0007ac61       0xb1 ./Generated_Code/BitIoLdd3.o
                              0x52844 (size before relaxing)
 .debug_str     0x0007ad12       0xb1 ./Generated_Code/BitIoLdd4.o
                              0x52844 (size before relaxing)
 .debug_str     0x0007adc3       0xb1 ./Generated_Code/BitIoLdd5.o
                              0x52844 (size before relaxing)
 .debug_str     0x0007ae74      0x250 ./Generated_Code/Cpu.o
                              0x686c9 (size before relaxing)
 .debug_str     0x0007b0c4      0x18a ./Generated_Code/ENCODER.o
                              0x685ed (size before relaxing)
 .debug_str     0x0007b24e       0x38 ./Generated_Code/ENCODER_PUSH.o
                              0x682dc (size before relaxing)
 .debug_str     0x0007b286       0x87 ./Generated_Code/ExtIntLdd1.o
                              0x55d49 (size before relaxing)
 .debug_str     0x0007b30d       0x87 ./Generated_Code/ExtIntLdd2.o
                              0x55d43 (size before relaxing)
 .debug_str     0x0007b394       0x87 ./Generated_Code/ExtIntLdd3.o
                              0x55d43 (size before relaxing)
 .debug_str     0x0007b41b       0x87 ./Generated_Code/ExtIntLdd4.o
                              0x55d4f (size before relaxing)
 .debug_str     0x0007b4a2       0x87 ./Generated_Code/ExtIntLdd5.o
                              0x55d4d (size before relaxing)
 .debug_str     0x0007b529     0x32da ./Generated_Code/I2C0.o
                              0x6b63e (size before relaxing)
 .debug_str     0x0007e803      0x54d ./Generated_Code/IFsh1.o
                              0x68886 (size before relaxing)
 .debug_str     0x0007ed50      0x563 ./Generated_Code/IntFlashLdd1.o
                              0x59c74 (size before relaxing)
 .debug_str     0x0007f2b3      0x2e5 ./Generated_Code/IntI2cLdd1.o
                              0x58acd (size before relaxing)
 .debug_str     0x0007f598       0x36 ./Generated_Code/LEVER_DIR1.o
                              0x682da (size before relaxing)
 .debug_str     0x0007f5ce       0x36 ./Generated_Code/LEVER_DIR2.o
                              0x682da (size before relaxing)
 .debug_str     0x0007f604      0x177 ./Generated_Code/PE_LDD.o
                              0x68461 (size before relaxing)
 .debug_str     0x0007f77b       0x3b ./Generated_Code/PUSH_BUTTON_REC.o
                              0x682df (size before relaxing)
 .debug_str     0x0007f7b6       0x3c ./Generated_Code/PUSH_BUTTON_SEND.o
                              0x682e0 (size before relaxing)
 .debug_str     0x0007f7f2      0x19b ./Generated_Code/T_100ms.o
                              0x68625 (size before relaxing)
 .debug_str     0x0007f98d       0x86 ./Generated_Code/T_500ms.o
                              0x685d2 (size before relaxing)
 .debug_str     0x0007fa13       0x1c ./Generated_Code/Vectors.o
                              0x682f9 (size before relaxing)

.comment        0x00000000       0x70
 .comment       0x00000000       0x70 ./Sources/Events.o
                                 0x71 (size before relaxing)
 .comment       0x00000000       0x71 ./Sources/main.o
 .comment       0x00000000       0x71 ./Sources/protocol.o
 .comment       0x00000000       0x71 ./Project_Settings/Startup_Code/startup.o
 .comment       0x00000000       0x71 ./Generated_Code/AS1.o
 .comment       0x00000000       0x71 ./Generated_Code/ASerialLdd1.o
 .comment       0x00000000       0x71 ./Generated_Code/BitIoLdd1.o
 .comment       0x00000000       0x71 ./Generated_Code/BitIoLdd2.o
 .comment       0x00000000       0x71 ./Generated_Code/BitIoLdd3.o
 .comment       0x00000000       0x71 ./Generated_Code/BitIoLdd4.o
 .comment       0x00000000       0x71 ./Generated_Code/BitIoLdd5.o
 .comment       0x00000000       0x71 ./Generated_Code/Cpu.o
 .comment       0x00000000       0x71 ./Generated_Code/ENCODER.o
 .comment       0x00000000       0x71 ./Generated_Code/ENCODER_PUSH.o
 .comment       0x00000000       0x71 ./Generated_Code/ExtIntLdd1.o
 .comment       0x00000000       0x71 ./Generated_Code/ExtIntLdd2.o
 .comment       0x00000000       0x71 ./Generated_Code/ExtIntLdd3.o
 .comment       0x00000000       0x71 ./Generated_Code/ExtIntLdd4.o
 .comment       0x00000000       0x71 ./Generated_Code/ExtIntLdd5.o
 .comment       0x00000000       0x71 ./Generated_Code/I2C0.o
 .comment       0x00000000       0x71 ./Generated_Code/IFsh1.o
 .comment       0x00000000       0x71 ./Generated_Code/IntFlashLdd1.o
 .comment       0x00000000       0x71 ./Generated_Code/IntI2cLdd1.o
 .comment       0x00000000       0x71 ./Generated_Code/LEVER_DIR1.o
 .comment       0x00000000       0x71 ./Generated_Code/LEVER_DIR2.o
 .comment       0x00000000       0x71 ./Generated_Code/PE_LDD.o
 .comment       0x00000000       0x71 ./Generated_Code/PUSH_BUTTON_REC.o
 .comment       0x00000000       0x71 ./Generated_Code/PUSH_BUTTON_SEND.o
 .comment       0x00000000       0x71 ./Generated_Code/T_100ms.o
 .comment       0x00000000       0x71 ./Generated_Code/T_500ms.o
 .comment       0x00000000       0x71 ./Generated_Code/Vectors.o

.debug_frame    0x00000000     0x15d4
 .debug_frame   0x00000000      0x218 ./Sources/Events.o
 .debug_frame   0x00000218       0x38 ./Sources/main.o
 .debug_frame   0x00000250       0xdc ./Sources/protocol.o
 .debug_frame   0x0000032c       0xc0 ./Project_Settings/Startup_Code/startup.o
 .debug_frame   0x000003ec      0x1cc ./Generated_Code/AS1.o
 .debug_frame   0x000005b8       0xec ./Generated_Code/ASerialLdd1.o
 .debug_frame   0x000006a4       0xb8 ./Generated_Code/BitIoLdd1.o
 .debug_frame   0x0000075c       0xb8 ./Generated_Code/BitIoLdd2.o
 .debug_frame   0x00000814       0xb8 ./Generated_Code/BitIoLdd3.o
 .debug_frame   0x000008cc       0xb8 ./Generated_Code/BitIoLdd4.o
 .debug_frame   0x00000984       0xb8 ./Generated_Code/BitIoLdd5.o
 .debug_frame   0x00000a3c       0xc8 ./Generated_Code/Cpu.o
 .debug_frame   0x00000b04      0x110 ./Generated_Code/ENCODER.o
 .debug_frame   0x00000c14       0x30 ./Generated_Code/ENCODER_PUSH.o
 .debug_frame   0x00000c44       0x68 ./Generated_Code/ExtIntLdd1.o
 .debug_frame   0x00000cac       0x68 ./Generated_Code/ExtIntLdd2.o
 .debug_frame   0x00000d14       0x68 ./Generated_Code/ExtIntLdd3.o
 .debug_frame   0x00000d7c       0x68 ./Generated_Code/ExtIntLdd4.o
 .debug_frame   0x00000de4       0x68 ./Generated_Code/ExtIntLdd5.o
 .debug_frame   0x00000e4c      0x160 ./Generated_Code/I2C0.o
 .debug_frame   0x00000fac      0x11c ./Generated_Code/IFsh1.o
 .debug_frame   0x000010c8      0x144 ./Generated_Code/IntFlashLdd1.o
 .debug_frame   0x0000120c      0x118 ./Generated_Code/IntI2cLdd1.o
 .debug_frame   0x00001324       0x30 ./Generated_Code/LEVER_DIR1.o
 .debug_frame   0x00001354       0x30 ./Generated_Code/LEVER_DIR2.o
 .debug_frame   0x00001384       0x64 ./Generated_Code/PE_LDD.o
 .debug_frame   0x000013e8       0x30 ./Generated_Code/PUSH_BUTTON_REC.o
 .debug_frame   0x00001418       0x30 ./Generated_Code/PUSH_BUTTON_SEND.o
 .debug_frame   0x00001448       0x88 ./Generated_Code/T_100ms.o
 .debug_frame   0x000014d0       0x50 ./Generated_Code/T_500ms.o
 .debug_frame   0x00001520       0x28 c:/freescale/kds_v3/toolchain/bin/../lib/gcc/arm-none-eabi/4.8.4/../../../../arm-none-eabi/lib/armv7e-m\libg_s.a(lib_a-exit.o)
 .debug_frame   0x00001548       0x2c c:/freescale/kds_v3/toolchain/bin/../lib/gcc/arm-none-eabi/4.8.4/../../../../arm-none-eabi/lib/armv7e-m\libg_s.a(lib_a-init.o)
 .debug_frame   0x00001574       0x20 c:/freescale/kds_v3/toolchain/bin/../lib/gcc/arm-none-eabi/4.8.4/../../../../arm-none-eabi/lib/armv7e-m\libg_s.a(lib_a-memset.o)
 .debug_frame   0x00001594       0x20 c:/freescale/kds_v3/toolchain/bin/../lib/gcc/arm-none-eabi/4.8.4/../../../../arm-none-eabi/lib/armv7e-m\libg_s.a(lib_a-strlen.o)
 .debug_frame   0x000015b4       0x20 c:/freescale/kds_v3/toolchain/bin/../lib/gcc/arm-none-eabi/4.8.4/../../../../arm-none-eabi/lib/armv7e-m\libnosys.a(_exit.o)

.stabstr        0x00000000       0x76
 .stabstr       0x00000000       0x76 c:/freescale/kds_v3/toolchain/bin/../lib/gcc/arm-none-eabi/4.8.4/../../../../arm-none-eabi/lib/armv7e-m\libnosys.a(getpid.o)
