Archive member included because of file (symbol)

c:/freescale/kds_v3/toolchain/bin/../lib/gcc/arm-none-eabi/4.8.4/../../../../arm-none-eabi/lib/armv7e-m\libg_s.a(lib_a-exit.o)
                              c:/freescale/kds_v3/toolchain/bin/../lib/gcc/arm-none-eabi/4.8.4/../../../../arm-none-eabi/lib/armv7e-m/crt0.o (exit)
c:/freescale/kds_v3/toolchain/bin/../lib/gcc/arm-none-eabi/4.8.4/../../../../arm-none-eabi/lib/armv7e-m\libg_s.a(lib_a-impure.o)
                              c:/freescale/kds_v3/toolchain/bin/../lib/gcc/arm-none-eabi/4.8.4/../../../../arm-none-eabi/lib/armv7e-m\libg_s.a(lib_a-exit.o) (_global_impure_ptr)
c:/freescale/kds_v3/toolchain/bin/../lib/gcc/arm-none-eabi/4.8.4/../../../../arm-none-eabi/lib/armv7e-m\libg_s.a(lib_a-init.o)
                              c:/freescale/kds_v3/toolchain/bin/../lib/gcc/arm-none-eabi/4.8.4/../../../../arm-none-eabi/lib/armv7e-m/crt0.o (__libc_init_array)
c:/freescale/kds_v3/toolchain/bin/../lib/gcc/arm-none-eabi/4.8.4/../../../../arm-none-eabi/lib/armv7e-m\libg_s.a(lib_a-memset.o)
                              c:/freescale/kds_v3/toolchain/bin/../lib/gcc/arm-none-eabi/4.8.4/../../../../arm-none-eabi/lib/armv7e-m/crt0.o (memset)
c:/freescale/kds_v3/toolchain/bin/../lib/gcc/arm-none-eabi/4.8.4/../../../../arm-none-eabi/lib/armv7e-m\libnosys.a(_exit.o)
                              c:/freescale/kds_v3/toolchain/bin/../lib/gcc/arm-none-eabi/4.8.4/../../../../arm-none-eabi/lib/armv7e-m\libg_s.a(lib_a-exit.o) (_exit)

Allocating common symbols
Common symbol       size              file

i                   0x4               ./Sources/Events.o
SR_reg              0x1               ./Generated_Code/Cpu.o

Discarded input sections

 .text          0x00000000        0x0 c:/freescale/kds_v3/toolchain/bin/../lib/gcc/arm-none-eabi/4.8.4/armv7e-m/crti.o
 .data          0x00000000        0x0 c:/freescale/kds_v3/toolchain/bin/../lib/gcc/arm-none-eabi/4.8.4/armv7e-m/crti.o
 .bss           0x00000000        0x0 c:/freescale/kds_v3/toolchain/bin/../lib/gcc/arm-none-eabi/4.8.4/armv7e-m/crti.o
 .data          0x00000000        0x4 c:/freescale/kds_v3/toolchain/bin/../lib/gcc/arm-none-eabi/4.8.4/armv7e-m/crtbegin.o
 .data          0x00000000        0x0 c:/freescale/kds_v3/toolchain/bin/../lib/gcc/arm-none-eabi/4.8.4/../../../../arm-none-eabi/lib/armv7e-m/crt0.o
 .bss           0x00000000        0x0 c:/freescale/kds_v3/toolchain/bin/../lib/gcc/arm-none-eabi/4.8.4/../../../../arm-none-eabi/lib/armv7e-m/crt0.o
 .ARM.extab     0x00000000        0x0 c:/freescale/kds_v3/toolchain/bin/../lib/gcc/arm-none-eabi/4.8.4/../../../../arm-none-eabi/lib/armv7e-m/crt0.o
 .group         0x00000000        0x8 ./Sources/Events.o
 .group         0x00000000        0x8 ./Sources/Events.o
 .group         0x00000000        0x8 ./Sources/Events.o
 .group         0x00000000        0x8 ./Sources/Events.o
 .group         0x00000000        0x8 ./Sources/Events.o
 .group         0x00000000        0x8 ./Sources/Events.o
 .group         0x00000000        0x8 ./Sources/Events.o
 .group         0x00000000        0x8 ./Sources/Events.o
 .group         0x00000000        0x8 ./Sources/Events.o
 .group         0x00000000        0x8 ./Sources/Events.o
 .group         0x00000000        0x8 ./Sources/Events.o
 .group         0x00000000        0x8 ./Sources/Events.o
 .group         0x00000000        0x8 ./Sources/Events.o
 .group         0x00000000        0x8 ./Sources/Events.o
 .group         0x00000000        0x8 ./Sources/Events.o
 .group         0x00000000        0x8 ./Sources/Events.o
 .group         0x00000000        0x8 ./Sources/Events.o
 .group         0x00000000        0x8 ./Sources/Events.o
 .group         0x00000000        0x8 ./Sources/Events.o
 .group         0x00000000        0x8 ./Sources/Events.o
 .group         0x00000000        0x8 ./Sources/Events.o
 .group         0x00000000        0x8 ./Sources/Events.o
 .group         0x00000000        0x8 ./Sources/Events.o
 .group         0x00000000        0x8 ./Sources/Events.o
 .group         0x00000000        0x8 ./Sources/Events.o
 .group         0x00000000        0x8 ./Sources/Events.o
 .group         0x00000000        0x8 ./Sources/Events.o
 .group         0x00000000        0x8 ./Sources/Events.o
 .text          0x00000000        0x0 ./Sources/Events.o
 .data          0x00000000        0x0 ./Sources/Events.o
 .bss           0x00000000        0x0 ./Sources/Events.o
 COMMON         0x00000000        0x4 ./Sources/Events.o
 .group         0x00000000        0x8 ./Sources/display.o
 .group         0x00000000        0x8 ./Sources/display.o
 .group         0x00000000        0x8 ./Sources/display.o
 .group         0x00000000        0x8 ./Sources/display.o
 .group         0x00000000        0x8 ./Sources/display.o
 .group         0x00000000        0x8 ./Sources/display.o
 .group         0x00000000        0x8 ./Sources/display.o
 .group         0x00000000        0x8 ./Sources/display.o
 .group         0x00000000        0x8 ./Sources/display.o
[...]
Memory Configuration

Name             Origin             Length             Attributes
m_interrupts     0x00000000         0x000001bc         xr
m_text           0x00000410         0x0003fbf0         xr
m_data           0x1fff8000         0x00008000         rw
m_data_20000000  0x20000000         0x00008000         rw
m_cfmprotrom     0x00000400         0x00000010         xr
*default*        0x00000000         0xffffffff

Linker script and memory map

LOAD c:/freescale/kds_v3/toolchain/bin/../lib/gcc/arm-none-eabi/4.8.4/armv7e-m/crti.o
LOAD c:/freescale/kds_v3/toolchain/bin/../lib/gcc/arm-none-eabi/4.8.4/armv7e-m/crtbegin.o
LOAD c:/freescale/kds_v3/toolchain/bin/../lib/gcc/arm-none-eabi/4.8.4/../../../../arm-none-eabi/lib/armv7e-m/crt0.o
LOAD ./Sources/Events.o
LOAD ./Sources/display.o
LOAD ./Sources/main.o
LOAD ./Project_Settings/Startup_Code/startup.o
LOAD ./Generated_Code/BitIoLdd1.o
LOAD ./Generated_Code/BitIoLdd2.o
LOAD ./Generated_Code/BitIoLdd3.o
LOAD ./Generated_Code/BitIoLdd4.o
LOAD ./Generated_Code/BitIoLdd5.o
LOAD ./Generated_Code/Cpu.o
LOAD ./Generated_Code/DIRECTION_1.o
LOAD ./Generated_Code/DIRECTION_2.o
LOAD ./Generated_Code/ENCODER.o
LOAD ./Generated_Code/ENCODER_PUSH.o
LOAD ./Generated_Code/ExtIntLdd1.o
LOAD ./Generated_Code/ExtIntLdd2.o
LOAD ./Generated_Code/ExtIntLdd3.o
LOAD ./Generated_Code/LED_DEBUG.o
LOAD ./Generated_Code/LED_STATUS_1.o
LOAD ./Generated_Code/LED_STATUS_2.o
LOAD ./Generated_Code/LED_STATUS_3.o
LOAD ./Generated_Code/LED_STATUS_4.o
LOAD ./Generated_Code/PE_LDD.o
LOAD ./Generated_Code/TU1.o
LOAD ./Generated_Code/Vectors.o
LOAD c:/freescale/kds_v3/toolchain/bin/../lib/gcc/arm-none-eabi/4.8.4/../../../../arm-none-eabi/lib/armv7e-m\libstdc++_s.a
LOAD c:/freescale/kds_v3/toolchain/bin/../lib/gcc/arm-none-eabi/4.8.4/../../../../arm-none-eabi/lib/armv7e-m\libm.a
START GROUP
LOAD c:/freescale/kds_v3/toolchain/bin/../lib/gcc/arm-none-eabi/4.8.4/armv7e-m\libgcc.a
LOAD c:/freescale/kds_v3/toolchain/bin/../lib/gcc/arm-none-eabi/4.8.4/../../../../arm-none-eabi/lib/armv7e-m\libg_s.a
LOAD c:/freescale/kds_v3/toolchain/bin/../lib/gcc/arm-none-eabi/4.8.4/../../../../arm-none-eabi/lib/armv7e-m\libc_s.a
END GROUP
START GROUP
LOAD c:/freescale/kds_v3/toolchain/bin/../lib/gcc/arm-none-eabi/4.8.4/armv7e-m\libgcc.a
LOAD c:/freescale/kds_v3/toolchain/bin/../lib/gcc/arm-none-eabi/4.8.4/../../../../arm-none-eabi/lib/armv7e-m\libc_s.a
LOAD c:/freescale/kds_v3/toolchain/bin/../lib/gcc/arm-none-eabi/4.8.4/../../../../arm-none-eabi/lib/armv7e-m\libnosys.a
END GROUP
START GROUP
LOAD c:/freescale/kds_v3/toolchain/bin/../lib/gcc/arm-none-eabi/4.8.4/armv7e-m\libgcc.a
LOAD c:/freescale/kds_v3/toolchain/bin/../lib/gcc/arm-none-eabi/4.8.4/../../../../arm-none-eabi/lib/armv7e-m\libc_s.a
LOAD c:/freescale/kds_v3/toolchain/bin/../lib/gcc/arm-none-eabi/4.8.4/../../../../arm-none-eabi/lib/armv7e-m\libnosys.a
END GROUP
LOAD c:/freescale/kds_v3/toolchain/bin/../lib/gcc/arm-none-eabi/4.8.4/armv7e-m/crtend.o
LOAD c:/freescale/kds_v3/toolchain/bin/../lib/gcc/arm-none-eabi/4.8.4/armv7e-m/crtn.o
                0x20000000                _estack = 0x20000000
                0x20000000                __SP_INIT = _estack
                0x20000000                __stack = _estack
                0x00000000                __heap_size = 0x0
                0x00000400                __stack_size = 0x400

.interrupts     0x00000000      0x1bc
                0x00000000                __vector_table = .
                0x00000000                . = ALIGN (0x4)
 *(.vectortable)
 .vectortable   0x00000000      0x1bc ./Generated_Code/Vectors.o
                0x00000000                __vect_table
                0x000001bc                . = ALIGN (0x4)

.cfmprotect     0x00000400       0x10
                0x00000400                . = ALIGN (0x4)
 *(.cfmconfig)
 .cfmconfig     0x00000400       0x10 ./Generated_Code/Cpu.o
                0x00000400                _cfm
                0x00000410                . = ALIGN (0x4)

.text           0x00000410      0xe08
                0x00000410                . = ALIGN (0x4)
 *(.text)
 .text          0x00000410       0x54 c:/freescale/kds_v3/toolchain/bin/../lib/gcc/arm-none-eabi/4.8.4/armv7e-m/crtbegin.o
 .text          0x00000464       0x74 c:/freescale/kds_v3/toolchain/bin/../lib/gcc/arm-none-eabi/4.8.4/../../../../arm-none-eabi/lib/armv7e-m/crt0.o
                0x00000464                _start
                0x00000464                _mainCRTStartup
 *(.text*)
 .text.Cpu_OnNMIINT
                0x000004d8        0xc ./Sources/Events.o
                0x000004d8                Cpu_OnNMIINT
 .text.TU1_OnCounterRestart
                0x000004e4       0x14 ./Sources/Events.o
                0x000004e4                TU1_OnCounterRestart
 .text.ENCODER_OnPortEvent
                0x000004f8       0x58 ./Sources/Events.o
                0x000004f8                ENCODER_OnPortEvent
 .text.ENCODER_PUSH_OnInterrupt
                0x00000550       0x14 ./Sources/Events.o
                0x00000550                ENCODER_PUSH_OnInterrupt
 .text.DIRECTION_2_OnInterrupt
                0x00000564       0x14 ./Sources/Events.o
                0x00000564                DIRECTION_2_OnInterrupt
 .text.DIRECTION_1_OnInterrupt
                0x00000578       0x14 ./Sources/Events.o
                0x00000578                DIRECTION_1_OnInterrupt
 .text.main     0x0000058c        0xc ./Sources/main.o
                0x0000058c                main
 .text.__copy_rom_section
                0x00000598       0xe4 ./Project_Settings/Startup_Code/startup.o
                0x00000598                __copy_rom_section
 .text.__copy_rom_sections_to_ram
                0x0000067c       0x9c ./Project_Settings/Startup_Code/startup.o
                0x0000067c                __copy_rom_sections_to_ram
 .text.__init_registers
                0x00000718        0xc ./Project_Settings/Startup_Code/startup.o
                0x00000718                __init_registers
 .text.__init_user
                0x00000724        0xc ./Project_Settings/Startup_Code/startup.o
                0x00000724                __init_user
 .text.__thumb_startup
                0x00000730       0x34 ./Project_Settings/Startup_Code/startup.o
                0x00000730                __thumb_startup
 .text.BitIoLdd1_Init
                0x00000764       0x64 ./Generated_Code/BitIoLdd1.o
                0x00000764                BitIoLdd1_Init
 .text.BitIoLdd1_NegVal
                0x000007c8       0x1c ./Generated_Code/BitIoLdd1.o
                0x000007c8                BitIoLdd1_NegVal
 .text.BitIoLdd2_Init
                0x000007e4       0x64 ./Generated_Code/BitIoLdd2.o
                0x000007e4                BitIoLdd2_Init
 .text.BitIoLdd2_NegVal
                0x00000848       0x1c ./Generated_Code/BitIoLdd2.o
                0x00000848                BitIoLdd2_NegVal
 .text.BitIoLdd3_Init
                0x00000864       0x64 ./Generated_Code/BitIoLdd3.o
                0x00000864                BitIoLdd3_Init
 .text.BitIoLdd4_Init
                0x000008c8       0x64 ./Generated_Code/BitIoLdd4.o
                0x000008c8                BitIoLdd4_Init
 .text.BitIoLdd5_Init
                0x0000092c       0x64 ./Generated_Code/BitIoLdd5.o
                0x0000092c                BitIoLdd5_Init
 .text.Cpu_ivINT_PORTC
                0x00000990       0x28 ./Generated_Code/Cpu.o
                0x00000990                Cpu_ivINT_PORTC
 .text.Cpu_INT_NMIInterrupt
                0x000009b8       0x1c ./Generated_Code/Cpu.o
                0x000009b8                Cpu_INT_NMIInterrupt
 .text.Cpu_Interrupt
                0x000009d4       0x18 ./Generated_Code/Cpu.o
                0x000009d4                Cpu_Interrupt
 .text.__init_hardware
                0x000009ec      0x140 ./Generated_Code/Cpu.o
                0x000009ec                __init_hardware
 .text.Cpu_SetBASEPRI
                0x00000b2c       0x18 ./Generated_Code/Cpu.o
                0x00000b2c                Cpu_SetBASEPRI
 .text.PE_low_level_init
                0x00000b44       0xf4 ./Generated_Code/Cpu.o
                0x00000b44                PE_low_level_init
 .text.ExtIntLdd2_OnInterrupt
                0x00000c38       0x14 ./Generated_Code/DIRECTION_1.o
                0x00000c38                ExtIntLdd2_OnInterrupt
 .text.ExtIntLdd3_OnInterrupt
                0x00000c4c       0x14 ./Generated_Code/DIRECTION_2.o
                0x00000c4c                ExtIntLdd3_OnInterrupt
 .text.ENCODER_Init
                0x00000c60       0xb0 ./Generated_Code/ENCODER.o
                0x00000c60                ENCODER_Init
 .text.ENCODER_GetFieldValue
                0x00000d10       0x40 ./Generated_Code/ENCODER.o
                0x00000d10                ENCODER_GetFieldValue
 .text.ENCODER_Interrupt
                0x00000d50       0x4c ./Generated_Code/ENCODER.o
                0x00000d50                ENCODER_Interrupt
 .text.ExtIntLdd1_OnInterrupt
                0x00000d9c       0x14 ./Generated_Code/ENCODER_PUSH.o
                0x00000d9c                ExtIntLdd1_OnInterrupt
 .text.ExtIntLdd1_Init
                0x00000db0       0x7c ./Generated_Code/ExtIntLdd1.o
                0x00000db0                ExtIntLdd1_Init
 .text.ExtIntLdd1_Interrupt
                0x00000e2c       0x3c ./Generated_Code/ExtIntLdd1.o
                0x00000e2c                ExtIntLdd1_Interrupt
 .text.ExtIntLdd2_Init
                0x00000e68       0x80 ./Generated_Code/ExtIntLdd2.o
                0x00000e68                ExtIntLdd2_Init
 .text.ExtIntLdd2_Interrupt
                0x00000ee8       0x3c ./Generated_Code/ExtIntLdd2.o
                0x00000ee8                ExtIntLdd2_Interrupt
 .text.ExtIntLdd2_GetVal
                0x00000f24       0x2c ./Generated_Code/ExtIntLdd2.o
                0x00000f24                ExtIntLdd2_GetVal
 .text.ExtIntLdd3_Init
                0x00000f50       0x80 ./Generated_Code/ExtIntLdd3.o
                0x00000f50                ExtIntLdd3_Init
 .text.ExtIntLdd3_Interrupt
                0x00000fd0       0x3c ./Generated_Code/ExtIntLdd3.o
                0x00000fd0                ExtIntLdd3_Interrupt
 .text.ExtIntLdd3_GetVal
                0x0000100c       0x2c ./Generated_Code/ExtIntLdd3.o
                0x0000100c                ExtIntLdd3_GetVal
 .text.TU1_Init
                0x00001038       0xcc ./Generated_Code/TU1.o
                0x00001038                TU1_Init
 .text.TU1_Interrupt
                0x00001104       0x6c ./Generated_Code/TU1.o
                0x00001104                TU1_Interrupt
 .text.exit     0x00001170       0x28 c:/freescale/kds_v3/toolchain/bin/../lib/gcc/arm-none-eabi/4.8.4/../../../../arm-none-eabi/lib/armv7e-m\libg_s.a(lib_a-exit.o)
                0x00001170                exit
 .text.__libc_init_array
                0x00001198       0x4c c:/freescale/kds_v3/toolchain/bin/../lib/gcc/arm-none-eabi/4.8.4/../../../../arm-none-eabi/lib/armv7e-m\libg_s.a(lib_a-init.o)
                0x00001198                __libc_init_array
 .text.memset   0x000011e4       0x10 c:/freescale/kds_v3/toolchain/bin/../lib/gcc/arm-none-eabi/4.8.4/../../../../arm-none-eabi/lib/armv7e-m\libg_s.a(lib_a-memset.o)
                0x000011e4                memset
 .text._exit    0x000011f4        0x4 c:/freescale/kds_v3/toolchain/bin/../lib/gcc/arm-none-eabi/4.8.4/../../../../arm-none-eabi/lib/armv7e-m\libnosys.a(_exit.o)
                0x000011f4                _exit
 *(.rodata)
 *(.rodata*)
 .rodata.str1.1
                0x000011f8        0x2 c:/freescale/kds_v3/toolchain/bin/../lib/gcc/arm-none-eabi/4.8.4/../../../../arm-none-eabi/lib/armv7e-m\libg_s.a(lib_a-impure.o)
 *fill*         0x000011fa        0x2 
 .rodata._global_impure_ptr
                0x000011fc        0x4 c:/freescale/kds_v3/toolchain/bin/../lib/gcc/arm-none-eabi/4.8.4/../../../../arm-none-eabi/lib/armv7e-m\libg_s.a(lib_a-impure.o)
                0x000011fc                _global_impure_ptr
 *(.glue_7)
 .glue_7        0x00000000        0x0 linker stubs
 *(.glue_7t)
 .glue_7t       0x00000000        0x0 linker stubs
 *(.eh_frame)
 .eh_frame      0x00001200        0x0 c:/freescale/kds_v3/toolchain/bin/../lib/gcc/arm-none-eabi/4.8.4/armv7e-m/crtbegin.o
 *(.init)
 .init          0x00001200        0x4 c:/freescale/kds_v3/toolchain/bin/../lib/gcc/arm-none-eabi/4.8.4/armv7e-m/crti.o
                0x00001200                _init
 .init          0x00001204        0x8 c:/freescale/kds_v3/toolchain/bin/../lib/gcc/arm-none-eabi/4.8.4/armv7e-m/crtn.o
 *(.fini)
 .fini          0x0000120c        0x4 c:/freescale/kds_v3/toolchain/bin/../lib/gcc/arm-none-eabi/4.8.4/armv7e-m/crti.o
                0x0000120c                _fini
 .fini          0x00001210        0x8 c:/freescale/kds_v3/toolchain/bin/../lib/gcc/arm-none-eabi/4.8.4/armv7e-m/crtn.o
                0x00001218                . = ALIGN (0x4)
                0x00001218                _etext = .

.vfp11_veneer   0x00001218        0x0
 .vfp11_veneer  0x00000000        0x0 linker stubs

.v4_bx          0x00001218        0x0
 .v4_bx         0x00000000        0x0 linker stubs

.iplt           0x00001218        0x0
 .iplt          0x00000000        0x0 c:/freescale/kds_v3/toolchain/bin/../lib/gcc/arm-none-eabi/4.8.4/armv7e-m/crtbegin.o

.ARM.extab
 *(.ARM.extab* .gnu.linkonce.armextab.*)

.ARM            0x00001218        0x8
                0x00001218                __exidx_start = .
 *(.ARM.exidx*)
 .ARM.exidx     0x00001218        0x8 c:/freescale/kds_v3/toolchain/bin/../lib/gcc/arm-none-eabi/4.8.4/../../../../arm-none-eabi/lib/armv7e-m/crt0.o
                0x00001220                __exidx_end = .

.rel.dyn        0x00001220        0x0
 .rel.iplt      0x00000000        0x0 c:/freescale/kds_v3/toolchain/bin/../lib/gcc/arm-none-eabi/4.8.4/armv7e-m/crtbegin.o

.ctors          0x00001220        0x0
                0x00001220                __CTOR_LIST__ = .
 *crtbegin.o(.ctors)
 *(EXCLUDE_FILE(*crtend.o) .ctors)
 *(SORT(.ctors.*))
 *(.ctors)
                0x00001220                __CTOR_END__ = .

.dtors          0x00001220        0x0
                0x00001220                __DTOR_LIST__ = .
 *crtbegin.o(.dtors)
 *(EXCLUDE_FILE(*crtend.o) .dtors)
 *(SORT(.dtors.*))
 *(.dtors)
                0x00001220                __DTOR_END__ = .

.preinit_array  0x00001220        0x0
                0x00001220                PROVIDE (__preinit_array_start, .)
 *(.preinit_array*)
                0x00001220                PROVIDE (__preinit_array_end, .)

.init_array     0x00001220        0x4
                0x00001220                PROVIDE (__init_array_start, .)
 *(SORT(.init_array.*))
 *(.init_array*)
 .init_array    0x00001220        0x4 c:/freescale/kds_v3/toolchain/bin/../lib/gcc/arm-none-eabi/4.8.4/armv7e-m/crtbegin.o
                0x00001224                PROVIDE (__init_array_end, .)

.fini_array     0x00001224        0x4
                0x00001224                PROVIDE (__fini_array_start, .)
 *(SORT(.fini_array.*))
 *(.fini_array*)
 .fini_array    0x00001224        0x4 c:/freescale/kds_v3/toolchain/bin/../lib/gcc/arm-none-eabi/4.8.4/armv7e-m/crtbegin.o
                0x00001228                PROVIDE (__fini_array_end, .)
                0x00001228                ___ROM_AT = .

.data           0x1fff8000       0x64 load address 0x00001228
                0x1fff8000                . = ALIGN (0x4)
                0x1fff8000                _sdata = .
 *(.data)
 *(.data*)
 .data.encoder  0x1fff8000        0x4 ./Sources/Events.o
                0x1fff8000                encoder
 .data.impure_data
                0x1fff8004       0x60 c:/freescale/kds_v3/toolchain/bin/../lib/gcc/arm-none-eabi/4.8.4/../../../../arm-none-eabi/lib/armv7e-m\libg_s.a(lib_a-impure.o)
                0x1fff8064                . = ALIGN (0x4)
                0x1fff8064                _edata = .
                0x00000064                ___data_size = (_edata - _sdata)
                0x0000128c                ___m_data_20000000_ROMStart = (___ROM_AT + SIZEOF (.data))

.jcr            0x1fff8064        0x0 load address 0x0000128c
 .jcr           0x1fff8064        0x0 c:/freescale/kds_v3/toolchain/bin/../lib/gcc/arm-none-eabi/4.8.4/armv7e-m/crtbegin.o

.igot.plt       0x1fff8064        0x0 load address 0x0000128c
 .igot.plt      0x00000000        0x0 c:/freescale/kds_v3/toolchain/bin/../lib/gcc/arm-none-eabi/4.8.4/armv7e-m/crtbegin.o

.m_data_20000000
                0x20000000        0x0 load address 0x0000128c
                0x20000000                . = ALIGN (0x4)
                0x20000000                ___m_data_20000000_RAMStart = .
 *(.m_data_20000000)
                0x20000000                ___m_data_20000000_RAMEnd = .
                0x20000000                . = ALIGN (0x4)
                0x00000000                ___m_data_20000000_ROMSize = (___m_data_20000000_RAMEnd - ___m_data_20000000_RAMStart)
                0x20000000                . = ALIGN (0x4)

.bss            0x1fff8064       0x8c load address 0x0000128c
                0x1fff8064                __START_BSS = .
                0x1fff8064                PROVIDE (__bss_start__, __START_BSS)
 *(.bss)
 .bss           0x1fff8064       0x1c c:/freescale/kds_v3/toolchain/bin/../lib/gcc/arm-none-eabi/4.8.4/armv7e-m/crtbegin.o
 *(.bss*)
 .bss.DeviceDataPrv__DEFAULT_RTOS_ALLOC
                0x1fff8080        0x4 ./Generated_Code/BitIoLdd1.o
 .bss.DeviceDataPrv__DEFAULT_RTOS_ALLOC
                0x1fff8084        0x4 ./Generated_Code/BitIoLdd2.o
 .bss.DeviceDataPrv__DEFAULT_RTOS_ALLOC
                0x1fff8088        0x4 ./Generated_Code/BitIoLdd3.o
 .bss.DeviceDataPrv__DEFAULT_RTOS_ALLOC
                0x1fff808c        0x4 ./Generated_Code/BitIoLdd4.o
 .bss.DeviceDataPrv__DEFAULT_RTOS_ALLOC
                0x1fff8090        0x4 ./Generated_Code/BitIoLdd5.o
 .bss.DeviceDataPrv__DEFAULT_RTOS_ALLOC
                0x1fff8094        0xc ./Generated_Code/ENCODER.o
 .bss.INT_PORTC__DEFAULT_RTOS_ISRPARAM
                0x1fff80a0        0x4 ./Generated_Code/ENCODER.o
 .bss.DeviceDataPrv__DEFAULT_RTOS_ALLOC
                0x1fff80a4        0x4 ./Generated_Code/ExtIntLdd1.o
 .bss.INT_PORTC__DEFAULT_RTOS_ISRPARAM
                0x1fff80a8        0x4 ./Generated_Code/ExtIntLdd1.o
 .bss.DeviceDataPrv__DEFAULT_RTOS_ALLOC
                0x1fff80ac        0x4 ./Generated_Code/ExtIntLdd2.o
 .bss.INT_PORTC__DEFAULT_RTOS_ISRPARAM
                0x1fff80b0        0x4 ./Generated_Code/ExtIntLdd2.o
 .bss.DeviceDataPrv__DEFAULT_RTOS_ALLOC
                0x1fff80b4        0x4 ./Generated_Code/ExtIntLdd3.o
 .bss.INT_PORTC__DEFAULT_RTOS_ISRPARAM
                0x1fff80b8        0x4 ./Generated_Code/ExtIntLdd3.o
 .bss.PE_LDD_DeviceDataList
                0x1fff80bc       0x28 ./Generated_Code/PE_LDD.o
                0x1fff80bc                PE_LDD_DeviceDataList
 .bss.DeviceDataPrv__DEFAULT_RTOS_ALLOC
                0x1fff80e4        0x8 ./Generated_Code/TU1.o
 .bss.INT_FTM0__DEFAULT_RTOS_ISRPARAM
                0x1fff80ec        0x4 ./Generated_Code/TU1.o
 *(COMMON)
                0x1fff80f0                . = ALIGN (0x4)
                0x1fff80f0                __END_BSS = .
                0x1fff80f0                PROVIDE (__bss_end__, __END_BSS)
                0x0000128c                _romp_at = ((___ROM_AT + SIZEOF (.data)) + SIZEOF (.m_data_20000000))

.romp           0x1fff80f0       0x24 load address 0x0000128c
                0x0000128c                __S_romp = _romp_at
                0x1fff80f0        0x4 LONG 0x1228 ___ROM_AT
                0x1fff80f4        0x4 LONG 0x1fff8000 _sdata
                0x1fff80f8        0x4 LONG 0x64 ___data_size
                0x1fff80fc        0x4 LONG 0x128c ___m_data_20000000_ROMStart
                0x1fff8100        0x4 LONG 0x20000000 ___m_data_20000000_RAMStart
                0x1fff8104        0x4 LONG 0x0 ___m_data_20000000_ROMSize
                0x1fff8108        0x4 LONG 0x0
                0x1fff810c        0x4 LONG 0x0
                0x1fff8110        0x4 LONG 0x0
                0x00040000                text_end = (ORIGIN (m_text) + 0x3fbf0)
                0x000012b0                data_init_end = ((___m_data_20000000_ROMStart + SIZEOF (.m_data_20000000)) + SIZEOF (.romp))
                0x00000001                ASSERT ((data_init_end <= text_end), region m_text overflowed with text and data)

._user_heap_stack
                0x1fff8114      0x400 load address 0x000012b0
                0x1fff8114                . = ALIGN (0x4)
                0x1fff8114                PROVIDE (end, .)
                0x1fff8114                PROVIDE (_end, .)
                0x1fff8114                PROVIDE (__end__, .)
                0x1fff8114                __heap_addr = .
                0x1fff8114                __HeapBase = .
                0x1fff8114                . = (. + __heap_size)
                0x1fff8114                __HeapLimit = .
                0x1fff8514                . = (. + __stack_size)
 *fill*         0x1fff8114      0x400 
                0x1fff8514                . = ALIGN (0x4)

.ARM.attributes
                0x00000000       0x2a
 *(.ARM.attributes)
 .ARM.attributes
                0x00000000       0x1e c:/freescale/kds_v3/toolchain/bin/../lib/gcc/arm-none-eabi/4.8.4/armv7e-m/crti.o
 .ARM.attributes
                0x0000001e       0x2e c:/freescale/kds_v3/toolchain/bin/../lib/gcc/arm-none-eabi/4.8.4/armv7e-m/crtbegin.o
 .ARM.attributes
                0x0000004c       0x1c c:/freescale/kds_v3/toolchain/bin/../lib/gcc/arm-none-eabi/4.8.4/../../../../arm-none-eabi/lib/armv7e-m/crt0.o
 .ARM.attributes
                0x00000068       0x33 ./Sources/Events.o
 .ARM.attributes
                0x0000009b       0x33 ./Sources/main.o
 .ARM.attributes
                0x000000ce       0x33 ./Project_Settings/Startup_Code/startup.o
 .ARM.attributes
                0x00000101       0x33 ./Generated_Code/BitIoLdd1.o
 .ARM.attributes
                0x00000134       0x33 ./Generated_Code/BitIoLdd2.o
 .ARM.attributes
                0x00000167       0x33 ./Generated_Code/BitIoLdd3.o
 .ARM.attributes
                0x0000019a       0x33 ./Generated_Code/BitIoLdd4.o
 .ARM.attributes
                0x000001cd       0x33 ./Generated_Code/BitIoLdd5.o
 .ARM.attributes
                0x00000200       0x33 ./Generated_Code/Cpu.o
 .ARM.attributes
                0x00000233       0x33 ./Generated_Code/DIRECTION_1.o
 .ARM.attributes
                0x00000266       0x33 ./Generated_Code/DIRECTION_2.o
 .ARM.attributes
                0x00000299       0x33 ./Generated_Code/ENCODER.o
 .ARM.attributes
                0x000002cc       0x33 ./Generated_Code/ENCODER_PUSH.o
 .ARM.attributes
                0x000002ff       0x33 ./Generated_Code/ExtIntLdd1.o
 .ARM.attributes
                0x00000332       0x33 ./Generated_Code/ExtIntLdd2.o
 .ARM.attributes
                0x00000365       0x33 ./Generated_Code/ExtIntLdd3.o
 .ARM.attributes
                0x00000398       0x33 ./Generated_Code/PE_LDD.o
 .ARM.attributes
                0x000003cb       0x33 ./Generated_Code/TU1.o
 .ARM.attributes
                0x000003fe       0x33 ./Generated_Code/Vectors.o
 .ARM.attributes
                0x00000431       0x2e c:/freescale/kds_v3/toolchain/bin/../lib/gcc/arm-none-eabi/4.8.4/../../../../arm-none-eabi/lib/armv7e-m\libg_s.a(lib_a-exit.o)
 .ARM.attributes
                0x0000045f       0x2e c:/freescale/kds_v3/toolchain/bin/../lib/gcc/arm-none-eabi/4.8.4/../../../../arm-none-eabi/lib/armv7e-m\libg_s.a(lib_a-impure.o)
 .ARM.attributes
                0x0000048d       0x2e c:/freescale/kds_v3/toolchain/bin/../lib/gcc/arm-none-eabi/4.8.4/../../../../arm-none-eabi/lib/armv7e-m\libg_s.a(lib_a-init.o)
 .ARM.attributes
                0x000004bb       0x2e c:/freescale/kds_v3/toolchain/bin/../lib/gcc/arm-none-eabi/4.8.4/../../../../arm-none-eabi/lib/armv7e-m\libg_s.a(lib_a-memset.o)
 .ARM.attributes
                0x000004e9       0x2e c:/freescale/kds_v3/toolchain/bin/../lib/gcc/arm-none-eabi/4.8.4/../../../../arm-none-eabi/lib/armv7e-m\libnosys.a(_exit.o)
 .ARM.attributes
                0x00000517       0x1e c:/freescale/kds_v3/toolchain/bin/../lib/gcc/arm-none-eabi/4.8.4/armv7e-m/crtn.o
OUTPUT(varmo_lite.elf elf32-littlearm)

.debug_info     0x00000000     0x3e2f
 .debug_info    0x00000000      0x183 ./Sources/Events.o
 .debug_info    0x00000183       0x9a ./Sources/main.o
 .debug_info    0x0000021d      0x20a ./Project_Settings/Startup_Code/startup.o
 .debug_info    0x00000427      0x377 ./Generated_Code/BitIoLdd1.o
 .debug_info    0x0000079e      0x377 ./Generated_Code/BitIoLdd2.o
 .debug_info    0x00000b15      0x351 ./Generated_Code/BitIoLdd3.o
 .debug_info    0x00000e66      0x351 ./Generated_Code/BitIoLdd4.o
 .debug_info    0x000011b7      0x351 ./Generated_Code/BitIoLdd5.o
 .debug_info    0x00001508      0xa7b ./Generated_Code/Cpu.o
 .debug_info    0x00001f83       0xb2 ./Generated_Code/DIRECTION_1.o
 .debug_info    0x00002035       0xb2 ./Generated_Code/DIRECTION_2.o
 .debug_info    0x000020e7      0x647 ./Generated_Code/ENCODER.o
 .debug_info    0x0000272e       0xb2 ./Generated_Code/ENCODER_PUSH.o
 .debug_info    0x000027e0      0x43c ./Generated_Code/ExtIntLdd1.o
 .debug_info    0x00002c1c      0x43c ./Generated_Code/ExtIntLdd2.o
 .debug_info    0x00003058      0x43c ./Generated_Code/ExtIntLdd3.o
 .debug_info    0x00003494      0x251 ./Generated_Code/PE_LDD.o
 .debug_info    0x000036e5      0x63b ./Generated_Code/TU1.o
 .debug_info    0x00003d20      0x10f ./Generated_Code/Vectors.o

.debug_abbrev   0x00000000     0x1470
 .debug_abbrev  0x00000000      0x10f ./Sources/Events.o
 .debug_abbrev  0x0000010f       0x47 ./Sources/main.o
 .debug_abbrev  0x00000156      0x11e ./Project_Settings/Startup_Code/startup.o
 .debug_abbrev  0x00000274      0x15f ./Generated_Code/BitIoLdd1.o
 .debug_abbrev  0x000003d3      0x15f ./Generated_Code/BitIoLdd2.o
 .debug_abbrev  0x00000532      0x136 ./Generated_Code/BitIoLdd3.o
 .debug_abbrev  0x00000668      0x136 ./Generated_Code/BitIoLdd4.o
 .debug_abbrev  0x0000079e      0x136 ./Generated_Code/BitIoLdd5.o
 .debug_abbrev  0x000008d4      0x178 ./Generated_Code/Cpu.o
 .debug_abbrev  0x00000a4c       0x68 ./Generated_Code/DIRECTION_1.o
 .debug_abbrev  0x00000ab4       0x68 ./Generated_Code/DIRECTION_2.o
 .debug_abbrev  0x00000b1c      0x1ba ./Generated_Code/ENCODER.o
 .debug_abbrev  0x00000cd6       0x68 ./Generated_Code/ENCODER_PUSH.o
 .debug_abbrev  0x00000d3e      0x15d ./Generated_Code/ExtIntLdd1.o
 .debug_abbrev  0x00000e9b      0x15d ./Generated_Code/ExtIntLdd2.o
 .debug_abbrev  0x00000ff8      0x15d ./Generated_Code/ExtIntLdd3.o
 .debug_abbrev  0x00001155      0x10d ./Generated_Code/PE_LDD.o
 .debug_abbrev  0x00001262      0x16a ./Generated_Code/TU1.o
 .debug_abbrev  0x000013cc       0xa4 ./Generated_Code/Vectors.o

.debug_aranges  0x00000000      0x410
 .debug_aranges
                0x00000000       0x48 ./Sources/Events.o
 .debug_aranges
                0x00000048       0x20 ./Sources/main.o
 .debug_aranges
                0x00000068       0x50 ./Project_Settings/Startup_Code/startup.o
 .debug_aranges
                0x000000b8       0x48 ./Generated_Code/BitIoLdd1.o
 .debug_aranges
                0x00000100       0x48 ./Generated_Code/BitIoLdd2.o
 .debug_aranges
                0x00000148       0x40 ./Generated_Code/BitIoLdd3.o
 .debug_aranges
                0x00000188       0x40 ./Generated_Code/BitIoLdd4.o
 .debug_aranges
                0x000001c8       0x40 ./Generated_Code/BitIoLdd5.o
 .debug_aranges
                0x00000208       0x48 ./Generated_Code/Cpu.o
 .debug_aranges
                0x00000250       0x20 ./Generated_Code/DIRECTION_1.o
 .debug_aranges
                0x00000270       0x20 ./Generated_Code/DIRECTION_2.o
 .debug_aranges
                0x00000290       0x60 ./Generated_Code/ENCODER.o
 .debug_aranges
                0x000002f0       0x20 ./Generated_Code/ENCODER_PUSH.o
 .debug_aranges
                0x00000310       0x30 ./Generated_Code/ExtIntLdd1.o
 .debug_aranges
                0x00000340       0x30 ./Generated_Code/ExtIntLdd2.o
 .debug_aranges
                0x00000370       0x30 ./Generated_Code/ExtIntLdd3.o
 .debug_aranges
                0x000003a0       0x30 ./Generated_Code/PE_LDD.o
 .debug_aranges
                0x000003d0       0x28 ./Generated_Code/TU1.o
 .debug_aranges
                0x000003f8       0x18 ./Generated_Code/Vectors.o

.debug_ranges   0x00000000      0x2d8
 .debug_ranges  0x00000000       0x38 ./Sources/Events.o
 .debug_ranges  0x00000038       0x10 ./Sources/main.o
 .debug_ranges  0x00000048       0x40 ./Project_Settings/Startup_Code/startup.o
 .debug_ranges  0x00000088       0x38 ./Generated_Code/BitIoLdd1.o
 .debug_ranges  0x000000c0       0x38 ./Generated_Code/BitIoLdd2.o
 .debug_ranges  0x000000f8       0x30 ./Generated_Code/BitIoLdd3.o
 .debug_ranges  0x00000128       0x30 ./Generated_Code/BitIoLdd4.o
 .debug_ranges  0x00000158       0x30 ./Generated_Code/BitIoLdd5.o
 .debug_ranges  0x00000188       0x38 ./Generated_Code/Cpu.o
 .debug_ranges  0x000001c0       0x10 ./Generated_Code/DIRECTION_1.o
 .debug_ranges  0x000001d0       0x10 ./Generated_Code/DIRECTION_2.o
 .debug_ranges  0x000001e0       0x50 ./Generated_Code/ENCODER.o
 .debug_ranges  0x00000230       0x10 ./Generated_Code/ENCODER_PUSH.o
 .debug_ranges  0x00000240       0x20 ./Generated_Code/ExtIntLdd1.o
 .debug_ranges  0x00000260       0x20 ./Generated_Code/ExtIntLdd2.o
 .debug_ranges  0x00000280       0x20 ./Generated_Code/ExtIntLdd3.o
 .debug_ranges  0x000002a0       0x20 ./Generated_Code/PE_LDD.o
 .debug_ranges  0x000002c0       0x18 ./Generated_Code/TU1.o

.debug_macro    0x00000000    0x2043f
 .debug_macro   0x00000000      0x1d4 ./Sources/Events.o
 .debug_macro   0x000001d4      0x84a ./Sources/Events.o
 .debug_macro   0x00000a1e       0x16 ./Sources/Events.o
 .debug_macro   0x00000a34       0x44 ./Sources/Events.o
 .debug_macro   0x00000a78      0x209 ./Sources/Events.o
 .debug_macro   0x00000c81     0x17f3 ./Sources/Events.o
 .debug_macro   0x00002474      0x14e ./Sources/Events.o
 .debug_macro   0x000025c2       0x6a ./Sources/Events.o
 .debug_macro   0x0000262c     0xd4f6 ./Sources/Events.o
 .debug_macro   0x0000fb22       0x9a ./Sources/Events.o
 .debug_macro   0x0000fbbc       0x94 ./Sources/Events.o
 .debug_macro   0x0000fc50      0x12c ./Sources/Events.o
 .debug_macro   0x0000fd7c       0x46 ./Sources/Events.o
 .debug_macro   0x0000fdc2       0x26 ./Sources/Events.o
 .debug_macro   0x0000fde8      0x6a6 ./Sources/Events.o
 .debug_macro   0x0001048e       0x51 ./Sources/Events.o
 .debug_macro   0x000104df       0x4c ./Sources/Events.o
 .debug_macro   0x0001052b       0x26 ./Sources/Events.o
 .debug_macro   0x00010551       0x46 ./Sources/Events.o
 .debug_macro   0x00010597       0x1f ./Sources/Events.o
 .debug_macro   0x000105b6       0x46 ./Sources/Events.o
 .debug_macro   0x000105fc       0x1f ./Sources/Events.o
 .debug_macro   0x0001061b       0x46 ./Sources/Events.o
 .debug_macro   0x00010661       0x1f ./Sources/Events.o
 .debug_macro   0x00010680      0x4ea ./Sources/Events.o
 .debug_macro   0x00010b6a       0xa5 ./Sources/Events.o
 .debug_macro   0x00010c0f       0x34 ./Sources/Events.o
 .debug_macro   0x00010c43       0x34 ./Sources/Events.o
 .debug_macro   0x00010c77       0x34 ./Sources/Events.o
 .debug_macro   0x00010cab      0x1d4 ./Sources/main.o
 .debug_macro   0x00010e7f      0x121 ./Project_Settings/Startup_Code/startup.o
 .debug_macro   0x00010fa0       0x58 ./Project_Settings/Startup_Code/startup.o
 .debug_macro   0x00010ff8       0x35 ./Project_Settings/Startup_Code/startup.o
 .debug_macro   0x0001102d       0xa3 ./Project_Settings/Startup_Code/startup.o
 .debug_macro   0x000110d0      0x166 ./Project_Settings/Startup_Code/startup.o
 .debug_macro   0x00011236       0x4a ./Project_Settings/Startup_Code/startup.o
 .debug_macro   0x00011280       0x52 ./Project_Settings/Startup_Code/startup.o
 .debug_macro   0x000112d2       0x16 ./Project_Settings/Startup_Code/startup.o
 .debug_macro   0x000112e8       0x43 ./Project_Settings/Startup_Code/startup.o
 .debug_macro   0x0001132b      0x180 ./Project_Settings/Startup_Code/startup.o
 .debug_macro   0x000114ab      0x2a6 ./Project_Settings/Startup_Code/startup.o
 .debug_macro   0x00011751       0x10 ./Project_Settings/Startup_Code/startup.o
 .debug_macro   0x00011761       0x35 ./Project_Settings/Startup_Code/startup.o
 .debug_macro   0x00011796       0x16 ./Project_Settings/Startup_Code/startup.o
 .debug_macro   0x000117ac       0x22 ./Project_Settings/Startup_Code/startup.o
 .debug_macro   0x000117ce       0x10 ./Project_Settings/Startup_Code/startup.o
 .debug_macro   0x000117de      0x20f ./Project_Settings/Startup_Code/startup.o
 .debug_macro   0x000119ed     0xd4ea ./Project_Settings/Startup_Code/startup.o
 .debug_macro   0x0001eed7       0xa6 ./Generated_Code/BitIoLdd1.o
 .debug_macro   0x0001ef7d       0xa6 ./Generated_Code/BitIoLdd2.o
 .debug_macro   0x0001f023       0xa6 ./Generated_Code/BitIoLdd3.o
 .debug_macro   0x0001f0c9       0x40 ./Generated_Code/BitIoLdd3.o
 .debug_macro   0x0001f109       0xa6 ./Generated_Code/BitIoLdd4.o
 .debug_macro   0x0001f1af       0x40 ./Generated_Code/BitIoLdd4.o
 .debug_macro   0x0001f1ef       0xa6 ./Generated_Code/BitIoLdd5.o
 .debug_macro   0x0001f295       0x40 ./Generated_Code/BitIoLdd5.o
 .debug_macro   0x0001f2d5      0x1fd ./Generated_Code/Cpu.o
 .debug_macro   0x0001f4d2      0x1ce ./Generated_Code/DIRECTION_1.o
 .debug_macro   0x0001f6a0      0x1ce ./Generated_Code/DIRECTION_2.o
 .debug_macro   0x0001f86e      0x1d2 ./Generated_Code/ENCODER.o
 .debug_macro   0x0001fa40      0x1ce ./Generated_Code/ENCODER_PUSH.o
 .debug_macro   0x0001fc0e       0xbf ./Generated_Code/ExtIntLdd1.o
 .debug_macro   0x0001fccd       0x2e ./Generated_Code/ExtIntLdd1.o
 .debug_macro   0x0001fcfb       0xbf ./Generated_Code/ExtIntLdd2.o
 .debug_macro   0x0001fdba       0x2e ./Generated_Code/ExtIntLdd2.o
 .debug_macro   0x0001fde8       0xbf ./Generated_Code/ExtIntLdd3.o
 .debug_macro   0x0001fea7       0x2e ./Generated_Code/ExtIntLdd3.o
 .debug_macro   0x0001fed5      0x19a ./Generated_Code/PE_LDD.o
 .debug_macro   0x0002006f      0x1d8 ./Generated_Code/TU1.o
 .debug_macro   0x00020247      0x1f8 ./Generated_Code/Vectors.o

.debug_line     0x00000000     0x4900
 .debug_line    0x00000000      0x44d ./Sources/Events.o
 .debug_line    0x0000044d      0x3f3 ./Sources/main.o
 .debug_line    0x00000840      0x3e1 ./Project_Settings/Startup_Code/startup.o
 .debug_line    0x00000c21      0x2e3 ./Generated_Code/BitIoLdd1.o
 .debug_line    0x00000f04      0x2e3 ./Generated_Code/BitIoLdd2.o
 .debug_line    0x000011e7      0x2d1 ./Generated_Code/BitIoLdd3.o
 .debug_line    0x000014b8      0x2d1 ./Generated_Code/BitIoLdd4.o
 .debug_line    0x00001789      0x2d1 ./Generated_Code/BitIoLdd5.o
 .debug_line    0x00001a5a      0x61e ./Generated_Code/Cpu.o
 .debug_line    0x00002078      0x450 ./Generated_Code/DIRECTION_1.o
 .debug_line    0x000024c8      0x450 ./Generated_Code/DIRECTION_2.o
 .debug_line    0x00002918      0x540 ./Generated_Code/ENCODER.o
 .debug_line    0x00002e58      0x452 ./Generated_Code/ENCODER_PUSH.o
 .debug_line    0x000032aa      0x2d3 ./Generated_Code/ExtIntLdd1.o
 .debug_line    0x0000357d      0x2d2 ./Generated_Code/ExtIntLdd2.o
 .debug_line    0x0000384f      0x2d2 ./Generated_Code/ExtIntLdd3.o
 .debug_line    0x00003b21      0x3e9 ./Generated_Code/PE_LDD.o
 .debug_line    0x00003f0a      0x47b ./Generated_Code/TU1.o
 .debug_line    0x00004385      0x57b ./Generated_Code/Vectors.o

.debug_str      0x00000000    0x631c1
 .debug_str     0x00000000    0x5fd69 ./Sources/Events.o
                              0x5febc (size before relaxing)
 .debug_str     0x0005fd69       0x17 ./Sources/main.o
                              0x5fdd1 (size before relaxing)
 .debug_str     0x0005fd80     0x25f6 ./Project_Settings/Startup_Code/startup.o
                              0x4c40d (size before relaxing)
 .debug_str     0x00062376      0x183 ./Generated_Code/BitIoLdd1.o
                              0x52762 (size before relaxing)
 .debug_str     0x000624f9       0xb1 ./Generated_Code/BitIoLdd2.o
                              0x52762 (size before relaxing)
 .debug_str     0x000625aa       0xa0 ./Generated_Code/BitIoLdd3.o
                              0x52730 (size before relaxing)
 .debug_str     0x0006264a       0xa0 ./Generated_Code/BitIoLdd4.o
                              0x52730 (size before relaxing)
 .debug_str     0x000626ea       0xa0 ./Generated_Code/BitIoLdd5.o
                              0x52730 (size before relaxing)
 .debug_str     0x0006278a      0x370 ./Generated_Code/Cpu.o
                              0x601f3 (size before relaxing)
 .debug_str     0x00062afa       0x37 ./Generated_Code/DIRECTION_1.o
                              0x5fe0b (size before relaxing)
 .debug_str     0x00062b31       0x37 ./Generated_Code/DIRECTION_2.o
                              0x5fe0b (size before relaxing)
 .debug_str     0x00062b68      0x18a ./Generated_Code/ENCODER.o
                              0x6011d (size before relaxing)
 .debug_str     0x00062cf2       0x38 ./Generated_Code/ENCODER_PUSH.o
                              0x5fe0c (size before relaxing)
 .debug_str     0x00062d2a       0x87 ./Generated_Code/ExtIntLdd1.o
                              0x55c67 (size before relaxing)
 .debug_str     0x00062db1       0x87 ./Generated_Code/ExtIntLdd2.o
                              0x55c63 (size before relaxing)
 .debug_str     0x00062e38       0x87 ./Generated_Code/ExtIntLdd3.o
                              0x55c63 (size before relaxing)
 .debug_str     0x00062ebf      0x17e ./Generated_Code/PE_LDD.o
                              0x5ff90 (size before relaxing)
 .debug_str     0x0006303d      0x168 ./Generated_Code/TU1.o
                              0x600ee (size before relaxing)
 .debug_str     0x000631a5       0x1c ./Generated_Code/Vectors.o
                              0x5fe23 (size before relaxing)

.comment        0x00000000       0x70
 .comment       0x00000000       0x70 ./Sources/Events.o
                                 0x71 (size before relaxing)
 .comment       0x00000000       0x71 ./Sources/main.o
 .comment       0x00000000       0x71 ./Project_Settings/Startup_Code/startup.o
 .comment       0x00000000       0x71 ./Generated_Code/BitIoLdd1.o
 .comment       0x00000000       0x71 ./Generated_Code/BitIoLdd2.o
 .comment       0x00000000       0x71 ./Generated_Code/BitIoLdd3.o
 .comment       0x00000000       0x71 ./Generated_Code/BitIoLdd4.o
 .comment       0x00000000       0x71 ./Generated_Code/BitIoLdd5.o
 .comment       0x00000000       0x71 ./Generated_Code/Cpu.o
 .comment       0x00000000       0x71 ./Generated_Code/DIRECTION_1.o
 .comment       0x00000000       0x71 ./Generated_Code/DIRECTION_2.o
 .comment       0x00000000       0x71 ./Generated_Code/ENCODER.o
 .comment       0x00000000       0x71 ./Generated_Code/ENCODER_PUSH.o
 .comment       0x00000000       0x71 ./Generated_Code/ExtIntLdd1.o
 .comment       0x00000000       0x71 ./Generated_Code/ExtIntLdd2.o
 .comment       0x00000000       0x71 ./Generated_Code/ExtIntLdd3.o
 .comment       0x00000000       0x71 ./Generated_Code/PE_LDD.o
 .comment       0x00000000       0x71 ./Generated_Code/TU1.o
 .comment       0x00000000       0x71 ./Generated_Code/Vectors.o

.debug_frame    0x00000000      0x9d0
 .debug_frame   0x00000000       0xb8 ./Sources/Events.o
 .debug_frame   0x000000b8       0x2c ./Sources/main.o
 .debug_frame   0x000000e4       0xc0 ./Project_Settings/Startup_Code/startup.o
 .debug_frame   0x000001a4       0xb8 ./Generated_Code/BitIoLdd1.o
 .debug_frame   0x0000025c       0xb8 ./Generated_Code/BitIoLdd2.o
 .debug_frame   0x00000314       0x9c ./Generated_Code/BitIoLdd3.o
 .debug_frame   0x000003b0       0x9c ./Generated_Code/BitIoLdd4.o
 .debug_frame   0x0000044c       0x9c ./Generated_Code/BitIoLdd5.o
 .debug_frame   0x000004e8       0xc8 ./Generated_Code/Cpu.o
 .debug_frame   0x000005b0       0x30 ./Generated_Code/DIRECTION_1.o
 .debug_frame   0x000005e0       0x30 ./Generated_Code/DIRECTION_2.o
 .debug_frame   0x00000610      0x110 ./Generated_Code/ENCODER.o
 .debug_frame   0x00000720       0x30 ./Generated_Code/ENCODER_PUSH.o
 .debug_frame   0x00000750       0x68 ./Generated_Code/ExtIntLdd1.o
 .debug_frame   0x000007b8       0x68 ./Generated_Code/ExtIntLdd2.o
 .debug_frame   0x00000820       0x68 ./Generated_Code/ExtIntLdd3.o
 .debug_frame   0x00000888       0x64 ./Generated_Code/PE_LDD.o
 .debug_frame   0x000008ec       0x50 ./Generated_Code/TU1.o
 .debug_frame   0x0000093c       0x28 c:/freescale/kds_v3/toolchain/bin/../lib/gcc/arm-none-eabi/4.8.4/../../../../arm-none-eabi/lib/armv7e-m\libg_s.a(lib_a-exit.o)
 .debug_frame   0x00000964       0x2c c:/freescale/kds_v3/toolchain/bin/../lib/gcc/arm-none-eabi/4.8.4/../../../../arm-none-eabi/lib/armv7e-m\libg_s.a(lib_a-init.o)
 .debug_frame   0x00000990       0x20 c:/freescale/kds_v3/toolchain/bin/../lib/gcc/arm-none-eabi/4.8.4/../../../../arm-none-eabi/lib/armv7e-m\libg_s.a(lib_a-memset.o)
 .debug_frame   0x000009b0       0x20 c:/freescale/kds_v3/toolchain/bin/../lib/gcc/arm-none-eabi/4.8.4/../../../../arm-none-eabi/lib/armv7e-m\libnosys.a(_exit.o)
