Archive member included because of file (symbol)

c:/freescale/kds_v3/toolchain/bin/../lib/gcc/arm-none-eabi/4.8.4/../../../../arm-none-eabi/lib/armv7e-m\libm.a(lib_a-s_round.o)
                              ./Sources/display.o (round)
c:/freescale/kds_v3/toolchain/bin/../lib/gcc/arm-none-eabi/4.8.4/../../../../arm-none-eabi/lib/armv7e-m\libm.a(lib_a-w_pow.o)
                              ./Sources/display.o (pow)
c:/freescale/kds_v3/toolchain/bin/../lib/gcc/arm-none-eabi/4.8.4/../../../../arm-none-eabi/lib/armv7e-m\libm.a(lib_a-e_pow.o)
                              c:/freescale/kds_v3/toolchain/bin/../lib/gcc/arm-none-eabi/4.8.4/../../../../arm-none-eabi/lib/armv7e-m\libm.a(lib_a-w_pow.o) (__ieee754_pow)
c:/freescale/kds_v3/toolchain/bin/../lib/gcc/arm-none-eabi/4.8.4/../../../../arm-none-eabi/lib/armv7e-m\libm.a(lib_a-e_sqrt.o)
                              c:/freescale/kds_v3/toolchain/bin/../lib/gcc/arm-none-eabi/4.8.4/../../../../arm-none-eabi/lib/armv7e-m\libm.a(lib_a-e_pow.o) (__ieee754_sqrt)
c:/freescale/kds_v3/toolchain/bin/../lib/gcc/arm-none-eabi/4.8.4/../../../../arm-none-eabi/lib/armv7e-m\libm.a(lib_a-s_fabs.o)
                              c:/freescale/kds_v3/toolchain/bin/../lib/gcc/arm-none-eabi/4.8.4/../../../../arm-none-eabi/lib/armv7e-m\libm.a(lib_a-e_pow.o) (fabs)
c:/freescale/kds_v3/toolchain/bin/../lib/gcc/arm-none-eabi/4.8.4/../../../../arm-none-eabi/lib/armv7e-m\libm.a(lib_a-s_finite.o)
                              c:/freescale/kds_v3/toolchain/bin/../lib/gcc/arm-none-eabi/4.8.4/../../../../arm-none-eabi/lib/armv7e-m\libm.a(lib_a-w_pow.o) (finite)
c:/freescale/kds_v3/toolchain/bin/../lib/gcc/arm-none-eabi/4.8.4/../../../../arm-none-eabi/lib/armv7e-m\libm.a(lib_a-s_fpclassify.o)
                              c:/freescale/kds_v3/toolchain/bin/../lib/gcc/arm-none-eabi/4.8.4/../../../../arm-none-eabi/lib/armv7e-m\libm.a(lib_a-w_pow.o) (__fpclassifyd)
c:/freescale/kds_v3/toolchain/bin/../lib/gcc/arm-none-eabi/4.8.4/../../../../arm-none-eabi/lib/armv7e-m\libm.a(lib_a-s_lib_ver.o)
                              c:/freescale/kds_v3/toolchain/bin/../lib/gcc/arm-none-eabi/4.8.4/../../../../arm-none-eabi/lib/armv7e-m\libm.a(lib_a-w_pow.o) (__fdlib_version)
c:/freescale/kds_v3/toolchain/bin/../lib/gcc/arm-none-eabi/4.8.4/../../../../arm-none-eabi/lib/armv7e-m\libm.a(lib_a-s_matherr.o)
                              c:/freescale/kds_v3/toolchain/bin/../lib/gcc/arm-none-eabi/4.8.4/../../../../arm-none-eabi/lib/armv7e-m\libm.a(lib_a-w_pow.o) (matherr)
c:/freescale/kds_v3/toolchain/bin/../lib/gcc/arm-none-eabi/4.8.4/../../../../arm-none-eabi/lib/armv7e-m\libm.a(lib_a-s_nan.o)
                              c:/freescale/kds_v3/toolchain/bin/../lib/gcc/arm-none-eabi/4.8.4/../../../../arm-none-eabi/lib/armv7e-m\libm.a(lib_a-e_pow.o) (nan)
c:/freescale/kds_v3/toolchain/bin/../lib/gcc/arm-none-eabi/4.8.4/../../../../arm-none-eabi/lib/armv7e-m\libm.a(lib_a-s_rint.o)
                              c:/freescale/kds_v3/toolchain/bin/../lib/gcc/arm-none-eabi/4.8.4/../../../../arm-none-eabi/lib/armv7e-m\libm.a(lib_a-w_pow.o) (rint)
c:/freescale/kds_v3/toolchain/bin/../lib/gcc/arm-none-eabi/4.8.4/../../../../arm-none-eabi/lib/armv7e-m\libm.a(lib_a-s_scalbn.o)
                              c:/freescale/kds_v3/toolchain/bin/../lib/gcc/arm-none-eabi/4.8.4/../../../../arm-none-eabi/lib/armv7e-m\libm.a(lib_a-e_pow.o) (scalbn)
c:/freescale/kds_v3/toolchain/bin/../lib/gcc/arm-none-eabi/4.8.4/../../../../arm-none-eabi/lib/armv7e-m\libm.a(lib_a-s_copysign.o)
                              c:/freescale/kds_v3/toolchain/bin/../lib/gcc/arm-none-eabi/4.8.4/../../../../arm-none-eabi/lib/armv7e-m\libm.a(lib_a-s_scalbn.o) (copysign)
c:/freescale/kds_v3/toolchain/bin/../lib/gcc/arm-none-eabi/4.8.4/armv7e-m\libgcc.a(_arm_addsubdf3.o)
                              c:/freescale/kds_v3/toolchain/bin/../lib/gcc/arm-none-eabi/4.8.4/../../../../arm-none-eabi/lib/armv7e-m\libm.a(lib_a-e_pow.o) (__aeabi_dsub)
c:/freescale/kds_v3/toolchain/bin/../lib/gcc/arm-none-eabi/4.8.4/armv7e-m\libgcc.a(_arm_muldivdf3.o)
                              ./Sources/display.o (__aeabi_dmul)
c:/freescale/kds_v3/toolchain/bin/../lib/gcc/arm-none-eabi/4.8.4/armv7e-m\libgcc.a(_arm_cmpdf2.o)
                              c:/freescale/kds_v3/toolchain/bin/../lib/gcc/arm-none-eabi/4.8.4/../../../../arm-none-eabi/lib/armv7e-m\libm.a(lib_a-w_pow.o) (__aeabi_dcmpeq)
c:/freescale/kds_v3/toolchain/bin/../lib/gcc/arm-none-eabi/4.8.4/armv7e-m\libgcc.a(_arm_fixdfsi.o)
                              ./Sources/display.o (__aeabi_d2iz)
c:/freescale/kds_v3/toolchain/bin/../lib/gcc/arm-none-eabi/4.8.4/armv7e-m\libgcc.a(_arm_addsubsf3.o)
                              ./Sources/Events.o (__aeabi_fsub)
c:/freescale/kds_v3/toolchain/bin/../lib/gcc/arm-none-eabi/4.8.4/armv7e-m\libgcc.a(_arm_muldivsf3.o)
                              ./Sources/display.o (__aeabi_fmul)
c:/freescale/kds_v3/toolchain/bin/../lib/gcc/arm-none-eabi/4.8.4/armv7e-m\libgcc.a(_arm_cmpsf2.o)
[...]
Memory Configuration

Name             Origin             Length             Attributes
m_interrupts     0x00000000         0x000003fe         xr
m_text           0x00000410         0x0003ebf0         xr
m_data           0x1fff8000         0x00008000         rw
m_data_20000000  0x20000000         0x00008000         rw
m_cue            0x0003f000         0x00000ffe         xrw
m_cfmprotrom     0x00000400         0x00000010         xr
*default*        0x00000000         0xffffffff

Linker script and memory map

LOAD c:/freescale/kds_v3/toolchain/bin/../lib/gcc/arm-none-eabi/4.8.4/armv7e-m/crti.o
LOAD c:/freescale/kds_v3/toolchain/bin/../lib/gcc/arm-none-eabi/4.8.4/armv7e-m/crtbegin.o
LOAD c:/freescale/kds_v3/toolchain/bin/../lib/gcc/arm-none-eabi/4.8.4/../../../../arm-none-eabi/lib/armv7e-m/crt0.o
LOAD ./Sources/Events.o
LOAD ./Sources/LCD.o
LOAD ./Sources/PCA9670.o
LOAD ./Sources/cue.o
LOAD ./Sources/display.o
LOAD ./Sources/eeprom.o
LOAD ./Sources/encoder_variable.o
LOAD ./Sources/main.o
LOAD ./Sources/menu.o
LOAD ./Sources/parameters.o
LOAD ./Sources/protocol.o
LOAD ./Sources/send.o
LOAD ./Project_Settings/Startup_Code/startup.o
LOAD ./Generated_Code/AS1.o
LOAD ./Generated_Code/ASerialLdd1.o
LOAD ./Generated_Code/BitIoLdd1.o
LOAD ./Generated_Code/BitIoLdd2.o
LOAD ./Generated_Code/BitIoLdd3.o
LOAD ./Generated_Code/BitIoLdd4.o
LOAD ./Generated_Code/BitIoLdd5.o
LOAD ./Generated_Code/BitIoLdd6.o
LOAD ./Generated_Code/BitIoLdd7.o
LOAD ./Generated_Code/BitIoLdd8.o
LOAD ./Generated_Code/CS1.o
LOAD ./Generated_Code/Cpu.o
LOAD ./Generated_Code/ENCODER.o
LOAD ./Generated_Code/ENCODER_PUSH.o
LOAD ./Generated_Code/ExtIntLdd1.o
LOAD ./Generated_Code/ExtIntLdd2.o
LOAD ./Generated_Code/ExtIntLdd3.o
LOAD ./Generated_Code/ExtIntLdd4.o
LOAD ./Generated_Code/ExtIntLdd5.o
LOAD ./Generated_Code/I2C0.o
LOAD ./Generated_Code/IFsh1.o
LOAD ./Generated_Code/IntFlashLdd1.o
LOAD ./Generated_Code/IntI2cLdd1.o
LOAD ./Generated_Code/KSDK1.o
LOAD ./Generated_Code/LCD_CTR.o
LOAD ./Generated_Code/LCD_EN.o
LOAD ./Generated_Code/LED_DEBUG.o
LOAD ./Generated_Code/LED_MOTOR_MOVE.o
LOAD ./Generated_Code/LED_STATUS_1.o
LOAD ./Generated_Code/LED_STATUS_2.o
LOAD ./Generated_Code/LED_STATUS_3.o
LOAD ./Generated_Code/LED_STATUS_4.o
LOAD ./Generated_Code/LEVER_DIR1.o
LOAD ./Generated_Code/LEVER_DIR2.o
LOAD ./Generated_Code/PCA.o
LOAD ./Generated_Code/PE_LDD.o
LOAD ./Generated_Code/PUSH_BUTTON_REC.o
LOAD ./Generated_Code/PUSH_BUTTON_SEND.o
LOAD ./Generated_Code/TU1.o
LOAD ./Generated_Code/T_100ms.o
LOAD ./Generated_Code/T_500ms.o
LOAD ./Generated_Code/Vectors.o
LOAD ./Generated_Code/WAIT1.o
LOAD ./.metadata/.plugins/org.eclipse.cdt.make.core/specs.o
LOAD c:/freescale/kds_v3/toolchain/bin/../lib/gcc/arm-none-eabi/4.8.4/../../../../arm-none-eabi/lib/armv7e-m\libstdc++_s.a
LOAD c:/freescale/kds_v3/toolchain/bin/../lib/gcc/arm-none-eabi/4.8.4/../../../../arm-none-eabi/lib/armv7e-m\libm.a
START GROUP
LOAD c:/freescale/kds_v3/toolchain/bin/../lib/gcc/arm-none-eabi/4.8.4/armv7e-m\libgcc.a
LOAD c:/freescale/kds_v3/toolchain/bin/../lib/gcc/arm-none-eabi/4.8.4/../../../../arm-none-eabi/lib/armv7e-m\libg_s.a
LOAD c:/freescale/kds_v3/toolchain/bin/../lib/gcc/arm-none-eabi/4.8.4/../../../../arm-none-eabi/lib/armv7e-m\libc_s.a
END GROUP
START GROUP
LOAD c:/freescale/kds_v3/toolchain/bin/../lib/gcc/arm-none-eabi/4.8.4/armv7e-m\libgcc.a
LOAD c:/freescale/kds_v3/toolchain/bin/../lib/gcc/arm-none-eabi/4.8.4/../../../../arm-none-eabi/lib/armv7e-m\libc_s.a
LOAD c:/freescale/kds_v3/toolchain/bin/../lib/gcc/arm-none-eabi/4.8.4/../../../../arm-none-eabi/lib/armv7e-m\libnosys.a
END GROUP
START GROUP
LOAD c:/freescale/kds_v3/toolchain/bin/../lib/gcc/arm-none-eabi/4.8.4/armv7e-m\libgcc.a
LOAD c:/freescale/kds_v3/toolchain/bin/../lib/gcc/arm-none-eabi/4.8.4/../../../../arm-none-eabi/lib/armv7e-m\libc_s.a
LOAD c:/freescale/kds_v3/toolchain/bin/../lib/gcc/arm-none-eabi/4.8.4/../../../../arm-none-eabi/lib/armv7e-m\libnosys.a
END GROUP
LOAD c:/freescale/kds_v3/toolchain/bin/../lib/gcc/arm-none-eabi/4.8.4/armv7e-m/crtend.o
LOAD c:/freescale/kds_v3/toolchain/bin/../lib/gcc/arm-none-eabi/4.8.4/armv7e-m/crtn.o
                0x20000000                _estack = 0x20000000
                0x20000000                __SP_INIT = _estack
                0x20000000                __stack = _estack
                0x00000000                __heap_size = 0x0
                0x00000400                __stack_size = 0x400

.interrupts     0x00000000      0x1bc
                0x00000000                __vector_table = .
                0x00000000                . = ALIGN (0x4)
 *(.vectortable)
 .vectortable   0x00000000      0x1bc ./Generated_Code/Vectors.o
                0x00000000                __vect_table
                0x000001bc                . = ALIGN (0x4)

.cfmprotect     0x00000400       0x10
                0x00000400                . = ALIGN (0x4)
 *(.cfmconfig)
 .cfmconfig     0x00000400       0x10 ./Generated_Code/Cpu.o
                0x00000400                _cfm
                0x00000410                . = ALIGN (0x4)

.text           0x00000410    0x10114
                0x00000410                . = ALIGN (0x4)
 *(.text)
 .text          0x00000410       0x54 c:/freescale/kds_v3/toolchain/bin/../lib/gcc/arm-none-eabi/4.8.4/armv7e-m/crtbegin.o
 .text          0x00000464       0x74 c:/freescale/kds_v3/toolchain/bin/../lib/gcc/arm-none-eabi/4.8.4/../../../../arm-none-eabi/lib/armv7e-m/crt0.o
                0x00000464                _start
                0x00000464                _mainCRTStartup
 .text          0x000004d8      0x370 c:/freescale/kds_v3/toolchain/bin/../lib/gcc/arm-none-eabi/4.8.4/armv7e-m\libgcc.a(_arm_addsubdf3.o)
                0x000004d8                __aeabi_drsub
                0x000004e0                __aeabi_dsub
                0x000004e0                __subdf3
                0x000004e4                __aeabi_dadd
                0x000004e4                __adddf3
                0x0000075c                __floatunsidf
                0x0000075c                __aeabi_ui2d
                0x0000077c                __floatsidf
                0x0000077c                __aeabi_i2d
                0x000007a0                __aeabi_f2d
                0x000007a0                __extendsfdf2
                0x000007dc                __floatundidf
                0x000007dc                __aeabi_ul2d
                0x000007ec                __floatdidf
                0x000007ec                __aeabi_l2d
 .text          0x00000848      0x424 c:/freescale/kds_v3/toolchain/bin/../lib/gcc/arm-none-eabi/4.8.4/armv7e-m\libgcc.a(_arm_muldivdf3.o)
                0x00000848                __aeabi_dmul
                0x00000848                __muldf3
                0x00000a9c                __divdf3
                0x00000a9c                __aeabi_ddiv
 .text          0x00000c6c      0x110 c:/freescale/kds_v3/toolchain/bin/../lib/gcc/arm-none-eabi/4.8.4/armv7e-m\libgcc.a(_arm_cmpdf2.o)
                0x00000c6c                __gtdf2
                0x00000c6c                __gedf2
                0x00000c74                __ltdf2
                0x00000c74                __ledf2
                0x00000c7c                __nedf2
                0x00000c7c                __eqdf2
                0x00000c7c                __cmpdf2
                0x00000cf8                __aeabi_cdrcmple
                0x00000d08                __aeabi_cdcmpeq
                0x00000d08                __aeabi_cdcmple
                0x00000d18                __aeabi_dcmpeq
                0x00000d2c                __aeabi_dcmplt
                0x00000d40                __aeabi_dcmple
                0x00000d54                __aeabi_dcmpge
                0x00000d68                __aeabi_dcmpgt
 .text          0x00000d7c       0x50 c:/freescale/kds_v3/toolchain/bin/../lib/gcc/arm-none-eabi/4.8.4/armv7e-m\libgcc.a(_arm_fixdfsi.o)
                0x00000d7c                __aeabi_d2iz
                0x00000d7c                __fixdfsi
 .text          0x00000dcc      0x21c c:/freescale/kds_v3/toolchain/bin/../lib/gcc/arm-none-eabi/4.8.4/armv7e-m\libgcc.a(_arm_addsubsf3.o)
                0x00000dcc                __aeabi_frsub
                0x00000dd4                __subsf3
                0x00000dd4                __aeabi_fsub
                0x00000dd8                __aeabi_fadd
                0x00000dd8                __addsf3
                0x00000f38                __aeabi_ui2f
                0x00000f38                __floatunsisf
                0x00000f40                __aeabi_i2f
                0x00000f40                __floatsisf
                0x00000f5c                __aeabi_ul2f
                0x00000f5c                __floatundisf
                0x00000f6c                __aeabi_l2f
                0x00000f6c                __floatdisf
 .text          0x00000fe8      0x2a0 c:/freescale/kds_v3/toolchain/bin/../lib/gcc/arm-none-eabi/4.8.4/armv7e-m\libgcc.a(_arm_muldivsf3.o)
                0x00000fe8                __mulsf3
                0x00000fe8                __aeabi_fmul
                0x00001150                __aeabi_fdiv
                0x00001150                __divsf3
 .text          0x00001288       0xec c:/freescale/kds_v3/toolchain/bin/../lib/gcc/arm-none-eabi/4.8.4/armv7e-m\libgcc.a(_arm_cmpsf2.o)
                0x00001288                __gesf2
                0x00001288                __gtsf2
                0x00001290                __lesf2
                0x00001290                __ltsf2
                0x00001298                __nesf2
                0x00001298                __eqsf2
                0x00001298                __cmpsf2
                0x000012f8                __aeabi_cfrcmple
                0x00001300                __aeabi_cfcmpeq
                0x00001300                __aeabi_cfcmple
                0x00001310                __aeabi_fcmpeq
                0x00001324                __aeabi_fcmplt
                0x00001338                __aeabi_fcmple
                0x0000134c                __aeabi_fcmpge
                0x00001360                __aeabi_fcmpgt
 .text          0x00001374       0x4c c:/freescale/kds_v3/toolchain/bin/../lib/gcc/arm-none-eabi/4.8.4/armv7e-m\libgcc.a(_arm_fixsfsi.o)
                0x00001374                __aeabi_f2iz
                0x00001374                __fixsfsi
 .text          0x000013c0       0x40 c:/freescale/kds_v3/toolchain/bin/../lib/gcc/arm-none-eabi/4.8.4/armv7e-m\libgcc.a(_arm_fixunssfsi.o)
                0x000013c0                __fixunssfsi
                0x000013c0                __aeabi_f2uiz
 .text          0x00001400      0xa1c c:/freescale/kds_v3/toolchain/bin/../lib/gcc/arm-none-eabi/4.8.4/armv7e-m\libgcc.a(unwind-arm.o)
                0x000016e4                _Unwind_GetCFA
                0x000016e8                __gnu_Unwind_RaiseException
                0x00001748                __gnu_Unwind_ForcedUnwind
                0x0000175c                __gnu_Unwind_Resume
                0x000017a0                __gnu_Unwind_Resume_or_Rethrow
                0x000017b0                _Unwind_Complete
                0x000017b4                _Unwind_DeleteException
                0x000017c4                _Unwind_VRS_Get
                0x00001814                _Unwind_VRS_Set
                0x00001864                __gnu_Unwind_Backtrace
                0x00001bb8                __aeabi_unwind_cpp_pr0
                0x00001bc0                __aeabi_unwind_cpp_pr1
                0x00001bc8                __aeabi_unwind_cpp_pr2
                0x00001bd0                _Unwind_VRS_Pop
 .text          0x00001e1c      0x1ac c:/freescale/kds_v3/toolchain/bin/../lib/gcc/arm-none-eabi/4.8.4/armv7e-m\libgcc.a(libunwind.o)
                0x00001e1c                __restore_core_regs
                0x00001e1c                restore_core_regs
                0x00001e34                __gnu_Unwind_Restore_VFP
                0x00001e3c                __gnu_Unwind_Save_VFP
                0x00001e44                __gnu_Unwind_Restore_VFP_D
                0x00001e4c                __gnu_Unwind_Save_VFP_D
                0x00001e54                __gnu_Unwind_Restore_VFP_D_16_to_31
                0x00001e5c                __gnu_Unwind_Save_VFP_D_16_to_31
                0x00001e64                __gnu_Unwind_Restore_WMMXD
                0x00001ea8                __gnu_Unwind_Save_WMMXD
                0x00001eec                __gnu_Unwind_Restore_WMMXC
                0x00001f00                __gnu_Unwind_Save_WMMXC
                0x00001f14                ___Unwind_RaiseException
                0x00001f14                _Unwind_RaiseException
                0x00001f38                _Unwind_Resume
                0x00001f38                ___Unwind_Resume
                0x00001f5c                _Unwind_Resume_or_Rethrow
                0x00001f5c                ___Unwind_Resume_or_Rethrow
                0x00001f80                _Unwind_ForcedUnwind
                0x00001f80                ___Unwind_ForcedUnwind
                0x00001fa4                ___Unwind_Backtrace
                0x00001fa4                _Unwind_Backtrace
 .text          0x00001fc8      0x33c c:/freescale/kds_v3/toolchain/bin/../lib/gcc/arm-none-eabi/4.8.4/armv7e-m\libgcc.a(pr-support.o)
                0x0000201c                __gnu_unwind_execute
                0x000022a8                __gnu_unwind_frame
                0x000022d4                _Unwind_GetRegionStart
                0x000022e0                _Unwind_GetLanguageSpecificData
                0x000022f4                _Unwind_GetDataRelBase
                0x000022fc                _Unwind_GetTextRelBase
 .text          0x00002304       0x14 c:/freescale/kds_v3/toolchain/bin/../lib/gcc/arm-none-eabi/4.8.4/../../../../arm-none-eabi/lib/armv7e-m\libg_s.a(lib_a-strcmp.o)
                0x00002304                strcmp
 *(.text*)
 .text.PUSH_BUTTON_REC_OnInterrupt
                0x00002318       0x18 ./Sources/Events.o
                0x00002318                PUSH_BUTTON_REC_OnInterrupt
 .text.PUSH_BUTTON_SEND_OnInterrupt
                0x00002330       0x18 ./Sources/Events.o
                0x00002330                PUSH_BUTTON_SEND_OnInterrupt
 .text.I2C0_OnReceiveData
                0x00002348        0xc ./Sources/Events.o
                0x00002348                I2C0_OnReceiveData
 .text.I2C0_OnTransmitData
                0x00002354        0xc ./Sources/Events.o
                0x00002354                I2C0_OnTransmitData
 .text.T_100ms_OnCounterRestart
                0x00002360       0x48 ./Sources/Events.o
                0x00002360                T_100ms_OnCounterRestart
 .text.LEVER_DIR1_OnInterrupt
                0x000023a8       0x48 ./Sources/Events.o
                0x000023a8                LEVER_DIR1_OnInterrupt
 .text.LEVER_DIR2_OnInterrupt
                0x000023f0       0x48 ./Sources/Events.o
                0x000023f0                LEVER_DIR2_OnInterrupt
 .text.ENCODER_PUSH_OnInterrupt
                0x00002438       0xe0 ./Sources/Events.o
                0x00002438                ENCODER_PUSH_OnInterrupt
 .text.ENCODER_OnPortEvent
                0x00002518       0xc0 ./Sources/Events.o
                0x00002518                ENCODER_OnPortEvent
 .text.T_500ms_OnCounterRestart
                0x000025d8      0x130 ./Sources/Events.o
                0x000025d8                T_500ms_OnCounterRestart
 .text.I2C0_OnArbitLost
                0x00002708        0xc ./Sources/Events.o
                0x00002708                I2C0_OnArbitLost
 .text.AS1_OnTxComplete
                0x00002714       0x14 ./Sources/Events.o
                0x00002714                AS1_OnTxComplete
 .text.AS1_OnError
                0x00002728        0xc ./Sources/Events.o
                0x00002728                AS1_OnError
 .text.AS1_OnRxChar
                0x00002734        0xc ./Sources/Events.o
                0x00002734                AS1_OnRxChar
 .text.AS1_OnRxCharExt
                0x00002740       0xa8 ./Sources/Events.o
                0x00002740                AS1_OnRxCharExt
 .text.AS1_OnTxChar
                0x000027e8        0xc ./Sources/Events.o
                0x000027e8                AS1_OnTxChar
 .text.AS1_OnFullRxBuf
                0x000027f4       0x14 ./Sources/Events.o
                0x000027f4                AS1_OnFullRxBuf
 .text.AS1_OnFreeTxBuf
                0x00002808        0xc ./Sources/Events.o
                0x00002808                AS1_OnFreeTxBuf
 .text.TU1_OnCounterRestart
                0x00002814       0x1c ./Sources/Events.o
                0x00002814                TU1_OnCounterRestart
 .text.LCD_Init
                0x00002830       0x50 ./Sources/LCD.o
                0x00002830                LCD_Init
 .text.LCD_command
                0x00002880       0x30 ./Sources/LCD.o
                0x00002880                LCD_command
 .text.LCD_Cursor_On
                0x000028b0        0xc ./Sources/LCD.o
                0x000028b0                LCD_Cursor_On
 .text.LCD_Cursor_Off
                0x000028bc        0xc ./Sources/LCD.o
                0x000028bc                LCD_Cursor_Off
 .text.LCD_Set_Cursor
                0x000028c8       0x58 ./Sources/LCD.o
                0x000028c8                LCD_Set_Cursor
 .text.LCD_Cursor_On_At
                0x00002920       0x24 ./Sources/LCD.o
                0x00002920                LCD_Cursor_On_At
 .text.LCD_Write
                0x00002944       0x28 ./Sources/LCD.o
                0x00002944                LCD_Write
 .text.load_custom_char
                0x0000296c       0x50 ./Sources/LCD.o
                0x0000296c                load_custom_char
 .text.LCD_Write_At
                0x000029bc       0x3c ./Sources/LCD.o
                0x000029bc                LCD_Write_At
 .text.LCD_Write_Block
                0x000029f8       0xa0 ./Sources/LCD.o
                0x000029f8                LCD_Write_Block
 .text.PCA9670_Init
                0x00002a98       0x34 ./Sources/PCA9670.o
                0x00002a98                PCA9670_Init
 .text.PCA9670_SendByte
                0x00002acc       0x3c ./Sources/PCA9670.o
                0x00002acc                PCA9670_SendByte
 .text.select_cue
                0x00002b08      0x180 ./Sources/cue.o
                0x00002b08                select_cue
 .text.vspfunc  0x00002c88       0x30 ./Sources/display.o
                0x00002c88                vspfunc
 .text.print_float_at
                0x00002cb8      0x190 ./Sources/display.o
                0x00002cb8                print_float_at
 .text.print_int_at
                0x00002e48       0xa0 ./Sources/display.o
                0x00002e48                print_int_at
 .text.print_cue_array
                0x00002ee8      0x1d0 ./Sources/display.o
                0x00002ee8                print_cue_array
 .text.print_all_cue
                0x000030b8      0x110 ./Sources/display.o
                0x000030b8                print_all_cue
 .text.load_char
                0x000031c8       0xe8 ./Sources/display.o
                0x000031c8                load_char
 .text.menu_init
                0x000032b0       0x1c ./Sources/display.o
                0x000032b0                menu_init
 .text.refresh  0x000032cc       0x24 ./Sources/display.o
                0x000032cc                refresh
 .text.select   0x000032f0       0x24 ./Sources/display.o
                0x000032f0                select
 .text.back     0x00003314       0x4c ./Sources/display.o
                0x00003314                back
 .text.controle_mode_display
                0x00003360       0x4c ./Sources/display.o
                0x00003360                controle_mode_display
 .text.control_mode_fct
                0x000033ac       0x5c ./Sources/display.o
                0x000033ac                control_mode_fct
 .text.update_icon_dir
                0x00003408       0x78 ./Sources/display.o
                0x00003408                update_icon_dir
 .text.update_icon_drive_enable
                0x00003480       0x3c ./Sources/display.o
                0x00003480                update_icon_drive_enable
 .text.select_setting
                0x000034bc       0x94 ./Sources/display.o
                0x000034bc                select_setting
 .text.refresh_fct
                0x00003550       0xf0 ./Sources/display.o
                0x00003550                refresh_fct
 .text.velocity_fct
                0x00003640      0x480 ./Sources/display.o
                0x00003640                velocity_fct
 .text.acceleration_fct
                0x00003ac0      0x16c ./Sources/display.o
                0x00003ac0                acceleration_fct
 .text.deceleration_fct
                0x00003c2c      0x16c ./Sources/display.o
                0x00003c2c                deceleration_fct
 .text.back_fct
                0x00003d98       0x30 ./Sources/display.o
                0x00003d98                back_fct
 .text.pos_position_fct
                0x00003dc8      0x514 ./Sources/display.o
                0x00003dc8                pos_position_fct
 .text.pos_velocity_fct
                0x000042dc      0x114 ./Sources/display.o
                0x000042dc                pos_velocity_fct
 .text.pos_acceleration_fct
                0x000043f0      0x16c ./Sources/display.o
                0x000043f0                pos_acceleration_fct
 .text.pos_deceleration_fct
                0x0000455c      0x16c ./Sources/display.o
                0x0000455c                pos_deceleration_fct
 .text.pos_set_home_fct
                0x000046c8       0x8c ./Sources/display.o
                0x000046c8                pos_set_home_fct
 .text.torque_fct
                0x00004754      0x370 ./Sources/display.o
                0x00004754                torque_fct
 .text.torque_rise_fct
                0x00004ac4      0x16c ./Sources/display.o
                0x00004ac4                torque_rise_fct
 .text.torque_fall_fct
                0x00004c30      0x168 ./Sources/display.o
                0x00004c30                torque_fall_fct
 .text.pos_play_cue_fct
                0x00004d98      0x320 ./Sources/display.o
                0x00004d98                pos_play_cue_fct
 .text.pos_rec_cue_fct
                0x000050b8      0x2ac ./Sources/display.o
                0x000050b8                pos_rec_cue_fct
 .text.pos_mod_cue_fct
                0x00005364      0x328 ./Sources/display.o
                0x00005364                pos_mod_cue_fct
 .text.pos_del_cue_fct
                0x0000568c      0x334 ./Sources/display.o
                0x0000568c                pos_del_cue_fct
 .text.vel_play_cue_fct
                0x000059c0      0x2b8 ./Sources/display.o
                0x000059c0                vel_play_cue_fct
 .text.vel_rec_cue_fct
                0x00005c78      0x248 ./Sources/display.o
                0x00005c78                vel_rec_cue_fct
 .text.vel_mod_cue_fct
                0x00005ec0      0x2b8 ./Sources/display.o
                0x00005ec0                vel_mod_cue_fct
 .text.vel_del_cue_fct
                0x00006178      0x2c4 ./Sources/display.o
                0x00006178                vel_del_cue_fct
 .text.select_baud_rate_fct
                0x0000643c      0x120 ./Sources/display.o
                0x0000643c                select_baud_rate_fct
 .text.select_update_menu_fct
                0x0000655c      0x120 ./Sources/display.o
                0x0000655c                select_update_menu_fct
 .text.short_cut_position_menu
                0x0000667c       0x68 ./Sources/display.o
                0x0000667c                short_cut_position_menu
 .text.display_resolution
                0x000066e4       0x68 ./Sources/display.o
                0x000066e4                display_resolution
 .text.get_cursor_resolution_position
                0x0000674c       0x4c ./Sources/display.o
                0x0000674c                get_cursor_resolution_position
 .text.get_resolution
                0x00006798       0x50 ./Sources/display.o
                0x00006798                get_resolution
 .text._Z41__static_initialization_and_destruction_0ii
                0x000067e8      0x894 ./Sources/display.o
 .text._GLOBAL__sub_I_buffer
                0x0000707c       0x10 ./Sources/display.o
 .text.load_cue
                0x0000708c      0x10c ./Sources/eeprom.o
                0x0000708c                load_cue
 .text.write_cue
                0x00007198      0x170 ./Sources/eeprom.o
                0x00007198                write_cue
 .text.erase_cue
                0x00007308       0x58 ./Sources/eeprom.o
                0x00007308                erase_cue
 .text.get_next_slot_free
                0x00007360       0xd0 ./Sources/eeprom.o
                0x00007360                get_next_slot_free
 .text.get_slot_saved
                0x00007430      0x110 ./Sources/eeprom.o
                0x00007430                get_slot_saved
 .text.get_cue_values
                0x00007540       0xd4 ./Sources/eeprom.o
                0x00007540                get_cue_values
 *fill*         0x00007614        0x4 
 .text.main     0x00007618      0x9b0 ./Sources/main.o
                0x00007618                main
 .text.init_menu
                0x00007fc8       0x44 ./Sources/menu.o
                0x00007fc8                init_menu
 .text.init_sub_menu
                0x0000800c       0x68 ./Sources/menu.o
                0x0000800c                init_sub_menu
 .text.init_sub_menu2
                0x00008074       0x48 ./Sources/menu.o
                0x00008074                init_sub_menu2
 .text.init_menu_list
                0x000080bc       0x30 ./Sources/menu.o
                0x000080bc                init_menu_list
 .text.init_sub_menu_list
                0x000080ec       0x30 ./Sources/menu.o
                0x000080ec                init_sub_menu_list
 .text.init_sub_menu2_list
                0x0000811c       0x30 ./Sources/menu.o
                0x0000811c                init_sub_menu2_list
 .text.print_menu
                0x0000814c      0x158 ./Sources/menu.o
                0x0000814c                print_menu
 .text.print_sub_menu
                0x000082a4      0x178 ./Sources/menu.o
                0x000082a4                print_sub_menu
 .text.print_sub_menu2
                0x0000841c      0x178 ./Sources/menu.o
                0x0000841c                print_sub_menu2
 .text.menu_select
                0x00008594      0x2b4 ./Sources/menu.o
                0x00008594                menu_select
 .text.menu_back
                0x00008848      0x37c ./Sources/menu.o
                0x00008848                menu_back
 .text.refresh_menu
                0x00008bc4      0x174 ./Sources/menu.o
                0x00008bc4                refresh_menu
 .text.void_function
                0x00008d38        0xc ./Sources/menu.o
                0x00008d38                void_function
 .text.parameters_init
                0x00008d44       0x94 ./Sources/parameters.o
                0x00008d44                parameters_init
 .text.convert  0x00008dd8       0x3c ./Sources/parameters.o
                0x00008dd8                convert
 .text.serial_send_block
                0x00008e14       0xdc ./Sources/protocol.o
                0x00008e14                serial_send_block
 .text.serial_send_float
                0x00008ef0       0x30 ./Sources/protocol.o
                0x00008ef0                serial_send_float
 .text.serial_send_int
                0x00008f20       0x30 ./Sources/protocol.o
                0x00008f20                serial_send_int
 .text.serial_send_string
                0x00008f50       0x58 ./Sources/protocol.o
                0x00008f50                serial_send_string
 .text.serial_send_char
                0x00008fa8       0x30 ./Sources/protocol.o
                0x00008fa8                serial_send_char
 .text.serial_send_end
                0x00008fd8       0x14 ./Sources/protocol.o
                0x00008fd8                serial_send_end
 .text.msg_parse
                0x00008fec      0x1d4 ./Sources/protocol.o
                0x00008fec                msg_parse
 .text.msg_processing
                0x000091c0      0x33c ./Sources/protocol.o
                0x000091c0                msg_processing
 .text.select_baud_rate
                0x000094fc       0x1c ./Sources/protocol.o
                0x000094fc                select_baud_rate
 .text.Send_Control_Mode
                0x00009518       0x30 ./Sources/send.o
                0x00009518                Send_Control_Mode
 .text.send_fct
                0x00009548      0x438 ./Sources/send.o
                0x00009548                send_fct
 .text.get_update_drive_en
                0x00009980       0x24 ./Sources/send.o
                0x00009980                get_update_drive_en
 .text.get_update_value
                0x000099a4      0x1c4 ./Sources/send.o
                0x000099a4                get_update_value
 .text.send_stop
                0x00009b68       0x34 ./Sources/send.o
                0x00009b68                send_stop
 .text.send_velocity_cue
                0x00009b9c       0xa0 ./Sources/send.o
                0x00009b9c                send_velocity_cue
 .text.send_position_cue
                0x00009c3c      0x114 ./Sources/send.o
                0x00009c3c                send_position_cue
 .text.velocity_processing
                0x00009d50       0x50 ./Sources/send.o
                0x00009d50                velocity_processing
 .text.velocity_ref_processing
                0x00009da0       0x50 ./Sources/send.o
                0x00009da0                velocity_ref_processing
 .text.acceleration_processing
                0x00009df0       0x50 ./Sources/send.o
                0x00009df0                acceleration_processing
 .text.deceleration_processing
                0x00009e40       0x50 ./Sources/send.o
                0x00009e40                deceleration_processing
 .text.torque_processing
                0x00009e90       0x48 ./Sources/send.o
                0x00009e90                torque_processing
 .text.torque_ref_processing
                0x00009ed8       0x48 ./Sources/send.o
                0x00009ed8                torque_ref_processing
 .text.torque_rise_processing
                0x00009f20       0x48 ./Sources/send.o
                0x00009f20                torque_rise_processing
 .text.torque_fall_processing
                0x00009f68       0x48 ./Sources/send.o
                0x00009f68                torque_fall_processing
 .text.position_ref_processing
                0x00009fb0       0x48 ./Sources/send.o
                0x00009fb0                position_ref_processing
 .text.position_processing
                0x00009ff8       0x44 ./Sources/send.o
                0x00009ff8                position_processing
 .text.control_mode_processing
                0x0000a03c       0x7c ./Sources/send.o
                0x0000a03c                control_mode_processing
 .text.drive_enable_processing
                0x0000a0b8       0x24 ./Sources/send.o
                0x0000a0b8                drive_enable_processing
 .text.__copy_rom_section
                0x0000a0dc       0xe4 ./Project_Settings/Startup_Code/startup.o
                0x0000a0dc                __copy_rom_section
 .text.__copy_rom_sections_to_ram
                0x0000a1c0       0x9c ./Project_Settings/Startup_Code/startup.o
                0x0000a1c0                __copy_rom_sections_to_ram
 .text.__init_registers
                0x0000a25c        0xc ./Project_Settings/Startup_Code/startup.o
                0x0000a25c                __init_registers
 .text.__init_user
                0x0000a268        0xc ./Project_Settings/Startup_Code/startup.o
                0x0000a268                __init_user
 .text.__thumb_startup
                0x0000a274       0x34 ./Project_Settings/Startup_Code/startup.o
                0x0000a274                __thumb_startup
 .text.HWEnDi   0x0000a2a8       0x1c ./Generated_Code/AS1.o
 .text.AS1_SendChar
                0x0000a2c4       0xe0 ./Generated_Code/AS1.o
                0x0000a2c4                AS1_SendChar
 .text.AS1_SendBlock
                0x0000a3a4      0x148 ./Generated_Code/AS1.o
                0x0000a3a4                AS1_SendBlock
 .text.AS1_ClearRxBuf
                0x0000a4ec       0x78 ./Generated_Code/AS1.o
                0x0000a4ec                AS1_ClearRxBuf
 .text.AS1_SetBaudRateMode
                0x0000a564       0x38 ./Generated_Code/AS1.o
                0x0000a564                AS1_SetBaudRateMode
 .text.AS1_Init
                0x0000a59c       0x60 ./Generated_Code/AS1.o
                0x0000a59c                AS1_Init
 .text.ASerialLdd1_OnBlockReceived
                0x0000a5fc       0xd4 ./Generated_Code/AS1.o
                0x0000a5fc                ASerialLdd1_OnBlockReceived
 .text.ASerialLdd1_OnBlockSent
                0x0000a6d0       0xd8 ./Generated_Code/AS1.o
                0x0000a6d0                ASerialLdd1_OnBlockSent
 .text.ASerialLdd1_OnError
                0x0000a7a8       0x9c ./Generated_Code/AS1.o
                0x0000a7a8                ASerialLdd1_OnError
 .text.ASerialLdd1_OnTxComplete
                0x0000a844       0x14 ./Generated_Code/AS1.o
                0x0000a844                ASerialLdd1_OnTxComplete
 .text.ASerialLdd1_OnBreak
                0x0000a858       0x24 ./Generated_Code/AS1.o
                0x0000a858                ASerialLdd1_OnBreak
 .text.ASerialLdd1_Init
                0x0000a87c      0x1d4 ./Generated_Code/ASerialLdd1.o
                0x0000a87c                ASerialLdd1_Init
 .text.ASerialLdd1_ReceiveBlock
                0x0000aa50       0x90 ./Generated_Code/ASerialLdd1.o
                0x0000aa50                ASerialLdd1_ReceiveBlock
 .text.ASerialLdd1_SendBlock
                0x0000aae0       0xbc ./Generated_Code/ASerialLdd1.o
                0x0000aae0                ASerialLdd1_SendBlock
 .text.ASerialLdd1_SelectBaudRate
                0x0000ab9c       0x9c ./Generated_Code/ASerialLdd1.o
                0x0000ab9c                ASerialLdd1_SelectBaudRate
 .text.InterruptRx
                0x0000ac38       0x58 ./Generated_Code/ASerialLdd1.o
 .text.InterruptTx
                0x0000ac90       0x9c ./Generated_Code/ASerialLdd1.o
 .text.ASerialLdd1_Interrupt
                0x0000ad2c      0x130 ./Generated_Code/ASerialLdd1.o
                0x0000ad2c                ASerialLdd1_Interrupt
 .text.ASerialLdd1_GetError
                0x0000ae5c       0x70 ./Generated_Code/ASerialLdd1.o
                0x0000ae5c                ASerialLdd1_GetError
 .text.BitIoLdd1_Init
                0x0000aecc       0x64 ./Generated_Code/BitIoLdd1.o
                0x0000aecc                BitIoLdd1_Init
 .text.BitIoLdd2_Init
                0x0000af30       0x64 ./Generated_Code/BitIoLdd2.o
                0x0000af30                BitIoLdd2_Init
 .text.BitIoLdd2_ClrVal
                0x0000af94       0x1c ./Generated_Code/BitIoLdd2.o
                0x0000af94                BitIoLdd2_ClrVal
 .text.BitIoLdd2_SetVal
                0x0000afb0       0x1c ./Generated_Code/BitIoLdd2.o
                0x0000afb0                BitIoLdd2_SetVal
 .text.BitIoLdd3_Init
                0x0000afcc       0x64 ./Generated_Code/BitIoLdd3.o
                0x0000afcc                BitIoLdd3_Init
 .text.BitIoLdd3_ClrVal
                0x0000b030       0x1c ./Generated_Code/BitIoLdd3.o
                0x0000b030                BitIoLdd3_ClrVal
 .text.BitIoLdd3_SetVal
                0x0000b04c       0x1c ./Generated_Code/BitIoLdd3.o
                0x0000b04c                BitIoLdd3_SetVal
 .text.BitIoLdd4_Init
                0x0000b068       0x64 ./Generated_Code/BitIoLdd4.o
                0x0000b068                BitIoLdd4_Init
 .text.BitIoLdd4_ClrVal
                0x0000b0cc       0x1c ./Generated_Code/BitIoLdd4.o
                0x0000b0cc                BitIoLdd4_ClrVal
 .text.BitIoLdd4_SetVal
                0x0000b0e8       0x1c ./Generated_Code/BitIoLdd4.o
                0x0000b0e8                BitIoLdd4_SetVal
 .text.BitIoLdd5_Init
                0x0000b104       0x64 ./Generated_Code/BitIoLdd5.o
                0x0000b104                BitIoLdd5_Init
 .text.BitIoLdd5_ClrVal
                0x0000b168       0x1c ./Generated_Code/BitIoLdd5.o
                0x0000b168                BitIoLdd5_ClrVal
 .text.BitIoLdd6_Init
                0x0000b184       0x64 ./Generated_Code/BitIoLdd6.o
                0x0000b184                BitIoLdd6_Init
 .text.BitIoLdd6_ClrVal
                0x0000b1e8       0x20 ./Generated_Code/BitIoLdd6.o
                0x0000b1e8                BitIoLdd6_ClrVal
 .text.BitIoLdd6_SetVal
                0x0000b208       0x20 ./Generated_Code/BitIoLdd6.o
                0x0000b208                BitIoLdd6_SetVal
 .text.BitIoLdd7_Init
                0x0000b228       0x64 ./Generated_Code/BitIoLdd7.o
                0x0000b228                BitIoLdd7_Init
 .text.BitIoLdd7_ClrVal
                0x0000b28c       0x1c ./Generated_Code/BitIoLdd7.o
                0x0000b28c                BitIoLdd7_ClrVal
 .text.BitIoLdd7_SetVal
                0x0000b2a8       0x1c ./Generated_Code/BitIoLdd7.o
                0x0000b2a8                BitIoLdd7_SetVal
 .text.BitIoLdd8_Init
                0x0000b2c4       0x64 ./Generated_Code/BitIoLdd8.o
                0x0000b2c4                BitIoLdd8_Init
 .text.BitIoLdd8_ClrVal
                0x0000b328       0x1c ./Generated_Code/BitIoLdd8.o
                0x0000b328                BitIoLdd8_ClrVal
 .text.BitIoLdd8_SetVal
                0x0000b344       0x1c ./Generated_Code/BitIoLdd8.o
                0x0000b344                BitIoLdd8_SetVal
 .text.Cpu_ivINT_PORTC
                0x0000b360       0x30 ./Generated_Code/Cpu.o
                0x0000b360                Cpu_ivINT_PORTC
 .text.Cpu_ivINT_NMI
                0x0000b390       0x18 ./Generated_Code/Cpu.o
                0x0000b390                Cpu_ivINT_NMI
 .text.Cpu_ivINT_Hard_Fault
                0x0000b3a8       0x18 ./Generated_Code/Cpu.o
                0x0000b3a8                Cpu_ivINT_Hard_Fault
 .text.Cpu_ivINT_Mem_Manage_Fault
                0x0000b3c0       0x18 ./Generated_Code/Cpu.o
                0x0000b3c0                Cpu_ivINT_Mem_Manage_Fault
 .text.Cpu_ivINT_Bus_Fault
                0x0000b3d8       0x18 ./Generated_Code/Cpu.o
                0x0000b3d8                Cpu_ivINT_Bus_Fault
 .text.Cpu_ivINT_Usage_Fault
                0x0000b3f0       0x18 ./Generated_Code/Cpu.o
                0x0000b3f0                Cpu_ivINT_Usage_Fault
 .text.Cpu_ivINT_Reserved7
                0x0000b408       0x18 ./Generated_Code/Cpu.o
                0x0000b408                Cpu_ivINT_Reserved7
 .text.Cpu_ivINT_Reserved8
                0x0000b420       0x18 ./Generated_Code/Cpu.o
                0x0000b420                Cpu_ivINT_Reserved8
 .text.Cpu_ivINT_Reserved9
                0x0000b438       0x18 ./Generated_Code/Cpu.o
                0x0000b438                Cpu_ivINT_Reserved9
 .text.Cpu_ivINT_Reserved10
                0x0000b450       0x18 ./Generated_Code/Cpu.o
                0x0000b450                Cpu_ivINT_Reserved10
 .text.Cpu_ivINT_SVCall
                0x0000b468       0x18 ./Generated_Code/Cpu.o
                0x0000b468                Cpu_ivINT_SVCall
 .text.Cpu_ivINT_DebugMonitor
                0x0000b480       0x18 ./Generated_Code/Cpu.o
                0x0000b480                Cpu_ivINT_DebugMonitor
 .text.Cpu_ivINT_Reserved13
                0x0000b498       0x18 ./Generated_Code/Cpu.o
                0x0000b498                Cpu_ivINT_Reserved13
 .text.Cpu_ivINT_PendableSrvReq
                0x0000b4b0       0x18 ./Generated_Code/Cpu.o
                0x0000b4b0                Cpu_ivINT_PendableSrvReq
 .text.Cpu_ivINT_SysTick
                0x0000b4c8       0x18 ./Generated_Code/Cpu.o
                0x0000b4c8                Cpu_ivINT_SysTick
 .text.Cpu_ivINT_DMA0
                0x0000b4e0       0x18 ./Generated_Code/Cpu.o
                0x0000b4e0                Cpu_ivINT_DMA0
 .text.Cpu_ivINT_DMA1
                0x0000b4f8       0x18 ./Generated_Code/Cpu.o
                0x0000b4f8                Cpu_ivINT_DMA1
 .text.Cpu_ivINT_DMA2
                0x0000b510       0x18 ./Generated_Code/Cpu.o
                0x0000b510                Cpu_ivINT_DMA2
 .text.Cpu_ivINT_DMA3
                0x0000b528       0x18 ./Generated_Code/Cpu.o
                0x0000b528                Cpu_ivINT_DMA3
 .text.Cpu_ivINT_DMA4
                0x0000b540       0x18 ./Generated_Code/Cpu.o
                0x0000b540                Cpu_ivINT_DMA4
 .text.Cpu_ivINT_DMA5
                0x0000b558       0x18 ./Generated_Code/Cpu.o
                0x0000b558                Cpu_ivINT_DMA5
 .text.Cpu_ivINT_DMA6
                0x0000b570       0x18 ./Generated_Code/Cpu.o
                0x0000b570                Cpu_ivINT_DMA6
 .text.Cpu_ivINT_DMA7
                0x0000b588       0x18 ./Generated_Code/Cpu.o
                0x0000b588                Cpu_ivINT_DMA7
 .text.Cpu_ivINT_DMA8
                0x0000b5a0       0x18 ./Generated_Code/Cpu.o
                0x0000b5a0                Cpu_ivINT_DMA8
 .text.Cpu_ivINT_DMA9
                0x0000b5b8       0x18 ./Generated_Code/Cpu.o
                0x0000b5b8                Cpu_ivINT_DMA9
 .text.Cpu_ivINT_DMA10
                0x0000b5d0       0x18 ./Generated_Code/Cpu.o
                0x0000b5d0                Cpu_ivINT_DMA10
 .text.Cpu_ivINT_DMA11
                0x0000b5e8       0x18 ./Generated_Code/Cpu.o
                0x0000b5e8                Cpu_ivINT_DMA11
 .text.Cpu_ivINT_DMA12
                0x0000b600       0x18 ./Generated_Code/Cpu.o
                0x0000b600                Cpu_ivINT_DMA12
 .text.Cpu_ivINT_DMA13
                0x0000b618       0x18 ./Generated_Code/Cpu.o
                0x0000b618                Cpu_ivINT_DMA13
 .text.Cpu_ivINT_DMA14
                0x0000b630       0x18 ./Generated_Code/Cpu.o
                0x0000b630                Cpu_ivINT_DMA14
 .text.Cpu_ivINT_DMA15
                0x0000b648       0x18 ./Generated_Code/Cpu.o
                0x0000b648                Cpu_ivINT_DMA15
 .text.Cpu_ivINT_DMA_Error
                0x0000b660       0x18 ./Generated_Code/Cpu.o
                0x0000b660                Cpu_ivINT_DMA_Error
 .text.Cpu_ivINT_MCM
                0x0000b678       0x18 ./Generated_Code/Cpu.o
                0x0000b678                Cpu_ivINT_MCM
 .text.Cpu_ivINT_FTFL
                0x0000b690       0x18 ./Generated_Code/Cpu.o
                0x0000b690                Cpu_ivINT_FTFL
 .text.Cpu_ivINT_Read_Collision
                0x0000b6a8       0x18 ./Generated_Code/Cpu.o
                0x0000b6a8                Cpu_ivINT_Read_Collision
 .text.Cpu_ivINT_LVD_LVW
                0x0000b6c0       0x18 ./Generated_Code/Cpu.o
                0x0000b6c0                Cpu_ivINT_LVD_LVW
 .text.Cpu_ivINT_LLW
                0x0000b6d8       0x18 ./Generated_Code/Cpu.o
                0x0000b6d8                Cpu_ivINT_LLW
 .text.Cpu_ivINT_Watchdog
                0x0000b6f0       0x18 ./Generated_Code/Cpu.o
                0x0000b6f0                Cpu_ivINT_Watchdog
 .text.Cpu_ivINT_Reserved39
                0x0000b708       0x18 ./Generated_Code/Cpu.o
                0x0000b708                Cpu_ivINT_Reserved39
 .text.Cpu_ivINT_I2C1
                0x0000b720       0x18 ./Generated_Code/Cpu.o
                0x0000b720                Cpu_ivINT_I2C1
 .text.Cpu_ivINT_SPI0
                0x0000b738       0x18 ./Generated_Code/Cpu.o
                0x0000b738                Cpu_ivINT_SPI0
 .text.Cpu_ivINT_SPI1
                0x0000b750       0x18 ./Generated_Code/Cpu.o
                0x0000b750                Cpu_ivINT_SPI1
 .text.Cpu_ivINT_Reserved44
                0x0000b768       0x18 ./Generated_Code/Cpu.o
                0x0000b768                Cpu_ivINT_Reserved44
 .text.Cpu_ivINT_CAN0_ORed_Message_buffer
                0x0000b780       0x18 ./Generated_Code/Cpu.o
                0x0000b780                Cpu_ivINT_CAN0_ORed_Message_buffer
 .text.Cpu_ivINT_CAN0_Bus_Off
                0x0000b798       0x18 ./Generated_Code/Cpu.o
                0x0000b798                Cpu_ivINT_CAN0_Bus_Off
 .text.Cpu_ivINT_CAN0_Error
                0x0000b7b0       0x18 ./Generated_Code/Cpu.o
                0x0000b7b0                Cpu_ivINT_CAN0_Error
 .text.Cpu_ivINT_CAN0_Tx_Warning
                0x0000b7c8       0x18 ./Generated_Code/Cpu.o
                0x0000b7c8                Cpu_ivINT_CAN0_Tx_Warning
 .text.Cpu_ivINT_CAN0_Rx_Warning
                0x0000b7e0       0x18 ./Generated_Code/Cpu.o
                0x0000b7e0                Cpu_ivINT_CAN0_Rx_Warning
 .text.Cpu_ivINT_CAN0_Wake_Up
                0x0000b7f8       0x18 ./Generated_Code/Cpu.o
                0x0000b7f8                Cpu_ivINT_CAN0_Wake_Up
 .text.Cpu_ivINT_I2S0_Tx
                0x0000b810       0x18 ./Generated_Code/Cpu.o
                0x0000b810                Cpu_ivINT_I2S0_Tx
 .text.Cpu_ivINT_I2S0_Rx
                0x0000b828       0x18 ./Generated_Code/Cpu.o
                0x0000b828                Cpu_ivINT_I2S0_Rx
 .text.Cpu_ivINT_Reserved53
                0x0000b840       0x18 ./Generated_Code/Cpu.o
                0x0000b840                Cpu_ivINT_Reserved53
 .text.Cpu_ivINT_Reserved54
                0x0000b858       0x18 ./Generated_Code/Cpu.o
                0x0000b858                Cpu_ivINT_Reserved54
 .text.Cpu_ivINT_Reserved55
                0x0000b870       0x18 ./Generated_Code/Cpu.o
                0x0000b870                Cpu_ivINT_Reserved55
 .text.Cpu_ivINT_Reserved56
                0x0000b888       0x18 ./Generated_Code/Cpu.o
                0x0000b888                Cpu_ivINT_Reserved56
 .text.Cpu_ivINT_Reserved57
                0x0000b8a0       0x18 ./Generated_Code/Cpu.o
                0x0000b8a0                Cpu_ivINT_Reserved57
 .text.Cpu_ivINT_Reserved58
                0x0000b8b8       0x18 ./Generated_Code/Cpu.o
                0x0000b8b8                Cpu_ivINT_Reserved58
 .text.Cpu_ivINT_Reserved59
                0x0000b8d0       0x18 ./Generated_Code/Cpu.o
                0x0000b8d0                Cpu_ivINT_Reserved59
 .text.Cpu_ivINT_UART0_LON
                0x0000b8e8       0x18 ./Generated_Code/Cpu.o
                0x0000b8e8                Cpu_ivINT_UART0_LON
 .text.Cpu_ivINT_UART1_RX_TX
                0x0000b900       0x18 ./Generated_Code/Cpu.o
                0x0000b900                Cpu_ivINT_UART1_RX_TX
 .text.Cpu_ivINT_UART1_ERR
                0x0000b918       0x18 ./Generated_Code/Cpu.o
                0x0000b918                Cpu_ivINT_UART1_ERR
 .text.Cpu_ivINT_UART2_RX_TX
                0x0000b930       0x18 ./Generated_Code/Cpu.o
                0x0000b930                Cpu_ivINT_UART2_RX_TX
 .text.Cpu_ivINT_UART2_ERR
                0x0000b948       0x18 ./Generated_Code/Cpu.o
                0x0000b948                Cpu_ivINT_UART2_ERR
 .text.Cpu_ivINT_UART3_RX_TX
                0x0000b960       0x18 ./Generated_Code/Cpu.o
                0x0000b960                Cpu_ivINT_UART3_RX_TX
 .text.Cpu_ivINT_UART3_ERR
                0x0000b978       0x18 ./Generated_Code/Cpu.o
                0x0000b978                Cpu_ivINT_UART3_ERR
 .text.Cpu_ivINT_Reserved69
                0x0000b990       0x18 ./Generated_Code/Cpu.o
                0x0000b990                Cpu_ivINT_Reserved69
 .text.Cpu_ivINT_Reserved70
                0x0000b9a8       0x18 ./Generated_Code/Cpu.o
                0x0000b9a8                Cpu_ivINT_Reserved70
 .text.Cpu_ivINT_Reserved71
                0x0000b9c0       0x18 ./Generated_Code/Cpu.o
                0x0000b9c0                Cpu_ivINT_Reserved71
 .text.Cpu_ivINT_Reserved72
                0x0000b9d8       0x18 ./Generated_Code/Cpu.o
                0x0000b9d8                Cpu_ivINT_Reserved72
 .text.Cpu_ivINT_ADC0
                0x0000b9f0       0x18 ./Generated_Code/Cpu.o
                0x0000b9f0                Cpu_ivINT_ADC0
 .text.Cpu_ivINT_ADC1
                0x0000ba08       0x18 ./Generated_Code/Cpu.o
                0x0000ba08                Cpu_ivINT_ADC1
 .text.Cpu_ivINT_CMP0
                0x0000ba20       0x18 ./Generated_Code/Cpu.o
                0x0000ba20                Cpu_ivINT_CMP0
 .text.Cpu_ivINT_CMP1
                0x0000ba38       0x18 ./Generated_Code/Cpu.o
                0x0000ba38                Cpu_ivINT_CMP1
 .text.Cpu_ivINT_CMP2
                0x0000ba50       0x18 ./Generated_Code/Cpu.o
                0x0000ba50                Cpu_ivINT_CMP2
 .text.Cpu_ivINT_CMT
                0x0000ba68       0x18 ./Generated_Code/Cpu.o
                0x0000ba68                Cpu_ivINT_CMT
 .text.Cpu_ivINT_RTC
                0x0000ba80       0x18 ./Generated_Code/Cpu.o
                0x0000ba80                Cpu_ivINT_RTC
 .text.Cpu_ivINT_RTC_Seconds
                0x0000ba98       0x18 ./Generated_Code/Cpu.o
                0x0000ba98                Cpu_ivINT_RTC_Seconds
 .text.Cpu_ivINT_PIT0
                0x0000bab0       0x18 ./Generated_Code/Cpu.o
                0x0000bab0                Cpu_ivINT_PIT0
 .text.Cpu_ivINT_PIT1
                0x0000bac8       0x18 ./Generated_Code/Cpu.o
                0x0000bac8                Cpu_ivINT_PIT1
 .text.Cpu_ivINT_PIT2
                0x0000bae0       0x18 ./Generated_Code/Cpu.o
                0x0000bae0                Cpu_ivINT_PIT2
 .text.Cpu_ivINT_PIT3
                0x0000baf8       0x18 ./Generated_Code/Cpu.o
                0x0000baf8                Cpu_ivINT_PIT3
 .text.Cpu_ivINT_PDB0
                0x0000bb10       0x18 ./Generated_Code/Cpu.o
                0x0000bb10                Cpu_ivINT_PDB0
 .text.Cpu_ivINT_USB0
                0x0000bb28       0x18 ./Generated_Code/Cpu.o
                0x0000bb28                Cpu_ivINT_USB0
 .text.Cpu_ivINT_USBDCD
                0x0000bb40       0x18 ./Generated_Code/Cpu.o
                0x0000bb40                Cpu_ivINT_USBDCD
 .text.Cpu_ivINT_Reserved91
                0x0000bb58       0x18 ./Generated_Code/Cpu.o
                0x0000bb58                Cpu_ivINT_Reserved91
 .text.Cpu_ivINT_Reserved92
                0x0000bb70       0x18 ./Generated_Code/Cpu.o
                0x0000bb70                Cpu_ivINT_Reserved92
 .text.Cpu_ivINT_Reserved93
                0x0000bb88       0x18 ./Generated_Code/Cpu.o
                0x0000bb88                Cpu_ivINT_Reserved93
 .text.Cpu_ivINT_Reserved94
                0x0000bba0       0x18 ./Generated_Code/Cpu.o
                0x0000bba0                Cpu_ivINT_Reserved94
 .text.Cpu_ivINT_Reserved95
                0x0000bbb8       0x18 ./Generated_Code/Cpu.o
                0x0000bbb8                Cpu_ivINT_Reserved95
 .text.Cpu_ivINT_Reserved96
                0x0000bbd0       0x18 ./Generated_Code/Cpu.o
                0x0000bbd0                Cpu_ivINT_Reserved96
 .text.Cpu_ivINT_DAC0
                0x0000bbe8       0x18 ./Generated_Code/Cpu.o
                0x0000bbe8                Cpu_ivINT_DAC0
 .text.Cpu_ivINT_Reserved98
                0x0000bc00       0x18 ./Generated_Code/Cpu.o
                0x0000bc00                Cpu_ivINT_Reserved98
 .text.Cpu_ivINT_TSI0
                0x0000bc18       0x18 ./Generated_Code/Cpu.o
                0x0000bc18                Cpu_ivINT_TSI0
 .text.Cpu_ivINT_MCG
                0x0000bc30       0x18 ./Generated_Code/Cpu.o
                0x0000bc30                Cpu_ivINT_MCG
 .text.Cpu_ivINT_LPTimer
                0x0000bc48       0x18 ./Generated_Code/Cpu.o
                0x0000bc48                Cpu_ivINT_LPTimer
 .text.Cpu_ivINT_Reserved102
                0x0000bc60       0x18 ./Generated_Code/Cpu.o
                0x0000bc60                Cpu_ivINT_Reserved102
 .text.Cpu_ivINT_PORTA
                0x0000bc78       0x18 ./Generated_Code/Cpu.o
                0x0000bc78                Cpu_ivINT_PORTA
 .text.Cpu_ivINT_PORTB
                0x0000bc90       0x18 ./Generated_Code/Cpu.o
                0x0000bc90                Cpu_ivINT_PORTB
 .text.Cpu_ivINT_PORTD
                0x0000bca8       0x18 ./Generated_Code/Cpu.o
                0x0000bca8                Cpu_ivINT_PORTD
 .text.Cpu_ivINT_PORTE
                0x0000bcc0       0x18 ./Generated_Code/Cpu.o
                0x0000bcc0                Cpu_ivINT_PORTE
 .text.Cpu_ivINT_Reserved108
                0x0000bcd8       0x18 ./Generated_Code/Cpu.o
                0x0000bcd8                Cpu_ivINT_Reserved108
 .text.Cpu_ivINT_Reserved109
                0x0000bcf0       0x18 ./Generated_Code/Cpu.o
                0x0000bcf0                Cpu_ivINT_Reserved109
 .text.Cpu_ivINT_SWI
                0x0000bd08       0x18 ./Generated_Code/Cpu.o
                0x0000bd08                Cpu_ivINT_SWI
 .text.__init_hardware
                0x0000bd20      0x140 ./Generated_Code/Cpu.o
                0x0000bd20                __init_hardware
 .text.Cpu_SetBASEPRI
                0x0000be60       0x18 ./Generated_Code/Cpu.o
                0x0000be60                Cpu_SetBASEPRI
 .text.PE_low_level_init
                0x0000be78       0xec ./Generated_Code/Cpu.o
                0x0000be78                PE_low_level_init
 .text.ENCODER_Init
                0x0000bf64       0xac ./Generated_Code/ENCODER.o
                0x0000bf64                ENCODER_Init
 .text.ENCODER_GetFieldValue
                0x0000c010       0x40 ./Generated_Code/ENCODER.o
                0x0000c010                ENCODER_GetFieldValue
 .text.ENCODER_Interrupt
                0x0000c050       0x4c ./Generated_Code/ENCODER.o
                0x0000c050                ENCODER_Interrupt
 .text.ExtIntLdd1_OnInterrupt
                0x0000c09c       0x14 ./Generated_Code/ENCODER_PUSH.o
                0x0000c09c                ExtIntLdd1_OnInterrupt
 .text.ExtIntLdd1_Init
                0x0000c0b0       0x80 ./Generated_Code/ExtIntLdd1.o
                0x0000c0b0                ExtIntLdd1_Init
 .text.ExtIntLdd1_Interrupt
                0x0000c130       0x3c ./Generated_Code/ExtIntLdd1.o
                0x0000c130                ExtIntLdd1_Interrupt
 .text.ExtIntLdd1_GetVal
                0x0000c16c       0x2c ./Generated_Code/ExtIntLdd1.o
                0x0000c16c                ExtIntLdd1_GetVal
 .text.ExtIntLdd2_Init
                0x0000c198       0x80 ./Generated_Code/ExtIntLdd2.o
                0x0000c198                ExtIntLdd2_Init
 .text.ExtIntLdd2_Interrupt
                0x0000c218       0x3c ./Generated_Code/ExtIntLdd2.o
                0x0000c218                ExtIntLdd2_Interrupt
 .text.ExtIntLdd2_GetVal
                0x0000c254       0x2c ./Generated_Code/ExtIntLdd2.o
                0x0000c254                ExtIntLdd2_GetVal
 .text.ExtIntLdd3_Init
                0x0000c280       0x80 ./Generated_Code/ExtIntLdd3.o
                0x0000c280                ExtIntLdd3_Init
 .text.ExtIntLdd3_Interrupt
                0x0000c300       0x3c ./Generated_Code/ExtIntLdd3.o
                0x0000c300                ExtIntLdd3_Interrupt
 .text.ExtIntLdd3_GetVal
                0x0000c33c       0x2c ./Generated_Code/ExtIntLdd3.o
                0x0000c33c                ExtIntLdd3_GetVal
 .text.ExtIntLdd4_Init
                0x0000c368       0x7c ./Generated_Code/ExtIntLdd4.o
                0x0000c368                ExtIntLdd4_Init
 .text.ExtIntLdd4_Interrupt
                0x0000c3e4       0x3c ./Generated_Code/ExtIntLdd4.o
                0x0000c3e4                ExtIntLdd4_Interrupt
 .text.ExtIntLdd5_Init
                0x0000c420       0x7c ./Generated_Code/ExtIntLdd5.o
                0x0000c420                ExtIntLdd5_Init
 .text.ExtIntLdd5_Interrupt
                0x0000c49c       0x3c ./Generated_Code/ExtIntLdd5.o
                0x0000c49c                ExtIntLdd5_Interrupt
 .text.I2C0_SendChar
                0x0000c4d8       0x2c ./Generated_Code/I2C0.o
                0x0000c4d8                I2C0_SendChar
 .text.I2C0_SendBlock
                0x0000c504       0xc0 ./Generated_Code/I2C0.o
                0x0000c504                I2C0_SendBlock
 .text.I2C0_SelectSlave
                0x0000c5c4       0x34 ./Generated_Code/I2C0.o
                0x0000c5c4                I2C0_SelectSlave
 .text.I2C0_Init
                0x0000c5f8       0x20 ./Generated_Code/I2C0.o
                0x0000c5f8                I2C0_Init
 .text.IntI2cLdd1_OnMasterBlockSent
                0x0000c618       0x14 ./Generated_Code/I2C0.o
                0x0000c618                IntI2cLdd1_OnMasterBlockSent
 .text.IntI2cLdd1_OnMasterBlockReceived
                0x0000c62c       0x14 ./Generated_Code/I2C0.o
                0x0000c62c                IntI2cLdd1_OnMasterBlockReceived
 .text.IntI2cLdd1_OnError
                0x0000c640       0x30 ./Generated_Code/I2C0.o
                0x0000c640                IntI2cLdd1_OnError
 .text.IFsh1_GetFlash
                0x0000c670       0x84 ./Generated_Code/IFsh1.o
                0x0000c670                IFsh1_GetFlash
 .text.IFsh1_SetFlash
                0x0000c6f4      0x1a8 ./Generated_Code/IFsh1.o
                0x0000c6f4                IFsh1_SetFlash
 .text.IFsh1_Init
                0x0000c89c       0x2c ./Generated_Code/IFsh1.o
                0x0000c89c                IFsh1_Init
 .text.IFsh1_SetByteFlash
                0x0000c8c8       0x24 ./Generated_Code/IFsh1.o
                0x0000c8c8                IFsh1_SetByteFlash
 .text.IFsh1_GetByteFlash
                0x0000c8ec       0x20 ./Generated_Code/IFsh1.o
                0x0000c8ec                IFsh1_GetByteFlash
 .text.IFsh1_SetLongFlash
                0x0000c90c       0x20 ./Generated_Code/IFsh1.o
                0x0000c90c                IFsh1_SetLongFlash
 .text.IFsh1_GetLongFlash
                0x0000c92c       0x20 ./Generated_Code/IFsh1.o
                0x0000c92c                IFsh1_GetLongFlash
 .text.IntFlashLdd1_OnOperationComplete
                0x0000c94c      0x190 ./Generated_Code/IFsh1.o
                0x0000c94c                IntFlashLdd1_OnOperationComplete
 .text.IntFlashLdd1_OnError
                0x0000cadc       0x54 ./Generated_Code/IFsh1.o
                0x0000cadc                IntFlashLdd1_OnError
 .text.IntFlashLdd1_Init
                0x0000cb30       0x64 ./Generated_Code/IntFlashLdd1.o
                0x0000cb30                IntFlashLdd1_Init
 .text.IntFlashLdd1_Write
                0x0000cb94       0x74 ./Generated_Code/IntFlashLdd1.o
                0x0000cb94                IntFlashLdd1_Write
 .text.IntFlashLdd1_Read
                0x0000cc08       0x70 ./Generated_Code/IntFlashLdd1.o
                0x0000cc08                IntFlashLdd1_Read
 .text.IntFlashLdd1_Erase
                0x0000cc78       0x94 ./Generated_Code/IntFlashLdd1.o
                0x0000cc78                IntFlashLdd1_Erase
 .text.IntFlashLdd1_Main
                0x0000cd0c      0x2f4 ./Generated_Code/IntFlashLdd1.o
                0x0000cd0c                IntFlashLdd1_Main
 .text.IntFlashLdd1_GetError
                0x0000d000       0x90 ./Generated_Code/IntFlashLdd1.o
                0x0000d000                IntFlashLdd1_GetError
 .text.RangeCheck
                0x0000d090       0x38 ./Generated_Code/IntFlashLdd1.o
 .text.SafeRoutineCaller
                0x0000d0c8       0x94 ./Generated_Code/IntFlashLdd1.o
 .text.IntI2cLdd1_Interrupt
                0x0000d15c      0x2d4 ./Generated_Code/IntI2cLdd1.o
                0x0000d15c                IntI2cLdd1_Interrupt
 .text.IntI2cLdd1_Init
                0x0000d430      0x13c ./Generated_Code/IntI2cLdd1.o
                0x0000d430                IntI2cLdd1_Init
 .text.IntI2cLdd1_MasterSendBlock
                0x0000d56c      0x190 ./Generated_Code/IntI2cLdd1.o
                0x0000d56c                IntI2cLdd1_MasterSendBlock
 .text.IntI2cLdd1_SelectSlaveDevice
                0x0000d6fc       0xf0 ./Generated_Code/IntI2cLdd1.o
                0x0000d6fc                IntI2cLdd1_SelectSlaveDevice
 .text.IntI2cLdd1_GetError
                0x0000d7ec       0x70 ./Generated_Code/IntI2cLdd1.o
                0x0000d7ec                IntI2cLdd1_GetError
 .text.ExtIntLdd3_OnInterrupt
                0x0000d85c       0x14 ./Generated_Code/LEVER_DIR1.o
                0x0000d85c                ExtIntLdd3_OnInterrupt
 .text.ExtIntLdd2_OnInterrupt
                0x0000d870       0x14 ./Generated_Code/LEVER_DIR2.o
                0x0000d870                ExtIntLdd2_OnInterrupt
 .text.ExtIntLdd5_OnInterrupt
                0x0000d884       0x14 ./Generated_Code/PUSH_BUTTON_REC.o
                0x0000d884                ExtIntLdd5_OnInterrupt
 .text.ExtIntLdd4_OnInterrupt
                0x0000d898       0x14 ./Generated_Code/PUSH_BUTTON_SEND.o
                0x0000d898                ExtIntLdd4_OnInterrupt
 .text.TU1_Init
                0x0000d8ac       0xb0 ./Generated_Code/TU1.o
                0x0000d8ac                TU1_Init
 .text.TU1_Enable
                0x0000d95c       0x30 ./Generated_Code/TU1.o
                0x0000d95c                TU1_Enable
 .text.TU1_Disable
                0x0000d98c       0x28 ./Generated_Code/TU1.o
                0x0000d98c                TU1_Disable
 .text.TU1_Interrupt
                0x0000d9b4       0x6c ./Generated_Code/TU1.o
                0x0000d9b4                TU1_Interrupt
 .text.T_100ms_Init
                0x0000da20       0xb0 ./Generated_Code/T_100ms.o
                0x0000da20                T_100ms_Init
 .text.T_100ms_Enable
                0x0000dad0       0x30 ./Generated_Code/T_100ms.o
                0x0000dad0                T_100ms_Enable
 .text.T_100ms_Disable
                0x0000db00       0x28 ./Generated_Code/T_100ms.o
                0x0000db00                T_100ms_Disable
 .text.T_100ms_Interrupt
                0x0000db28       0x6c ./Generated_Code/T_100ms.o
                0x0000db28                T_100ms_Interrupt
 .text.T_500ms_Init
                0x0000db94       0xcc ./Generated_Code/T_500ms.o
                0x0000db94                T_500ms_Init
 .text.T_500ms_Interrupt
                0x0000dc60       0x6c ./Generated_Code/T_500ms.o
                0x0000dc60                T_500ms_Interrupt
 .text.WAIT1_Wait10Cycles
                0x0000dccc        0x8 ./Generated_Code/WAIT1.o
                0x0000dccc                WAIT1_Wait10Cycles
 .text.WAIT1_Wait100Cycles
                0x0000dcd4       0x1c ./Generated_Code/WAIT1.o
                0x0000dcd4                WAIT1_Wait100Cycles
 .text.WAIT1_WaitCycles
                0x0000dcf0       0x34 ./Generated_Code/WAIT1.o
                0x0000dcf0                WAIT1_WaitCycles
 .text.WAIT1_WaitLongCycles
                0x0000dd24       0x38 ./Generated_Code/WAIT1.o
                0x0000dd24                WAIT1_WaitLongCycles
 .text.WAIT1_Waitms
                0x0000dd5c       0x2c ./Generated_Code/WAIT1.o
                0x0000dd5c                WAIT1_Waitms
 .text.round    0x0000dd88       0x9c c:/freescale/kds_v3/toolchain/bin/../lib/gcc/arm-none-eabi/4.8.4/../../../../arm-none-eabi/lib/armv7e-m\libm.a(lib_a-s_round.o)
                0x0000dd88                round
 .text.pow      0x0000de24      0x2f8 c:/freescale/kds_v3/toolchain/bin/../lib/gcc/arm-none-eabi/4.8.4/../../../../arm-none-eabi/lib/armv7e-m\libm.a(lib_a-w_pow.o)
                0x0000de24                pow
 *fill*         0x0000e11c        0x4 
 .text.__ieee754_pow
                0x0000e120      0xa78 c:/freescale/kds_v3/toolchain/bin/../lib/gcc/arm-none-eabi/4.8.4/../../../../arm-none-eabi/lib/armv7e-m\libm.a(lib_a-e_pow.o)
                0x0000e120                __ieee754_pow
 .text.__ieee754_sqrt
                0x0000eb98      0x180 c:/freescale/kds_v3/toolchain/bin/../lib/gcc/arm-none-eabi/4.8.4/../../../../arm-none-eabi/lib/armv7e-m\libm.a(lib_a-e_sqrt.o)
                0x0000eb98                __ieee754_sqrt
 .text.fabs     0x0000ed18        0x8 c:/freescale/kds_v3/toolchain/bin/../lib/gcc/arm-none-eabi/4.8.4/../../../../arm-none-eabi/lib/armv7e-m\libm.a(lib_a-s_fabs.o)
                0x0000ed18                fabs
 .text.finite   0x0000ed20        0xc c:/freescale/kds_v3/toolchain/bin/../lib/gcc/arm-none-eabi/4.8.4/../../../../arm-none-eabi/lib/armv7e-m\libm.a(lib_a-s_finite.o)
                0x0000ed20                finite
 .text.__fpclassifyd
                0x0000ed2c       0x50 c:/freescale/kds_v3/toolchain/bin/../lib/gcc/arm-none-eabi/4.8.4/../../../../arm-none-eabi/lib/armv7e-m\libm.a(lib_a-s_fpclassify.o)
                0x0000ed2c                __fpclassifyd
 .text.matherr  0x0000ed7c        0x4 c:/freescale/kds_v3/toolchain/bin/../lib/gcc/arm-none-eabi/4.8.4/../../../../arm-none-eabi/lib/armv7e-m\libm.a(lib_a-s_matherr.o)
                0x0000ed7c                matherr
 .text.nan      0x0000ed80        0xc c:/freescale/kds_v3/toolchain/bin/../lib/gcc/arm-none-eabi/4.8.4/../../../../arm-none-eabi/lib/armv7e-m\libm.a(lib_a-s_nan.o)
                0x0000ed80                nan
 .text.rint     0x0000ed8c      0x118 c:/freescale/kds_v3/toolchain/bin/../lib/gcc/arm-none-eabi/4.8.4/../../../../arm-none-eabi/lib/armv7e-m\libm.a(lib_a-s_rint.o)
                0x0000ed8c                rint
 *fill*         0x0000eea4        0x4 
 .text.scalbn   0x0000eea8      0x118 c:/freescale/kds_v3/toolchain/bin/../lib/gcc/arm-none-eabi/4.8.4/../../../../arm-none-eabi/lib/armv7e-m\libm.a(lib_a-s_scalbn.o)
                0x0000eea8                scalbn
 .text.copysign
                0x0000efc0       0x14 c:/freescale/kds_v3/toolchain/bin/../lib/gcc/arm-none-eabi/4.8.4/../../../../arm-none-eabi/lib/armv7e-m\libm.a(lib_a-s_copysign.o)
                0x0000efc0                copysign
 .text.abort    0x0000efd4        0xe c:/freescale/kds_v3/toolchain/bin/../lib/gcc/arm-none-eabi/4.8.4/../../../../arm-none-eabi/lib/armv7e-m\libg_s.a(lib_a-abort.o)
                0x0000efd4                abort
 *fill*         0x0000efe2        0x2 
 .text.__errno  0x0000efe4        0xc c:/freescale/kds_v3/toolchain/bin/../lib/gcc/arm-none-eabi/4.8.4/../../../../arm-none-eabi/lib/armv7e-m\libg_s.a(lib_a-errno.o)
                0x0000efe4                __errno
 .text.exit     0x0000eff0       0x28 c:/freescale/kds_v3/toolchain/bin/../lib/gcc/arm-none-eabi/4.8.4/../../../../arm-none-eabi/lib/armv7e-m\libg_s.a(lib_a-exit.o)
                0x0000eff0                exit
 .text.__libc_init_array
                0x0000f018       0x4c c:/freescale/kds_v3/toolchain/bin/../lib/gcc/arm-none-eabi/4.8.4/../../../../arm-none-eabi/lib/armv7e-m\libg_s.a(lib_a-init.o)
                0x0000f018                __libc_init_array
 .text.memcpy   0x0000f064       0x12 c:/freescale/kds_v3/toolchain/bin/../lib/gcc/arm-none-eabi/4.8.4/../../../../arm-none-eabi/lib/armv7e-m\libg_s.a(lib_a-memcpy-stub.o)
                0x0000f064                memcpy
 .text.memset   0x0000f076       0x10 c:/freescale/kds_v3/toolchain/bin/../lib/gcc/arm-none-eabi/4.8.4/../../../../arm-none-eabi/lib/armv7e-m\libg_s.a(lib_a-memset.o)
                0x0000f076                memset
 .text._raise_r
                0x0000f086       0x50 c:/freescale/kds_v3/toolchain/bin/../lib/gcc/arm-none-eabi/4.8.4/../../../../arm-none-eabi/lib/armv7e-m\libg_s.a(lib_a-signal.o)
                0x0000f086                _raise_r
 *fill*         0x0000f0d6        0x2 
 .text.raise    0x0000f0d8       0x10 c:/freescale/kds_v3/toolchain/bin/../lib/gcc/arm-none-eabi/4.8.4/../../../../arm-none-eabi/lib/armv7e-m\libg_s.a(lib_a-signal.o)
                0x0000f0d8                raise
 .text._kill_r  0x0000f0e8       0x24 c:/freescale/kds_v3/toolchain/bin/../lib/gcc/arm-none-eabi/4.8.4/../../../../arm-none-eabi/lib/armv7e-m\libg_s.a(lib_a-signalr.o)
                0x0000f0e8                _kill_r
 .text._getpid_r
                0x0000f10c        0x4 c:/freescale/kds_v3/toolchain/bin/../lib/gcc/arm-none-eabi/4.8.4/../../../../arm-none-eabi/lib/armv7e-m\libg_s.a(lib_a-signalr.o)
                0x0000f10c                _getpid_r
 .text.strlen   0x0000f110       0x10 c:/freescale/kds_v3/toolchain/bin/../lib/gcc/arm-none-eabi/4.8.4/../../../../arm-none-eabi/lib/armv7e-m\libg_s.a(lib_a-strlen.o)
                0x0000f110                strlen
 .text._vsprintf_r
                0x0000f120       0x30 c:/freescale/kds_v3/toolchain/bin/../lib/gcc/arm-none-eabi/4.8.4/../../../../arm-none-eabi/lib/armv7e-m\libg_s.a(lib_a-vsprintf.o)
                0x0000f120                _vsprintf_r
                0x0000f120                _vsiprintf_r
 .text.vsprintf
                0x0000f150       0x1c c:/freescale/kds_v3/toolchain/bin/../lib/gcc/arm-none-eabi/4.8.4/../../../../arm-none-eabi/lib/armv7e-m\libg_s.a(lib_a-vsprintf.o)
                0x0000f150                vsiprintf
                0x0000f150                vsprintf
 .text._malloc_r
                0x0000f16c       0xa8 c:/freescale/kds_v3/toolchain/bin/../lib/gcc/arm-none-eabi/4.8.4/../../../../arm-none-eabi/lib/armv7e-m\libg_s.a(lib_a-nano-mallocr.o)
                0x0000f16c                _malloc_r
 .text._sbrk_r  0x0000f214       0x20 c:/freescale/kds_v3/toolchain/bin/../lib/gcc/arm-none-eabi/4.8.4/../../../../arm-none-eabi/lib/armv7e-m\libg_s.a(lib_a-sbrkr.o)
                0x0000f214                _sbrk_r
 .text.__ssputs_r
                0x0000f234       0xb8 c:/freescale/kds_v3/toolchain/bin/../lib/gcc/arm-none-eabi/4.8.4/../../../../arm-none-eabi/lib/armv7e-m\libg_s.a(lib_a-svfprintf.o)
                0x0000f234                __ssputs_r
 .text._svfprintf_r
                0x0000f2ec      0x1dc c:/freescale/kds_v3/toolchain/bin/../lib/gcc/arm-none-eabi/4.8.4/../../../../arm-none-eabi/lib/armv7e-m\libg_s.a(lib_a-svfprintf.o)
                0x0000f2ec                _svfiprintf_r
                0x0000f2ec                _svfprintf_r
 .text._printf_common
                0x0000f4c8       0xe4 c:/freescale/kds_v3/toolchain/bin/../lib/gcc/arm-none-eabi/4.8.4/../../../../arm-none-eabi/lib/armv7e-m\libg_s.a(lib_a-vfprintf_i.o)
                0x0000f4c8                _printf_common
 .text._printf_i
                0x0000f5ac      0x228 c:/freescale/kds_v3/toolchain/bin/../lib/gcc/arm-none-eabi/4.8.4/../../../../arm-none-eabi/lib/armv7e-m\libg_s.a(lib_a-vfprintf_i.o)
                0x0000f5ac                _printf_i
 .text.memchr   0x0000f7d4       0x1e c:/freescale/kds_v3/toolchain/bin/../lib/gcc/arm-none-eabi/4.8.4/../../../../arm-none-eabi/lib/armv7e-m\libg_s.a(lib_a-memchr-stub.o)
                0x0000f7d4                memchr
 .text.memmove  0x0000f7f2       0x36 c:/freescale/kds_v3/toolchain/bin/../lib/gcc/arm-none-eabi/4.8.4/../../../../arm-none-eabi/lib/armv7e-m\libg_s.a(lib_a-memmove.o)
                0x0000f7f2                memmove
 .text._free_r  0x0000f828       0x88 c:/freescale/kds_v3/toolchain/bin/../lib/gcc/arm-none-eabi/4.8.4/../../../../arm-none-eabi/lib/armv7e-m\libg_s.a(lib_a-nano-freer.o)
                0x0000f828                _free_r
 .text._realloc_r
                0x0000f8b0       0x4c c:/freescale/kds_v3/toolchain/bin/../lib/gcc/arm-none-eabi/4.8.4/../../../../arm-none-eabi/lib/armv7e-m\libg_s.a(lib_a-nano-reallocr.o)
                0x0000f8b0                _realloc_r
 .text._malloc_usable_size_r
                0x0000f8fc       0x12 c:/freescale/kds_v3/toolchain/bin/../lib/gcc/arm-none-eabi/4.8.4/../../../../arm-none-eabi/lib/armv7e-m\libg_s.a(lib_a-nano-msizer.o)
                0x0000f8fc                _malloc_usable_size_r
 *fill*         0x0000f90e        0x2 
 .text._getpid  0x0000f910       0x10 c:/freescale/kds_v3/toolchain/bin/../lib/gcc/arm-none-eabi/4.8.4/../../../../arm-none-eabi/lib/armv7e-m\libnosys.a(getpid.o)
                0x0000f910                _getpid
 .text._kill    0x0000f920       0x10 c:/freescale/kds_v3/toolchain/bin/../lib/gcc/arm-none-eabi/4.8.4/../../../../arm-none-eabi/lib/armv7e-m\libnosys.a(kill.o)
                0x0000f920                _kill
 .text._sbrk    0x0000f930       0x34 c:/freescale/kds_v3/toolchain/bin/../lib/gcc/arm-none-eabi/4.8.4/../../../../arm-none-eabi/lib/armv7e-m\libnosys.a(sbrk.o)
                0x0000f930                _sbrk
 .text._exit    0x0000f964        0x4 c:/freescale/kds_v3/toolchain/bin/../lib/gcc/arm-none-eabi/4.8.4/../../../../arm-none-eabi/lib/armv7e-m\libnosys.a(_exit.o)
                0x0000f964                _exit
 *(.rodata)
 .rodata        0x0000f968      0x66c ./Sources/display.o
 .rodata        0x0000ffd4       0x18 ./Sources/menu.o
 .rodata        0x0000ffec      0x230 ./Sources/protocol.o
 .rodata        0x0001021c      0x230 ./Sources/send.o
 *(.rodata*)
 .rodata.ASerialLdd1_BaudAdjustValueSpeed0.6226
                0x0001044c        0x4 ./Generated_Code/ASerialLdd1.o
 .rodata.ASerialLdd1_BaudDivisorSpeed0.6227
                0x00010450        0x4 ./Generated_Code/ASerialLdd1.o
 .rodata.SafeRoutine
                0x00010454       0x30 ./Generated_Code/IntFlashLdd1.o
 .rodata.str1.4
                0x00010484        0x4 c:/freescale/kds_v3/toolchain/bin/../lib/gcc/arm-none-eabi/4.8.4/../../../../arm-none-eabi/lib/armv7e-m\libm.a(lib_a-w_pow.o)
 .rodata.dp_h   0x00010488       0x10 c:/freescale/kds_v3/toolchain/bin/../lib/gcc/arm-none-eabi/4.8.4/../../../../arm-none-eabi/lib/armv7e-m\libm.a(lib_a-e_pow.o)
 .rodata.dp_l   0x00010498       0x10 c:/freescale/kds_v3/toolchain/bin/../lib/gcc/arm-none-eabi/4.8.4/../../../../arm-none-eabi/lib/armv7e-m\libm.a(lib_a-e_pow.o)
 .rodata.bp     0x000104a8       0x10 c:/freescale/kds_v3/toolchain/bin/../lib/gcc/arm-none-eabi/4.8.4/../../../../arm-none-eabi/lib/armv7e-m\libm.a(lib_a-e_pow.o)
 .rodata.str1.4
                0x000104b8        0x4 c:/freescale/kds_v3/toolchain/bin/../lib/gcc/arm-none-eabi/4.8.4/../../../../arm-none-eabi/lib/armv7e-m\libm.a(lib_a-e_pow.o)
 *fill*         0x000104bc        0x4 
 .rodata.TWO52  0x000104c0       0x10 c:/freescale/kds_v3/toolchain/bin/../lib/gcc/arm-none-eabi/4.8.4/../../../../arm-none-eabi/lib/armv7e-m\libm.a(lib_a-s_rint.o)
 .rodata.str1.1
                0x000104d0        0x2 c:/freescale/kds_v3/toolchain/bin/../lib/gcc/arm-none-eabi/4.8.4/../../../../arm-none-eabi/lib/armv7e-m\libg_s.a(lib_a-impure.o)
 *fill*         0x000104d2        0x2 
 .rodata._global_impure_ptr
                0x000104d4        0x4 c:/freescale/kds_v3/toolchain/bin/../lib/gcc/arm-none-eabi/4.8.4/../../../../arm-none-eabi/lib/armv7e-m\libg_s.a(lib_a-impure.o)
                0x000104d4                _global_impure_ptr
 .rodata.str1.1
                0x000104d8       0x11 c:/freescale/kds_v3/toolchain/bin/../lib/gcc/arm-none-eabi/4.8.4/../../../../arm-none-eabi/lib/armv7e-m\libg_s.a(lib_a-svfprintf.o)
 .rodata.str1.1
                0x000104e9       0x22 c:/freescale/kds_v3/toolchain/bin/../lib/gcc/arm-none-eabi/4.8.4/../../../../arm-none-eabi/lib/armv7e-m\libg_s.a(lib_a-vfprintf_i.o)
 *(.glue_7)
 .glue_7        0x00000000        0x0 linker stubs
 *(.glue_7t)
 .glue_7t       0x00000000        0x0 linker stubs
 *(.eh_frame)
 *fill*         0x0001050b        0x1 
 .eh_frame      0x0001050c        0x0 c:/freescale/kds_v3/toolchain/bin/../lib/gcc/arm-none-eabi/4.8.4/armv7e-m/crtbegin.o
 *(.init)
 .init          0x0001050c        0x4 c:/freescale/kds_v3/toolchain/bin/../lib/gcc/arm-none-eabi/4.8.4/armv7e-m/crti.o
                0x0001050c                _init
 .init          0x00010510        0x8 c:/freescale/kds_v3/toolchain/bin/../lib/gcc/arm-none-eabi/4.8.4/armv7e-m/crtn.o
 *(.fini)
 .fini          0x00010518        0x4 c:/freescale/kds_v3/toolchain/bin/../lib/gcc/arm-none-eabi/4.8.4/armv7e-m/crti.o
                0x00010518                _fini
 .fini          0x0001051c        0x8 c:/freescale/kds_v3/toolchain/bin/../lib/gcc/arm-none-eabi/4.8.4/armv7e-m/crtn.o
                0x00010524                . = ALIGN (0x4)
                0x00010524                _etext = .

.vfp11_veneer   0x00010524        0x0
 .vfp11_veneer  0x00000000        0x0 linker stubs

.v4_bx          0x00010524        0x0
 .v4_bx         0x00000000        0x0 linker stubs

.iplt           0x00010524        0x0
 .iplt          0x00000000        0x0 c:/freescale/kds_v3/toolchain/bin/../lib/gcc/arm-none-eabi/4.8.4/armv7e-m/crtbegin.o

.ARM.extab      0x00010524      0x2ac
 *(.ARM.extab* .gnu.linkonce.armextab.*)
 .ARM.extab.text.LCD_command
                0x00010524        0xc ./Sources/LCD.o
 .ARM.extab.text.LCD_Set_Cursor
                0x00010530        0xc ./Sources/LCD.o
 .ARM.extab.text.LCD_Cursor_On_At
                0x0001053c        0xc ./Sources/LCD.o
 .ARM.extab.text.LCD_Write
                0x00010548        0xc ./Sources/LCD.o
 .ARM.extab.text.load_custom_char
                0x00010554        0xc ./Sources/LCD.o
 .ARM.extab.text.LCD_Write_At
                0x00010560        0xc ./Sources/LCD.o
 .ARM.extab.text.LCD_Write_Block
                0x0001056c        0xc ./Sources/LCD.o
 .ARM.extab.text.PCA9670_SendByte
                0x00010578        0xc ./Sources/PCA9670.o
 .ARM.extab.text.select_cue
                0x00010584        0xc ./Sources/cue.o
 .ARM.extab.text.print_float_at
                0x00010590        0xc ./Sources/display.o
 .ARM.extab.text.print_int_at
                0x0001059c        0xc ./Sources/display.o
 .ARM.extab.text.print_cue_array
                0x000105a8        0xc ./Sources/display.o
 .ARM.extab.text.print_all_cue
                0x000105b4        0xc ./Sources/display.o
 .ARM.extab.text.load_char
                0x000105c0        0xc ./Sources/display.o
 .ARM.extab.text.menu_init
                0x000105cc        0xc ./Sources/display.o
 .ARM.extab.text.refresh
                0x000105d8        0xc ./Sources/display.o
 .ARM.extab.text.select
                0x000105e4        0xc ./Sources/display.o
 .ARM.extab.text.back
                0x000105f0        0xc ./Sources/display.o
 .ARM.extab.text.controle_mode_display
                0x000105fc        0xc ./Sources/display.o
 .ARM.extab.text.update_icon_dir
                0x00010608        0xc ./Sources/display.o
 .ARM.extab.text.select_setting
                0x00010614        0xc ./Sources/display.o
 .ARM.extab.text.refresh_fct
                0x00010620        0xc ./Sources/display.o
 .ARM.extab.text.pos_position_fct
                0x0001062c        0xc ./Sources/display.o
 .ARM.extab.text.pos_play_cue_fct
                0x00010638        0xc ./Sources/display.o
 .ARM.extab.text.pos_rec_cue_fct
                0x00010644        0xc ./Sources/display.o
 .ARM.extab.text.pos_mod_cue_fct
                0x00010650        0xc ./Sources/display.o
 .ARM.extab.text.pos_del_cue_fct
                0x0001065c        0xc ./Sources/display.o
 .ARM.extab.text.vel_play_cue_fct
                0x00010668        0xc ./Sources/display.o
 .ARM.extab.text.vel_rec_cue_fct
                0x00010674        0xc ./Sources/display.o
 .ARM.extab.text.vel_mod_cue_fct
                0x00010680        0xc ./Sources/display.o
 .ARM.extab.text.vel_del_cue_fct
                0x0001068c        0xc ./Sources/display.o
 .ARM.extab.text.load_cue
                0x00010698        0xc ./Sources/eeprom.o
 .ARM.extab.text.write_cue
                0x000106a4        0xc ./Sources/eeprom.o
 .ARM.extab.text.erase_cue
                0x000106b0        0xc ./Sources/eeprom.o
 .ARM.extab.text.get_next_slot_free
                0x000106bc        0xc ./Sources/eeprom.o
 .ARM.extab.text.get_slot_saved
                0x000106c8        0xc ./Sources/eeprom.o
 .ARM.extab.text.get_cue_values
                0x000106d4        0xc ./Sources/eeprom.o
 .ARM.extab.text.print_menu
                0x000106e0        0xc ./Sources/menu.o
 .ARM.extab.text.print_sub_menu
                0x000106ec        0xc ./Sources/menu.o
 .ARM.extab.text.print_sub_menu2
                0x000106f8        0xc ./Sources/menu.o
 .ARM.extab.text.menu_select
                0x00010704        0xc ./Sources/menu.o
 .ARM.extab.text.menu_back
                0x00010710        0xc ./Sources/menu.o
 .ARM.extab.text.refresh_menu
                0x0001071c        0xc ./Sources/menu.o
 .ARM.extab.text.serial_send_block
                0x00010728        0xc ./Sources/protocol.o
 .ARM.extab.text.serial_send_float
                0x00010734        0xc ./Sources/protocol.o
 .ARM.extab.text.serial_send_int
                0x00010740        0xc ./Sources/protocol.o
 .ARM.extab.text.serial_send_string
                0x0001074c        0xc ./Sources/protocol.o
 .ARM.extab.text.serial_send_char
                0x00010758        0xc ./Sources/protocol.o
 .ARM.extab.text.msg_parse
                0x00010764        0xc ./Sources/protocol.o
 .ARM.extab.text.msg_processing
                0x00010770        0xc ./Sources/protocol.o
 .ARM.extab.text.select_baud_rate
                0x0001077c        0xc ./Sources/protocol.o
 .ARM.extab.text.Send_Control_Mode
                0x00010788        0xc ./Sources/send.o
 .ARM.extab.text.send_fct
                0x00010794        0xc ./Sources/send.o
 .ARM.extab.text.get_update_value
                0x000107a0        0xc ./Sources/send.o
 .ARM.extab     0x000107ac        0xc c:/freescale/kds_v3/toolchain/bin/../lib/gcc/arm-none-eabi/4.8.4/armv7e-m\libgcc.a(unwind-arm.o)
 .ARM.extab     0x000107b8       0x18 c:/freescale/kds_v3/toolchain/bin/../lib/gcc/arm-none-eabi/4.8.4/armv7e-m\libgcc.a(pr-support.o)

.ARM            0x000107d0      0x2f8
                0x000107d0                __exidx_start = .
 *(.ARM.exidx*)
 .ARM.exidx     0x000107d0        0x8 c:/freescale/kds_v3/toolchain/bin/../lib/gcc/arm-none-eabi/4.8.4/../../../../arm-none-eabi/lib/armv7e-m/crt0.o
 .ARM.exidx.text.LCD_Init
                0x00010898        0x8 ./Sources/LCD.o
 .ARM.exidx.text.LCD_command
                0x000108a0        0x8 ./Sources/LCD.o
 .ARM.exidx.text.LCD_Cursor_On
                0x000108a8        0x8 ./Sources/LCD.o
 .ARM.exidx.text.LCD_Cursor_Off
                0x000108b0        0x0 ./Sources/LCD.o
                                  0x8 (size before relaxing)
 .ARM.exidx.text.LCD_Set_Cursor
                0x000108b0        0x8 ./Sources/LCD.o
 .ARM.exidx.text.LCD_Cursor_On_At
                0x000108b8        0x8 ./Sources/LCD.o
 .ARM.exidx.text.LCD_Write
                0x000108c0        0x8 ./Sources/LCD.o
 .ARM.exidx.text.load_custom_char
                0x000108c8        0x8 ./Sources/LCD.o
 .ARM.exidx.text.LCD_Write_At
                0x000108d0        0x8 ./Sources/LCD.o
 .ARM.exidx.text.LCD_Write_Block
                0x000108d8        0x8 ./Sources/LCD.o
 .ARM.exidx.text.PCA9670_Init
                0x000108e0        0x8 ./Sources/PCA9670.o
 .ARM.exidx.text.PCA9670_SendByte
                0x000108e8        0x8 ./Sources/PCA9670.o
 .ARM.exidx.text.select_cue
                0x000108f0        0x8 ./Sources/cue.o
 .ARM.exidx.text.vspfunc
                0x000108f8        0x8 ./Sources/display.o
 .ARM.exidx.text.print_float_at
                0x00010900        0x8 ./Sources/display.o
 .ARM.exidx.text.print_int_at
                0x00010908        0x8 ./Sources/display.o
 .ARM.exidx.text.print_cue_array
                0x00010910        0x8 ./Sources/display.o
 .ARM.exidx.text.print_all_cue
                0x00010918        0x8 ./Sources/display.o
 .ARM.exidx.text.load_char
                0x00010920        0x8 ./Sources/display.o
 .ARM.exidx.text.menu_init
                0x00010928        0x8 ./Sources/display.o
 .ARM.exidx.text.refresh
                0x00010930        0x8 ./Sources/display.o
 .ARM.exidx.text.select
                0x00010938        0x8 ./Sources/display.o
 .ARM.exidx.text.back
                0x00010940        0x8 ./Sources/display.o
 .ARM.exidx.text.controle_mode_display
                0x00010948        0x8 ./Sources/display.o
 .ARM.exidx.text.control_mode_fct
                0x00010950        0x8 ./Sources/display.o
 .ARM.exidx.text.update_icon_dir
                0x00010958        0x8 ./Sources/display.o
 .ARM.exidx.text.update_icon_drive_enable
                0x00010960        0x8 ./Sources/display.o
 .ARM.exidx.text.select_setting
                0x00010968        0x8 ./Sources/display.o
 .ARM.exidx.text.refresh_fct
                0x00010970        0x8 ./Sources/display.o
 .ARM.exidx.text.velocity_fct
                0x00010978        0x8 ./Sources/display.o
 .ARM.exidx.text.acceleration_fct
                0x00010980        0x0 ./Sources/display.o
                                  0x8 (size before relaxing)
 .ARM.exidx.text.deceleration_fct
                0x00010980        0x0 ./Sources/display.o
                                  0x8 (size before relaxing)
 .ARM.exidx.text.back_fct
                0x00010980        0x0 ./Sources/display.o
                                  0x8 (size before relaxing)
 .ARM.exidx.text.pos_position_fct
                0x00010980        0x8 ./Sources/display.o
 .ARM.exidx.text.pos_velocity_fct
                0x00010988        0x8 ./Sources/display.o
 .ARM.exidx.text.pos_acceleration_fct
                0x00010990        0x0 ./Sources/display.o
                                  0x8 (size before relaxing)
 .ARM.exidx.text.pos_deceleration_fct
                0x00010990        0x0 ./Sources/display.o
                                  0x8 (size before relaxing)
 .ARM.exidx.text.pos_set_home_fct
                0x00010990        0x0 ./Sources/display.o
                                  0x8 (size before relaxing)
 .ARM.exidx.text.torque_fct
                0x00010990        0x0 ./Sources/display.o
                                  0x8 (size before relaxing)
 .ARM.exidx.text.torque_rise_fct
                0x00010990        0x0 ./Sources/display.o
                                  0x8 (size before relaxing)
 .ARM.exidx.text.torque_fall_fct
                0x00010990        0x0 ./Sources/display.o
                                  0x8 (size before relaxing)
 .ARM.exidx.text.pos_play_cue_fct
                0x00010990        0x8 ./Sources/display.o
 .ARM.exidx.text.pos_rec_cue_fct
                0x00010998        0x8 ./Sources/display.o
 .ARM.exidx.text.pos_mod_cue_fct
                0x000109a0        0x8 ./Sources/display.o
 .ARM.exidx.text.pos_del_cue_fct
                0x000109a8        0x8 ./Sources/display.o
 .ARM.exidx.text.vel_play_cue_fct
                0x000109b0        0x8 ./Sources/display.o
 .ARM.exidx.text.vel_rec_cue_fct
                0x000109b8        0x8 ./Sources/display.o
 .ARM.exidx.text.vel_mod_cue_fct
                0x000109c0        0x8 ./Sources/display.o
 .ARM.exidx.text.vel_del_cue_fct
                0x000109c8        0x8 ./Sources/display.o
 .ARM.exidx.text.select_baud_rate_fct
                0x000109d0        0x8 ./Sources/display.o
 .ARM.exidx.text.select_update_menu_fct
                0x000109d8        0x0 ./Sources/display.o
                                  0x8 (size before relaxing)
 .ARM.exidx.text.short_cut_position_menu
                0x000109d8        0x0 ./Sources/display.o
                                  0x8 (size before relaxing)
 .ARM.exidx.text.display_resolution
                0x000109d8        0x0 ./Sources/display.o
                                  0x8 (size before relaxing)
 .ARM.exidx.text.get_cursor_resolution_position
                0x000109d8        0x8 ./Sources/display.o
 .ARM.exidx.text.get_resolution
                0x000109e0        0x0 ./Sources/display.o
                                  0x8 (size before relaxing)
 .ARM.exidx.text._Z41__static_initialization_and_destruction_0ii
                0x000109e0        0x0 ./Sources/display.o
                                  0x8 (size before relaxing)
 .ARM.exidx.text._GLOBAL__sub_I_buffer
                0x000109e0        0x0 ./Sources/display.o
                                  0x8 (size before relaxing)
 .ARM.exidx.text.load_cue
                0x000109e0        0x8 ./Sources/eeprom.o
 .ARM.exidx.text.write_cue
                0x000109e8        0x8 ./Sources/eeprom.o
 .ARM.exidx.text.erase_cue
                0x000109f0        0x8 ./Sources/eeprom.o
 .ARM.exidx.text.get_next_slot_free
                0x000109f8        0x8 ./Sources/eeprom.o
 .ARM.exidx.text.get_slot_saved
                0x00010a00        0x8 ./Sources/eeprom.o
 .ARM.exidx.text.get_cue_values
                0x00010a08       0x10 ./Sources/eeprom.o
                                  0x8 (size before relaxing)
 .ARM.exidx.text.init_menu
                0x00010a18        0x0 ./Sources/menu.o
                                  0x8 (size before relaxing)
 .ARM.exidx.text.init_sub_menu
                0x00010a18        0x0 ./Sources/menu.o
                                  0x8 (size before relaxing)
 .ARM.exidx.text.init_sub_menu2
                0x00010a18        0x0 ./Sources/menu.o
                                  0x8 (size before relaxing)
 .ARM.exidx.text.init_menu_list
                0x00010a18        0x0 ./Sources/menu.o
                                  0x8 (size before relaxing)
 .ARM.exidx.text.init_sub_menu_list
                0x00010a18        0x0 ./Sources/menu.o
                                  0x8 (size before relaxing)
 .ARM.exidx.text.init_sub_menu2_list
                0x00010a18        0x0 ./Sources/menu.o
                                  0x8 (size before relaxing)
 .ARM.exidx.text.print_menu
                0x00010a18        0x8 ./Sources/menu.o
 .ARM.exidx.text.print_sub_menu
                0x00010a20        0x8 ./Sources/menu.o
 .ARM.exidx.text.print_sub_menu2
                0x00010a28        0x8 ./Sources/menu.o
 .ARM.exidx.text.menu_select
                0x00010a30        0x8 ./Sources/menu.o
 .ARM.exidx.text.menu_back
                0x00010a38        0x8 ./Sources/menu.o
 .ARM.exidx.text.refresh_menu
                0x00010a40        0x8 ./Sources/menu.o
 .ARM.exidx.text.void_function
                0x00010a48        0x8 ./Sources/menu.o
 .ARM.exidx.text.parameters_init
                0x00010a50        0x0 ./Sources/parameters.o
                                  0x8 (size before relaxing)
 .ARM.exidx.text.convert
                0x00010a50        0x0 ./Sources/parameters.o
                                  0x8 (size before relaxing)
 .ARM.exidx.text.serial_send_block
                0x00010a50        0x8 ./Sources/protocol.o
 .ARM.exidx.text.serial_send_float
                0x00010a58        0x8 ./Sources/protocol.o
 .ARM.exidx.text.serial_send_int
                0x00010a60        0x8 ./Sources/protocol.o
 .ARM.exidx.text.serial_send_string
                0x00010a68        0x8 ./Sources/protocol.o
 .ARM.exidx.text.serial_send_char
                0x00010a70        0x8 ./Sources/protocol.o
 .ARM.exidx.text.serial_send_end
                0x00010a78        0x8 ./Sources/protocol.o
 .ARM.exidx.text.msg_parse
                0x00010a80        0x8 ./Sources/protocol.o
 .ARM.exidx.text.msg_processing
                0x00010a88        0x8 ./Sources/protocol.o
 .ARM.exidx.text.select_baud_rate
                0x00010a90        0x8 ./Sources/protocol.o
 .ARM.exidx.text.Send_Control_Mode
                0x00010a98        0x8 ./Sources/send.o
 .ARM.exidx.text.send_fct
                0x00010aa0        0x8 ./Sources/send.o
 .ARM.exidx.text.get_update_drive_en
                0x00010aa8        0x8 ./Sources/send.o
 .ARM.exidx.text.get_update_value
                0x00010ab0        0x8 ./Sources/send.o
 .ARM.exidx.text.send_stop
                0x00010ab8        0x8 ./Sources/send.o
 .ARM.exidx.text.send_velocity_cue
                0x00010ac0        0x0 ./Sources/send.o
                                  0x8 (size before relaxing)
 .ARM.exidx.text.send_position_cue
                0x00010ac0        0x0 ./Sources/send.o
                                  0x8 (size before relaxing)
 .ARM.exidx.text.velocity_processing
                0x00010ac0        0x8 ./Sources/send.o
 .ARM.exidx.text.velocity_ref_processing
                0x00010ac8        0x0 ./Sources/send.o
                                  0x8 (size before relaxing)
 .ARM.exidx.text.acceleration_processing
                0x00010ac8        0x0 ./Sources/send.o
                                  0x8 (size before relaxing)
 .ARM.exidx.text.deceleration_processing
                0x00010ac8        0x0 ./Sources/send.o
                                  0x8 (size before relaxing)
 .ARM.exidx.text.torque_processing
                0x00010ac8        0x0 ./Sources/send.o
                                  0x8 (size before relaxing)
 .ARM.exidx.text.torque_ref_processing
                0x00010ac8        0x0 ./Sources/send.o
                                  0x8 (size before relaxing)
 .ARM.exidx.text.torque_rise_processing
                0x00010ac8        0x0 ./Sources/send.o
                                  0x8 (size before relaxing)
 .ARM.exidx.text.torque_fall_processing
                0x00010ac8        0x0 ./Sources/send.o
                                  0x8 (size before relaxing)
 .ARM.exidx.text.position_ref_processing
                0x00010ac8        0x0 ./Sources/send.o
                                  0x8 (size before relaxing)
 .ARM.exidx.text.position_processing
                0x00010ac8        0x0 ./Sources/send.o
                                  0x8 (size before relaxing)
 .ARM.exidx.text.control_mode_processing
                0x00010ac8        0x0 ./Sources/send.o
                                  0x8 (size before relaxing)
 .ARM.exidx.text.drive_enable_processing
                0x00010ac8        0x0 ./Sources/send.o
                                  0x8 (size before relaxing)
 .ARM.exidx     0x000107d8       0x88 c:/freescale/kds_v3/toolchain/bin/../lib/gcc/arm-none-eabi/4.8.4/armv7e-m\libgcc.a(unwind-arm.o)
                                 0xd8 (size before relaxing)
 .ARM.exidx     0x00010860       0x38 c:/freescale/kds_v3/toolchain/bin/../lib/gcc/arm-none-eabi/4.8.4/armv7e-m\libgcc.a(pr-support.o)
                                 0x48 (size before relaxing)
                0x00010ac8                __exidx_end = .

.rel.dyn        0x00010ac8        0x0
 .rel.iplt      0x00000000        0x0 c:/freescale/kds_v3/toolchain/bin/../lib/gcc/arm-none-eabi/4.8.4/armv7e-m/crtbegin.o

.ctors          0x00010ac8        0x0
                0x00010ac8                __CTOR_LIST__ = .
 *crtbegin.o(.ctors)
 *(EXCLUDE_FILE(*crtend.o) .ctors)
 *(SORT(.ctors.*))
 *(.ctors)
                0x00010ac8                __CTOR_END__ = .

.dtors          0x00010ac8        0x0
                0x00010ac8                __DTOR_LIST__ = .
 *crtbegin.o(.dtors)
 *(EXCLUDE_FILE(*crtend.o) .dtors)
 *(SORT(.dtors.*))
 *(.dtors)
                0x00010ac8                __DTOR_END__ = .

.preinit_array  0x00010ac8        0x0