Archive member included because of file (symbol)

c:/freescale/kds_v3/toolchain/bin/../lib/gcc/arm-none-eabi/4.8.4/../../../../arm-none-eabi/lib/armv7e-m\libm.a(lib_a-s_round.o)
                              ./Sources/display.o (round)
c:/freescale/kds_v3/toolchain/bin/../lib/gcc/arm-none-eabi/4.8.4/../../../../arm-none-eabi/lib/armv7e-m\libm.a(lib_a-w_pow.o)
                              ./Sources/display.o (pow)
c:/freescale/kds_v3/toolchain/bin/../lib/gcc/arm-none-eabi/4.8.4/../../../../arm-none-eabi/lib/armv7e-m\libm.a(lib_a-e_pow.o)
                              c:/freescale/kds_v3/toolchain/bin/../lib/gcc/arm-none-eabi/4.8.4/../../../../arm-none-eabi/lib/armv7e-m\libm.a(lib_a-w_pow.o) (__ieee754_pow)
c:/freescale/kds_v3/toolchain/bin/../lib/gcc/arm-none-eabi/4.8.4/../../../../arm-none-eabi/lib/armv7e-m\libm.a(lib_a-e_sqrt.o)
                              c:/freescale/kds_v3/toolchain/bin/../lib/gcc/arm-none-eabi/4.8.4/../../../../arm-none-eabi/lib/armv7e-m\libm.a(lib_a-e_pow.o) (__ieee754_sqrt)
c:/freescale/kds_v3/toolchain/bin/../lib/gcc/arm-none-eabi/4.8.4/../../../../arm-none-eabi/lib/armv7e-m\libm.a(lib_a-s_fabs.o)
                              c:/freescale/kds_v3/toolchain/bin/../lib/gcc/arm-none-eabi/4.8.4/../../../../arm-none-eabi/lib/armv7e-m\libm.a(lib_a-e_pow.o) (fabs)
c:/freescale/kds_v3/toolchain/bin/../lib/gcc/arm-none-eabi/4.8.4/../../../../arm-none-eabi/lib/armv7e-m\libm.a(lib_a-s_finite.o)
                              c:/freescale/kds_v3/toolchain/bin/../lib/gcc/arm-none-eabi/4.8.4/../../../../arm-none-eabi/lib/armv7e-m\libm.a(lib_a-w_pow.o) (finite)
c:/freescale/kds_v3/toolchain/bin/../lib/gcc/arm-none-eabi/4.8.4/../../../../arm-none-eabi/lib/armv7e-m\libm.a(lib_a-s_fpclassify.o)
                              c:/freescale/kds_v3/toolchain/bin/../lib/gcc/arm-none-eabi/4.8.4/../../../../arm-none-eabi/lib/armv7e-m\libm.a(lib_a-w_pow.o) (__fpclassifyd)
c:/freescale/kds_v3/toolchain/bin/../lib/gcc/arm-none-eabi/4.8.4/../../../../arm-none-eabi/lib/armv7e-m\libm.a(lib_a-s_lib_ver.o)
                              c:/freescale/kds_v3/toolchain/bin/../lib/gcc/arm-none-eabi/4.8.4/../../../../arm-none-eabi/lib/armv7e-m\libm.a(lib_a-w_pow.o) (__fdlib_version)
c:/freescale/kds_v3/toolchain/bin/../lib/gcc/arm-none-eabi/4.8.4/../../../../arm-none-eabi/lib/armv7e-m\libm.a(lib_a-s_matherr.o)
                              c:/freescale/kds_v3/toolchain/bin/../lib/gcc/arm-none-eabi/4.8.4/../../../../arm-none-eabi/lib/armv7e-m\libm.a(lib_a-w_pow.o) (matherr)
c:/freescale/kds_v3/toolchain/bin/../lib/gcc/arm-none-eabi/4.8.4/../../../../arm-none-eabi/lib/armv7e-m\libm.a(lib_a-s_nan.o)
                              c:/freescale/kds_v3/toolchain/bin/../lib/gcc/arm-none-eabi/4.8.4/../../../../arm-none-eabi/lib/armv7e-m\libm.a(lib_a-e_pow.o) (nan)
c:/freescale/kds_v3/toolchain/bin/../lib/gcc/arm-none-eabi/4.8.4/../../../../arm-none-eabi/lib/armv7e-m\libm.a(lib_a-s_rint.o)
                              c:/freescale/kds_v3/toolchain/bin/../lib/gcc/arm-none-eabi/4.8.4/../../../../arm-none-eabi/lib/armv7e-m\libm.a(lib_a-w_pow.o) (rint)
c:/freescale/kds_v3/toolchain/bin/../lib/gcc/arm-none-eabi/4.8.4/../../../../arm-none-eabi/lib/armv7e-m\libm.a(lib_a-s_scalbn.o)
                              c:/freescale/kds_v3/toolchain/bin/../lib/gcc/arm-none-eabi/4.8.4/../../../../arm-none-eabi/lib/armv7e-m\libm.a(lib_a-e_pow.o) (scalbn)
c:/freescale/kds_v3/toolchain/bin/../lib/gcc/arm-none-eabi/4.8.4/../../../../arm-none-eabi/lib/armv7e-m\libm.a(lib_a-s_copysign.o)
                              c:/freescale/kds_v3/toolchain/bin/../lib/gcc/arm-none-eabi/4.8.4/../../../../arm-none-eabi/lib/armv7e-m\libm.a(lib_a-s_scalbn.o) (copysign)
c:/freescale/kds_v3/toolchain/bin/../lib/gcc/arm-none-eabi/4.8.4/armv7e-m\libgcc.a(_arm_addsubdf3.o)
                              c:/freescale/kds_v3/toolchain/bin/../lib/gcc/arm-none-eabi/4.8.4/../../../../arm-none-eabi/lib/armv7e-m\libm.a(lib_a-e_pow.o) (__aeabi_dsub)
c:/freescale/kds_v3/toolchain/bin/../lib/gcc/arm-none-eabi/4.8.4/armv7e-m\libgcc.a(_arm_muldivdf3.o)
                              ./Sources/display.o (__aeabi_dmul)
c:/freescale/kds_v3/toolchain/bin/../lib/gcc/arm-none-eabi/4.8.4/armv7e-m\libgcc.a(_arm_cmpdf2.o)
                              c:/freescale/kds_v3/toolchain/bin/../lib/gcc/arm-none-eabi/4.8.4/../../../../arm-none-eabi/lib/armv7e-m\libm.a(lib_a-w_pow.o) (__aeabi_dcmpeq)
c:/freescale/kds_v3/toolchain/bin/../lib/gcc/arm-none-eabi/4.8.4/armv7e-m\libgcc.a(_arm_fixdfsi.o)
                              ./Sources/display.o (__aeabi_d2iz)
c:/freescale/kds_v3/toolchain/bin/../lib/gcc/arm-none-eabi/4.8.4/armv7e-m\libgcc.a(_arm_addsubsf3.o)
                              ./Sources/Events.o (__aeabi_fsub)
c:/freescale/kds_v3/toolchain/bin/../lib/gcc/arm-none-eabi/4.8.4/armv7e-m\libgcc.a(_arm_cmpsf2.o)
                              ./Sources/display.o (__aeabi_fcmpeq)
c:/freescale/kds_v3/toolchain/bin/../lib/gcc/arm-none-eabi/4.8.4/armv7e-m\libgcc.a(_arm_fixsfsi.o)
[...]
Memory Configuration

Name             Origin             Length             Attributes
m_interrupts     0x00000000         0x000003fe         xr
m_text           0x00000410         0x0003ebf0         xr
m_data           0x1fff8000         0x00008000         rw
m_data_20000000  0x20000000         0x00008000         rw
m_cfmprotrom     0x00000400         0x00000010         xr
*default*        0x00000000         0xffffffff

Linker script and memory map

LOAD c:/freescale/kds_v3/toolchain/bin/../lib/gcc/arm-none-eabi/4.8.4/armv7e-m/crti.o
LOAD c:/freescale/kds_v3/toolchain/bin/../lib/gcc/arm-none-eabi/4.8.4/armv7e-m/crtbegin.o
LOAD c:/freescale/kds_v3/toolchain/bin/../lib/gcc/arm-none-eabi/4.8.4/../../../../arm-none-eabi/lib/armv7e-m/crt0.o
LOAD ./Sources/Events.o
LOAD ./Sources/LCD.o
LOAD ./Sources/PCA9670.o
LOAD ./Sources/cue.o
LOAD ./Sources/display.o
LOAD ./Sources/eeprom.o
LOAD ./Sources/encoder_variable.o
LOAD ./Sources/main.o
LOAD ./Sources/menu.o
LOAD ./Sources/parameters.o
LOAD ./Sources/protocol.o
LOAD ./Sources/send.o
LOAD ./Project_Settings/Startup_Code/startup.o
LOAD ./Generated_Code/AS1.o
LOAD ./Generated_Code/ASerialLdd1.o
LOAD ./Generated_Code/BitIoLdd1.o
LOAD ./Generated_Code/BitIoLdd2.o
LOAD ./Generated_Code/BitIoLdd3.o
LOAD ./Generated_Code/BitIoLdd4.o
LOAD ./Generated_Code/BitIoLdd5.o
LOAD ./Generated_Code/BitIoLdd6.o
LOAD ./Generated_Code/BitIoLdd7.o
LOAD ./Generated_Code/BitIoLdd8.o
LOAD ./Generated_Code/CS1.o
LOAD ./Generated_Code/Cpu.o
LOAD ./Generated_Code/ENCODER.o
LOAD ./Generated_Code/ENCODER_PUSH.o
LOAD ./Generated_Code/ExtIntLdd1.o
LOAD ./Generated_Code/ExtIntLdd2.o
LOAD ./Generated_Code/ExtIntLdd3.o
LOAD ./Generated_Code/ExtIntLdd4.o
LOAD ./Generated_Code/ExtIntLdd5.o
LOAD ./Generated_Code/I2C0.o
LOAD ./Generated_Code/IFsh1.o
LOAD ./Generated_Code/IntFlashLdd1.o
LOAD ./Generated_Code/IntI2cLdd1.o
LOAD ./Generated_Code/KSDK1.o
LOAD ./Generated_Code/LCD_CTR.o
LOAD ./Generated_Code/LCD_EN.o
LOAD ./Generated_Code/LED_DEBUG.o
LOAD ./Generated_Code/LED_MOTOR_MOVE.o
LOAD ./Generated_Code/LED_STATUS_1.o
LOAD ./Generated_Code/LED_STATUS_2.o
LOAD ./Generated_Code/LED_STATUS_3.o
LOAD ./Generated_Code/LED_STATUS_4.o
LOAD ./Generated_Code/LEVER_DIR1.o
LOAD ./Generated_Code/LEVER_DIR2.o
LOAD ./Generated_Code/PCA.o
LOAD ./Generated_Code/PE_LDD.o
LOAD ./Generated_Code/PUSH_BUTTON_REC.o
LOAD ./Generated_Code/PUSH_BUTTON_SEND.o
LOAD ./Generated_Code/TU1.o
LOAD ./Generated_Code/T_100ms.o
LOAD ./Generated_Code/T_500ms.o
LOAD ./Generated_Code/Vectors.o
LOAD ./Generated_Code/WAIT1.o
LOAD ./.metadata/.plugins/org.eclipse.cdt.make.core/specs.o
LOAD c:/freescale/kds_v3/toolchain/bin/../lib/gcc/arm-none-eabi/4.8.4/../../../../arm-none-eabi/lib/armv7e-m\libstdc++_s.a
LOAD c:/freescale/kds_v3/toolchain/bin/../lib/gcc/arm-none-eabi/4.8.4/../../../../arm-none-eabi/lib/armv7e-m\libm.a
START GROUP
LOAD c:/freescale/kds_v3/toolchain/bin/../lib/gcc/arm-none-eabi/4.8.4/armv7e-m\libgcc.a
LOAD c:/freescale/kds_v3/toolchain/bin/../lib/gcc/arm-none-eabi/4.8.4/../../../../arm-none-eabi/lib/armv7e-m\libg_s.a
LOAD c:/freescale/kds_v3/toolchain/bin/../lib/gcc/arm-none-eabi/4.8.4/../../../../arm-none-eabi/lib/armv7e-m\libc_s.a
END GROUP
START GROUP
LOAD c:/freescale/kds_v3/toolchain/bin/../lib/gcc/arm-none-eabi/4.8.4/armv7e-m\libgcc.a
LOAD c:/freescale/kds_v3/toolchain/bin/../lib/gcc/arm-none-eabi/4.8.4/../../../../arm-none-eabi/lib/armv7e-m\libc_s.a
LOAD c:/freescale/kds_v3/toolchain/bin/../lib/gcc/arm-none-eabi/4.8.4/../../../../arm-none-eabi/lib/armv7e-m\libnosys.a
END GROUP
START GROUP
LOAD c:/freescale/kds_v3/toolchain/bin/../lib/gcc/arm-none-eabi/4.8.4/armv7e-m\libgcc.a
LOAD c:/freescale/kds_v3/toolchain/bin/../lib/gcc/arm-none-eabi/4.8.4/../../../../arm-none-eabi/lib/armv7e-m\libc_s.a
LOAD c:/freescale/kds_v3/toolchain/bin/../lib/gcc/arm-none-eabi/4.8.4/../../../../arm-none-eabi/lib/armv7e-m\libnosys.a
END GROUP
LOAD c:/freescale/kds_v3/toolchain/bin/../lib/gcc/arm-none-eabi/4.8.4/armv7e-m/crtend.o
LOAD c:/freescale/kds_v3/toolchain/bin/../lib/gcc/arm-none-eabi/4.8.4/armv7e-m/crtn.o
                0x20000000                _estack = 0x20000000
                0x20000000                __SP_INIT = _estack
                0x20000000                __stack = _estack
                0x00000000                __heap_size = 0x0
                0x00000400                __stack_size = 0x400

.interrupts     0x00000000      0x1bc
                0x00000000                __vector_table = .
                0x00000000                . = ALIGN (0x4)
 *(.vectortable)
 .vectortable   0x00000000      0x1bc ./Generated_Code/Vectors.o
                0x00000000                __vect_table
                0x000001bc                . = ALIGN (0x4)

.cfmprotect     0x00000400       0x10
                0x00000400                . = ALIGN (0x4)
 *(.cfmconfig)
 .cfmconfig     0x00000400       0x10 ./Generated_Code/Cpu.o
                0x00000400                _cfm
                0x00000410                . = ALIGN (0x4)

.text           0x00000410     0xfa94
                0x00000410                . = ALIGN (0x4)
 *(.text)
 .text          0x00000410       0x54 c:/freescale/kds_v3/toolchain/bin/../lib/gcc/arm-none-eabi/4.8.4/armv7e-m/crtbegin.o
 .text          0x00000464       0x74 c:/freescale/kds_v3/toolchain/bin/../lib/gcc/arm-none-eabi/4.8.4/../../../../arm-none-eabi/lib/armv7e-m/crt0.o
                0x00000464                _start
                0x00000464                _mainCRTStartup
 .text          0x000004d8      0x370 c:/freescale/kds_v3/toolchain/bin/../lib/gcc/arm-none-eabi/4.8.4/armv7e-m\libgcc.a(_arm_addsubdf3.o)
                0x000004d8                __aeabi_drsub
                0x000004e0                __aeabi_dsub
                0x000004e0                __subdf3
                0x000004e4                __aeabi_dadd
                0x000004e4                __adddf3
                0x0000075c                __floatunsidf
                0x0000075c                __aeabi_ui2d
                0x0000077c                __floatsidf
                0x0000077c                __aeabi_i2d
                0x000007a0                __aeabi_f2d
                0x000007a0                __extendsfdf2
                0x000007dc                __floatundidf
                0x000007dc                __aeabi_ul2d
                0x000007ec                __floatdidf
                0x000007ec                __aeabi_l2d
 .text          0x00000848      0x424 c:/freescale/kds_v3/toolchain/bin/../lib/gcc/arm-none-eabi/4.8.4/armv7e-m\libgcc.a(_arm_muldivdf3.o)
                0x00000848                __aeabi_dmul
                0x00000848                __muldf3
                0x00000a9c                __divdf3
                0x00000a9c                __aeabi_ddiv
 .text          0x00000c6c      0x110 c:/freescale/kds_v3/toolchain/bin/../lib/gcc/arm-none-eabi/4.8.4/armv7e-m\libgcc.a(_arm_cmpdf2.o)
                0x00000c6c                __gtdf2
                0x00000c6c                __gedf2
                0x00000c74                __ltdf2
                0x00000c74                __ledf2
                0x00000c7c                __nedf2
                0x00000c7c                __eqdf2
                0x00000c7c                __cmpdf2
                0x00000cf8                __aeabi_cdrcmple
                0x00000d08                __aeabi_cdcmpeq
                0x00000d08                __aeabi_cdcmple
                0x00000d18                __aeabi_dcmpeq
                0x00000d2c                __aeabi_dcmplt
                0x00000d40                __aeabi_dcmple
                0x00000d54                __aeabi_dcmpge
                0x00000d68                __aeabi_dcmpgt
 .text          0x00000d7c       0x50 c:/freescale/kds_v3/toolchain/bin/../lib/gcc/arm-none-eabi/4.8.4/armv7e-m\libgcc.a(_arm_fixdfsi.o)
                0x00000d7c                __aeabi_d2iz
                0x00000d7c                __fixdfsi
 .text          0x00000dcc      0x21c c:/freescale/kds_v3/toolchain/bin/../lib/gcc/arm-none-eabi/4.8.4/armv7e-m\libgcc.a(_arm_addsubsf3.o)
                0x00000dcc                __aeabi_frsub
                0x00000dd4                __subsf3
                0x00000dd4                __aeabi_fsub
                0x00000dd8                __aeabi_fadd
                0x00000dd8                __addsf3
                0x00000f38                __aeabi_ui2f
                0x00000f38                __floatunsisf
                0x00000f40                __aeabi_i2f
                0x00000f40                __floatsisf
                0x00000f5c                __aeabi_ul2f
                0x00000f5c                __floatundisf
                0x00000f6c                __aeabi_l2f
                0x00000f6c                __floatdisf
 .text          0x00000fe8       0xec c:/freescale/kds_v3/toolchain/bin/../lib/gcc/arm-none-eabi/4.8.4/armv7e-m\libgcc.a(_arm_cmpsf2.o)
                0x00000fe8                __gesf2
                0x00000fe8                __gtsf2
                0x00000ff0                __lesf2
                0x00000ff0                __ltsf2
                0x00000ff8                __nesf2
                0x00000ff8                __eqsf2
                0x00000ff8                __cmpsf2
                0x00001058                __aeabi_cfrcmple
                0x00001060                __aeabi_cfcmpeq
                0x00001060                __aeabi_cfcmple
                0x00001070                __aeabi_fcmpeq
                0x00001084                __aeabi_fcmplt
                0x00001098                __aeabi_fcmple
                0x000010ac                __aeabi_fcmpge
                0x000010c0                __aeabi_fcmpgt
 .text          0x000010d4       0x4c c:/freescale/kds_v3/toolchain/bin/../lib/gcc/arm-none-eabi/4.8.4/armv7e-m\libgcc.a(_arm_fixsfsi.o)
                0x000010d4                __aeabi_f2iz
                0x000010d4                __fixsfsi
 .text          0x00001120       0x40 c:/freescale/kds_v3/toolchain/bin/../lib/gcc/arm-none-eabi/4.8.4/armv7e-m\libgcc.a(_arm_fixunssfsi.o)
                0x00001120                __fixunssfsi
                0x00001120                __aeabi_f2uiz
 .text          0x00001160      0xa1c c:/freescale/kds_v3/toolchain/bin/../lib/gcc/arm-none-eabi/4.8.4/armv7e-m\libgcc.a(unwind-arm.o)
                0x00001444                _Unwind_GetCFA
                0x00001448                __gnu_Unwind_RaiseException
                0x000014a8                __gnu_Unwind_ForcedUnwind
                0x000014bc                __gnu_Unwind_Resume
                0x00001500                __gnu_Unwind_Resume_or_Rethrow
                0x00001510                _Unwind_Complete
                0x00001514                _Unwind_DeleteException
                0x00001524                _Unwind_VRS_Get
                0x00001574                _Unwind_VRS_Set
                0x000015c4                __gnu_Unwind_Backtrace
                0x00001918                __aeabi_unwind_cpp_pr0
                0x00001920                __aeabi_unwind_cpp_pr1
                0x00001928                __aeabi_unwind_cpp_pr2
                0x00001930                _Unwind_VRS_Pop
 .text          0x00001b7c      0x1ac c:/freescale/kds_v3/toolchain/bin/../lib/gcc/arm-none-eabi/4.8.4/armv7e-m\libgcc.a(libunwind.o)
                0x00001b7c                __restore_core_regs
                0x00001b7c                restore_core_regs
                0x00001b94                __gnu_Unwind_Restore_VFP
                0x00001b9c                __gnu_Unwind_Save_VFP
                0x00001ba4                __gnu_Unwind_Restore_VFP_D
                0x00001bac                __gnu_Unwind_Save_VFP_D
                0x00001bb4                __gnu_Unwind_Restore_VFP_D_16_to_31
                0x00001bbc                __gnu_Unwind_Save_VFP_D_16_to_31
                0x00001bc4                __gnu_Unwind_Restore_WMMXD
                0x00001c08                __gnu_Unwind_Save_WMMXD
                0x00001c4c                __gnu_Unwind_Restore_WMMXC
                0x00001c60                __gnu_Unwind_Save_WMMXC
                0x00001c74                ___Unwind_RaiseException
                0x00001c74                _Unwind_RaiseException
                0x00001c98                _Unwind_Resume
                0x00001c98                ___Unwind_Resume
                0x00001cbc                _Unwind_Resume_or_Rethrow
                0x00001cbc                ___Unwind_Resume_or_Rethrow
                0x00001ce0                _Unwind_ForcedUnwind
                0x00001ce0                ___Unwind_ForcedUnwind
                0x00001d04                ___Unwind_Backtrace
                0x00001d04                _Unwind_Backtrace
 .text          0x00001d28      0x33c c:/freescale/kds_v3/toolchain/bin/../lib/gcc/arm-none-eabi/4.8.4/armv7e-m\libgcc.a(pr-support.o)
                0x00001d7c                __gnu_unwind_execute
                0x00002008                __gnu_unwind_frame
                0x00002034                _Unwind_GetRegionStart
                0x00002040                _Unwind_GetLanguageSpecificData
                0x00002054                _Unwind_GetDataRelBase
                0x0000205c                _Unwind_GetTextRelBase
 .text          0x00002064       0x14 c:/freescale/kds_v3/toolchain/bin/../lib/gcc/arm-none-eabi/4.8.4/../../../../arm-none-eabi/lib/armv7e-m\libg_s.a(lib_a-strcmp.o)
                0x00002064                strcmp
 *(.text*)
 .text.PUSH_BUTTON_REC_OnInterrupt
                0x00002078       0x18 ./Sources/Events.o
                0x00002078                PUSH_BUTTON_REC_OnInterrupt
 .text.PUSH_BUTTON_SEND_OnInterrupt
                0x00002090       0x18 ./Sources/Events.o
                0x00002090                PUSH_BUTTON_SEND_OnInterrupt
 .text.I2C0_OnReceiveData
                0x000020a8        0xc ./Sources/Events.o
                0x000020a8                I2C0_OnReceiveData
 .text.I2C0_OnTransmitData
                0x000020b4        0xc ./Sources/Events.o
                0x000020b4                I2C0_OnTransmitData
 .text.T_100ms_OnCounterRestart
                0x000020c0       0x48 ./Sources/Events.o
                0x000020c0                T_100ms_OnCounterRestart
 .text.LEVER_DIR1_OnInterrupt
                0x00002108       0x48 ./Sources/Events.o
                0x00002108                LEVER_DIR1_OnInterrupt
 .text.LEVER_DIR2_OnInterrupt
                0x00002150       0x48 ./Sources/Events.o
                0x00002150                LEVER_DIR2_OnInterrupt
 .text.ENCODER_PUSH_OnInterrupt
                0x00002198       0xe0 ./Sources/Events.o
                0x00002198                ENCODER_PUSH_OnInterrupt
 .text.ENCODER_OnPortEvent
                0x00002278       0xc0 ./Sources/Events.o
                0x00002278                ENCODER_OnPortEvent
 .text.T_500ms_OnCounterRestart
                0x00002338      0x158 ./Sources/Events.o
                0x00002338                T_500ms_OnCounterRestart
 .text.I2C0_OnArbitLost
                0x00002490        0xc ./Sources/Events.o
                0x00002490                I2C0_OnArbitLost
 .text.AS1_OnTxComplete
                0x0000249c       0x14 ./Sources/Events.o
                0x0000249c                AS1_OnTxComplete
 .text.AS1_OnError
                0x000024b0        0xc ./Sources/Events.o
                0x000024b0                AS1_OnError
 .text.AS1_OnRxChar
                0x000024bc        0xc ./Sources/Events.o
                0x000024bc                AS1_OnRxChar
 .text.AS1_OnRxCharExt
                0x000024c8       0xa8 ./Sources/Events.o
                0x000024c8                AS1_OnRxCharExt
 .text.AS1_OnTxChar
                0x00002570        0xc ./Sources/Events.o
                0x00002570                AS1_OnTxChar
 .text.AS1_OnFullRxBuf
                0x0000257c       0x14 ./Sources/Events.o
                0x0000257c                AS1_OnFullRxBuf
 .text.AS1_OnFreeTxBuf
                0x00002590        0xc ./Sources/Events.o
                0x00002590                AS1_OnFreeTxBuf
 .text.TU1_OnCounterRestart
                0x0000259c       0x1c ./Sources/Events.o
                0x0000259c                TU1_OnCounterRestart
 .text.LCD_Init
                0x000025b8       0x50 ./Sources/LCD.o
                0x000025b8                LCD_Init
 .text.LCD_command
                0x00002608       0x30 ./Sources/LCD.o
                0x00002608                LCD_command
 .text.LCD_Set_Cursor
                0x00002638       0x58 ./Sources/LCD.o
                0x00002638                LCD_Set_Cursor
 .text.LCD_Write
                0x00002690       0x28 ./Sources/LCD.o
                0x00002690                LCD_Write
 .text.load_custom_char
                0x000026b8       0x50 ./Sources/LCD.o
                0x000026b8                load_custom_char
 .text.LCD_Write_At
                0x00002708       0x3c ./Sources/LCD.o
                0x00002708                LCD_Write_At
 .text.LCD_Write_Block
                0x00002744       0xa0 ./Sources/LCD.o
                0x00002744                LCD_Write_Block
 .text.PCA9670_Init
                0x000027e4       0x34 ./Sources/PCA9670.o
                0x000027e4                PCA9670_Init
 .text.PCA9670_SendByte
                0x00002818       0x3c ./Sources/PCA9670.o
                0x00002818                PCA9670_SendByte
 .text.select_cue
                0x00002854      0x180 ./Sources/cue.o
                0x00002854                select_cue
 .text.vspfunc  0x000029d4       0x30 ./Sources/display.o
                0x000029d4                vspfunc
 .text.print_float_at
                0x00002a04      0x174 ./Sources/display.o
                0x00002a04                print_float_at
 .text.print_int_at
                0x00002b78       0xa0 ./Sources/display.o
                0x00002b78                print_int_at
 .text.print_cue_array
                0x00002c18      0x1d0 ./Sources/display.o
                0x00002c18                print_cue_array
 .text.print_all_cue
                0x00002de8      0x110 ./Sources/display.o
                0x00002de8                print_all_cue
 .text.load_char
                0x00002ef8       0xe8 ./Sources/display.o
                0x00002ef8                load_char
 .text.menu_init
                0x00002fe0       0x1c ./Sources/display.o
                0x00002fe0                menu_init
 .text.refresh  0x00002ffc       0x24 ./Sources/display.o
                0x00002ffc                refresh
 .text.select   0x00003020       0x24 ./Sources/display.o
                0x00003020                select
 .text.back     0x00003044       0x44 ./Sources/display.o
                0x00003044                back
 .text.controle_mode_display
                0x00003088       0x4c ./Sources/display.o
                0x00003088                controle_mode_display
 .text.control_mode_fct
                0x000030d4       0x5c ./Sources/display.o
                0x000030d4                control_mode_fct
 .text.update_icon_dir
                0x00003130       0x74 ./Sources/display.o
                0x00003130                update_icon_dir
 .text.update_icon_drive_enable
                0x000031a4       0x38 ./Sources/display.o
                0x000031a4                update_icon_drive_enable
 .text.select_setting
                0x000031dc       0x94 ./Sources/display.o
                0x000031dc                select_setting
 .text.refresh_fct
                0x00003270       0xf0 ./Sources/display.o
                0x00003270                refresh_fct
 .text.velocity_fct
                0x00003360      0x494 ./Sources/display.o
                0x00003360                velocity_fct
 .text.acceleration_fct
                0x000037f4      0x16c ./Sources/display.o
                0x000037f4                acceleration_fct
 .text.deceleration_fct
                0x00003960      0x16c ./Sources/display.o
                0x00003960                deceleration_fct
 .text.back_fct
                0x00003acc       0x30 ./Sources/display.o
                0x00003acc                back_fct
 .text.pos_position_fct
                0x00003afc      0x3d0 ./Sources/display.o
                0x00003afc                pos_position_fct
 .text.pos_velocity_fct
                0x00003ecc      0x114 ./Sources/display.o
                0x00003ecc                pos_velocity_fct
 .text.pos_acceleration_fct
                0x00003fe0      0x16c ./Sources/display.o
                0x00003fe0                pos_acceleration_fct
 .text.pos_deceleration_fct
                0x0000414c      0x16c ./Sources/display.o
                0x0000414c                pos_deceleration_fct
 .text.pos_set_home_fct
                0x000042b8       0x8c ./Sources/display.o
                0x000042b8                pos_set_home_fct
 .text.torque_fct
                0x00004344      0x390 ./Sources/display.o
                0x00004344                torque_fct
 .text.torque_rise_fct
                0x000046d4      0x16c ./Sources/display.o
                0x000046d4                torque_rise_fct
 .text.torque_fall_fct
                0x00004840      0x168 ./Sources/display.o
                0x00004840                torque_fall_fct
 .text.pos_play_cue_fct
                0x000049a8      0x320 ./Sources/display.o
                0x000049a8                pos_play_cue_fct
 .text.pos_rec_cue_fct
                0x00004cc8      0x248 ./Sources/display.o
                0x00004cc8                pos_rec_cue_fct
 .text.pos_mod_cue_fct
                0x00004f10      0x328 ./Sources/display.o
                0x00004f10                pos_mod_cue_fct
 .text.pos_del_cue_fct
                0x00005238      0x334 ./Sources/display.o
                0x00005238                pos_del_cue_fct
 .text.vel_play_cue_fct
                0x0000556c      0x2b8 ./Sources/display.o
                0x0000556c                vel_play_cue_fct
 .text.vel_rec_cue_fct
                0x00005824      0x248 ./Sources/display.o
                0x00005824                vel_rec_cue_fct
 .text.vel_mod_cue_fct
                0x00005a6c      0x2b8 ./Sources/display.o
                0x00005a6c                vel_mod_cue_fct
 .text.vel_del_cue_fct
                0x00005d24      0x2c4 ./Sources/display.o
                0x00005d24                vel_del_cue_fct
 .text.select_baud_rate_fct
                0x00005fe8      0x120 ./Sources/display.o
                0x00005fe8                select_baud_rate_fct
 .text.select_update_menu_fct
                0x00006108      0x120 ./Sources/display.o
                0x00006108                select_update_menu_fct
 .text.short_cut_position_menu
                0x00006228       0x68 ./Sources/display.o
                0x00006228                short_cut_position_menu
 .text._Z41__static_initialization_and_destruction_0ii
                0x00006290      0x894 ./Sources/display.o
 .text._GLOBAL__sub_I_buffer
                0x00006b24       0x10 ./Sources/display.o
 .text.load_cue
                0x00006b34      0x108 ./Sources/eeprom.o
                0x00006b34                load_cue
 .text.write_cue
                0x00006c3c      0x168 ./Sources/eeprom.o
                0x00006c3c                write_cue
 .text.erase_cue
                0x00006da4       0x58 ./Sources/eeprom.o
                0x00006da4                erase_cue
 .text.get_next_slot_free
                0x00006dfc       0xd0 ./Sources/eeprom.o
                0x00006dfc                get_next_slot_free
 .text.get_slot_saved
                0x00006ecc      0x110 ./Sources/eeprom.o
                0x00006ecc                get_slot_saved
 .text.get_cue_values
                0x00006fdc       0xd4 ./Sources/eeprom.o
                0x00006fdc                get_cue_values
 .text.main     0x000070b0      0x858 ./Sources/main.o
                0x000070b0                main
 .text.init_menu
                0x00007908       0x44 ./Sources/menu.o
                0x00007908                init_menu
 .text.init_sub_menu
                0x0000794c       0x68 ./Sources/menu.o
                0x0000794c                init_sub_menu
 .text.init_sub_menu2
                0x000079b4       0x48 ./Sources/menu.o
                0x000079b4                init_sub_menu2
 .text.init_menu_list
                0x000079fc       0x30 ./Sources/menu.o
                0x000079fc                init_menu_list
 .text.init_sub_menu_list
                0x00007a2c       0x30 ./Sources/menu.o
                0x00007a2c                init_sub_menu_list
 .text.init_sub_menu2_list
                0x00007a5c       0x30 ./Sources/menu.o
                0x00007a5c                init_sub_menu2_list
 .text.print_menu
                0x00007a8c      0x158 ./Sources/menu.o
                0x00007a8c                print_menu
 .text.print_sub_menu
                0x00007be4      0x178 ./Sources/menu.o
                0x00007be4                print_sub_menu
 .text.print_sub_menu2
                0x00007d5c      0x178 ./Sources/menu.o
                0x00007d5c                print_sub_menu2
 .text.menu_select
                0x00007ed4      0x2b4 ./Sources/menu.o
                0x00007ed4                menu_select
 .text.menu_back
                0x00008188      0x37c ./Sources/menu.o
                0x00008188                menu_back
 .text.refresh_menu
                0x00008504      0x174 ./Sources/menu.o
                0x00008504                refresh_menu
 .text.void_function
                0x00008678        0xc ./Sources/menu.o
                0x00008678                void_function
 .text.parameters_init
                0x00008684       0xc0 ./Sources/parameters.o
                0x00008684                parameters_init
 .text.convert  0x00008744       0x3c ./Sources/parameters.o
                0x00008744                convert
 .text.serial_send_block
                0x00008780       0xdc ./Sources/protocol.o
                0x00008780                serial_send_block
 .text.serial_send_float
                0x0000885c       0x30 ./Sources/protocol.o
                0x0000885c                serial_send_float
 .text.serial_send_int
                0x0000888c       0x30 ./Sources/protocol.o
                0x0000888c                serial_send_int
 .text.serial_send_string
                0x000088bc       0x58 ./Sources/protocol.o
                0x000088bc                serial_send_string
 .text.serial_send_char
                0x00008914       0x30 ./Sources/protocol.o
                0x00008914                serial_send_char
 .text.serial_send_end
                0x00008944       0x14 ./Sources/protocol.o
                0x00008944                serial_send_end
 .text.msg_parse
                0x00008958      0x1d4 ./Sources/protocol.o
                0x00008958                msg_parse
 .text.msg_processing
                0x00008b2c      0x318 ./Sources/protocol.o
                0x00008b2c                msg_processing
 .text.select_baud_rate
                0x00008e44       0x1c ./Sources/protocol.o
                0x00008e44                select_baud_rate
 .text.Send_Control_Mode
                0x00008e60       0x30 ./Sources/send.o
                0x00008e60                Send_Control_Mode
 .text.send_fct
                0x00008e90      0x3f4 ./Sources/send.o
                0x00008e90                send_fct
 .text.get_update_drive_en
                0x00009284       0x24 ./Sources/send.o
                0x00009284                get_update_drive_en
 .text.get_update_value
                0x000092a8      0x180 ./Sources/send.o
                0x000092a8                get_update_value
 .text.send_stop
                0x00009428       0x34 ./Sources/send.o
                0x00009428                send_stop
 .text.send_velocity_cue
                0x0000945c       0x94 ./Sources/send.o
                0x0000945c                send_velocity_cue
 .text.send_position_cue
                0x000094f0       0xfc ./Sources/send.o
                0x000094f0                send_position_cue
 .text.velocity_processing
                0x000095ec       0x50 ./Sources/send.o
                0x000095ec                velocity_processing
 .text.velocity_ref_processing
                0x0000963c       0x50 ./Sources/send.o
                0x0000963c                velocity_ref_processing
 .text.acceleration_processing
                0x0000968c       0x50 ./Sources/send.o
                0x0000968c                acceleration_processing
 .text.deceleration_processing
                0x000096dc       0x50 ./Sources/send.o
                0x000096dc                deceleration_processing
 .text.torque_processing
                0x0000972c       0x44 ./Sources/send.o
                0x0000972c                torque_processing
 .text.torque_ref_processing
                0x00009770       0x44 ./Sources/send.o
                0x00009770                torque_ref_processing
 .text.torque_rise_processing
                0x000097b4       0x44 ./Sources/send.o
                0x000097b4                torque_rise_processing
 .text.torque_fall_processing
                0x000097f8       0x44 ./Sources/send.o
                0x000097f8                torque_fall_processing
 .text.position_ref_processing
                0x0000983c       0x44 ./Sources/send.o
                0x0000983c                position_ref_processing
 .text.control_mode_processing
                0x00009880       0x78 ./Sources/send.o
                0x00009880                control_mode_processing
 .text.drive_enable_processing
                0x000098f8       0x24 ./Sources/send.o
                0x000098f8                drive_enable_processing
 .text.__copy_rom_section
                0x0000991c       0xe4 ./Project_Settings/Startup_Code/startup.o
                0x0000991c                __copy_rom_section
 .text.__copy_rom_sections_to_ram
                0x00009a00       0x9c ./Project_Settings/Startup_Code/startup.o
                0x00009a00                __copy_rom_sections_to_ram
 .text.__init_registers
                0x00009a9c        0xc ./Project_Settings/Startup_Code/startup.o
                0x00009a9c                __init_registers
 .text.__init_user
                0x00009aa8        0xc ./Project_Settings/Startup_Code/startup.o
                0x00009aa8                __init_user
 .text.__thumb_startup
                0x00009ab4       0x34 ./Project_Settings/Startup_Code/startup.o
                0x00009ab4                __thumb_startup
 .text.HWEnDi   0x00009ae8       0x1c ./Generated_Code/AS1.o
 .text.AS1_SendChar
                0x00009b04       0xe0 ./Generated_Code/AS1.o
                0x00009b04                AS1_SendChar
 .text.AS1_SendBlock
                0x00009be4      0x148 ./Generated_Code/AS1.o
                0x00009be4                AS1_SendBlock
 .text.AS1_ClearRxBuf
                0x00009d2c       0x78 ./Generated_Code/AS1.o
                0x00009d2c                AS1_ClearRxBuf
 .text.AS1_SetBaudRateMode
                0x00009da4       0x38 ./Generated_Code/AS1.o
                0x00009da4                AS1_SetBaudRateMode
 .text.AS1_Init
                0x00009ddc       0x60 ./Generated_Code/AS1.o
                0x00009ddc                AS1_Init
 .text.ASerialLdd1_OnBlockReceived
                0x00009e3c       0xd4 ./Generated_Code/AS1.o
                0x00009e3c                ASerialLdd1_OnBlockReceived
 .text.ASerialLdd1_OnBlockSent
                0x00009f10       0xd8 ./Generated_Code/AS1.o
                0x00009f10                ASerialLdd1_OnBlockSent
 .text.ASerialLdd1_OnError
                0x00009fe8       0x9c ./Generated_Code/AS1.o
                0x00009fe8                ASerialLdd1_OnError
 .text.ASerialLdd1_OnTxComplete
                0x0000a084       0x14 ./Generated_Code/AS1.o
                0x0000a084                ASerialLdd1_OnTxComplete
 .text.ASerialLdd1_OnBreak
                0x0000a098       0x24 ./Generated_Code/AS1.o
                0x0000a098                ASerialLdd1_OnBreak
 .text.ASerialLdd1_Init
                0x0000a0bc      0x1d4 ./Generated_Code/ASerialLdd1.o
                0x0000a0bc                ASerialLdd1_Init
 .text.ASerialLdd1_ReceiveBlock
                0x0000a290       0x90 ./Generated_Code/ASerialLdd1.o
                0x0000a290                ASerialLdd1_ReceiveBlock
 .text.ASerialLdd1_SendBlock
                0x0000a320       0xbc ./Generated_Code/ASerialLdd1.o
                0x0000a320                ASerialLdd1_SendBlock
 .text.ASerialLdd1_SelectBaudRate
                0x0000a3dc       0x9c ./Generated_Code/ASerialLdd1.o
                0x0000a3dc                ASerialLdd1_SelectBaudRate
 .text.InterruptRx
                0x0000a478       0x58 ./Generated_Code/ASerialLdd1.o
 .text.InterruptTx
                0x0000a4d0       0x9c ./Generated_Code/ASerialLdd1.o
 .text.ASerialLdd1_Interrupt
                0x0000a56c      0x130 ./Generated_Code/ASerialLdd1.o
                0x0000a56c                ASerialLdd1_Interrupt
 .text.ASerialLdd1_GetError
                0x0000a69c       0x70 ./Generated_Code/ASerialLdd1.o
                0x0000a69c                ASerialLdd1_GetError
 .text.BitIoLdd1_Init
                0x0000a70c       0x64 ./Generated_Code/BitIoLdd1.o
                0x0000a70c                BitIoLdd1_Init
 .text.BitIoLdd2_Init
                0x0000a770       0x64 ./Generated_Code/BitIoLdd2.o
                0x0000a770                BitIoLdd2_Init
 .text.BitIoLdd2_ClrVal
                0x0000a7d4       0x1c ./Generated_Code/BitIoLdd2.o
                0x0000a7d4                BitIoLdd2_ClrVal
 .text.BitIoLdd2_SetVal
                0x0000a7f0       0x1c ./Generated_Code/BitIoLdd2.o
                0x0000a7f0                BitIoLdd2_SetVal
 .text.BitIoLdd3_Init
                0x0000a80c       0x64 ./Generated_Code/BitIoLdd3.o
                0x0000a80c                BitIoLdd3_Init
 .text.BitIoLdd3_ClrVal
                0x0000a870       0x1c ./Generated_Code/BitIoLdd3.o
                0x0000a870                BitIoLdd3_ClrVal
 .text.BitIoLdd3_SetVal
                0x0000a88c       0x1c ./Generated_Code/BitIoLdd3.o
                0x0000a88c                BitIoLdd3_SetVal
 .text.BitIoLdd4_Init
                0x0000a8a8       0x64 ./Generated_Code/BitIoLdd4.o
                0x0000a8a8                BitIoLdd4_Init
 .text.BitIoLdd4_ClrVal
                0x0000a90c       0x1c ./Generated_Code/BitIoLdd4.o
                0x0000a90c                BitIoLdd4_ClrVal
 .text.BitIoLdd4_SetVal
                0x0000a928       0x1c ./Generated_Code/BitIoLdd4.o
                0x0000a928                BitIoLdd4_SetVal
 .text.BitIoLdd5_Init
                0x0000a944       0x64 ./Generated_Code/BitIoLdd5.o
                0x0000a944                BitIoLdd5_Init
 .text.BitIoLdd5_ClrVal
                0x0000a9a8       0x1c ./Generated_Code/BitIoLdd5.o
                0x0000a9a8                BitIoLdd5_ClrVal
 .text.BitIoLdd6_Init
                0x0000a9c4       0x64 ./Generated_Code/BitIoLdd6.o
                0x0000a9c4                BitIoLdd6_Init
 .text.BitIoLdd6_ClrVal
                0x0000aa28       0x20 ./Generated_Code/BitIoLdd6.o
                0x0000aa28                BitIoLdd6_ClrVal
 .text.BitIoLdd6_SetVal
                0x0000aa48       0x20 ./Generated_Code/BitIoLdd6.o
                0x0000aa48                BitIoLdd6_SetVal
 .text.BitIoLdd7_Init
                0x0000aa68       0x64 ./Generated_Code/BitIoLdd7.o
                0x0000aa68                BitIoLdd7_Init
 .text.BitIoLdd7_ClrVal
                0x0000aacc       0x1c ./Generated_Code/BitIoLdd7.o
                0x0000aacc                BitIoLdd7_ClrVal
 .text.BitIoLdd7_SetVal
                0x0000aae8       0x1c ./Generated_Code/BitIoLdd7.o
                0x0000aae8                BitIoLdd7_SetVal
 .text.BitIoLdd8_Init
                0x0000ab04       0x64 ./Generated_Code/BitIoLdd8.o
                0x0000ab04                BitIoLdd8_Init
 .text.BitIoLdd8_ClrVal
                0x0000ab68       0x1c ./Generated_Code/BitIoLdd8.o
                0x0000ab68                BitIoLdd8_ClrVal
 .text.BitIoLdd8_SetVal
                0x0000ab84       0x1c ./Generated_Code/BitIoLdd8.o
                0x0000ab84                BitIoLdd8_SetVal
 .text.Cpu_ivINT_PORTC
                0x0000aba0       0x30 ./Generated_Code/Cpu.o
                0x0000aba0                Cpu_ivINT_PORTC
 .text.Cpu_ivINT_NMI
                0x0000abd0       0x18 ./Generated_Code/Cpu.o
                0x0000abd0                Cpu_ivINT_NMI
 .text.Cpu_ivINT_Hard_Fault
                0x0000abe8       0x18 ./Generated_Code/Cpu.o
                0x0000abe8                Cpu_ivINT_Hard_Fault
 .text.Cpu_ivINT_Mem_Manage_Fault
                0x0000ac00       0x18 ./Generated_Code/Cpu.o
                0x0000ac00                Cpu_ivINT_Mem_Manage_Fault
 .text.Cpu_ivINT_Bus_Fault
                0x0000ac18       0x18 ./Generated_Code/Cpu.o
                0x0000ac18                Cpu_ivINT_Bus_Fault
 .text.Cpu_ivINT_Usage_Fault
                0x0000ac30       0x18 ./Generated_Code/Cpu.o
                0x0000ac30                Cpu_ivINT_Usage_Fault
 .text.Cpu_ivINT_Reserved7
                0x0000ac48       0x18 ./Generated_Code/Cpu.o
                0x0000ac48                Cpu_ivINT_Reserved7
 .text.Cpu_ivINT_Reserved8
                0x0000ac60       0x18 ./Generated_Code/Cpu.o
                0x0000ac60                Cpu_ivINT_Reserved8
 .text.Cpu_ivINT_Reserved9
                0x0000ac78       0x18 ./Generated_Code/Cpu.o
                0x0000ac78                Cpu_ivINT_Reserved9
 .text.Cpu_ivINT_Reserved10
                0x0000ac90       0x18 ./Generated_Code/Cpu.o
                0x0000ac90                Cpu_ivINT_Reserved10
 .text.Cpu_ivINT_SVCall
                0x0000aca8       0x18 ./Generated_Code/Cpu.o
                0x0000aca8                Cpu_ivINT_SVCall
 .text.Cpu_ivINT_DebugMonitor
                0x0000acc0       0x18 ./Generated_Code/Cpu.o
                0x0000acc0                Cpu_ivINT_DebugMonitor
 .text.Cpu_ivINT_Reserved13
                0x0000acd8       0x18 ./Generated_Code/Cpu.o
                0x0000acd8                Cpu_ivINT_Reserved13
 .text.Cpu_ivINT_PendableSrvReq
                0x0000acf0       0x18 ./Generated_Code/Cpu.o
                0x0000acf0                Cpu_ivINT_PendableSrvReq
 .text.Cpu_ivINT_SysTick
                0x0000ad08       0x18 ./Generated_Code/Cpu.o
                0x0000ad08                Cpu_ivINT_SysTick
 .text.Cpu_ivINT_DMA0
                0x0000ad20       0x18 ./Generated_Code/Cpu.o
                0x0000ad20                Cpu_ivINT_DMA0
 .text.Cpu_ivINT_DMA1
                0x0000ad38       0x18 ./Generated_Code/Cpu.o
                0x0000ad38                Cpu_ivINT_DMA1
 .text.Cpu_ivINT_DMA2
                0x0000ad50       0x18 ./Generated_Code/Cpu.o
                0x0000ad50                Cpu_ivINT_DMA2
 .text.Cpu_ivINT_DMA3
                0x0000ad68       0x18 ./Generated_Code/Cpu.o
                0x0000ad68                Cpu_ivINT_DMA3
 .text.Cpu_ivINT_DMA4
                0x0000ad80       0x18 ./Generated_Code/Cpu.o
                0x0000ad80                Cpu_ivINT_DMA4
 .text.Cpu_ivINT_DMA5
                0x0000ad98       0x18 ./Generated_Code/Cpu.o
                0x0000ad98                Cpu_ivINT_DMA5
 .text.Cpu_ivINT_DMA6
                0x0000adb0       0x18 ./Generated_Code/Cpu.o
                0x0000adb0                Cpu_ivINT_DMA6
 .text.Cpu_ivINT_DMA7
                0x0000adc8       0x18 ./Generated_Code/Cpu.o
                0x0000adc8                Cpu_ivINT_DMA7
 .text.Cpu_ivINT_DMA8
                0x0000ade0       0x18 ./Generated_Code/Cpu.o
                0x0000ade0                Cpu_ivINT_DMA8
 .text.Cpu_ivINT_DMA9
                0x0000adf8       0x18 ./Generated_Code/Cpu.o
                0x0000adf8                Cpu_ivINT_DMA9
 .text.Cpu_ivINT_DMA10
                0x0000ae10       0x18 ./Generated_Code/Cpu.o
                0x0000ae10                Cpu_ivINT_DMA10
 .text.Cpu_ivINT_DMA11
                0x0000ae28       0x18 ./Generated_Code/Cpu.o
                0x0000ae28                Cpu_ivINT_DMA11
 .text.Cpu_ivINT_DMA12
                0x0000ae40       0x18 ./Generated_Code/Cpu.o
                0x0000ae40                Cpu_ivINT_DMA12
 .text.Cpu_ivINT_DMA13
                0x0000ae58       0x18 ./Generated_Code/Cpu.o
                0x0000ae58                Cpu_ivINT_DMA13
 .text.Cpu_ivINT_DMA14
                0x0000ae70       0x18 ./Generated_Code/Cpu.o
                0x0000ae70                Cpu_ivINT_DMA14
 .text.Cpu_ivINT_DMA15
                0x0000ae88       0x18 ./Generated_Code/Cpu.o
                0x0000ae88                Cpu_ivINT_DMA15
 .text.Cpu_ivINT_DMA_Error
                0x0000aea0       0x18 ./Generated_Code/Cpu.o
                0x0000aea0                Cpu_ivINT_DMA_Error
 .text.Cpu_ivINT_MCM
                0x0000aeb8       0x18 ./Generated_Code/Cpu.o
                0x0000aeb8                Cpu_ivINT_MCM
 .text.Cpu_ivINT_FTFL
                0x0000aed0       0x18 ./Generated_Code/Cpu.o
                0x0000aed0                Cpu_ivINT_FTFL
 .text.Cpu_ivINT_Read_Collision
                0x0000aee8       0x18 ./Generated_Code/Cpu.o
                0x0000aee8                Cpu_ivINT_Read_Collision
 .text.Cpu_ivINT_LVD_LVW
                0x0000af00       0x18 ./Generated_Code/Cpu.o
                0x0000af00                Cpu_ivINT_LVD_LVW
 .text.Cpu_ivINT_LLW
                0x0000af18       0x18 ./Generated_Code/Cpu.o
                0x0000af18                Cpu_ivINT_LLW
 .text.Cpu_ivINT_Watchdog
                0x0000af30       0x18 ./Generated_Code/Cpu.o
                0x0000af30                Cpu_ivINT_Watchdog
 .text.Cpu_ivINT_Reserved39
                0x0000af48       0x18 ./Generated_Code/Cpu.o
                0x0000af48                Cpu_ivINT_Reserved39
 .text.Cpu_ivINT_I2C1
                0x0000af60       0x18 ./Generated_Code/Cpu.o
                0x0000af60                Cpu_ivINT_I2C1
 .text.Cpu_ivINT_SPI0
                0x0000af78       0x18 ./Generated_Code/Cpu.o
                0x0000af78                Cpu_ivINT_SPI0
 .text.Cpu_ivINT_SPI1
                0x0000af90       0x18 ./Generated_Code/Cpu.o
                0x0000af90                Cpu_ivINT_SPI1
 .text.Cpu_ivINT_Reserved44
                0x0000afa8       0x18 ./Generated_Code/Cpu.o
                0x0000afa8                Cpu_ivINT_Reserved44
 .text.Cpu_ivINT_CAN0_ORed_Message_buffer
                0x0000afc0       0x18 ./Generated_Code/Cpu.o
                0x0000afc0                Cpu_ivINT_CAN0_ORed_Message_buffer
 .text.Cpu_ivINT_CAN0_Bus_Off
                0x0000afd8       0x18 ./Generated_Code/Cpu.o
                0x0000afd8                Cpu_ivINT_CAN0_Bus_Off
 .text.Cpu_ivINT_CAN0_Error
                0x0000aff0       0x18 ./Generated_Code/Cpu.o
                0x0000aff0                Cpu_ivINT_CAN0_Error
 .text.Cpu_ivINT_CAN0_Tx_Warning
                0x0000b008       0x18 ./Generated_Code/Cpu.o
                0x0000b008                Cpu_ivINT_CAN0_Tx_Warning
 .text.Cpu_ivINT_CAN0_Rx_Warning
                0x0000b020       0x18 ./Generated_Code/Cpu.o
                0x0000b020                Cpu_ivINT_CAN0_Rx_Warning
 .text.Cpu_ivINT_CAN0_Wake_Up
                0x0000b038       0x18 ./Generated_Code/Cpu.o
                0x0000b038                Cpu_ivINT_CAN0_Wake_Up
 .text.Cpu_ivINT_I2S0_Tx
                0x0000b050       0x18 ./Generated_Code/Cpu.o
                0x0000b050                Cpu_ivINT_I2S0_Tx
 .text.Cpu_ivINT_I2S0_Rx
                0x0000b068       0x18 ./Generated_Code/Cpu.o
                0x0000b068                Cpu_ivINT_I2S0_Rx
 .text.Cpu_ivINT_Reserved53
                0x0000b080       0x18 ./Generated_Code/Cpu.o
                0x0000b080                Cpu_ivINT_Reserved53
 .text.Cpu_ivINT_Reserved54
                0x0000b098       0x18 ./Generated_Code/Cpu.o
                0x0000b098                Cpu_ivINT_Reserved54
 .text.Cpu_ivINT_Reserved55
                0x0000b0b0       0x18 ./Generated_Code/Cpu.o
                0x0000b0b0                Cpu_ivINT_Reserved55
 .text.Cpu_ivINT_Reserved56
                0x0000b0c8       0x18 ./Generated_Code/Cpu.o
                0x0000b0c8                Cpu_ivINT_Reserved56
 .text.Cpu_ivINT_Reserved57
                0x0000b0e0       0x18 ./Generated_Code/Cpu.o
                0x0000b0e0                Cpu_ivINT_Reserved57
 .text.Cpu_ivINT_Reserved58
                0x0000b0f8       0x18 ./Generated_Code/Cpu.o
                0x0000b0f8                Cpu_ivINT_Reserved58
 .text.Cpu_ivINT_Reserved59
                0x0000b110       0x18 ./Generated_Code/Cpu.o
                0x0000b110                Cpu_ivINT_Reserved59
 .text.Cpu_ivINT_UART0_LON
                0x0000b128       0x18 ./Generated_Code/Cpu.o
                0x0000b128                Cpu_ivINT_UART0_LON
 .text.Cpu_ivINT_UART1_RX_TX
                0x0000b140       0x18 ./Generated_Code/Cpu.o
                0x0000b140                Cpu_ivINT_UART1_RX_TX
 .text.Cpu_ivINT_UART1_ERR
                0x0000b158       0x18 ./Generated_Code/Cpu.o
                0x0000b158                Cpu_ivINT_UART1_ERR
 .text.Cpu_ivINT_UART2_RX_TX
                0x0000b170       0x18 ./Generated_Code/Cpu.o
                0x0000b170                Cpu_ivINT_UART2_RX_TX
 .text.Cpu_ivINT_UART2_ERR
                0x0000b188       0x18 ./Generated_Code/Cpu.o
                0x0000b188                Cpu_ivINT_UART2_ERR
 .text.Cpu_ivINT_UART3_RX_TX
                0x0000b1a0       0x18 ./Generated_Code/Cpu.o
                0x0000b1a0                Cpu_ivINT_UART3_RX_TX
 .text.Cpu_ivINT_UART3_ERR
                0x0000b1b8       0x18 ./Generated_Code/Cpu.o
                0x0000b1b8                Cpu_ivINT_UART3_ERR
 .text.Cpu_ivINT_Reserved69
                0x0000b1d0       0x18 ./Generated_Code/Cpu.o
                0x0000b1d0                Cpu_ivINT_Reserved69
 .text.Cpu_ivINT_Reserved70
                0x0000b1e8       0x18 ./Generated_Code/Cpu.o
                0x0000b1e8                Cpu_ivINT_Reserved70
 .text.Cpu_ivINT_Reserved71
                0x0000b200       0x18 ./Generated_Code/Cpu.o
                0x0000b200                Cpu_ivINT_Reserved71
 .text.Cpu_ivINT_Reserved72
                0x0000b218       0x18 ./Generated_Code/Cpu.o
                0x0000b218                Cpu_ivINT_Reserved72
 .text.Cpu_ivINT_ADC0
                0x0000b230       0x18 ./Generated_Code/Cpu.o
                0x0000b230                Cpu_ivINT_ADC0
 .text.Cpu_ivINT_ADC1
                0x0000b248       0x18 ./Generated_Code/Cpu.o
                0x0000b248                Cpu_ivINT_ADC1
 .text.Cpu_ivINT_CMP0
                0x0000b260       0x18 ./Generated_Code/Cpu.o
                0x0000b260                Cpu_ivINT_CMP0
 .text.Cpu_ivINT_CMP1
                0x0000b278       0x18 ./Generated_Code/Cpu.o
                0x0000b278                Cpu_ivINT_CMP1
 .text.Cpu_ivINT_CMP2
                0x0000b290       0x18 ./Generated_Code/Cpu.o
                0x0000b290                Cpu_ivINT_CMP2
 .text.Cpu_ivINT_CMT
                0x0000b2a8       0x18 ./Generated_Code/Cpu.o
                0x0000b2a8                Cpu_ivINT_CMT
 .text.Cpu_ivINT_RTC
                0x0000b2c0       0x18 ./Generated_Code/Cpu.o
                0x0000b2c0                Cpu_ivINT_RTC
 .text.Cpu_ivINT_RTC_Seconds
                0x0000b2d8       0x18 ./Generated_Code/Cpu.o
                0x0000b2d8                Cpu_ivINT_RTC_Seconds
 .text.Cpu_ivINT_PIT0
                0x0000b2f0       0x18 ./Generated_Code/Cpu.o
                0x0000b2f0                Cpu_ivINT_PIT0
 .text.Cpu_ivINT_PIT1
                0x0000b308       0x18 ./Generated_Code/Cpu.o
                0x0000b308                Cpu_ivINT_PIT1
 .text.Cpu_ivINT_PIT2
                0x0000b320       0x18 ./Generated_Code/Cpu.o
                0x0000b320                Cpu_ivINT_PIT2
 .text.Cpu_ivINT_PIT3
                0x0000b338       0x18 ./Generated_Code/Cpu.o
                0x0000b338                Cpu_ivINT_PIT3
 .text.Cpu_ivINT_PDB0
                0x0000b350       0x18 ./Generated_Code/Cpu.o
                0x0000b350                Cpu_ivINT_PDB0
 .text.Cpu_ivINT_USB0
                0x0000b368       0x18 ./Generated_Code/Cpu.o
                0x0000b368                Cpu_ivINT_USB0
 .text.Cpu_ivINT_USBDCD
                0x0000b380       0x18 ./Generated_Code/Cpu.o
                0x0000b380                Cpu_ivINT_USBDCD
 .text.Cpu_ivINT_Reserved91
                0x0000b398       0x18 ./Generated_Code/Cpu.o
                0x0000b398                Cpu_ivINT_Reserved91
 .text.Cpu_ivINT_Reserved92
                0x0000b3b0       0x18 ./Generated_Code/Cpu.o
                0x0000b3b0                Cpu_ivINT_Reserved92
 .text.Cpu_ivINT_Reserved93
                0x0000b3c8       0x18 ./Generated_Code/Cpu.o
                0x0000b3c8                Cpu_ivINT_Reserved93
 .text.Cpu_ivINT_Reserved94
                0x0000b3e0       0x18 ./Generated_Code/Cpu.o
                0x0000b3e0                Cpu_ivINT_Reserved94
 .text.Cpu_ivINT_Reserved95
                0x0000b3f8       0x18 ./Generated_Code/Cpu.o
                0x0000b3f8                Cpu_ivINT_Reserved95
 .text.Cpu_ivINT_Reserved96
                0x0000b410       0x18 ./Generated_Code/Cpu.o
                0x0000b410                Cpu_ivINT_Reserved96
 .text.Cpu_ivINT_DAC0
                0x0000b428       0x18 ./Generated_Code/Cpu.o
                0x0000b428                Cpu_ivINT_DAC0
 .text.Cpu_ivINT_Reserved98
                0x0000b440       0x18 ./Generated_Code/Cpu.o
                0x0000b440                Cpu_ivINT_Reserved98
 .text.Cpu_ivINT_TSI0
                0x0000b458       0x18 ./Generated_Code/Cpu.o
                0x0000b458                Cpu_ivINT_TSI0
 .text.Cpu_ivINT_MCG
                0x0000b470       0x18 ./Generated_Code/Cpu.o
                0x0000b470                Cpu_ivINT_MCG
 .text.Cpu_ivINT_LPTimer
                0x0000b488       0x18 ./Generated_Code/Cpu.o
                0x0000b488                Cpu_ivINT_LPTimer
 .text.Cpu_ivINT_Reserved102
                0x0000b4a0       0x18 ./Generated_Code/Cpu.o
                0x0000b4a0                Cpu_ivINT_Reserved102
 .text.Cpu_ivINT_PORTA
                0x0000b4b8       0x18 ./Generated_Code/Cpu.o
                0x0000b4b8                Cpu_ivINT_PORTA
 .text.Cpu_ivINT_PORTB
                0x0000b4d0       0x18 ./Generated_Code/Cpu.o
                0x0000b4d0                Cpu_ivINT_PORTB
 .text.Cpu_ivINT_PORTD
                0x0000b4e8       0x18 ./Generated_Code/Cpu.o
                0x0000b4e8                Cpu_ivINT_PORTD
 .text.Cpu_ivINT_PORTE
                0x0000b500       0x18 ./Generated_Code/Cpu.o
                0x0000b500                Cpu_ivINT_PORTE
 .text.Cpu_ivINT_Reserved108
                0x0000b518       0x18 ./Generated_Code/Cpu.o
                0x0000b518                Cpu_ivINT_Reserved108
 .text.Cpu_ivINT_Reserved109
                0x0000b530       0x18 ./Generated_Code/Cpu.o
                0x0000b530                Cpu_ivINT_Reserved109
 .text.Cpu_ivINT_SWI
                0x0000b548       0x18 ./Generated_Code/Cpu.o
                0x0000b548                Cpu_ivINT_SWI
 .text.__init_hardware
                0x0000b560      0x140 ./Generated_Code/Cpu.o
                0x0000b560                __init_hardware
 .text.Cpu_SetBASEPRI
                0x0000b6a0       0x18 ./Generated_Code/Cpu.o
                0x0000b6a0                Cpu_SetBASEPRI
 .text.PE_low_level_init
                0x0000b6b8       0xec ./Generated_Code/Cpu.o
                0x0000b6b8                PE_low_level_init
 .text.ENCODER_Init
                0x0000b7a4       0xac ./Generated_Code/ENCODER.o
                0x0000b7a4                ENCODER_Init
 .text.ENCODER_GetFieldValue
                0x0000b850       0x40 ./Generated_Code/ENCODER.o
                0x0000b850                ENCODER_GetFieldValue
 .text.ENCODER_Interrupt
                0x0000b890       0x4c ./Generated_Code/ENCODER.o
                0x0000b890                ENCODER_Interrupt
 .text.ExtIntLdd1_OnInterrupt
                0x0000b8dc       0x14 ./Generated_Code/ENCODER_PUSH.o
                0x0000b8dc                ExtIntLdd1_OnInterrupt
 .text.ExtIntLdd1_Init
                0x0000b8f0       0x80 ./Generated_Code/ExtIntLdd1.o
                0x0000b8f0                ExtIntLdd1_Init
 .text.ExtIntLdd1_Interrupt
                0x0000b970       0x3c ./Generated_Code/ExtIntLdd1.o
                0x0000b970                ExtIntLdd1_Interrupt
 .text.ExtIntLdd1_GetVal
                0x0000b9ac       0x2c ./Generated_Code/ExtIntLdd1.o
                0x0000b9ac                ExtIntLdd1_GetVal
 .text.ExtIntLdd2_Init
                0x0000b9d8       0x80 ./Generated_Code/ExtIntLdd2.o
                0x0000b9d8                ExtIntLdd2_Init
 .text.ExtIntLdd2_Interrupt
                0x0000ba58       0x3c ./Generated_Code/ExtIntLdd2.o
                0x0000ba58                ExtIntLdd2_Interrupt
 .text.ExtIntLdd2_GetVal
                0x0000ba94       0x2c ./Generated_Code/ExtIntLdd2.o
                0x0000ba94                ExtIntLdd2_GetVal
 .text.ExtIntLdd3_Init
                0x0000bac0       0x80 ./Generated_Code/ExtIntLdd3.o
                0x0000bac0                ExtIntLdd3_Init
 .text.ExtIntLdd3_Interrupt
                0x0000bb40       0x3c ./Generated_Code/ExtIntLdd3.o
                0x0000bb40                ExtIntLdd3_Interrupt
 .text.ExtIntLdd3_GetVal
                0x0000bb7c       0x2c ./Generated_Code/ExtIntLdd3.o
                0x0000bb7c                ExtIntLdd3_GetVal
 .text.ExtIntLdd4_Init
                0x0000bba8       0x7c ./Generated_Code/ExtIntLdd4.o
                0x0000bba8                ExtIntLdd4_Init
 .text.ExtIntLdd4_Interrupt
                0x0000bc24       0x3c ./Generated_Code/ExtIntLdd4.o
                0x0000bc24                ExtIntLdd4_Interrupt
 .text.ExtIntLdd5_Init
                0x0000bc60       0x7c ./Generated_Code/ExtIntLdd5.o
                0x0000bc60                ExtIntLdd5_Init
 .text.ExtIntLdd5_Interrupt
                0x0000bcdc       0x3c ./Generated_Code/ExtIntLdd5.o
                0x0000bcdc                ExtIntLdd5_Interrupt
 .text.I2C0_SendChar
                0x0000bd18       0x2c ./Generated_Code/I2C0.o
                0x0000bd18                I2C0_SendChar
 .text.I2C0_SendBlock
                0x0000bd44       0xc0 ./Generated_Code/I2C0.o
                0x0000bd44                I2C0_SendBlock
 .text.I2C0_SelectSlave
                0x0000be04       0x34 ./Generated_Code/I2C0.o
                0x0000be04                I2C0_SelectSlave
 .text.I2C0_Init
                0x0000be38       0x20 ./Generated_Code/I2C0.o
                0x0000be38                I2C0_Init
 .text.IntI2cLdd1_OnMasterBlockSent
                0x0000be58       0x14 ./Generated_Code/I2C0.o
                0x0000be58                IntI2cLdd1_OnMasterBlockSent
 .text.IntI2cLdd1_OnMasterBlockReceived
                0x0000be6c       0x14 ./Generated_Code/I2C0.o
                0x0000be6c                IntI2cLdd1_OnMasterBlockReceived
 .text.IntI2cLdd1_OnError
                0x0000be80       0x30 ./Generated_Code/I2C0.o
                0x0000be80                IntI2cLdd1_OnError
 .text.IFsh1_GetFlash
                0x0000beb0       0x84 ./Generated_Code/IFsh1.o
                0x0000beb0                IFsh1_GetFlash
 .text.IFsh1_SetFlash
                0x0000bf34      0x1a8 ./Generated_Code/IFsh1.o
                0x0000bf34                IFsh1_SetFlash
 .text.IFsh1_Init
                0x0000c0dc       0x2c ./Generated_Code/IFsh1.o
                0x0000c0dc                IFsh1_Init
 .text.IFsh1_SetByteFlash
                0x0000c108       0x24 ./Generated_Code/IFsh1.o
                0x0000c108                IFsh1_SetByteFlash
 .text.IFsh1_GetByteFlash
                0x0000c12c       0x20 ./Generated_Code/IFsh1.o
                0x0000c12c                IFsh1_GetByteFlash
 .text.IFsh1_SetLongFlash
                0x0000c14c       0x20 ./Generated_Code/IFsh1.o
                0x0000c14c                IFsh1_SetLongFlash
 .text.IFsh1_GetLongFlash
                0x0000c16c       0x20 ./Generated_Code/IFsh1.o
                0x0000c16c                IFsh1_GetLongFlash
 .text.IntFlashLdd1_OnOperationComplete
                0x0000c18c      0x190 ./Generated_Code/IFsh1.o
                0x0000c18c                IntFlashLdd1_OnOperationComplete
 .text.IntFlashLdd1_OnError
                0x0000c31c       0x54 ./Generated_Code/IFsh1.o
                0x0000c31c                IntFlashLdd1_OnError
 .text.IntFlashLdd1_Init
                0x0000c370       0x64 ./Generated_Code/IntFlashLdd1.o
                0x0000c370                IntFlashLdd1_Init
 .text.IntFlashLdd1_Write
                0x0000c3d4       0x74 ./Generated_Code/IntFlashLdd1.o
                0x0000c3d4                IntFlashLdd1_Write
 .text.IntFlashLdd1_Read
                0x0000c448       0x70 ./Generated_Code/IntFlashLdd1.o
                0x0000c448                IntFlashLdd1_Read
 .text.IntFlashLdd1_Erase
                0x0000c4b8       0x94 ./Generated_Code/IntFlashLdd1.o
                0x0000c4b8                IntFlashLdd1_Erase
 .text.IntFlashLdd1_Main
                0x0000c54c      0x2f4 ./Generated_Code/IntFlashLdd1.o
                0x0000c54c                IntFlashLdd1_Main
 .text.IntFlashLdd1_GetError
                0x0000c840       0x90 ./Generated_Code/IntFlashLdd1.o
                0x0000c840                IntFlashLdd1_GetError
 .text.RangeCheck
                0x0000c8d0       0x38 ./Generated_Code/IntFlashLdd1.o
 .text.SafeRoutineCaller
                0x0000c908       0x94 ./Generated_Code/IntFlashLdd1.o
 .text.IntI2cLdd1_Interrupt
                0x0000c99c      0x2d4 ./Generated_Code/IntI2cLdd1.o
                0x0000c99c                IntI2cLdd1_Interrupt
 .text.IntI2cLdd1_Init
                0x0000cc70      0x13c ./Generated_Code/IntI2cLdd1.o
                0x0000cc70                IntI2cLdd1_Init
 .text.IntI2cLdd1_MasterSendBlock
                0x0000cdac      0x190 ./Generated_Code/IntI2cLdd1.o
                0x0000cdac                IntI2cLdd1_MasterSendBlock
 .text.IntI2cLdd1_SelectSlaveDevice
                0x0000cf3c       0xf0 ./Generated_Code/IntI2cLdd1.o
                0x0000cf3c                IntI2cLdd1_SelectSlaveDevice
 .text.IntI2cLdd1_GetError
                0x0000d02c       0x70 ./Generated_Code/IntI2cLdd1.o
                0x0000d02c                IntI2cLdd1_GetError
 .text.ExtIntLdd3_OnInterrupt
                0x0000d09c       0x14 ./Generated_Code/LEVER_DIR1.o
                0x0000d09c                ExtIntLdd3_OnInterrupt
 .text.ExtIntLdd2_OnInterrupt
                0x0000d0b0       0x14 ./Generated_Code/LEVER_DIR2.o
                0x0000d0b0                ExtIntLdd2_OnInterrupt
 .text.ExtIntLdd5_OnInterrupt
                0x0000d0c4       0x14 ./Generated_Code/PUSH_BUTTON_REC.o
                0x0000d0c4                ExtIntLdd5_OnInterrupt
 .text.ExtIntLdd4_OnInterrupt
                0x0000d0d8       0x14 ./Generated_Code/PUSH_BUTTON_SEND.o
                0x0000d0d8                ExtIntLdd4_OnInterrupt
 .text.TU1_Init
                0x0000d0ec       0xb0 ./Generated_Code/TU1.o
                0x0000d0ec                TU1_Init
 .text.TU1_Enable
                0x0000d19c       0x30 ./Generated_Code/TU1.o
                0x0000d19c                TU1_Enable
 .text.TU1_Disable
                0x0000d1cc       0x28 ./Generated_Code/TU1.o
                0x0000d1cc                TU1_Disable
 .text.TU1_Interrupt
                0x0000d1f4       0x6c ./Generated_Code/TU1.o
                0x0000d1f4                TU1_Interrupt
 .text.T_100ms_Init
                0x0000d260       0xb0 ./Generated_Code/T_100ms.o
                0x0000d260                T_100ms_Init
 .text.T_100ms_Enable
                0x0000d310       0x30 ./Generated_Code/T_100ms.o
                0x0000d310                T_100ms_Enable
 .text.T_100ms_Disable
                0x0000d340       0x28 ./Generated_Code/T_100ms.o
                0x0000d340                T_100ms_Disable
 .text.T_100ms_Interrupt
                0x0000d368       0x6c ./Generated_Code/T_100ms.o
                0x0000d368                T_100ms_Interrupt
 .text.T_500ms_Init
                0x0000d3d4       0xcc ./Generated_Code/T_500ms.o
                0x0000d3d4                T_500ms_Init
 .text.T_500ms_Interrupt
                0x0000d4a0       0x6c ./Generated_Code/T_500ms.o
                0x0000d4a0                T_500ms_Interrupt
 .text.WAIT1_Wait10Cycles
                0x0000d50c        0x8 ./Generated_Code/WAIT1.o
                0x0000d50c                WAIT1_Wait10Cycles
 .text.WAIT1_Wait100Cycles
                0x0000d514       0x1c ./Generated_Code/WAIT1.o
                0x0000d514                WAIT1_Wait100Cycles
 .text.WAIT1_WaitCycles
                0x0000d530       0x34 ./Generated_Code/WAIT1.o
                0x0000d530                WAIT1_WaitCycles
 .text.WAIT1_WaitLongCycles
                0x0000d564       0x38 ./Generated_Code/WAIT1.o
                0x0000d564                WAIT1_WaitLongCycles
 .text.WAIT1_Waitms
                0x0000d59c       0x2c ./Generated_Code/WAIT1.o
                0x0000d59c                WAIT1_Waitms
 .text.round    0x0000d5c8       0x9c c:/freescale/kds_v3/toolchain/bin/../lib/gcc/arm-none-eabi/4.8.4/../../../../arm-none-eabi/lib/armv7e-m\libm.a(lib_a-s_round.o)
                0x0000d5c8                round
 .text.pow      0x0000d664      0x2f8 c:/freescale/kds_v3/toolchain/bin/../lib/gcc/arm-none-eabi/4.8.4/../../../../arm-none-eabi/lib/armv7e-m\libm.a(lib_a-w_pow.o)
                0x0000d664                pow
 *fill*         0x0000d95c        0x4 
 .text.__ieee754_pow
                0x0000d960      0xa78 c:/freescale/kds_v3/toolchain/bin/../lib/gcc/arm-none-eabi/4.8.4/../../../../arm-none-eabi/lib/armv7e-m\libm.a(lib_a-e_pow.o)
                0x0000d960                __ieee754_pow
 .text.__ieee754_sqrt
                0x0000e3d8      0x180 c:/freescale/kds_v3/toolchain/bin/../lib/gcc/arm-none-eabi/4.8.4/../../../../arm-none-eabi/lib/armv7e-m\libm.a(lib_a-e_sqrt.o)
                0x0000e3d8                __ieee754_sqrt
 .text.fabs     0x0000e558        0x8 c:/freescale/kds_v3/toolchain/bin/../lib/gcc/arm-none-eabi/4.8.4/../../../../arm-none-eabi/lib/armv7e-m\libm.a(lib_a-s_fabs.o)
                0x0000e558                fabs
 .text.finite   0x0000e560        0xc c:/freescale/kds_v3/toolchain/bin/../lib/gcc/arm-none-eabi/4.8.4/../../../../arm-none-eabi/lib/armv7e-m\libm.a(lib_a-s_finite.o)
                0x0000e560                finite
 .text.__fpclassifyd
                0x0000e56c       0x50 c:/freescale/kds_v3/toolchain/bin/../lib/gcc/arm-none-eabi/4.8.4/../../../../arm-none-eabi/lib/armv7e-m\libm.a(lib_a-s_fpclassify.o)
                0x0000e56c                __fpclassifyd
 .text.matherr  0x0000e5bc        0x4 c:/freescale/kds_v3/toolchain/bin/../lib/gcc/arm-none-eabi/4.8.4/../../../../arm-none-eabi/lib/armv7e-m\libm.a(lib_a-s_matherr.o)
                0x0000e5bc                matherr
 .text.nan      0x0000e5c0        0xc c:/freescale/kds_v3/toolchain/bin/../lib/gcc/arm-none-eabi/4.8.4/../../../../arm-none-eabi/lib/armv7e-m\libm.a(lib_a-s_nan.o)
                0x0000e5c0                nan
 .text.rint     0x0000e5cc      0x118 c:/freescale/kds_v3/toolchain/bin/../lib/gcc/arm-none-eabi/4.8.4/../../../../arm-none-eabi/lib/armv7e-m\libm.a(lib_a-s_rint.o)
                0x0000e5cc                rint
 *fill*         0x0000e6e4        0x4 
 .text.scalbn   0x0000e6e8      0x118 c:/freescale/kds_v3/toolchain/bin/../lib/gcc/arm-none-eabi/4.8.4/../../../../arm-none-eabi/lib/armv7e-m\libm.a(lib_a-s_scalbn.o)
                0x0000e6e8                scalbn
 .text.copysign
                0x0000e800       0x14 c:/freescale/kds_v3/toolchain/bin/../lib/gcc/arm-none-eabi/4.8.4/../../../../arm-none-eabi/lib/armv7e-m\libm.a(lib_a-s_copysign.o)
                0x0000e800                copysign
 .text.abort    0x0000e814        0xe c:/freescale/kds_v3/toolchain/bin/../lib/gcc/arm-none-eabi/4.8.4/../../../../arm-none-eabi/lib/armv7e-m\libg_s.a(lib_a-abort.o)
                0x0000e814                abort
 *fill*         0x0000e822        0x2 
 .text.__errno  0x0000e824        0xc c:/freescale/kds_v3/toolchain/bin/../lib/gcc/arm-none-eabi/4.8.4/../../../../arm-none-eabi/lib/armv7e-m\libg_s.a(lib_a-errno.o)
                0x0000e824                __errno
 .text.exit     0x0000e830       0x28 c:/freescale/kds_v3/toolchain/bin/../lib/gcc/arm-none-eabi/4.8.4/../../../../arm-none-eabi/lib/armv7e-m\libg_s.a(lib_a-exit.o)
                0x0000e830                exit
 .text.__libc_init_array
                0x0000e858       0x4c c:/freescale/kds_v3/toolchain/bin/../lib/gcc/arm-none-eabi/4.8.4/../../../../arm-none-eabi/lib/armv7e-m\libg_s.a(lib_a-init.o)
                0x0000e858                __libc_init_array
 .text.memcpy   0x0000e8a4       0x12 c:/freescale/kds_v3/toolchain/bin/../lib/gcc/arm-none-eabi/4.8.4/../../../../arm-none-eabi/lib/armv7e-m\libg_s.a(lib_a-memcpy-stub.o)
                0x0000e8a4                memcpy
 .text.memset   0x0000e8b6       0x10 c:/freescale/kds_v3/toolchain/bin/../lib/gcc/arm-none-eabi/4.8.4/../../../../arm-none-eabi/lib/armv7e-m\libg_s.a(lib_a-memset.o)
                0x0000e8b6                memset
 .text._raise_r
                0x0000e8c6       0x50 c:/freescale/kds_v3/toolchain/bin/../lib/gcc/arm-none-eabi/4.8.4/../../../../arm-none-eabi/lib/armv7e-m\libg_s.a(lib_a-signal.o)
                0x0000e8c6                _raise_r
 *fill*         0x0000e916        0x2 
 .text.raise    0x0000e918       0x10 c:/freescale/kds_v3/toolchain/bin/../lib/gcc/arm-none-eabi/4.8.4/../../../../arm-none-eabi/lib/armv7e-m\libg_s.a(lib_a-signal.o)
                0x0000e918                raise
 .text._kill_r  0x0000e928       0x24 c:/freescale/kds_v3/toolchain/bin/../lib/gcc/arm-none-eabi/4.8.4/../../../../arm-none-eabi/lib/armv7e-m\libg_s.a(lib_a-signalr.o)
                0x0000e928                _kill_r
 .text._getpid_r
                0x0000e94c        0x4 c:/freescale/kds_v3/toolchain/bin/../lib/gcc/arm-none-eabi/4.8.4/../../../../arm-none-eabi/lib/armv7e-m\libg_s.a(lib_a-signalr.o)
                0x0000e94c                _getpid_r
 .text.strlen   0x0000e950       0x10 c:/freescale/kds_v3/toolchain/bin/../lib/gcc/arm-none-eabi/4.8.4/../../../../arm-none-eabi/lib/armv7e-m\libg_s.a(lib_a-strlen.o)
                0x0000e950                strlen
 .text._vsprintf_r
                0x0000e960       0x30 c:/freescale/kds_v3/toolchain/bin/../lib/gcc/arm-none-eabi/4.8.4/../../../../arm-none-eabi/lib/armv7e-m\libg_s.a(lib_a-vsprintf.o)
                0x0000e960                _vsprintf_r
                0x0000e960                _vsiprintf_r
 .text.vsprintf
                0x0000e990       0x1c c:/freescale/kds_v3/toolchain/bin/../lib/gcc/arm-none-eabi/4.8.4/../../../../arm-none-eabi/lib/armv7e-m\libg_s.a(lib_a-vsprintf.o)
                0x0000e990                vsiprintf
                0x0000e990                vsprintf
 .text._malloc_r
                0x0000e9ac       0xa8 c:/freescale/kds_v3/toolchain/bin/../lib/gcc/arm-none-eabi/4.8.4/../../../../arm-none-eabi/lib/armv7e-m\libg_s.a(lib_a-nano-mallocr.o)
                0x0000e9ac                _malloc_r
 .text._sbrk_r  0x0000ea54       0x20 c:/freescale/kds_v3/toolchain/bin/../lib/gcc/arm-none-eabi/4.8.4/../../../../arm-none-eabi/lib/armv7e-m\libg_s.a(lib_a-sbrkr.o)
                0x0000ea54                _sbrk_r
 .text.__ssputs_r
                0x0000ea74       0xb8 c:/freescale/kds_v3/toolchain/bin/../lib/gcc/arm-none-eabi/4.8.4/../../../../arm-none-eabi/lib/armv7e-m\libg_s.a(lib_a-svfprintf.o)
                0x0000ea74                __ssputs_r
 .text._svfprintf_r
                0x0000eb2c      0x1dc c:/freescale/kds_v3/toolchain/bin/../lib/gcc/arm-none-eabi/4.8.4/../../../../arm-none-eabi/lib/armv7e-m\libg_s.a(lib_a-svfprintf.o)
                0x0000eb2c                _svfiprintf_r
                0x0000eb2c                _svfprintf_r
 .text._printf_common
                0x0000ed08       0xe4 c:/freescale/kds_v3/toolchain/bin/../lib/gcc/arm-none-eabi/4.8.4/../../../../arm-none-eabi/lib/armv7e-m\libg_s.a(lib_a-vfprintf_i.o)
                0x0000ed08                _printf_common
 .text._printf_i
                0x0000edec      0x228 c:/freescale/kds_v3/toolchain/bin/../lib/gcc/arm-none-eabi/4.8.4/../../../../arm-none-eabi/lib/armv7e-m\libg_s.a(lib_a-vfprintf_i.o)
                0x0000edec                _printf_i
 .text.memchr   0x0000f014       0x1e c:/freescale/kds_v3/toolchain/bin/../lib/gcc/arm-none-eabi/4.8.4/../../../../arm-none-eabi/lib/armv7e-m\libg_s.a(lib_a-memchr-stub.o)
                0x0000f014                memchr
 .text.memmove  0x0000f032       0x36 c:/freescale/kds_v3/toolchain/bin/../lib/gcc/arm-none-eabi/4.8.4/../../../../arm-none-eabi/lib/armv7e-m\libg_s.a(lib_a-memmove.o)
                0x0000f032                memmove
 .text._free_r  0x0000f068       0x88 c:/freescale/kds_v3/toolchain/bin/../lib/gcc/arm-none-eabi/4.8.4/../../../../arm-none-eabi/lib/armv7e-m\libg_s.a(lib_a-nano-freer.o)
                0x0000f068                _free_r
 .text._realloc_r
                0x0000f0f0       0x4c c:/freescale/kds_v3/toolchain/bin/../lib/gcc/arm-none-eabi/4.8.4/../../../../arm-none-eabi/lib/armv7e-m\libg_s.a(lib_a-nano-reallocr.o)
                0x0000f0f0                _realloc_r
 .text._malloc_usable_size_r
                0x0000f13c       0x12 c:/freescale/kds_v3/toolchain/bin/../lib/gcc/arm-none-eabi/4.8.4/../../../../arm-none-eabi/lib/armv7e-m\libg_s.a(lib_a-nano-msizer.o)
                0x0000f13c                _malloc_usable_size_r
 *fill*         0x0000f14e        0x2 
 .text._getpid  0x0000f150       0x10 c:/freescale/kds_v3/toolchain/bin/../lib/gcc/arm-none-eabi/4.8.4/../../../../arm-none-eabi/lib/armv7e-m\libnosys.a(getpid.o)
                0x0000f150                _getpid
 .text._kill    0x0000f160       0x10 c:/freescale/kds_v3/toolchain/bin/../lib/gcc/arm-none-eabi/4.8.4/../../../../arm-none-eabi/lib/armv7e-m\libnosys.a(kill.o)
                0x0000f160                _kill
 .text._sbrk    0x0000f170       0x34 c:/freescale/kds_v3/toolchain/bin/../lib/gcc/arm-none-eabi/4.8.4/../../../../arm-none-eabi/lib/armv7e-m\libnosys.a(sbrk.o)
                0x0000f170                _sbrk
 .text._exit    0x0000f1a4        0x4 c:/freescale/kds_v3/toolchain/bin/../lib/gcc/arm-none-eabi/4.8.4/../../../../arm-none-eabi/lib/armv7e-m\libnosys.a(_exit.o)
                0x0000f1a4                _exit
 *(.rodata)
 .rodata        0x0000f1a8      0x6e0 ./Sources/display.o
 .rodata        0x0000f888       0x18 ./Sources/menu.o
 .rodata        0x0000f8a0      0x294 ./Sources/protocol.o
 .rodata        0x0000fb34      0x294 ./Sources/send.o
 *(.rodata*)
 .rodata.ASerialLdd1_BaudAdjustValueSpeed0.6226
                0x0000fdc8        0x4 ./Generated_Code/ASerialLdd1.o
 .rodata.ASerialLdd1_BaudDivisorSpeed0.6227
                0x0000fdcc        0x4 ./Generated_Code/ASerialLdd1.o
 .rodata.SafeRoutine
                0x0000fdd0       0x30 ./Generated_Code/IntFlashLdd1.o
 .rodata.str1.4
                0x0000fe00        0x4 c:/freescale/kds_v3/toolchain/bin/../lib/gcc/arm-none-eabi/4.8.4/../../../../arm-none-eabi/lib/armv7e-m\libm.a(lib_a-w_pow.o)
 *fill*         0x0000fe04        0x4 
 .rodata.dp_h   0x0000fe08       0x10 c:/freescale/kds_v3/toolchain/bin/../lib/gcc/arm-none-eabi/4.8.4/../../../../arm-none-eabi/lib/armv7e-m\libm.a(lib_a-e_pow.o)
 .rodata.dp_l   0x0000fe18       0x10 c:/freescale/kds_v3/toolchain/bin/../lib/gcc/arm-none-eabi/4.8.4/../../../../arm-none-eabi/lib/armv7e-m\libm.a(lib_a-e_pow.o)
 .rodata.bp     0x0000fe28       0x10 c:/freescale/kds_v3/toolchain/bin/../lib/gcc/arm-none-eabi/4.8.4/../../../../arm-none-eabi/lib/armv7e-m\libm.a(lib_a-e_pow.o)
 .rodata.str1.4
                0x0000fe38        0x4 c:/freescale/kds_v3/toolchain/bin/../lib/gcc/arm-none-eabi/4.8.4/../../../../arm-none-eabi/lib/armv7e-m\libm.a(lib_a-e_pow.o)
 *fill*         0x0000fe3c        0x4 
 .rodata.TWO52  0x0000fe40       0x10 c:/freescale/kds_v3/toolchain/bin/../lib/gcc/arm-none-eabi/4.8.4/../../../../arm-none-eabi/lib/armv7e-m\libm.a(lib_a-s_rint.o)
 .rodata.str1.1
                0x0000fe50        0x2 c:/freescale/kds_v3/toolchain/bin/../lib/gcc/arm-none-eabi/4.8.4/../../../../arm-none-eabi/lib/armv7e-m\libg_s.a(lib_a-impure.o)
 *fill*         0x0000fe52        0x2 
 .rodata._global_impure_ptr
                0x0000fe54        0x4 c:/freescale/kds_v3/toolchain/bin/../lib/gcc/arm-none-eabi/4.8.4/../../../../arm-none-eabi/lib/armv7e-m\libg_s.a(lib_a-impure.o)
                0x0000fe54                _global_impure_ptr
 .rodata.str1.1
                0x0000fe58       0x11 c:/freescale/kds_v3/toolchain/bin/../lib/gcc/arm-none-eabi/4.8.4/../../../../arm-none-eabi/lib/armv7e-m\libg_s.a(lib_a-svfprintf.o)
 .rodata.str1.1
                0x0000fe69       0x22 c:/freescale/kds_v3/toolchain/bin/../lib/gcc/arm-none-eabi/4.8.4/../../../../arm-none-eabi/lib/armv7e-m\libg_s.a(lib_a-vfprintf_i.o)
 *(.glue_7)
 .glue_7        0x00000000        0x0 linker stubs
 *(.glue_7t)
 .glue_7t       0x00000000        0x0 linker stubs
 *(.eh_frame)
 *fill*         0x0000fe8b        0x1 
 .eh_frame      0x0000fe8c        0x0 c:/freescale/kds_v3/toolchain/bin/../lib/gcc/arm-none-eabi/4.8.4/armv7e-m/crtbegin.o
 *(.init)
 .init          0x0000fe8c        0x4 c:/freescale/kds_v3/toolchain/bin/../lib/gcc/arm-none-eabi/4.8.4/armv7e-m/crti.o
                0x0000fe8c                _init
 .init          0x0000fe90        0x8 c:/freescale/kds_v3/toolchain/bin/../lib/gcc/arm-none-eabi/4.8.4/armv7e-m/crtn.o
 *(.fini)
 .fini          0x0000fe98        0x4 c:/freescale/kds_v3/toolchain/bin/../lib/gcc/arm-none-eabi/4.8.4/armv7e-m/crti.o
                0x0000fe98                _fini
 .fini          0x0000fe9c        0x8 c:/freescale/kds_v3/toolchain/bin/../lib/gcc/arm-none-eabi/4.8.4/armv7e-m/crtn.o
                0x0000fea4                . = ALIGN (0x4)
                0x0000fea4                _etext = .

.vfp11_veneer   0x0000fea4        0x0
 .vfp11_veneer  0x00000000        0x0 linker stubs

.v4_bx          0x0000fea4        0x0
 .v4_bx         0x00000000        0x0 linker stubs

.iplt           0x0000fea4        0x0
 .iplt          0x00000000        0x0 c:/freescale/kds_v3/toolchain/bin/../lib/gcc/arm-none-eabi/4.8.4/armv7e-m/crtbegin.o

.ARM.extab      0x0000fea4      0x2b8
 *(.ARM.extab* .gnu.linkonce.armextab.*)
 .ARM.extab.text.LCD_command
                0x0000fea4        0xc ./Sources/LCD.o
 .ARM.extab.text.LCD_Set_Cursor
                0x0000feb0        0xc ./Sources/LCD.o
 .ARM.extab.text.LCD_Write
                0x0000febc        0xc ./Sources/LCD.o
 .ARM.extab.text.load_custom_char
                0x0000fec8        0xc ./Sources/LCD.o
 .ARM.extab.text.LCD_Write_At
                0x0000fed4        0xc ./Sources/LCD.o
 .ARM.extab.text.LCD_Write_Block
                0x0000fee0        0xc ./Sources/LCD.o
 .ARM.extab.text.PCA9670_SendByte
                0x0000feec        0xc ./Sources/PCA9670.o
 .ARM.extab.text.select_cue
                0x0000fef8        0xc ./Sources/cue.o
 .ARM.extab.text.print_float_at
                0x0000ff04        0xc ./Sources/display.o
 .ARM.extab.text.print_int_at
                0x0000ff10        0xc ./Sources/display.o
 .ARM.extab.text.print_cue_array
                0x0000ff1c        0xc ./Sources/display.o
 .ARM.extab.text.print_all_cue
                0x0000ff28        0xc ./Sources/display.o
 .ARM.extab.text.load_char
                0x0000ff34        0xc ./Sources/display.o
 .ARM.extab.text.menu_init
                0x0000ff40        0xc ./Sources/display.o
 .ARM.extab.text.refresh
                0x0000ff4c        0xc ./Sources/display.o
 .ARM.extab.text.select
                0x0000ff58        0xc ./Sources/display.o
 .ARM.extab.text.back
                0x0000ff64        0xc ./Sources/display.o
 .ARM.extab.text.controle_mode_display
                0x0000ff70        0xc ./Sources/display.o
 .ARM.extab.text.update_icon_dir
                0x0000ff7c        0xc ./Sources/display.o
 .ARM.extab.text.select_setting
                0x0000ff88        0xc ./Sources/display.o
 .ARM.extab.text.refresh_fct
                0x0000ff94        0xc ./Sources/display.o
 .ARM.extab.text.velocity_fct
                0x0000ffa0        0xc ./Sources/display.o
 .ARM.extab.text.pos_position_fct
                0x0000ffac        0xc ./Sources/display.o
 .ARM.extab.text.torque_fct
                0x0000ffb8        0xc ./Sources/display.o
 .ARM.extab.text.pos_play_cue_fct
                0x0000ffc4        0xc ./Sources/display.o
 .ARM.extab.text.pos_rec_cue_fct
                0x0000ffd0        0xc ./Sources/display.o
 .ARM.extab.text.pos_mod_cue_fct
                0x0000ffdc        0xc ./Sources/display.o
 .ARM.extab.text.pos_del_cue_fct
                0x0000ffe8        0xc ./Sources/display.o
 .ARM.extab.text.vel_play_cue_fct
                0x0000fff4        0xc ./Sources/display.o
 .ARM.extab.text.vel_rec_cue_fct
                0x00010000        0xc ./Sources/display.o
 .ARM.extab.text.vel_mod_cue_fct
                0x0001000c        0xc ./Sources/display.o
 .ARM.extab.text.vel_del_cue_fct
                0x00010018        0xc ./Sources/display.o
 .ARM.extab.text.load_cue
                0x00010024        0xc ./Sources/eeprom.o
 .ARM.extab.text.write_cue
                0x00010030        0xc ./Sources/eeprom.o
 .ARM.extab.text.erase_cue
                0x0001003c        0xc ./Sources/eeprom.o
 .ARM.extab.text.get_next_slot_free
                0x00010048        0xc ./Sources/eeprom.o
 .ARM.extab.text.get_slot_saved
                0x00010054        0xc ./Sources/eeprom.o
 .ARM.extab.text.get_cue_values
                0x00010060        0xc ./Sources/eeprom.o
 .ARM.extab.text.print_menu
                0x0001006c        0xc ./Sources/menu.o
 .ARM.extab.text.print_sub_menu
                0x00010078        0xc ./Sources/menu.o
 .ARM.extab.text.print_sub_menu2
                0x00010084        0xc ./Sources/menu.o
 .ARM.extab.text.menu_select
                0x00010090        0xc ./Sources/menu.o
 .ARM.extab.text.menu_back
                0x0001009c        0xc ./Sources/menu.o
 .ARM.extab.text.refresh_menu
                0x000100a8        0xc ./Sources/menu.o
 .ARM.extab.text.serial_send_block
                0x000100b4        0xc ./Sources/protocol.o
 .ARM.extab.text.serial_send_float
                0x000100c0        0xc ./Sources/protocol.o
 .ARM.extab.text.serial_send_int
                0x000100cc        0xc ./Sources/protocol.o
 .ARM.extab.text.serial_send_string
                0x000100d8        0xc ./Sources/protocol.o
 .ARM.extab.text.serial_send_char
                0x000100e4        0xc ./Sources/protocol.o
 .ARM.extab.text.msg_parse
                0x000100f0        0xc ./Sources/protocol.o
 .ARM.extab.text.msg_processing
                0x000100fc        0xc ./Sources/protocol.o
 .ARM.extab.text.select_baud_rate
                0x00010108        0xc ./Sources/protocol.o
 .ARM.extab.text.Send_Control_Mode
                0x00010114        0xc ./Sources/send.o
 .ARM.extab.text.send_fct
                0x00010120        0xc ./Sources/send.o
 .ARM.extab.text.get_update_value
                0x0001012c        0xc ./Sources/send.o
 .ARM.extab     0x00010138        0xc c:/freescale/kds_v3/toolchain/bin/../lib/gcc/arm-none-eabi/4.8.4/armv7e-m\libgcc.a(unwind-arm.o)
 .ARM.extab     0x00010144       0x18 c:/freescale/kds_v3/toolchain/bin/../lib/gcc/arm-none-eabi/4.8.4/armv7e-m\libgcc.a(pr-support.o)

.ARM            0x0001015c      0x300
                0x0001015c                __exidx_start = .
 *(.ARM.exidx*)
 .ARM.exidx     0x0001015c        0x8 c:/freescale/kds_v3/toolchain/bin/../lib/gcc/arm-none-eabi/4.8.4/../../../../arm-none-eabi/lib/armv7e-m/crt0.o
 .ARM.exidx.text.LCD_Init
                0x00010224        0x8 ./Sources/LCD.o
 .ARM.exidx.text.LCD_command
                0x0001022c        0x8 ./Sources/LCD.o
 .ARM.exidx.text.LCD_Set_Cursor
                0x00010234        0x8 ./Sources/LCD.o
 .ARM.exidx.text.LCD_Write
                0x0001023c        0x8 ./Sources/LCD.o
 .ARM.exidx.text.load_custom_char
                0x00010244        0x8 ./Sources/LCD.o
 .ARM.exidx.text.LCD_Write_At
                0x0001024c        0x8 ./Sources/LCD.o
 .ARM.exidx.text.LCD_Write_Block
                0x00010254        0x8 ./Sources/LCD.o
 .ARM.exidx.text.PCA9670_Init
                0x0001025c        0x8 ./Sources/PCA9670.o
 .ARM.exidx.text.PCA9670_SendByte
                0x00010264        0x8 ./Sources/PCA9670.o
 .ARM.exidx.text.select_cue
                0x0001026c        0x8 ./Sources/cue.o
 .ARM.exidx.text.vspfunc
                0x00010274        0x8 ./Sources/display.o
 .ARM.exidx.text.print_float_at
                0x0001027c        0x8 ./Sources/display.o
 .ARM.exidx.text.print_int_at
                0x00010284        0x8 ./Sources/display.o
 .ARM.exidx.text.print_cue_array
                0x0001028c        0x8 ./Sources/display.o
 .ARM.exidx.text.print_all_cue
                0x00010294        0x8 ./Sources/display.o
 .ARM.exidx.text.load_char
                0x0001029c        0x8 ./Sources/display.o
 .ARM.exidx.text.menu_init
                0x000102a4        0x8 ./Sources/display.o
 .ARM.exidx.text.refresh
                0x000102ac        0x8 ./Sources/display.o
 .ARM.exidx.text.select
                0x000102b4        0x8 ./Sources/display.o
 .ARM.exidx.text.back
                0x000102bc        0x8 ./Sources/display.o
 .ARM.exidx.text.controle_mode_display
                0x000102c4        0x8 ./Sources/display.o
 .ARM.exidx.text.control_mode_fct
                0x000102cc        0x8 ./Sources/display.o
 .ARM.exidx.text.update_icon_dir
                0x000102d4        0x8 ./Sources/display.o
 .ARM.exidx.text.update_icon_drive_enable
                0x000102dc        0x8 ./Sources/display.o
 .ARM.exidx.text.select_setting
                0x000102e4        0x8 ./Sources/display.o
 .ARM.exidx.text.refresh_fct
                0x000102ec        0x8 ./Sources/display.o
 .ARM.exidx.text.velocity_fct
                0x000102f4        0x8 ./Sources/display.o
 .ARM.exidx.text.acceleration_fct
                0x000102fc        0x8 ./Sources/display.o
 .ARM.exidx.text.deceleration_fct
                0x00010304        0x0 ./Sources/display.o
                                  0x8 (size before relaxing)
 .ARM.exidx.text.back_fct
                0x00010304        0x0 ./Sources/display.o
                                  0x8 (size before relaxing)
 .ARM.exidx.text.pos_position_fct
                0x00010304        0x8 ./Sources/display.o
 .ARM.exidx.text.pos_velocity_fct
                0x0001030c        0x8 ./Sources/display.o
 .ARM.exidx.text.pos_acceleration_fct
                0x00010314        0x0 ./Sources/display.o
                                  0x8 (size before relaxing)
 .ARM.exidx.text.pos_deceleration_fct
                0x00010314        0x0 ./Sources/display.o
                                  0x8 (size before relaxing)
 .ARM.exidx.text.pos_set_home_fct
                0x00010314        0x0 ./Sources/display.o
                                  0x8 (size before relaxing)
 .ARM.exidx.text.torque_fct
                0x00010314        0x8 ./Sources/display.o
 .ARM.exidx.text.torque_rise_fct
                0x0001031c        0x8 ./Sources/display.o
 .ARM.exidx.text.torque_fall_fct
                0x00010324        0x0 ./Sources/display.o
                                  0x8 (size before relaxing)
 .ARM.exidx.text.pos_play_cue_fct
                0x00010324        0x8 ./Sources/display.o
 .ARM.exidx.text.pos_rec_cue_fct
                0x0001032c        0x8 ./Sources/display.o
 .ARM.exidx.text.pos_mod_cue_fct
                0x00010334        0x8 ./Sources/display.o
 .ARM.exidx.text.pos_del_cue_fct
                0x0001033c        0x8 ./Sources/display.o
 .ARM.exidx.text.vel_play_cue_fct
                0x00010344        0x8 ./Sources/display.o
 .ARM.exidx.text.vel_rec_cue_fct
                0x0001034c        0x8 ./Sources/display.o
 .ARM.exidx.text.vel_mod_cue_fct
                0x00010354        0x8 ./Sources/display.o
 .ARM.exidx.text.vel_del_cue_fct
                0x0001035c        0x8 ./Sources/display.o
 .ARM.exidx.text.select_baud_rate_fct
                0x00010364        0x8 ./Sources/display.o
 .ARM.exidx.text.select_update_menu_fct
                0x0001036c        0x0 ./Sources/display.o
                                  0x8 (size before relaxing)
 .ARM.exidx.text.short_cut_position_menu
                0x0001036c        0x0 ./Sources/display.o
                                  0x8 (size before relaxing)
 .ARM.exidx.text._Z41__static_initialization_and_destruction_0ii
                0x0001036c        0x8 ./Sources/display.o
 .ARM.exidx.text._GLOBAL__sub_I_buffer
                0x00010374        0x0 ./Sources/display.o
                                  0x8 (size before relaxing)
 .ARM.exidx.text.load_cue
                0x00010374        0x8 ./Sources/eeprom.o
 .ARM.exidx.text.write_cue
                0x0001037c        0x8 ./Sources/eeprom.o
 .ARM.exidx.text.erase_cue
                0x00010384        0x8 ./Sources/eeprom.o
 .ARM.exidx.text.get_next_slot_free
                0x0001038c        0x8 ./Sources/eeprom.o
 .ARM.exidx.text.get_slot_saved
                0x00010394        0x8 ./Sources/eeprom.o
 .ARM.exidx.text.get_cue_values
                0x0001039c       0x10 ./Sources/eeprom.o
                                  0x8 (size before relaxing)
 .ARM.exidx.text.init_menu
                0x000103ac        0x0 ./Sources/menu.o
                                  0x8 (size before relaxing)
 .ARM.exidx.text.init_sub_menu
                0x000103ac        0x0 ./Sources/menu.o
                                  0x8 (size before relaxing)
 .ARM.exidx.text.init_sub_menu2
                0x000103ac        0x0 ./Sources/menu.o
                                  0x8 (size before relaxing)
 .ARM.exidx.text.init_menu_list
                0x000103ac        0x0 ./Sources/menu.o
                                  0x8 (size before relaxing)
 .ARM.exidx.text.init_sub_menu_list
                0x000103ac        0x0 ./Sources/menu.o
                                  0x8 (size before relaxing)
 .ARM.exidx.text.init_sub_menu2_list
                0x000103ac        0x0 ./Sources/menu.o
                                  0x8 (size before relaxing)
 .ARM.exidx.text.print_menu
                0x000103ac        0x8 ./Sources/menu.o
 .ARM.exidx.text.print_sub_menu
                0x000103b4        0x8 ./Sources/menu.o
 .ARM.exidx.text.print_sub_menu2
                0x000103bc        0x8 ./Sources/menu.o
 .ARM.exidx.text.menu_select
                0x000103c4        0x8 ./Sources/menu.o
 .ARM.exidx.text.menu_back
                0x000103cc        0x8 ./Sources/menu.o
 .ARM.exidx.text.refresh_menu
                0x000103d4        0x8 ./Sources/menu.o
 .ARM.exidx.text.void_function
                0x000103dc        0x8 ./Sources/menu.o
 .ARM.exidx.text.parameters_init
                0x000103e4        0x0 ./Sources/parameters.o
                                  0x8 (size before relaxing)
 .ARM.exidx.text.convert
                0x000103e4        0x0 ./Sources/parameters.o
                                  0x8 (size before relaxing)
 .ARM.exidx.text.serial_send_block
                0x000103e4        0x8 ./Sources/protocol.o
 .ARM.exidx.text.serial_send_float
                0x000103ec        0x8 ./Sources/protocol.o
 .ARM.exidx.text.serial_send_int
                0x000103f4        0x8 ./Sources/protocol.o
 .ARM.exidx.text.serial_send_string
                0x000103fc        0x8 ./Sources/protocol.o
 .ARM.exidx.text.serial_send_char
                0x00010404        0x8 ./Sources/protocol.o
 .ARM.exidx.text.serial_send_end
                0x0001040c        0x8 ./Sources/protocol.o
 .ARM.exidx.text.msg_parse
                0x00010414        0x8 ./Sources/protocol.o
 .ARM.exidx.text.msg_processing
                0x0001041c        0x8 ./Sources/protocol.o
 .ARM.exidx.text.select_baud_rate
                0x00010424        0x8 ./Sources/protocol.o
 .ARM.exidx.text.Send_Control_Mode
                0x0001042c        0x8 ./Sources/send.o
 .ARM.exidx.text.send_fct
                0x00010434        0x8 ./Sources/send.o
 .ARM.exidx.text.get_update_drive_en
                0x0001043c        0x8 ./Sources/send.o
 .ARM.exidx.text.get_update_value
                0x00010444        0x8 ./Sources/send.o
 .ARM.exidx.text.send_stop
                0x0001044c        0x8 ./Sources/send.o
 .ARM.exidx.text.send_velocity_cue
                0x00010454        0x0 ./Sources/send.o
                                  0x8 (size before relaxing)
 .ARM.exidx.text.send_position_cue
                0x00010454        0x0 ./Sources/send.o
                                  0x8 (size before relaxing)
 .ARM.exidx.text.velocity_processing
                0x00010454        0x8 ./Sources/send.o
 .ARM.exidx.text.velocity_ref_processing
                0x0001045c        0x0 ./Sources/send.o
                                  0x8 (size before relaxing)
 .ARM.exidx.text.acceleration_processing
                0x0001045c        0x0 ./Sources/send.o
                                  0x8 (size before relaxing)
 .ARM.exidx.text.deceleration_processing
                0x0001045c        0x0 ./Sources/send.o
                                  0x8 (size before relaxing)
 .ARM.exidx.text.torque_processing
                0x0001045c        0x0 ./Sources/send.o
                                  0x8 (size before relaxing)
 .ARM.exidx.text.torque_ref_processing
                0x0001045c        0x0 ./Sources/send.o
                                  0x8 (size before relaxing)
 .ARM.exidx.text.torque_rise_processing
                0x0001045c        0x0 ./Sources/send.o
                                  0x8 (size before relaxing)
 .ARM.exidx.text.torque_fall_processing
                0x0001045c        0x0 ./Sources/send.o
                                  0x8 (size before relaxing)
 .ARM.exidx.text.position_ref_processing
                0x0001045c        0x0 ./Sources/send.o
                                  0x8 (size before relaxing)
 .ARM.exidx.text.control_mode_processing
                0x0001045c        0x0 ./Sources/send.o
                                  0x8 (size before relaxing)
 .ARM.exidx.text.drive_enable_processing
                0x0001045c        0x0 ./Sources/send.o
                                  0x8 (size before relaxing)
 .ARM.exidx     0x00010164       0x88 c:/freescale/kds_v3/toolchain/bin/../lib/gcc/arm-none-eabi/4.8.4/armv7e-m\libgcc.a(unwind-arm.o)
                                 0xd8 (size before relaxing)
 .ARM.exidx     0x000101ec       0x38 c:/freescale/kds_v3/toolchain/bin/../lib/gcc/arm-none-eabi/4.8.4/armv7e-m\libgcc.a(pr-support.o)
                                 0x48 (size before relaxing)
                0x0001045c                __exidx_end = .

.rel.dyn        0x0001045c        0x0
 .rel.iplt      0x00000000        0x0 c:/freescale/kds_v3/toolchain/bin/../lib/gcc/arm-none-eabi/4.8.4/armv7e-m/crtbegin.o

.ctors          0x0001045c        0x0
                0x0001045c                __CTOR_LIST__ = .
 *crtbegin.o(.ctors)
 *(EXCLUDE_FILE(*crtend.o) .ctors)
 *(SORT(.ctors.*))
 *(.ctors)
                0x0001045c                __CTOR_END__ = .

.dtors          0x0001045c        0x0
                0x0001045c                __DTOR_LIST__ = .
 *crtbegin.o(.dtors)
 *(EXCLUDE_FILE(*crtend.o) .dtors)
 *(SORT(.dtors.*))
 *(.dtors)
                0x0001045c                __DTOR_END__ = .

.preinit_array  0x0001045c        0x0
                0x0001045c                PROVIDE (__preinit_array_start, .)
 *(.preinit_array*)
                0x0001045c                PROVIDE (__preinit_array_end, .)

.init_array     0x0001045c        0x8
                0x0001045c                PROVIDE (__init_array_start, .)
 *(SORT(.init_array.*))
 *(.init_array*)
 .init_array    0x0001045c        0x4 c:/freescale/kds_v3/toolchain/bin/../lib/gcc/arm-none-eabi/4.8.4/armv7e-m/crtbegin.o
 .init_array    0x00010460        0x4 ./Sources/display.o
                0x00010464                PROVIDE (__init_array_end, .)

.fini_array     0x00010464        0x4
                0x00010464                PROVIDE (__fini_array_start, .)
 *(SORT(.fini_array.*))
 *(.fini_array*)
 .fini_array    0x00010464        0x4 c:/freescale/kds_v3/toolchain/bin/../lib/gcc/arm-none-eabi/4.8.4/armv7e-m/crtbegin.o
                0x00010468                PROVIDE (__fini_array_end, .)
                0x00010468                ___ROM_AT = .

.data           0x1fff8000       0xf0 load address 0x00010468
                0x1fff8000                . = ALIGN (0x4)
                0x1fff8000                _sdata = .
 *(.data)
 *(.data*)
 .data._ZL6Get_OK
                0x1fff8000        0x4 ./Sources/protocol.o
 .data._ZL7Get_ERR
                0x1fff8004        0x4 ./Sources/protocol.o
 .data._ZL6Set_OK
                0x1fff8008        0x4 ./Sources/protocol.o
 .data._ZL7Set_ERR
                0x1fff800c        0x4 ./Sources/protocol.o
 .data._ZL8Velocity
                0x1fff8010        0x4 ./Sources/protocol.o
 .data._ZL12Velocity_ref
                0x1fff8014        0x4 ./Sources/protocol.o
 .data._ZL12Position_ref
                0x1fff8018        0x4 ./Sources/protocol.o
 .data._ZL8Set_Home
                0x1fff801c        0x4 ./Sources/protocol.o
 .data._ZL12Acceleration
                0x1fff8020        0x4 ./Sources/protocol.o
 .data._ZL12Deceleration
                0x1fff8024        0x4 ./Sources/protocol.o
 .data._ZL6Torque
                0x1fff8028        0x4 ./Sources/protocol.o
 .data._ZL10Torque_ref
                0x1fff802c        0x4 ./Sources/protocol.o
 .data._ZL11Torque_rise
                0x1fff8030        0x4 ./Sources/protocol.o
 .data._ZL11Torque_fall
                0x1fff8034        0x4 ./Sources/protocol.o
 .data._ZL12Drive_Enable
                0x1fff8038        0x4 ./Sources/protocol.o
 .data._ZL12Control_Mode
                0x1fff803c        0x4 ./Sources/protocol.o