Archive member included because of file (symbol)

c:/freescale/kds_v3/toolchain/bin/../lib/gcc/arm-none-eabi/4.8.4/armv7-m\libgcc.a(unwind-arm.o)
                              ./Sources/LCD.o (__aeabi_unwind_cpp_pr0)
c:/freescale/kds_v3/toolchain/bin/../lib/gcc/arm-none-eabi/4.8.4/armv7-m\libgcc.a(libunwind.o)
                              c:/freescale/kds_v3/toolchain/bin/../lib/gcc/arm-none-eabi/4.8.4/armv7-m\libgcc.a(unwind-arm.o) (restore_core_regs)
c:/freescale/kds_v3/toolchain/bin/../lib/gcc/arm-none-eabi/4.8.4/armv7-m\libgcc.a(pr-support.o)
                              c:/freescale/kds_v3/toolchain/bin/../lib/gcc/arm-none-eabi/4.8.4/armv7-m\libgcc.a(unwind-arm.o) (__gnu_unwind_execute)
c:/freescale/kds_v3/toolchain/bin/../lib/gcc/arm-none-eabi/4.8.4/../../../../arm-none-eabi/lib/armv7-m\libg.a(lib_a-abort.o)
                              c:/freescale/kds_v3/toolchain/bin/../lib/gcc/arm-none-eabi/4.8.4/armv7-m\libgcc.a(unwind-arm.o) (abort)
c:/freescale/kds_v3/toolchain/bin/../lib/gcc/arm-none-eabi/4.8.4/../../../../arm-none-eabi/lib/armv7-m\libg.a(lib_a-exit.o)
                              c:/freescale/kds_v3/toolchain/bin/../lib/gcc/arm-none-eabi/4.8.4/../../../../arm-none-eabi/lib/armv7-m/crt0.o (exit)
c:/freescale/kds_v3/toolchain/bin/../lib/gcc/arm-none-eabi/4.8.4/../../../../arm-none-eabi/lib/armv7-m\libg.a(lib_a-impure.o)
                              c:/freescale/kds_v3/toolchain/bin/../lib/gcc/arm-none-eabi/4.8.4/../../../../arm-none-eabi/lib/armv7-m\libg.a(lib_a-exit.o) (_global_impure_ptr)
c:/freescale/kds_v3/toolchain/bin/../lib/gcc/arm-none-eabi/4.8.4/../../../../arm-none-eabi/lib/armv7-m\libg.a(lib_a-init.o)
                              c:/freescale/kds_v3/toolchain/bin/../lib/gcc/arm-none-eabi/4.8.4/../../../../arm-none-eabi/lib/armv7-m/crt0.o (__libc_init_array)
c:/freescale/kds_v3/toolchain/bin/../lib/gcc/arm-none-eabi/4.8.4/../../../../arm-none-eabi/lib/armv7-m\libg.a(lib_a-memcpy.o)
                              c:/freescale/kds_v3/toolchain/bin/../lib/gcc/arm-none-eabi/4.8.4/armv7-m\libgcc.a(unwind-arm.o) (memcpy)
c:/freescale/kds_v3/toolchain/bin/../lib/gcc/arm-none-eabi/4.8.4/../../../../arm-none-eabi/lib/armv7-m\libg.a(lib_a-memset.o)
                              c:/freescale/kds_v3/toolchain/bin/../lib/gcc/arm-none-eabi/4.8.4/../../../../arm-none-eabi/lib/armv7-m/crt0.o (memset)
c:/freescale/kds_v3/toolchain/bin/../lib/gcc/arm-none-eabi/4.8.4/../../../../arm-none-eabi/lib/armv7-m\libg.a(lib_a-signal.o)
                              c:/freescale/kds_v3/toolchain/bin/../lib/gcc/arm-none-eabi/4.8.4/../../../../arm-none-eabi/lib/armv7-m\libg.a(lib_a-abort.o) (raise)
c:/freescale/kds_v3/toolchain/bin/../lib/gcc/arm-none-eabi/4.8.4/../../../../arm-none-eabi/lib/armv7-m\libg.a(lib_a-signalr.o)
                              c:/freescale/kds_v3/toolchain/bin/../lib/gcc/arm-none-eabi/4.8.4/../../../../arm-none-eabi/lib/armv7-m\libg.a(lib_a-signal.o) (_kill_r)
c:/freescale/kds_v3/toolchain/bin/../lib/gcc/arm-none-eabi/4.8.4/../../../../arm-none-eabi/lib/armv7-m\libg.a(lib_a-__call_atexit.o)
                              c:/freescale/kds_v3/toolchain/bin/../lib/gcc/arm-none-eabi/4.8.4/../../../../arm-none-eabi/lib/armv7-m\libg.a(lib_a-exit.o) (__call_exitprocs)
c:/freescale/kds_v3/toolchain/bin/../lib/gcc/arm-none-eabi/4.8.4/../../../../arm-none-eabi/lib/armv7-m\libg.a(lib_a-atexit.o)
                              c:/freescale/kds_v3/toolchain/bin/../lib/gcc/arm-none-eabi/4.8.4/../../../../arm-none-eabi/lib/armv7-m\libg.a(lib_a-__call_atexit.o) (atexit)
c:/freescale/kds_v3/toolchain/bin/../lib/gcc/arm-none-eabi/4.8.4/../../../../arm-none-eabi/lib/armv7-m\libg.a(lib_a-fini.o)
                              c:/freescale/kds_v3/toolchain/bin/../lib/gcc/arm-none-eabi/4.8.4/../../../../arm-none-eabi/lib/armv7-m\libg.a(lib_a-__call_atexit.o) (__libc_fini_array)
c:/freescale/kds_v3/toolchain/bin/../lib/gcc/arm-none-eabi/4.8.4/../../../../arm-none-eabi/lib/armv7-m\libg.a(lib_a-mallocr.o)
                              c:/freescale/kds_v3/toolchain/bin/../lib/gcc/arm-none-eabi/4.8.4/../../../../arm-none-eabi/lib/armv7-m\libg.a(lib_a-signal.o) (_malloc_r)
c:/freescale/kds_v3/toolchain/bin/../lib/gcc/arm-none-eabi/4.8.4/../../../../arm-none-eabi/lib/armv7-m\libg.a(lib_a-mlock.o)
                              c:/freescale/kds_v3/toolchain/bin/../lib/gcc/arm-none-eabi/4.8.4/../../../../arm-none-eabi/lib/armv7-m\libg.a(lib_a-mallocr.o) (__malloc_lock)
c:/freescale/kds_v3/toolchain/bin/../lib/gcc/arm-none-eabi/4.8.4/../../../../arm-none-eabi/lib/armv7-m\libg.a(lib_a-reent.o)
                              c:/freescale/kds_v3/toolchain/bin/../lib/gcc/arm-none-eabi/4.8.4/../../../../arm-none-eabi/lib/armv7-m\libg.a(lib_a-signalr.o) (errno)
c:/freescale/kds_v3/toolchain/bin/../lib/gcc/arm-none-eabi/4.8.4/../../../../arm-none-eabi/lib/armv7-m\libg.a(lib_a-sbrkr.o)
                              c:/freescale/kds_v3/toolchain/bin/../lib/gcc/arm-none-eabi/4.8.4/../../../../arm-none-eabi/lib/armv7-m\libg.a(lib_a-mallocr.o) (_sbrk_r)
c:/freescale/kds_v3/toolchain/bin/../lib/gcc/arm-none-eabi/4.8.4/../../../../arm-none-eabi/lib/armv7-m\libg.a(lib_a-__atexit.o)
                              c:/freescale/kds_v3/toolchain/bin/../lib/gcc/arm-none-eabi/4.8.4/../../../../arm-none-eabi/lib/armv7-m\libg.a(lib_a-atexit.o) (__register_exitproc)
c:/freescale/kds_v3/toolchain/bin/../lib/gcc/arm-none-eabi/4.8.4/../../../../arm-none-eabi/lib/armv7-m\libg.a(lib_a-freer.o)
                              c:/freescale/kds_v3/toolchain/bin/../lib/gcc/arm-none-eabi/4.8.4/../../../../arm-none-eabi/lib/armv7-m\libg.a(lib_a-mallocr.o) (_free_r)

Allocating common symbols
Common symbol       size              file

ASerialLdd1_DeviceDataPtr
                    0x4               ./Generated_Code/AS1.o
I2C0_SndRcvTemp     0x2               ./Generated_Code/I2C0.o
errno               0x4               c:/freescale/kds_v3/toolchain/bin/../lib/gcc/arm-none-eabi/4.8.4/../../../../arm-none-eabi/lib/armv7-m\libg.a(lib_a-reent.o)
IntI2cLdd1_DeviceDataPtr
                    0x4               ./Generated_Code/I2C0.o
SR_reg              0x1               ./Generated_Code/Cpu.o
PCA_SndRcvTemp      0x2               ./Generated_Code/PCA.o

Memory Configuration

Name             Origin             Length             Attributes
*default*        0x00000000         0xffffffff

Linker script and memory map

LOAD c:/freescale/kds_v3/toolchain/bin/../lib/gcc/arm-none-eabi/4.8.4/armv7-m/crti.o
LOAD c:/freescale/kds_v3/toolchain/bin/../lib/gcc/arm-none-eabi/4.8.4/armv7-m/crtbegin.o
LOAD c:/freescale/kds_v3/toolchain/bin/../lib/gcc/arm-none-eabi/4.8.4/../../../../arm-none-eabi/lib/armv7-m/crt0.o
LOAD ./Sources/Events.o
LOAD ./Sources/LCD.o
LOAD ./Sources/PCA9670.o
LOAD ./Sources/display.o
LOAD ./Sources/main.o
LOAD ./Sources/menu.o
LOAD ./Sources/protocol.o
LOAD ./Project_Settings/Startup_Code/startup.o
LOAD ./Generated_Code/AS1.o
LOAD ./Generated_Code/ASerialLdd1.o
LOAD ./Generated_Code/BitIoLdd1.o
LOAD ./Generated_Code/BitIoLdd2.o
LOAD ./Generated_Code/BitIoLdd3.o
LOAD ./Generated_Code/BitIoLdd4.o
LOAD ./Generated_Code/BitIoLdd5.o
LOAD ./Generated_Code/CS1.o
LOAD ./Generated_Code/Cpu.o
LOAD ./Generated_Code/ENCODER.o
LOAD ./Generated_Code/ENCODER_PUSH.o
LOAD ./Generated_Code/ExtIntLdd1.o
LOAD ./Generated_Code/ExtIntLdd2.o
LOAD ./Generated_Code/ExtIntLdd3.o
LOAD ./Generated_Code/ExtIntLdd4.o
LOAD ./Generated_Code/ExtIntLdd5.o
LOAD ./Generated_Code/I2C0.o
LOAD ./Generated_Code/IntI2cLdd1.o
LOAD ./Generated_Code/KSDK1.o
LOAD ./Generated_Code/LED_DEBUG.o
LOAD ./Generated_Code/LED_STATUS_1.o
LOAD ./Generated_Code/LED_STATUS_2.o
LOAD ./Generated_Code/LED_STATUS_3.o
LOAD ./Generated_Code/LED_STATUS_4.o
LOAD ./Generated_Code/LEVER_DIR1.o
LOAD ./Generated_Code/LEVER_DIR2.o
LOAD ./Generated_Code/PCA.o
LOAD ./Generated_Code/PE_LDD.o
LOAD ./Generated_Code/PUSH_BUTTON_REC.o
LOAD ./Generated_Code/PUSH_BUTTON_SEND.o
LOAD ./Generated_Code/T_100ms.o
LOAD ./Generated_Code/T_500ms.o
LOAD ./Generated_Code/Vectors.o
LOAD ./Generated_Code/WAIT1.o
LOAD c:/freescale/kds_v3/toolchain/bin/../lib/gcc/arm-none-eabi/4.8.4/../../../../arm-none-eabi/lib/armv7-m\libstdc++.a
LOAD c:/freescale/kds_v3/toolchain/bin/../lib/gcc/arm-none-eabi/4.8.4/../../../../arm-none-eabi/lib/armv7-m\libm.a
START GROUP
LOAD c:/freescale/kds_v3/toolchain/bin/../lib/gcc/arm-none-eabi/4.8.4/armv7-m\libgcc.a
LOAD c:/freescale/kds_v3/toolchain/bin/../lib/gcc/arm-none-eabi/4.8.4/../../../../arm-none-eabi/lib/armv7-m\libg.a
LOAD c:/freescale/kds_v3/toolchain/bin/../lib/gcc/arm-none-eabi/4.8.4/../../../../arm-none-eabi/lib/armv7-m\libc.a
END GROUP
LOAD c:/freescale/kds_v3/toolchain/bin/../lib/gcc/arm-none-eabi/4.8.4/armv7-m/crtend.o
LOAD c:/freescale/kds_v3/toolchain/bin/../lib/gcc/arm-none-eabi/4.8.4/armv7-m/crtn.o
                0x00008000                PROVIDE (__executable_start, 0x8000)
                0x00008000                . = 0x8000

.interp
 *(.interp)

.note.gnu.build-id
 *(.note.gnu.build-id)

.hash
 *(.hash)

.gnu.hash
 *(.gnu.hash)

.dynsym
 *(.dynsym)

.dynstr
 *(.dynstr)

.gnu.version
 *(.gnu.version)

.gnu.version_d
 *(.gnu.version_d)

.gnu.version_r
 *(.gnu.version_r)

.rel.dyn        0x00008000        0x0
 *(.rel.init)
 *(.rel.text .rel.text.* .rel.gnu.linkonce.t.*)
 *(.rel.fini)
 *(.rel.rodata .rel.rodata.* .rel.gnu.linkonce.r.*)
 *(.rel.data.rel.ro .rel.data.rel.ro.* .rel.gnu.linkonce.d.rel.ro.*)
 *(.rel.data .rel.data.* .rel.gnu.linkonce.d.*)
 *(.rel.tdata .rel.tdata.* .rel.gnu.linkonce.td.*)
 *(.rel.tbss .rel.tbss.* .rel.gnu.linkonce.tb.*)
 *(.rel.ctors)
 *(.rel.dtors)
 *(.rel.got)
 *(.rel.bss .rel.bss.* .rel.gnu.linkonce.b.*)
                0x00008000                PROVIDE (__rel_iplt_start, .)
 *(.rel.iplt)
 .rel.iplt      0x00000000        0x0 c:/freescale/kds_v3/toolchain/bin/../lib/gcc/arm-none-eabi/4.8.4/armv7-m/crtbegin.o
                0x00008000                PROVIDE (__rel_iplt_end, .)
                0x00008000                PROVIDE (__rela_iplt_start, .)
                0x00008000                PROVIDE (__rela_iplt_end, .)

.rela.dyn       0x00008000        0x0
 *(.rela.init)
 *(.rela.text .rela.text.* .rela.gnu.linkonce.t.*)
 *(.rela.fini)
 *(.rela.rodata .rela.rodata.* .rela.gnu.linkonce.r.*)
 *(.rela.data .rela.data.* .rela.gnu.linkonce.d.*)
 *(.rela.tdata .rela.tdata.* .rela.gnu.linkonce.td.*)
 *(.rela.tbss .rela.tbss.* .rela.gnu.linkonce.tb.*)
 *(.rela.ctors)
 *(.rela.dtors)
 *(.rela.got)
 *(.rela.bss .rela.bss.* .rela.gnu.linkonce.b.*)
                0x00008000                PROVIDE (__rel_iplt_start, .)
                0x00008000                PROVIDE (__rel_iplt_end, .)
                0x00008000                PROVIDE (__rela_iplt_start, .)
 *(.rela.iplt)
                0x00008000                PROVIDE (__rela_iplt_end, .)

.rel.plt
 *(.rel.plt)

.rela.plt
 *(.rela.plt)

.init           0x00008000        0xc
 *(SORT(.init))
 .init          0x00008000        0x4 c:/freescale/kds_v3/toolchain/bin/../lib/gcc/arm-none-eabi/4.8.4/armv7-m/crti.o
                0x00008000                _init
 .init          0x00008004        0x8 c:/freescale/kds_v3/toolchain/bin/../lib/gcc/arm-none-eabi/4.8.4/armv7-m/crtn.o

.plt
 *(.plt)

.iplt           0x0000800c        0x0
 *(.iplt)
 .iplt          0x00000000        0x0 c:/freescale/kds_v3/toolchain/bin/../lib/gcc/arm-none-eabi/4.8.4/armv7-m/crtbegin.o

.text           0x0000800c     0x3cd8
 *(.text.unlikely .text.*_unlikely)
 *(.text.exit .text.exit.*)
 .text.exit     0x0000800c       0x20 c:/freescale/kds_v3/toolchain/bin/../lib/gcc/arm-none-eabi/4.8.4/../../../../arm-none-eabi/lib/armv7-m\libg.a(lib_a-exit.o)
                0x0000800c                exit
 *(.text.startup .text.startup.*)
 .text.startup  0x0000802c        0x8 ./Sources/main.o
                0x0000802c                main
 .text.startup.register_fini
                0x00008034       0x14 c:/freescale/kds_v3/toolchain/bin/../lib/gcc/arm-none-eabi/4.8.4/../../../../arm-none-eabi/lib/armv7-m\libg.a(lib_a-__call_atexit.o)
 *(.text.hot .text.hot.*)
 *(.text .stub .text.* .gnu.linkonce.t.*)
 .text          0x00008048        0x0 c:/freescale/kds_v3/toolchain/bin/../lib/gcc/arm-none-eabi/4.8.4/armv7-m/crti.o
 .text          0x00008048       0x54 c:/freescale/kds_v3/toolchain/bin/../lib/gcc/arm-none-eabi/4.8.4/armv7-m/crtbegin.o
 .text          0x0000809c       0x74 c:/freescale/kds_v3/toolchain/bin/../lib/gcc/arm-none-eabi/4.8.4/../../../../arm-none-eabi/lib/armv7-m/crt0.o
                0x0000809c                _start
                0x0000809c                _mainCRTStartup
 .text          0x00008110       0x3c ./Sources/Events.o
                0x00008110                PUSH_BUTTON_REC_OnInterrupt
                0x00008114                PUSH_BUTTON_SEND_OnInterrupt
                0x00008118                I2C0_OnReceiveData
                0x0000811c                I2C0_OnTransmitData
                0x00008120                T_100ms_OnCounterRestart
                0x00008124                LEVER_DIR2_OnInterrupt
                0x00008128                LEVER_DIR1_OnInterrupt
                0x0000812c                ENCODER_PUSH_OnInterrupt
                0x00008130                ENCODER_OnPortEvent
                0x00008134                T_500ms_OnCounterRestart
                0x00008138                Cpu_OnNMIINT
                0x0000813c                I2C0_OnArbitLost
                0x00008140                AS1_OnError
                0x00008144                AS1_OnRxChar
                0x00008148                AS1_OnTxChar
 .text          0x0000814c      0x10c ./Sources/LCD.o
                0x0000814c                LCD_Init
                0x000081b4                LCD_command
                0x000081d0                LCD_Clear
                0x000081d8                LCD_Cursor_On
                0x000081e0                LCD_Cursor_Off
                0x000081e8                LCD_Cursor_Hone
                0x000081f0                LCD_Set_Cursor
                0x00008234                LCD_Cursor_On_At
                0x00008244                LCD_Write
 .text          0x00008258       0x24 ./Sources/PCA9670.o
                0x00008258                PCA9670_Init
 .text          0x0000827c      0x1e4 ./Sources/display.o
                0x0000827c                velocity_fct
                0x00008280                acceleration_fct
                0x00008284                deceleration_fct
                0x00008288                back_fct
                0x0000828c                pos_velocity_fct
                0x00008290                pos_acceleration_fct
                0x00008294                pos_deceleration_fct
                0x00008298                torque_fct
                0x0000829c                torque_rise_fct
                0x000082a0                torque_fall_fct
                0x000082a4                led_init
                0x0000836c                menu_init
 .text          0x00008460        0x0 ./Sources/main.o
 .text          0x00008460       0x8c ./Sources/menu.o
                0x00008460                void_function
                0x00008464                init_menu
                0x0000846c                init_sub_menu
                0x00008484                print_menu
                0x00008488                print_sub_menu
                0x0000848c                menu_select
                0x0000849c                sub_menu_select
                0x000084b8                menu_back
 .text          0x000084ec       0xb8 ./Sources/protocol.o
                0x000084ec                serial_send_block
                0x00008564                serial_send_string
                0x00008578                serial_send_char
                0x0000857c                format_length
                0x00008598                test_protocol
 .text          0x000085a4       0xc0 ./Project_Settings/Startup_Code/startup.o
                0x000085a4                __copy_rom_section
                0x000085e8                __copy_rom_sections_to_ram
                0x0000861c                __init_registers
                0x00008624                __init_user
                0x00008628                __thumb_startup
                0x0000865c                __iar_program_start
 .text          0x00008664      0x20c ./Generated_Code/AS1.o
                0x00008664                AS1_RecvChar
                0x000086e8                AS1_SendChar
                0x00008768                AS1_GetCharsInRxBuf
                0x00008778                AS1_GetCharsInTxBuf
                0x00008788                AS1_Init
                0x000087b0                ASerialLdd1_OnBlockReceived
                0x000087ec                ASerialLdd1_OnBlockSent
                0x00008808                ASerialLdd1_OnError
                0x00008860                ASerialLdd1_OnBreak
 .text          0x00008870      0x34c ./Generated_Code/ASerialLdd1.o
                0x00008870                ASerialLdd1_Init
                0x00008960                ASerialLdd1_ReceiveBlock
                0x000089c8                ASerialLdd1_SendBlock
                0x00008a4c                ASerialLdd1_Interrupt
                0x00008b68                ASerialLdd1_GetError
 .text          0x00008bbc       0x90 ./Generated_Code/BitIoLdd1.o
                0x00008bbc                BitIoLdd1_Init
                0x00008c04                BitIoLdd1_GetVal
                0x00008c14                BitIoLdd1_PutVal
                0x00008c28                BitIoLdd1_ClrVal
                0x00008c34                BitIoLdd1_SetVal
                0x00008c40                BitIoLdd1_NegVal
 .text          0x00008c4c       0x90 ./Generated_Code/BitIoLdd2.o
                0x00008c4c                BitIoLdd2_Init
                0x00008c94                BitIoLdd2_GetVal
                0x00008ca4                BitIoLdd2_PutVal
                0x00008cb8                BitIoLdd2_ClrVal
                0x00008cc4                BitIoLdd2_SetVal
                0x00008cd0                BitIoLdd2_NegVal
 .text          0x00008cdc       0x90 ./Generated_Code/BitIoLdd3.o
                0x00008cdc                BitIoLdd3_Init
                0x00008d24                BitIoLdd3_GetVal
                0x00008d34                BitIoLdd3_PutVal
                0x00008d48                BitIoLdd3_ClrVal
                0x00008d54                BitIoLdd3_SetVal
                0x00008d60                BitIoLdd3_NegVal
 .text          0x00008d6c       0x84 ./Generated_Code/BitIoLdd4.o
                0x00008d6c                BitIoLdd4_Init
                0x00008db4                BitIoLdd4_GetVal
                0x00008dc4                BitIoLdd4_PutVal
                0x00008dd8                BitIoLdd4_ClrVal
                0x00008de4                BitIoLdd4_SetVal
 .text          0x00008df0       0x84 ./Generated_Code/BitIoLdd5.o
                0x00008df0                BitIoLdd5_Init
                0x00008e38                BitIoLdd5_GetVal
                0x00008e48                BitIoLdd5_PutVal
                0x00008e5c                BitIoLdd5_ClrVal
                0x00008e68                BitIoLdd5_SetVal
 .text          0x00008e74        0x0 ./Generated_Code/CS1.o
 .text          0x00008e74      0x210 ./Generated_Code/Cpu.o
                0x00008e74                Cpu_ivINT_PORTC
                0x00008ea0                Cpu_INT_NMIInterrupt
                0x00008eb8                Cpu_Interrupt
                0x00008ecc                __init_hardware
                0x00008fa8                Cpu_SetBASEPRI
                0x00008fb0                PE_low_level_init
 .text          0x00009084      0x1c0 ./Generated_Code/ENCODER.o
                0x00009084                ENCODER_Init
                0x00009104                ENCODER_GetEventMask
                0x00009108                ENCODER_GetPortEventStatus
                0x00009154                ENCODER_SetFieldValue
                0x00009188                ENCODER_GetFieldValue
                0x000091ac                ENCODER_ClearFieldBits
                0x000091d0                ENCODER_SetFieldBits
                0x000091f4                ENCODER_ToggleFieldBits
                0x00009218                ENCODER_Interrupt
 .text          0x00009244        0x4 ./Generated_Code/ENCODER_PUSH.o
                0x00009244                ExtIntLdd1_OnInterrupt
 .text          0x00009248       0x90 ./Generated_Code/ExtIntLdd1.o
                0x00009248                ExtIntLdd1_Init
                0x000092a4                ExtIntLdd1_Interrupt
                0x000092c8                ExtIntLdd1_GetVal
 .text          0x000092d8       0x90 ./Generated_Code/ExtIntLdd2.o
                0x000092d8                ExtIntLdd2_Init
                0x00009334                ExtIntLdd2_Interrupt
                0x00009358                ExtIntLdd2_GetVal
 .text          0x00009368       0x90 ./Generated_Code/ExtIntLdd3.o
                0x00009368                ExtIntLdd3_Init
                0x000093c4                ExtIntLdd3_Interrupt
                0x000093e8                ExtIntLdd3_GetVal
 .text          0x000093f8       0x8c ./Generated_Code/ExtIntLdd4.o
                0x000093f8                ExtIntLdd4_Init
                0x00009450                ExtIntLdd4_Interrupt
                0x00009474                ExtIntLdd4_GetVal
 .text          0x00009484       0x8c ./Generated_Code/ExtIntLdd5.o
                0x00009484                ExtIntLdd5_Init
                0x000094dc                ExtIntLdd5_Interrupt
                0x00009500                ExtIntLdd5_GetVal
 .text          0x00009510      0x210 ./Generated_Code/I2C0.o
                0x00009510                I2C0_SendBlock
                0x000095a0                I2C0_SendChar
                0x000095b8                I2C0_RecvBlock
                0x00009644                I2C0_SendStop
                0x00009674                I2C0_GetCharsInTxBuf
                0x00009690                I2C0_GetCharsInRxBuf
                0x0000969c                I2C0_SelectSlave
                0x000096b4                I2C0_Init
                0x000096d0                IntI2cLdd1_OnMasterBlockSent
                0x000096e4                IntI2cLdd1_OnMasterBlockReceived
                0x000096f8                IntI2cLdd1_OnError
 .text          0x00009720      0x524 ./Generated_Code/IntI2cLdd1.o
                0x00009720                IntI2cLdd1_Interrupt
                0x000098a4                IntI2cLdd1_Init
                0x00009988                IntI2cLdd1_MasterSendBlock
                0x00009a74                IntI2cLdd1_MasterGetSentDataNum
                0x00009a78                IntI2cLdd1_MasterReceiveBlock
                0x00009b64                IntI2cLdd1_MasterGetReceivedDataNum
                0x00009b68                IntI2cLdd1_SelectSlaveDevice
                0x00009bd8                IntI2cLdd1_GetError
                0x00009c2c                IntI2cLdd1_CheckBus
 .text          0x00009c44        0x0 ./Generated_Code/KSDK1.o
 .text          0x00009c44        0x0 ./Generated_Code/LED_DEBUG.o
 .text          0x00009c44        0x0 ./Generated_Code/LED_STATUS_1.o
 .text          0x00009c44        0x0 ./Generated_Code/LED_STATUS_2.o
 .text          0x00009c44        0x0 ./Generated_Code/LED_STATUS_3.o
 .text          0x00009c44        0x0 ./Generated_Code/LED_STATUS_4.o
 .text          0x00009c44        0x4 ./Generated_Code/LEVER_DIR1.o
                0x00009c44                ExtIntLdd2_OnInterrupt
 .text          0x00009c48        0x4 ./Generated_Code/LEVER_DIR2.o
                0x00009c48                ExtIntLdd3_OnInterrupt
 .text          0x00009c4c      0x170 ./Generated_Code/PCA.o
                0x00009c4c                PCA_SendBlock
                0x00009cd0                PCA_SendChar
                0x00009ce8                PCA_RecvBlock
                0x00009d60                PCA_GetCharsInTxBuf
                0x00009d7c                PCA_GetCharsInRxBuf
                0x00009d88                PCA_SelectSlave
                0x00009da0                PCA_Init
 .text          0x00009dbc       0x58 ./Generated_Code/PE_LDD.o
                0x00009dbc                PE_FillMemory
                0x00009dcc                PE_PeripheralUsed
                0x00009e10                LDD_SetClockConfiguration
 .text          0x00009e14        0x4 ./Generated_Code/PUSH_BUTTON_REC.o
                0x00009e14                ExtIntLdd5_OnInterrupt
 .text          0x00009e18        0x4 ./Generated_Code/PUSH_BUTTON_SEND.o
                0x00009e18                ExtIntLdd4_OnInterrupt
 .text          0x00009e1c       0xe0 ./Generated_Code/T_100ms.o
                0x00009e1c                T_100ms_Init
                0x00009e94                T_100ms_Enable
                0x00009eac                T_100ms_Disable
                0x00009ec0                T_100ms_Interrupt
 .text          0x00009efc       0xbc ./Generated_Code/T_500ms.o
                0x00009efc                T_500ms_Init
                0x00009f7c                T_500ms_Interrupt
 .text          0x00009fb8        0x0 ./Generated_Code/Vectors.o
 .text          0x00009fb8       0x90 ./Generated_Code/WAIT1.o
                0x00009fb8                WAIT1_Wait10Cycles
                0x00009fc0                WAIT1_Wait100Cycles
                0x00009fdc                WAIT1_WaitCycles
                0x0000a004                WAIT1_WaitLongCycles
                0x0000a02c                WAIT1_Waitms
 .text          0x0000a048      0xa28 c:/freescale/kds_v3/toolchain/bin/../lib/gcc/arm-none-eabi/4.8.4/armv7-m\libgcc.a(unwind-arm.o)
                0x0000a32c                _Unwind_GetCFA
                0x0000a330                __gnu_Unwind_RaiseException
                0x0000a390                __gnu_Unwind_ForcedUnwind
                0x0000a3a4                __gnu_Unwind_Resume
                0x0000a3e8                __gnu_Unwind_Resume_or_Rethrow
                0x0000a404                _Unwind_Complete
                0x0000a408                _Unwind_DeleteException
                0x0000a418                _Unwind_VRS_Get
                0x0000a468                _Unwind_VRS_Set
                0x0000a4b8                __gnu_Unwind_Backtrace
                0x0000a80c                __aeabi_unwind_cpp_pr0
                0x0000a814                __aeabi_unwind_cpp_pr1
                0x0000a81c                __aeabi_unwind_cpp_pr2
                0x0000a824                _Unwind_VRS_Pop
 .text          0x0000aa70      0x1ac c:/freescale/kds_v3/toolchain/bin/../lib/gcc/arm-none-eabi/4.8.4/armv7-m\libgcc.a(libunwind.o)
                0x0000aa70                __restore_core_regs
                0x0000aa70                restore_core_regs
                0x0000aa88                __gnu_Unwind_Restore_VFP
                0x0000aa90                __gnu_Unwind_Save_VFP
                0x0000aa98                __gnu_Unwind_Restore_VFP_D
                0x0000aaa0                __gnu_Unwind_Save_VFP_D
                0x0000aaa8                __gnu_Unwind_Restore_VFP_D_16_to_31
                0x0000aab0                __gnu_Unwind_Save_VFP_D_16_to_31
                0x0000aab8                __gnu_Unwind_Restore_WMMXD
                0x0000aafc                __gnu_Unwind_Save_WMMXD
                0x0000ab40                __gnu_Unwind_Restore_WMMXC
                0x0000ab54                __gnu_Unwind_Save_WMMXC
                0x0000ab68                ___Unwind_RaiseException
                0x0000ab68                _Unwind_RaiseException
                0x0000ab8c                _Unwind_Resume
                0x0000ab8c                ___Unwind_Resume
                0x0000abb0                _Unwind_Resume_or_Rethrow
                0x0000abb0                ___Unwind_Resume_or_Rethrow
                0x0000abd4                _Unwind_ForcedUnwind
                0x0000abd4                ___Unwind_ForcedUnwind
                0x0000abf8                ___Unwind_Backtrace
                0x0000abf8                _Unwind_Backtrace
 .text          0x0000ac1c      0x33c c:/freescale/kds_v3/toolchain/bin/../lib/gcc/arm-none-eabi/4.8.4/armv7-m\libgcc.a(pr-support.o)
                0x0000ac70                __gnu_unwind_execute
                0x0000af00                __gnu_unwind_frame
                0x0000af28                _Unwind_GetRegionStart
                0x0000af34                _Unwind_GetLanguageSpecificData
                0x0000af48                _Unwind_GetDataRelBase
                0x0000af50                _Unwind_GetTextRelBase
 .text          0x0000af58        0x0 c:/freescale/kds_v3/toolchain/bin/../lib/gcc/arm-none-eabi/4.8.4/../../../../arm-none-eabi/lib/armv7-m\libg.a(lib_a-abort.o)
 .text.abort    0x0000af58       0x10 c:/freescale/kds_v3/toolchain/bin/../lib/gcc/arm-none-eabi/4.8.4/../../../../arm-none-eabi/lib/armv7-m\libg.a(lib_a-abort.o)
                0x0000af58                abort
 .text          0x0000af68        0x0 c:/freescale/kds_v3/toolchain/bin/../lib/gcc/arm-none-eabi/4.8.4/../../../../arm-none-eabi/lib/armv7-m\libg.a(lib_a-exit.o)
 .text          0x0000af68        0x0 c:/freescale/kds_v3/toolchain/bin/../lib/gcc/arm-none-eabi/4.8.4/../../../../arm-none-eabi/lib/armv7-m\libg.a(lib_a-impure.o)
 .text          0x0000af68        0x0 c:/freescale/kds_v3/toolchain/bin/../lib/gcc/arm-none-eabi/4.8.4/../../../../arm-none-eabi/lib/armv7-m\libg.a(lib_a-init.o)
 .text.__libc_init_array
                0x0000af68       0x50 c:/freescale/kds_v3/toolchain/bin/../lib/gcc/arm-none-eabi/4.8.4/../../../../arm-none-eabi/lib/armv7-m\libg.a(lib_a-init.o)
                0x0000af68                __libc_init_array
 .text          0x0000afb8       0xec c:/freescale/kds_v3/toolchain/bin/../lib/gcc/arm-none-eabi/4.8.4/../../../../arm-none-eabi/lib/armv7-m\libg.a(lib_a-memcpy.o)
                0x0000afb8                memcpy
 .text          0x0000b0a4        0x0 c:/freescale/kds_v3/toolchain/bin/../lib/gcc/arm-none-eabi/4.8.4/../../../../arm-none-eabi/lib/armv7-m\libg.a(lib_a-memset.o)
 .text.memset   0x0000b0a4       0x94 c:/freescale/kds_v3/toolchain/bin/../lib/gcc/arm-none-eabi/4.8.4/../../../../arm-none-eabi/lib/armv7-m\libg.a(lib_a-memset.o)
                0x0000b0a4                memset
 .text          0x0000b138        0x0 c:/freescale/kds_v3/toolchain/bin/../lib/gcc/arm-none-eabi/4.8.4/../../../../arm-none-eabi/lib/armv7-m\libg.a(lib_a-signal.o)
 .text._init_signal_r
                0x0000b138       0x38 c:/freescale/kds_v3/toolchain/bin/../lib/gcc/arm-none-eabi/4.8.4/../../../../arm-none-eabi/lib/armv7-m\libg.a(lib_a-signal.o)
                0x0000b138                _init_signal_r
 .text._signal_r
                0x0000b170       0x44 c:/freescale/kds_v3/toolchain/bin/../lib/gcc/arm-none-eabi/4.8.4/../../../../arm-none-eabi/lib/armv7-m\libg.a(lib_a-signal.o)
                0x0000b170                _signal_r
 .text._raise_r
                0x0000b1b4       0x58 c:/freescale/kds_v3/toolchain/bin/../lib/gcc/arm-none-eabi/4.8.4/../../../../arm-none-eabi/lib/armv7-m\libg.a(lib_a-signal.o)
                0x0000b1b4                _raise_r
 .text.__sigtramp_r
                0x0000b20c       0x58 c:/freescale/kds_v3/toolchain/bin/../lib/gcc/arm-none-eabi/4.8.4/../../../../arm-none-eabi/lib/armv7-m\libg.a(lib_a-signal.o)
                0x0000b20c                __sigtramp_r
 .text.raise    0x0000b264       0x10 c:/freescale/kds_v3/toolchain/bin/../lib/gcc/arm-none-eabi/4.8.4/../../../../arm-none-eabi/lib/armv7-m\libg.a(lib_a-signal.o)
                0x0000b264                raise
 .text.signal   0x0000b274       0x10 c:/freescale/kds_v3/toolchain/bin/../lib/gcc/arm-none-eabi/4.8.4/../../../../arm-none-eabi/lib/armv7-m\libg.a(lib_a-signal.o)
                0x0000b274                signal
 .text._init_signal
                0x0000b284        0xc c:/freescale/kds_v3/toolchain/bin/../lib/gcc/arm-none-eabi/4.8.4/../../../../arm-none-eabi/lib/armv7-m\libg.a(lib_a-signal.o)
                0x0000b284                _init_signal
 .text.__sigtramp
                0x0000b290       0x10 c:/freescale/kds_v3/toolchain/bin/../lib/gcc/arm-none-eabi/4.8.4/../../../../arm-none-eabi/lib/armv7-m\libg.a(lib_a-signal.o)
                0x0000b290                __sigtramp
 .text          0x0000b2a0        0x0 c:/freescale/kds_v3/toolchain/bin/../lib/gcc/arm-none-eabi/4.8.4/../../../../arm-none-eabi/lib/armv7-m\libg.a(lib_a-signalr.o)
 .text._kill_r  0x0000b2a0       0x28 c:/freescale/kds_v3/toolchain/bin/../lib/gcc/arm-none-eabi/4.8.4/../../../../arm-none-eabi/lib/armv7-m\libg.a(lib_a-signalr.o)
                0x0000b2a0                _kill_r
 .text._getpid_r
                0x0000b2c8        0x4 c:/freescale/kds_v3/toolchain/bin/../lib/gcc/arm-none-eabi/4.8.4/../../../../arm-none-eabi/lib/armv7-m\libg.a(lib_a-signalr.o)
                0x0000b2c8                _getpid_r
 .text          0x0000b2cc        0x0 c:/freescale/kds_v3/toolchain/bin/../lib/gcc/arm-none-eabi/4.8.4/../../../../arm-none-eabi/lib/armv7-m\libg.a(lib_a-__call_atexit.o)
 .text.__call_exitprocs
                0x0000b2cc       0xf0 c:/freescale/kds_v3/toolchain/bin/../lib/gcc/arm-none-eabi/4.8.4/../../../../arm-none-eabi/lib/armv7-m\libg.a(lib_a-__call_atexit.o)
                0x0000b2cc                __call_exitprocs
 .text          0x0000b3bc        0x0 c:/freescale/kds_v3/toolchain/bin/../lib/gcc/arm-none-eabi/4.8.4/../../../../arm-none-eabi/lib/armv7-m\libg.a(lib_a-atexit.o)
 .text.atexit   0x0000b3bc        0xc c:/freescale/kds_v3/toolchain/bin/../lib/gcc/arm-none-eabi/4.8.4/../../../../arm-none-eabi/lib/armv7-m\libg.a(lib_a-atexit.o)
                0x0000b3bc                atexit
 .text          0x0000b3c8        0x0 c:/freescale/kds_v3/toolchain/bin/../lib/gcc/arm-none-eabi/4.8.4/../../../../arm-none-eabi/lib/armv7-m\libg.a(lib_a-fini.o)
 .text.__libc_fini_array
                0x0000b3c8       0x30 c:/freescale/kds_v3/toolchain/bin/../lib/gcc/arm-none-eabi/4.8.4/../../../../arm-none-eabi/lib/armv7-m\libg.a(lib_a-fini.o)
                0x0000b3c8                __libc_fini_array
 .text          0x0000b3f8        0x0 c:/freescale/kds_v3/toolchain/bin/../lib/gcc/arm-none-eabi/4.8.4/../../../../arm-none-eabi/lib/armv7-m\libg.a(lib_a-mallocr.o)
 .text._malloc_r
                0x0000b3f8      0x538 c:/freescale/kds_v3/toolchain/bin/../lib/gcc/arm-none-eabi/4.8.4/../../../../arm-none-eabi/lib/armv7-m\libg.a(lib_a-mallocr.o)
                0x0000b3f8                _malloc_r
 .text          0x0000b930        0x0 c:/freescale/kds_v3/toolchain/bin/../lib/gcc/arm-none-eabi/4.8.4/../../../../arm-none-eabi/lib/armv7-m\libg.a(lib_a-mlock.o)
 .text.__malloc_lock
                0x0000b930        0x4 c:/freescale/kds_v3/toolchain/bin/../lib/gcc/arm-none-eabi/4.8.4/../../../../arm-none-eabi/lib/armv7-m\libg.a(lib_a-mlock.o)
                0x0000b930                __malloc_lock
 .text.__malloc_unlock
                0x0000b934        0x4 c:/freescale/kds_v3/toolchain/bin/../lib/gcc/arm-none-eabi/4.8.4/../../../../arm-none-eabi/lib/armv7-m\libg.a(lib_a-mlock.o)
                0x0000b934                __malloc_unlock
 .text          0x0000b938        0x0 c:/freescale/kds_v3/toolchain/bin/../lib/gcc/arm-none-eabi/4.8.4/../../../../arm-none-eabi/lib/armv7-m\libg.a(lib_a-reent.o)
 .text.cleanup_glue
                0x0000b938       0x1c c:/freescale/kds_v3/toolchain/bin/../lib/gcc/arm-none-eabi/4.8.4/../../../../arm-none-eabi/lib/armv7-m\libg.a(lib_a-reent.o)
                0x0000b938                cleanup_glue
 .text._reclaim_reent
                0x0000b954       0x90 c:/freescale/kds_v3/toolchain/bin/../lib/gcc/arm-none-eabi/4.8.4/../../../../arm-none-eabi/lib/armv7-m\libg.a(lib_a-reent.o)
                0x0000b954                _reclaim_reent
 .text          0x0000b9e4        0x0 c:/freescale/kds_v3/toolchain/bin/../lib/gcc/arm-none-eabi/4.8.4/../../../../arm-none-eabi/lib/armv7-m\libg.a(lib_a-sbrkr.o)
 .text._sbrk_r  0x0000b9e4       0x24 c:/freescale/kds_v3/toolchain/bin/../lib/gcc/arm-none-eabi/4.8.4/../../../../arm-none-eabi/lib/armv7-m\libg.a(lib_a-sbrkr.o)
                0x0000b9e4                _sbrk_r
 .text          0x0000ba08        0x0 c:/freescale/kds_v3/toolchain/bin/../lib/gcc/arm-none-eabi/4.8.4/../../../../arm-none-eabi/lib/armv7-m\libg.a(lib_a-__atexit.o)
 .text.__register_exitproc
                0x0000ba08       0xa8 c:/freescale/kds_v3/toolchain/bin/../lib/gcc/arm-none-eabi/4.8.4/../../../../arm-none-eabi/lib/armv7-m\libg.a(lib_a-__atexit.o)
                0x0000ba08                __register_exitproc
 .text          0x0000bab0        0x0 c:/freescale/kds_v3/toolchain/bin/../lib/gcc/arm-none-eabi/4.8.4/../../../../arm-none-eabi/lib/armv7-m\libg.a(lib_a-freer.o)
 .text._malloc_trim_r
                0x0000bab0       0x9c c:/freescale/kds_v3/toolchain/bin/../lib/gcc/arm-none-eabi/4.8.4/../../../../arm-none-eabi/lib/armv7-m\libg.a(lib_a-freer.o)
                0x0000bab0                _malloc_trim_r
 .text._free_r  0x0000bb4c      0x198 c:/freescale/kds_v3/toolchain/bin/../lib/gcc/arm-none-eabi/4.8.4/../../../../arm-none-eabi/lib/armv7-m\libg.a(lib_a-freer.o)
                0x0000bb4c                _free_r
 .text          0x0000bce4        0x0 c:/freescale/kds_v3/toolchain/bin/../lib/gcc/arm-none-eabi/4.8.4/armv7-m/crtend.o
 .text          0x0000bce4        0x0 c:/freescale/kds_v3/toolchain/bin/../lib/gcc/arm-none-eabi/4.8.4/armv7-m/crtn.o
 *(.gnu.warning)
 *(.glue_7t)
 .glue_7t       0x00000000        0x0 linker stubs
 *(.glue_7)
 .glue_7        0x00000000        0x0 linker stubs
 *(.vfp11_veneer)
 .vfp11_veneer  0x00000000        0x0 linker stubs
 *(.v4_bx)
 .v4_bx         0x00000000        0x0 linker stubs

.fini           0x0000bce4        0xc
 *(SORT(.fini))
 .fini          0x0000bce4        0x4 c:/freescale/kds_v3/toolchain/bin/../lib/gcc/arm-none-eabi/4.8.4/armv7-m/crti.o
                0x0000bce4                _fini
 .fini          0x0000bce8        0x8 c:/freescale/kds_v3/toolchain/bin/../lib/gcc/arm-none-eabi/4.8.4/armv7-m/crtn.o
                0x0000bcf0                PROVIDE (__etext, .)
                0x0000bcf0                PROVIDE (_etext, .)
                0x0000bcf0                PROVIDE (etext, .)

.rodata         0x0000bcf0      0x1a0
 *(.rodata .rodata.* .gnu.linkonce.r.*)
 .rodata.str1.4
                0x0000bcf0       0x18 ./Sources/display.o
                                 0x38 (size before relaxing)
 .rodata.str1.4
                0x0000bd08      0x158 ./Sources/protocol.o
                                0x15c (size before relaxing)
 .rodata        0x0000be60       0x28 ./Generated_Code/PE_LDD.o
                0x0000be60                PE_CpuClockConfigurations
 .rodata.str1.4
                0x0000be88        0x4 c:/freescale/kds_v3/toolchain/bin/../lib/gcc/arm-none-eabi/4.8.4/../../../../arm-none-eabi/lib/armv7-m\libg.a(lib_a-impure.o)
 .rodata._global_impure_ptr
                0x0000be8c        0x4 c:/freescale/kds_v3/toolchain/bin/../lib/gcc/arm-none-eabi/4.8.4/../../../../arm-none-eabi/lib/armv7-m\libg.a(lib_a-impure.o)
                0x0000be8c                _global_impure_ptr

.cfmconfig      0x0000be90       0x10
 .cfmconfig     0x0000be90       0x10 ./Generated_Code/Cpu.o
                0x0000be90                _cfm

.vectortable    0x0000bea0      0x1bc
 .vectortable   0x0000bea0      0x1bc ./Generated_Code/Vectors.o
                0x0000bea0                __vect_table

.rodata1
 *(.rodata1)

.ARM.extab      0x0000c05c       0x3c
 *(.ARM.extab* .gnu.linkonce.armextab.*)
 .ARM.extab     0x0000c05c        0x0 c:/freescale/kds_v3/toolchain/bin/../lib/gcc/arm-none-eabi/4.8.4/../../../../arm-none-eabi/lib/armv7-m/crt0.o
 .ARM.extab     0x0000c05c        0xc ./Sources/LCD.o
 .ARM.extab     0x0000c068        0xc ./Sources/PCA9670.o
 .ARM.extab     0x0000c074        0x0 ./Sources/display.o
 .ARM.extab     0x0000c074        0x0 ./Sources/menu.o
 .ARM.extab     0x0000c074        0x0 ./Sources/protocol.o
 .ARM.extab     0x0000c074        0xc c:/freescale/kds_v3/toolchain/bin/../lib/gcc/arm-none-eabi/4.8.4/armv7-m\libgcc.a(unwind-arm.o)
 .ARM.extab     0x0000c080       0x18 c:/freescale/kds_v3/toolchain/bin/../lib/gcc/arm-none-eabi/4.8.4/armv7-m\libgcc.a(pr-support.o)
                0x0000c098                PROVIDE (__exidx_start, .)

.ARM.exidx      0x0000c098      0x140
 *(.ARM.exidx* .gnu.linkonce.armexidx.*)
 .ARM.exidx     0x0000c098        0x8 c:/freescale/kds_v3/toolchain/bin/../lib/gcc/arm-none-eabi/4.8.4/../../../../arm-none-eabi/lib/armv7-m/crt0.o
 .ARM.exidx     0x0000c0a0       0x28 ./Sources/LCD.o
                                 0x48 (size before relaxing)
 .ARM.exidx     0x0000c0c8        0x8 ./Sources/PCA9670.o
 .ARM.exidx     0x0000c0d0       0x18 ./Sources/display.o
                                 0x60 (size before relaxing)
 .ARM.exidx     0x0000c0e8       0x18 ./Sources/menu.o
                                 0x40 (size before relaxing)
 .ARM.exidx     0x0000c100       0x18 ./Sources/protocol.o
                                 0x28 (size before relaxing)
 .ARM.exidx     0x0000c118       0x88 c:/freescale/kds_v3/toolchain/bin/../lib/gcc/arm-none-eabi/4.8.4/armv7-m\libgcc.a(unwind-arm.o)
                                 0xd8 (size before relaxing)
 .ARM.exidx     0x0000c1a0       0x38 c:/freescale/kds_v3/toolchain/bin/../lib/gcc/arm-none-eabi/4.8.4/armv7-m\libgcc.a(pr-support.o)
                                 0x48 (size before relaxing)
                0x0000c1d8                PROVIDE (__exidx_end, .)

.eh_frame_hdr
 *(.eh_frame_hdr)

.eh_frame       0x0000c1d8        0x4
 *(.eh_frame)
 .eh_frame      0x0000c1d8        0x0 c:/freescale/kds_v3/toolchain/bin/../lib/gcc/arm-none-eabi/4.8.4/armv7-m/crtbegin.o
 .eh_frame      0x0000c1d8        0x4 c:/freescale/kds_v3/toolchain/bin/../lib/gcc/arm-none-eabi/4.8.4/armv7-m/crtend.o

.gcc_except_table
 *(.gcc_except_table .gcc_except_table.*)

.exception_ranges
 *(.exception_ranges .exception_ranges*)
                0x000141dc                . = (ALIGN (0x8000) + (. & 0x7fff))

.eh_frame
 *(.eh_frame)

.gcc_except_table
 *(.gcc_except_table .gcc_except_table.*)

.exception_ranges
 *(.exception_ranges .exception_ranges*)

.tdata
 *(.tdata .tdata.* .gnu.linkonce.td.*)

.tbss
 *(.tbss .tbss.* .gnu.linkonce.tb.*)
 *(.tcommon)

.preinit_array  0x000141dc        0x0
                0x000141dc                PROVIDE (__preinit_array_start, .)
 *(.preinit_array)
                0x000141dc                PROVIDE (__preinit_array_end, .)

.init_array     0x000141dc        0x8
                0x000141dc                PROVIDE (__init_array_start, .)
 *(SORT(.init_array.*))
 .init_array.00000
                0x000141dc        0x4 c:/freescale/kds_v3/toolchain/bin/../lib/gcc/arm-none-eabi/4.8.4/../../../../arm-none-eabi/lib/armv7-m\libg.a(lib_a-__call_atexit.o)
 *(.init_array)
 .init_array    0x000141e0        0x4 c:/freescale/kds_v3/toolchain/bin/../lib/gcc/arm-none-eabi/4.8.4/armv7-m/crtbegin.o
                0x000141e4                PROVIDE (__init_array_end, .)

.fini_array     0x000141e4        0x4
                0x000141e4                PROVIDE (__fini_array_start, .)
 *(SORT(.fini_array.*))
 *(.fini_array)
 .fini_array    0x000141e4        0x4 c:/freescale/kds_v3/toolchain/bin/../lib/gcc/arm-none-eabi/4.8.4/armv7-m/crtbegin.o
                0x000141e8                PROVIDE (__fini_array_end, .)

.ctors
 *crtbegin.o(.ctors)
 *crtbegin?.o(.ctors)
 *(EXCLUDE_FILE(*crtend?.o *crtend.o) .ctors)
 *(SORT(.ctors.*))
 *(.ctors)

.dtors
 *crtbegin.o(.dtors)
 *crtbegin?.o(.dtors)
 *(EXCLUDE_FILE(*crtend?.o *crtend.o) .dtors)
 *(SORT(.dtors.*))
 *(.dtors)

.jcr            0x000141e8        0x4
 *(.jcr)
 .jcr           0x000141e8        0x0 c:/freescale/kds_v3/toolchain/bin/../lib/gcc/arm-none-eabi/4.8.4/armv7-m/crtbegin.o
 .jcr           0x000141e8        0x4 c:/freescale/kds_v3/toolchain/bin/../lib/gcc/arm-none-eabi/4.8.4/armv7-m/crtend.o

.data.rel.ro
 *(.data.rel.ro.local* .gnu.linkonce.d.rel.ro.local.*)
 *(.data.rel.ro .data.rel.ro.* .gnu.linkonce.d.rel.ro.*)

.dynamic
 *(.dynamic)

.got            0x000141ec        0x0
 *(.got.plt)
 *(.igot.plt)
 .igot.plt      0x00000000        0x0 c:/freescale/kds_v3/toolchain/bin/../lib/gcc/arm-none-eabi/4.8.4/armv7-m/crtbegin.o
 *(.got)
 *(.igot)

.data           0x000141f0      0x88c
                0x000141f0                __data_start = .
 *(.data .data.* .gnu.linkonce.d.*)
 .data          0x000141f0        0x0 c:/freescale/kds_v3/toolchain/bin/../lib/gcc/arm-none-eabi/4.8.4/armv7-m/crti.o
 .data          0x000141f0        0x4 c:/freescale/kds_v3/toolchain/bin/../lib/gcc/arm-none-eabi/4.8.4/armv7-m/crtbegin.o
                0x000141f0                __dso_handle
 .data          0x000141f4        0x0 c:/freescale/kds_v3/toolchain/bin/../lib/gcc/arm-none-eabi/4.8.4/../../../../arm-none-eabi/lib/armv7-m/crt0.o
 .data          0x000141f4        0x0 ./Sources/Events.o
 .data          0x000141f4        0x0 ./Sources/LCD.o
 .data          0x000141f4        0x0 ./Sources/PCA9670.o
 .data          0x000141f4        0x0 ./Sources/display.o
 .data          0x000141f4        0x0 ./Sources/main.o
 .data          0x000141f4        0x0 ./Sources/menu.o
 .data          0x000141f4       0x48 ./Sources/protocol.o
                0x000141f4                protocol_setting
                0x00014204                Stop
                0x00014208                Device_serial_num
                0x0001420c                Control_Mode
                0x00014210                Deceleration
                0x00014214                Acceleration
                0x00014218                Pos_Home
                0x0001421c                Go_Home
                0x00014220                Pos_go
                0x00014224                Position
                0x00014228                Position_ref
                0x0001422c                Torque_ref
                0x00014230                Speed_ref
                0x00014234                Set
                0x00014238                Get
 .data          0x0001423c        0x0 ./Project_Settings/Startup_Code/startup.o
 .data          0x0001423c        0x0 ./Generated_Code/AS1.o
 .data          0x0001423c        0x0 ./Generated_Code/ASerialLdd1.o
 .data          0x0001423c        0x0 ./Generated_Code/BitIoLdd1.o
 .data          0x0001423c        0x0 ./Generated_Code/BitIoLdd2.o
 .data          0x0001423c        0x0 ./Generated_Code/BitIoLdd3.o
 .data          0x0001423c        0x0 ./Generated_Code/BitIoLdd4.o
 .data          0x0001423c        0x0 ./Generated_Code/BitIoLdd5.o
 .data          0x0001423c        0x0 ./Generated_Code/CS1.o
 .data          0x0001423c        0x0 ./Generated_Code/Cpu.o
 .data          0x0001423c        0x0 ./Generated_Code/ENCODER.o
 .data          0x0001423c        0x0 ./Generated_Code/ENCODER_PUSH.o
 .data          0x0001423c        0x0 ./Generated_Code/ExtIntLdd1.o
 .data          0x0001423c        0x0 ./Generated_Code/ExtIntLdd2.o
 .data          0x0001423c        0x0 ./Generated_Code/ExtIntLdd3.o
 .data          0x0001423c        0x0 ./Generated_Code/ExtIntLdd4.o
 .data          0x0001423c        0x0 ./Generated_Code/ExtIntLdd5.o
 .data          0x0001423c        0x0 ./Generated_Code/I2C0.o
 .data          0x0001423c        0x0 ./Generated_Code/IntI2cLdd1.o
 .data          0x0001423c        0x0 ./Generated_Code/KSDK1.o
 .data          0x0001423c        0x0 ./Generated_Code/LED_DEBUG.o
 .data          0x0001423c        0x0 ./Generated_Code/LED_STATUS_1.o
 .data          0x0001423c        0x0 ./Generated_Code/LED_STATUS_2.o
 .data          0x0001423c        0x0 ./Generated_Code/LED_STATUS_3.o
 .data          0x0001423c        0x0 ./Generated_Code/LED_STATUS_4.o
 .data          0x0001423c        0x0 ./Generated_Code/LEVER_DIR1.o
 .data          0x0001423c        0x0 ./Generated_Code/LEVER_DIR2.o
 .data          0x0001423c        0x0 ./Generated_Code/PCA.o
 .data          0x0001423c        0x0 ./Generated_Code/PE_LDD.o
 .data          0x0001423c        0x0 ./Generated_Code/PUSH_BUTTON_REC.o
 .data          0x0001423c        0x0 ./Generated_Code/PUSH_BUTTON_SEND.o
 .data          0x0001423c        0x0 ./Generated_Code/T_100ms.o
 .data          0x0001423c        0x0 ./Generated_Code/T_500ms.o
 .data          0x0001423c        0x0 ./Generated_Code/Vectors.o
 .data          0x0001423c        0x0 ./Generated_Code/WAIT1.o
 .data          0x0001423c        0x0 c:/freescale/kds_v3/toolchain/bin/../lib/gcc/arm-none-eabi/4.8.4/armv7-m\libgcc.a(unwind-arm.o)
 .data          0x0001423c        0x0 c:/freescale/kds_v3/toolchain/bin/../lib/gcc/arm-none-eabi/4.8.4/armv7-m\libgcc.a(libunwind.o)
 .data          0x0001423c        0x0 c:/freescale/kds_v3/toolchain/bin/../lib/gcc/arm-none-eabi/4.8.4/armv7-m\libgcc.a(pr-support.o)
 .data          0x0001423c        0x0 c:/freescale/kds_v3/toolchain/bin/../lib/gcc/arm-none-eabi/4.8.4/../../../../arm-none-eabi/lib/armv7-m\libg.a(lib_a-abort.o)
 .data          0x0001423c        0x0 c:/freescale/kds_v3/toolchain/bin/../lib/gcc/arm-none-eabi/4.8.4/../../../../arm-none-eabi/lib/armv7-m\libg.a(lib_a-exit.o)
 .data          0x0001423c        0x0 c:/freescale/kds_v3/toolchain/bin/../lib/gcc/arm-none-eabi/4.8.4/../../../../arm-none-eabi/lib/armv7-m\libg.a(lib_a-impure.o)
 *fill*         0x0001423c        0x4 
 .data.impure_data
                0x00014240      0x428 c:/freescale/kds_v3/toolchain/bin/../lib/gcc/arm-none-eabi/4.8.4/../../../../arm-none-eabi/lib/armv7-m\libg.a(lib_a-impure.o)
 .data._impure_ptr
                0x00014668        0x4 c:/freescale/kds_v3/toolchain/bin/../lib/gcc/arm-none-eabi/4.8.4/../../../../arm-none-eabi/lib/armv7-m\libg.a(lib_a-impure.o)
                0x00014668                _impure_ptr
 .data          0x0001466c        0x0 c:/freescale/kds_v3/toolchain/bin/../lib/gcc/arm-none-eabi/4.8.4/../../../../arm-none-eabi/lib/armv7-m\libg.a(lib_a-init.o)
 .data          0x0001466c        0x0 c:/freescale/kds_v3/toolchain/bin/../lib/gcc/arm-none-eabi/4.8.4/../../../../arm-none-eabi/lib/armv7-m\libg.a(lib_a-memcpy.o)
 .data          0x0001466c        0x0 c:/freescale/kds_v3/toolchain/bin/../lib/gcc/arm-none-eabi/4.8.4/../../../../arm-none-eabi/lib/armv7-m\libg.a(lib_a-memset.o)
 .data          0x0001466c        0x0 c:/freescale/kds_v3/toolchain/bin/../lib/gcc/arm-none-eabi/4.8.4/../../../../arm-none-eabi/lib/armv7-m\libg.a(lib_a-signal.o)
 .data          0x0001466c        0x0 c:/freescale/kds_v3/toolchain/bin/../lib/gcc/arm-none-eabi/4.8.4/../../../../arm-none-eabi/lib/armv7-m\libg.a(lib_a-signalr.o)
 .data          0x0001466c        0x0 c:/freescale/kds_v3/toolchain/bin/../lib/gcc/arm-none-eabi/4.8.4/../../../../arm-none-eabi/lib/armv7-m\libg.a(lib_a-__call_atexit.o)
 .data          0x0001466c        0x0 c:/freescale/kds_v3/toolchain/bin/../lib/gcc/arm-none-eabi/4.8.4/../../../../arm-none-eabi/lib/armv7-m\libg.a(lib_a-atexit.o)
 .data          0x0001466c        0x0 c:/freescale/kds_v3/toolchain/bin/../lib/gcc/arm-none-eabi/4.8.4/../../../../arm-none-eabi/lib/armv7-m\libg.a(lib_a-fini.o)
 .data          0x0001466c        0x0 c:/freescale/kds_v3/toolchain/bin/../lib/gcc/arm-none-eabi/4.8.4/../../../../arm-none-eabi/lib/armv7-m\libg.a(lib_a-mallocr.o)
 .data.__malloc_av_
                0x0001466c      0x408 c:/freescale/kds_v3/toolchain/bin/../lib/gcc/arm-none-eabi/4.8.4/../../../../arm-none-eabi/lib/armv7-m\libg.a(lib_a-mallocr.o)
                0x0001466c                __malloc_av_
 .data.__malloc_trim_threshold
                0x00014a74        0x4 c:/freescale/kds_v3/toolchain/bin/../lib/gcc/arm-none-eabi/4.8.4/../../../../arm-none-eabi/lib/armv7-m\libg.a(lib_a-mallocr.o)
                0x00014a74                __malloc_trim_threshold
 .data.__malloc_sbrk_base
                0x00014a78        0x4 c:/freescale/kds_v3/toolchain/bin/../lib/gcc/arm-none-eabi/4.8.4/../../../../arm-none-eabi/lib/armv7-m\libg.a(lib_a-mallocr.o)
                0x00014a78                __malloc_sbrk_base
 .data          0x00014a7c        0x0 c:/freescale/kds_v3/toolchain/bin/../lib/gcc/arm-none-eabi/4.8.4/../../../../arm-none-eabi/lib/armv7-m\libg.a(lib_a-mlock.o)
 .data          0x00014a7c        0x0 c:/freescale/kds_v3/toolchain/bin/../lib/gcc/arm-none-eabi/4.8.4/../../../../arm-none-eabi/lib/armv7-m\libg.a(lib_a-reent.o)
 .data          0x00014a7c        0x0 c:/freescale/kds_v3/toolchain/bin/../lib/gcc/arm-none-eabi/4.8.4/../../../../arm-none-eabi/lib/armv7-m\libg.a(lib_a-sbrkr.o)
 .data          0x00014a7c        0x0 c:/freescale/kds_v3/toolchain/bin/../lib/gcc/arm-none-eabi/4.8.4/../../../../arm-none-eabi/lib/armv7-m\libg.a(lib_a-__atexit.o)
 .data          0x00014a7c        0x0 c:/freescale/kds_v3/toolchain/bin/../lib/gcc/arm-none-eabi/4.8.4/../../../../arm-none-eabi/lib/armv7-m\libg.a(lib_a-freer.o)
 .data          0x00014a7c        0x0 c:/freescale/kds_v3/toolchain/bin/../lib/gcc/arm-none-eabi/4.8.4/armv7-m/crtend.o
 .data          0x00014a7c        0x0 c:/freescale/kds_v3/toolchain/bin/../lib/gcc/arm-none-eabi/4.8.4/armv7-m/crtn.o

.data1
 *(.data1)
                0x00014a7c                _edata = .
                0x00014a7c                PROVIDE (edata, .)
                0x00014a7c                . = .
                0x00014a7c                __bss_start = .
                0x00014a7c                __bss_start__ = .

.bss            0x00014a7c      0x16c
 *(.dynbss)
 *(.bss .bss.* .gnu.linkonce.b.*)
 .bss           0x00014a7c        0x0 c:/freescale/kds_v3/toolchain/bin/../lib/gcc/arm-none-eabi/4.8.4/armv7-m/crti.o
 .bss           0x00014a7c       0x1c c:/freescale/kds_v3/toolchain/bin/../lib/gcc/arm-none-eabi/4.8.4/armv7-m/crtbegin.o
 .bss           0x00014a98        0x0 c:/freescale/kds_v3/toolchain/bin/../lib/gcc/arm-none-eabi/4.8.4/../../../../arm-none-eabi/lib/armv7-m/crt0.o
 .bss           0x00014a98        0x0 ./Sources/Events.o
 .bss           0x00014a98        0x6 ./Sources/LCD.o
                0x00014a98                LCD_flag
                0x00014a9a                ret
                0x00014a9c                err
 .bss           0x00014a9e        0x0 ./Sources/PCA9670.o
 .bss           0x00014a9e        0x0 ./Sources/display.o
 .bss           0x00014a9e        0x0 ./Sources/main.o
 .bss           0x00014a9e        0x0 ./Sources/menu.o
 .bss           0x00014a9e        0x0 ./Sources/protocol.o
 .bss           0x00014a9e        0x0 ./Project_Settings/Startup_Code/startup.o
 .bss           0x00014a9e        0x4 ./Generated_Code/AS1.o
 *fill*         0x00014aa2        0x2 
 .bss           0x00014aa4       0x28 ./Generated_Code/ASerialLdd1.o
 .bss           0x00014acc        0x4 ./Generated_Code/BitIoLdd1.o
 .bss           0x00014ad0        0x4 ./Generated_Code/BitIoLdd2.o
 .bss           0x00014ad4        0x4 ./Generated_Code/BitIoLdd3.o
 .bss           0x00014ad8        0x4 ./Generated_Code/BitIoLdd4.o
 .bss           0x00014adc        0x4 ./Generated_Code/BitIoLdd5.o
 .bss           0x00014ae0        0x0 ./Generated_Code/CS1.o
 .bss           0x00014ae0        0x1 ./Generated_Code/Cpu.o
                0x00014ae0                SR_lock
 *fill*         0x00014ae1        0x3 
 .bss           0x00014ae4       0x10 ./Generated_Code/ENCODER.o
 .bss           0x00014af4        0x0 ./Generated_Code/ENCODER_PUSH.o
 .bss           0x00014af4        0x8 ./Generated_Code/ExtIntLdd1.o
 .bss           0x00014afc        0x8 ./Generated_Code/ExtIntLdd2.o
 .bss           0x00014b04        0x8 ./Generated_Code/ExtIntLdd3.o
 .bss           0x00014b0c        0x8 ./Generated_Code/ExtIntLdd4.o
 .bss           0x00014b14        0x8 ./Generated_Code/ExtIntLdd5.o
 .bss           0x00014b1c        0x4 ./Generated_Code/I2C0.o
 .bss           0x00014b20       0x20 ./Generated_Code/IntI2cLdd1.o
 .bss           0x00014b40        0x0 ./Generated_Code/KSDK1.o
 .bss           0x00014b40        0x0 ./Generated_Code/LED_DEBUG.o
 .bss           0x00014b40        0x0 ./Generated_Code/LED_STATUS_1.o
 .bss           0x00014b40        0x0 ./Generated_Code/LED_STATUS_2.o
 .bss           0x00014b40        0x0 ./Generated_Code/LED_STATUS_3.o
 .bss           0x00014b40        0x0 ./Generated_Code/LED_STATUS_4.o
 .bss           0x00014b40        0x0 ./Generated_Code/LEVER_DIR1.o
 .bss           0x00014b40        0x0 ./Generated_Code/LEVER_DIR2.o
 .bss           0x00014b40        0x4 ./Generated_Code/PCA.o
 .bss           0x00014b44       0x3c ./Generated_Code/PE_LDD.o
                0x00014b44                PE_LDD_DeviceDataList
 .bss           0x00014b80        0x0 ./Generated_Code/PUSH_BUTTON_REC.o
 .bss           0x00014b80        0x0 ./Generated_Code/PUSH_BUTTON_SEND.o
 .bss           0x00014b80       0x10 ./Generated_Code/T_100ms.o
 .bss           0x00014b90        0xc ./Generated_Code/T_500ms.o
 .bss           0x00014b9c        0x0 ./Generated_Code/Vectors.o
 .bss           0x00014b9c        0x0 ./Generated_Code/WAIT1.o
 .bss           0x00014b9c        0x0 c:/freescale/kds_v3/toolchain/bin/../lib/gcc/arm-none-eabi/4.8.4/armv7-m\libgcc.a(unwind-arm.o)
 .bss           0x00014b9c        0x0 c:/freescale/kds_v3/toolchain/bin/../lib/gcc/arm-none-eabi/4.8.4/armv7-m\libgcc.a(libunwind.o)
 .bss           0x00014b9c        0x0 c:/freescale/kds_v3/toolchain/bin/../lib/gcc/arm-none-eabi/4.8.4/armv7-m\libgcc.a(pr-support.o)
 .bss           0x00014b9c        0x0 c:/freescale/kds_v3/toolchain/bin/../lib/gcc/arm-none-eabi/4.8.4/../../../../arm-none-eabi/lib/armv7-m\libg.a(lib_a-abort.o)
 .bss           0x00014b9c        0x0 c:/freescale/kds_v3/toolchain/bin/../lib/gcc/arm-none-eabi/4.8.4/../../../../arm-none-eabi/lib/armv7-m\libg.a(lib_a-exit.o)
 .bss           0x00014b9c        0x0 c:/freescale/kds_v3/toolchain/bin/../lib/gcc/arm-none-eabi/4.8.4/../../../../arm-none-eabi/lib/armv7-m\libg.a(lib_a-impure.o)
 .bss           0x00014b9c        0x0 c:/freescale/kds_v3/toolchain/bin/../lib/gcc/arm-none-eabi/4.8.4/../../../../arm-none-eabi/lib/armv7-m\libg.a(lib_a-init.o)
 .bss           0x00014b9c        0x0 c:/freescale/kds_v3/toolchain/bin/../lib/gcc/arm-none-eabi/4.8.4/../../../../arm-none-eabi/lib/armv7-m\libg.a(lib_a-memcpy.o)
 .bss           0x00014b9c        0x0 c:/freescale/kds_v3/toolchain/bin/../lib/gcc/arm-none-eabi/4.8.4/../../../../arm-none-eabi/lib/armv7-m\libg.a(lib_a-memset.o)
 .bss           0x00014b9c        0x0 c:/freescale/kds_v3/toolchain/bin/../lib/gcc/arm-none-eabi/4.8.4/../../../../arm-none-eabi/lib/armv7-m\libg.a(lib_a-signal.o)
 .bss           0x00014b9c        0x0 c:/freescale/kds_v3/toolchain/bin/../lib/gcc/arm-none-eabi/4.8.4/../../../../arm-none-eabi/lib/armv7-m\libg.a(lib_a-signalr.o)
 .bss           0x00014b9c        0x0 c:/freescale/kds_v3/toolchain/bin/../lib/gcc/arm-none-eabi/4.8.4/../../../../arm-none-eabi/lib/armv7-m\libg.a(lib_a-__call_atexit.o)
 .bss           0x00014b9c        0x0 c:/freescale/kds_v3/toolchain/bin/../lib/gcc/arm-none-eabi/4.8.4/../../../../arm-none-eabi/lib/armv7-m\libg.a(lib_a-atexit.o)
 .bss           0x00014b9c        0x0 c:/freescale/kds_v3/toolchain/bin/../lib/gcc/arm-none-eabi/4.8.4/../../../../arm-none-eabi/lib/armv7-m\libg.a(lib_a-fini.o)
 .bss           0x00014b9c        0x0 c:/freescale/kds_v3/toolchain/bin/../lib/gcc/arm-none-eabi/4.8.4/../../../../arm-none-eabi/lib/armv7-m\libg.a(lib_a-mallocr.o)
 .bss.__malloc_max_total_mem
                0x00014b9c        0x4 c:/freescale/kds_v3/toolchain/bin/../lib/gcc/arm-none-eabi/4.8.4/../../../../arm-none-eabi/lib/armv7-m\libg.a(lib_a-mallocr.o)
                0x00014b9c                __malloc_max_total_mem
 .bss.__malloc_max_sbrked_mem
                0x00014ba0        0x4 c:/freescale/kds_v3/toolchain/bin/../lib/gcc/arm-none-eabi/4.8.4/../../../../arm-none-eabi/lib/armv7-m\libg.a(lib_a-mallocr.o)
                0x00014ba0                __malloc_max_sbrked_mem
 .bss.__malloc_top_pad
                0x00014ba4        0x4 c:/freescale/kds_v3/toolchain/bin/../lib/gcc/arm-none-eabi/4.8.4/../../../../arm-none-eabi/lib/armv7-m\libg.a(lib_a-mallocr.o)
                0x00014ba4                __malloc_top_pad
 .bss.__malloc_current_mallinfo
                0x00014ba8       0x28 c:/freescale/kds_v3/toolchain/bin/../lib/gcc/arm-none-eabi/4.8.4/../../../../arm-none-eabi/lib/armv7-m\libg.a(lib_a-mallocr.o)
                0x00014ba8                __malloc_current_mallinfo
 .bss           0x00014bd0        0x0 c:/freescale/kds_v3/toolchain/bin/../lib/gcc/arm-none-eabi/4.8.4/../../../../arm-none-eabi/lib/armv7-m\libg.a(lib_a-mlock.o)
 .bss           0x00014bd0        0x0 c:/freescale/kds_v3/toolchain/bin/../lib/gcc/arm-none-eabi/4.8.4/../../../../arm-none-eabi/lib/armv7-m\libg.a(lib_a-reent.o)
 .bss           0x00014bd0        0x0 c:/freescale/kds_v3/toolchain/bin/../lib/gcc/arm-none-eabi/4.8.4/../../../../arm-none-eabi/lib/armv7-m\libg.a(lib_a-sbrkr.o)
 .bss           0x00014bd0        0x0 c:/freescale/kds_v3/toolchain/bin/../lib/gcc/arm-none-eabi/4.8.4/../../../../arm-none-eabi/lib/armv7-m\libg.a(lib_a-__atexit.o)
 .bss           0x00014bd0        0x0 c:/freescale/kds_v3/toolchain/bin/../lib/gcc/arm-none-eabi/4.8.4/../../../../arm-none-eabi/lib/armv7-m\libg.a(lib_a-freer.o)
 .bss           0x00014bd0        0x0 c:/freescale/kds_v3/toolchain/bin/../lib/gcc/arm-none-eabi/4.8.4/armv7-m/crtend.o
 .bss           0x00014bd0        0x0 c:/freescale/kds_v3/toolchain/bin/../lib/gcc/arm-none-eabi/4.8.4/armv7-m/crtn.o
 *(COMMON)
 COMMON         0x00014bd0        0x4 ./Generated_Code/AS1.o
                0x00014bd0                ASerialLdd1_DeviceDataPtr
 COMMON         0x00014bd4        0x1 ./Generated_Code/Cpu.o
                0x00014bd4                SR_reg
 *fill*         0x00014bd5        0x3 
 COMMON         0x00014bd8        0x8 ./Generated_Code/I2C0.o
                0x00014bd8                I2C0_SndRcvTemp
                0x00014bdc                IntI2cLdd1_DeviceDataPtr
 COMMON         0x00014be0        0x2 ./Generated_Code/PCA.o
                0x00014be0                PCA_SndRcvTemp
 *fill*         0x00014be2        0x2 
 COMMON         0x00014be4        0x4 c:/freescale/kds_v3/toolchain/bin/../lib/gcc/arm-none-eabi/4.8.4/../../../../arm-none-eabi/lib/armv7-m\libg.a(lib_a-reent.o)
                0x00014be4                errno
                0x00014be8                . = ALIGN ((. != 0x0)?0x4:0x1)
                0x00014be8                _bss_end__ = .
                0x00014be8                __bss_end__ = .
                0x00014be8                . = ALIGN (0x4)
                0x00014be8                . = ALIGN (0x4)
                0x00014be8                __end__ = .
                0x00014be8                _end = .
                0x00014be8                PROVIDE (end, .)

.stab
 *(.stab)

.stabstr
 *(.stabstr)

.stab.excl
 *(.stab.excl)

.stab.exclstr
 *(.stab.exclstr)

.stab.index
 *(.stab.index)

.stab.indexstr
 *(.stab.indexstr)

.comment        0x00000000       0x70
 *(.comment)
 .comment       0x00000000       0x70 ./Sources/Events.o
                                 0x71 (size before relaxing)
 .comment       0x00000000       0x71 ./Sources/LCD.o
 .comment       0x00000000       0x71 ./Sources/PCA9670.o
 .comment       0x00000000       0x71 ./Sources/display.o
 .comment       0x00000000       0x71 ./Sources/main.o
 .comment       0x00000000       0x71 ./Sources/menu.o
 .comment       0x00000000       0x71 ./Sources/protocol.o
 .comment       0x00000000       0x71 ./Project_Settings/Startup_Code/startup.o
 .comment       0x00000000       0x71 ./Generated_Code/AS1.o
 .comment       0x00000000       0x71 ./Generated_Code/ASerialLdd1.o
 .comment       0x00000000       0x71 ./Generated_Code/BitIoLdd1.o
 .comment       0x00000000       0x71 ./Generated_Code/BitIoLdd2.o
 .comment       0x00000000       0x71 ./Generated_Code/BitIoLdd3.o
 .comment       0x00000000       0x71 ./Generated_Code/BitIoLdd4.o
 .comment       0x00000000       0x71 ./Generated_Code/BitIoLdd5.o
 .comment       0x00000000       0x71 ./Generated_Code/CS1.o
 .comment       0x00000000       0x71 ./Generated_Code/Cpu.o
 .comment       0x00000000       0x71 ./Generated_Code/ENCODER.o
 .comment       0x00000000       0x71 ./Generated_Code/ENCODER_PUSH.o
 .comment       0x00000000       0x71 ./Generated_Code/ExtIntLdd1.o
 .comment       0x00000000       0x71 ./Generated_Code/ExtIntLdd2.o
 .comment       0x00000000       0x71 ./Generated_Code/ExtIntLdd3.o
 .comment       0x00000000       0x71 ./Generated_Code/ExtIntLdd4.o
 .comment       0x00000000       0x71 ./Generated_Code/ExtIntLdd5.o
 .comment       0x00000000       0x71 ./Generated_Code/I2C0.o
 .comment       0x00000000       0x71 ./Generated_Code/IntI2cLdd1.o
 .comment       0x00000000       0x71 ./Generated_Code/KSDK1.o
 .comment       0x00000000       0x71 ./Generated_Code/LED_DEBUG.o
 .comment       0x00000000       0x71 ./Generated_Code/LED_STATUS_1.o
 .comment       0x00000000       0x71 ./Generated_Code/LED_STATUS_2.o
 .comment       0x00000000       0x71 ./Generated_Code/LED_STATUS_3.o
 .comment       0x00000000       0x71 ./Generated_Code/LED_STATUS_4.o
 .comment       0x00000000       0x71 ./Generated_Code/LEVER_DIR1.o
 .comment       0x00000000       0x71 ./Generated_Code/LEVER_DIR2.o
 .comment       0x00000000       0x71 ./Generated_Code/PCA.o
 .comment       0x00000000       0x71 ./Generated_Code/PE_LDD.o
 .comment       0x00000000       0x71 ./Generated_Code/PUSH_BUTTON_REC.o
 .comment       0x00000000       0x71 ./Generated_Code/PUSH_BUTTON_SEND.o
 .comment       0x00000000       0x71 ./Generated_Code/T_100ms.o
 .comment       0x00000000       0x71 ./Generated_Code/T_500ms.o
 .comment       0x00000000       0x71 ./Generated_Code/Vectors.o
 .comment       0x00000000       0x71 ./Generated_Code/WAIT1.o

.debug
 *(.debug)

.line
 *(.line)

.debug_srcinfo
 *(.debug_srcinfo)

.debug_sfnames
 *(.debug_sfnames)

.debug_aranges  0x00000000      0x500
 *(.debug_aranges)
 .debug_aranges
                0x00000000       0x20 ./Sources/Events.o
 .debug_aranges
                0x00000020       0x20 ./Sources/LCD.o
 .debug_aranges
                0x00000040       0x20 ./Sources/PCA9670.o
 .debug_aranges
                0x00000060       0x20 ./Sources/display.o
 .debug_aranges
                0x00000080       0x20 ./Sources/main.o
 .debug_aranges
                0x000000a0       0x20 ./Sources/menu.o
 .debug_aranges
                0x000000c0       0x20 ./Sources/protocol.o
 .debug_aranges
                0x000000e0       0x20 ./Project_Settings/Startup_Code/startup.o
 .debug_aranges
                0x00000100       0x20 ./Generated_Code/AS1.o
 .debug_aranges
                0x00000120       0x20 ./Generated_Code/ASerialLdd1.o
 .debug_aranges
                0x00000140       0x20 ./Generated_Code/BitIoLdd1.o
 .debug_aranges
                0x00000160       0x20 ./Generated_Code/BitIoLdd2.o
 .debug_aranges
                0x00000180       0x20 ./Generated_Code/BitIoLdd3.o
 .debug_aranges
                0x000001a0       0x20 ./Generated_Code/BitIoLdd4.o
 .debug_aranges
                0x000001c0       0x20 ./Generated_Code/BitIoLdd5.o
 .debug_aranges
                0x000001e0       0x18 ./Generated_Code/CS1.o
 .debug_aranges
                0x000001f8       0x20 ./Generated_Code/Cpu.o
 .debug_aranges
                0x00000218       0x20 ./Generated_Code/ENCODER.o
 .debug_aranges
                0x00000238       0x20 ./Generated_Code/ENCODER_PUSH.o
 .debug_aranges
                0x00000258       0x20 ./Generated_Code/ExtIntLdd1.o
 .debug_aranges
                0x00000278       0x20 ./Generated_Code/ExtIntLdd2.o
 .debug_aranges
                0x00000298       0x20 ./Generated_Code/ExtIntLdd3.o
 .debug_aranges
                0x000002b8       0x20 ./Generated_Code/ExtIntLdd4.o
 .debug_aranges
                0x000002d8       0x20 ./Generated_Code/ExtIntLdd5.o
 .debug_aranges
                0x000002f8       0x20 ./Generated_Code/I2C0.o
 .debug_aranges
                0x00000318       0x20 ./Generated_Code/IntI2cLdd1.o
 .debug_aranges
                0x00000338       0x18 ./Generated_Code/KSDK1.o
 .debug_aranges
                0x00000350       0x18 ./Generated_Code/LED_DEBUG.o
 .debug_aranges
                0x00000368       0x18 ./Generated_Code/LED_STATUS_1.o
 .debug_aranges
                0x00000380       0x18 ./Generated_Code/LED_STATUS_2.o
 .debug_aranges
                0x00000398       0x18 ./Generated_Code/LED_STATUS_3.o
 .debug_aranges
                0x000003b0       0x18 ./Generated_Code/LED_STATUS_4.o
 .debug_aranges
                0x000003c8       0x20 ./Generated_Code/LEVER_DIR1.o
 .debug_aranges
                0x000003e8       0x20 ./Generated_Code/LEVER_DIR2.o
 .debug_aranges
                0x00000408       0x20 ./Generated_Code/PCA.o
 .debug_aranges
                0x00000428       0x20 ./Generated_Code/PE_LDD.o
 .debug_aranges
                0x00000448       0x20 ./Generated_Code/PUSH_BUTTON_REC.o
 .debug_aranges
                0x00000468       0x20 ./Generated_Code/PUSH_BUTTON_SEND.o
 .debug_aranges
                0x00000488       0x20 ./Generated_Code/T_100ms.o
 .debug_aranges
                0x000004a8       0x20 ./Generated_Code/T_500ms.o
 .debug_aranges
                0x000004c8       0x18 ./Generated_Code/Vectors.o
 .debug_aranges
                0x000004e0       0x20 ./Generated_Code/WAIT1.o

.debug_pubnames
 *(.debug_pubnames)

.debug_info     0x00000000     0x936b
 *(.debug_info .gnu.linkonce.wi.*)
 .debug_info    0x00000000      0x1ed ./Sources/Events.o
 .debug_info    0x000001ed      0x450 ./Sources/LCD.o
 .debug_info    0x0000063d      0x132 ./Sources/PCA9670.o
 .debug_info    0x0000076f      0x6f1 ./Sources/display.o
 .debug_info    0x00000e60       0xb9 ./Sources/main.o
 .debug_info    0x00000f19      0x3d0 ./Sources/menu.o
 .debug_info    0x000012e9      0x69e ./Sources/protocol.o
 .debug_info    0x00001987      0x24d ./Project_Settings/Startup_Code/startup.o
 .debug_info    0x00001bd4      0x45d ./Generated_Code/AS1.o
 .debug_info    0x00002031      0xa7e ./Generated_Code/ASerialLdd1.o
 .debug_info    0x00002aaf      0x375 ./Generated_Code/BitIoLdd1.o
 .debug_info    0x00002e24      0x375 ./Generated_Code/BitIoLdd2.o
 .debug_info    0x00003199      0x375 ./Generated_Code/BitIoLdd3.o
 .debug_info    0x0000350e      0x350 ./Generated_Code/BitIoLdd4.o
 .debug_info    0x0000385e      0x350 ./Generated_Code/BitIoLdd5.o
 .debug_info    0x00003bae       0x80 ./Generated_Code/CS1.o
 .debug_info    0x00003c2e      0xd78 ./Generated_Code/Cpu.o
 .debug_info    0x000049a6      0x65e ./Generated_Code/ENCODER.o
 .debug_info    0x00005004       0xc3 ./Generated_Code/ENCODER_PUSH.o
 .debug_info    0x000050c7      0x455 ./Generated_Code/ExtIntLdd1.o
 .debug_info    0x0000551c      0x455 ./Generated_Code/ExtIntLdd2.o
 .debug_info    0x00005971      0x455 ./Generated_Code/ExtIntLdd3.o
 .debug_info    0x00005dc6      0x455 ./Generated_Code/ExtIntLdd4.o
 .debug_info    0x0000621b      0x455 ./Generated_Code/ExtIntLdd5.o
 .debug_info    0x00006670      0x640 ./Generated_Code/I2C0.o
 .debug_info    0x00006cb0      0xa3f ./Generated_Code/IntI2cLdd1.o
 .debug_info    0x000076ef       0x80 ./Generated_Code/KSDK1.o
 .debug_info    0x0000776f       0x79 ./Generated_Code/LED_DEBUG.o
 .debug_info    0x000077e8       0x79 ./Generated_Code/LED_STATUS_1.o
 .debug_info    0x00007861       0x79 ./Generated_Code/LED_STATUS_2.o
 .debug_info    0x000078da       0x79 ./Generated_Code/LED_STATUS_3.o
 .debug_info    0x00007953       0x79 ./Generated_Code/LED_STATUS_4.o
 .debug_info    0x000079cc       0xc3 ./Generated_Code/LEVER_DIR1.o
 .debug_info    0x00007a8f       0xc3 ./Generated_Code/LEVER_DIR2.o
 .debug_info    0x00007b52      0x469 ./Generated_Code/PCA.o
 .debug_info    0x00007fbb      0x24e ./Generated_Code/PE_LDD.o
 .debug_info    0x00008209       0xc4 ./Generated_Code/PUSH_BUTTON_REC.o
 .debug_info    0x000082cd       0xc3 ./Generated_Code/PUSH_BUTTON_SEND.o
 .debug_info    0x00008390      0x6e4 ./Generated_Code/T_100ms.o
 .debug_info    0x00008a74      0x654 ./Generated_Code/T_500ms.o
 .debug_info    0x000090c8      0x112 ./Generated_Code/Vectors.o
 .debug_info    0x000091da      0x191 ./Generated_Code/WAIT1.o

.debug_abbrev   0x00000000     0x308c
 *(.debug_abbrev)
 .debug_abbrev  0x00000000       0xdf ./Sources/Events.o
 .debug_abbrev  0x000000df      0x1a4 ./Sources/LCD.o
 .debug_abbrev  0x00000283       0xbf ./Sources/PCA9670.o
 .debug_abbrev  0x00000342      0x177 ./Sources/display.o
 .debug_abbrev  0x000004b9       0x62 ./Sources/main.o
 .debug_abbrev  0x0000051b      0x16f ./Sources/menu.o
 .debug_abbrev  0x0000068a      0x236 ./Sources/protocol.o
 .debug_abbrev  0x000008c0      0x112 ./Project_Settings/Startup_Code/startup.o
 .debug_abbrev  0x000009d2      0x207 ./Generated_Code/AS1.o
 .debug_abbrev  0x00000bd9      0x27a ./Generated_Code/ASerialLdd1.o
 .debug_abbrev  0x00000e53      0x17a ./Generated_Code/BitIoLdd1.o
 .debug_abbrev  0x00000fcd      0x17a ./Generated_Code/BitIoLdd2.o
 .debug_abbrev  0x00001147      0x17a ./Generated_Code/BitIoLdd3.o
 .debug_abbrev  0x000012c1      0x151 ./Generated_Code/BitIoLdd4.o
 .debug_abbrev  0x00001412      0x151 ./Generated_Code/BitIoLdd5.o
 .debug_abbrev  0x00001563       0x26 ./Generated_Code/CS1.o
 .debug_abbrev  0x00001589      0x210 ./Generated_Code/Cpu.o
 .debug_abbrev  0x00001799      0x1df ./Generated_Code/ENCODER.o
 .debug_abbrev  0x00001978       0x86 ./Generated_Code/ENCODER_PUSH.o
 .debug_abbrev  0x000019fe      0x18f ./Generated_Code/ExtIntLdd1.o
 .debug_abbrev  0x00001b8d      0x18f ./Generated_Code/ExtIntLdd2.o
 .debug_abbrev  0x00001d1c      0x18f ./Generated_Code/ExtIntLdd3.o
 .debug_abbrev  0x00001eab      0x18f ./Generated_Code/ExtIntLdd4.o
 .debug_abbrev  0x0000203a      0x18f ./Generated_Code/ExtIntLdd5.o
 .debug_abbrev  0x000021c9      0x238 ./Generated_Code/I2C0.o
 .debug_abbrev  0x00002401      0x1e9 ./Generated_Code/IntI2cLdd1.o
 .debug_abbrev  0x000025ea       0x26 ./Generated_Code/KSDK1.o
 .debug_abbrev  0x00002610       0x26 ./Generated_Code/LED_DEBUG.o
 .debug_abbrev  0x00002636       0x26 ./Generated_Code/LED_STATUS_1.o
 .debug_abbrev  0x0000265c       0x26 ./Generated_Code/LED_STATUS_2.o
 .debug_abbrev  0x00002682       0x26 ./Generated_Code/LED_STATUS_3.o
 .debug_abbrev  0x000026a8       0x26 ./Generated_Code/LED_STATUS_4.o
 .debug_abbrev  0x000026ce       0x86 ./Generated_Code/LEVER_DIR1.o
 .debug_abbrev  0x00002754       0x86 ./Generated_Code/LEVER_DIR2.o
 .debug_abbrev  0x000027da      0x1b1 ./Generated_Code/PCA.o
 .debug_abbrev  0x0000298b      0x128 ./Generated_Code/PE_LDD.o
 .debug_abbrev  0x00002ab3       0x86 ./Generated_Code/PUSH_BUTTON_REC.o
 .debug_abbrev  0x00002b39       0x86 ./Generated_Code/PUSH_BUTTON_SEND.o
 .debug_abbrev  0x00002bbf      0x1a8 ./Generated_Code/T_100ms.o
 .debug_abbrev  0x00002d67      0x199 ./Generated_Code/T_500ms.o
 .debug_abbrev  0x00002f00       0xa1 ./Generated_Code/Vectors.o
 .debug_abbrev  0x00002fa1       0xeb ./Generated_Code/WAIT1.o

.debug_line     0x00000000     0x354e
 *(.debug_line)
 .debug_line    0x00000000       0xce ./Sources/Events.o
 .debug_line    0x000000ce      0x18c ./Sources/LCD.o
 .debug_line    0x0000025a       0xac ./Sources/PCA9670.o
 .debug_line    0x00000306      0x134 ./Sources/display.o
 .debug_line    0x0000043a       0x94 ./Sources/main.o
 .debug_line    0x000004ce       0x8d ./Sources/menu.o
 .debug_line    0x0000055b      0x1b2 ./Sources/protocol.o
 .debug_line    0x0000070d       0xad ./Project_Settings/Startup_Code/startup.o
 .debug_line    0x000007ba      0x203 ./Generated_Code/AS1.o
 .debug_line    0x000009bd      0x291 ./Generated_Code/ASerialLdd1.o
 .debug_line    0x00000c4e      0x179 ./Generated_Code/BitIoLdd1.o
 .debug_line    0x00000dc7      0x17f ./Generated_Code/BitIoLdd2.o
 .debug_line    0x00000f46      0x17f ./Generated_Code/BitIoLdd3.o
 .debug_line    0x000010c5      0x17b ./Generated_Code/BitIoLdd4.o
 .debug_line    0x00001240      0x17b ./Generated_Code/BitIoLdd5.o
 .debug_line    0x000013bb       0x1d ./Generated_Code/CS1.o
 .debug_line    0x000013d8      0x315 ./Generated_Code/Cpu.o
 .debug_line    0x000016ed      0x291 ./Generated_Code/ENCODER.o
 .debug_line    0x0000197e       0xf5 ./Generated_Code/ENCODER_PUSH.o
 .debug_line    0x00001a73      0x18b ./Generated_Code/ExtIntLdd1.o
 .debug_line    0x00001bfe      0x189 ./Generated_Code/ExtIntLdd2.o
 .debug_line    0x00001d87      0x189 ./Generated_Code/ExtIntLdd3.o
 .debug_line    0x00001f10      0x18f ./Generated_Code/ExtIntLdd4.o
 .debug_line    0x0000209f      0x18e ./Generated_Code/ExtIntLdd5.o
 .debug_line    0x0000222d      0x289 ./Generated_Code/I2C0.o
 .debug_line    0x000024b6      0x322 ./Generated_Code/IntI2cLdd1.o
 .debug_line    0x000027d8       0x1d ./Generated_Code/KSDK1.o
 .debug_line    0x000027f5       0x1d ./Generated_Code/LED_DEBUG.o
 .debug_line    0x00002812       0x1d ./Generated_Code/LED_STATUS_1.o
 .debug_line    0x0000282f       0x1d ./Generated_Code/LED_STATUS_2.o
 .debug_line    0x0000284c       0x1d ./Generated_Code/LED_STATUS_3.o
 .debug_line    0x00002869       0x1d ./Generated_Code/LED_STATUS_4.o
 .debug_line    0x00002886       0xf3 ./Generated_Code/LEVER_DIR1.o
 .debug_line    0x00002979       0xf3 ./Generated_Code/LEVER_DIR2.o
 .debug_line    0x00002a6c      0x1c0 ./Generated_Code/PCA.o
 .debug_line    0x00002c2c      0x102 ./Generated_Code/PE_LDD.o
 .debug_line    0x00002d2e       0xf8 ./Generated_Code/PUSH_BUTTON_REC.o
 .debug_line    0x00002e26       0xf9 ./Generated_Code/PUSH_BUTTON_SEND.o
 .debug_line    0x00002f1f      0x230 ./Generated_Code/T_100ms.o
 .debug_line    0x0000314f      0x224 ./Generated_Code/T_500ms.o
 .debug_line    0x00003373       0xd5 ./Generated_Code/Vectors.o
 .debug_line    0x00003448      0x106 ./Generated_Code/WAIT1.o

.debug_frame    0x00000000     0x1710
 *(.debug_frame)
 .debug_frame   0x00000000      0x100 ./Sources/Events.o
 .debug_frame   0x00000100       0xc4 ./Sources/LCD.o
 .debug_frame   0x000001c4       0x28 ./Sources/PCA9670.o
 .debug_frame   0x000001ec       0xf0 ./Sources/display.o
 .debug_frame   0x000002dc       0x28 ./Sources/main.o
 .debug_frame   0x00000304       0xa0 ./Sources/menu.o
 .debug_frame   0x000003a4       0x7c ./Sources/protocol.o
 .debug_frame   0x00000420       0x94 ./Project_Settings/Startup_Code/startup.o
 .debug_frame   0x000004b4       0xd8 ./Generated_Code/AS1.o
 .debug_frame   0x0000058c       0x9c ./Generated_Code/ASerialLdd1.o
 .debug_frame   0x00000628       0x78 ./Generated_Code/BitIoLdd1.o
 .debug_frame   0x000006a0       0x78 ./Generated_Code/BitIoLdd2.o
 .debug_frame   0x00000718       0x78 ./Generated_Code/BitIoLdd3.o
 .debug_frame   0x00000790       0x68 ./Generated_Code/BitIoLdd4.o
 .debug_frame   0x000007f8       0x68 ./Generated_Code/BitIoLdd5.o
 .debug_frame   0x00000860       0xac ./Generated_Code/Cpu.o
 .debug_frame   0x0000090c       0xb0 ./Generated_Code/ENCODER.o
 .debug_frame   0x000009bc       0x20 ./Generated_Code/ENCODER_PUSH.o
 .debug_frame   0x000009dc       0x48 ./Generated_Code/ExtIntLdd1.o
 .debug_frame   0x00000a24       0x48 ./Generated_Code/ExtIntLdd2.o
 .debug_frame   0x00000a6c       0x48 ./Generated_Code/ExtIntLdd3.o
 .debug_frame   0x00000ab4       0x48 ./Generated_Code/ExtIntLdd4.o
 .debug_frame   0x00000afc       0x48 ./Generated_Code/ExtIntLdd5.o
 .debug_frame   0x00000b44      0x100 ./Generated_Code/I2C0.o
 .debug_frame   0x00000c44       0xf0 ./Generated_Code/IntI2cLdd1.o
 .debug_frame   0x00000d34       0x20 ./Generated_Code/LEVER_DIR1.o
 .debug_frame   0x00000d54       0x20 ./Generated_Code/LEVER_DIR2.o
 .debug_frame   0x00000d74       0xb8 ./Generated_Code/PCA.o
 .debug_frame   0x00000e2c       0x40 ./Generated_Code/PE_LDD.o
 .debug_frame   0x00000e6c       0x20 ./Generated_Code/PUSH_BUTTON_REC.o
 .debug_frame   0x00000e8c       0x20 ./Generated_Code/PUSH_BUTTON_SEND.o
 .debug_frame   0x00000eac       0x70 ./Generated_Code/T_100ms.o
 .debug_frame   0x00000f1c       0x50 ./Generated_Code/T_500ms.o
 .debug_frame   0x00000f6c       0x7c ./Generated_Code/WAIT1.o
 .debug_frame   0x00000fe8      0x2ac c:/freescale/kds_v3/toolchain/bin/../lib/gcc/arm-none-eabi/4.8.4/armv7-m\libgcc.a(unwind-arm.o)
 .debug_frame   0x00001294       0xe8 c:/freescale/kds_v3/toolchain/bin/../lib/gcc/arm-none-eabi/4.8.4/armv7-m\libgcc.a(pr-support.o)
 .debug_frame   0x0000137c       0x28 c:/freescale/kds_v3/toolchain/bin/../lib/gcc/arm-none-eabi/4.8.4/../../../../arm-none-eabi/lib/armv7-m\libg.a(lib_a-abort.o)
 .debug_frame   0x000013a4       0x28 c:/freescale/kds_v3/toolchain/bin/../lib/gcc/arm-none-eabi/4.8.4/../../../../arm-none-eabi/lib/armv7-m\libg.a(lib_a-exit.o)
 .debug_frame   0x000013cc       0x2c c:/freescale/kds_v3/toolchain/bin/../lib/gcc/arm-none-eabi/4.8.4/../../../../arm-none-eabi/lib/armv7-m\libg.a(lib_a-init.o)
 .debug_frame   0x000013f8       0x2c c:/freescale/kds_v3/toolchain/bin/../lib/gcc/arm-none-eabi/4.8.4/../../../../arm-none-eabi/lib/armv7-m\libg.a(lib_a-memset.o)
 .debug_frame   0x00001424       0xc0 c:/freescale/kds_v3/toolchain/bin/../lib/gcc/arm-none-eabi/4.8.4/../../../../arm-none-eabi/lib/armv7-m\libg.a(lib_a-signal.o)
 .debug_frame   0x000014e4       0x3c c:/freescale/kds_v3/toolchain/bin/../lib/gcc/arm-none-eabi/4.8.4/../../../../arm-none-eabi/lib/armv7-m\libg.a(lib_a-signalr.o)
 .debug_frame   0x00001520       0x48 c:/freescale/kds_v3/toolchain/bin/../lib/gcc/arm-none-eabi/4.8.4/../../../../arm-none-eabi/lib/armv7-m\libg.a(lib_a-__call_atexit.o)
 .debug_frame   0x00001568       0x20 c:/freescale/kds_v3/toolchain/bin/../lib/gcc/arm-none-eabi/4.8.4/../../../../arm-none-eabi/lib/armv7-m\libg.a(lib_a-atexit.o)
 .debug_frame   0x00001588       0x2c c:/freescale/kds_v3/toolchain/bin/../lib/gcc/arm-none-eabi/4.8.4/../../../../arm-none-eabi/lib/armv7-m\libg.a(lib_a-fini.o)
 .debug_frame   0x000015b4       0x38 c:/freescale/kds_v3/toolchain/bin/../lib/gcc/arm-none-eabi/4.8.4/../../../../arm-none-eabi/lib/armv7-m\libg.a(lib_a-mallocr.o)
 .debug_frame   0x000015ec       0x30 c:/freescale/kds_v3/toolchain/bin/../lib/gcc/arm-none-eabi/4.8.4/../../../../arm-none-eabi/lib/armv7-m\libg.a(lib_a-mlock.o)
 .debug_frame   0x0000161c       0x48 c:/freescale/kds_v3/toolchain/bin/../lib/gcc/arm-none-eabi/4.8.4/../../../../arm-none-eabi/lib/armv7-m\libg.a(lib_a-reent.o)
 .debug_frame   0x00001664       0x2c c:/freescale/kds_v3/toolchain/bin/../lib/gcc/arm-none-eabi/4.8.4/../../../../arm-none-eabi/lib/armv7-m\libg.a(lib_a-sbrkr.o)
 .debug_frame   0x00001690       0x30 c:/freescale/kds_v3/toolchain/bin/../lib/gcc/arm-none-eabi/4.8.4/../../../../arm-none-eabi/lib/armv7-m\libg.a(lib_a-__atexit.o)
 .debug_frame   0x000016c0       0x50 c:/freescale/kds_v3/toolchain/bin/../lib/gcc/arm-none-eabi/4.8.4/../../../../arm-none-eabi/lib/armv7-m\libg.a(lib_a-freer.o)

.debug_str      0x00000000     0x2263
 *(.debug_str)
 .debug_str     0x00000000      0x283 ./Sources/Events.o
                                0x2bc (size before relaxing)
 .debug_str     0x00000283      0x1ae ./Sources/LCD.o
                                0x29b (size before relaxing)
 .debug_str     0x00000431       0x24 ./Sources/PCA9670.o
                                0x1b9 (size before relaxing)
 .debug_str     0x00000455      0x1ca ./Sources/display.o
                                0x3a0 (size before relaxing)
 .debug_str     0x0000061f       0x2f ./Sources/main.o
                                0x185 (size before relaxing)
 .debug_str     0x0000064e       0x78 ./Sources/menu.o
                                0x245 (size before relaxing)
 .debug_str     0x000006c6      0x1a0 ./Sources/protocol.o
                                0x342 (size before relaxing)
 .debug_str     0x00000866      0x110 ./Project_Settings/Startup_Code/startup.o
                                0x271 (size before relaxing)
 .debug_str     0x00000976      0x1aa ./Generated_Code/AS1.o
                                0x3a5 (size before relaxing)
 .debug_str     0x00000b20      0x36b ./Generated_Code/ASerialLdd1.o
                                0x649 (size before relaxing)
 .debug_str     0x00000e8b       0xf3 ./Generated_Code/BitIoLdd1.o
                                0x337 (size before relaxing)
 .debug_str     0x00000f7e       0xa0 ./Generated_Code/BitIoLdd2.o
                                0x337 (size before relaxing)
 .debug_str     0x0000101e       0xa0 ./Generated_Code/BitIoLdd3.o
                                0x337 (size before relaxing)
 .debug_str     0x000010be       0x7e ./Generated_Code/BitIoLdd4.o
                                0x326 (size before relaxing)
 .debug_str     0x0000113c       0x8f ./Generated_Code/BitIoLdd5.o
                                0x326 (size before relaxing)
 .debug_str     0x000011cb       0x18 ./Generated_Code/CS1.o
                                0x168 (size before relaxing)
 .debug_str     0x000011e3      0x33a ./Generated_Code/Cpu.o
                                0x704 (size before relaxing)
 .debug_str     0x0000151d      0x16b ./Generated_Code/ENCODER.o
                                0x4c1 (size before relaxing)
 .debug_str     0x00001688       0x38 ./Generated_Code/ENCODER_PUSH.o
                                0x1b5 (size before relaxing)
 .debug_str     0x000016c0       0x62 ./Generated_Code/ExtIntLdd1.o
                                0x3aa (size before relaxing)
 .debug_str     0x00001722       0x79 ./Generated_Code/ExtIntLdd2.o
                                0x3aa (size before relaxing)
 .debug_str     0x0000179b       0x79 ./Generated_Code/ExtIntLdd3.o
                                0x3aa (size before relaxing)
 .debug_str     0x00001814       0x79 ./Generated_Code/ExtIntLdd4.o
                                0x3aa (size before relaxing)
 .debug_str     0x0000188d       0x79 ./Generated_Code/ExtIntLdd5.o
                                0x3aa (size before relaxing)
 .debug_str     0x00001906      0x2a0 ./Generated_Code/I2C0.o
                                0x4f4 (size before relaxing)
 .debug_str     0x00001ba6      0x126 ./Generated_Code/IntI2cLdd1.o
                                0x6f9 (size before relaxing)
 .debug_str     0x00001ccc       0x1a ./Generated_Code/KSDK1.o
                                0x16a (size before relaxing)
 .debug_str     0x00001ce6       0x1e ./Generated_Code/LED_DEBUG.o
                                0x168 (size before relaxing)
 .debug_str     0x00001d04       0x21 ./Generated_Code/LED_STATUS_1.o
                                0x16b (size before relaxing)
 .debug_str     0x00001d25       0x21 ./Generated_Code/LED_STATUS_2.o
                                0x16b (size before relaxing)
 .debug_str     0x00001d46       0x21 ./Generated_Code/LED_STATUS_3.o
                                0x16b (size before relaxing)
 .debug_str     0x00001d67       0x21 ./Generated_Code/LED_STATUS_4.o
                                0x16b (size before relaxing)
 .debug_str     0x00001d88       0x1f ./Generated_Code/LEVER_DIR1.o
                                0x1b1 (size before relaxing)
 .debug_str     0x00001da7       0x1f ./Generated_Code/LEVER_DIR2.o
                                0x1b1 (size before relaxing)
 .debug_str     0x00001dc6       0x91 ./Generated_Code/PCA.o
                                0x3e7 (size before relaxing)
 .debug_str     0x00001e57      0x172 ./Generated_Code/PE_LDD.o
                                0x321 (size before relaxing)
 .debug_str     0x00001fc9       0x24 ./Generated_Code/PUSH_BUTTON_REC.o
                                0x1bb (size before relaxing)
 .debug_str     0x00001fed       0x25 ./Generated_Code/PUSH_BUTTON_SEND.o
                                0x1bd (size before relaxing)
 .debug_str     0x00002012      0x145 ./Generated_Code/T_100ms.o
                                0x4b5 (size before relaxing)
 .debug_str     0x00002157       0x79 ./Generated_Code/T_500ms.o
                                0x462 (size before relaxing)
 .debug_str     0x000021d0       0x1c ./Generated_Code/Vectors.o
                                0x1b9 (size before relaxing)
 .debug_str     0x000021ec       0x77 ./Generated_Code/WAIT1.o
                                0x1fc (size before relaxing)

.debug_loc      0x00000000     0x2270
 *(.debug_loc)
 .debug_loc     0x00000000      0x174 ./Sources/LCD.o
 .debug_loc     0x00000174       0x6c ./Sources/display.o
 .debug_loc     0x000001e0      0x1fa ./Sources/menu.o
 .debug_loc     0x000003da      0x341 ./Sources/protocol.o
 .debug_loc     0x0000071b       0xf5 ./Project_Settings/Startup_Code/startup.o
 .debug_loc     0x00000810      0x191 ./Generated_Code/AS1.o
 .debug_loc     0x000009a1      0x456 ./Generated_Code/ASerialLdd1.o
 .debug_loc     0x00000df7       0x68 ./Generated_Code/BitIoLdd1.o
 .debug_loc     0x00000e5f       0x69 ./Generated_Code/BitIoLdd2.o
 .debug_loc     0x00000ec8       0x69 ./Generated_Code/BitIoLdd3.o
 .debug_loc     0x00000f31       0x73 ./Generated_Code/BitIoLdd4.o
 .debug_loc     0x00000fa4       0x68 ./Generated_Code/BitIoLdd5.o
 .debug_loc     0x0000100c      0x25f ./Generated_Code/ENCODER.o
 .debug_loc     0x0000126b       0x21 ./Generated_Code/ENCODER_PUSH.o
 .debug_loc     0x0000128c       0x64 ./Generated_Code/ExtIntLdd1.o
 .debug_loc     0x000012f0       0x64 ./Generated_Code/ExtIntLdd2.o
 .debug_loc     0x00001354       0x64 ./Generated_Code/ExtIntLdd3.o
 .debug_loc     0x000013b8       0x64 ./Generated_Code/ExtIntLdd4.o
 .debug_loc     0x0000141c       0x64 ./Generated_Code/ExtIntLdd5.o
 .debug_loc     0x00001480      0x23a ./Generated_Code/I2C0.o
 .debug_loc     0x000016ba      0x6ed ./Generated_Code/IntI2cLdd1.o
 .debug_loc     0x00001da7       0x21 ./Generated_Code/LEVER_DIR1.o
 .debug_loc     0x00001dc8       0x21 ./Generated_Code/LEVER_DIR2.o
 .debug_loc     0x00001de9      0x1d7 ./Generated_Code/PCA.o
 .debug_loc     0x00001fc0       0xaa ./Generated_Code/PE_LDD.o
 .debug_loc     0x0000206a       0x21 ./Generated_Code/PUSH_BUTTON_REC.o
 .debug_loc     0x0000208b       0x21 ./Generated_Code/PUSH_BUTTON_SEND.o
 .debug_loc     0x000020ac       0x9d ./Generated_Code/T_100ms.o
 .debug_loc     0x00002149       0x5b ./Generated_Code/T_500ms.o
 .debug_loc     0x000021a4       0xcc ./Generated_Code/WAIT1.o

.debug_macinfo
 *(.debug_macinfo)

.debug_weaknames
 *(.debug_weaknames)

.debug_funcnames
 *(.debug_funcnames)

.debug_typenames
 *(.debug_typenames)

.debug_varnames
 *(.debug_varnames)

.debug_pubtypes
 *(.debug_pubtypes)

.debug_ranges   0x00000000      0x2d8
 *(.debug_ranges)
 .debug_ranges  0x00000000       0x18 ./Sources/display.o
 .debug_ranges  0x00000018       0x10 ./Sources/main.o
 .debug_ranges  0x00000028       0x50 ./Sources/menu.o
 .debug_ranges  0x00000078       0xc8 ./Sources/protocol.o
 .debug_ranges  0x00000140       0x48 ./Generated_Code/AS1.o
 .debug_ranges  0x00000188       0x70 ./Generated_Code/ASerialLdd1.o
 .debug_ranges  0x000001f8       0x28 ./Generated_Code/ENCODER.o
 .debug_ranges  0x00000220       0x30 ./Generated_Code/I2C0.o
 .debug_ranges  0x00000250       0x58 ./Generated_Code/IntI2cLdd1.o
 .debug_ranges  0x000002a8       0x30 ./Generated_Code/PCA.o

.debug_macro
 *(.debug_macro)

.stack          0x00080000        0x0
                0x00080000                _stack = .
 *(.stack)

.ARM.attributes
                0x00000000       0x29
 *(.ARM.attributes)
 .ARM.attributes
                0x00000000       0x1d c:/freescale/kds_v3/toolchain/bin/../lib/gcc/arm-none-eabi/4.8.4/armv7-m/crti.o
 .ARM.attributes
                0x0000001d       0x2d c:/freescale/kds_v3/toolchain/bin/../lib/gcc/arm-none-eabi/4.8.4/armv7-m/crtbegin.o
 .ARM.attributes
                0x0000004a       0x1b c:/freescale/kds_v3/toolchain/bin/../lib/gcc/arm-none-eabi/4.8.4/../../../../arm-none-eabi/lib/armv7-m/crt0.o
 .ARM.attributes
                0x00000065       0x33 ./Sources/Events.o
 .ARM.attributes
                0x00000098       0x33 ./Sources/LCD.o
 .ARM.attributes
                0x000000cb       0x33 ./Sources/PCA9670.o
 .ARM.attributes
                0x000000fe       0x33 ./Sources/display.o
 .ARM.attributes
                0x00000131       0x33 ./Sources/main.o
 .ARM.attributes
                0x00000164       0x33 ./Sources/menu.o
 .ARM.attributes
                0x00000197       0x33 ./Sources/protocol.o
 .ARM.attributes
                0x000001ca       0x33 ./Project_Settings/Startup_Code/startup.o
 .ARM.attributes
                0x000001fd       0x33 ./Generated_Code/AS1.o
 .ARM.attributes
                0x00000230       0x33 ./Generated_Code/ASerialLdd1.o
 .ARM.attributes
                0x00000263       0x33 ./Generated_Code/BitIoLdd1.o
 .ARM.attributes
                0x00000296       0x33 ./Generated_Code/BitIoLdd2.o
 .ARM.attributes
                0x000002c9       0x33 ./Generated_Code/BitIoLdd3.o
 .ARM.attributes
                0x000002fc       0x33 ./Generated_Code/BitIoLdd4.o
 .ARM.attributes
                0x0000032f       0x33 ./Generated_Code/BitIoLdd5.o
 .ARM.attributes
                0x00000362       0x33 ./Generated_Code/CS1.o
 .ARM.attributes
                0x00000395       0x33 ./Generated_Code/Cpu.o
 .ARM.attributes
                0x000003c8       0x33 ./Generated_Code/ENCODER.o
 .ARM.attributes
                0x000003fb       0x33 ./Generated_Code/ENCODER_PUSH.o
 .ARM.attributes
                0x0000042e       0x33 ./Generated_Code/ExtIntLdd1.o
 .ARM.attributes
                0x00000461       0x33 ./Generated_Code/ExtIntLdd2.o
 .ARM.attributes
                0x00000494       0x33 ./Generated_Code/ExtIntLdd3.o
 .ARM.attributes
                0x000004c7       0x33 ./Generated_Code/ExtIntLdd4.o
 .ARM.attributes
                0x000004fa       0x33 ./Generated_Code/ExtIntLdd5.o
 .ARM.attributes
                0x0000052d       0x33 ./Generated_Code/I2C0.o
 .ARM.attributes
                0x00000560       0x33 ./Generated_Code/IntI2cLdd1.o
 .ARM.attributes
                0x00000593       0x33 ./Generated_Code/KSDK1.o
 .ARM.attributes
                0x000005c6       0x33 ./Generated_Code/LED_DEBUG.o
 .ARM.attributes
                0x000005f9       0x33 ./Generated_Code/LED_STATUS_1.o
 .ARM.attributes
                0x0000062c       0x33 ./Generated_Code/LED_STATUS_2.o
 .ARM.attributes
                0x0000065f       0x33 ./Generated_Code/LED_STATUS_3.o
 .ARM.attributes
                0x00000692       0x33 ./Generated_Code/LED_STATUS_4.o
 .ARM.attributes
                0x000006c5       0x33 ./Generated_Code/LEVER_DIR1.o
 .ARM.attributes
                0x000006f8       0x33 ./Generated_Code/LEVER_DIR2.o
 .ARM.attributes
                0x0000072b       0x33 ./Generated_Code/PCA.o
 .ARM.attributes
                0x0000075e       0x33 ./Generated_Code/PE_LDD.o
 .ARM.attributes
                0x00000791       0x33 ./Generated_Code/PUSH_BUTTON_REC.o
 .ARM.attributes
                0x000007c4       0x33 ./Generated_Code/PUSH_BUTTON_SEND.o
 .ARM.attributes
                0x000007f7       0x33 ./Generated_Code/T_100ms.o
 .ARM.attributes
                0x0000082a       0x33 ./Generated_Code/T_500ms.o
 .ARM.attributes
                0x0000085d       0x33 ./Generated_Code/Vectors.o
 .ARM.attributes
                0x00000890       0x33 ./Generated_Code/WAIT1.o
 .ARM.attributes
                0x000008c3       0x2d c:/freescale/kds_v3/toolchain/bin/../lib/gcc/arm-none-eabi/4.8.4/armv7-m\libgcc.a(unwind-arm.o)
 .ARM.attributes
                0x000008f0       0x1d c:/freescale/kds_v3/toolchain/bin/../lib/gcc/arm-none-eabi/4.8.4/armv7-m\libgcc.a(libunwind.o)
 .ARM.attributes
                0x0000090d       0x2d c:/freescale/kds_v3/toolchain/bin/../lib/gcc/arm-none-eabi/4.8.4/armv7-m\libgcc.a(pr-support.o)
 .ARM.attributes
                0x0000093a       0x2d c:/freescale/kds_v3/toolchain/bin/../lib/gcc/arm-none-eabi/4.8.4/../../../../arm-none-eabi/lib/armv7-m\libg.a(lib_a-abort.o)
 .ARM.attributes
                0x00000967       0x2d c:/freescale/kds_v3/toolchain/bin/../lib/gcc/arm-none-eabi/4.8.4/../../../../arm-none-eabi/lib/armv7-m\libg.a(lib_a-exit.o)
 .ARM.attributes
                0x00000994       0x2d c:/freescale/kds_v3/toolchain/bin/../lib/gcc/arm-none-eabi/4.8.4/../../../../arm-none-eabi/lib/armv7-m\libg.a(lib_a-impure.o)
 .ARM.attributes
                0x000009c1       0x2d c:/freescale/kds_v3/toolchain/bin/../lib/gcc/arm-none-eabi/4.8.4/../../../../arm-none-eabi/lib/armv7-m\libg.a(lib_a-init.o)
 .ARM.attributes
                0x000009ee       0x1b c:/freescale/kds_v3/toolchain/bin/../lib/gcc/arm-none-eabi/4.8.4/../../../../arm-none-eabi/lib/armv7-m\libg.a(lib_a-memcpy.o)
 .ARM.attributes
                0x00000a09       0x2d c:/freescale/kds_v3/toolchain/bin/../lib/gcc/arm-none-eabi/4.8.4/../../../../arm-none-eabi/lib/armv7-m\libg.a(lib_a-memset.o)
 .ARM.attributes
                0x00000a36       0x2d c:/freescale/kds_v3/toolchain/bin/../lib/gcc/arm-none-eabi/4.8.4/../../../../arm-none-eabi/lib/armv7-m\libg.a(lib_a-signal.o)
 .ARM.attributes
                0x00000a63       0x2d c:/freescale/kds_v3/toolchain/bin/../lib/gcc/arm-none-eabi/4.8.4/../../../../arm-none-eabi/lib/armv7-m\libg.a(lib_a-signalr.o)
 .ARM.attributes
                0x00000a90       0x2d c:/freescale/kds_v3/toolchain/bin/../lib/gcc/arm-none-eabi/4.8.4/../../../../arm-none-eabi/lib/armv7-m\libg.a(lib_a-__call_atexit.o)
 .ARM.attributes
                0x00000abd       0x2d c:/freescale/kds_v3/toolchain/bin/../lib/gcc/arm-none-eabi/4.8.4/../../../../arm-none-eabi/lib/armv7-m\libg.a(lib_a-atexit.o)
 .ARM.attributes
                0x00000aea       0x2d c:/freescale/kds_v3/toolchain/bin/../lib/gcc/arm-none-eabi/4.8.4/../../../../arm-none-eabi/lib/armv7-m\libg.a(lib_a-fini.o)
 .ARM.attributes
                0x00000b17       0x2d c:/freescale/kds_v3/toolchain/bin/../lib/gcc/arm-none-eabi/4.8.4/../../../../arm-none-eabi/lib/armv7-m\libg.a(lib_a-mallocr.o)
 .ARM.attributes
                0x00000b44       0x2d c:/freescale/kds_v3/toolchain/bin/../lib/gcc/arm-none-eabi/4.8.4/../../../../arm-none-eabi/lib/armv7-m\libg.a(lib_a-mlock.o)
 .ARM.attributes
                0x00000b71       0x2d c:/freescale/kds_v3/toolchain/bin/../lib/gcc/arm-none-eabi/4.8.4/../../../../arm-none-eabi/lib/armv7-m\libg.a(lib_a-reent.o)
 .ARM.attributes
                0x00000b9e       0x2d c:/freescale/kds_v3/toolchain/bin/../lib/gcc/arm-none-eabi/4.8.4/../../../../arm-none-eabi/lib/armv7-m\libg.a(lib_a-sbrkr.o)
 .ARM.attributes
                0x00000bcb       0x2d c:/freescale/kds_v3/toolchain/bin/../lib/gcc/arm-none-eabi/4.8.4/../../../../arm-none-eabi/lib/armv7-m\libg.a(lib_a-__atexit.o)
 .ARM.attributes
                0x00000bf8       0x2d c:/freescale/kds_v3/toolchain/bin/../lib/gcc/arm-none-eabi/4.8.4/../../../../arm-none-eabi/lib/armv7-m\libg.a(lib_a-freer.o)
 .ARM.attributes
                0x00000c25       0x2d c:/freescale/kds_v3/toolchain/bin/../lib/gcc/arm-none-eabi/4.8.4/armv7-m/crtend.o
 .ARM.attributes
                0x00000c52       0x1d c:/freescale/kds_v3/toolchain/bin/../lib/gcc/arm-none-eabi/4.8.4/armv7-m/crtn.o
 *(.gnu.attributes)

.note.gnu.arm.ident
 *(.note.gnu.arm.ident)

/DISCARD/
 *(.note.GNU-stack)
 *(.gnu_debuglink)
 *(.gnu.lto_*)
OUTPUT(varmo_lite.elf elf32-littlearm)
