Archive member included because of file (symbol)

c:/freescale/kds_v3/toolchain/bin/../lib/gcc/arm-none-eabi/4.8.4/../../../../arm-none-eabi/lib/armv7e-m\libg_s.a(lib_a-exit.o)
                              c:/freescale/kds_v3/toolchain/bin/../lib/gcc/arm-none-eabi/4.8.4/../../../../arm-none-eabi/lib/armv7e-m/crt0.o (exit)
c:/freescale/kds_v3/toolchain/bin/../lib/gcc/arm-none-eabi/4.8.4/../../../../arm-none-eabi/lib/armv7e-m\libg_s.a(lib_a-impure.o)
                              c:/freescale/kds_v3/toolchain/bin/../lib/gcc/arm-none-eabi/4.8.4/../../../../arm-none-eabi/lib/armv7e-m\libg_s.a(lib_a-exit.o) (_global_impure_ptr)
c:/freescale/kds_v3/toolchain/bin/../lib/gcc/arm-none-eabi/4.8.4/../../../../arm-none-eabi/lib/armv7e-m\libg_s.a(lib_a-init.o)
                              c:/freescale/kds_v3/toolchain/bin/../lib/gcc/arm-none-eabi/4.8.4/../../../../arm-none-eabi/lib/armv7e-m/crt0.o (__libc_init_array)
c:/freescale/kds_v3/toolchain/bin/../lib/gcc/arm-none-eabi/4.8.4/../../../../arm-none-eabi/lib/armv7e-m\libg_s.a(lib_a-memset.o)
                              c:/freescale/kds_v3/toolchain/bin/../lib/gcc/arm-none-eabi/4.8.4/../../../../arm-none-eabi/lib/armv7e-m/crt0.o (memset)
c:/freescale/kds_v3/toolchain/bin/../lib/gcc/arm-none-eabi/4.8.4/../../../../arm-none-eabi/lib/armv7e-m\libnosys.a(_exit.o)
                              c:/freescale/kds_v3/toolchain/bin/../lib/gcc/arm-none-eabi/4.8.4/../../../../arm-none-eabi/lib/armv7e-m\libg_s.a(lib_a-exit.o) (_exit)

Allocating common symbols
Common symbol       size              file

i                   0x1               ./Sources/Events.o
SR_reg              0x1               ./Generated_Code/Cpu.o

Discarded input sections

 .text          0x00000000        0x0 c:/freescale/kds_v3/toolchain/bin/../lib/gcc/arm-none-eabi/4.8.4/armv7e-m/crti.o
 .data          0x00000000        0x0 c:/freescale/kds_v3/toolchain/bin/../lib/gcc/arm-none-eabi/4.8.4/armv7e-m/crti.o
 .bss           0x00000000        0x0 c:/freescale/kds_v3/toolchain/bin/../lib/gcc/arm-none-eabi/4.8.4/armv7e-m/crti.o
 .data          0x00000000        0x4 c:/freescale/kds_v3/toolchain/bin/../lib/gcc/arm-none-eabi/4.8.4/armv7e-m/crtbegin.o
 .data          0x00000000        0x0 c:/freescale/kds_v3/toolchain/bin/../lib/gcc/arm-none-eabi/4.8.4/../../../../arm-none-eabi/lib/armv7e-m/crt0.o
 .bss           0x00000000        0x0 c:/freescale/kds_v3/toolchain/bin/../lib/gcc/arm-none-eabi/4.8.4/../../../../arm-none-eabi/lib/armv7e-m/crt0.o
 .ARM.extab     0x00000000        0x0 c:/freescale/kds_v3/toolchain/bin/../lib/gcc/arm-none-eabi/4.8.4/../../../../arm-none-eabi/lib/armv7e-m/crt0.o
 .group         0x00000000        0x8 ./Sources/Events.o
 .group         0x00000000        0x8 ./Sources/Events.o
 .group         0x00000000        0x8 ./Sources/Events.o
 .group         0x00000000        0x8 ./Sources/Events.o
 .group         0x00000000        0x8 ./Sources/Events.o
 .group         0x00000000        0x8 ./Sources/Events.o
 .group         0x00000000        0x8 ./Sources/Events.o
 .group         0x00000000        0x8 ./Sources/Events.o
 .group         0x00000000        0x8 ./Sources/Events.o
 .group         0x00000000        0x8 ./Sources/Events.o
 .group         0x00000000        0x8 ./Sources/Events.o
 .group         0x00000000        0x8 ./Sources/Events.o
 .group         0x00000000        0x8 ./Sources/Events.o
 .group         0x00000000        0x8 ./Sources/Events.o
 .group         0x00000000        0x8 ./Sources/Events.o
 .group         0x00000000        0x8 ./Sources/Events.o
 .group         0x00000000        0x8 ./Sources/Events.o
 .group         0x00000000        0x8 ./Sources/Events.o
 .group         0x00000000        0x8 ./Sources/Events.o
 .group         0x00000000        0x8 ./Sources/Events.o
 .group         0x00000000        0x8 ./Sources/Events.o
 .group         0x00000000        0x8 ./Sources/Events.o
 .group         0x00000000        0x8 ./Sources/Events.o
 .text          0x00000000        0x0 ./Sources/Events.o
 .data          0x00000000        0x0 ./Sources/Events.o
 .bss           0x00000000        0x0 ./Sources/Events.o
 .group         0x00000000        0x8 ./Sources/display.o
 .group         0x00000000        0x8 ./Sources/display.o
 .group         0x00000000        0x8 ./Sources/display.o
 .group         0x00000000        0x8 ./Sources/display.o
 .group         0x00000000        0x8 ./Sources/display.o
 .group         0x00000000        0x8 ./Sources/display.o
 .group         0x00000000        0x8 ./Sources/display.o
 .group         0x00000000        0x8 ./Sources/display.o
 .group         0x00000000        0x8 ./Sources/display.o
 .group         0x00000000        0x8 ./Sources/display.o
 .group         0x00000000        0x8 ./Sources/display.o
 .group         0x00000000        0x8 ./Sources/display.o
 .group         0x00000000        0x8 ./Sources/display.o
 .group         0x00000000        0x8 ./Sources/display.o
 .group         0x00000000        0x8 ./Sources/display.o
 .group         0x00000000        0x8 ./Sources/display.o
 .group         0x00000000        0x8 ./Sources/display.o
 .group         0x00000000        0x8 ./Sources/display.o
 .group         0x00000000        0x8 ./Sources/display.o
 .text          0x00000000        0x0 ./Sources/display.o
 .data          0x00000000        0x0 ./Sources/display.o
 .bss           0x00000000        0x0 ./Sources/display.o
 .debug_macro   0x00000000      0x84a ./Sources/display.o
 .debug_macro   0x00000000       0x16 ./Sources/display.o
 .debug_macro   0x00000000       0x44 ./Sources/display.o
 .debug_macro   0x00000000      0x209 ./Sources/display.o
 .debug_macro   0x00000000     0x17d7 ./Sources/display.o
 .debug_macro   0x00000000      0x14e ./Sources/display.o
 .debug_macro   0x00000000       0x6a ./Sources/display.o
 .debug_macro   0x00000000     0xd4f6 ./Sources/display.o
 .debug_macro   0x00000000       0x94 ./Sources/display.o
 .debug_macro   0x00000000      0x12c ./Sources/display.o
 .debug_macro   0x00000000       0x26 ./Sources/display.o
 .debug_macro   0x00000000       0x4c ./Sources/display.o
 .debug_macro   0x00000000       0x26 ./Sources/display.o
 .debug_macro   0x00000000       0x4c ./Sources/display.o
 .debug_macro   0x00000000       0x26 ./Sources/display.o
 .debug_macro   0x00000000       0x4c ./Sources/display.o
 .debug_macro   0x00000000       0x26 ./Sources/display.o
 .group         0x00000000        0x8 ./Sources/main.o
 .group         0x00000000        0x8 ./Sources/main.o
 .group         0x00000000        0x8 ./Sources/main.o
 .group         0x00000000        0x8 ./Sources/main.o
 .group         0x00000000        0x8 ./Sources/main.o
 .group         0x00000000        0x8 ./Sources/main.o
 .group         0x00000000        0x8 ./Sources/main.o
 .group         0x00000000        0x8 ./Sources/main.o
 .group         0x00000000        0x8 ./Sources/main.o
 .group         0x00000000        0x8 ./Sources/main.o
 .group         0x00000000        0x8 ./Sources/main.o
 .group         0x00000000        0x8 ./Sources/main.o
 .group         0x00000000        0x8 ./Sources/main.o
 .group         0x00000000        0x8 ./Sources/main.o
 .group         0x00000000        0x8 ./Sources/main.o
 .group         0x00000000        0x8 ./Sources/main.o
 .group         0x00000000        0x8 ./Sources/main.o
 .group         0x00000000        0x8 ./Sources/main.o
 .group         0x00000000        0x8 ./Sources/main.o
 .group         0x00000000        0x8 ./Sources/main.o
 .group         0x00000000        0x8 ./Sources/main.o
 .group         0x00000000        0x8 ./Sources/main.o
 .group         0x00000000        0x8 ./Sources/main.o
 .text          0x00000000        0x0 ./Sources/main.o
 .data          0x00000000        0x0 ./Sources/main.o
 .bss           0x00000000        0x0 ./Sources/main.o
 .debug_macro   0x00000000      0x84a ./Sources/main.o
 .debug_macro   0x00000000       0x16 ./Sources/main.o
 .debug_macro   0x00000000       0x44 ./Sources/main.o
 .debug_macro   0x00000000      0x209 ./Sources/main.o
 .debug_macro   0x00000000     0x17d7 ./Sources/main.o
 .debug_macro   0x00000000      0x14e ./Sources/main.o
 .debug_macro   0x00000000       0x6a ./Sources/main.o
 .debug_macro   0x00000000     0xd4f6 ./Sources/main.o
 .debug_macro   0x00000000       0x94 ./Sources/main.o
 .debug_macro   0x00000000       0x94 ./Sources/main.o
 .debug_macro   0x00000000      0x12c ./Sources/main.o
 .debug_macro   0x00000000       0x46 ./Sources/main.o
 .debug_macro   0x00000000       0x26 ./Sources/main.o
 .debug_macro   0x00000000      0x6a6 ./Sources/main.o
 .debug_macro   0x00000000       0x51 ./Sources/main.o
 .debug_macro   0x00000000       0x4c ./Sources/main.o
 .debug_macro   0x00000000       0x26 ./Sources/main.o
 .debug_macro   0x00000000       0x4c ./Sources/main.o
 .debug_macro   0x00000000       0x26 ./Sources/main.o
 .debug_macro   0x00000000       0x4c ./Sources/main.o
 .debug_macro   0x00000000       0x26 ./Sources/main.o
 .debug_macro   0x00000000       0x4c ./Sources/main.o
 .debug_macro   0x00000000       0x26 ./Sources/main.o
 .group         0x00000000        0x8 ./Project_Settings/Startup_Code/startup.o
 .group         0x00000000        0x8 ./Project_Settings/Startup_Code/startup.o
 .group         0x00000000        0x8 ./Project_Settings/Startup_Code/startup.o
 .group         0x00000000        0x8 ./Project_Settings/Startup_Code/startup.o
 .group         0x00000000        0x8 ./Project_Settings/Startup_Code/startup.o
 .group         0x00000000        0x8 ./Project_Settings/Startup_Code/startup.o
 .group         0x00000000        0x8 ./Project_Settings/Startup_Code/startup.o
 .group         0x00000000        0x8 ./Project_Settings/Startup_Code/startup.o
 .group         0x00000000        0x8 ./Project_Settings/Startup_Code/startup.o
 .group         0x00000000        0x8 ./Project_Settings/Startup_Code/startup.o
 .group         0x00000000        0x8 ./Project_Settings/Startup_Code/startup.o
 .group         0x00000000        0x8 ./Project_Settings/Startup_Code/startup.o
 .group         0x00000000        0x8 ./Project_Settings/Startup_Code/startup.o
 .group         0x00000000        0x8 ./Project_Settings/Startup_Code/startup.o
 .group         0x00000000        0x8 ./Project_Settings/Startup_Code/startup.o
 .group         0x00000000        0x8 ./Project_Settings/Startup_Code/startup.o
 .group         0x00000000        0x8 ./Project_Settings/Startup_Code/startup.o
 .group         0x00000000        0x8 ./Project_Settings/Startup_Code/startup.o
 .group         0x00000000        0x8 ./Project_Settings/Startup_Code/startup.o
 .text          0x00000000        0x0 ./Project_Settings/Startup_Code/startup.o
 .data          0x00000000        0x0 ./Project_Settings/Startup_Code/startup.o
 .bss           0x00000000        0x0 ./Project_Settings/Startup_Code/startup.o
 .text.__init_hardware
                0x00000000        0xc ./Project_Settings/Startup_Code/startup.o
 .text.__iar_program_start
                0x00000000        0xc ./Project_Settings/Startup_Code/startup.o
 .debug_macro   0x00000000      0x84a ./Project_Settings/Startup_Code/startup.o
 .debug_macro   0x00000000       0x16 ./Project_Settings/Startup_Code/startup.o
 .group         0x00000000        0x8 ./Generated_Code/BitIoLdd1.o
 .group         0x00000000        0x8 ./Generated_Code/BitIoLdd1.o
 .group         0x00000000        0x8 ./Generated_Code/BitIoLdd1.o
 .group         0x00000000        0x8 ./Generated_Code/BitIoLdd1.o
 .group         0x00000000        0x8 ./Generated_Code/BitIoLdd1.o
 .group         0x00000000        0x8 ./Generated_Code/BitIoLdd1.o
 .group         0x00000000        0x8 ./Generated_Code/BitIoLdd1.o
 .group         0x00000000        0x8 ./Generated_Code/BitIoLdd1.o
 .group         0x00000000        0x8 ./Generated_Code/BitIoLdd1.o
 .group         0x00000000        0x8 ./Generated_Code/BitIoLdd1.o
 .group         0x00000000        0x8 ./Generated_Code/BitIoLdd1.o
 .group         0x00000000        0x8 ./Generated_Code/BitIoLdd1.o
 .text          0x00000000        0x0 ./Generated_Code/BitIoLdd1.o
 .data          0x00000000        0x0 ./Generated_Code/BitIoLdd1.o
 .bss           0x00000000        0x0 ./Generated_Code/BitIoLdd1.o
 .text.BitIoLdd1_GetVal
                0x00000000       0x30 ./Generated_Code/BitIoLdd1.o
 .text.BitIoLdd1_PutVal
                0x00000000       0x30 ./Generated_Code/BitIoLdd1.o
 .text.BitIoLdd1_ClrVal
                0x00000000       0x1c ./Generated_Code/BitIoLdd1.o
 .text.BitIoLdd1_SetVal
                0x00000000       0x1c ./Generated_Code/BitIoLdd1.o
 .text.BitIoLdd1_NegVal
                0x00000000       0x1c ./Generated_Code/BitIoLdd1.o
 .debug_macro   0x00000000      0x84a ./Generated_Code/BitIoLdd1.o
 .debug_macro   0x00000000       0x16 ./Generated_Code/BitIoLdd1.o
 .debug_macro   0x00000000       0x44 ./Generated_Code/BitIoLdd1.o
 .debug_macro   0x00000000      0x209 ./Generated_Code/BitIoLdd1.o
 .debug_macro   0x00000000     0x17d7 ./Generated_Code/BitIoLdd1.o
 .debug_macro   0x00000000      0x14e ./Generated_Code/BitIoLdd1.o
 .debug_macro   0x00000000       0x6a ./Generated_Code/BitIoLdd1.o
 .debug_macro   0x00000000     0xd4f6 ./Generated_Code/BitIoLdd1.o
 .debug_macro   0x00000000       0x94 ./Generated_Code/BitIoLdd1.o
 .debug_macro   0x00000000      0x12c ./Generated_Code/BitIoLdd1.o
 .debug_macro   0x00000000       0x9a ./Generated_Code/BitIoLdd1.o
 .debug_macro   0x00000000       0x46 ./Generated_Code/BitIoLdd1.o
 .group         0x00000000        0x8 ./Generated_Code/BitIoLdd2.o
 .group         0x00000000        0x8 ./Generated_Code/BitIoLdd2.o
 .group         0x00000000        0x8 ./Generated_Code/BitIoLdd2.o
 .group         0x00000000        0x8 ./Generated_Code/BitIoLdd2.o
 .group         0x00000000        0x8 ./Generated_Code/BitIoLdd2.o
 .group         0x00000000        0x8 ./Generated_Code/BitIoLdd2.o
 .group         0x00000000        0x8 ./Generated_Code/BitIoLdd2.o
 .group         0x00000000        0x8 ./Generated_Code/BitIoLdd2.o
 .group         0x00000000        0x8 ./Generated_Code/BitIoLdd2.o
 .group         0x00000000        0x8 ./Generated_Code/BitIoLdd2.o
 .group         0x00000000        0x8 ./Generated_Code/BitIoLdd2.o
 .group         0x00000000        0x8 ./Generated_Code/BitIoLdd2.o
 .text          0x00000000        0x0 ./Generated_Code/BitIoLdd2.o
 .data          0x00000000        0x0 ./Generated_Code/BitIoLdd2.o
 .bss           0x00000000        0x0 ./Generated_Code/BitIoLdd2.o
 .text.BitIoLdd2_GetVal
                0x00000000       0x30 ./Generated_Code/BitIoLdd2.o
 .text.BitIoLdd2_ClrVal
                0x00000000       0x1c ./Generated_Code/BitIoLdd2.o
 .text.BitIoLdd2_SetVal
                0x00000000       0x1c ./Generated_Code/BitIoLdd2.o
 .text.BitIoLdd2_NegVal
                0x00000000       0x1c ./Generated_Code/BitIoLdd2.o
 .debug_macro   0x00000000      0x84a ./Generated_Code/BitIoLdd2.o
 .debug_macro   0x00000000       0x16 ./Generated_Code/BitIoLdd2.o
 .debug_macro   0x00000000       0x44 ./Generated_Code/BitIoLdd2.o
 .debug_macro   0x00000000      0x209 ./Generated_Code/BitIoLdd2.o
 .debug_macro   0x00000000     0x17d7 ./Generated_Code/BitIoLdd2.o
 .debug_macro   0x00000000      0x14e ./Generated_Code/BitIoLdd2.o
 .debug_macro   0x00000000       0x6a ./Generated_Code/BitIoLdd2.o
 .debug_macro   0x00000000     0xd4f6 ./Generated_Code/BitIoLdd2.o
 .debug_macro   0x00000000       0x94 ./Generated_Code/BitIoLdd2.o
 .debug_macro   0x00000000      0x12c ./Generated_Code/BitIoLdd2.o
 .debug_macro   0x00000000       0x9a ./Generated_Code/BitIoLdd2.o
 .debug_macro   0x00000000       0x46 ./Generated_Code/BitIoLdd2.o
 .group         0x00000000        0x8 ./Generated_Code/BitIoLdd3.o
 .group         0x00000000        0x8 ./Generated_Code/BitIoLdd3.o
 .group         0x00000000        0x8 ./Generated_Code/BitIoLdd3.o
 .group         0x00000000        0x8 ./Generated_Code/BitIoLdd3.o
 .group         0x00000000        0x8 ./Generated_Code/BitIoLdd3.o
 .group         0x00000000        0x8 ./Generated_Code/BitIoLdd3.o
 .group         0x00000000        0x8 ./Generated_Code/BitIoLdd3.o
 .group         0x00000000        0x8 ./Generated_Code/BitIoLdd3.o
 .group         0x00000000        0x8 ./Generated_Code/BitIoLdd3.o
 .group         0x00000000        0x8 ./Generated_Code/BitIoLdd3.o
 .group         0x00000000        0x8 ./Generated_Code/BitIoLdd3.o
 .group         0x00000000        0x8 ./Generated_Code/BitIoLdd3.o
 .text          0x00000000        0x0 ./Generated_Code/BitIoLdd3.o
 .data          0x00000000        0x0 ./Generated_Code/BitIoLdd3.o
 .bss           0x00000000        0x0 ./Generated_Code/BitIoLdd3.o
 .text.BitIoLdd3_GetVal
                0x00000000       0x30 ./Generated_Code/BitIoLdd3.o
 .text.BitIoLdd3_ClrVal
                0x00000000       0x1c ./Generated_Code/BitIoLdd3.o
 .text.BitIoLdd3_SetVal
                0x00000000       0x1c ./Generated_Code/BitIoLdd3.o
 .text.BitIoLdd3_NegVal
                0x00000000       0x1c ./Generated_Code/BitIoLdd3.o
 .debug_macro   0x00000000      0x84a ./Generated_Code/BitIoLdd3.o
 .debug_macro   0x00000000       0x16 ./Generated_Code/BitIoLdd3.o
 .debug_macro   0x00000000       0x44 ./Generated_Code/BitIoLdd3.o
 .debug_macro   0x00000000      0x209 ./Generated_Code/BitIoLdd3.o
 .debug_macro   0x00000000     0x17d7 ./Generated_Code/BitIoLdd3.o
 .debug_macro   0x00000000      0x14e ./Generated_Code/BitIoLdd3.o
 .debug_macro   0x00000000       0x6a ./Generated_Code/BitIoLdd3.o
 .debug_macro   0x00000000     0xd4f6 ./Generated_Code/BitIoLdd3.o
 .debug_macro   0x00000000       0x94 ./Generated_Code/BitIoLdd3.o
 .debug_macro   0x00000000      0x12c ./Generated_Code/BitIoLdd3.o
 .debug_macro   0x00000000       0x9a ./Generated_Code/BitIoLdd3.o
 .group         0x00000000        0x8 ./Generated_Code/BitIoLdd4.o
 .group         0x00000000        0x8 ./Generated_Code/BitIoLdd4.o
 .group         0x00000000        0x8 ./Generated_Code/BitIoLdd4.o
 .group         0x00000000        0x8 ./Generated_Code/BitIoLdd4.o
 .group         0x00000000        0x8 ./Generated_Code/BitIoLdd4.o
 .group         0x00000000        0x8 ./Generated_Code/BitIoLdd4.o
 .group         0x00000000        0x8 ./Generated_Code/BitIoLdd4.o
 .group         0x00000000        0x8 ./Generated_Code/BitIoLdd4.o
 .group         0x00000000        0x8 ./Generated_Code/BitIoLdd4.o
 .group         0x00000000        0x8 ./Generated_Code/BitIoLdd4.o
 .group         0x00000000        0x8 ./Generated_Code/BitIoLdd4.o
 .group         0x00000000        0x8 ./Generated_Code/BitIoLdd4.o
 .text          0x00000000        0x0 ./Generated_Code/BitIoLdd4.o
 .data          0x00000000        0x0 ./Generated_Code/BitIoLdd4.o
 .bss           0x00000000        0x0 ./Generated_Code/BitIoLdd4.o
 .text.BitIoLdd4_GetVal
                0x00000000       0x30 ./Generated_Code/BitIoLdd4.o
 .text.BitIoLdd4_ClrVal
                0x00000000       0x1c ./Generated_Code/BitIoLdd4.o
 .text.BitIoLdd4_SetVal
                0x00000000       0x1c ./Generated_Code/BitIoLdd4.o
 .text.BitIoLdd4_NegVal
                0x00000000       0x1c ./Generated_Code/BitIoLdd4.o
 .debug_macro   0x00000000      0x84a ./Generated_Code/BitIoLdd4.o
 .debug_macro   0x00000000       0x16 ./Generated_Code/BitIoLdd4.o
 .debug_macro   0x00000000       0x44 ./Generated_Code/BitIoLdd4.o
 .debug_macro   0x00000000      0x209 ./Generated_Code/BitIoLdd4.o
 .debug_macro   0x00000000     0x17d7 ./Generated_Code/BitIoLdd4.o
 .debug_macro   0x00000000      0x14e ./Generated_Code/BitIoLdd4.o
 .debug_macro   0x00000000       0x6a ./Generated_Code/BitIoLdd4.o
 .debug_macro   0x00000000     0xd4f6 ./Generated_Code/BitIoLdd4.o
 .debug_macro   0x00000000       0x94 ./Generated_Code/BitIoLdd4.o
 .debug_macro   0x00000000      0x12c ./Generated_Code/BitIoLdd4.o
 .debug_macro   0x00000000       0x9a ./Generated_Code/BitIoLdd4.o
 .group         0x00000000        0x8 ./Generated_Code/BitIoLdd5.o
 .group         0x00000000        0x8 ./Generated_Code/BitIoLdd5.o
 .group         0x00000000        0x8 ./Generated_Code/BitIoLdd5.o
 .group         0x00000000        0x8 ./Generated_Code/BitIoLdd5.o
 .group         0x00000000        0x8 ./Generated_Code/BitIoLdd5.o
 .group         0x00000000        0x8 ./Generated_Code/BitIoLdd5.o
 .group         0x00000000        0x8 ./Generated_Code/BitIoLdd5.o
 .group         0x00000000        0x8 ./Generated_Code/BitIoLdd5.o
 .group         0x00000000        0x8 ./Generated_Code/BitIoLdd5.o
 .group         0x00000000        0x8 ./Generated_Code/BitIoLdd5.o
 .group         0x00000000        0x8 ./Generated_Code/BitIoLdd5.o
 .group         0x00000000        0x8 ./Generated_Code/BitIoLdd5.o
 .text          0x00000000        0x0 ./Generated_Code/BitIoLdd5.o
 .data          0x00000000        0x0 ./Generated_Code/BitIoLdd5.o
 .bss           0x00000000        0x0 ./Generated_Code/BitIoLdd5.o
 .text.BitIoLdd5_GetVal
                0x00000000       0x30 ./Generated_Code/BitIoLdd5.o
 .text.BitIoLdd5_ClrVal
                0x00000000       0x1c ./Generated_Code/BitIoLdd5.o
 .text.BitIoLdd5_SetVal
                0x00000000       0x1c ./Generated_Code/BitIoLdd5.o
 .text.BitIoLdd5_NegVal
                0x00000000       0x1c ./Generated_Code/BitIoLdd5.o
 .debug_macro   0x00000000      0x84a ./Generated_Code/BitIoLdd5.o
 .debug_macro   0x00000000       0x16 ./Generated_Code/BitIoLdd5.o
 .debug_macro   0x00000000       0x44 ./Generated_Code/BitIoLdd5.o
 .debug_macro   0x00000000      0x209 ./Generated_Code/BitIoLdd5.o
 .debug_macro   0x00000000     0x17d7 ./Generated_Code/BitIoLdd5.o
 .debug_macro   0x00000000      0x14e ./Generated_Code/BitIoLdd5.o
 .debug_macro   0x00000000       0x6a ./Generated_Code/BitIoLdd5.o
 .debug_macro   0x00000000     0xd4f6 ./Generated_Code/BitIoLdd5.o
 .debug_macro   0x00000000       0x94 ./Generated_Code/BitIoLdd5.o
 .debug_macro   0x00000000      0x12c ./Generated_Code/BitIoLdd5.o
 .debug_macro   0x00000000       0x9a ./Generated_Code/BitIoLdd5.o
 .group         0x00000000        0x8 ./Generated_Code/Cpu.o
 .group         0x00000000        0x8 ./Generated_Code/Cpu.o
 .group         0x00000000        0x8 ./Generated_Code/Cpu.o
 .group         0x00000000        0x8 ./Generated_Code/Cpu.o
 .group         0x00000000        0x8 ./Generated_Code/Cpu.o
 .group         0x00000000        0x8 ./Generated_Code/Cpu.o
 .group         0x00000000        0x8 ./Generated_Code/Cpu.o
 .group         0x00000000        0x8 ./Generated_Code/Cpu.o
 .group         0x00000000        0x8 ./Generated_Code/Cpu.o
 .group         0x00000000        0x8 ./Generated_Code/Cpu.o
 .group         0x00000000        0x8 ./Generated_Code/Cpu.o
 .group         0x00000000        0x8 ./Generated_Code/Cpu.o
 .group         0x00000000        0x8 ./Generated_Code/Cpu.o
 .group         0x00000000        0x8 ./Generated_Code/Cpu.o
 .group         0x00000000        0x8 ./Generated_Code/Cpu.o
 .group         0x00000000        0x8 ./Generated_Code/Cpu.o
 .group         0x00000000        0x8 ./Generated_Code/Cpu.o
 .group         0x00000000        0x8 ./Generated_Code/Cpu.o
 .group         0x00000000        0x8 ./Generated_Code/Cpu.o
 .group         0x00000000        0x8 ./Generated_Code/Cpu.o
 .group         0x00000000        0x8 ./Generated_Code/Cpu.o
 .group         0x00000000        0x8 ./Generated_Code/Cpu.o
 .group         0x00000000        0x8 ./Generated_Code/Cpu.o
 .text          0x00000000        0x0 ./Generated_Code/Cpu.o
 .data          0x00000000        0x0 ./Generated_Code/Cpu.o
 .bss           0x00000000        0x0 ./Generated_Code/Cpu.o
 .bss.SR_lock   0x00000000        0x1 ./Generated_Code/Cpu.o
 .debug_macro   0x00000000      0x84a ./Generated_Code/Cpu.o
 .debug_macro   0x00000000       0x16 ./Generated_Code/Cpu.o
 .debug_macro   0x00000000       0x44 ./Generated_Code/Cpu.o
 .debug_macro   0x00000000      0x209 ./Generated_Code/Cpu.o
 .debug_macro   0x00000000     0x17d7 ./Generated_Code/Cpu.o
 .debug_macro   0x00000000      0x14e ./Generated_Code/Cpu.o
 .debug_macro   0x00000000       0x6a ./Generated_Code/Cpu.o
 .debug_macro   0x00000000     0xd4f6 ./Generated_Code/Cpu.o
 .debug_macro   0x00000000       0x94 ./Generated_Code/Cpu.o
 .debug_macro   0x00000000      0x12c ./Generated_Code/Cpu.o
 .debug_macro   0x00000000       0x9a ./Generated_Code/Cpu.o
 .debug_macro   0x00000000       0x46 ./Generated_Code/Cpu.o
 .debug_macro   0x00000000       0x26 ./Generated_Code/Cpu.o
 .debug_macro   0x00000000      0x6a6 ./Generated_Code/Cpu.o
 .debug_macro   0x00000000       0x51 ./Generated_Code/Cpu.o
 .debug_macro   0x00000000       0x4c ./Generated_Code/Cpu.o
 .debug_macro   0x00000000       0x26 ./Generated_Code/Cpu.o
 .debug_macro   0x00000000       0x4c ./Generated_Code/Cpu.o
 .debug_macro   0x00000000       0x26 ./Generated_Code/Cpu.o
 .debug_macro   0x00000000       0x4c ./Generated_Code/Cpu.o
 .debug_macro   0x00000000       0x26 ./Generated_Code/Cpu.o
 .debug_macro   0x00000000       0x4c ./Generated_Code/Cpu.o
 .debug_macro   0x00000000       0x26 ./Generated_Code/Cpu.o
 COMMON         0x00000000        0x1 ./Generated_Code/Cpu.o
 .group         0x00000000        0x8 ./Generated_Code/LED_DEBUG.o
 .group         0x00000000        0x8 ./Generated_Code/LED_DEBUG.o
 .group         0x00000000        0x8 ./Generated_Code/LED_DEBUG.o
 .group         0x00000000        0x8 ./Generated_Code/LED_DEBUG.o
 .group         0x00000000        0x8 ./Generated_Code/LED_DEBUG.o
 .group         0x00000000        0x8 ./Generated_Code/LED_DEBUG.o
 .group         0x00000000        0x8 ./Generated_Code/LED_DEBUG.o
 .group         0x00000000        0x8 ./Generated_Code/LED_DEBUG.o
 .group         0x00000000        0x8 ./Generated_Code/LED_DEBUG.o
 .group         0x00000000        0x8 ./Generated_Code/LED_DEBUG.o
 .group         0x00000000        0x8 ./Generated_Code/LED_DEBUG.o
 .group         0x00000000        0x8 ./Generated_Code/LED_DEBUG.o
 .group         0x00000000        0x8 ./Generated_Code/LED_DEBUG.o
 .text          0x00000000        0x0 ./Generated_Code/LED_DEBUG.o
 .data          0x00000000        0x0 ./Generated_Code/LED_DEBUG.o
 .bss           0x00000000        0x0 ./Generated_Code/LED_DEBUG.o
 .debug_info    0x00000000       0x7d ./Generated_Code/LED_DEBUG.o
 .debug_abbrev  0x00000000       0x29 ./Generated_Code/LED_DEBUG.o
 .debug_aranges
                0x00000000       0x18 ./Generated_Code/LED_DEBUG.o
 .debug_macro   0x00000000       0xb5 ./Generated_Code/LED_DEBUG.o
 .debug_macro   0x00000000      0x84a ./Generated_Code/LED_DEBUG.o
 .debug_macro   0x00000000       0x16 ./Generated_Code/LED_DEBUG.o
 .debug_macro   0x00000000       0x44 ./Generated_Code/LED_DEBUG.o
 .debug_macro   0x00000000      0x209 ./Generated_Code/LED_DEBUG.o
 .debug_macro   0x00000000     0x17d7 ./Generated_Code/LED_DEBUG.o
 .debug_macro   0x00000000      0x14e ./Generated_Code/LED_DEBUG.o
 .debug_macro   0x00000000       0x6a ./Generated_Code/LED_DEBUG.o
 .debug_macro   0x00000000     0xd4f6 ./Generated_Code/LED_DEBUG.o
 .debug_macro   0x00000000       0x94 ./Generated_Code/LED_DEBUG.o
 .debug_macro   0x00000000      0x12c ./Generated_Code/LED_DEBUG.o
 .debug_macro   0x00000000       0x9a ./Generated_Code/LED_DEBUG.o
 .debug_macro   0x00000000       0x46 ./Generated_Code/LED_DEBUG.o
 .debug_macro   0x00000000       0x26 ./Generated_Code/LED_DEBUG.o
 .debug_line    0x00000000      0x27d ./Generated_Code/LED_DEBUG.o
 .debug_str     0x00000000    0x52632 ./Generated_Code/LED_DEBUG.o
 .comment       0x00000000       0x71 ./Generated_Code/LED_DEBUG.o
 .ARM.attributes
                0x00000000       0x33 ./Generated_Code/LED_DEBUG.o
 .group         0x00000000        0x8 ./Generated_Code/LED_STATUS_1.o
 .group         0x00000000        0x8 ./Generated_Code/LED_STATUS_1.o
 .group         0x00000000        0x8 ./Generated_Code/LED_STATUS_1.o
 .group         0x00000000        0x8 ./Generated_Code/LED_STATUS_1.o
 .group         0x00000000        0x8 ./Generated_Code/LED_STATUS_1.o
 .group         0x00000000        0x8 ./Generated_Code/LED_STATUS_1.o
 .group         0x00000000        0x8 ./Generated_Code/LED_STATUS_1.o
 .group         0x00000000        0x8 ./Generated_Code/LED_STATUS_1.o
 .group         0x00000000        0x8 ./Generated_Code/LED_STATUS_1.o
 .group         0x00000000        0x8 ./Generated_Code/LED_STATUS_1.o
 .group         0x00000000        0x8 ./Generated_Code/LED_STATUS_1.o
 .group         0x00000000        0x8 ./Generated_Code/LED_STATUS_1.o
 .group         0x00000000        0x8 ./Generated_Code/LED_STATUS_1.o
 .text          0x00000000        0x0 ./Generated_Code/LED_STATUS_1.o
 .data          0x00000000        0x0 ./Generated_Code/LED_STATUS_1.o
 .bss           0x00000000        0x0 ./Generated_Code/LED_STATUS_1.o
 .debug_info    0x00000000       0x7d ./Generated_Code/LED_STATUS_1.o
 .debug_abbrev  0x00000000       0x29 ./Generated_Code/LED_STATUS_1.o
 .debug_aranges
                0x00000000       0x18 ./Generated_Code/LED_STATUS_1.o
 .debug_macro   0x00000000       0xb5 ./Generated_Code/LED_STATUS_1.o
 .debug_macro   0x00000000      0x84a ./Generated_Code/LED_STATUS_1.o
 .debug_macro   0x00000000       0x16 ./Generated_Code/LED_STATUS_1.o
 .debug_macro   0x00000000       0x44 ./Generated_Code/LED_STATUS_1.o
 .debug_macro   0x00000000      0x209 ./Generated_Code/LED_STATUS_1.o
 .debug_macro   0x00000000     0x17d7 ./Generated_Code/LED_STATUS_1.o
 .debug_macro   0x00000000      0x14e ./Generated_Code/LED_STATUS_1.o
 .debug_macro   0x00000000       0x6a ./Generated_Code/LED_STATUS_1.o
 .debug_macro   0x00000000     0xd4f6 ./Generated_Code/LED_STATUS_1.o
 .debug_macro   0x00000000       0x94 ./Generated_Code/LED_STATUS_1.o
 .debug_macro   0x00000000      0x12c ./Generated_Code/LED_STATUS_1.o
 .debug_macro   0x00000000       0x9a ./Generated_Code/LED_STATUS_1.o
 .debug_macro   0x00000000       0x46 ./Generated_Code/LED_STATUS_1.o
 .debug_macro   0x00000000       0x26 ./Generated_Code/LED_STATUS_1.o
 .debug_line    0x00000000      0x283 ./Generated_Code/LED_STATUS_1.o
 .debug_str     0x00000000    0x52647 ./Generated_Code/LED_STATUS_1.o
 .comment       0x00000000       0x71 ./Generated_Code/LED_STATUS_1.o
 .ARM.attributes
                0x00000000       0x33 ./Generated_Code/LED_STATUS_1.o
 .group         0x00000000        0x8 ./Generated_Code/LED_STATUS_2.o
 .group         0x00000000        0x8 ./Generated_Code/LED_STATUS_2.o
 .group         0x00000000        0x8 ./Generated_Code/LED_STATUS_2.o
 .group         0x00000000        0x8 ./Generated_Code/LED_STATUS_2.o
 .group         0x00000000        0x8 ./Generated_Code/LED_STATUS_2.o
 .group         0x00000000        0x8 ./Generated_Code/LED_STATUS_2.o
 .group         0x00000000        0x8 ./Generated_Code/LED_STATUS_2.o
 .group         0x00000000        0x8 ./Generated_Code/LED_STATUS_2.o
 .group         0x00000000        0x8 ./Generated_Code/LED_STATUS_2.o
 .group         0x00000000        0x8 ./Generated_Code/LED_STATUS_2.o
 .group         0x00000000        0x8 ./Generated_Code/LED_STATUS_2.o
 .group         0x00000000        0x8 ./Generated_Code/LED_STATUS_2.o
 .group         0x00000000        0x8 ./Generated_Code/LED_STATUS_2.o
 .text          0x00000000        0x0 ./Generated_Code/LED_STATUS_2.o
 .data          0x00000000        0x0 ./Generated_Code/LED_STATUS_2.o
 .bss           0x00000000        0x0 ./Generated_Code/LED_STATUS_2.o
 .debug_info    0x00000000       0x7d ./Generated_Code/LED_STATUS_2.o
 .debug_abbrev  0x00000000       0x29 ./Generated_Code/LED_STATUS_2.o
 .debug_aranges
                0x00000000       0x18 ./Generated_Code/LED_STATUS_2.o
 .debug_macro   0x00000000       0xb5 ./Generated_Code/LED_STATUS_2.o
 .debug_macro   0x00000000      0x84a ./Generated_Code/LED_STATUS_2.o
 .debug_macro   0x00000000       0x16 ./Generated_Code/LED_STATUS_2.o
 .debug_macro   0x00000000       0x44 ./Generated_Code/LED_STATUS_2.o
 .debug_macro   0x00000000      0x209 ./Generated_Code/LED_STATUS_2.o
 .debug_macro   0x00000000     0x17d7 ./Generated_Code/LED_STATUS_2.o
 .debug_macro   0x00000000      0x14e ./Generated_Code/LED_STATUS_2.o
 .debug_macro   0x00000000       0x6a ./Generated_Code/LED_STATUS_2.o
 .debug_macro   0x00000000     0xd4f6 ./Generated_Code/LED_STATUS_2.o
 .debug_macro   0x00000000       0x94 ./Generated_Code/LED_STATUS_2.o
 .debug_macro   0x00000000      0x12c ./Generated_Code/LED_STATUS_2.o
 .debug_macro   0x00000000       0x9a ./Generated_Code/LED_STATUS_2.o
 .debug_macro   0x00000000       0x46 ./Generated_Code/LED_STATUS_2.o
 .debug_macro   0x00000000       0x26 ./Generated_Code/LED_STATUS_2.o
 .debug_line    0x00000000      0x283 ./Generated_Code/LED_STATUS_2.o
 .debug_str     0x00000000    0x52647 ./Generated_Code/LED_STATUS_2.o
 .comment       0x00000000       0x71 ./Generated_Code/LED_STATUS_2.o
 .ARM.attributes
                0x00000000       0x33 ./Generated_Code/LED_STATUS_2.o
 .group         0x00000000        0x8 ./Generated_Code/LED_STATUS_3.o
 .group         0x00000000        0x8 ./Generated_Code/LED_STATUS_3.o
 .group         0x00000000        0x8 ./Generated_Code/LED_STATUS_3.o
 .group         0x00000000        0x8 ./Generated_Code/LED_STATUS_3.o
 .group         0x00000000        0x8 ./Generated_Code/LED_STATUS_3.o
 .group         0x00000000        0x8 ./Generated_Code/LED_STATUS_3.o
 .group         0x00000000        0x8 ./Generated_Code/LED_STATUS_3.o
 .group         0x00000000        0x8 ./Generated_Code/LED_STATUS_3.o
 .group         0x00000000        0x8 ./Generated_Code/LED_STATUS_3.o
 .group         0x00000000        0x8 ./Generated_Code/LED_STATUS_3.o
 .group         0x00000000        0x8 ./Generated_Code/LED_STATUS_3.o
 .group         0x00000000        0x8 ./Generated_Code/LED_STATUS_3.o
 .group         0x00000000        0x8 ./Generated_Code/LED_STATUS_3.o
 .text          0x00000000        0x0 ./Generated_Code/LED_STATUS_3.o
 .data          0x00000000        0x0 ./Generated_Code/LED_STATUS_3.o
 .bss           0x00000000        0x0 ./Generated_Code/LED_STATUS_3.o
 .debug_info    0x00000000       0x7d ./Generated_Code/LED_STATUS_3.o
 .debug_abbrev  0x00000000       0x29 ./Generated_Code/LED_STATUS_3.o
 .debug_aranges
                0x00000000       0x18 ./Generated_Code/LED_STATUS_3.o
 .debug_macro   0x00000000       0xb5 ./Generated_Code/LED_STATUS_3.o
 .debug_macro   0x00000000      0x84a ./Generated_Code/LED_STATUS_3.o
 .debug_macro   0x00000000       0x16 ./Generated_Code/LED_STATUS_3.o
 .debug_macro   0x00000000       0x44 ./Generated_Code/LED_STATUS_3.o
 .debug_macro   0x00000000      0x209 ./Generated_Code/LED_STATUS_3.o
 .debug_macro   0x00000000     0x17d7 ./Generated_Code/LED_STATUS_3.o
 .debug_macro   0x00000000      0x14e ./Generated_Code/LED_STATUS_3.o
 .debug_macro   0x00000000       0x6a ./Generated_Code/LED_STATUS_3.o
 .debug_macro   0x00000000     0xd4f6 ./Generated_Code/LED_STATUS_3.o
 .debug_macro   0x00000000       0x94 ./Generated_Code/LED_STATUS_3.o
 .debug_macro   0x00000000      0x12c ./Generated_Code/LED_STATUS_3.o
 .debug_macro   0x00000000       0x9a ./Generated_Code/LED_STATUS_3.o
 .debug_macro   0x00000000       0x46 ./Generated_Code/LED_STATUS_3.o
 .debug_macro   0x00000000       0x26 ./Generated_Code/LED_STATUS_3.o
 .debug_line    0x00000000      0x283 ./Generated_Code/LED_STATUS_3.o
 .debug_str     0x00000000    0x52647 ./Generated_Code/LED_STATUS_3.o
 .comment       0x00000000       0x71 ./Generated_Code/LED_STATUS_3.o
 .ARM.attributes
                0x00000000       0x33 ./Generated_Code/LED_STATUS_3.o
 .group         0x00000000        0x8 ./Generated_Code/LED_STATUS_4.o
 .group         0x00000000        0x8 ./Generated_Code/LED_STATUS_4.o
 .group         0x00000000        0x8 ./Generated_Code/LED_STATUS_4.o
 .group         0x00000000        0x8 ./Generated_Code/LED_STATUS_4.o
 .group         0x00000000        0x8 ./Generated_Code/LED_STATUS_4.o
 .group         0x00000000        0x8 ./Generated_Code/LED_STATUS_4.o
 .group         0x00000000        0x8 ./Generated_Code/LED_STATUS_4.o
 .group         0x00000000        0x8 ./Generated_Code/LED_STATUS_4.o
 .group         0x00000000        0x8 ./Generated_Code/LED_STATUS_4.o
 .group         0x00000000        0x8 ./Generated_Code/LED_STATUS_4.o
 .group         0x00000000        0x8 ./Generated_Code/LED_STATUS_4.o
 .group         0x00000000        0x8 ./Generated_Code/LED_STATUS_4.o
 .group         0x00000000        0x8 ./Generated_Code/LED_STATUS_4.o
 .text          0x00000000        0x0 ./Generated_Code/LED_STATUS_4.o
 .data          0x00000000        0x0 ./Generated_Code/LED_STATUS_4.o
 .bss           0x00000000        0x0 ./Generated_Code/LED_STATUS_4.o
 .debug_info    0x00000000       0x7d ./Generated_Code/LED_STATUS_4.o
 .debug_abbrev  0x00000000       0x29 ./Generated_Code/LED_STATUS_4.o
 .debug_aranges
                0x00000000       0x18 ./Generated_Code/LED_STATUS_4.o
 .debug_macro   0x00000000       0xb5 ./Generated_Code/LED_STATUS_4.o
 .debug_macro   0x00000000      0x84a ./Generated_Code/LED_STATUS_4.o
 .debug_macro   0x00000000       0x16 ./Generated_Code/LED_STATUS_4.o
 .debug_macro   0x00000000       0x44 ./Generated_Code/LED_STATUS_4.o
 .debug_macro   0x00000000      0x209 ./Generated_Code/LED_STATUS_4.o
 .debug_macro   0x00000000     0x17d7 ./Generated_Code/LED_STATUS_4.o
 .debug_macro   0x00000000      0x14e ./Generated_Code/LED_STATUS_4.o
 .debug_macro   0x00000000       0x6a ./Generated_Code/LED_STATUS_4.o
 .debug_macro   0x00000000     0xd4f6 ./Generated_Code/LED_STATUS_4.o
 .debug_macro   0x00000000       0x94 ./Generated_Code/LED_STATUS_4.o
 .debug_macro   0x00000000      0x12c ./Generated_Code/LED_STATUS_4.o
 .debug_macro   0x00000000       0x9a ./Generated_Code/LED_STATUS_4.o
 .debug_macro   0x00000000       0x46 ./Generated_Code/LED_STATUS_4.o
 .debug_macro   0x00000000       0x26 ./Generated_Code/LED_STATUS_4.o
 .debug_line    0x00000000      0x283 ./Generated_Code/LED_STATUS_4.o
 .debug_str     0x00000000    0x52647 ./Generated_Code/LED_STATUS_4.o
 .comment       0x00000000       0x71 ./Generated_Code/LED_STATUS_4.o
 .ARM.attributes
                0x00000000       0x33 ./Generated_Code/LED_STATUS_4.o
 .group         0x00000000        0x8 ./Generated_Code/PE_LDD.o
 .group         0x00000000        0x8 ./Generated_Code/PE_LDD.o
 .group         0x00000000        0x8 ./Generated_Code/PE_LDD.o
 .group         0x00000000        0x8 ./Generated_Code/PE_LDD.o
 .group         0x00000000        0x8 ./Generated_Code/PE_LDD.o
 .group         0x00000000        0x8 ./Generated_Code/PE_LDD.o
 .group         0x00000000        0x8 ./Generated_Code/PE_LDD.o
 .group         0x00000000        0x8 ./Generated_Code/PE_LDD.o
 .group         0x00000000        0x8 ./Generated_Code/PE_LDD.o
 .group         0x00000000        0x8 ./Generated_Code/PE_LDD.o
 .group         0x00000000        0x8 ./Generated_Code/PE_LDD.o
 .group         0x00000000        0x8 ./Generated_Code/PE_LDD.o
 .group         0x00000000        0x8 ./Generated_Code/PE_LDD.o
 .group         0x00000000        0x8 ./Generated_Code/PE_LDD.o
 .group         0x00000000        0x8 ./Generated_Code/PE_LDD.o
 .group         0x00000000        0x8 ./Generated_Code/PE_LDD.o
 .group         0x00000000        0x8 ./Generated_Code/PE_LDD.o
 .group         0x00000000        0x8 ./Generated_Code/PE_LDD.o
 .group         0x00000000        0x8 ./Generated_Code/PE_LDD.o
 .group         0x00000000        0x8 ./Generated_Code/PE_LDD.o
 .group         0x00000000        0x8 ./Generated_Code/PE_LDD.o
 .group         0x00000000        0x8 ./Generated_Code/PE_LDD.o
 .group         0x00000000        0x8 ./Generated_Code/PE_LDD.o
 .text          0x00000000        0x0 ./Generated_Code/PE_LDD.o
 .data          0x00000000        0x0 ./Generated_Code/PE_LDD.o
 .bss           0x00000000        0x0 ./Generated_Code/PE_LDD.o
 .rodata.PE_CpuClockConfigurations
                0x00000000       0x28 ./Generated_Code/PE_LDD.o
 .text.PE_FillMemory
                0x00000000       0x24 ./Generated_Code/PE_LDD.o
 .text.PE_PeripheralUsed
                0x00000000       0x44 ./Generated_Code/PE_LDD.o
 .text.LDD_SetClockConfiguration
                0x00000000       0x14 ./Generated_Code/PE_LDD.o
 .debug_macro   0x00000000      0x84a ./Generated_Code/PE_LDD.o
 .debug_macro   0x00000000       0x16 ./Generated_Code/PE_LDD.o
 .debug_macro   0x00000000       0x44 ./Generated_Code/PE_LDD.o
 .debug_macro   0x00000000      0x209 ./Generated_Code/PE_LDD.o
 .debug_macro   0x00000000     0x17d7 ./Generated_Code/PE_LDD.o
 .debug_macro   0x00000000      0x14e ./Generated_Code/PE_LDD.o
 .debug_macro   0x00000000       0x6a ./Generated_Code/PE_LDD.o
 .debug_macro   0x00000000     0xd4f6 ./Generated_Code/PE_LDD.o
 .debug_macro   0x00000000       0x94 ./Generated_Code/PE_LDD.o
 .debug_macro   0x00000000      0x12c ./Generated_Code/PE_LDD.o
 .debug_macro   0x00000000       0x9a ./Generated_Code/PE_LDD.o
 .debug_macro   0x00000000       0x46 ./Generated_Code/PE_LDD.o
 .debug_macro   0x00000000       0x26 ./Generated_Code/PE_LDD.o
 .debug_macro   0x00000000      0x6a6 ./Generated_Code/PE_LDD.o
 .debug_macro   0x00000000       0x51 ./Generated_Code/PE_LDD.o
 .debug_macro   0x00000000       0x4c ./Generated_Code/PE_LDD.o
 .debug_macro   0x00000000       0x26 ./Generated_Code/PE_LDD.o
 .debug_macro   0x00000000       0x4c ./Generated_Code/PE_LDD.o
 .debug_macro   0x00000000       0x26 ./Generated_Code/PE_LDD.o
 .debug_macro   0x00000000       0x4c ./Generated_Code/PE_LDD.o
 .debug_macro   0x00000000       0x26 ./Generated_Code/PE_LDD.o
 .debug_macro   0x00000000       0x4c ./Generated_Code/PE_LDD.o
 .debug_macro   0x00000000       0x26 ./Generated_Code/PE_LDD.o
 .group         0x00000000        0x8 ./Generated_Code/TU_500ms.o
 .group         0x00000000        0x8 ./Generated_Code/TU_500ms.o
 .group         0x00000000        0x8 ./Generated_Code/TU_500ms.o
 .group         0x00000000        0x8 ./Generated_Code/TU_500ms.o
 .group         0x00000000        0x8 ./Generated_Code/TU_500ms.o
 .group         0x00000000        0x8 ./Generated_Code/TU_500ms.o
 .group         0x00000000        0x8 ./Generated_Code/TU_500ms.o
 .group         0x00000000        0x8 ./Generated_Code/TU_500ms.o
 .group         0x00000000        0x8 ./Generated_Code/TU_500ms.o
 .group         0x00000000        0x8 ./Generated_Code/TU_500ms.o
 .group         0x00000000        0x8 ./Generated_Code/TU_500ms.o
 .group         0x00000000        0x8 ./Generated_Code/TU_500ms.o
 .group         0x00000000        0x8 ./Generated_Code/TU_500ms.o
 .group         0x00000000        0x8 ./Generated_Code/TU_500ms.o
 .group         0x00000000        0x8 ./Generated_Code/TU_500ms.o
 .group         0x00000000        0x8 ./Generated_Code/TU_500ms.o
 .group         0x00000000        0x8 ./Generated_Code/TU_500ms.o
 .group         0x00000000        0x8 ./Generated_Code/TU_500ms.o
 .group         0x00000000        0x8 ./Generated_Code/TU_500ms.o
 .group         0x00000000        0x8 ./Generated_Code/TU_500ms.o
 .group         0x00000000        0x8 ./Generated_Code/TU_500ms.o
 .group         0x00000000        0x8 ./Generated_Code/TU_500ms.o
 .group         0x00000000        0x8 ./Generated_Code/TU_500ms.o
 .text          0x00000000        0x0 ./Generated_Code/TU_500ms.o
 .data          0x00000000        0x0 ./Generated_Code/TU_500ms.o
 .bss           0x00000000        0x0 ./Generated_Code/TU_500ms.o
 .debug_macro   0x00000000      0x84a ./Generated_Code/TU_500ms.o
 .debug_macro   0x00000000       0x16 ./Generated_Code/TU_500ms.o
 .debug_macro   0x00000000       0x44 ./Generated_Code/TU_500ms.o
 .debug_macro   0x00000000      0x209 ./Generated_Code/TU_500ms.o
 .debug_macro   0x00000000     0x17d7 ./Generated_Code/TU_500ms.o
 .debug_macro   0x00000000      0x14e ./Generated_Code/TU_500ms.o
 .debug_macro   0x00000000       0x6a ./Generated_Code/TU_500ms.o
 .debug_macro   0x00000000     0xd4f6 ./Generated_Code/TU_500ms.o
 .debug_macro   0x00000000       0x94 ./Generated_Code/TU_500ms.o
 .debug_macro   0x00000000      0x12c ./Generated_Code/TU_500ms.o
 .debug_macro   0x00000000       0x9a ./Generated_Code/TU_500ms.o
 .debug_macro   0x00000000       0x46 ./Generated_Code/TU_500ms.o
 .debug_macro   0x00000000       0x26 ./Generated_Code/TU_500ms.o
 .debug_macro   0x00000000      0x6a6 ./Generated_Code/TU_500ms.o
 .debug_macro   0x00000000       0x51 ./Generated_Code/TU_500ms.o
 .debug_macro   0x00000000       0x4c ./Generated_Code/TU_500ms.o
 .debug_macro   0x00000000       0x26 ./Generated_Code/TU_500ms.o
 .debug_macro   0x00000000       0x4c ./Generated_Code/TU_500ms.o
 .debug_macro   0x00000000       0x26 ./Generated_Code/TU_500ms.o
 .debug_macro   0x00000000       0x4c ./Generated_Code/TU_500ms.o
 .debug_macro   0x00000000       0x26 ./Generated_Code/TU_500ms.o
 .debug_macro   0x00000000       0x4c ./Generated_Code/TU_500ms.o
 .debug_macro   0x00000000       0x26 ./Generated_Code/TU_500ms.o
 .group         0x00000000        0x8 ./Generated_Code/Vectors.o
 .group         0x00000000        0x8 ./Generated_Code/Vectors.o
 .group         0x00000000        0x8 ./Generated_Code/Vectors.o
 .group         0x00000000        0x8 ./Generated_Code/Vectors.o
 .group         0x00000000        0x8 ./Generated_Code/Vectors.o
 .group         0x00000000        0x8 ./Generated_Code/Vectors.o
 .group         0x00000000        0x8 ./Generated_Code/Vectors.o
 .group         0x00000000        0x8 ./Generated_Code/Vectors.o
 .group         0x00000000        0x8 ./Generated_Code/Vectors.o
 .group         0x00000000        0x8 ./Generated_Code/Vectors.o
 .group         0x00000000        0x8 ./Generated_Code/Vectors.o
 .group         0x00000000        0x8 ./Generated_Code/Vectors.o
 .group         0x00000000        0x8 ./Generated_Code/Vectors.o
 .group         0x00000000        0x8 ./Generated_Code/Vectors.o
 .group         0x00000000        0x8 ./Generated_Code/Vectors.o
 .group         0x00000000        0x8 ./Generated_Code/Vectors.o
 .group         0x00000000        0x8 ./Generated_Code/Vectors.o
 .group         0x00000000        0x8 ./Generated_Code/Vectors.o
 .group         0x00000000        0x8 ./Generated_Code/Vectors.o
 .group         0x00000000        0x8 ./Generated_Code/Vectors.o
 .group         0x00000000        0x8 ./Generated_Code/Vectors.o
 .group         0x00000000        0x8 ./Generated_Code/Vectors.o
 .group         0x00000000        0x8 ./Generated_Code/Vectors.o
 .text          0x00000000        0x0 ./Generated_Code/Vectors.o
 .data          0x00000000        0x0 ./Generated_Code/Vectors.o
 .bss           0x00000000        0x0 ./Generated_Code/Vectors.o
 .debug_macro   0x00000000      0x84a ./Generated_Code/Vectors.o
 .debug_macro   0x00000000       0x16 ./Generated_Code/Vectors.o
 .debug_macro   0x00000000       0x44 ./Generated_Code/Vectors.o
 .debug_macro   0x00000000      0x209 ./Generated_Code/Vectors.o
 .debug_macro   0x00000000     0x17d7 ./Generated_Code/Vectors.o
 .debug_macro   0x00000000      0x14e ./Generated_Code/Vectors.o
 .debug_macro   0x00000000       0x6a ./Generated_Code/Vectors.o
 .debug_macro   0x00000000     0xd4f6 ./Generated_Code/Vectors.o
 .debug_macro   0x00000000       0x94 ./Generated_Code/Vectors.o
 .debug_macro   0x00000000       0x94 ./Generated_Code/Vectors.o
 .debug_macro   0x00000000      0x12c ./Generated_Code/Vectors.o
 .debug_macro   0x00000000       0x46 ./Generated_Code/Vectors.o
 .debug_macro   0x00000000       0x26 ./Generated_Code/Vectors.o
 .debug_macro   0x00000000      0x6a6 ./Generated_Code/Vectors.o
 .debug_macro   0x00000000       0x51 ./Generated_Code/Vectors.o
 .debug_macro   0x00000000       0x4c ./Generated_Code/Vectors.o
 .debug_macro   0x00000000       0x26 ./Generated_Code/Vectors.o
 .debug_macro   0x00000000       0x4c ./Generated_Code/Vectors.o
 .debug_macro   0x00000000       0x26 ./Generated_Code/Vectors.o
 .debug_macro   0x00000000       0x4c ./Generated_Code/Vectors.o
 .debug_macro   0x00000000       0x26 ./Generated_Code/Vectors.o
 .debug_macro   0x00000000       0x4c ./Generated_Code/Vectors.o
 .debug_macro   0x00000000       0x26 ./Generated_Code/Vectors.o
 .text          0x00000000        0x0 c:/freescale/kds_v3/toolchain/bin/../lib/gcc/arm-none-eabi/4.8.4/../../../../arm-none-eabi/lib/armv7e-m\libg_s.a(lib_a-exit.o)
 .data          0x00000000        0x0 c:/freescale/kds_v3/toolchain/bin/../lib/gcc/arm-none-eabi/4.8.4/../../../../arm-none-eabi/lib/armv7e-m\libg_s.a(lib_a-exit.o)
 .bss           0x00000000        0x0 c:/freescale/kds_v3/toolchain/bin/../lib/gcc/arm-none-eabi/4.8.4/../../../../arm-none-eabi/lib/armv7e-m\libg_s.a(lib_a-exit.o)
 .text          0x00000000        0x0 c:/freescale/kds_v3/toolchain/bin/../lib/gcc/arm-none-eabi/4.8.4/../../../../arm-none-eabi/lib/armv7e-m\libg_s.a(lib_a-impure.o)
 .data          0x00000000        0x0 c:/freescale/kds_v3/toolchain/bin/../lib/gcc/arm-none-eabi/4.8.4/../../../../arm-none-eabi/lib/armv7e-m\libg_s.a(lib_a-impure.o)
 .bss           0x00000000        0x0 c:/freescale/kds_v3/toolchain/bin/../lib/gcc/arm-none-eabi/4.8.4/../../../../arm-none-eabi/lib/armv7e-m\libg_s.a(lib_a-impure.o)
 .data._impure_ptr
                0x00000000        0x4 c:/freescale/kds_v3/toolchain/bin/../lib/gcc/arm-none-eabi/4.8.4/../../../../arm-none-eabi/lib/armv7e-m\libg_s.a(lib_a-impure.o)
 .text          0x00000000        0x0 c:/freescale/kds_v3/toolchain/bin/../lib/gcc/arm-none-eabi/4.8.4/../../../../arm-none-eabi/lib/armv7e-m\libg_s.a(lib_a-init.o)
 .data          0x00000000        0x0 c:/freescale/kds_v3/toolchain/bin/../lib/gcc/arm-none-eabi/4.8.4/../../../../arm-none-eabi/lib/armv7e-m\libg_s.a(lib_a-init.o)
 .bss           0x00000000        0x0 c:/freescale/kds_v3/toolchain/bin/../lib/gcc/arm-none-eabi/4.8.4/../../../../arm-none-eabi/lib/armv7e-m\libg_s.a(lib_a-init.o)
 .text          0x00000000        0x0 c:/freescale/kds_v3/toolchain/bin/../lib/gcc/arm-none-eabi/4.8.4/../../../../arm-none-eabi/lib/armv7e-m\libg_s.a(lib_a-memset.o)
 .data          0x00000000        0x0 c:/freescale/kds_v3/toolchain/bin/../lib/gcc/arm-none-eabi/4.8.4/../../../../arm-none-eabi/lib/armv7e-m\libg_s.a(lib_a-memset.o)
 .bss           0x00000000        0x0 c:/freescale/kds_v3/toolchain/bin/../lib/gcc/arm-none-eabi/4.8.4/../../../../arm-none-eabi/lib/armv7e-m\libg_s.a(lib_a-memset.o)
 .text          0x00000000        0x0 c:/freescale/kds_v3/toolchain/bin/../lib/gcc/arm-none-eabi/4.8.4/../../../../arm-none-eabi/lib/armv7e-m\libnosys.a(_exit.o)
 .data          0x00000000        0x0 c:/freescale/kds_v3/toolchain/bin/../lib/gcc/arm-none-eabi/4.8.4/../../../../arm-none-eabi/lib/armv7e-m\libnosys.a(_exit.o)
 .bss           0x00000000        0x0 c:/freescale/kds_v3/toolchain/bin/../lib/gcc/arm-none-eabi/4.8.4/../../../../arm-none-eabi/lib/armv7e-m\libnosys.a(_exit.o)
 .text          0x00000000        0x0 c:/freescale/kds_v3/toolchain/bin/../lib/gcc/arm-none-eabi/4.8.4/armv7e-m/crtend.o
 .data          0x00000000        0x0 c:/freescale/kds_v3/toolchain/bin/../lib/gcc/arm-none-eabi/4.8.4/armv7e-m/crtend.o
 .bss           0x00000000        0x0 c:/freescale/kds_v3/toolchain/bin/../lib/gcc/arm-none-eabi/4.8.4/armv7e-m/crtend.o
 .eh_frame      0x00000000        0x4 c:/freescale/kds_v3/toolchain/bin/../lib/gcc/arm-none-eabi/4.8.4/armv7e-m/crtend.o
 .jcr           0x00000000        0x4 c:/freescale/kds_v3/toolchain/bin/../lib/gcc/arm-none-eabi/4.8.4/armv7e-m/crtend.o
 .ARM.attributes
                0x00000000       0x2e c:/freescale/kds_v3/toolchain/bin/../lib/gcc/arm-none-eabi/4.8.4/armv7e-m/crtend.o
 .text          0x00000000        0x0 c:/freescale/kds_v3/toolchain/bin/../lib/gcc/arm-none-eabi/4.8.4/armv7e-m/crtn.o
 .data          0x00000000        0x0 c:/freescale/kds_v3/toolchain/bin/../lib/gcc/arm-none-eabi/4.8.4/armv7e-m/crtn.o
 .bss           0x00000000        0x0 c:/freescale/kds_v3/toolchain/bin/../lib/gcc/arm-none-eabi/4.8.4/armv7e-m/crtn.o

Memory Configuration

Name             Origin             Length             Attributes
m_interrupts     0x00000000         0x000001bc         xr
m_text           0x00000410         0x0003fbf0         xr
m_data           0x1fff8000         0x00008000         rw
m_data_20000000  0x20000000         0x00008000         rw
m_cfmprotrom     0x00000400         0x00000010         xr
*default*        0x00000000         0xffffffff

Linker script and memory map

LOAD c:/freescale/kds_v3/toolchain/bin/../lib/gcc/arm-none-eabi/4.8.4/armv7e-m/crti.o
LOAD c:/freescale/kds_v3/toolchain/bin/../lib/gcc/arm-none-eabi/4.8.4/armv7e-m/crtbegin.o
LOAD c:/freescale/kds_v3/toolchain/bin/../lib/gcc/arm-none-eabi/4.8.4/../../../../arm-none-eabi/lib/armv7e-m/crt0.o
LOAD ./Sources/Events.o
LOAD ./Sources/display.o
LOAD ./Sources/main.o
LOAD ./Project_Settings/Startup_Code/startup.o
LOAD ./Generated_Code/BitIoLdd1.o
LOAD ./Generated_Code/BitIoLdd2.o
LOAD ./Generated_Code/BitIoLdd3.o
LOAD ./Generated_Code/BitIoLdd4.o
LOAD ./Generated_Code/BitIoLdd5.o
LOAD ./Generated_Code/Cpu.o
LOAD ./Generated_Code/LED_DEBUG.o
LOAD ./Generated_Code/LED_STATUS_1.o
LOAD ./Generated_Code/LED_STATUS_2.o
LOAD ./Generated_Code/LED_STATUS_3.o
LOAD ./Generated_Code/LED_STATUS_4.o
LOAD ./Generated_Code/PE_LDD.o
LOAD ./Generated_Code/TU_500ms.o
LOAD ./Generated_Code/Vectors.o
LOAD c:/freescale/kds_v3/toolchain/bin/../lib/gcc/arm-none-eabi/4.8.4/../../../../arm-none-eabi/lib/armv7e-m\libstdc++_s.a
LOAD c:/freescale/kds_v3/toolchain/bin/../lib/gcc/arm-none-eabi/4.8.4/../../../../arm-none-eabi/lib/armv7e-m\libm.a
START GROUP
LOAD c:/freescale/kds_v3/toolchain/bin/../lib/gcc/arm-none-eabi/4.8.4/armv7e-m\libgcc.a
LOAD c:/freescale/kds_v3/toolchain/bin/../lib/gcc/arm-none-eabi/4.8.4/../../../../arm-none-eabi/lib/armv7e-m\libg_s.a
LOAD c:/freescale/kds_v3/toolchain/bin/../lib/gcc/arm-none-eabi/4.8.4/../../../../arm-none-eabi/lib/armv7e-m\libc_s.a
END GROUP
START GROUP
LOAD c:/freescale/kds_v3/toolchain/bin/../lib/gcc/arm-none-eabi/4.8.4/armv7e-m\libgcc.a
LOAD c:/freescale/kds_v3/toolchain/bin/../lib/gcc/arm-none-eabi/4.8.4/../../../../arm-none-eabi/lib/armv7e-m\libc_s.a
LOAD c:/freescale/kds_v3/toolchain/bin/../lib/gcc/arm-none-eabi/4.8.4/../../../../arm-none-eabi/lib/armv7e-m\libnosys.a
END GROUP
START GROUP
LOAD c:/freescale/kds_v3/toolchain/bin/../lib/gcc/arm-none-eabi/4.8.4/armv7e-m\libgcc.a
LOAD c:/freescale/kds_v3/toolchain/bin/../lib/gcc/arm-none-eabi/4.8.4/../../../../arm-none-eabi/lib/armv7e-m\libc_s.a
LOAD c:/freescale/kds_v3/toolchain/bin/../lib/gcc/arm-none-eabi/4.8.4/../../../../arm-none-eabi/lib/armv7e-m\libnosys.a
END GROUP
LOAD c:/freescale/kds_v3/toolchain/bin/../lib/gcc/arm-none-eabi/4.8.4/armv7e-m/crtend.o
LOAD c:/freescale/kds_v3/toolchain/bin/../lib/gcc/arm-none-eabi/4.8.4/armv7e-m/crtn.o
                0x20000000                _estack = 0x20000000
                0x20000000                __SP_INIT = _estack
                0x20000000                __stack = _estack
                0x00000000                __heap_size = 0x0
                0x00000400                __stack_size = 0x400

.interrupts     0x00000000      0x1bc
                0x00000000                __vector_table = .
                0x00000000                . = ALIGN (0x4)
 *(.vectortable)
 .vectortable   0x00000000      0x1bc ./Generated_Code/Vectors.o
                0x00000000                __vect_table
                0x000001bc                . = ALIGN (0x4)

.cfmprotect     0x00000400       0x10
                0x00000400                . = ALIGN (0x4)
 *(.cfmconfig)
 .cfmconfig     0x00000400       0x10 ./Generated_Code/Cpu.o
                0x00000400                _cfm
                0x00000410                . = ALIGN (0x4)

.text           0x00000410      0xac4
                0x00000410                . = ALIGN (0x4)
 *(.text)
 .text          0x00000410       0x54 c:/freescale/kds_v3/toolchain/bin/../lib/gcc/arm-none-eabi/4.8.4/armv7e-m/crtbegin.o
 .text          0x00000464       0x74 c:/freescale/kds_v3/toolchain/bin/../lib/gcc/arm-none-eabi/4.8.4/../../../../arm-none-eabi/lib/armv7e-m/crt0.o
                0x00000464                _start
                0x00000464                _mainCRTStartup
 *(.text*)
 .text.Cpu_OnNMIINT
                0x000004d8        0xc ./Sources/Events.o
                0x000004d8                Cpu_OnNMIINT
 .text.TU_500ms_OnCounterRestart
                0x000004e4       0x28 ./Sources/Events.o
                0x000004e4                TU_500ms_OnCounterRestart
 .text.led_init
                0x0000050c      0x128 ./Sources/display.o
                0x0000050c                led_init
 .text.main     0x00000634        0xc ./Sources/main.o
                0x00000634                main
 .text.__copy_rom_section
                0x00000640       0xe4 ./Project_Settings/Startup_Code/startup.o
                0x00000640                __copy_rom_section
 .text.__copy_rom_sections_to_ram
                0x00000724       0x9c ./Project_Settings/Startup_Code/startup.o
                0x00000724                __copy_rom_sections_to_ram
 .text.__init_registers
                0x000007c0        0xc ./Project_Settings/Startup_Code/startup.o
                0x000007c0                __init_registers
 .text.__init_user
                0x000007cc        0xc ./Project_Settings/Startup_Code/startup.o
                0x000007cc                __init_user
 .text.__thumb_startup
                0x000007d8       0x34 ./Project_Settings/Startup_Code/startup.o
                0x000007d8                __thumb_startup
 .text.BitIoLdd1_Init
                0x0000080c       0x64 ./Generated_Code/BitIoLdd1.o
                0x0000080c                BitIoLdd1_Init
 .text.BitIoLdd2_Init
                0x00000870       0x64 ./Generated_Code/BitIoLdd2.o
                0x00000870                BitIoLdd2_Init
 .text.BitIoLdd2_PutVal
                0x000008d4       0x30 ./Generated_Code/BitIoLdd2.o
                0x000008d4                BitIoLdd2_PutVal
 .text.BitIoLdd3_Init
                0x00000904       0x64 ./Generated_Code/BitIoLdd3.o
                0x00000904                BitIoLdd3_Init
 .text.BitIoLdd3_PutVal
                0x00000968       0x30 ./Generated_Code/BitIoLdd3.o
                0x00000968                BitIoLdd3_PutVal
 .text.BitIoLdd4_Init
                0x00000998       0x64 ./Generated_Code/BitIoLdd4.o
                0x00000998                BitIoLdd4_Init
 .text.BitIoLdd4_PutVal
                0x000009fc       0x30 ./Generated_Code/BitIoLdd4.o
                0x000009fc                BitIoLdd4_PutVal
 .text.BitIoLdd5_Init
                0x00000a2c       0x64 ./Generated_Code/BitIoLdd5.o
                0x00000a2c                BitIoLdd5_Init
 .text.BitIoLdd5_PutVal
                0x00000a90       0x30 ./Generated_Code/BitIoLdd5.o
                0x00000a90                BitIoLdd5_PutVal
 .text.Cpu_INT_NMIInterrupt
                0x00000ac0       0x1c ./Generated_Code/Cpu.o
                0x00000ac0                Cpu_INT_NMIInterrupt
 .text.Cpu_Interrupt
                0x00000adc       0x18 ./Generated_Code/Cpu.o
                0x00000adc                Cpu_Interrupt
 .text.__init_hardware
                0x00000af4      0x11c ./Generated_Code/Cpu.o
                0x00000af4                __init_hardware
 .text.Cpu_SetBASEPRI
                0x00000c10       0x18 ./Generated_Code/Cpu.o
                0x00000c10                Cpu_SetBASEPRI
 .text.PE_low_level_init
                0x00000c28       0xcc ./Generated_Code/Cpu.o
                0x00000c28                PE_low_level_init
 .text.TU_500ms_Init
                0x00000cf4       0xcc ./Generated_Code/TU_500ms.o
                0x00000cf4                TU_500ms_Init
 .text.TU_500ms_Interrupt
                0x00000dc0       0x6c ./Generated_Code/TU_500ms.o
                0x00000dc0                TU_500ms_Interrupt
 .text.exit     0x00000e2c       0x28 c:/freescale/kds_v3/toolchain/bin/../lib/gcc/arm-none-eabi/4.8.4/../../../../arm-none-eabi/lib/armv7e-m\libg_s.a(lib_a-exit.o)
                0x00000e2c                exit
 .text.__libc_init_array
                0x00000e54       0x4c c:/freescale/kds_v3/toolchain/bin/../lib/gcc/arm-none-eabi/4.8.4/../../../../arm-none-eabi/lib/armv7e-m\libg_s.a(lib_a-init.o)
                0x00000e54                __libc_init_array
 .text.memset   0x00000ea0       0x10 c:/freescale/kds_v3/toolchain/bin/../lib/gcc/arm-none-eabi/4.8.4/../../../../arm-none-eabi/lib/armv7e-m\libg_s.a(lib_a-memset.o)
                0x00000ea0                memset
 .text._exit    0x00000eb0        0x4 c:/freescale/kds_v3/toolchain/bin/../lib/gcc/arm-none-eabi/4.8.4/../../../../arm-none-eabi/lib/armv7e-m\libnosys.a(_exit.o)
                0x00000eb0                _exit
 *(.rodata)
 *(.rodata*)
 .rodata.str1.1
                0x00000eb4        0x2 c:/freescale/kds_v3/toolchain/bin/../lib/gcc/arm-none-eabi/4.8.4/../../../../arm-none-eabi/lib/armv7e-m\libg_s.a(lib_a-impure.o)
 *fill*         0x00000eb6        0x2 
 .rodata._global_impure_ptr
                0x00000eb8        0x4 c:/freescale/kds_v3/toolchain/bin/../lib/gcc/arm-none-eabi/4.8.4/../../../../arm-none-eabi/lib/armv7e-m\libg_s.a(lib_a-impure.o)
                0x00000eb8                _global_impure_ptr
 *(.glue_7)
 .glue_7        0x00000000        0x0 linker stubs
 *(.glue_7t)
 .glue_7t       0x00000000        0x0 linker stubs
 *(.eh_frame)
 .eh_frame      0x00000ebc        0x0 c:/freescale/kds_v3/toolchain/bin/../lib/gcc/arm-none-eabi/4.8.4/armv7e-m/crtbegin.o
 *(.init)
 .init          0x00000ebc        0x4 c:/freescale/kds_v3/toolchain/bin/../lib/gcc/arm-none-eabi/4.8.4/armv7e-m/crti.o
                0x00000ebc                _init
 .init          0x00000ec0        0x8 c:/freescale/kds_v3/toolchain/bin/../lib/gcc/arm-none-eabi/4.8.4/armv7e-m/crtn.o
 *(.fini)
 .fini          0x00000ec8        0x4 c:/freescale/kds_v3/toolchain/bin/../lib/gcc/arm-none-eabi/4.8.4/armv7e-m/crti.o
                0x00000ec8                _fini
 .fini          0x00000ecc        0x8 c:/freescale/kds_v3/toolchain/bin/../lib/gcc/arm-none-eabi/4.8.4/armv7e-m/crtn.o
                0x00000ed4                . = ALIGN (0x4)
                0x00000ed4                _etext = .

.vfp11_veneer   0x00000ed4        0x0
 .vfp11_veneer  0x00000000        0x0 linker stubs

.v4_bx          0x00000ed4        0x0
 .v4_bx         0x00000000        0x0 linker stubs

.iplt           0x00000ed4        0x0
 .iplt          0x00000000        0x0 c:/freescale/kds_v3/toolchain/bin/../lib/gcc/arm-none-eabi/4.8.4/armv7e-m/crtbegin.o

.ARM.extab
 *(.ARM.extab* .gnu.linkonce.armextab.*)

.ARM            0x00000ed4        0x8
                0x00000ed4                __exidx_start = .
 *(.ARM.exidx*)
 .ARM.exidx     0x00000ed4        0x8 c:/freescale/kds_v3/toolchain/bin/../lib/gcc/arm-none-eabi/4.8.4/../../../../arm-none-eabi/lib/armv7e-m/crt0.o
                0x00000edc                __exidx_end = .

.rel.dyn        0x00000edc        0x0
 .rel.iplt      0x00000000        0x0 c:/freescale/kds_v3/toolchain/bin/../lib/gcc/arm-none-eabi/4.8.4/armv7e-m/crtbegin.o

.ctors          0x00000edc        0x0
                0x00000edc                __CTOR_LIST__ = .
 *crtbegin.o(.ctors)
 *(EXCLUDE_FILE(*crtend.o) .ctors)
 *(SORT(.ctors.*))
 *(.ctors)
                0x00000edc                __CTOR_END__ = .

.dtors          0x00000edc        0x0
                0x00000edc                __DTOR_LIST__ = .
 *crtbegin.o(.dtors)
 *(EXCLUDE_FILE(*crtend.o) .dtors)
 *(SORT(.dtors.*))
 *(.dtors)
                0x00000edc                __DTOR_END__ = .

.preinit_array  0x00000edc        0x0
                0x00000edc                PROVIDE (__preinit_array_start, .)
 *(.preinit_array*)
                0x00000edc                PROVIDE (__preinit_array_end, .)

.init_array     0x00000edc        0x4
                0x00000edc                PROVIDE (__init_array_start, .)
 *(SORT(.init_array.*))
 *(.init_array*)
 .init_array    0x00000edc        0x4 c:/freescale/kds_v3/toolchain/bin/../lib/gcc/arm-none-eabi/4.8.4/armv7e-m/crtbegin.o
                0x00000ee0                PROVIDE (__init_array_end, .)

.fini_array     0x00000ee0        0x4
                0x00000ee0                PROVIDE (__fini_array_start, .)
 *(SORT(.fini_array.*))
 *(.fini_array*)
 .fini_array    0x00000ee0        0x4 c:/freescale/kds_v3/toolchain/bin/../lib/gcc/arm-none-eabi/4.8.4/armv7e-m/crtbegin.o
                0x00000ee4                PROVIDE (__fini_array_end, .)
                0x00000ee4                ___ROM_AT = .

.data           0x1fff8000       0x60 load address 0x00000ee4
                0x1fff8000                . = ALIGN (0x4)
                0x1fff8000                _sdata = .
 *(.data)
 *(.data*)
 .data.impure_data
                0x1fff8000       0x60 c:/freescale/kds_v3/toolchain/bin/../lib/gcc/arm-none-eabi/4.8.4/../../../../arm-none-eabi/lib/armv7e-m\libg_s.a(lib_a-impure.o)
                0x1fff8060                . = ALIGN (0x4)
                0x1fff8060                _edata = .
                0x00000060                ___data_size = (_edata - _sdata)
                0x00000f44                ___m_data_20000000_ROMStart = (___ROM_AT + SIZEOF (.data))

.jcr            0x1fff8060        0x0 load address 0x00000f44
 .jcr           0x1fff8060        0x0 c:/freescale/kds_v3/toolchain/bin/../lib/gcc/arm-none-eabi/4.8.4/armv7e-m/crtbegin.o

.igot.plt       0x1fff8060        0x0 load address 0x00000f44
 .igot.plt      0x00000000        0x0 c:/freescale/kds_v3/toolchain/bin/../lib/gcc/arm-none-eabi/4.8.4/armv7e-m/crtbegin.o

.m_data_20000000
                0x20000000        0x0 load address 0x00000f44
                0x20000000                . = ALIGN (0x4)
                0x20000000                ___m_data_20000000_RAMStart = .
 *(.m_data_20000000)
                0x20000000                ___m_data_20000000_RAMEnd = .
                0x20000000                . = ALIGN (0x4)
                0x00000000                ___m_data_20000000_ROMSize = (___m_data_20000000_RAMEnd - ___m_data_20000000_RAMStart)
                0x20000000                . = ALIGN (0x4)

.bss            0x1fff8060       0x58 load address 0x00000f44
                0x1fff8060                __START_BSS = .
                0x1fff8060                PROVIDE (__bss_start__, __START_BSS)
 *(.bss)
 .bss           0x1fff8060       0x1c c:/freescale/kds_v3/toolchain/bin/../lib/gcc/arm-none-eabi/4.8.4/armv7e-m/crtbegin.o
 *(.bss*)
 .bss.DeviceDataPrv__DEFAULT_RTOS_ALLOC
                0x1fff807c        0x4 ./Generated_Code/BitIoLdd1.o
 .bss.DeviceDataPrv__DEFAULT_RTOS_ALLOC
                0x1fff8080        0x4 ./Generated_Code/BitIoLdd2.o
 .bss.DeviceDataPrv__DEFAULT_RTOS_ALLOC
                0x1fff8084        0x4 ./Generated_Code/BitIoLdd3.o
 .bss.DeviceDataPrv__DEFAULT_RTOS_ALLOC
                0x1fff8088        0x4 ./Generated_Code/BitIoLdd4.o
 .bss.DeviceDataPrv__DEFAULT_RTOS_ALLOC
                0x1fff808c        0x4 ./Generated_Code/BitIoLdd5.o
 .bss.PE_LDD_DeviceDataList
                0x1fff8090       0x18 ./Generated_Code/PE_LDD.o
                0x1fff8090                PE_LDD_DeviceDataList
 .bss.DeviceDataPrv__DEFAULT_RTOS_ALLOC
                0x1fff80a8        0x8 ./Generated_Code/TU_500ms.o
 .bss.INT_FTM0__DEFAULT_RTOS_ISRPARAM
                0x1fff80b0        0x4 ./Generated_Code/TU_500ms.o
 *(COMMON)
 COMMON         0x1fff80b4        0x1 ./Sources/Events.o
                0x1fff80b4                i
                0x1fff80b8                . = ALIGN (0x4)
 *fill*         0x1fff80b5        0x3 
                0x1fff80b8                __END_BSS = .
                0x1fff80b8                PROVIDE (__bss_end__, __END_BSS)
                0x00000f44                _romp_at = ((___ROM_AT + SIZEOF (.data)) + SIZEOF (.m_data_20000000))

.romp           0x1fff80b8       0x24 load address 0x00000f44
                0x00000f44                __S_romp = _romp_at
                0x1fff80b8        0x4 LONG 0xee4 ___ROM_AT
                0x1fff80bc        0x4 LONG 0x1fff8000 _sdata
                0x1fff80c0        0x4 LONG 0x60 ___data_size
                0x1fff80c4        0x4 LONG 0xf44 ___m_data_20000000_ROMStart
                0x1fff80c8        0x4 LONG 0x20000000 ___m_data_20000000_RAMStart
                0x1fff80cc        0x4 LONG 0x0 ___m_data_20000000_ROMSize
                0x1fff80d0        0x4 LONG 0x0
                0x1fff80d4        0x4 LONG 0x0
                0x1fff80d8        0x4 LONG 0x0
                0x00040000                text_end = (ORIGIN (m_text) + 0x3fbf0)
                0x00000f68                data_init_end = ((___m_data_20000000_ROMStart + SIZEOF (.m_data_20000000)) + SIZEOF (.romp))
                0x00000001                ASSERT ((data_init_end <= text_end), region m_text overflowed with text and data)

._user_heap_stack
                0x1fff80dc      0x400 load address 0x00000f68
                0x1fff80dc                . = ALIGN (0x4)
                0x1fff80dc                PROVIDE (end, .)
                0x1fff80dc                PROVIDE (_end, .)
                0x1fff80dc                PROVIDE (__end__, .)
                0x1fff80dc                __heap_addr = .
                0x1fff80dc                __HeapBase = .
                0x1fff80dc                . = (. + __heap_size)
                0x1fff80dc                __HeapLimit = .
                0x1fff84dc                . = (. + __stack_size)
 *fill*         0x1fff80dc      0x400 
                0x1fff84dc                . = ALIGN (0x4)

.ARM.attributes
                0x00000000       0x2a
 *(.ARM.attributes)
 .ARM.attributes
                0x00000000       0x1e c:/freescale/kds_v3/toolchain/bin/../lib/gcc/arm-none-eabi/4.8.4/armv7e-m/crti.o
 .ARM.attributes
                0x0000001e       0x2e c:/freescale/kds_v3/toolchain/bin/../lib/gcc/arm-none-eabi/4.8.4/armv7e-m/crtbegin.o
 .ARM.attributes
                0x0000004c       0x1c c:/freescale/kds_v3/toolchain/bin/../lib/gcc/arm-none-eabi/4.8.4/../../../../arm-none-eabi/lib/armv7e-m/crt0.o
 .ARM.attributes
                0x00000068       0x33 ./Sources/Events.o
 .ARM.attributes
                0x0000009b       0x33 ./Sources/display.o
 .ARM.attributes
                0x000000ce       0x33 ./Sources/main.o
 .ARM.attributes
                0x00000101       0x33 ./Project_Settings/Startup_Code/startup.o
 .ARM.attributes
                0x00000134       0x33 ./Generated_Code/BitIoLdd1.o
 .ARM.attributes
                0x00000167       0x33 ./Generated_Code/BitIoLdd2.o
 .ARM.attributes
                0x0000019a       0x33 ./Generated_Code/BitIoLdd3.o
 .ARM.attributes
                0x000001cd       0x33 ./Generated_Code/BitIoLdd4.o
 .ARM.attributes
                0x00000200       0x33 ./Generated_Code/BitIoLdd5.o
 .ARM.attributes
                0x00000233       0x33 ./Generated_Code/Cpu.o
 .ARM.attributes
                0x00000266       0x33 ./Generated_Code/PE_LDD.o
 .ARM.attributes
                0x00000299       0x33 ./Generated_Code/TU_500ms.o
 .ARM.attributes
                0x000002cc       0x33 ./Generated_Code/Vectors.o
 .ARM.attributes
                0x000002ff       0x2e c:/freescale/kds_v3/toolchain/bin/../lib/gcc/arm-none-eabi/4.8.4/../../../../arm-none-eabi/lib/armv7e-m\libg_s.a(lib_a-exit.o)
 .ARM.attributes
                0x0000032d       0x2e c:/freescale/kds_v3/toolchain/bin/../lib/gcc/arm-none-eabi/4.8.4/../../../../arm-none-eabi/lib/armv7e-m\libg_s.a(lib_a-impure.o)
 .ARM.attributes
                0x0000035b       0x2e c:/freescale/kds_v3/toolchain/bin/../lib/gcc/arm-none-eabi/4.8.4/../../../../arm-none-eabi/lib/armv7e-m\libg_s.a(lib_a-init.o)
 .ARM.attributes
                0x00000389       0x2e c:/freescale/kds_v3/toolchain/bin/../lib/gcc/arm-none-eabi/4.8.4/../../../../arm-none-eabi/lib/armv7e-m\libg_s.a(lib_a-memset.o)
 .ARM.attributes
                0x000003b7       0x2e c:/freescale/kds_v3/toolchain/bin/../lib/gcc/arm-none-eabi/4.8.4/../../../../arm-none-eabi/lib/armv7e-m\libnosys.a(_exit.o)
 .ARM.attributes
                0x000003e5       0x1e c:/freescale/kds_v3/toolchain/bin/../lib/gcc/arm-none-eabi/4.8.4/armv7e-m/crtn.o
OUTPUT(varmo_lite.elf elf32-littlearm)

.debug_info     0x00000000     0x2940
 .debug_info    0x00000000       0xee ./Sources/Events.o
 .debug_info    0x000000ee       0xca ./Sources/display.o
 .debug_info    0x000001b8       0x9a ./Sources/main.o
 .debug_info    0x00000252      0x20a ./Project_Settings/Startup_Code/startup.o
 .debug_info    0x0000045c      0x377 ./Generated_Code/BitIoLdd1.o
 .debug_info    0x000007d3      0x377 ./Generated_Code/BitIoLdd2.o
 .debug_info    0x00000b4a      0x377 ./Generated_Code/BitIoLdd3.o
 .debug_info    0x00000ec1      0x377 ./Generated_Code/BitIoLdd4.o
 .debug_info    0x00001238      0x377 ./Generated_Code/BitIoLdd5.o
 .debug_info    0x000015af      0x9f6 ./Generated_Code/Cpu.o
 .debug_info    0x00001fa5      0x251 ./Generated_Code/PE_LDD.o
 .debug_info    0x000021f6      0x63b ./Generated_Code/TU_500ms.o
 .debug_info    0x00002831      0x10f ./Generated_Code/Vectors.o

.debug_abbrev   0x00000000      0xe12
 .debug_abbrev  0x00000000       0xb6 ./Sources/Events.o
 .debug_abbrev  0x000000b6       0x89 ./Sources/display.o
 .debug_abbrev  0x0000013f       0x47 ./Sources/main.o
 .debug_abbrev  0x00000186      0x11e ./Project_Settings/Startup_Code/startup.o
 .debug_abbrev  0x000002a4      0x15f ./Generated_Code/BitIoLdd1.o
 .debug_abbrev  0x00000403      0x15f ./Generated_Code/BitIoLdd2.o
 .debug_abbrev  0x00000562      0x15f ./Generated_Code/BitIoLdd3.o
 .debug_abbrev  0x000006c1      0x15f ./Generated_Code/BitIoLdd4.o
 .debug_abbrev  0x00000820      0x15f ./Generated_Code/BitIoLdd5.o
 .debug_abbrev  0x0000097f      0x178 ./Generated_Code/Cpu.o
 .debug_abbrev  0x00000af7      0x10d ./Generated_Code/PE_LDD.o
 .debug_abbrev  0x00000c04      0x16a ./Generated_Code/TU_500ms.o
 .debug_abbrev  0x00000d6e       0xa4 ./Generated_Code/Vectors.o

.debug_aranges  0x00000000      0x2d0
 .debug_aranges
                0x00000000       0x28 ./Sources/Events.o
 .debug_aranges
                0x00000028       0x20 ./Sources/display.o
 .debug_aranges
                0x00000048       0x20 ./Sources/main.o
 .debug_aranges
                0x00000068       0x50 ./Project_Settings/Startup_Code/startup.o
 .debug_aranges
                0x000000b8       0x48 ./Generated_Code/BitIoLdd1.o
 .debug_aranges
                0x00000100       0x48 ./Generated_Code/BitIoLdd2.o
 .debug_aranges
                0x00000148       0x48 ./Generated_Code/BitIoLdd3.o
 .debug_aranges
                0x00000190       0x48 ./Generated_Code/BitIoLdd4.o
 .debug_aranges
                0x000001d8       0x48 ./Generated_Code/BitIoLdd5.o
 .debug_aranges
                0x00000220       0x40 ./Generated_Code/Cpu.o
 .debug_aranges
                0x00000260       0x30 ./Generated_Code/PE_LDD.o
 .debug_aranges
                0x00000290       0x28 ./Generated_Code/TU_500ms.o
 .debug_aranges
                0x000002b8       0x18 ./Generated_Code/Vectors.o

.debug_ranges   0x00000000      0x1f8
 .debug_ranges  0x00000000       0x18 ./Sources/Events.o
 .debug_ranges  0x00000018       0x10 ./Sources/display.o
 .debug_ranges  0x00000028       0x10 ./Sources/main.o
 .debug_ranges  0x00000038       0x40 ./Project_Settings/Startup_Code/startup.o
 .debug_ranges  0x00000078       0x38 ./Generated_Code/BitIoLdd1.o
 .debug_ranges  0x000000b0       0x38 ./Generated_Code/BitIoLdd2.o
 .debug_ranges  0x000000e8       0x38 ./Generated_Code/BitIoLdd3.o
 .debug_ranges  0x00000120       0x38 ./Generated_Code/BitIoLdd4.o
 .debug_ranges  0x00000158       0x38 ./Generated_Code/BitIoLdd5.o
 .debug_ranges  0x00000190       0x30 ./Generated_Code/Cpu.o
 .debug_ranges  0x000001c0       0x20 ./Generated_Code/PE_LDD.o
 .debug_ranges  0x000001e0       0x18 ./Generated_Code/TU_500ms.o

.debug_macro    0x00000000    0x1f353
 .debug_macro   0x00000000      0x165 ./Sources/Events.o
 .debug_macro   0x00000165      0x84a ./Sources/Events.o
 .debug_macro   0x000009af       0x16 ./Sources/Events.o
 .debug_macro   0x000009c5       0x44 ./Sources/Events.o
 .debug_macro   0x00000a09      0x209 ./Sources/Events.o
 .debug_macro   0x00000c12     0x17d7 ./Sources/Events.o
 .debug_macro   0x000023e9      0x14e ./Sources/Events.o
 .debug_macro   0x00002537       0x6a ./Sources/Events.o
 .debug_macro   0x000025a1     0xd4f6 ./Sources/Events.o
 .debug_macro   0x0000fa97       0x94 ./Sources/Events.o
 .debug_macro   0x0000fb2b       0x94 ./Sources/Events.o
 .debug_macro   0x0000fbbf      0x12c ./Sources/Events.o
 .debug_macro   0x0000fceb       0x46 ./Sources/Events.o
 .debug_macro   0x0000fd31       0x26 ./Sources/Events.o
 .debug_macro   0x0000fd57      0x6a6 ./Sources/Events.o
 .debug_macro   0x000103fd       0x51 ./Sources/Events.o
 .debug_macro   0x0001044e       0x4c ./Sources/Events.o
 .debug_macro   0x0001049a       0x26 ./Sources/Events.o
 .debug_macro   0x000104c0       0x4c ./Sources/Events.o
 .debug_macro   0x0001050c       0x26 ./Sources/Events.o
 .debug_macro   0x00010532       0x4c ./Sources/Events.o
 .debug_macro   0x0001057e       0x26 ./Sources/Events.o
 .debug_macro   0x000105a4       0x4c ./Sources/Events.o
 .debug_macro   0x000105f0       0x26 ./Sources/Events.o
 .debug_macro   0x00010616       0xfd ./Sources/display.o
 .debug_macro   0x00010713       0x9a ./Sources/display.o
 .debug_macro   0x000107ad       0x46 ./Sources/display.o
 .debug_macro   0x000107f3      0x165 ./Sources/main.o
 .debug_macro   0x00010958      0x121 ./Project_Settings/Startup_Code/startup.o
 .debug_macro   0x00010a79       0x58 ./Project_Settings/Startup_Code/startup.o
 .debug_macro   0x00010ad1       0x35 ./Project_Settings/Startup_Code/startup.o
 .debug_macro   0x00010b06       0xa3 ./Project_Settings/Startup_Code/startup.o
 .debug_macro   0x00010ba9      0x166 ./Project_Settings/Startup_Code/startup.o
 .debug_macro   0x00010d0f       0x4a ./Project_Settings/Startup_Code/startup.o
 .debug_macro   0x00010d59       0x52 ./Project_Settings/Startup_Code/startup.o
 .debug_macro   0x00010dab       0x16 ./Project_Settings/Startup_Code/startup.o
 .debug_macro   0x00010dc1       0x43 ./Project_Settings/Startup_Code/startup.o
 .debug_macro   0x00010e04      0x180 ./Project_Settings/Startup_Code/startup.o
 .debug_macro   0x00010f84      0x2a6 ./Project_Settings/Startup_Code/startup.o
 .debug_macro   0x0001122a       0x10 ./Project_Settings/Startup_Code/startup.o
 .debug_macro   0x0001123a       0x35 ./Project_Settings/Startup_Code/startup.o
 .debug_macro   0x0001126f       0x16 ./Project_Settings/Startup_Code/startup.o
 .debug_macro   0x00011285       0x22 ./Project_Settings/Startup_Code/startup.o
 .debug_macro   0x000112a7       0x10 ./Project_Settings/Startup_Code/startup.o
 .debug_macro   0x000112b7      0x20f ./Project_Settings/Startup_Code/startup.o
 .debug_macro   0x000114c6     0xd4ea ./Project_Settings/Startup_Code/startup.o
 .debug_macro   0x0001e9b0       0xa6 ./Generated_Code/BitIoLdd1.o
 .debug_macro   0x0001ea56       0xa6 ./Generated_Code/BitIoLdd2.o
 .debug_macro   0x0001eafc       0xa6 ./Generated_Code/BitIoLdd3.o
 .debug_macro   0x0001eba2       0x46 ./Generated_Code/BitIoLdd3.o
 .debug_macro   0x0001ebe8       0xa6 ./Generated_Code/BitIoLdd4.o
 .debug_macro   0x0001ec8e       0x46 ./Generated_Code/BitIoLdd4.o
 .debug_macro   0x0001ecd4       0xa6 ./Generated_Code/BitIoLdd5.o
 .debug_macro   0x0001ed7a       0x46 ./Generated_Code/BitIoLdd5.o
 .debug_macro   0x0001edc0      0x17a ./Generated_Code/Cpu.o
 .debug_macro   0x0001ef3a      0x137 ./Generated_Code/PE_LDD.o
 .debug_macro   0x0001f071      0x169 ./Generated_Code/TU_500ms.o
 .debug_macro   0x0001f1da      0x179 ./Generated_Code/Vectors.o

.debug_line     0x00000000     0x2dbd
 .debug_line    0x00000000      0x389 ./Sources/Events.o
 .debug_line    0x00000389      0x346 ./Sources/display.o
 .debug_line    0x000006cf      0x379 ./Sources/main.o
 .debug_line    0x00000a48      0x3e1 ./Project_Settings/Startup_Code/startup.o
 .debug_line    0x00000e29      0x2e3 ./Generated_Code/BitIoLdd1.o
 .debug_line    0x0000110c      0x2e3 ./Generated_Code/BitIoLdd2.o
 .debug_line    0x000013ef      0x2e3 ./Generated_Code/BitIoLdd3.o
 .debug_line    0x000016d2      0x2e3 ./Generated_Code/BitIoLdd4.o
 .debug_line    0x000019b5      0x2e3 ./Generated_Code/BitIoLdd5.o
 .debug_line    0x00001c98      0x51c ./Generated_Code/Cpu.o
 .debug_line    0x000021b4      0x369 ./Generated_Code/PE_LDD.o
 .debug_line    0x0000251d      0x40b ./Generated_Code/TU_500ms.o
 .debug_line    0x00002928      0x495 ./Generated_Code/Vectors.o

.debug_str      0x00000000    0x5f18c
 .debug_str     0x00000000    0x5c062 ./Sources/Events.o
                              0x5c1ac (size before relaxing)
 .debug_str     0x0005c062       0x3b ./Sources/display.o
                              0x52fee (size before relaxing)
 .debug_str     0x0005c09d       0x17 ./Sources/main.o
                              0x5c15f (size before relaxing)
 .debug_str     0x0005c0b4     0x25f6 ./Project_Settings/Startup_Code/startup.o
                              0x4c40d (size before relaxing)
 .debug_str     0x0005e6aa      0x18e ./Generated_Code/BitIoLdd1.o
                              0x526bc (size before relaxing)
 .debug_str     0x0005e838       0xb1 ./Generated_Code/BitIoLdd2.o
                              0x526bc (size before relaxing)
 .debug_str     0x0005e8e9       0xb1 ./Generated_Code/BitIoLdd3.o
                              0x526bc (size before relaxing)
 .debug_str     0x0005e99a       0xb1 ./Generated_Code/BitIoLdd4.o
                              0x526bc (size before relaxing)
 .debug_str     0x0005ea4b       0xb1 ./Generated_Code/BitIoLdd5.o
                              0x526bc (size before relaxing)
 .debug_str     0x0005eafc      0x360 ./Generated_Code/Cpu.o
                              0x5c538 (size before relaxing)
 .debug_str     0x0005ee5c      0x17e ./Generated_Code/PE_LDD.o
                              0x5c31e (size before relaxing)
 .debug_str     0x0005efda      0x196 ./Generated_Code/TU_500ms.o
                              0x5c495 (size before relaxing)
 .debug_str     0x0005f170       0x1c ./Generated_Code/Vectors.o
                              0x5c1b1 (size before relaxing)

.comment        0x00000000       0x70
 .comment       0x00000000       0x70 ./Sources/Events.o
                                 0x71 (size before relaxing)
 .comment       0x00000000       0x71 ./Sources/display.o
 .comment       0x00000000       0x71 ./Sources/main.o
 .comment       0x00000000       0x71 ./Project_Settings/Startup_Code/startup.o
 .comment       0x00000000       0x71 ./Generated_Code/BitIoLdd1.o
 .comment       0x00000000       0x71 ./Generated_Code/BitIoLdd2.o
 .comment       0x00000000       0x71 ./Generated_Code/BitIoLdd3.o
 .comment       0x00000000       0x71 ./Generated_Code/BitIoLdd4.o
 .comment       0x00000000       0x71 ./Generated_Code/BitIoLdd5.o
 .comment       0x00000000       0x71 ./Generated_Code/Cpu.o
 .comment       0x00000000       0x71 ./Generated_Code/PE_LDD.o
 .comment       0x00000000       0x71 ./Generated_Code/TU_500ms.o
 .comment       0x00000000       0x71 ./Generated_Code/Vectors.o

.debug_frame    0x00000000      0x6e8
 .debug_frame   0x00000000       0x48 ./Sources/Events.o
 .debug_frame   0x00000048       0x30 ./Sources/display.o
 .debug_frame   0x00000078       0x2c ./Sources/main.o
 .debug_frame   0x000000a4       0xc0 ./Project_Settings/Startup_Code/startup.o
 .debug_frame   0x00000164       0xb8 ./Generated_Code/BitIoLdd1.o
 .debug_frame   0x0000021c       0xb8 ./Generated_Code/BitIoLdd2.o
 .debug_frame   0x000002d4       0xb8 ./Generated_Code/BitIoLdd3.o
 .debug_frame   0x0000038c       0xb8 ./Generated_Code/BitIoLdd4.o
 .debug_frame   0x00000444       0xb8 ./Generated_Code/BitIoLdd5.o
 .debug_frame   0x000004fc       0xa4 ./Generated_Code/Cpu.o
 .debug_frame   0x000005a0       0x64 ./Generated_Code/PE_LDD.o
 .debug_frame   0x00000604       0x50 ./Generated_Code/TU_500ms.o
 .debug_frame   0x00000654       0x28 c:/freescale/kds_v3/toolchain/bin/../lib/gcc/arm-none-eabi/4.8.4/../../../../arm-none-eabi/lib/armv7e-m\libg_s.a(lib_a-exit.o)
 .debug_frame   0x0000067c       0x2c c:/freescale/kds_v3/toolchain/bin/../lib/gcc/arm-none-eabi/4.8.4/../../../../arm-none-eabi/lib/armv7e-m\libg_s.a(lib_a-init.o)
 .debug_frame   0x000006a8       0x20 c:/freescale/kds_v3/toolchain/bin/../lib/gcc/arm-none-eabi/4.8.4/../../../../arm-none-eabi/lib/armv7e-m\libg_s.a(lib_a-memset.o)
 .debug_frame   0x000006c8       0x20 c:/freescale/kds_v3/toolchain/bin/../lib/gcc/arm-none-eabi/4.8.4/../../../../arm-none-eabi/lib/armv7e-m\libnosys.a(_exit.o)
