Archive member included because of file (symbol)

c:/freescale/kds_v3/toolchain/bin/../lib/gcc/arm-none-eabi/4.8.4/armv7e-m\libgcc.a(unwind-arm.o)
                              ./Sources/LCD.o (__aeabi_unwind_cpp_pr0)
c:/freescale/kds_v3/toolchain/bin/../lib/gcc/arm-none-eabi/4.8.4/armv7e-m\libgcc.a(libunwind.o)
                              c:/freescale/kds_v3/toolchain/bin/../lib/gcc/arm-none-eabi/4.8.4/armv7e-m\libgcc.a(unwind-arm.o) (restore_core_regs)
c:/freescale/kds_v3/toolchain/bin/../lib/gcc/arm-none-eabi/4.8.4/armv7e-m\libgcc.a(pr-support.o)
                              c:/freescale/kds_v3/toolchain/bin/../lib/gcc/arm-none-eabi/4.8.4/armv7e-m\libgcc.a(unwind-arm.o) (__gnu_unwind_execute)
c:/freescale/kds_v3/toolchain/bin/../lib/gcc/arm-none-eabi/4.8.4/../../../../arm-none-eabi/lib/armv7e-m\libg_s.a(lib_a-abort.o)
                              c:/freescale/kds_v3/toolchain/bin/../lib/gcc/arm-none-eabi/4.8.4/armv7e-m\libgcc.a(unwind-arm.o) (abort)
c:/freescale/kds_v3/toolchain/bin/../lib/gcc/arm-none-eabi/4.8.4/../../../../arm-none-eabi/lib/armv7e-m\libg_s.a(lib_a-exit.o)
                              c:/freescale/kds_v3/toolchain/bin/../lib/gcc/arm-none-eabi/4.8.4/../../../../arm-none-eabi/lib/armv7e-m/crt0.o (exit)
c:/freescale/kds_v3/toolchain/bin/../lib/gcc/arm-none-eabi/4.8.4/../../../../arm-none-eabi/lib/armv7e-m\libg_s.a(lib_a-impure.o)
                              c:/freescale/kds_v3/toolchain/bin/../lib/gcc/arm-none-eabi/4.8.4/../../../../arm-none-eabi/lib/armv7e-m\libg_s.a(lib_a-exit.o) (_global_impure_ptr)
c:/freescale/kds_v3/toolchain/bin/../lib/gcc/arm-none-eabi/4.8.4/../../../../arm-none-eabi/lib/armv7e-m\libg_s.a(lib_a-init.o)
                              c:/freescale/kds_v3/toolchain/bin/../lib/gcc/arm-none-eabi/4.8.4/../../../../arm-none-eabi/lib/armv7e-m/crt0.o (__libc_init_array)
c:/freescale/kds_v3/toolchain/bin/../lib/gcc/arm-none-eabi/4.8.4/../../../../arm-none-eabi/lib/armv7e-m\libg_s.a(lib_a-memcpy-stub.o)
                              c:/freescale/kds_v3/toolchain/bin/../lib/gcc/arm-none-eabi/4.8.4/armv7e-m\libgcc.a(unwind-arm.o) (memcpy)
c:/freescale/kds_v3/toolchain/bin/../lib/gcc/arm-none-eabi/4.8.4/../../../../arm-none-eabi/lib/armv7e-m\libg_s.a(lib_a-memset.o)
                              c:/freescale/kds_v3/toolchain/bin/../lib/gcc/arm-none-eabi/4.8.4/../../../../arm-none-eabi/lib/armv7e-m/crt0.o (memset)
c:/freescale/kds_v3/toolchain/bin/../lib/gcc/arm-none-eabi/4.8.4/../../../../arm-none-eabi/lib/armv7e-m\libg_s.a(lib_a-signal.o)
                              c:/freescale/kds_v3/toolchain/bin/../lib/gcc/arm-none-eabi/4.8.4/../../../../arm-none-eabi/lib/armv7e-m\libg_s.a(lib_a-abort.o) (raise)
c:/freescale/kds_v3/toolchain/bin/../lib/gcc/arm-none-eabi/4.8.4/../../../../arm-none-eabi/lib/armv7e-m\libg_s.a(lib_a-signalr.o)
                              c:/freescale/kds_v3/toolchain/bin/../lib/gcc/arm-none-eabi/4.8.4/../../../../arm-none-eabi/lib/armv7e-m\libg_s.a(lib_a-signal.o) (_kill_r)
c:/freescale/kds_v3/toolchain/bin/../lib/gcc/arm-none-eabi/4.8.4/../../../../arm-none-eabi/lib/armv7e-m\libg_s.a(lib_a-nano-mallocr.o)
                              c:/freescale/kds_v3/toolchain/bin/../lib/gcc/arm-none-eabi/4.8.4/../../../../arm-none-eabi/lib/armv7e-m\libg_s.a(lib_a-signal.o) (_malloc_r)
c:/freescale/kds_v3/toolchain/bin/../lib/gcc/arm-none-eabi/4.8.4/../../../../arm-none-eabi/lib/armv7e-m\libg_s.a(lib_a-reent.o)
                              c:/freescale/kds_v3/toolchain/bin/../lib/gcc/arm-none-eabi/4.8.4/../../../../arm-none-eabi/lib/armv7e-m\libg_s.a(lib_a-signalr.o) (errno)
c:/freescale/kds_v3/toolchain/bin/../lib/gcc/arm-none-eabi/4.8.4/../../../../arm-none-eabi/lib/armv7e-m\libg_s.a(lib_a-sbrkr.o)
                              c:/freescale/kds_v3/toolchain/bin/../lib/gcc/arm-none-eabi/4.8.4/../../../../arm-none-eabi/lib/armv7e-m\libg_s.a(lib_a-nano-mallocr.o) (_sbrk_r)
c:/freescale/kds_v3/toolchain/bin/../lib/gcc/arm-none-eabi/4.8.4/../../../../arm-none-eabi/lib/armv7e-m\libg_s.a(lib_a-nano-freer.o)
                              c:/freescale/kds_v3/toolchain/bin/../lib/gcc/arm-none-eabi/4.8.4/../../../../arm-none-eabi/lib/armv7e-m\libg_s.a(lib_a-reent.o) (_free_r)
c:/freescale/kds_v3/toolchain/bin/../lib/gcc/arm-none-eabi/4.8.4/../../../../arm-none-eabi/lib/armv7e-m\libnosys.a(getpid.o)
                              c:/freescale/kds_v3/toolchain/bin/../lib/gcc/arm-none-eabi/4.8.4/../../../../arm-none-eabi/lib/armv7e-m\libg_s.a(lib_a-signalr.o) (_getpid)
c:/freescale/kds_v3/toolchain/bin/../lib/gcc/arm-none-eabi/4.8.4/../../../../arm-none-eabi/lib/armv7e-m\libnosys.a(kill.o)
                              c:/freescale/kds_v3/toolchain/bin/../lib/gcc/arm-none-eabi/4.8.4/../../../../arm-none-eabi/lib/armv7e-m\libg_s.a(lib_a-signalr.o) (_kill)
c:/freescale/kds_v3/toolchain/bin/../lib/gcc/arm-none-eabi/4.8.4/../../../../arm-none-eabi/lib/armv7e-m\libnosys.a(sbrk.o)
[...]
Memory Configuration

Name             Origin             Length             Attributes
m_interrupts     0x00000000         0x000001bc         xr
m_text           0x00000410         0x0003fbf0         xr
m_data           0x1fff8000         0x00008000         rw
m_data_20000000  0x20000000         0x00008000         rw
m_cfmprotrom     0x00000400         0x00000010         xr
*default*        0x00000000         0xffffffff

Linker script and memory map

LOAD c:/freescale/kds_v3/toolchain/bin/../lib/gcc/arm-none-eabi/4.8.4/armv7e-m/crti.o
LOAD c:/freescale/kds_v3/toolchain/bin/../lib/gcc/arm-none-eabi/4.8.4/armv7e-m/crtbegin.o
LOAD c:/freescale/kds_v3/toolchain/bin/../lib/gcc/arm-none-eabi/4.8.4/../../../../arm-none-eabi/lib/armv7e-m/crt0.o
LOAD ./Sources/Events.o
LOAD ./Sources/LCD.o
LOAD ./Sources/PCA9670.o
LOAD ./Sources/display.o
LOAD ./Sources/main.o
LOAD ./Sources/menu.o
LOAD ./Sources/protocol.o
LOAD ./Project_Settings/Startup_Code/startup.o
LOAD ./Generated_Code/AS1.o
LOAD ./Generated_Code/ASerialLdd1.o
LOAD ./Generated_Code/BitIoLdd1.o
LOAD ./Generated_Code/BitIoLdd2.o
LOAD ./Generated_Code/BitIoLdd3.o
LOAD ./Generated_Code/BitIoLdd4.o
LOAD ./Generated_Code/BitIoLdd5.o
LOAD ./Generated_Code/CS1.o
LOAD ./Generated_Code/Cpu.o
LOAD ./Generated_Code/ENCODER.o
LOAD ./Generated_Code/ENCODER_PUSH.o
LOAD ./Generated_Code/ExtIntLdd1.o
LOAD ./Generated_Code/ExtIntLdd2.o
LOAD ./Generated_Code/ExtIntLdd3.o
LOAD ./Generated_Code/ExtIntLdd4.o
LOAD ./Generated_Code/ExtIntLdd5.o
LOAD ./Generated_Code/I2C0.o
LOAD ./Generated_Code/IntI2cLdd1.o
LOAD ./Generated_Code/KSDK1.o
LOAD ./Generated_Code/LED_DEBUG.o
LOAD ./Generated_Code/LED_STATUS_1.o
LOAD ./Generated_Code/LED_STATUS_2.o
LOAD ./Generated_Code/LED_STATUS_3.o
LOAD ./Generated_Code/LED_STATUS_4.o
LOAD ./Generated_Code/LEVER_DIR1.o
LOAD ./Generated_Code/LEVER_DIR2.o
LOAD ./Generated_Code/PCA.o
LOAD ./Generated_Code/PE_LDD.o
LOAD ./Generated_Code/PUSH_BUTTON_REC.o
LOAD ./Generated_Code/PUSH_BUTTON_SEND.o
LOAD ./Generated_Code/T_100ms.o
LOAD ./Generated_Code/T_500ms.o
LOAD ./Generated_Code/Vectors.o
LOAD ./Generated_Code/WAIT1.o
LOAD c:/freescale/kds_v3/toolchain/bin/../lib/gcc/arm-none-eabi/4.8.4/../../../../arm-none-eabi/lib/armv7e-m\libstdc++_s.a
LOAD c:/freescale/kds_v3/toolchain/bin/../lib/gcc/arm-none-eabi/4.8.4/../../../../arm-none-eabi/lib/armv7e-m\libm.a
START GROUP
LOAD c:/freescale/kds_v3/toolchain/bin/../lib/gcc/arm-none-eabi/4.8.4/armv7e-m\libgcc.a
LOAD c:/freescale/kds_v3/toolchain/bin/../lib/gcc/arm-none-eabi/4.8.4/../../../../arm-none-eabi/lib/armv7e-m\libg_s.a
LOAD c:/freescale/kds_v3/toolchain/bin/../lib/gcc/arm-none-eabi/4.8.4/../../../../arm-none-eabi/lib/armv7e-m\libc_s.a
END GROUP
START GROUP
LOAD c:/freescale/kds_v3/toolchain/bin/../lib/gcc/arm-none-eabi/4.8.4/armv7e-m\libgcc.a
LOAD c:/freescale/kds_v3/toolchain/bin/../lib/gcc/arm-none-eabi/4.8.4/../../../../arm-none-eabi/lib/armv7e-m\libc_s.a
LOAD c:/freescale/kds_v3/toolchain/bin/../lib/gcc/arm-none-eabi/4.8.4/../../../../arm-none-eabi/lib/armv7e-m\libnosys.a
END GROUP
START GROUP
LOAD c:/freescale/kds_v3/toolchain/bin/../lib/gcc/arm-none-eabi/4.8.4/armv7e-m\libgcc.a
LOAD c:/freescale/kds_v3/toolchain/bin/../lib/gcc/arm-none-eabi/4.8.4/../../../../arm-none-eabi/lib/armv7e-m\libc_s.a
LOAD c:/freescale/kds_v3/toolchain/bin/../lib/gcc/arm-none-eabi/4.8.4/../../../../arm-none-eabi/lib/armv7e-m\libnosys.a
END GROUP
LOAD c:/freescale/kds_v3/toolchain/bin/../lib/gcc/arm-none-eabi/4.8.4/armv7e-m/crtend.o
LOAD c:/freescale/kds_v3/toolchain/bin/../lib/gcc/arm-none-eabi/4.8.4/armv7e-m/crtn.o
                0x20000000                _estack = 0x20000000
                0x20000000                __SP_INIT = _estack
                0x20000000                __stack = _estack
                0x00000000                __heap_size = 0x0
                0x00000400                __stack_size = 0x400

.interrupts     0x00000000      0x1bc
                0x00000000                __vector_table = .
                0x00000000                . = ALIGN (0x4)
 *(.vectortable)
 .vectortable   0x00000000      0x1bc ./Generated_Code/Vectors.o
                0x00000000                __vect_table
                0x000001bc                . = ALIGN (0x4)

.cfmprotect     0x00000400       0x10
                0x00000400                . = ALIGN (0x4)
 *(.cfmconfig)
 .cfmconfig     0x00000400       0x10 ./Generated_Code/Cpu.o
                0x00000400                _cfm
                0x00000410                . = ALIGN (0x4)

.text           0x00000410     0x1bc8
                0x00000410                . = ALIGN (0x4)
 *(.text)
 .text          0x00000410       0x54 c:/freescale/kds_v3/toolchain/bin/../lib/gcc/arm-none-eabi/4.8.4/armv7e-m/crtbegin.o
 .text          0x00000464       0x74 c:/freescale/kds_v3/toolchain/bin/../lib/gcc/arm-none-eabi/4.8.4/../../../../arm-none-eabi/lib/armv7e-m/crt0.o
                0x00000464                _start
                0x00000464                _mainCRTStartup
 *(.text*)
 .text.PUSH_BUTTON_REC_OnInterrupt
                0x000004d8        0xc ./Sources/Events.o
                0x000004d8                PUSH_BUTTON_REC_OnInterrupt
 .text.PUSH_BUTTON_SEND_OnInterrupt
                0x000004e4        0xc ./Sources/Events.o
                0x000004e4                PUSH_BUTTON_SEND_OnInterrupt
 .text.I2C0_OnReceiveData
                0x000004f0        0xc ./Sources/Events.o
                0x000004f0                I2C0_OnReceiveData
 .text.I2C0_OnTransmitData
                0x000004fc        0xc ./Sources/Events.o
                0x000004fc                I2C0_OnTransmitData
 .text.T_100ms_OnCounterRestart
                0x00000508       0x14 ./Sources/Events.o
                0x00000508                T_100ms_OnCounterRestart
 .text.LEVER_DIR2_OnInterrupt
                0x0000051c        0xc ./Sources/Events.o
                0x0000051c                LEVER_DIR2_OnInterrupt
 .text.LEVER_DIR1_OnInterrupt
                0x00000528        0xc ./Sources/Events.o
                0x00000528                LEVER_DIR1_OnInterrupt
 .text.ENCODER_PUSH_OnInterrupt
                0x00000534        0xc ./Sources/Events.o
                0x00000534                ENCODER_PUSH_OnInterrupt
 .text.ENCODER_OnPortEvent
                0x00000540       0x14 ./Sources/Events.o
                0x00000540                ENCODER_OnPortEvent
 .text.T_500ms_OnCounterRestart
                0x00000554       0x14 ./Sources/Events.o
                0x00000554                T_500ms_OnCounterRestart
 .text.Cpu_OnNMIINT
                0x00000568        0xc ./Sources/Events.o
                0x00000568                Cpu_OnNMIINT
 .text.I2C0_OnArbitLost
                0x00000574        0xc ./Sources/Events.o
                0x00000574                I2C0_OnArbitLost
 .text.AS1_OnError
                0x00000580        0xc ./Sources/Events.o
                0x00000580                AS1_OnError
 .text.AS1_OnRxChar
                0x0000058c        0xc ./Sources/Events.o
                0x0000058c                AS1_OnRxChar
 .text.AS1_OnTxChar
                0x00000598        0xc ./Sources/Events.o
                0x00000598                AS1_OnTxChar
 .text.main     0x000005a4        0xc ./Sources/main.o
                0x000005a4                main
 .text.__copy_rom_section
                0x000005b0       0xe4 ./Project_Settings/Startup_Code/startup.o
                0x000005b0                __copy_rom_section
 .text.__copy_rom_sections_to_ram
                0x00000694       0x9c ./Project_Settings/Startup_Code/startup.o
                0x00000694                __copy_rom_sections_to_ram
 .text.__init_registers
                0x00000730        0xc ./Project_Settings/Startup_Code/startup.o
                0x00000730                __init_registers
 .text.__init_user
                0x0000073c        0xc ./Project_Settings/Startup_Code/startup.o
                0x0000073c                __init_user
 .text.__thumb_startup
                0x00000748       0x34 ./Project_Settings/Startup_Code/startup.o
                0x00000748                __thumb_startup
 .text.HWEnDi   0x0000077c       0x1c ./Generated_Code/AS1.o
 .text.AS1_Init
                0x00000798       0x24 ./Generated_Code/AS1.o
                0x00000798                AS1_Init
 .text.ASerialLdd1_OnBlockReceived
                0x000007bc       0x6c ./Generated_Code/AS1.o
                0x000007bc                ASerialLdd1_OnBlockReceived
 .text.ASerialLdd1_OnBlockSent
                0x00000828       0x48 ./Generated_Code/AS1.o
                0x00000828                ASerialLdd1_OnBlockSent
 .text.ASerialLdd1_OnError
                0x00000870       0x9c ./Generated_Code/AS1.o
                0x00000870                ASerialLdd1_OnError
 .text.ASerialLdd1_OnBreak
                0x0000090c       0x24 ./Generated_Code/AS1.o
                0x0000090c                ASerialLdd1_OnBreak
 .text.ASerialLdd1_Init
                0x00000930      0x1c0 ./Generated_Code/ASerialLdd1.o
                0x00000930                ASerialLdd1_Init
 .text.ASerialLdd1_ReceiveBlock
                0x00000af0       0x90 ./Generated_Code/ASerialLdd1.o
                0x00000af0                ASerialLdd1_ReceiveBlock
 .text.InterruptRx
                0x00000b80       0x58 ./Generated_Code/ASerialLdd1.o
 .text.InterruptTx
                0x00000bd8       0x80 ./Generated_Code/ASerialLdd1.o
 .text.ASerialLdd1_Interrupt
                0x00000c58       0xf4 ./Generated_Code/ASerialLdd1.o
                0x00000c58                ASerialLdd1_Interrupt
 .text.ASerialLdd1_GetError
                0x00000d4c       0x70 ./Generated_Code/ASerialLdd1.o
                0x00000d4c                ASerialLdd1_GetError
 .text.BitIoLdd1_Init
                0x00000dbc       0x64 ./Generated_Code/BitIoLdd1.o
                0x00000dbc                BitIoLdd1_Init
 .text.BitIoLdd2_Init
                0x00000e20       0x64 ./Generated_Code/BitIoLdd2.o
                0x00000e20                BitIoLdd2_Init
 .text.BitIoLdd3_Init
                0x00000e84       0x64 ./Generated_Code/BitIoLdd3.o
                0x00000e84                BitIoLdd3_Init
 .text.BitIoLdd4_Init
                0x00000ee8       0x64 ./Generated_Code/BitIoLdd4.o
                0x00000ee8                BitIoLdd4_Init
 .text.BitIoLdd5_Init
                0x00000f4c       0x64 ./Generated_Code/BitIoLdd5.o
                0x00000f4c                BitIoLdd5_Init
 .text.Cpu_ivINT_PORTC
                0x00000fb0       0x30 ./Generated_Code/Cpu.o
                0x00000fb0                Cpu_ivINT_PORTC
 .text.Cpu_INT_NMIInterrupt
                0x00000fe0       0x1c ./Generated_Code/Cpu.o
                0x00000fe0                Cpu_INT_NMIInterrupt
 .text.Cpu_Interrupt
                0x00000ffc       0x18 ./Generated_Code/Cpu.o
                0x00000ffc                Cpu_Interrupt
 .text.__init_hardware
                0x00001014      0x140 ./Generated_Code/Cpu.o
                0x00001014                __init_hardware
 .text.Cpu_SetBASEPRI
                0x00001154       0x18 ./Generated_Code/Cpu.o
                0x00001154                Cpu_SetBASEPRI
 .text.PE_low_level_init
                0x0000116c      0x10c ./Generated_Code/Cpu.o
                0x0000116c                PE_low_level_init
 .text.ENCODER_Init
                0x00001278       0xb0 ./Generated_Code/ENCODER.o
                0x00001278                ENCODER_Init
 .text.ENCODER_Interrupt
                0x00001328       0x4c ./Generated_Code/ENCODER.o
                0x00001328                ENCODER_Interrupt
 .text.ExtIntLdd1_OnInterrupt
                0x00001374       0x14 ./Generated_Code/ENCODER_PUSH.o
                0x00001374                ExtIntLdd1_OnInterrupt
 .text.ExtIntLdd1_Init
                0x00001388       0x80 ./Generated_Code/ExtIntLdd1.o
                0x00001388                ExtIntLdd1_Init
 .text.ExtIntLdd1_Interrupt
                0x00001408       0x3c ./Generated_Code/ExtIntLdd1.o
                0x00001408                ExtIntLdd1_Interrupt
 .text.ExtIntLdd2_Init
                0x00001444       0x80 ./Generated_Code/ExtIntLdd2.o
                0x00001444                ExtIntLdd2_Init
 .text.ExtIntLdd2_Interrupt
                0x000014c4       0x3c ./Generated_Code/ExtIntLdd2.o
                0x000014c4                ExtIntLdd2_Interrupt
 .text.ExtIntLdd3_Init
                0x00001500       0x80 ./Generated_Code/ExtIntLdd3.o
                0x00001500                ExtIntLdd3_Init
 .text.ExtIntLdd3_Interrupt
                0x00001580       0x3c ./Generated_Code/ExtIntLdd3.o
                0x00001580                ExtIntLdd3_Interrupt
 .text.ExtIntLdd4_Init
                0x000015bc       0x7c ./Generated_Code/ExtIntLdd4.o
                0x000015bc                ExtIntLdd4_Init
 .text.ExtIntLdd4_Interrupt
                0x00001638       0x3c ./Generated_Code/ExtIntLdd4.o
                0x00001638                ExtIntLdd4_Interrupt
 .text.ExtIntLdd5_Init
                0x00001674       0x7c ./Generated_Code/ExtIntLdd5.o
                0x00001674                ExtIntLdd5_Init
 .text.ExtIntLdd5_Interrupt
                0x000016f0       0x3c ./Generated_Code/ExtIntLdd5.o
                0x000016f0                ExtIntLdd5_Interrupt
 .text.I2C0_SendStop
                0x0000172c       0x48 ./Generated_Code/I2C0.o
                0x0000172c                I2C0_SendStop
 .text.I2C0_Init
                0x00001774       0x20 ./Generated_Code/I2C0.o
                0x00001774                I2C0_Init
 .text.IntI2cLdd1_OnMasterBlockSent
                0x00001794       0x24 ./Generated_Code/I2C0.o
                0x00001794                IntI2cLdd1_OnMasterBlockSent
 .text.IntI2cLdd1_OnMasterBlockReceived
                0x000017b8       0x24 ./Generated_Code/I2C0.o
                0x000017b8                IntI2cLdd1_OnMasterBlockReceived
 .text.IntI2cLdd1_OnError
                0x000017dc       0x30 ./Generated_Code/I2C0.o
                0x000017dc                IntI2cLdd1_OnError
 .text.IntI2cLdd1_Interrupt
                0x0000180c      0x2d4 ./Generated_Code/IntI2cLdd1.o
                0x0000180c                IntI2cLdd1_Interrupt
 .text.IntI2cLdd1_Init
                0x00001ae0      0x13c ./Generated_Code/IntI2cLdd1.o
                0x00001ae0                IntI2cLdd1_Init
 .text.IntI2cLdd1_GetError
                0x00001c1c       0x70 ./Generated_Code/IntI2cLdd1.o
                0x00001c1c                IntI2cLdd1_GetError
 .text.ExtIntLdd2_OnInterrupt
                0x00001c8c       0x14 ./Generated_Code/LEVER_DIR1.o
                0x00001c8c                ExtIntLdd2_OnInterrupt
 .text.ExtIntLdd3_OnInterrupt
                0x00001ca0       0x14 ./Generated_Code/LEVER_DIR2.o
                0x00001ca0                ExtIntLdd3_OnInterrupt
 .text.ExtIntLdd5_OnInterrupt
                0x00001cb4       0x14 ./Generated_Code/PUSH_BUTTON_REC.o
                0x00001cb4                ExtIntLdd5_OnInterrupt
 .text.ExtIntLdd4_OnInterrupt
                0x00001cc8       0x14 ./Generated_Code/PUSH_BUTTON_SEND.o
                0x00001cc8                ExtIntLdd4_OnInterrupt
 .text.T_100ms_Init
                0x00001cdc       0xb0 ./Generated_Code/T_100ms.o
                0x00001cdc                T_100ms_Init
 .text.T_100ms_Interrupt
                0x00001d8c       0x6c ./Generated_Code/T_100ms.o
                0x00001d8c                T_100ms_Interrupt
 .text.T_500ms_Init
                0x00001df8       0xcc ./Generated_Code/T_500ms.o
                0x00001df8                T_500ms_Init
 .text.T_500ms_Interrupt
                0x00001ec4       0x6c ./Generated_Code/T_500ms.o
                0x00001ec4                T_500ms_Interrupt
 .text.exit     0x00001f30       0x28 c:/freescale/kds_v3/toolchain/bin/../lib/gcc/arm-none-eabi/4.8.4/../../../../arm-none-eabi/lib/armv7e-m\libg_s.a(lib_a-exit.o)
                0x00001f30                exit
 .text.__libc_init_array
                0x00001f58       0x4c c:/freescale/kds_v3/toolchain/bin/../lib/gcc/arm-none-eabi/4.8.4/../../../../arm-none-eabi/lib/armv7e-m\libg_s.a(lib_a-init.o)
                0x00001f58                __libc_init_array
 .text.memset   0x00001fa4       0x10 c:/freescale/kds_v3/toolchain/bin/../lib/gcc/arm-none-eabi/4.8.4/../../../../arm-none-eabi/lib/armv7e-m\libg_s.a(lib_a-memset.o)
                0x00001fa4                memset
 .text._exit    0x00001fb4        0x4 c:/freescale/kds_v3/toolchain/bin/../lib/gcc/arm-none-eabi/4.8.4/../../../../arm-none-eabi/lib/armv7e-m\libnosys.a(_exit.o)
                0x00001fb4                _exit
 *(.rodata)
 *(.rodata*)
 .rodata.str1.1
                0x00001fb8        0x2 c:/freescale/kds_v3/toolchain/bin/../lib/gcc/arm-none-eabi/4.8.4/../../../../arm-none-eabi/lib/armv7e-m\libg_s.a(lib_a-impure.o)
 *fill*         0x00001fba        0x2 
 .rodata._global_impure_ptr
                0x00001fbc        0x4 c:/freescale/kds_v3/toolchain/bin/../lib/gcc/arm-none-eabi/4.8.4/../../../../arm-none-eabi/lib/armv7e-m\libg_s.a(lib_a-impure.o)
                0x00001fbc                _global_impure_ptr
 *(.glue_7)
 .glue_7        0x00000000        0x0 linker stubs
 *(.glue_7t)
 .glue_7t       0x00000000        0x0 linker stubs
 *(.eh_frame)
 .eh_frame      0x00001fc0        0x0 c:/freescale/kds_v3/toolchain/bin/../lib/gcc/arm-none-eabi/4.8.4/armv7e-m/crtbegin.o
 *(.init)
 .init          0x00001fc0        0x4 c:/freescale/kds_v3/toolchain/bin/../lib/gcc/arm-none-eabi/4.8.4/armv7e-m/crti.o
                0x00001fc0                _init
 .init          0x00001fc4        0x8 c:/freescale/kds_v3/toolchain/bin/../lib/gcc/arm-none-eabi/4.8.4/armv7e-m/crtn.o
 *(.fini)
 .fini          0x00001fcc        0x4 c:/freescale/kds_v3/toolchain/bin/../lib/gcc/arm-none-eabi/4.8.4/armv7e-m/crti.o
                0x00001fcc                _fini
 .fini          0x00001fd0        0x8 c:/freescale/kds_v3/toolchain/bin/../lib/gcc/arm-none-eabi/4.8.4/armv7e-m/crtn.o
                0x00001fd8                . = ALIGN (0x4)
                0x00001fd8                _etext = .

.vfp11_veneer   0x00001fd8        0x0
 .vfp11_veneer  0x00000000        0x0 linker stubs

.v4_bx          0x00001fd8        0x0
 .v4_bx         0x00000000        0x0 linker stubs

.iplt           0x00001fd8        0x0
 .iplt          0x00000000        0x0 c:/freescale/kds_v3/toolchain/bin/../lib/gcc/arm-none-eabi/4.8.4/armv7e-m/crtbegin.o

.ARM.extab
 *(.ARM.extab* .gnu.linkonce.armextab.*)

.ARM            0x00001fd8        0x8
                0x00001fd8                __exidx_start = .
 *(.ARM.exidx*)
 .ARM.exidx     0x00001fd8        0x8 c:/freescale/kds_v3/toolchain/bin/../lib/gcc/arm-none-eabi/4.8.4/../../../../arm-none-eabi/lib/armv7e-m/crt0.o
                0x00001fe0                __exidx_end = .

.rel.dyn        0x00001fe0        0x0
 .rel.iplt      0x00000000        0x0 c:/freescale/kds_v3/toolchain/bin/../lib/gcc/arm-none-eabi/4.8.4/armv7e-m/crtbegin.o

.ctors          0x00001fe0        0x0
                0x00001fe0                __CTOR_LIST__ = .
 *crtbegin.o(.ctors)
 *(EXCLUDE_FILE(*crtend.o) .ctors)
 *(SORT(.ctors.*))
 *(.ctors)
                0x00001fe0                __CTOR_END__ = .

.dtors          0x00001fe0        0x0
                0x00001fe0                __DTOR_LIST__ = .
 *crtbegin.o(.dtors)
 *(EXCLUDE_FILE(*crtend.o) .dtors)
 *(SORT(.dtors.*))
 *(.dtors)
                0x00001fe0                __DTOR_END__ = .

.preinit_array  0x00001fe0        0x0
                0x00001fe0                PROVIDE (__preinit_array_start, .)
 *(.preinit_array*)
                0x00001fe0                PROVIDE (__preinit_array_end, .)

.init_array     0x00001fe0        0x4
                0x00001fe0                PROVIDE (__init_array_start, .)
 *(SORT(.init_array.*))
 *(.init_array*)
 .init_array    0x00001fe0        0x4 c:/freescale/kds_v3/toolchain/bin/../lib/gcc/arm-none-eabi/4.8.4/armv7e-m/crtbegin.o
                0x00001fe4                PROVIDE (__init_array_end, .)

.fini_array     0x00001fe4        0x4
                0x00001fe4                PROVIDE (__fini_array_start, .)
 *(SORT(.fini_array.*))
 *(.fini_array*)
 .fini_array    0x00001fe4        0x4 c:/freescale/kds_v3/toolchain/bin/../lib/gcc/arm-none-eabi/4.8.4/armv7e-m/crtbegin.o
                0x00001fe8                PROVIDE (__fini_array_end, .)
                0x00001fe8                ___ROM_AT = .

.data           0x1fff8000       0x60 load address 0x00001fe8
                0x1fff8000                . = ALIGN (0x4)
                0x1fff8000                _sdata = .
 *(.data)
 *(.data*)
 .data.impure_data
                0x1fff8000       0x60 c:/freescale/kds_v3/toolchain/bin/../lib/gcc/arm-none-eabi/4.8.4/../../../../arm-none-eabi/lib/armv7e-m\libg_s.a(lib_a-impure.o)
                0x1fff8060                . = ALIGN (0x4)
                0x1fff8060                _edata = .
                0x00000060                ___data_size = (_edata - _sdata)
                0x00002048                ___m_data_20000000_ROMStart = (___ROM_AT + SIZEOF (.data))

.jcr            0x1fff8060        0x0 load address 0x00002048
 .jcr           0x1fff8060        0x0 c:/freescale/kds_v3/toolchain/bin/../lib/gcc/arm-none-eabi/4.8.4/armv7e-m/crtbegin.o

.igot.plt       0x1fff8060        0x0 load address 0x00002048
 .igot.plt      0x00000000        0x0 c:/freescale/kds_v3/toolchain/bin/../lib/gcc/arm-none-eabi/4.8.4/armv7e-m/crtbegin.o

.m_data_20000000
                0x20000000        0x0 load address 0x00002048
                0x20000000                . = ALIGN (0x4)
                0x20000000                ___m_data_20000000_RAMStart = .
 *(.m_data_20000000)
                0x20000000                ___m_data_20000000_RAMEnd = .
                0x20000000                . = ALIGN (0x4)
                0x00000000                ___m_data_20000000_ROMSize = (___m_data_20000000_RAMEnd - ___m_data_20000000_RAMStart)
                0x20000000                . = ALIGN (0x4)

.bss            0x1fff8060      0x124 load address 0x00002048
                0x1fff8060                __START_BSS = .
                0x1fff8060                PROVIDE (__bss_start__, __START_BSS)
 *(.bss)
 .bss           0x1fff8060       0x1c c:/freescale/kds_v3/toolchain/bin/../lib/gcc/arm-none-eabi/4.8.4/armv7e-m/crtbegin.o
 *(.bss*)
 .bss.SerFlag   0x1fff807c        0x2 ./Generated_Code/AS1.o
 .bss.BufferRead
                0x1fff807e        0x1 ./Generated_Code/AS1.o
 *fill*         0x1fff807f        0x1 
 .bss.DeviceDataPrv__DEFAULT_RTOS_ALLOC
                0x1fff8080       0x20 ./Generated_Code/ASerialLdd1.o
 .bss.INT_UART0_RX_TX__DEFAULT_RTOS_ISRPARAM
                0x1fff80a0        0x4 ./Generated_Code/ASerialLdd1.o
 .bss.INT_UART0_ERR__DEFAULT_RTOS_ISRPARAM
                0x1fff80a4        0x4 ./Generated_Code/ASerialLdd1.o
 .bss.DeviceDataPrv__DEFAULT_RTOS_ALLOC
                0x1fff80a8        0x4 ./Generated_Code/BitIoLdd1.o
 .bss.DeviceDataPrv__DEFAULT_RTOS_ALLOC
                0x1fff80ac        0x4 ./Generated_Code/BitIoLdd2.o
 .bss.DeviceDataPrv__DEFAULT_RTOS_ALLOC
                0x1fff80b0        0x4 ./Generated_Code/BitIoLdd3.o
 .bss.DeviceDataPrv__DEFAULT_RTOS_ALLOC
                0x1fff80b4        0x4 ./Generated_Code/BitIoLdd4.o
 .bss.DeviceDataPrv__DEFAULT_RTOS_ALLOC
                0x1fff80b8        0x4 ./Generated_Code/BitIoLdd5.o
 .bss.SR_lock   0x1fff80bc        0x1 ./Generated_Code/Cpu.o
                0x1fff80bc                SR_lock
 *fill*         0x1fff80bd        0x3 
 .bss.DeviceDataPrv__DEFAULT_RTOS_ALLOC
                0x1fff80c0        0xc ./Generated_Code/ENCODER.o
 .bss.INT_PORTC__DEFAULT_RTOS_ISRPARAM
                0x1fff80cc        0x4 ./Generated_Code/ENCODER.o
 .bss.DeviceDataPrv__DEFAULT_RTOS_ALLOC
                0x1fff80d0        0x4 ./Generated_Code/ExtIntLdd1.o
 .bss.INT_PORTC__DEFAULT_RTOS_ISRPARAM
                0x1fff80d4        0x4 ./Generated_Code/ExtIntLdd1.o
 .bss.DeviceDataPrv__DEFAULT_RTOS_ALLOC
                0x1fff80d8        0x4 ./Generated_Code/ExtIntLdd2.o
 .bss.INT_PORTC__DEFAULT_RTOS_ISRPARAM
                0x1fff80dc        0x4 ./Generated_Code/ExtIntLdd2.o
 .bss.DeviceDataPrv__DEFAULT_RTOS_ALLOC
                0x1fff80e0        0x4 ./Generated_Code/ExtIntLdd3.o
 .bss.INT_PORTC__DEFAULT_RTOS_ISRPARAM
                0x1fff80e4        0x4 ./Generated_Code/ExtIntLdd3.o
 .bss.DeviceDataPrv__DEFAULT_RTOS_ALLOC
                0x1fff80e8        0x4 ./Generated_Code/ExtIntLdd4.o
 .bss.INT_PORTC__DEFAULT_RTOS_ISRPARAM
                0x1fff80ec        0x4 ./Generated_Code/ExtIntLdd4.o
 .bss.DeviceDataPrv__DEFAULT_RTOS_ALLOC
                0x1fff80f0        0x4 ./Generated_Code/ExtIntLdd5.o
 .bss.INT_PORTC__DEFAULT_RTOS_ISRPARAM
                0x1fff80f4        0x4 ./Generated_Code/ExtIntLdd5.o
 .bss.OutLenM   0x1fff80f8        0x2 ./Generated_Code/I2C0.o
 .bss.I2C0_SerFlag
                0x1fff80fa        0x1 ./Generated_Code/I2C0.o
 *fill*         0x1fff80fb        0x1 
 .bss.DeviceDataPrv__DEFAULT_RTOS_ALLOC
                0x1fff80fc       0x1c ./Generated_Code/IntI2cLdd1.o
 .bss.INT_I2C0__DEFAULT_RTOS_ISRPARAM
                0x1fff8118        0x4 ./Generated_Code/IntI2cLdd1.o
 .bss.PE_LDD_DeviceDataList
                0x1fff811c       0x3c ./Generated_Code/PE_LDD.o
                0x1fff811c                PE_LDD_DeviceDataList
 .bss.DeviceDataPrv__DEFAULT_RTOS_ALLOC
                0x1fff8158        0xc ./Generated_Code/T_100ms.o
 .bss.INT_FTM1__DEFAULT_RTOS_ISRPARAM
                0x1fff8164        0x4 ./Generated_Code/T_100ms.o
 .bss.DeviceDataPrv__DEFAULT_RTOS_ALLOC
                0x1fff8168        0x8 ./Generated_Code/T_500ms.o
 .bss.INT_FTM0__DEFAULT_RTOS_ISRPARAM
                0x1fff8170        0x4 ./Generated_Code/T_500ms.o
 *(COMMON)
 COMMON         0x1fff8174        0x4 ./Generated_Code/AS1.o
                0x1fff8174                ASerialLdd1_DeviceDataPtr
 COMMON         0x1fff8178        0x1 ./Generated_Code/Cpu.o
                0x1fff8178                SR_reg
 *fill*         0x1fff8179        0x3 
 COMMON         0x1fff817c        0x8 ./Generated_Code/I2C0.o
                0x1fff817c                I2C0_SndRcvTemp
                0x1fff8180                IntI2cLdd1_DeviceDataPtr
                0x1fff8184                . = ALIGN (0x4)
                0x1fff8184                __END_BSS = .
                0x1fff8184                PROVIDE (__bss_end__, __END_BSS)
                0x00002048                _romp_at = ((___ROM_AT + SIZEOF (.data)) + SIZEOF (.m_data_20000000))

.romp           0x1fff8184       0x24 load address 0x00002048
                0x00002048                __S_romp = _romp_at
                0x1fff8184        0x4 LONG 0x1fe8 ___ROM_AT
                0x1fff8188        0x4 LONG 0x1fff8000 _sdata
                0x1fff818c        0x4 LONG 0x60 ___data_size
                0x1fff8190        0x4 LONG 0x2048 ___m_data_20000000_ROMStart
                0x1fff8194        0x4 LONG 0x20000000 ___m_data_20000000_RAMStart
                0x1fff8198        0x4 LONG 0x0 ___m_data_20000000_ROMSize
                0x1fff819c        0x4 LONG 0x0
                0x1fff81a0        0x4 LONG 0x0
                0x1fff81a4        0x4 LONG 0x0
                0x00040000                text_end = (ORIGIN (m_text) + 0x3fbf0)
                0x0000206c                data_init_end = ((___m_data_20000000_ROMStart + SIZEOF (.m_data_20000000)) + SIZEOF (.romp))
                0x00000001                ASSERT ((data_init_end <= text_end), region m_text overflowed with text and data)

._user_heap_stack
                0x1fff81a8      0x400 load address 0x0000206c
                0x1fff81a8                . = ALIGN (0x4)
                0x1fff81a8                PROVIDE (end, .)
                0x1fff81a8                PROVIDE (_end, .)
                0x1fff81a8                PROVIDE (__end__, .)
                0x1fff81a8                __heap_addr = .
                0x1fff81a8                __HeapBase = .
                0x1fff81a8                . = (. + __heap_size)
                0x1fff81a8                __HeapLimit = .
                0x1fff85a8                . = (. + __stack_size)
 *fill*         0x1fff81a8      0x400 
                0x1fff85a8                . = ALIGN (0x4)

.ARM.attributes
                0x00000000       0x2a
 *(.ARM.attributes)
 .ARM.attributes
                0x00000000       0x1e c:/freescale/kds_v3/toolchain/bin/../lib/gcc/arm-none-eabi/4.8.4/armv7e-m/crti.o
 .ARM.attributes
                0x0000001e       0x2e c:/freescale/kds_v3/toolchain/bin/../lib/gcc/arm-none-eabi/4.8.4/armv7e-m/crtbegin.o
 .ARM.attributes
                0x0000004c       0x1c c:/freescale/kds_v3/toolchain/bin/../lib/gcc/arm-none-eabi/4.8.4/../../../../arm-none-eabi/lib/armv7e-m/crt0.o
 .ARM.attributes
                0x00000068       0x33 ./Sources/Events.o
 .ARM.attributes
                0x0000009b       0x33 ./Sources/main.o
 .ARM.attributes
                0x000000ce       0x33 ./Project_Settings/Startup_Code/startup.o
 .ARM.attributes
                0x00000101       0x33 ./Generated_Code/AS1.o
 .ARM.attributes
                0x00000134       0x33 ./Generated_Code/ASerialLdd1.o
 .ARM.attributes
                0x00000167       0x33 ./Generated_Code/BitIoLdd1.o
 .ARM.attributes
                0x0000019a       0x33 ./Generated_Code/BitIoLdd2.o
 .ARM.attributes
                0x000001cd       0x33 ./Generated_Code/BitIoLdd3.o
 .ARM.attributes
                0x00000200       0x33 ./Generated_Code/BitIoLdd4.o
 .ARM.attributes
                0x00000233       0x33 ./Generated_Code/BitIoLdd5.o
 .ARM.attributes
                0x00000266       0x33 ./Generated_Code/Cpu.o
 .ARM.attributes
                0x00000299       0x33 ./Generated_Code/ENCODER.o
 .ARM.attributes
                0x000002cc       0x33 ./Generated_Code/ENCODER_PUSH.o
 .ARM.attributes
                0x000002ff       0x33 ./Generated_Code/ExtIntLdd1.o
 .ARM.attributes
                0x00000332       0x33 ./Generated_Code/ExtIntLdd2.o
 .ARM.attributes
                0x00000365       0x33 ./Generated_Code/ExtIntLdd3.o
 .ARM.attributes
                0x00000398       0x33 ./Generated_Code/ExtIntLdd4.o
 .ARM.attributes
                0x000003cb       0x33 ./Generated_Code/ExtIntLdd5.o
 .ARM.attributes
                0x000003fe       0x33 ./Generated_Code/I2C0.o
 .ARM.attributes
                0x00000431       0x33 ./Generated_Code/IntI2cLdd1.o
 .ARM.attributes
                0x00000464       0x33 ./Generated_Code/LEVER_DIR1.o
 .ARM.attributes
                0x00000497       0x33 ./Generated_Code/LEVER_DIR2.o
 .ARM.attributes
                0x000004ca       0x33 ./Generated_Code/PE_LDD.o
 .ARM.attributes
                0x000004fd       0x33 ./Generated_Code/PUSH_BUTTON_REC.o
 .ARM.attributes
                0x00000530       0x33 ./Generated_Code/PUSH_BUTTON_SEND.o
 .ARM.attributes
                0x00000563       0x33 ./Generated_Code/T_100ms.o
 .ARM.attributes
                0x00000596       0x33 ./Generated_Code/T_500ms.o
 .ARM.attributes
                0x000005c9       0x33 ./Generated_Code/Vectors.o
 .ARM.attributes
                0x000005fc       0x2e c:/freescale/kds_v3/toolchain/bin/../lib/gcc/arm-none-eabi/4.8.4/../../../../arm-none-eabi/lib/armv7e-m\libg_s.a(lib_a-exit.o)
 .ARM.attributes
                0x0000062a       0x2e c:/freescale/kds_v3/toolchain/bin/../lib/gcc/arm-none-eabi/4.8.4/../../../../arm-none-eabi/lib/armv7e-m\libg_s.a(lib_a-impure.o)
 .ARM.attributes
                0x00000658       0x2e c:/freescale/kds_v3/toolchain/bin/../lib/gcc/arm-none-eabi/4.8.4/../../../../arm-none-eabi/lib/armv7e-m\libg_s.a(lib_a-init.o)
 .ARM.attributes
                0x00000686       0x2e c:/freescale/kds_v3/toolchain/bin/../lib/gcc/arm-none-eabi/4.8.4/../../../../arm-none-eabi/lib/armv7e-m\libg_s.a(lib_a-memset.o)
 .ARM.attributes
                0x000006b4       0x2e c:/freescale/kds_v3/toolchain/bin/../lib/gcc/arm-none-eabi/4.8.4/../../../../arm-none-eabi/lib/armv7e-m\libnosys.a(_exit.o)
 .ARM.attributes
                0x000006e2       0x1e c:/freescale/kds_v3/toolchain/bin/../lib/gcc/arm-none-eabi/4.8.4/armv7e-m/crtn.o
OUTPUT(varmo_lite.elf elf32-littlearm)

.debug_info     0x00000000     0x6a9a
 .debug_info    0x00000000      0x1cf ./Sources/Events.o
 .debug_info    0x000001cf       0xa1 ./Sources/main.o
 .debug_info    0x00000270      0x20a ./Project_Settings/Startup_Code/startup.o
 .debug_info    0x0000047a      0x305 ./Generated_Code/AS1.o
 .debug_info    0x0000077f      0x9dc ./Generated_Code/ASerialLdd1.o
 .debug_info    0x0000115b      0x377 ./Generated_Code/BitIoLdd1.o
 .debug_info    0x000014d2      0x377 ./Generated_Code/BitIoLdd2.o
 .debug_info    0x00001849      0x377 ./Generated_Code/BitIoLdd3.o
 .debug_info    0x00001bc0      0x351 ./Generated_Code/BitIoLdd4.o
 .debug_info    0x00001f11      0x351 ./Generated_Code/BitIoLdd5.o
 .debug_info    0x00002262      0xa82 ./Generated_Code/Cpu.o
 .debug_info    0x00002ce4      0x647 ./Generated_Code/ENCODER.o
 .debug_info    0x0000332b       0xb2 ./Generated_Code/ENCODER_PUSH.o
 .debug_info    0x000033dd      0x43c ./Generated_Code/ExtIntLdd1.o
 .debug_info    0x00003819      0x43c ./Generated_Code/ExtIntLdd2.o
 .debug_info    0x00003c55      0x43c ./Generated_Code/ExtIntLdd3.o
 .debug_info    0x00004091      0x43c ./Generated_Code/ExtIntLdd4.o
 .debug_info    0x000044cd      0x43c ./Generated_Code/ExtIntLdd5.o
 .debug_info    0x00004909      0x47e ./Generated_Code/I2C0.o
 .debug_info    0x00004d87      0x9e5 ./Generated_Code/IntI2cLdd1.o
 .debug_info    0x0000576c       0xb2 ./Generated_Code/LEVER_DIR1.o
 .debug_info    0x0000581e       0xb2 ./Generated_Code/LEVER_DIR2.o
 .debug_info    0x000058d0      0x24d ./Generated_Code/PE_LDD.o
 .debug_info    0x00005b1d       0xb2 ./Generated_Code/PUSH_BUTTON_REC.o
 .debug_info    0x00005bcf       0xb2 ./Generated_Code/PUSH_BUTTON_SEND.o
 .debug_info    0x00005c81      0x6c8 ./Generated_Code/T_100ms.o
 .debug_info    0x00006349      0x63b ./Generated_Code/T_500ms.o
 .debug_info    0x00006984      0x116 ./Generated_Code/Vectors.o

.debug_abbrev   0x00000000     0x1fe2
 .debug_abbrev  0x00000000       0xb2 ./Sources/Events.o
 .debug_abbrev  0x000000b2       0x47 ./Sources/main.o
 .debug_abbrev  0x000000f9      0x11e ./Project_Settings/Startup_Code/startup.o
 .debug_abbrev  0x00000217      0x17d ./Generated_Code/AS1.o
 .debug_abbrev  0x00000394      0x1db ./Generated_Code/ASerialLdd1.o
 .debug_abbrev  0x0000056f      0x15f ./Generated_Code/BitIoLdd1.o
 .debug_abbrev  0x000006ce      0x15f ./Generated_Code/BitIoLdd2.o
 .debug_abbrev  0x0000082d      0x15f ./Generated_Code/BitIoLdd3.o
 .debug_abbrev  0x0000098c      0x136 ./Generated_Code/BitIoLdd4.o
 .debug_abbrev  0x00000ac2      0x136 ./Generated_Code/BitIoLdd5.o
 .debug_abbrev  0x00000bf8      0x178 ./Generated_Code/Cpu.o
 .debug_abbrev  0x00000d70      0x1ba ./Generated_Code/ENCODER.o
 .debug_abbrev  0x00000f2a       0x68 ./Generated_Code/ENCODER_PUSH.o
 .debug_abbrev  0x00000f92      0x15d ./Generated_Code/ExtIntLdd1.o
 .debug_abbrev  0x000010ef      0x15d ./Generated_Code/ExtIntLdd2.o
 .debug_abbrev  0x0000124c      0x15d ./Generated_Code/ExtIntLdd3.o
 .debug_abbrev  0x000013a9      0x15d ./Generated_Code/ExtIntLdd4.o
 .debug_abbrev  0x00001506      0x15d ./Generated_Code/ExtIntLdd5.o
 .debug_abbrev  0x00001663      0x1c0 ./Generated_Code/I2C0.o
 .debug_abbrev  0x00001823      0x18b ./Generated_Code/IntI2cLdd1.o
 .debug_abbrev  0x000019ae       0x68 ./Generated_Code/LEVER_DIR1.o
 .debug_abbrev  0x00001a16       0x68 ./Generated_Code/LEVER_DIR2.o
 .debug_abbrev  0x00001a7e      0x10d ./Generated_Code/PE_LDD.o
 .debug_abbrev  0x00001b8b       0x68 ./Generated_Code/PUSH_BUTTON_REC.o
 .debug_abbrev  0x00001bf3       0x68 ./Generated_Code/PUSH_BUTTON_SEND.o
 .debug_abbrev  0x00001c5b      0x179 ./Generated_Code/T_100ms.o
 .debug_abbrev  0x00001dd4      0x16a ./Generated_Code/T_500ms.o
 .debug_abbrev  0x00001f3e       0xa4 ./Generated_Code/Vectors.o

.debug_aranges  0x00000000      0x6c0
 .debug_aranges
                0x00000000       0x90 ./Sources/Events.o
 .debug_aranges
                0x00000090       0x20 ./Sources/main.o
 .debug_aranges
                0x000000b0       0x50 ./Project_Settings/Startup_Code/startup.o
 .debug_aranges
                0x00000100       0x68 ./Generated_Code/AS1.o
 .debug_aranges
                0x00000168       0x50 ./Generated_Code/ASerialLdd1.o
 .debug_aranges
                0x000001b8       0x48 ./Generated_Code/BitIoLdd1.o
 .debug_aranges
                0x00000200       0x48 ./Generated_Code/BitIoLdd2.o
 .debug_aranges
                0x00000248       0x48 ./Generated_Code/BitIoLdd3.o
 .debug_aranges
                0x00000290       0x40 ./Generated_Code/BitIoLdd4.o
 .debug_aranges
                0x000002d0       0x40 ./Generated_Code/BitIoLdd5.o
 .debug_aranges
                0x00000310       0x48 ./Generated_Code/Cpu.o
 .debug_aranges
                0x00000358       0x60 ./Generated_Code/ENCODER.o
 .debug_aranges
                0x000003b8       0x20 ./Generated_Code/ENCODER_PUSH.o
 .debug_aranges
                0x000003d8       0x30 ./Generated_Code/ExtIntLdd1.o
 .debug_aranges
                0x00000408       0x30 ./Generated_Code/ExtIntLdd2.o
 .debug_aranges
                0x00000438       0x30 ./Generated_Code/ExtIntLdd3.o
 .debug_aranges
                0x00000468       0x30 ./Generated_Code/ExtIntLdd4.o
 .debug_aranges
                0x00000498       0x30 ./Generated_Code/ExtIntLdd5.o
 .debug_aranges
                0x000004c8       0x70 ./Generated_Code/I2C0.o
 .debug_aranges
                0x00000538       0x60 ./Generated_Code/IntI2cLdd1.o
 .debug_aranges
                0x00000598       0x20 ./Generated_Code/LEVER_DIR1.o
 .debug_aranges
                0x000005b8       0x20 ./Generated_Code/LEVER_DIR2.o
 .debug_aranges
                0x000005d8       0x30 ./Generated_Code/PE_LDD.o
 .debug_aranges
                0x00000608       0x20 ./Generated_Code/PUSH_BUTTON_REC.o
 .debug_aranges
                0x00000628       0x20 ./Generated_Code/PUSH_BUTTON_SEND.o
 .debug_aranges
                0x00000648       0x38 ./Generated_Code/T_100ms.o
 .debug_aranges
                0x00000680       0x28 ./Generated_Code/T_500ms.o
 .debug_aranges
                0x000006a8       0x18 ./Generated_Code/Vectors.o

.debug_ranges   0x00000000      0x4f8
 .debug_ranges  0x00000000       0x80 ./Sources/Events.o
 .debug_ranges  0x00000080       0x10 ./Sources/main.o
 .debug_ranges  0x00000090       0x40 ./Project_Settings/Startup_Code/startup.o
 .debug_ranges  0x000000d0       0x58 ./Generated_Code/AS1.o
 .debug_ranges  0x00000128       0x40 ./Generated_Code/ASerialLdd1.o
 .debug_ranges  0x00000168       0x38 ./Generated_Code/BitIoLdd1.o
 .debug_ranges  0x000001a0       0x38 ./Generated_Code/BitIoLdd2.o
 .debug_ranges  0x000001d8       0x38 ./Generated_Code/BitIoLdd3.o
 .debug_ranges  0x00000210       0x30 ./Generated_Code/BitIoLdd4.o
 .debug_ranges  0x00000240       0x30 ./Generated_Code/BitIoLdd5.o
 .debug_ranges  0x00000270       0x38 ./Generated_Code/Cpu.o
 .debug_ranges  0x000002a8       0x50 ./Generated_Code/ENCODER.o
 .debug_ranges  0x000002f8       0x10 ./Generated_Code/ENCODER_PUSH.o
 .debug_ranges  0x00000308       0x20 ./Generated_Code/ExtIntLdd1.o
 .debug_ranges  0x00000328       0x20 ./Generated_Code/ExtIntLdd2.o
 .debug_ranges  0x00000348       0x20 ./Generated_Code/ExtIntLdd3.o
 .debug_ranges  0x00000368       0x20 ./Generated_Code/ExtIntLdd4.o
 .debug_ranges  0x00000388       0x20 ./Generated_Code/ExtIntLdd5.o
 .debug_ranges  0x000003a8       0x60 ./Generated_Code/I2C0.o
 .debug_ranges  0x00000408       0x50 ./Generated_Code/IntI2cLdd1.o
 .debug_ranges  0x00000458       0x10 ./Generated_Code/LEVER_DIR1.o
 .debug_ranges  0x00000468       0x10 ./Generated_Code/LEVER_DIR2.o
 .debug_ranges  0x00000478       0x20 ./Generated_Code/PE_LDD.o
 .debug_ranges  0x00000498       0x10 ./Generated_Code/PUSH_BUTTON_REC.o
 .debug_ranges  0x000004a8       0x10 ./Generated_Code/PUSH_BUTTON_SEND.o
 .debug_ranges  0x000004b8       0x28 ./Generated_Code/T_100ms.o
 .debug_ranges  0x000004e0       0x18 ./Generated_Code/T_500ms.o

.debug_macro    0x00000000    0x237ad
 .debug_macro   0x00000000      0x276 ./Sources/Events.o
 .debug_macro   0x00000276      0x84a ./Sources/Events.o
 .debug_macro   0x00000ac0       0x16 ./Sources/Events.o
 .debug_macro   0x00000ad6       0x44 ./Sources/Events.o
 .debug_macro   0x00000b1a      0x209 ./Sources/Events.o
 .debug_macro   0x00000d23     0x1816 ./Sources/Events.o
 .debug_macro   0x00002539      0x14e ./Sources/Events.o
 .debug_macro   0x00002687       0x6a ./Sources/Events.o
 .debug_macro   0x000026f1     0xd4f6 ./Sources/Events.o
 .debug_macro   0x0000fbe7       0x9a ./Sources/Events.o
 .debug_macro   0x0000fc81       0x94 ./Sources/Events.o
 .debug_macro   0x0000fd15      0x12c ./Sources/Events.o
 .debug_macro   0x0000fe41       0x46 ./Sources/Events.o
 .debug_macro   0x0000fe87       0x26 ./Sources/Events.o
 .debug_macro   0x0000fead      0x6a6 ./Sources/Events.o
 .debug_macro   0x00010553       0x51 ./Sources/Events.o
 .debug_macro   0x000105a4       0x4c ./Sources/Events.o
 .debug_macro   0x000105f0       0x26 ./Sources/Events.o
 .debug_macro   0x00010616       0x4c ./Sources/Events.o
 .debug_macro   0x00010662       0x26 ./Sources/Events.o
 .debug_macro   0x00010688       0x46 ./Sources/Events.o
 .debug_macro   0x000106ce       0x1f ./Sources/Events.o
 .debug_macro   0x000106ed       0x46 ./Sources/Events.o
 .debug_macro   0x00010733       0x1f ./Sources/Events.o
 .debug_macro   0x00010752      0x4ea ./Sources/Events.o
 .debug_macro   0x00010c3c       0xa5 ./Sources/Events.o
 .debug_macro   0x00010ce1       0x34 ./Sources/Events.o
 .debug_macro   0x00010d15       0x34 ./Sources/Events.o
 .debug_macro   0x00010d49       0x34 ./Sources/Events.o
 .debug_macro   0x00010d7d       0x67 ./Sources/Events.o
 .debug_macro   0x00010de4       0x5f ./Sources/Events.o
 .debug_macro   0x00010e43       0x12 ./Sources/Events.o
 .debug_macro   0x00010e55       0x34 ./Sources/Events.o
 .debug_macro   0x00010e89       0x34 ./Sources/Events.o
 .debug_macro   0x00010ebd       0x65 ./Sources/Events.o
 .debug_macro   0x00010f22       0x12 ./Sources/Events.o
 .debug_macro   0x00010f34       0x22 ./Sources/Events.o
 .debug_macro   0x00010f56       0x22 ./Sources/Events.o
 .debug_macro   0x00010f78       0x28 ./Sources/Events.o
 .debug_macro   0x00010fa0      0x352 ./Sources/main.o
 .debug_macro   0x000112f2       0xa3 ./Sources/main.o
 .debug_macro   0x00011395       0x97 ./Sources/main.o
 .debug_macro   0x0001142c       0xef ./Sources/main.o
 .debug_macro   0x0001151b       0x43 ./Sources/main.o
 .debug_macro   0x0001155e      0x14a ./Sources/main.o
 .debug_macro   0x000116a8      0x121 ./Project_Settings/Startup_Code/startup.o
 .debug_macro   0x000117c9      0x166 ./Project_Settings/Startup_Code/startup.o
 .debug_macro   0x0001192f      0x2a6 ./Project_Settings/Startup_Code/startup.o
 .debug_macro   0x00011bd5       0x10 ./Project_Settings/Startup_Code/startup.o
 .debug_macro   0x00011be5       0x35 ./Project_Settings/Startup_Code/startup.o
 .debug_macro   0x00011c1a       0x16 ./Project_Settings/Startup_Code/startup.o
 .debug_macro   0x00011c30       0x22 ./Project_Settings/Startup_Code/startup.o
 .debug_macro   0x00011c52       0x10 ./Project_Settings/Startup_Code/startup.o
 .debug_macro   0x00011c62      0x20f ./Project_Settings/Startup_Code/startup.o
 .debug_macro   0x00011e71     0xd4ea ./Project_Settings/Startup_Code/startup.o
 .debug_macro   0x0001f35b      0x2fb ./Generated_Code/AS1.o
 .debug_macro   0x0001f656       0xc5 ./Generated_Code/ASerialLdd1.o
 .debug_macro   0x0001f71b       0x18 ./Generated_Code/ASerialLdd1.o
 .debug_macro   0x0001f733      0x7ab ./Generated_Code/ASerialLdd1.o
 .debug_macro   0x0001fede      0x9f0 ./Generated_Code/ASerialLdd1.o
 .debug_macro   0x000208ce       0xa6 ./Generated_Code/BitIoLdd1.o
 .debug_macro   0x00020974       0xa6 ./Generated_Code/BitIoLdd2.o
 .debug_macro   0x00020a1a       0xa6 ./Generated_Code/BitIoLdd3.o
 .debug_macro   0x00020ac0       0x46 ./Generated_Code/BitIoLdd3.o
 .debug_macro   0x00020b06       0xa6 ./Generated_Code/BitIoLdd4.o
 .debug_macro   0x00020bac       0xa6 ./Generated_Code/BitIoLdd5.o
 .debug_macro   0x00020c52       0x40 ./Generated_Code/BitIoLdd5.o
 .debug_macro   0x00020c92      0x2b8 ./Generated_Code/Cpu.o
 .debug_macro   0x00020f4a       0x2e ./Generated_Code/Cpu.o
 .debug_macro   0x00020f78      0x274 ./Generated_Code/ENCODER.o
 .debug_macro   0x000211ec      0x270 ./Generated_Code/ENCODER_PUSH.o
 .debug_macro   0x0002145c       0xbf ./Generated_Code/ExtIntLdd1.o
 .debug_macro   0x0002151b       0x2e ./Generated_Code/ExtIntLdd1.o
 .debug_macro   0x00021549       0xbf ./Generated_Code/ExtIntLdd2.o
 .debug_macro   0x00021608       0x2e ./Generated_Code/ExtIntLdd2.o
 .debug_macro   0x00021636       0xbf ./Generated_Code/ExtIntLdd3.o
 .debug_macro   0x000216f5       0x2e ./Generated_Code/ExtIntLdd3.o
 .debug_macro   0x00021723       0xbf ./Generated_Code/ExtIntLdd4.o
 .debug_macro   0x000217e2       0x2e ./Generated_Code/ExtIntLdd4.o
 .debug_macro   0x00021810       0xbf ./Generated_Code/ExtIntLdd5.o
 .debug_macro   0x000218cf       0x2e ./Generated_Code/ExtIntLdd5.o
 .debug_macro   0x000218fd      0x2b4 ./Generated_Code/I2C0.o
 .debug_macro   0x00021bb1      0x29c ./Generated_Code/I2C0.o
 .debug_macro   0x00021e4d       0xfa ./Generated_Code/IntI2cLdd1.o
 .debug_macro   0x00021f47      0x4e4 ./Generated_Code/IntI2cLdd1.o
 .debug_macro   0x0002242b      0x270 ./Generated_Code/LEVER_DIR1.o
 .debug_macro   0x0002269b      0x270 ./Generated_Code/LEVER_DIR2.o
 .debug_macro   0x0002290b      0x222 ./Generated_Code/PE_LDD.o
 .debug_macro   0x00022b2d      0x270 ./Generated_Code/PUSH_BUTTON_REC.o
 .debug_macro   0x00022d9d      0x270 ./Generated_Code/PUSH_BUTTON_SEND.o
 .debug_macro   0x0002300d      0x27a ./Generated_Code/T_100ms.o
 .debug_macro   0x00023287      0x27a ./Generated_Code/T_500ms.o
 .debug_macro   0x00023501      0x2ac ./Generated_Code/Vectors.o

.debug_line     0x00000000     0x7bf4
 .debug_line    0x00000000      0x58e ./Sources/Events.o
 .debug_line    0x0000058e      0x55c ./Sources/main.o
 .debug_line    0x00000aea      0x3e1 ./Project_Settings/Startup_Code/startup.o
 .debug_line    0x00000ecb      0x699 ./Generated_Code/AS1.o
 .debug_line    0x00001564      0x39b ./Generated_Code/ASerialLdd1.o
 .debug_line    0x000018ff      0x2e3 ./Generated_Code/BitIoLdd1.o
 .debug_line    0x00001be2      0x2e3 ./Generated_Code/BitIoLdd2.o
 .debug_line    0x00001ec5      0x2e3 ./Generated_Code/BitIoLdd3.o
 .debug_line    0x000021a8      0x2d1 ./Generated_Code/BitIoLdd4.o
 .debug_line    0x00002479      0x2d1 ./Generated_Code/BitIoLdd5.o
 .debug_line    0x0000274a      0x776 ./Generated_Code/Cpu.o
 .debug_line    0x00002ec0      0x5ef ./Generated_Code/ENCODER.o
 .debug_line    0x000034af      0x501 ./Generated_Code/ENCODER_PUSH.o
 .debug_line    0x000039b0      0x2d3 ./Generated_Code/ExtIntLdd1.o
 .debug_line    0x00003c83      0x2d1 ./Generated_Code/ExtIntLdd2.o
 .debug_line    0x00003f54      0x2d1 ./Generated_Code/ExtIntLdd3.o
 .debug_line    0x00004225      0x2d7 ./Generated_Code/ExtIntLdd4.o
 .debug_line    0x000044fc      0x2d6 ./Generated_Code/ExtIntLdd5.o
 .debug_line    0x000047d2      0x5fd ./Generated_Code/I2C0.o
 .debug_line    0x00004dcf      0x431 ./Generated_Code/IntI2cLdd1.o
 .debug_line    0x00005200      0x4fd ./Generated_Code/LEVER_DIR1.o
 .debug_line    0x000056fd      0x4fd ./Generated_Code/LEVER_DIR2.o
 .debug_line    0x00005bfa      0x498 ./Generated_Code/PE_LDD.o
 .debug_line    0x00006092      0x507 ./Generated_Code/PUSH_BUTTON_REC.o
 .debug_line    0x00006599      0x509 ./Generated_Code/PUSH_BUTTON_SEND.o
 .debug_line    0x00006aa2      0x554 ./Generated_Code/T_100ms.o
 .debug_line    0x00006ff6      0x532 ./Generated_Code/T_500ms.o
 .debug_line    0x00007528      0x6cc ./Generated_Code/Vectors.o

.debug_str      0x00000000    0x76eb2
 .debug_str     0x00000000    0x60b76 ./Sources/Events.o
                              0x60cc0 (size before relaxing)
 .debug_str     0x00060b76     0x1f5f ./Sources/main.o
                              0x62b4c (size before relaxing)
 .debug_str     0x00062ad5     0x10be ./Project_Settings/Startup_Code/startup.o
                              0x4c40d (size before relaxing)
 .debug_str     0x00063b93      0x289 ./Generated_Code/AS1.o
                              0x60e32 (size before relaxing)
 .debug_str     0x00063e1c     0xebea ./Generated_Code/ASerialLdd1.o
                              0x60b07 (size before relaxing)
 .debug_str     0x00072a06       0xf8 ./Generated_Code/BitIoLdd1.o
                              0x5281d (size before relaxing)
 .debug_str     0x00072afe       0xb1 ./Generated_Code/BitIoLdd2.o
                              0x5281d (size before relaxing)
 .debug_str     0x00072baf       0xb1 ./Generated_Code/BitIoLdd3.o
                              0x5281d (size before relaxing)
 .debug_str     0x00072c60       0xa0 ./Generated_Code/BitIoLdd4.o
                              0x527eb (size before relaxing)
 .debug_str     0x00072d00       0xa0 ./Generated_Code/BitIoLdd5.o
                              0x527eb (size before relaxing)
 .debug_str     0x00072da0      0x250 ./Generated_Code/Cpu.o
                              0x60fa0 (size before relaxing)
 .debug_str     0x00072ff0      0x18a ./Generated_Code/ENCODER.o
                              0x60ec4 (size before relaxing)
 .debug_str     0x0007317a       0x38 ./Generated_Code/ENCODER_PUSH.o
                              0x60bb3 (size before relaxing)
 .debug_str     0x000731b2       0x87 ./Generated_Code/ExtIntLdd1.o
                              0x55d22 (size before relaxing)
 .debug_str     0x00073239       0x87 ./Generated_Code/ExtIntLdd2.o
                              0x55d1c (size before relaxing)
 .debug_str     0x000732c0       0x87 ./Generated_Code/ExtIntLdd3.o
                              0x55d1c (size before relaxing)
 .debug_str     0x00073347       0x87 ./Generated_Code/ExtIntLdd4.o
                              0x55d28 (size before relaxing)
 .debug_str     0x000733ce       0x87 ./Generated_Code/ExtIntLdd5.o
                              0x55d26 (size before relaxing)
 .debug_str     0x00073455     0x32da ./Generated_Code/I2C0.o
                              0x63f15 (size before relaxing)
 .debug_str     0x0007672f      0x2e5 ./Generated_Code/IntI2cLdd1.o
                              0x58aa6 (size before relaxing)
 .debug_str     0x00076a14       0x36 ./Generated_Code/LEVER_DIR1.o
                              0x60bb1 (size before relaxing)
 .debug_str     0x00076a4a       0x36 ./Generated_Code/LEVER_DIR2.o
                              0x60bb1 (size before relaxing)
 .debug_str     0x00076a80      0x17e ./Generated_Code/PE_LDD.o
                              0x60d38 (size before relaxing)
 .debug_str     0x00076bfe       0x3b ./Generated_Code/PUSH_BUTTON_REC.o
                              0x60bb6 (size before relaxing)
 .debug_str     0x00076c39       0x3c ./Generated_Code/PUSH_BUTTON_SEND.o
                              0x60bb7 (size before relaxing)
 .debug_str     0x00076c75      0x19b ./Generated_Code/T_100ms.o
                              0x60efc (size before relaxing)
 .debug_str     0x00076e10       0x86 ./Generated_Code/T_500ms.o
                              0x60ea9 (size before relaxing)
 .debug_str     0x00076e96       0x1c ./Generated_Code/Vectors.o
                              0x60bd0 (size before relaxing)

.comment        0x00000000       0x70
 .comment       0x00000000       0x70 ./Sources/Events.o
                                 0x71 (size before relaxing)
 .comment       0x00000000       0x71 ./Sources/main.o
 .comment       0x00000000       0x71 ./Project_Settings/Startup_Code/startup.o
 .comment       0x00000000       0x71 ./Generated_Code/AS1.o
 .comment       0x00000000       0x71 ./Generated_Code/ASerialLdd1.o
 .comment       0x00000000       0x71 ./Generated_Code/BitIoLdd1.o
 .comment       0x00000000       0x71 ./Generated_Code/BitIoLdd2.o
 .comment       0x00000000       0x71 ./Generated_Code/BitIoLdd3.o
 .comment       0x00000000       0x71 ./Generated_Code/BitIoLdd4.o
 .comment       0x00000000       0x71 ./Generated_Code/BitIoLdd5.o
 .comment       0x00000000       0x71 ./Generated_Code/Cpu.o
 .comment       0x00000000       0x71 ./Generated_Code/ENCODER.o
 .comment       0x00000000       0x71 ./Generated_Code/ENCODER_PUSH.o
 .comment       0x00000000       0x71 ./Generated_Code/ExtIntLdd1.o
 .comment       0x00000000       0x71 ./Generated_Code/ExtIntLdd2.o
 .comment       0x00000000       0x71 ./Generated_Code/ExtIntLdd3.o
 .comment       0x00000000       0x71 ./Generated_Code/ExtIntLdd4.o
 .comment       0x00000000       0x71 ./Generated_Code/ExtIntLdd5.o
 .comment       0x00000000       0x71 ./Generated_Code/I2C0.o
 .comment       0x00000000       0x71 ./Generated_Code/IntI2cLdd1.o
 .comment       0x00000000       0x71 ./Generated_Code/LEVER_DIR1.o
 .comment       0x00000000       0x71 ./Generated_Code/LEVER_DIR2.o
 .comment       0x00000000       0x71 ./Generated_Code/PE_LDD.o
 .comment       0x00000000       0x71 ./Generated_Code/PUSH_BUTTON_REC.o
 .comment       0x00000000       0x71 ./Generated_Code/PUSH_BUTTON_SEND.o
 .comment       0x00000000       0x71 ./Generated_Code/T_100ms.o
 .comment       0x00000000       0x71 ./Generated_Code/T_500ms.o
 .comment       0x00000000       0x71 ./Generated_Code/Vectors.o

.debug_frame    0x00000000     0x1108
 .debug_frame   0x00000000      0x188 ./Sources/Events.o
 .debug_frame   0x00000188       0x2c ./Sources/main.o
 .debug_frame   0x000001b4       0xc0 ./Project_Settings/Startup_Code/startup.o
 .debug_frame   0x00000274      0x130 ./Generated_Code/AS1.o
 .debug_frame   0x000003a4       0xec ./Generated_Code/ASerialLdd1.o
 .debug_frame   0x00000490       0xb8 ./Generated_Code/BitIoLdd1.o
 .debug_frame   0x00000548       0xb8 ./Generated_Code/BitIoLdd2.o
 .debug_frame   0x00000600       0xb8 ./Generated_Code/BitIoLdd3.o
 .debug_frame   0x000006b8       0x9c ./Generated_Code/BitIoLdd4.o
 .debug_frame   0x00000754       0x9c ./Generated_Code/BitIoLdd5.o
 .debug_frame   0x000007f0       0xc8 ./Generated_Code/Cpu.o
 .debug_frame   0x000008b8      0x110 ./Generated_Code/ENCODER.o
 .debug_frame   0x000009c8       0x30 ./Generated_Code/ENCODER_PUSH.o
 .debug_frame   0x000009f8       0x68 ./Generated_Code/ExtIntLdd1.o
 .debug_frame   0x00000a60       0x68 ./Generated_Code/ExtIntLdd2.o
 .debug_frame   0x00000ac8       0x68 ./Generated_Code/ExtIntLdd3.o
 .debug_frame   0x00000b30       0x68 ./Generated_Code/ExtIntLdd4.o
 .debug_frame   0x00000b98       0x68 ./Generated_Code/ExtIntLdd5.o
 .debug_frame   0x00000c00      0x160 ./Generated_Code/I2C0.o
 .debug_frame   0x00000d60      0x118 ./Generated_Code/IntI2cLdd1.o
 .debug_frame   0x00000e78       0x30 ./Generated_Code/LEVER_DIR1.o
 .debug_frame   0x00000ea8       0x30 ./Generated_Code/LEVER_DIR2.o
 .debug_frame   0x00000ed8       0x64 ./Generated_Code/PE_LDD.o
 .debug_frame   0x00000f3c       0x30 ./Generated_Code/PUSH_BUTTON_REC.o
 .debug_frame   0x00000f6c       0x30 ./Generated_Code/PUSH_BUTTON_SEND.o
 .debug_frame   0x00000f9c       0x88 ./Generated_Code/T_100ms.o
 .debug_frame   0x00001024       0x50 ./Generated_Code/T_500ms.o
 .debug_frame   0x00001074       0x28 c:/freescale/kds_v3/toolchain/bin/../lib/gcc/arm-none-eabi/4.8.4/../../../../arm-none-eabi/lib/armv7e-m\libg_s.a(lib_a-exit.o)
 .debug_frame   0x0000109c       0x2c c:/freescale/kds_v3/toolchain/bin/../lib/gcc/arm-none-eabi/4.8.4/../../../../arm-none-eabi/lib/armv7e-m\libg_s.a(lib_a-init.o)
 .debug_frame   0x000010c8       0x20 c:/freescale/kds_v3/toolchain/bin/../lib/gcc/arm-none-eabi/4.8.4/../../../../arm-none-eabi/lib/armv7e-m\libg_s.a(lib_a-memset.o)
 .debug_frame   0x000010e8       0x20 c:/freescale/kds_v3/toolchain/bin/../lib/gcc/arm-none-eabi/4.8.4/../../../../arm-none-eabi/lib/armv7e-m\libnosys.a(_exit.o)

.stabstr        0x00000000       0x76
 .stabstr       0x00000000       0x76 c:/freescale/kds_v3/toolchain/bin/../lib/gcc/arm-none-eabi/4.8.4/../../../../arm-none-eabi/lib/armv7e-m\libnosys.a(getpid.o)
