Archive member included because of file (symbol)

c:/freescale/kds_v3/toolchain/bin/../lib/gcc/arm-none-eabi/4.8.4/../../../../arm-none-eabi/lib/armv7e-m\libg_s.a(lib_a-exit.o)
                              c:/freescale/kds_v3/toolchain/bin/../lib/gcc/arm-none-eabi/4.8.4/../../../../arm-none-eabi/lib/armv7e-m/crt0.o (exit)
c:/freescale/kds_v3/toolchain/bin/../lib/gcc/arm-none-eabi/4.8.4/../../../../arm-none-eabi/lib/armv7e-m\libg_s.a(lib_a-impure.o)
                              c:/freescale/kds_v3/toolchain/bin/../lib/gcc/arm-none-eabi/4.8.4/../../../../arm-none-eabi/lib/armv7e-m\libg_s.a(lib_a-exit.o) (_global_impure_ptr)
c:/freescale/kds_v3/toolchain/bin/../lib/gcc/arm-none-eabi/4.8.4/../../../../arm-none-eabi/lib/armv7e-m\libg_s.a(lib_a-init.o)
                              c:/freescale/kds_v3/toolchain/bin/../lib/gcc/arm-none-eabi/4.8.4/../../../../arm-none-eabi/lib/armv7e-m/crt0.o (__libc_init_array)
c:/freescale/kds_v3/toolchain/bin/../lib/gcc/arm-none-eabi/4.8.4/../../../../arm-none-eabi/lib/armv7e-m\libg_s.a(lib_a-memset.o)
                              c:/freescale/kds_v3/toolchain/bin/../lib/gcc/arm-none-eabi/4.8.4/../../../../arm-none-eabi/lib/armv7e-m/crt0.o (memset)
c:/freescale/kds_v3/toolchain/bin/../lib/gcc/arm-none-eabi/4.8.4/../../../../arm-none-eabi/lib/armv7e-m\libnosys.a(_exit.o)
                              c:/freescale/kds_v3/toolchain/bin/../lib/gcc/arm-none-eabi/4.8.4/../../../../arm-none-eabi/lib/armv7e-m\libg_s.a(lib_a-exit.o) (_exit)

Allocating common symbols
Common symbol       size              file

LCD_SndRcvTemp      0x2               ./Generated_Code/LCD.o
i                   0x4               ./Sources/Events.o
IntI2cLdd1_DeviceDataPtr
                    0x4               ./Generated_Code/LCD.o
SR_reg              0x1               ./Generated_Code/Cpu.o

Discarded input sections

 .text          0x00000000        0x0 c:/freescale/kds_v3/toolchain/bin/../lib/gcc/arm-none-eabi/4.8.4/armv7e-m/crti.o
 .data          0x00000000        0x0 c:/freescale/kds_v3/toolchain/bin/../lib/gcc/arm-none-eabi/4.8.4/armv7e-m/crti.o
 .bss           0x00000000        0x0 c:/freescale/kds_v3/toolchain/bin/../lib/gcc/arm-none-eabi/4.8.4/armv7e-m/crti.o
 .data          0x00000000        0x4 c:/freescale/kds_v3/toolchain/bin/../lib/gcc/arm-none-eabi/4.8.4/armv7e-m/crtbegin.o
 .data          0x00000000        0x0 c:/freescale/kds_v3/toolchain/bin/../lib/gcc/arm-none-eabi/4.8.4/../../../../arm-none-eabi/lib/armv7e-m/crt0.o
 .bss           0x00000000        0x0 c:/freescale/kds_v3/toolchain/bin/../lib/gcc/arm-none-eabi/4.8.4/../../../../arm-none-eabi/lib/armv7e-m/crt0.o
 .ARM.extab     0x00000000        0x0 c:/freescale/kds_v3/toolchain/bin/../lib/gcc/arm-none-eabi/4.8.4/../../../../arm-none-eabi/lib/armv7e-m/crt0.o
 .group         0x00000000        0x8 ./Sources/Events.o
 .group         0x00000000        0x8 ./Sources/Events.o
 .group         0x00000000        0x8 ./Sources/Events.o
 .group         0x00000000        0x8 ./Sources/Events.o
 .group         0x00000000        0x8 ./Sources/Events.o
 .group         0x00000000        0x8 ./Sources/Events.o
 .group         0x00000000        0x8 ./Sources/Events.o
 .group         0x00000000        0x8 ./Sources/Events.o
 .group         0x00000000        0x8 ./Sources/Events.o
 .group         0x00000000        0x8 ./Sources/Events.o
 .group         0x00000000        0x8 ./Sources/Events.o
 .group         0x00000000        0x8 ./Sources/Events.o
 .group         0x00000000        0x8 ./Sources/Events.o
 .group         0x00000000        0x8 ./Sources/Events.o
 .group         0x00000000        0x8 ./Sources/Events.o
 .group         0x00000000        0x8 ./Sources/Events.o
 .group         0x00000000        0x8 ./Sources/Events.o
 .group         0x00000000        0x8 ./Sources/Events.o
 .group         0x00000000        0x8 ./Sources/Events.o
 .group         0x00000000        0x8 ./Sources/Events.o
 .group         0x00000000        0x8 ./Sources/Events.o
 .group         0x00000000        0x8 ./Sources/Events.o
 .group         0x00000000        0x8 ./Sources/Events.o
 .group         0x00000000        0x8 ./Sources/Events.o
 .group         0x00000000        0x8 ./Sources/Events.o
 .group         0x00000000        0x8 ./Sources/Events.o
 .group         0x00000000        0x8 ./Sources/Events.o
 .group         0x00000000        0x8 ./Sources/Events.o
 .group         0x00000000        0x8 ./Sources/Events.o
 .group         0x00000000        0x8 ./Sources/Events.o
 .group         0x00000000        0x8 ./Sources/Events.o
 .group         0x00000000        0x8 ./Sources/Events.o
 .group         0x00000000        0x8 ./Sources/Events.o
 .text          0x00000000        0x0 ./Sources/Events.o
 .data          0x00000000        0x0 ./Sources/Events.o
 .bss           0x00000000        0x0 ./Sources/Events.o
 COMMON         0x00000000        0x4 ./Sources/Events.o
 .group         0x00000000        0x8 ./Sources/display.o
[...]
Memory Configuration

Name             Origin             Length             Attributes
m_interrupts     0x00000000         0x000001bc         xr
m_text           0x00000410         0x0003fbf0         xr
m_data           0x1fff8000         0x00008000         rw
m_data_20000000  0x20000000         0x00008000         rw
m_cfmprotrom     0x00000400         0x00000010         xr
*default*        0x00000000         0xffffffff

Linker script and memory map

LOAD c:/freescale/kds_v3/toolchain/bin/../lib/gcc/arm-none-eabi/4.8.4/armv7e-m/crti.o
LOAD c:/freescale/kds_v3/toolchain/bin/../lib/gcc/arm-none-eabi/4.8.4/armv7e-m/crtbegin.o
LOAD c:/freescale/kds_v3/toolchain/bin/../lib/gcc/arm-none-eabi/4.8.4/../../../../arm-none-eabi/lib/armv7e-m/crt0.o
LOAD ./Sources/Events.o
LOAD ./Sources/display.o
LOAD ./Sources/main.o
LOAD ./Project_Settings/Startup_Code/startup.o
LOAD ./Generated_Code/BitIoLdd1.o
LOAD ./Generated_Code/BitIoLdd2.o
LOAD ./Generated_Code/BitIoLdd3.o
LOAD ./Generated_Code/BitIoLdd4.o
LOAD ./Generated_Code/BitIoLdd5.o
LOAD ./Generated_Code/Cpu.o
LOAD ./Generated_Code/DIRECTION_1.o
LOAD ./Generated_Code/DIRECTION_2.o
LOAD ./Generated_Code/ENCODER.o
LOAD ./Generated_Code/ENCODER_PUSH.o
LOAD ./Generated_Code/ExtIntLdd1.o
LOAD ./Generated_Code/ExtIntLdd2.o
LOAD ./Generated_Code/ExtIntLdd3.o
LOAD ./Generated_Code/ExtIntLdd4.o
LOAD ./Generated_Code/ExtIntLdd5.o
LOAD ./Generated_Code/IntI2cLdd1.o
LOAD ./Generated_Code/LCD.o
LOAD ./Generated_Code/LED_DEBUG.o
LOAD ./Generated_Code/LED_STATUS_1.o
LOAD ./Generated_Code/LED_STATUS_2.o
LOAD ./Generated_Code/LED_STATUS_3.o
LOAD ./Generated_Code/LED_STATUS_4.o
LOAD ./Generated_Code/PE_LDD.o
LOAD ./Generated_Code/PUSH_BUTTON_REC.o
LOAD ./Generated_Code/PUSH_BUTTON_SEND.o
LOAD ./Generated_Code/T_100ms.o
LOAD ./Generated_Code/T_500ms.o
LOAD ./Generated_Code/Vectors.o
LOAD c:/freescale/kds_v3/toolchain/bin/../lib/gcc/arm-none-eabi/4.8.4/../../../../arm-none-eabi/lib/armv7e-m\libstdc++_s.a
LOAD c:/freescale/kds_v3/toolchain/bin/../lib/gcc/arm-none-eabi/4.8.4/../../../../arm-none-eabi/lib/armv7e-m\libm.a
START GROUP
LOAD c:/freescale/kds_v3/toolchain/bin/../lib/gcc/arm-none-eabi/4.8.4/armv7e-m\libgcc.a
LOAD c:/freescale/kds_v3/toolchain/bin/../lib/gcc/arm-none-eabi/4.8.4/../../../../arm-none-eabi/lib/armv7e-m\libg_s.a
LOAD c:/freescale/kds_v3/toolchain/bin/../lib/gcc/arm-none-eabi/4.8.4/../../../../arm-none-eabi/lib/armv7e-m\libc_s.a
END GROUP
START GROUP
LOAD c:/freescale/kds_v3/toolchain/bin/../lib/gcc/arm-none-eabi/4.8.4/armv7e-m\libgcc.a
LOAD c:/freescale/kds_v3/toolchain/bin/../lib/gcc/arm-none-eabi/4.8.4/../../../../arm-none-eabi/lib/armv7e-m\libc_s.a
LOAD c:/freescale/kds_v3/toolchain/bin/../lib/gcc/arm-none-eabi/4.8.4/../../../../arm-none-eabi/lib/armv7e-m\libnosys.a
END GROUP
START GROUP
LOAD c:/freescale/kds_v3/toolchain/bin/../lib/gcc/arm-none-eabi/4.8.4/armv7e-m\libgcc.a
LOAD c:/freescale/kds_v3/toolchain/bin/../lib/gcc/arm-none-eabi/4.8.4/../../../../arm-none-eabi/lib/armv7e-m\libc_s.a
LOAD c:/freescale/kds_v3/toolchain/bin/../lib/gcc/arm-none-eabi/4.8.4/../../../../arm-none-eabi/lib/armv7e-m\libnosys.a
END GROUP
LOAD c:/freescale/kds_v3/toolchain/bin/../lib/gcc/arm-none-eabi/4.8.4/armv7e-m/crtend.o
LOAD c:/freescale/kds_v3/toolchain/bin/../lib/gcc/arm-none-eabi/4.8.4/armv7e-m/crtn.o
                0x20000000                _estack = 0x20000000
                0x20000000                __SP_INIT = _estack
                0x20000000                __stack = _estack
                0x00000000                __heap_size = 0x0
                0x00000400                __stack_size = 0x400

.interrupts     0x00000000      0x1bc
                0x00000000                __vector_table = .
                0x00000000                . = ALIGN (0x4)
 *(.vectortable)
 .vectortable   0x00000000      0x1bc ./Generated_Code/Vectors.o
                0x00000000                __vect_table
                0x000001bc                . = ALIGN (0x4)

.cfmprotect     0x00000400       0x10
                0x00000400                . = ALIGN (0x4)
 *(.cfmconfig)
 .cfmconfig     0x00000400       0x10 ./Generated_Code/Cpu.o
                0x00000400                _cfm
                0x00000410                . = ALIGN (0x4)

.text           0x00000410     0x17a4
                0x00000410                . = ALIGN (0x4)
 *(.text)
 .text          0x00000410       0x54 c:/freescale/kds_v3/toolchain/bin/../lib/gcc/arm-none-eabi/4.8.4/armv7e-m/crtbegin.o
 .text          0x00000464       0x74 c:/freescale/kds_v3/toolchain/bin/../lib/gcc/arm-none-eabi/4.8.4/../../../../arm-none-eabi/lib/armv7e-m/crt0.o
                0x00000464                _start
                0x00000464                _mainCRTStartup
 *(.text*)
 .text.Cpu_OnNMIINT
                0x000004d8        0xc ./Sources/Events.o
                0x000004d8                Cpu_OnNMIINT
 .text.T_500ms_OnCounterRestart
                0x000004e4       0x1c ./Sources/Events.o
                0x000004e4                T_500ms_OnCounterRestart
 .text.T_100ms_OnCounterRestart
                0x00000500       0x44 ./Sources/Events.o
                0x00000500                T_100ms_OnCounterRestart
 .text.ENCODER_OnPortEvent
                0x00000544       0x48 ./Sources/Events.o
                0x00000544                ENCODER_OnPortEvent
 .text.ENCODER_PUSH_OnInterrupt
                0x0000058c       0x7c ./Sources/Events.o
                0x0000058c                ENCODER_PUSH_OnInterrupt
 .text.DIRECTION_1_OnInterrupt
                0x00000608       0x14 ./Sources/Events.o
                0x00000608                DIRECTION_1_OnInterrupt
 .text.DIRECTION_2_OnInterrupt
                0x0000061c       0x14 ./Sources/Events.o
                0x0000061c                DIRECTION_2_OnInterrupt
 .text.LCD_OnReceiveData
                0x00000630       0x3c ./Sources/Events.o
                0x00000630                LCD_OnReceiveData
 .text.LCD_OnTransmitData
                0x0000066c       0x3c ./Sources/Events.o
                0x0000066c                LCD_OnTransmitData
 .text.PUSH_BUTTON_SEND_OnInterrupt
                0x000006a8       0x14 ./Sources/Events.o
                0x000006a8                PUSH_BUTTON_SEND_OnInterrupt
 .text.PUSH_BUTTON_REC_OnInterrupt
                0x000006bc       0x14 ./Sources/Events.o
                0x000006bc                PUSH_BUTTON_REC_OnInterrupt
 .text.main     0x000006d0        0xc ./Sources/main.o
                0x000006d0                main
 .text.__copy_rom_section
                0x000006dc       0xe4 ./Project_Settings/Startup_Code/startup.o
                0x000006dc                __copy_rom_section
 .text.__copy_rom_sections_to_ram
                0x000007c0       0x9c ./Project_Settings/Startup_Code/startup.o
                0x000007c0                __copy_rom_sections_to_ram
 .text.__init_registers
                0x0000085c        0xc ./Project_Settings/Startup_Code/startup.o
                0x0000085c                __init_registers
 .text.__init_user
                0x00000868        0xc ./Project_Settings/Startup_Code/startup.o
                0x00000868                __init_user
 .text.__thumb_startup
                0x00000874       0x34 ./Project_Settings/Startup_Code/startup.o
                0x00000874                __thumb_startup
 .text.BitIoLdd1_Init
                0x000008a8       0x64 ./Generated_Code/BitIoLdd1.o
                0x000008a8                BitIoLdd1_Init
 .text.BitIoLdd1_NegVal
                0x0000090c       0x1c ./Generated_Code/BitIoLdd1.o
                0x0000090c                BitIoLdd1_NegVal
 .text.BitIoLdd2_Init
                0x00000928       0x64 ./Generated_Code/BitIoLdd2.o
                0x00000928                BitIoLdd2_Init
 .text.BitIoLdd2_PutVal
                0x0000098c       0x30 ./Generated_Code/BitIoLdd2.o
                0x0000098c                BitIoLdd2_PutVal
 .text.BitIoLdd2_NegVal
                0x000009bc       0x1c ./Generated_Code/BitIoLdd2.o
                0x000009bc                BitIoLdd2_NegVal
 .text.BitIoLdd3_Init
                0x000009d8       0x64 ./Generated_Code/BitIoLdd3.o
                0x000009d8                BitIoLdd3_Init
 .text.BitIoLdd3_PutVal
                0x00000a3c       0x30 ./Generated_Code/BitIoLdd3.o
                0x00000a3c                BitIoLdd3_PutVal
 .text.BitIoLdd3_NegVal
                0x00000a6c       0x1c ./Generated_Code/BitIoLdd3.o
                0x00000a6c                BitIoLdd3_NegVal
 .text.BitIoLdd4_Init
                0x00000a88       0x64 ./Generated_Code/BitIoLdd4.o
                0x00000a88                BitIoLdd4_Init
 .text.BitIoLdd4_PutVal
                0x00000aec       0x30 ./Generated_Code/BitIoLdd4.o
                0x00000aec                BitIoLdd4_PutVal
 .text.BitIoLdd5_Init
                0x00000b1c       0x64 ./Generated_Code/BitIoLdd5.o
                0x00000b1c                BitIoLdd5_Init
 .text.BitIoLdd5_PutVal
                0x00000b80       0x30 ./Generated_Code/BitIoLdd5.o
                0x00000b80                BitIoLdd5_PutVal
 .text.Cpu_ivINT_PORTC
                0x00000bb0       0x30 ./Generated_Code/Cpu.o
                0x00000bb0                Cpu_ivINT_PORTC
 .text.Cpu_INT_NMIInterrupt
                0x00000be0       0x1c ./Generated_Code/Cpu.o
                0x00000be0                Cpu_INT_NMIInterrupt
 .text.Cpu_Interrupt
                0x00000bfc       0x18 ./Generated_Code/Cpu.o
                0x00000bfc                Cpu_Interrupt
 .text.__init_hardware
                0x00000c14      0x140 ./Generated_Code/Cpu.o
                0x00000c14                __init_hardware
 .text.Cpu_SetBASEPRI
                0x00000d54       0x18 ./Generated_Code/Cpu.o
                0x00000d54                Cpu_SetBASEPRI
 .text.PE_low_level_init
                0x00000d6c      0x108 ./Generated_Code/Cpu.o
                0x00000d6c                PE_low_level_init
 .text.ExtIntLdd2_OnInterrupt
                0x00000e74       0x14 ./Generated_Code/DIRECTION_1.o
                0x00000e74                ExtIntLdd2_OnInterrupt
 .text.ExtIntLdd3_OnInterrupt
                0x00000e88       0x14 ./Generated_Code/DIRECTION_2.o
                0x00000e88                ExtIntLdd3_OnInterrupt
 .text.ENCODER_Init
                0x00000e9c       0xb0 ./Generated_Code/ENCODER.o
                0x00000e9c                ENCODER_Init
 .text.ENCODER_GetFieldValue
                0x00000f4c       0x40 ./Generated_Code/ENCODER.o
                0x00000f4c                ENCODER_GetFieldValue
 .text.ENCODER_Interrupt
                0x00000f8c       0x4c ./Generated_Code/ENCODER.o
                0x00000f8c                ENCODER_Interrupt
 .text.ExtIntLdd1_OnInterrupt
                0x00000fd8       0x14 ./Generated_Code/ENCODER_PUSH.o
                0x00000fd8                ExtIntLdd1_OnInterrupt
 .text.ExtIntLdd1_Init
                0x00000fec       0x80 ./Generated_Code/ExtIntLdd1.o
                0x00000fec                ExtIntLdd1_Init
 .text.ExtIntLdd1_Interrupt
                0x0000106c       0x3c ./Generated_Code/ExtIntLdd1.o
                0x0000106c                ExtIntLdd1_Interrupt
 .text.ExtIntLdd1_GetVal
                0x000010a8       0x2c ./Generated_Code/ExtIntLdd1.o
                0x000010a8                ExtIntLdd1_GetVal
 .text.ExtIntLdd2_Init
                0x000010d4       0x80 ./Generated_Code/ExtIntLdd2.o
                0x000010d4                ExtIntLdd2_Init
 .text.ExtIntLdd2_Interrupt
                0x00001154       0x3c ./Generated_Code/ExtIntLdd2.o
                0x00001154                ExtIntLdd2_Interrupt
 .text.ExtIntLdd2_GetVal
                0x00001190       0x2c ./Generated_Code/ExtIntLdd2.o
                0x00001190                ExtIntLdd2_GetVal
 .text.ExtIntLdd3_Init
                0x000011bc       0x80 ./Generated_Code/ExtIntLdd3.o
                0x000011bc                ExtIntLdd3_Init
 .text.ExtIntLdd3_Interrupt
                0x0000123c       0x3c ./Generated_Code/ExtIntLdd3.o
                0x0000123c                ExtIntLdd3_Interrupt
 .text.ExtIntLdd3_GetVal
                0x00001278       0x2c ./Generated_Code/ExtIntLdd3.o
                0x00001278                ExtIntLdd3_GetVal
 .text.ExtIntLdd4_Init
                0x000012a4       0x7c ./Generated_Code/ExtIntLdd4.o
                0x000012a4                ExtIntLdd4_Init
 .text.ExtIntLdd4_Interrupt
                0x00001320       0x3c ./Generated_Code/ExtIntLdd4.o
                0x00001320                ExtIntLdd4_Interrupt
 .text.ExtIntLdd5_Init
                0x0000135c       0x7c ./Generated_Code/ExtIntLdd5.o
                0x0000135c                ExtIntLdd5_Init
 .text.ExtIntLdd5_Interrupt
                0x000013d8       0x3c ./Generated_Code/ExtIntLdd5.o
                0x000013d8                ExtIntLdd5_Interrupt
 .text.IntI2cLdd1_Interrupt
                0x00001414      0x2a4 ./Generated_Code/IntI2cLdd1.o
                0x00001414                IntI2cLdd1_Interrupt
 .text.IntI2cLdd1_Init
                0x000016b8      0x138 ./Generated_Code/IntI2cLdd1.o
                0x000016b8                IntI2cLdd1_Init
 .text.LCD_Init
                0x000017f0       0x20 ./Generated_Code/LCD.o
                0x000017f0                LCD_Init
 .text.IntI2cLdd1_OnMasterBlockSent
                0x00001810       0x14 ./Generated_Code/LCD.o
                0x00001810                IntI2cLdd1_OnMasterBlockSent
 .text.IntI2cLdd1_OnMasterBlockReceived
                0x00001824       0x14 ./Generated_Code/LCD.o
                0x00001824                IntI2cLdd1_OnMasterBlockReceived
 .text.ExtIntLdd5_OnInterrupt
                0x00001838       0x14 ./Generated_Code/PUSH_BUTTON_REC.o
                0x00001838                ExtIntLdd5_OnInterrupt
 .text.ExtIntLdd4_OnInterrupt
                0x0000184c       0x14 ./Generated_Code/PUSH_BUTTON_SEND.o
                0x0000184c                ExtIntLdd4_OnInterrupt
 .text.T_100ms_Init
                0x00001860       0xb0 ./Generated_Code/T_100ms.o
                0x00001860                T_100ms_Init
 .text.T_100ms_Enable
                0x00001910       0x30 ./Generated_Code/T_100ms.o
                0x00001910                T_100ms_Enable
 .text.T_100ms_Disable
                0x00001940       0x28 ./Generated_Code/T_100ms.o
                0x00001940                T_100ms_Disable
 .text.T_100ms_Interrupt
                0x00001968       0x6c ./Generated_Code/T_100ms.o
                0x00001968                T_100ms_Interrupt
 .text.T_500ms_Init
                0x000019d4       0xcc ./Generated_Code/T_500ms.o
                0x000019d4                T_500ms_Init
 .text.T_500ms_Interrupt
                0x00001aa0       0x6c ./Generated_Code/T_500ms.o
                0x00001aa0                T_500ms_Interrupt
 .text.exit     0x00001b0c       0x28 c:/freescale/kds_v3/toolchain/bin/../lib/gcc/arm-none-eabi/4.8.4/../../../../arm-none-eabi/lib/armv7e-m\libg_s.a(lib_a-exit.o)
                0x00001b0c                exit
 .text.__libc_init_array
                0x00001b34       0x4c c:/freescale/kds_v3/toolchain/bin/../lib/gcc/arm-none-eabi/4.8.4/../../../../arm-none-eabi/lib/armv7e-m\libg_s.a(lib_a-init.o)
                0x00001b34                __libc_init_array
 .text.memset   0x00001b80       0x10 c:/freescale/kds_v3/toolchain/bin/../lib/gcc/arm-none-eabi/4.8.4/../../../../arm-none-eabi/lib/armv7e-m\libg_s.a(lib_a-memset.o)
                0x00001b80                memset
 .text._exit    0x00001b90        0x4 c:/freescale/kds_v3/toolchain/bin/../lib/gcc/arm-none-eabi/4.8.4/../../../../arm-none-eabi/lib/armv7e-m\libnosys.a(_exit.o)
                0x00001b90                _exit
 *(.rodata)
 *(.rodata*)
 .rodata.str1.1
                0x00001b94        0x2 c:/freescale/kds_v3/toolchain/bin/../lib/gcc/arm-none-eabi/4.8.4/../../../../arm-none-eabi/lib/armv7e-m\libg_s.a(lib_a-impure.o)
 *fill*         0x00001b96        0x2 
 .rodata._global_impure_ptr
                0x00001b98        0x4 c:/freescale/kds_v3/toolchain/bin/../lib/gcc/arm-none-eabi/4.8.4/../../../../arm-none-eabi/lib/armv7e-m\libg_s.a(lib_a-impure.o)
                0x00001b98                _global_impure_ptr
 *(.glue_7)
 .glue_7        0x00000000        0x0 linker stubs
 *(.glue_7t)
 .glue_7t       0x00000000        0x0 linker stubs
 *(.eh_frame)
 .eh_frame      0x00001b9c        0x0 c:/freescale/kds_v3/toolchain/bin/../lib/gcc/arm-none-eabi/4.8.4/armv7e-m/crtbegin.o
 *(.init)
 .init          0x00001b9c        0x4 c:/freescale/kds_v3/toolchain/bin/../lib/gcc/arm-none-eabi/4.8.4/armv7e-m/crti.o
                0x00001b9c                _init
 .init          0x00001ba0        0x8 c:/freescale/kds_v3/toolchain/bin/../lib/gcc/arm-none-eabi/4.8.4/armv7e-m/crtn.o
 *(.fini)
 .fini          0x00001ba8        0x4 c:/freescale/kds_v3/toolchain/bin/../lib/gcc/arm-none-eabi/4.8.4/armv7e-m/crti.o
                0x00001ba8                _fini
 .fini          0x00001bac        0x8 c:/freescale/kds_v3/toolchain/bin/../lib/gcc/arm-none-eabi/4.8.4/armv7e-m/crtn.o
                0x00001bb4                . = ALIGN (0x4)
                0x00001bb4                _etext = .

.vfp11_veneer   0x00001bb4        0x0
 .vfp11_veneer  0x00000000        0x0 linker stubs

.v4_bx          0x00001bb4        0x0
 .v4_bx         0x00000000        0x0 linker stubs

.iplt           0x00001bb4        0x0
 .iplt          0x00000000        0x0 c:/freescale/kds_v3/toolchain/bin/../lib/gcc/arm-none-eabi/4.8.4/armv7e-m/crtbegin.o

.ARM.extab
 *(.ARM.extab* .gnu.linkonce.armextab.*)

.ARM            0x00001bb4        0x8
                0x00001bb4                __exidx_start = .
 *(.ARM.exidx*)
 .ARM.exidx     0x00001bb4        0x8 c:/freescale/kds_v3/toolchain/bin/../lib/gcc/arm-none-eabi/4.8.4/../../../../arm-none-eabi/lib/armv7e-m/crt0.o
                0x00001bbc                __exidx_end = .

.rel.dyn        0x00001bbc        0x0
 .rel.iplt      0x00000000        0x0 c:/freescale/kds_v3/toolchain/bin/../lib/gcc/arm-none-eabi/4.8.4/armv7e-m/crtbegin.o

.ctors          0x00001bbc        0x0
                0x00001bbc                __CTOR_LIST__ = .
 *crtbegin.o(.ctors)
 *(EXCLUDE_FILE(*crtend.o) .ctors)
 *(SORT(.ctors.*))
 *(.ctors)
                0x00001bbc                __CTOR_END__ = .

.dtors          0x00001bbc        0x0
                0x00001bbc                __DTOR_LIST__ = .
 *crtbegin.o(.dtors)
 *(EXCLUDE_FILE(*crtend.o) .dtors)
 *(SORT(.dtors.*))
 *(.dtors)
                0x00001bbc                __DTOR_END__ = .

.preinit_array  0x00001bbc        0x0
                0x00001bbc                PROVIDE (__preinit_array_start, .)
 *(.preinit_array*)
                0x00001bbc                PROVIDE (__preinit_array_end, .)

.init_array     0x00001bbc        0x4
                0x00001bbc                PROVIDE (__init_array_start, .)
 *(SORT(.init_array.*))
 *(.init_array*)
 .init_array    0x00001bbc        0x4 c:/freescale/kds_v3/toolchain/bin/../lib/gcc/arm-none-eabi/4.8.4/armv7e-m/crtbegin.o
                0x00001bc0                PROVIDE (__init_array_end, .)

.fini_array     0x00001bc0        0x4
                0x00001bc0                PROVIDE (__fini_array_start, .)
 *(SORT(.fini_array.*))
 *(.fini_array*)
 .fini_array    0x00001bc0        0x4 c:/freescale/kds_v3/toolchain/bin/../lib/gcc/arm-none-eabi/4.8.4/armv7e-m/crtbegin.o
                0x00001bc4                PROVIDE (__fini_array_end, .)
                0x00001bc4                ___ROM_AT = .

.data           0x1fff8000       0x64 load address 0x00001bc4
                0x1fff8000                . = ALIGN (0x4)
                0x1fff8000                _sdata = .
 *(.data)
 *(.data*)
 .data.encoder  0x1fff8000        0x4 ./Sources/Events.o
                0x1fff8000                encoder
 .data.impure_data
                0x1fff8004       0x60 c:/freescale/kds_v3/toolchain/bin/../lib/gcc/arm-none-eabi/4.8.4/../../../../arm-none-eabi/lib/armv7e-m\libg_s.a(lib_a-impure.o)
                0x1fff8064                . = ALIGN (0x4)
                0x1fff8064                _edata = .
                0x00000064                ___data_size = (_edata - _sdata)
                0x00001c28                ___m_data_20000000_ROMStart = (___ROM_AT + SIZEOF (.data))

.jcr            0x1fff8064        0x0 load address 0x00001c28
 .jcr           0x1fff8064        0x0 c:/freescale/kds_v3/toolchain/bin/../lib/gcc/arm-none-eabi/4.8.4/armv7e-m/crtbegin.o

.igot.plt       0x1fff8064        0x0 load address 0x00001c28
 .igot.plt      0x00000000        0x0 c:/freescale/kds_v3/toolchain/bin/../lib/gcc/arm-none-eabi/4.8.4/armv7e-m/crtbegin.o

.m_data_20000000
                0x20000000        0x0 load address 0x00001c28
                0x20000000                . = ALIGN (0x4)
                0x20000000                ___m_data_20000000_RAMStart = .
 *(.m_data_20000000)
                0x20000000                ___m_data_20000000_RAMEnd = .
                0x20000000                . = ALIGN (0x4)
                0x00000000                ___m_data_20000000_ROMSize = (___m_data_20000000_RAMEnd - ___m_data_20000000_RAMStart)
                0x20000000                . = ALIGN (0x4)

.bss            0x1fff8064       0xe8 load address 0x00001c28
                0x1fff8064                __START_BSS = .
                0x1fff8064                PROVIDE (__bss_start__, __START_BSS)
 *(.bss)
 .bss           0x1fff8064       0x1c c:/freescale/kds_v3/toolchain/bin/../lib/gcc/arm-none-eabi/4.8.4/armv7e-m/crtbegin.o
 *(.bss*)
 .bss.FLAG_PUSH_SHORT
                0x1fff8080        0x1 ./Sources/Events.o
                0x1fff8080                FLAG_PUSH_SHORT
 .bss.FLAG_PUSH_LONG
                0x1fff8081        0x1 ./Sources/Events.o
                0x1fff8081                FLAG_PUSH_LONG
 .bss.counter_100ms
                0x1fff8082        0x2 ./Sources/Events.o
                0x1fff8082                counter_100ms
 .bss.DeviceDataPrv__DEFAULT_RTOS_ALLOC
                0x1fff8084        0x4 ./Generated_Code/BitIoLdd1.o
 .bss.DeviceDataPrv__DEFAULT_RTOS_ALLOC
                0x1fff8088        0x4 ./Generated_Code/BitIoLdd2.o
 .bss.DeviceDataPrv__DEFAULT_RTOS_ALLOC
                0x1fff808c        0x4 ./Generated_Code/BitIoLdd3.o
 .bss.DeviceDataPrv__DEFAULT_RTOS_ALLOC
                0x1fff8090        0x4 ./Generated_Code/BitIoLdd4.o
 .bss.DeviceDataPrv__DEFAULT_RTOS_ALLOC
                0x1fff8094        0x4 ./Generated_Code/BitIoLdd5.o
 .bss.DeviceDataPrv__DEFAULT_RTOS_ALLOC
                0x1fff8098        0xc ./Generated_Code/ENCODER.o
 .bss.INT_PORTC__DEFAULT_RTOS_ISRPARAM
                0x1fff80a4        0x4 ./Generated_Code/ENCODER.o
 .bss.DeviceDataPrv__DEFAULT_RTOS_ALLOC
                0x1fff80a8        0x4 ./Generated_Code/ExtIntLdd1.o
 .bss.INT_PORTC__DEFAULT_RTOS_ISRPARAM
                0x1fff80ac        0x4 ./Generated_Code/ExtIntLdd1.o
 .bss.DeviceDataPrv__DEFAULT_RTOS_ALLOC
                0x1fff80b0        0x4 ./Generated_Code/ExtIntLdd2.o
 .bss.INT_PORTC__DEFAULT_RTOS_ISRPARAM
                0x1fff80b4        0x4 ./Generated_Code/ExtIntLdd2.o
 .bss.DeviceDataPrv__DEFAULT_RTOS_ALLOC
                0x1fff80b8        0x4 ./Generated_Code/ExtIntLdd3.o
 .bss.INT_PORTC__DEFAULT_RTOS_ISRPARAM
                0x1fff80bc        0x4 ./Generated_Code/ExtIntLdd3.o
 .bss.DeviceDataPrv__DEFAULT_RTOS_ALLOC
                0x1fff80c0        0x4 ./Generated_Code/ExtIntLdd4.o
 .bss.INT_PORTC__DEFAULT_RTOS_ISRPARAM
                0x1fff80c4        0x4 ./Generated_Code/ExtIntLdd4.o
 .bss.DeviceDataPrv__DEFAULT_RTOS_ALLOC
                0x1fff80c8        0x4 ./Generated_Code/ExtIntLdd5.o
 .bss.INT_PORTC__DEFAULT_RTOS_ISRPARAM
                0x1fff80cc        0x4 ./Generated_Code/ExtIntLdd5.o
 .bss.DeviceDataPrv__DEFAULT_RTOS_ALLOC
                0x1fff80d0       0x18 ./Generated_Code/IntI2cLdd1.o
 .bss.INT_I2C0__DEFAULT_RTOS_ISRPARAM
                0x1fff80e8        0x4 ./Generated_Code/IntI2cLdd1.o
 .bss.OutLenM   0x1fff80ec        0x2 ./Generated_Code/LCD.o
 *fill*         0x1fff80ee        0x2 
 .bss.PE_LDD_DeviceDataList
                0x1fff80f0       0x38 ./Generated_Code/PE_LDD.o
                0x1fff80f0                PE_LDD_DeviceDataList
 .bss.DeviceDataPrv__DEFAULT_RTOS_ALLOC
                0x1fff8128        0xc ./Generated_Code/T_100ms.o
 .bss.INT_FTM1__DEFAULT_RTOS_ISRPARAM
                0x1fff8134        0x4 ./Generated_Code/T_100ms.o
 .bss.DeviceDataPrv__DEFAULT_RTOS_ALLOC
                0x1fff8138        0x8 ./Generated_Code/T_500ms.o
 .bss.INT_FTM0__DEFAULT_RTOS_ISRPARAM
                0x1fff8140        0x4 ./Generated_Code/T_500ms.o
 *(COMMON)
 COMMON         0x1fff8144        0x8 ./Generated_Code/LCD.o
                0x1fff8144                LCD_SndRcvTemp
                0x1fff8148                IntI2cLdd1_DeviceDataPtr
                0x1fff814c                . = ALIGN (0x4)
                0x1fff814c                __END_BSS = .
                0x1fff814c                PROVIDE (__bss_end__, __END_BSS)
                0x00001c28                _romp_at = ((___ROM_AT + SIZEOF (.data)) + SIZEOF (.m_data_20000000))

.romp           0x1fff814c       0x24 load address 0x00001c28
                0x00001c28                __S_romp = _romp_at
                0x1fff814c        0x4 LONG 0x1bc4 ___ROM_AT
                0x1fff8150        0x4 LONG 0x1fff8000 _sdata
                0x1fff8154        0x4 LONG 0x64 ___data_size
                0x1fff8158        0x4 LONG 0x1c28 ___m_data_20000000_ROMStart
                0x1fff815c        0x4 LONG 0x20000000 ___m_data_20000000_RAMStart
                0x1fff8160        0x4 LONG 0x0 ___m_data_20000000_ROMSize
                0x1fff8164        0x4 LONG 0x0
                0x1fff8168        0x4 LONG 0x0
                0x1fff816c        0x4 LONG 0x0
                0x00040000                text_end = (ORIGIN (m_text) + 0x3fbf0)
                0x00001c4c                data_init_end = ((___m_data_20000000_ROMStart + SIZEOF (.m_data_20000000)) + SIZEOF (.romp))
                0x00000001                ASSERT ((data_init_end <= text_end), region m_text overflowed with text and data)

._user_heap_stack
                0x1fff8170      0x400 load address 0x00001c4c
                0x1fff8170                . = ALIGN (0x4)
                0x1fff8170                PROVIDE (end, .)
                0x1fff8170                PROVIDE (_end, .)
                0x1fff8170                PROVIDE (__end__, .)
                0x1fff8170                __heap_addr = .
                0x1fff8170                __HeapBase = .
                0x1fff8170                . = (. + __heap_size)
                0x1fff8170                __HeapLimit = .
                0x1fff8570                . = (. + __stack_size)
 *fill*         0x1fff8170      0x400 
                0x1fff8570                . = ALIGN (0x4)

.ARM.attributes
                0x00000000       0x2a
 *(.ARM.attributes)
 .ARM.attributes
                0x00000000       0x1e c:/freescale/kds_v3/toolchain/bin/../lib/gcc/arm-none-eabi/4.8.4/armv7e-m/crti.o
 .ARM.attributes
                0x0000001e       0x2e c:/freescale/kds_v3/toolchain/bin/../lib/gcc/arm-none-eabi/4.8.4/armv7e-m/crtbegin.o
 .ARM.attributes
                0x0000004c       0x1c c:/freescale/kds_v3/toolchain/bin/../lib/gcc/arm-none-eabi/4.8.4/../../../../arm-none-eabi/lib/armv7e-m/crt0.o
 .ARM.attributes
                0x00000068       0x33 ./Sources/Events.o
 .ARM.attributes
                0x0000009b       0x33 ./Sources/main.o
 .ARM.attributes
                0x000000ce       0x33 ./Project_Settings/Startup_Code/startup.o
 .ARM.attributes
                0x00000101       0x33 ./Generated_Code/BitIoLdd1.o
 .ARM.attributes
                0x00000134       0x33 ./Generated_Code/BitIoLdd2.o
 .ARM.attributes
                0x00000167       0x33 ./Generated_Code/BitIoLdd3.o
 .ARM.attributes
                0x0000019a       0x33 ./Generated_Code/BitIoLdd4.o
 .ARM.attributes
                0x000001cd       0x33 ./Generated_Code/BitIoLdd5.o
 .ARM.attributes
                0x00000200       0x33 ./Generated_Code/Cpu.o
 .ARM.attributes
                0x00000233       0x33 ./Generated_Code/DIRECTION_1.o
 .ARM.attributes
                0x00000266       0x33 ./Generated_Code/DIRECTION_2.o
 .ARM.attributes
                0x00000299       0x33 ./Generated_Code/ENCODER.o
 .ARM.attributes
                0x000002cc       0x33 ./Generated_Code/ENCODER_PUSH.o
 .ARM.attributes
                0x000002ff       0x33 ./Generated_Code/ExtIntLdd1.o
 .ARM.attributes
                0x00000332       0x33 ./Generated_Code/ExtIntLdd2.o
 .ARM.attributes
                0x00000365       0x33 ./Generated_Code/ExtIntLdd3.o
 .ARM.attributes
                0x00000398       0x33 ./Generated_Code/ExtIntLdd4.o
 .ARM.attributes
                0x000003cb       0x33 ./Generated_Code/ExtIntLdd5.o
 .ARM.attributes
                0x000003fe       0x33 ./Generated_Code/IntI2cLdd1.o
 .ARM.attributes
                0x00000431       0x33 ./Generated_Code/LCD.o
 .ARM.attributes
                0x00000464       0x33 ./Generated_Code/PE_LDD.o
 .ARM.attributes
                0x00000497       0x33 ./Generated_Code/PUSH_BUTTON_REC.o
 .ARM.attributes
                0x000004ca       0x33 ./Generated_Code/PUSH_BUTTON_SEND.o
 .ARM.attributes
                0x000004fd       0x33 ./Generated_Code/T_100ms.o
 .ARM.attributes
                0x00000530       0x33 ./Generated_Code/T_500ms.o
 .ARM.attributes
                0x00000563       0x33 ./Generated_Code/Vectors.o
 .ARM.attributes
                0x00000596       0x2e c:/freescale/kds_v3/toolchain/bin/../lib/gcc/arm-none-eabi/4.8.4/../../../../arm-none-eabi/lib/armv7e-m\libg_s.a(lib_a-exit.o)
 .ARM.attributes
                0x000005c4       0x2e c:/freescale/kds_v3/toolchain/bin/../lib/gcc/arm-none-eabi/4.8.4/../../../../arm-none-eabi/lib/armv7e-m\libg_s.a(lib_a-impure.o)
 .ARM.attributes
                0x000005f2       0x2e c:/freescale/kds_v3/toolchain/bin/../lib/gcc/arm-none-eabi/4.8.4/../../../../arm-none-eabi/lib/armv7e-m\libg_s.a(lib_a-init.o)
 .ARM.attributes
                0x00000620       0x2e c:/freescale/kds_v3/toolchain/bin/../lib/gcc/arm-none-eabi/4.8.4/../../../../arm-none-eabi/lib/armv7e-m\libg_s.a(lib_a-memset.o)
 .ARM.attributes
                0x0000064e       0x2e c:/freescale/kds_v3/toolchain/bin/../lib/gcc/arm-none-eabi/4.8.4/../../../../arm-none-eabi/lib/armv7e-m\libnosys.a(_exit.o)
 .ARM.attributes
                0x0000067c       0x1e c:/freescale/kds_v3/toolchain/bin/../lib/gcc/arm-none-eabi/4.8.4/armv7e-m/crtn.o
OUTPUT(varmo_lite.elf elf32-littlearm)

.debug_info     0x00000000     0x5bea
 .debug_info    0x00000000      0x22c ./Sources/Events.o
 .debug_info    0x0000022c       0x9a ./Sources/main.o
 .debug_info    0x000002c6      0x20a ./Project_Settings/Startup_Code/startup.o
 .debug_info    0x000004d0      0x377 ./Generated_Code/BitIoLdd1.o
 .debug_info    0x00000847      0x377 ./Generated_Code/BitIoLdd2.o
 .debug_info    0x00000bbe      0x377 ./Generated_Code/BitIoLdd3.o
 .debug_info    0x00000f35      0x351 ./Generated_Code/BitIoLdd4.o
 .debug_info    0x00001286      0x351 ./Generated_Code/BitIoLdd5.o
 .debug_info    0x000015d7      0xa7b ./Generated_Code/Cpu.o
 .debug_info    0x00002052       0xb2 ./Generated_Code/DIRECTION_1.o
 .debug_info    0x00002104       0xb2 ./Generated_Code/DIRECTION_2.o
 .debug_info    0x000021b6      0x647 ./Generated_Code/ENCODER.o
 .debug_info    0x000027fd       0xb2 ./Generated_Code/ENCODER_PUSH.o
 .debug_info    0x000028af      0x43c ./Generated_Code/ExtIntLdd1.o
 .debug_info    0x00002ceb      0x43c ./Generated_Code/ExtIntLdd2.o
 .debug_info    0x00003127      0x43c ./Generated_Code/ExtIntLdd3.o
 .debug_info    0x00003563      0x43c ./Generated_Code/ExtIntLdd4.o
 .debug_info    0x0000399f      0x43c ./Generated_Code/ExtIntLdd5.o
 .debug_info    0x00003ddb      0x8e8 ./Generated_Code/IntI2cLdd1.o
 .debug_info    0x000046c3      0x360 ./Generated_Code/LCD.o
 .debug_info    0x00004a23      0x251 ./Generated_Code/PE_LDD.o
 .debug_info    0x00004c74       0xb2 ./Generated_Code/PUSH_BUTTON_REC.o
 .debug_info    0x00004d26       0xb2 ./Generated_Code/PUSH_BUTTON_SEND.o
 .debug_info    0x00004dd8      0x6c8 ./Generated_Code/T_100ms.o
 .debug_info    0x000054a0      0x63b ./Generated_Code/T_500ms.o
 .debug_info    0x00005adb      0x10f ./Generated_Code/Vectors.o

.debug_abbrev   0x00000000     0x1c9e
 .debug_abbrev  0x00000000      0x10d ./Sources/Events.o
 .debug_abbrev  0x0000010d       0x47 ./Sources/main.o
 .debug_abbrev  0x00000154      0x11e ./Project_Settings/Startup_Code/startup.o
 .debug_abbrev  0x00000272      0x15f ./Generated_Code/BitIoLdd1.o
 .debug_abbrev  0x000003d1      0x15f ./Generated_Code/BitIoLdd2.o
 .debug_abbrev  0x00000530      0x15f ./Generated_Code/BitIoLdd3.o
 .debug_abbrev  0x0000068f      0x136 ./Generated_Code/BitIoLdd4.o
 .debug_abbrev  0x000007c5      0x136 ./Generated_Code/BitIoLdd5.o
 .debug_abbrev  0x000008fb      0x178 ./Generated_Code/Cpu.o
 .debug_abbrev  0x00000a73       0x68 ./Generated_Code/DIRECTION_1.o
 .debug_abbrev  0x00000adb       0x68 ./Generated_Code/DIRECTION_2.o
 .debug_abbrev  0x00000b43      0x1ba ./Generated_Code/ENCODER.o
 .debug_abbrev  0x00000cfd       0x68 ./Generated_Code/ENCODER_PUSH.o
 .debug_abbrev  0x00000d65      0x15d ./Generated_Code/ExtIntLdd1.o
 .debug_abbrev  0x00000ec2      0x15d ./Generated_Code/ExtIntLdd2.o
 .debug_abbrev  0x0000101f      0x15d ./Generated_Code/ExtIntLdd3.o
 .debug_abbrev  0x0000117c      0x15d ./Generated_Code/ExtIntLdd4.o
 .debug_abbrev  0x000012d9      0x15d ./Generated_Code/ExtIntLdd5.o
 .debug_abbrev  0x00001436      0x18b ./Generated_Code/IntI2cLdd1.o
 .debug_abbrev  0x000015c1      0x179 ./Generated_Code/LCD.o
 .debug_abbrev  0x0000173a      0x10d ./Generated_Code/PE_LDD.o
 .debug_abbrev  0x00001847       0x68 ./Generated_Code/PUSH_BUTTON_REC.o
 .debug_abbrev  0x000018af       0x68 ./Generated_Code/PUSH_BUTTON_SEND.o
 .debug_abbrev  0x00001917      0x179 ./Generated_Code/T_100ms.o
 .debug_abbrev  0x00001a90      0x16a ./Generated_Code/T_500ms.o
 .debug_abbrev  0x00001bfa       0xa4 ./Generated_Code/Vectors.o

.debug_aranges  0x00000000      0x5c8
 .debug_aranges
                0x00000000       0x70 ./Sources/Events.o
 .debug_aranges
                0x00000070       0x20 ./Sources/main.o
 .debug_aranges
                0x00000090       0x50 ./Project_Settings/Startup_Code/startup.o
 .debug_aranges
                0x000000e0       0x48 ./Generated_Code/BitIoLdd1.o
 .debug_aranges
                0x00000128       0x48 ./Generated_Code/BitIoLdd2.o
 .debug_aranges
                0x00000170       0x48 ./Generated_Code/BitIoLdd3.o
 .debug_aranges
                0x000001b8       0x40 ./Generated_Code/BitIoLdd4.o
 .debug_aranges
                0x000001f8       0x40 ./Generated_Code/BitIoLdd5.o
 .debug_aranges
                0x00000238       0x48 ./Generated_Code/Cpu.o
 .debug_aranges
                0x00000280       0x20 ./Generated_Code/DIRECTION_1.o
 .debug_aranges
                0x000002a0       0x20 ./Generated_Code/DIRECTION_2.o
 .debug_aranges
                0x000002c0       0x60 ./Generated_Code/ENCODER.o
 .debug_aranges
                0x00000320       0x20 ./Generated_Code/ENCODER_PUSH.o
 .debug_aranges
                0x00000340       0x30 ./Generated_Code/ExtIntLdd1.o
 .debug_aranges
                0x00000370       0x30 ./Generated_Code/ExtIntLdd2.o
 .debug_aranges
                0x000003a0       0x30 ./Generated_Code/ExtIntLdd3.o
 .debug_aranges
                0x000003d0       0x30 ./Generated_Code/ExtIntLdd4.o
 .debug_aranges
                0x00000400       0x30 ./Generated_Code/ExtIntLdd5.o
 .debug_aranges
                0x00000430       0x50 ./Generated_Code/IntI2cLdd1.o
 .debug_aranges
                0x00000480       0x60 ./Generated_Code/LCD.o
 .debug_aranges
                0x000004e0       0x30 ./Generated_Code/PE_LDD.o
 .debug_aranges
                0x00000510       0x20 ./Generated_Code/PUSH_BUTTON_REC.o
 .debug_aranges
                0x00000530       0x20 ./Generated_Code/PUSH_BUTTON_SEND.o
 .debug_aranges
                0x00000550       0x38 ./Generated_Code/T_100ms.o
 .debug_aranges
                0x00000588       0x28 ./Generated_Code/T_500ms.o
 .debug_aranges
                0x000005b0       0x18 ./Generated_Code/Vectors.o

.debug_ranges   0x00000000      0x420
 .debug_ranges  0x00000000       0x60 ./Sources/Events.o
 .debug_ranges  0x00000060       0x10 ./Sources/main.o
 .debug_ranges  0x00000070       0x40 ./Project_Settings/Startup_Code/startup.o
 .debug_ranges  0x000000b0       0x38 ./Generated_Code/BitIoLdd1.o
 .debug_ranges  0x000000e8       0x38 ./Generated_Code/BitIoLdd2.o
 .debug_ranges  0x00000120       0x38 ./Generated_Code/BitIoLdd3.o
 .debug_ranges  0x00000158       0x30 ./Generated_Code/BitIoLdd4.o
 .debug_ranges  0x00000188       0x30 ./Generated_Code/BitIoLdd5.o
 .debug_ranges  0x000001b8       0x38 ./Generated_Code/Cpu.o
 .debug_ranges  0x000001f0       0x10 ./Generated_Code/DIRECTION_1.o
 .debug_ranges  0x00000200       0x10 ./Generated_Code/DIRECTION_2.o
 .debug_ranges  0x00000210       0x50 ./Generated_Code/ENCODER.o
 .debug_ranges  0x00000260       0x10 ./Generated_Code/ENCODER_PUSH.o
 .debug_ranges  0x00000270       0x20 ./Generated_Code/ExtIntLdd1.o
 .debug_ranges  0x00000290       0x20 ./Generated_Code/ExtIntLdd2.o
 .debug_ranges  0x000002b0       0x20 ./Generated_Code/ExtIntLdd3.o
 .debug_ranges  0x000002d0       0x20 ./Generated_Code/ExtIntLdd4.o
 .debug_ranges  0x000002f0       0x20 ./Generated_Code/ExtIntLdd5.o
 .debug_ranges  0x00000310       0x40 ./Generated_Code/IntI2cLdd1.o
 .debug_ranges  0x00000350       0x50 ./Generated_Code/LCD.o
 .debug_ranges  0x000003a0       0x20 ./Generated_Code/PE_LDD.o
 .debug_ranges  0x000003c0       0x10 ./Generated_Code/PUSH_BUTTON_REC.o
 .debug_ranges  0x000003d0       0x10 ./Generated_Code/PUSH_BUTTON_SEND.o
 .debug_ranges  0x000003e0       0x28 ./Generated_Code/T_100ms.o
 .debug_ranges  0x00000408       0x18 ./Generated_Code/T_500ms.o

.debug_macro    0x00000000    0x21cda
 .debug_macro   0x00000000      0x235 ./Sources/Events.o
 .debug_macro   0x00000235      0x84a ./Sources/Events.o
 .debug_macro   0x00000a7f       0x16 ./Sources/Events.o
 .debug_macro   0x00000a95       0x44 ./Sources/Events.o
 .debug_macro   0x00000ad9      0x209 ./Sources/Events.o
 .debug_macro   0x00000ce2     0x180f ./Sources/Events.o
 .debug_macro   0x000024f1      0x14e ./Sources/Events.o
 .debug_macro   0x0000263f       0x6a ./Sources/Events.o
 .debug_macro   0x000026a9     0xd4f6 ./Sources/Events.o
 .debug_macro   0x0000fb9f       0x9a ./Sources/Events.o
 .debug_macro   0x0000fc39       0x94 ./Sources/Events.o
 .debug_macro   0x0000fccd      0x12c ./Sources/Events.o
 .debug_macro   0x0000fdf9       0x46 ./Sources/Events.o
 .debug_macro   0x0000fe3f       0x26 ./Sources/Events.o
 .debug_macro   0x0000fe65      0x6a6 ./Sources/Events.o
 .debug_macro   0x0001050b       0x51 ./Sources/Events.o
 .debug_macro   0x0001055c       0x4c ./Sources/Events.o
 .debug_macro   0x000105a8       0x26 ./Sources/Events.o
 .debug_macro   0x000105ce       0x4c ./Sources/Events.o
 .debug_macro   0x0001061a       0x26 ./Sources/Events.o
 .debug_macro   0x00010640       0x46 ./Sources/Events.o
 .debug_macro   0x00010686       0x1f ./Sources/Events.o
 .debug_macro   0x000106a5       0x46 ./Sources/Events.o
 .debug_macro   0x000106eb       0x1f ./Sources/Events.o
 .debug_macro   0x0001070a      0x4ea ./Sources/Events.o
 .debug_macro   0x00010bf4       0xa5 ./Sources/Events.o
 .debug_macro   0x00010c99       0x34 ./Sources/Events.o
 .debug_macro   0x00010ccd       0x34 ./Sources/Events.o
 .debug_macro   0x00010d01       0x34 ./Sources/Events.o
 .debug_macro   0x00010d35       0x67 ./Sources/Events.o
 .debug_macro   0x00010d9c       0x4a ./Sources/Events.o
 .debug_macro   0x00010de6       0x12 ./Sources/Events.o
 .debug_macro   0x00010df8       0x34 ./Sources/Events.o
 .debug_macro   0x00010e2c       0x34 ./Sources/Events.o
 .debug_macro   0x00010e60      0x235 ./Sources/main.o
 .debug_macro   0x00011095      0x121 ./Project_Settings/Startup_Code/startup.o
 .debug_macro   0x000111b6       0x58 ./Project_Settings/Startup_Code/startup.o
 .debug_macro   0x0001120e       0x35 ./Project_Settings/Startup_Code/startup.o
 .debug_macro   0x00011243       0xa3 ./Project_Settings/Startup_Code/startup.o
 .debug_macro   0x000112e6      0x166 ./Project_Settings/Startup_Code/startup.o
 .debug_macro   0x0001144c       0x4a ./Project_Settings/Startup_Code/startup.o
 .debug_macro   0x00011496       0x52 ./Project_Settings/Startup_Code/startup.o
 .debug_macro   0x000114e8       0x16 ./Project_Settings/Startup_Code/startup.o
 .debug_macro   0x000114fe       0x43 ./Project_Settings/Startup_Code/startup.o
 .debug_macro   0x00011541      0x180 ./Project_Settings/Startup_Code/startup.o
 .debug_macro   0x000116c1      0x2a6 ./Project_Settings/Startup_Code/startup.o
 .debug_macro   0x00011967       0x10 ./Project_Settings/Startup_Code/startup.o
 .debug_macro   0x00011977       0x35 ./Project_Settings/Startup_Code/startup.o
 .debug_macro   0x000119ac       0x16 ./Project_Settings/Startup_Code/startup.o
 .debug_macro   0x000119c2       0x22 ./Project_Settings/Startup_Code/startup.o
 .debug_macro   0x000119e4       0x10 ./Project_Settings/Startup_Code/startup.o
 .debug_macro   0x000119f4      0x20f ./Project_Settings/Startup_Code/startup.o
 .debug_macro   0x00011c03     0xd4ea ./Project_Settings/Startup_Code/startup.o
 .debug_macro   0x0001f0ed       0xa6 ./Generated_Code/BitIoLdd1.o
 .debug_macro   0x0001f193       0xa6 ./Generated_Code/BitIoLdd2.o
 .debug_macro   0x0001f239       0xa6 ./Generated_Code/BitIoLdd3.o
 .debug_macro   0x0001f2df       0x46 ./Generated_Code/BitIoLdd3.o
 .debug_macro   0x0001f325       0xa6 ./Generated_Code/BitIoLdd4.o
 .debug_macro   0x0001f3cb       0x40 ./Generated_Code/BitIoLdd4.o
 .debug_macro   0x0001f40b       0xa6 ./Generated_Code/BitIoLdd5.o
 .debug_macro   0x0001f4b1       0x40 ./Generated_Code/BitIoLdd5.o
 .debug_macro   0x0001f4f1      0x272 ./Generated_Code/Cpu.o
 .debug_macro   0x0001f763      0x22f ./Generated_Code/DIRECTION_1.o
 .debug_macro   0x0001f992      0x22f ./Generated_Code/DIRECTION_2.o
 .debug_macro   0x0001fbc1      0x233 ./Generated_Code/ENCODER.o
 .debug_macro   0x0001fdf4      0x22f ./Generated_Code/ENCODER_PUSH.o
 .debug_macro   0x00020023       0xbf ./Generated_Code/ExtIntLdd1.o
 .debug_macro   0x000200e2       0x2e ./Generated_Code/ExtIntLdd1.o
 .debug_macro   0x00020110       0xbf ./Generated_Code/ExtIntLdd2.o
 .debug_macro   0x000201cf       0x2e ./Generated_Code/ExtIntLdd2.o
 .debug_macro   0x000201fd       0xbf ./Generated_Code/ExtIntLdd3.o
 .debug_macro   0x000202bc       0x2e ./Generated_Code/ExtIntLdd3.o
 .debug_macro   0x000202ea       0xbf ./Generated_Code/ExtIntLdd4.o
 .debug_macro   0x000203a9       0x2e ./Generated_Code/ExtIntLdd4.o
 .debug_macro   0x000203d7       0xbf ./Generated_Code/ExtIntLdd5.o
 .debug_macro   0x00020496       0x2e ./Generated_Code/ExtIntLdd5.o
 .debug_macro   0x000204c4       0xfa ./Generated_Code/IntI2cLdd1.o
 .debug_macro   0x000205be       0x43 ./Generated_Code/IntI2cLdd1.o
 .debug_macro   0x00020601      0x4e4 ./Generated_Code/IntI2cLdd1.o
 .debug_macro   0x00020ae5      0x29c ./Generated_Code/IntI2cLdd1.o
 .debug_macro   0x00020d81      0x231 ./Generated_Code/LCD.o
 .debug_macro   0x00020fb2      0x1ef ./Generated_Code/PE_LDD.o
 .debug_macro   0x000211a1      0x22f ./Generated_Code/PUSH_BUTTON_REC.o
 .debug_macro   0x000213d0      0x22f ./Generated_Code/PUSH_BUTTON_SEND.o
 .debug_macro   0x000215ff      0x239 ./Generated_Code/T_100ms.o
 .debug_macro   0x00021838      0x239 ./Generated_Code/T_500ms.o
 .debug_macro   0x00021a71      0x269 ./Generated_Code/Vectors.o

.debug_line     0x00000000     0x6cee
 .debug_line    0x00000000      0x53a ./Sources/Events.o
 .debug_line    0x0000053a      0x469 ./Sources/main.o
 .debug_line    0x000009a3      0x3e1 ./Project_Settings/Startup_Code/startup.o
 .debug_line    0x00000d84      0x2e3 ./Generated_Code/BitIoLdd1.o
 .debug_line    0x00001067      0x2e3 ./Generated_Code/BitIoLdd2.o
 .debug_line    0x0000134a      0x2e3 ./Generated_Code/BitIoLdd3.o
 .debug_line    0x0000162d      0x2d1 ./Generated_Code/BitIoLdd4.o
 .debug_line    0x000018fe      0x2d1 ./Generated_Code/BitIoLdd5.o
 .debug_line    0x00001bcf      0x70e ./Generated_Code/Cpu.o
 .debug_line    0x000022dd      0x4c5 ./Generated_Code/DIRECTION_1.o
 .debug_line    0x000027a2      0x4c5 ./Generated_Code/DIRECTION_2.o
 .debug_line    0x00002c67      0x5b5 ./Generated_Code/ENCODER.o
 .debug_line    0x0000321c      0x4c7 ./Generated_Code/ENCODER_PUSH.o
 .debug_line    0x000036e3      0x2d3 ./Generated_Code/ExtIntLdd1.o
 .debug_line    0x000039b6      0x2d2 ./Generated_Code/ExtIntLdd2.o
 .debug_line    0x00003c88      0x2d2 ./Generated_Code/ExtIntLdd3.o
 .debug_line    0x00003f5a      0x2d7 ./Generated_Code/ExtIntLdd4.o
 .debug_line    0x00004231      0x2d6 ./Generated_Code/ExtIntLdd5.o
 .debug_line    0x00004507      0x3f0 ./Generated_Code/IntI2cLdd1.o
 .debug_line    0x000048f7      0x586 ./Generated_Code/LCD.o
 .debug_line    0x00004e7d      0x45e ./Generated_Code/PE_LDD.o
 .debug_line    0x000052db      0x4cd ./Generated_Code/PUSH_BUTTON_REC.o
 .debug_line    0x000057a8      0x4cf ./Generated_Code/PUSH_BUTTON_SEND.o
 .debug_line    0x00005c77      0x51a ./Generated_Code/T_100ms.o
 .debug_line    0x00006191      0x4f8 ./Generated_Code/T_500ms.o
 .debug_line    0x00006689      0x665 ./Generated_Code/Vectors.o

.debug_str      0x00000000    0x671f8
 .debug_str     0x00000000    0x60676 ./Sources/Events.o
                              0x607c9 (size before relaxing)
 .debug_str     0x00060676       0x17 ./Sources/main.o
                              0x60631 (size before relaxing)
 .debug_str     0x0006068d     0x25f1 ./Project_Settings/Startup_Code/startup.o
                              0x4c40d (size before relaxing)
 .debug_str     0x00062c7e      0x17e ./Generated_Code/BitIoLdd1.o
                              0x527f7 (size before relaxing)
 .debug_str     0x00062dfc       0xb1 ./Generated_Code/BitIoLdd2.o
                              0x527f7 (size before relaxing)
 .debug_str     0x00062ead       0xb1 ./Generated_Code/BitIoLdd3.o
                              0x527f7 (size before relaxing)
 .debug_str     0x00062f5e       0xa0 ./Generated_Code/BitIoLdd4.o
                              0x527c5 (size before relaxing)
 .debug_str     0x00062ffe       0xa0 ./Generated_Code/BitIoLdd5.o
                              0x527c5 (size before relaxing)
 .debug_str     0x0006309e      0x370 ./Generated_Code/Cpu.o
                              0x60a53 (size before relaxing)
 .debug_str     0x0006340e       0x37 ./Generated_Code/DIRECTION_1.o
                              0x6066b (size before relaxing)
 .debug_str     0x00063445       0x37 ./Generated_Code/DIRECTION_2.o
                              0x6066b (size before relaxing)
 .debug_str     0x0006347c      0x18a ./Generated_Code/ENCODER.o
                              0x6097d (size before relaxing)
 .debug_str     0x00063606       0x38 ./Generated_Code/ENCODER_PUSH.o
                              0x6066c (size before relaxing)
 .debug_str     0x0006363e       0x87 ./Generated_Code/ExtIntLdd1.o
                              0x55cfc (size before relaxing)
 .debug_str     0x000636c5       0x87 ./Generated_Code/ExtIntLdd2.o
                              0x55cf8 (size before relaxing)
 .debug_str     0x0006374c       0x87 ./Generated_Code/ExtIntLdd3.o
                              0x55cf8 (size before relaxing)
 .debug_str     0x000637d3       0x87 ./Generated_Code/ExtIntLdd4.o
                              0x55d02 (size before relaxing)
 .debug_str     0x0006385a       0x87 ./Generated_Code/ExtIntLdd5.o
                              0x55d00 (size before relaxing)
 .debug_str     0x000638e1     0x33eb ./Generated_Code/IntI2cLdd1.o
                              0x58974 (size before relaxing)
 .debug_str     0x00066ccc       0xfa ./Generated_Code/LCD.o
                              0x60833 (size before relaxing)
 .debug_str     0x00066dc6      0x17e ./Generated_Code/PE_LDD.o
                              0x607f0 (size before relaxing)
 .debug_str     0x00066f44       0x3b ./Generated_Code/PUSH_BUTTON_REC.o
                              0x6066f (size before relaxing)
 .debug_str     0x00066f7f       0x3c ./Generated_Code/PUSH_BUTTON_SEND.o
                              0x60670 (size before relaxing)
 .debug_str     0x00066fbb      0x19b ./Generated_Code/T_100ms.o
                              0x609b5 (size before relaxing)
 .debug_str     0x00067156       0x86 ./Generated_Code/T_500ms.o
                              0x60962 (size before relaxing)
 .debug_str     0x000671dc       0x1c ./Generated_Code/Vectors.o
                              0x60683 (size before relaxing)

.comment        0x00000000       0x70
 .comment       0x00000000       0x70 ./Sources/Events.o
                                 0x71 (size before relaxing)
 .comment       0x00000000       0x71 ./Sources/main.o
 .comment       0x00000000       0x71 ./Project_Settings/Startup_Code/startup.o
 .comment       0x00000000       0x71 ./Generated_Code/BitIoLdd1.o
 .comment       0x00000000       0x71 ./Generated_Code/BitIoLdd2.o
 .comment       0x00000000       0x71 ./Generated_Code/BitIoLdd3.o
 .comment       0x00000000       0x71 ./Generated_Code/BitIoLdd4.o
 .comment       0x00000000       0x71 ./Generated_Code/BitIoLdd5.o
 .comment       0x00000000       0x71 ./Generated_Code/Cpu.o
 .comment       0x00000000       0x71 ./Generated_Code/DIRECTION_1.o
 .comment       0x00000000       0x71 ./Generated_Code/DIRECTION_2.o
 .comment       0x00000000       0x71 ./Generated_Code/ENCODER.o
 .comment       0x00000000       0x71 ./Generated_Code/ENCODER_PUSH.o
 .comment       0x00000000       0x71 ./Generated_Code/ExtIntLdd1.o
 .comment       0x00000000       0x71 ./Generated_Code/ExtIntLdd2.o
 .comment       0x00000000       0x71 ./Generated_Code/ExtIntLdd3.o
 .comment       0x00000000       0x71 ./Generated_Code/ExtIntLdd4.o
 .comment       0x00000000       0x71 ./Generated_Code/ExtIntLdd5.o
 .comment       0x00000000       0x71 ./Generated_Code/IntI2cLdd1.o
 .comment       0x00000000       0x71 ./Generated_Code/LCD.o
 .comment       0x00000000       0x71 ./Generated_Code/PE_LDD.o
 .comment       0x00000000       0x71 ./Generated_Code/PUSH_BUTTON_REC.o
 .comment       0x00000000       0x71 ./Generated_Code/PUSH_BUTTON_SEND.o
 .comment       0x00000000       0x71 ./Generated_Code/T_100ms.o
 .comment       0x00000000       0x71 ./Generated_Code/T_500ms.o
 .comment       0x00000000       0x71 ./Generated_Code/Vectors.o

.debug_frame    0x00000000      0xe40
 .debug_frame   0x00000000      0x14c ./Sources/Events.o
 .debug_frame   0x0000014c       0x2c ./Sources/main.o
 .debug_frame   0x00000178       0xc0 ./Project_Settings/Startup_Code/startup.o
 .debug_frame   0x00000238       0xb8 ./Generated_Code/BitIoLdd1.o
 .debug_frame   0x000002f0       0xb8 ./Generated_Code/BitIoLdd2.o
 .debug_frame   0x000003a8       0xb8 ./Generated_Code/BitIoLdd3.o
 .debug_frame   0x00000460       0x9c ./Generated_Code/BitIoLdd4.o
 .debug_frame   0x000004fc       0x9c ./Generated_Code/BitIoLdd5.o
 .debug_frame   0x00000598       0xc8 ./Generated_Code/Cpu.o
 .debug_frame   0x00000660       0x30 ./Generated_Code/DIRECTION_1.o
 .debug_frame   0x00000690       0x30 ./Generated_Code/DIRECTION_2.o
 .debug_frame   0x000006c0      0x110 ./Generated_Code/ENCODER.o
 .debug_frame   0x000007d0       0x30 ./Generated_Code/ENCODER_PUSH.o
 .debug_frame   0x00000800       0x68 ./Generated_Code/ExtIntLdd1.o
 .debug_frame   0x00000868       0x68 ./Generated_Code/ExtIntLdd2.o
 .debug_frame   0x000008d0       0x68 ./Generated_Code/ExtIntLdd3.o
 .debug_frame   0x00000938       0x68 ./Generated_Code/ExtIntLdd4.o
 .debug_frame   0x000009a0       0x68 ./Generated_Code/ExtIntLdd5.o
 .debug_frame   0x00000a08       0xe0 ./Generated_Code/IntI2cLdd1.o
 .debug_frame   0x00000ae8      0x128 ./Generated_Code/LCD.o
 .debug_frame   0x00000c10       0x64 ./Generated_Code/PE_LDD.o
 .debug_frame   0x00000c74       0x30 ./Generated_Code/PUSH_BUTTON_REC.o
 .debug_frame   0x00000ca4       0x30 ./Generated_Code/PUSH_BUTTON_SEND.o
 .debug_frame   0x00000cd4       0x88 ./Generated_Code/T_100ms.o
 .debug_frame   0x00000d5c       0x50 ./Generated_Code/T_500ms.o
 .debug_frame   0x00000dac       0x28 c:/freescale/kds_v3/toolchain/bin/../lib/gcc/arm-none-eabi/4.8.4/../../../../arm-none-eabi/lib/armv7e-m\libg_s.a(lib_a-exit.o)
 .debug_frame   0x00000dd4       0x2c c:/freescale/kds_v3/toolchain/bin/../lib/gcc/arm-none-eabi/4.8.4/../../../../arm-none-eabi/lib/armv7e-m\libg_s.a(lib_a-init.o)
 .debug_frame   0x00000e00       0x20 c:/freescale/kds_v3/toolchain/bin/../lib/gcc/arm-none-eabi/4.8.4/../../../../arm-none-eabi/lib/armv7e-m\libg_s.a(lib_a-memset.o)
 .debug_frame   0x00000e20       0x20 c:/freescale/kds_v3/toolchain/bin/../lib/gcc/arm-none-eabi/4.8.4/../../../../arm-none-eabi/lib/armv7e-m\libnosys.a(_exit.o)
