Archive member included because of file (symbol)

c:/freescale/kds_v3/toolchain/bin/../lib/gcc/arm-none-eabi/4.8.4/../../../../arm-none-eabi/lib/armv7e-m\libm.a(lib_a-s_round.o)
                              ./Sources/display.o (round)
c:/freescale/kds_v3/toolchain/bin/../lib/gcc/arm-none-eabi/4.8.4/../../../../arm-none-eabi/lib/armv7e-m\libm.a(lib_a-w_pow.o)
                              ./Sources/display.o (pow)
c:/freescale/kds_v3/toolchain/bin/../lib/gcc/arm-none-eabi/4.8.4/../../../../arm-none-eabi/lib/armv7e-m\libm.a(lib_a-e_pow.o)
                              c:/freescale/kds_v3/toolchain/bin/../lib/gcc/arm-none-eabi/4.8.4/../../../../arm-none-eabi/lib/armv7e-m\libm.a(lib_a-w_pow.o) (__ieee754_pow)
c:/freescale/kds_v3/toolchain/bin/../lib/gcc/arm-none-eabi/4.8.4/../../../../arm-none-eabi/lib/armv7e-m\libm.a(lib_a-e_sqrt.o)
                              c:/freescale/kds_v3/toolchain/bin/../lib/gcc/arm-none-eabi/4.8.4/../../../../arm-none-eabi/lib/armv7e-m\libm.a(lib_a-e_pow.o) (__ieee754_sqrt)
c:/freescale/kds_v3/toolchain/bin/../lib/gcc/arm-none-eabi/4.8.4/../../../../arm-none-eabi/lib/armv7e-m\libm.a(lib_a-s_fabs.o)
                              c:/freescale/kds_v3/toolchain/bin/../lib/gcc/arm-none-eabi/4.8.4/../../../../arm-none-eabi/lib/armv7e-m\libm.a(lib_a-e_pow.o) (fabs)
c:/freescale/kds_v3/toolchain/bin/../lib/gcc/arm-none-eabi/4.8.4/../../../../arm-none-eabi/lib/armv7e-m\libm.a(lib_a-s_finite.o)
                              c:/freescale/kds_v3/toolchain/bin/../lib/gcc/arm-none-eabi/4.8.4/../../../../arm-none-eabi/lib/armv7e-m\libm.a(lib_a-w_pow.o) (finite)
c:/freescale/kds_v3/toolchain/bin/../lib/gcc/arm-none-eabi/4.8.4/../../../../arm-none-eabi/lib/armv7e-m\libm.a(lib_a-s_fpclassify.o)
                              c:/freescale/kds_v3/toolchain/bin/../lib/gcc/arm-none-eabi/4.8.4/../../../../arm-none-eabi/lib/armv7e-m\libm.a(lib_a-w_pow.o) (__fpclassifyd)
c:/freescale/kds_v3/toolchain/bin/../lib/gcc/arm-none-eabi/4.8.4/../../../../arm-none-eabi/lib/armv7e-m\libm.a(lib_a-s_lib_ver.o)
                              c:/freescale/kds_v3/toolchain/bin/../lib/gcc/arm-none-eabi/4.8.4/../../../../arm-none-eabi/lib/armv7e-m\libm.a(lib_a-w_pow.o) (__fdlib_version)
c:/freescale/kds_v3/toolchain/bin/../lib/gcc/arm-none-eabi/4.8.4/../../../../arm-none-eabi/lib/armv7e-m\libm.a(lib_a-s_matherr.o)
                              c:/freescale/kds_v3/toolchain/bin/../lib/gcc/arm-none-eabi/4.8.4/../../../../arm-none-eabi/lib/armv7e-m\libm.a(lib_a-w_pow.o) (matherr)
c:/freescale/kds_v3/toolchain/bin/../lib/gcc/arm-none-eabi/4.8.4/../../../../arm-none-eabi/lib/armv7e-m\libm.a(lib_a-s_nan.o)
                              c:/freescale/kds_v3/toolchain/bin/../lib/gcc/arm-none-eabi/4.8.4/../../../../arm-none-eabi/lib/armv7e-m\libm.a(lib_a-e_pow.o) (nan)
c:/freescale/kds_v3/toolchain/bin/../lib/gcc/arm-none-eabi/4.8.4/../../../../arm-none-eabi/lib/armv7e-m\libm.a(lib_a-s_rint.o)
                              c:/freescale/kds_v3/toolchain/bin/../lib/gcc/arm-none-eabi/4.8.4/../../../../arm-none-eabi/lib/armv7e-m\libm.a(lib_a-w_pow.o) (rint)
c:/freescale/kds_v3/toolchain/bin/../lib/gcc/arm-none-eabi/4.8.4/../../../../arm-none-eabi/lib/armv7e-m\libm.a(lib_a-s_scalbn.o)
                              c:/freescale/kds_v3/toolchain/bin/../lib/gcc/arm-none-eabi/4.8.4/../../../../arm-none-eabi/lib/armv7e-m\libm.a(lib_a-e_pow.o) (scalbn)
c:/freescale/kds_v3/toolchain/bin/../lib/gcc/arm-none-eabi/4.8.4/../../../../arm-none-eabi/lib/armv7e-m\libm.a(lib_a-s_copysign.o)
                              c:/freescale/kds_v3/toolchain/bin/../lib/gcc/arm-none-eabi/4.8.4/../../../../arm-none-eabi/lib/armv7e-m\libm.a(lib_a-s_scalbn.o) (copysign)
c:/freescale/kds_v3/toolchain/bin/../lib/gcc/arm-none-eabi/4.8.4/armv7e-m\libgcc.a(_arm_addsubdf3.o)
                              c:/freescale/kds_v3/toolchain/bin/../lib/gcc/arm-none-eabi/4.8.4/../../../../arm-none-eabi/lib/armv7e-m\libm.a(lib_a-e_pow.o) (__aeabi_dsub)
c:/freescale/kds_v3/toolchain/bin/../lib/gcc/arm-none-eabi/4.8.4/armv7e-m\libgcc.a(_arm_muldivdf3.o)
                              ./Sources/display.o (__aeabi_dmul)
c:/freescale/kds_v3/toolchain/bin/../lib/gcc/arm-none-eabi/4.8.4/armv7e-m\libgcc.a(_arm_cmpdf2.o)
                              c:/freescale/kds_v3/toolchain/bin/../lib/gcc/arm-none-eabi/4.8.4/../../../../arm-none-eabi/lib/armv7e-m\libm.a(lib_a-w_pow.o) (__aeabi_dcmpeq)
c:/freescale/kds_v3/toolchain/bin/../lib/gcc/arm-none-eabi/4.8.4/armv7e-m\libgcc.a(_arm_fixdfsi.o)
                              ./Sources/display.o (__aeabi_d2iz)
c:/freescale/kds_v3/toolchain/bin/../lib/gcc/arm-none-eabi/4.8.4/armv7e-m\libgcc.a(_arm_addsubsf3.o)
                              ./Sources/Events.o (__aeabi_fsub)
c:/freescale/kds_v3/toolchain/bin/../lib/gcc/arm-none-eabi/4.8.4/armv7e-m\libgcc.a(_arm_cmpsf2.o)
                              ./Sources/display.o (__aeabi_fcmpeq)
c:/freescale/kds_v3/toolchain/bin/../lib/gcc/arm-none-eabi/4.8.4/armv7e-m\libgcc.a(_arm_fixsfsi.o)
[...]
Memory Configuration

Name             Origin             Length             Attributes
m_interrupts     0x00000000         0x000001bc         xr
m_text           0x00000410         0x0003fbf0         xr
m_data           0x1fff8000         0x00008000         rw
m_data_20000000  0x20000000         0x00008000         rw
m_cfmprotrom     0x00000400         0x00000010         xr
*default*        0x00000000         0xffffffff

Linker script and memory map

LOAD c:/freescale/kds_v3/toolchain/bin/../lib/gcc/arm-none-eabi/4.8.4/armv7e-m/crti.o
LOAD c:/freescale/kds_v3/toolchain/bin/../lib/gcc/arm-none-eabi/4.8.4/armv7e-m/crtbegin.o
LOAD c:/freescale/kds_v3/toolchain/bin/../lib/gcc/arm-none-eabi/4.8.4/../../../../arm-none-eabi/lib/armv7e-m/crt0.o
LOAD ./Sources/Events.o
LOAD ./Sources/LCD.o
LOAD ./Sources/PCA9670.o
LOAD ./Sources/cue_eeprom.o
LOAD ./Sources/display.o
LOAD ./Sources/encoder_variable.o
LOAD ./Sources/main.o
LOAD ./Sources/menu.o
LOAD ./Sources/parameters.o
LOAD ./Sources/protocol.o
LOAD ./Sources/send.o
LOAD ./Project_Settings/Startup_Code/startup.o
LOAD ./Generated_Code/AS1.o
LOAD ./Generated_Code/ASerialLdd1.o
LOAD ./Generated_Code/BitIoLdd1.o
LOAD ./Generated_Code/BitIoLdd2.o
LOAD ./Generated_Code/BitIoLdd3.o
LOAD ./Generated_Code/BitIoLdd4.o
LOAD ./Generated_Code/BitIoLdd5.o
LOAD ./Generated_Code/BitIoLdd6.o
LOAD ./Generated_Code/BitIoLdd7.o
LOAD ./Generated_Code/CS1.o
LOAD ./Generated_Code/Cpu.o
LOAD ./Generated_Code/ENCODER.o
LOAD ./Generated_Code/ENCODER_PUSH.o
LOAD ./Generated_Code/ExtIntLdd1.o
LOAD ./Generated_Code/ExtIntLdd2.o
LOAD ./Generated_Code/ExtIntLdd3.o
LOAD ./Generated_Code/ExtIntLdd4.o
LOAD ./Generated_Code/ExtIntLdd5.o
LOAD ./Generated_Code/I2C0.o
LOAD ./Generated_Code/IFsh1.o
LOAD ./Generated_Code/IntFlashLdd1.o
LOAD ./Generated_Code/IntI2cLdd1.o
LOAD ./Generated_Code/KSDK1.o
LOAD ./Generated_Code/LCD_CTR.o
LOAD ./Generated_Code/LCD_EN.o
LOAD ./Generated_Code/LED_DEBUG.o
LOAD ./Generated_Code/LED_STATUS_1.o
LOAD ./Generated_Code/LED_STATUS_2.o
LOAD ./Generated_Code/LED_STATUS_3.o
LOAD ./Generated_Code/LED_STATUS_4.o
LOAD ./Generated_Code/LEVER_DIR1.o
LOAD ./Generated_Code/LEVER_DIR2.o
LOAD ./Generated_Code/PCA.o
LOAD ./Generated_Code/PE_LDD.o
LOAD ./Generated_Code/PUSH_BUTTON_REC.o
LOAD ./Generated_Code/PUSH_BUTTON_SEND.o
LOAD ./Generated_Code/TU1.o
LOAD ./Generated_Code/T_100ms.o
LOAD ./Generated_Code/T_500ms.o
LOAD ./Generated_Code/Vectors.o
LOAD ./Generated_Code/WAIT1.o
LOAD ./.metadata/.plugins/org.eclipse.cdt.make.core/specs.o
LOAD c:/freescale/kds_v3/toolchain/bin/../lib/gcc/arm-none-eabi/4.8.4/../../../../arm-none-eabi/lib/armv7e-m\libstdc++_s.a
LOAD c:/freescale/kds_v3/toolchain/bin/../lib/gcc/arm-none-eabi/4.8.4/../../../../arm-none-eabi/lib/armv7e-m\libm.a
START GROUP
LOAD c:/freescale/kds_v3/toolchain/bin/../lib/gcc/arm-none-eabi/4.8.4/armv7e-m\libgcc.a
LOAD c:/freescale/kds_v3/toolchain/bin/../lib/gcc/arm-none-eabi/4.8.4/../../../../arm-none-eabi/lib/armv7e-m\libg_s.a
LOAD c:/freescale/kds_v3/toolchain/bin/../lib/gcc/arm-none-eabi/4.8.4/../../../../arm-none-eabi/lib/armv7e-m\libc_s.a
END GROUP
START GROUP
LOAD c:/freescale/kds_v3/toolchain/bin/../lib/gcc/arm-none-eabi/4.8.4/armv7e-m\libgcc.a
LOAD c:/freescale/kds_v3/toolchain/bin/../lib/gcc/arm-none-eabi/4.8.4/../../../../arm-none-eabi/lib/armv7e-m\libc_s.a
LOAD c:/freescale/kds_v3/toolchain/bin/../lib/gcc/arm-none-eabi/4.8.4/../../../../arm-none-eabi/lib/armv7e-m\libnosys.a
END GROUP
START GROUP
LOAD c:/freescale/kds_v3/toolchain/bin/../lib/gcc/arm-none-eabi/4.8.4/armv7e-m\libgcc.a
LOAD c:/freescale/kds_v3/toolchain/bin/../lib/gcc/arm-none-eabi/4.8.4/../../../../arm-none-eabi/lib/armv7e-m\libc_s.a
LOAD c:/freescale/kds_v3/toolchain/bin/../lib/gcc/arm-none-eabi/4.8.4/../../../../arm-none-eabi/lib/armv7e-m\libnosys.a
END GROUP
LOAD c:/freescale/kds_v3/toolchain/bin/../lib/gcc/arm-none-eabi/4.8.4/armv7e-m/crtend.o
LOAD c:/freescale/kds_v3/toolchain/bin/../lib/gcc/arm-none-eabi/4.8.4/armv7e-m/crtn.o
                0x20000000                _estack = 0x20000000
                0x20000000                __SP_INIT = _estack
                0x20000000                __stack = _estack
                0x00000000                __heap_size = 0x0
                0x00000400                __stack_size = 0x400

.interrupts     0x00000000      0x1bc
                0x00000000                __vector_table = .
                0x00000000                . = ALIGN (0x4)
 *(.vectortable)
 .vectortable   0x00000000      0x1bc ./Generated_Code/Vectors.o
                0x00000000                __vect_table
                0x000001bc                . = ALIGN (0x4)

.cfmprotect     0x00000400       0x10
                0x00000400                . = ALIGN (0x4)
 *(.cfmconfig)
 .cfmconfig     0x00000400       0x10 ./Generated_Code/Cpu.o
                0x00000400                _cfm
                0x00000410                . = ALIGN (0x4)

.text           0x00000410     0x898c
                0x00000410                . = ALIGN (0x4)
 *(.text)
 .text          0x00000410       0x54 c:/freescale/kds_v3/toolchain/bin/../lib/gcc/arm-none-eabi/4.8.4/armv7e-m/crtbegin.o
 .text          0x00000464       0x74 c:/freescale/kds_v3/toolchain/bin/../lib/gcc/arm-none-eabi/4.8.4/../../../../arm-none-eabi/lib/armv7e-m/crt0.o
                0x00000464                _start
                0x00000464                _mainCRTStartup
 .text          0x000004d8      0x370 c:/freescale/kds_v3/toolchain/bin/../lib/gcc/arm-none-eabi/4.8.4/armv7e-m\libgcc.a(_arm_addsubdf3.o)
                0x000004d8                __aeabi_drsub
                0x000004e0                __aeabi_dsub
                0x000004e0                __subdf3
                0x000004e4                __aeabi_dadd
                0x000004e4                __adddf3
                0x0000075c                __floatunsidf
                0x0000075c                __aeabi_ui2d
                0x0000077c                __floatsidf
                0x0000077c                __aeabi_i2d
                0x000007a0                __aeabi_f2d
                0x000007a0                __extendsfdf2
                0x000007dc                __floatundidf
                0x000007dc                __aeabi_ul2d
                0x000007ec                __floatdidf
                0x000007ec                __aeabi_l2d
 .text          0x00000848      0x424 c:/freescale/kds_v3/toolchain/bin/../lib/gcc/arm-none-eabi/4.8.4/armv7e-m\libgcc.a(_arm_muldivdf3.o)
                0x00000848                __aeabi_dmul
                0x00000848                __muldf3
                0x00000a9c                __divdf3
                0x00000a9c                __aeabi_ddiv
 .text          0x00000c6c      0x110 c:/freescale/kds_v3/toolchain/bin/../lib/gcc/arm-none-eabi/4.8.4/armv7e-m\libgcc.a(_arm_cmpdf2.o)
                0x00000c6c                __gtdf2
                0x00000c6c                __gedf2
                0x00000c74                __ltdf2
                0x00000c74                __ledf2
                0x00000c7c                __nedf2
                0x00000c7c                __eqdf2
                0x00000c7c                __cmpdf2
                0x00000cf8                __aeabi_cdrcmple
                0x00000d08                __aeabi_cdcmpeq
                0x00000d08                __aeabi_cdcmple
                0x00000d18                __aeabi_dcmpeq
                0x00000d2c                __aeabi_dcmplt
                0x00000d40                __aeabi_dcmple
                0x00000d54                __aeabi_dcmpge
                0x00000d68                __aeabi_dcmpgt
 .text          0x00000d7c       0x50 c:/freescale/kds_v3/toolchain/bin/../lib/gcc/arm-none-eabi/4.8.4/armv7e-m\libgcc.a(_arm_fixdfsi.o)
                0x00000d7c                __aeabi_d2iz
                0x00000d7c                __fixdfsi
 .text          0x00000dcc      0x21c c:/freescale/kds_v3/toolchain/bin/../lib/gcc/arm-none-eabi/4.8.4/armv7e-m\libgcc.a(_arm_addsubsf3.o)
                0x00000dcc                __aeabi_frsub
                0x00000dd4                __subsf3
                0x00000dd4                __aeabi_fsub
                0x00000dd8                __aeabi_fadd
                0x00000dd8                __addsf3
                0x00000f38                __aeabi_ui2f
                0x00000f38                __floatunsisf
                0x00000f40                __aeabi_i2f
                0x00000f40                __floatsisf
                0x00000f5c                __aeabi_ul2f
                0x00000f5c                __floatundisf
                0x00000f6c                __aeabi_l2f
                0x00000f6c                __floatdisf
 .text          0x00000fe8       0xec c:/freescale/kds_v3/toolchain/bin/../lib/gcc/arm-none-eabi/4.8.4/armv7e-m\libgcc.a(_arm_cmpsf2.o)
                0x00000fe8                __gesf2
                0x00000fe8                __gtsf2
                0x00000ff0                __lesf2
                0x00000ff0                __ltsf2
                0x00000ff8                __nesf2
                0x00000ff8                __eqsf2
                0x00000ff8                __cmpsf2
                0x00001058                __aeabi_cfrcmple
                0x00001060                __aeabi_cfcmpeq
                0x00001060                __aeabi_cfcmple
                0x00001070                __aeabi_fcmpeq
                0x00001084                __aeabi_fcmplt
                0x00001098                __aeabi_fcmple
                0x000010ac                __aeabi_fcmpge
                0x000010c0                __aeabi_fcmpgt
 .text          0x000010d4       0x4c c:/freescale/kds_v3/toolchain/bin/../lib/gcc/arm-none-eabi/4.8.4/armv7e-m\libgcc.a(_arm_fixsfsi.o)
                0x000010d4                __aeabi_f2iz
                0x000010d4                __fixsfsi
 .text          0x00001120       0x40 c:/freescale/kds_v3/toolchain/bin/../lib/gcc/arm-none-eabi/4.8.4/armv7e-m\libgcc.a(_arm_fixunssfsi.o)
                0x00001120                __fixunssfsi
                0x00001120                __aeabi_f2uiz
 .text          0x00001160      0xa1c c:/freescale/kds_v3/toolchain/bin/../lib/gcc/arm-none-eabi/4.8.4/armv7e-m\libgcc.a(unwind-arm.o)
                0x00001444                _Unwind_GetCFA
                0x00001448                __gnu_Unwind_RaiseException
                0x000014a8                __gnu_Unwind_ForcedUnwind
                0x000014bc                __gnu_Unwind_Resume
                0x00001500                __gnu_Unwind_Resume_or_Rethrow
                0x00001510                _Unwind_Complete
                0x00001514                _Unwind_DeleteException
                0x00001524                _Unwind_VRS_Get
                0x00001574                _Unwind_VRS_Set
                0x000015c4                __gnu_Unwind_Backtrace
                0x00001918                __aeabi_unwind_cpp_pr0
                0x00001920                __aeabi_unwind_cpp_pr1
                0x00001928                __aeabi_unwind_cpp_pr2
                0x00001930                _Unwind_VRS_Pop
 .text          0x00001b7c      0x1ac c:/freescale/kds_v3/toolchain/bin/../lib/gcc/arm-none-eabi/4.8.4/armv7e-m\libgcc.a(libunwind.o)
                0x00001b7c                __restore_core_regs
                0x00001b7c                restore_core_regs
                0x00001b94                __gnu_Unwind_Restore_VFP
                0x00001b9c                __gnu_Unwind_Save_VFP
                0x00001ba4                __gnu_Unwind_Restore_VFP_D
                0x00001bac                __gnu_Unwind_Save_VFP_D
                0x00001bb4                __gnu_Unwind_Restore_VFP_D_16_to_31
                0x00001bbc                __gnu_Unwind_Save_VFP_D_16_to_31
                0x00001bc4                __gnu_Unwind_Restore_WMMXD
                0x00001c08                __gnu_Unwind_Save_WMMXD
                0x00001c4c                __gnu_Unwind_Restore_WMMXC
                0x00001c60                __gnu_Unwind_Save_WMMXC
                0x00001c74                ___Unwind_RaiseException
                0x00001c74                _Unwind_RaiseException
                0x00001c98                _Unwind_Resume
                0x00001c98                ___Unwind_Resume
                0x00001cbc                _Unwind_Resume_or_Rethrow
                0x00001cbc                ___Unwind_Resume_or_Rethrow
                0x00001ce0                _Unwind_ForcedUnwind
                0x00001ce0                ___Unwind_ForcedUnwind
                0x00001d04                ___Unwind_Backtrace
                0x00001d04                _Unwind_Backtrace
 .text          0x00001d28      0x33c c:/freescale/kds_v3/toolchain/bin/../lib/gcc/arm-none-eabi/4.8.4/armv7e-m\libgcc.a(pr-support.o)
                0x00001d7c                __gnu_unwind_execute
                0x00002008                __gnu_unwind_frame
                0x00002034                _Unwind_GetRegionStart
                0x00002040                _Unwind_GetLanguageSpecificData
                0x00002054                _Unwind_GetDataRelBase
                0x0000205c                _Unwind_GetTextRelBase
 .text          0x00002064       0x14 c:/freescale/kds_v3/toolchain/bin/../lib/gcc/arm-none-eabi/4.8.4/../../../../arm-none-eabi/lib/armv7e-m\libg_s.a(lib_a-strcmp.o)
                0x00002064                strcmp
 *(.text*)
 .text.PUSH_BUTTON_REC_OnInterrupt
                0x00002078        0xc ./Sources/Events.o
                0x00002078                PUSH_BUTTON_REC_OnInterrupt
 .text.PUSH_BUTTON_SEND_OnInterrupt
                0x00002084       0x18 ./Sources/Events.o
                0x00002084                PUSH_BUTTON_SEND_OnInterrupt
 .text.I2C0_OnReceiveData
                0x0000209c        0xc ./Sources/Events.o
                0x0000209c                I2C0_OnReceiveData
 .text.I2C0_OnTransmitData
                0x000020a8        0xc ./Sources/Events.o
                0x000020a8                I2C0_OnTransmitData
 .text.T_100ms_OnCounterRestart
                0x000020b4       0x48 ./Sources/Events.o
                0x000020b4                T_100ms_OnCounterRestart
 .text.LEVER_DIR2_OnInterrupt
                0x000020fc       0x14 ./Sources/Events.o
                0x000020fc                LEVER_DIR2_OnInterrupt
 .text.LEVER_DIR1_OnInterrupt
                0x00002110       0x14 ./Sources/Events.o
                0x00002110                LEVER_DIR1_OnInterrupt
 .text.ENCODER_PUSH_OnInterrupt
                0x00002124       0x80 ./Sources/Events.o
                0x00002124                ENCODER_PUSH_OnInterrupt
 .text.ENCODER_OnPortEvent
                0x000021a4       0xd4 ./Sources/Events.o
                0x000021a4                ENCODER_OnPortEvent
 .text.T_500ms_OnCounterRestart
                0x00002278       0x14 ./Sources/Events.o
                0x00002278                T_500ms_OnCounterRestart
 .text.I2C0_OnArbitLost
                0x0000228c        0xc ./Sources/Events.o
                0x0000228c                I2C0_OnArbitLost
 .text.AS1_OnTxComplete
                0x00002298       0x14 ./Sources/Events.o
                0x00002298                AS1_OnTxComplete
 .text.AS1_OnError
                0x000022ac        0xc ./Sources/Events.o
                0x000022ac                AS1_OnError
 .text.AS1_OnRxChar
                0x000022b8        0xc ./Sources/Events.o
                0x000022b8                AS1_OnRxChar
 .text.AS1_OnRxCharExt
                0x000022c4       0xc8 ./Sources/Events.o
                0x000022c4                AS1_OnRxCharExt
 .text.AS1_OnTxChar
                0x0000238c       0x14 ./Sources/Events.o
                0x0000238c                AS1_OnTxChar
 .text.AS1_OnFullRxBuf
                0x000023a0       0x14 ./Sources/Events.o
                0x000023a0                AS1_OnFullRxBuf
 .text.AS1_OnFreeTxBuf
                0x000023b4        0xc ./Sources/Events.o
                0x000023b4                AS1_OnFreeTxBuf
 .text.IFsh1_OnWriteEnd
                0x000023c0        0xc ./Sources/Events.o
                0x000023c0                IFsh1_OnWriteEnd
 .text.TU1_OnCounterRestart
                0x000023cc       0x1c ./Sources/Events.o
                0x000023cc                TU1_OnCounterRestart
 .text.LCD_Init
                0x000023e8       0x50 ./Sources/LCD.o
                0x000023e8                LCD_Init
 .text.LCD_command
                0x00002438       0x30 ./Sources/LCD.o
                0x00002438                LCD_command
 .text.LCD_Set_Cursor
                0x00002468       0x58 ./Sources/LCD.o
                0x00002468                LCD_Set_Cursor
 .text.LCD_Write
                0x000024c0       0x28 ./Sources/LCD.o
                0x000024c0                LCD_Write
 .text.load_custom_char
                0x000024e8       0x50 ./Sources/LCD.o
                0x000024e8                load_custom_char
 .text.LCD_Write_At
                0x00002538       0x3c ./Sources/LCD.o
                0x00002538                LCD_Write_At
 .text.LCD_Write_Block
                0x00002574       0xa0 ./Sources/LCD.o
                0x00002574                LCD_Write_Block
 .text.PCA9670_Init
                0x00002614       0x34 ./Sources/PCA9670.o
                0x00002614                PCA9670_Init
 .text.PCA9670_SendByte
                0x00002648       0x3c ./Sources/PCA9670.o
                0x00002648                PCA9670_SendByte
 .text.vspfunc  0x00002684       0x30 ./Sources/display.o
                0x00002684                vspfunc
 .text.print_float_at
                0x000026b4      0x148 ./Sources/display.o
                0x000026b4                print_float_at
 .text.print_int_at
                0x000027fc       0xa0 ./Sources/display.o
                0x000027fc                print_int_at
 .text.load_char
                0x0000289c       0xcc ./Sources/display.o
                0x0000289c                load_char
 .text.menu_init
                0x00002968       0x1c ./Sources/display.o
                0x00002968                menu_init
 .text.refresh  0x00002984       0x24 ./Sources/display.o
                0x00002984                refresh
 .text.select   0x000029a8       0x24 ./Sources/display.o
                0x000029a8                select
 .text.back     0x000029cc       0x30 ./Sources/display.o
                0x000029cc                back
 .text.refresh_fct
                0x000029fc       0x84 ./Sources/display.o
                0x000029fc                refresh_fct
 .text.velocity_fct
                0x00002a80      0x16c ./Sources/display.o
                0x00002a80                velocity_fct
 .text.acceleration_fct
                0x00002bec      0x12c ./Sources/display.o
                0x00002bec                acceleration_fct
 .text.deceleration_fct
                0x00002d18      0x12c ./Sources/display.o
                0x00002d18                deceleration_fct
 .text.back_fct
                0x00002e44       0x30 ./Sources/display.o
                0x00002e44                back_fct
 .text.pos_position_fct
                0x00002e74      0x174 ./Sources/display.o
                0x00002e74                pos_position_fct
 .text.pos_velocity_fct
                0x00002fe8      0x114 ./Sources/display.o
                0x00002fe8                pos_velocity_fct
 .text.pos_acceleration_fct
                0x000030fc      0x12c ./Sources/display.o
                0x000030fc                pos_acceleration_fct
 .text.pos_deceleration_fct
                0x00003228      0x12c ./Sources/display.o
                0x00003228                pos_deceleration_fct
 .text.torque_fct
                0x00003354      0x170 ./Sources/display.o
                0x00003354                torque_fct
 .text.torque_rise_fct
                0x000034c4      0x128 ./Sources/display.o
                0x000034c4                torque_rise_fct
 .text.torque_fall_fct
                0x000035ec      0x128 ./Sources/display.o
                0x000035ec                torque_fall_fct
 .text._Z41__static_initialization_and_destruction_0ii
                0x00003714      0x37c ./Sources/display.o
 .text._GLOBAL__sub_I_buffer
                0x00003a90       0x10 ./Sources/display.o
 .text.main     0x00003aa0      0x1f0 ./Sources/main.o
                0x00003aa0                main
 .text.init_menu
                0x00003c90       0x38 ./Sources/menu.o
                0x00003c90                init_menu
 .text.init_sub_menu
                0x00003cc8       0x44 ./Sources/menu.o
                0x00003cc8                init_sub_menu
 .text.init_menu_list
                0x00003d0c       0x30 ./Sources/menu.o
                0x00003d0c                init_menu_list
 .text.init_sub_menu_list
                0x00003d3c       0x30 ./Sources/menu.o
                0x00003d3c                init_sub_menu_list
 .text.print_menu
                0x00003d6c      0x138 ./Sources/menu.o
                0x00003d6c                print_menu
 .text.print_sub_menu
                0x00003ea4      0x158 ./Sources/menu.o
                0x00003ea4                print_sub_menu
 .text.menu_select
                0x00003ffc      0x144 ./Sources/menu.o
                0x00003ffc                menu_select
 .text.menu_back
                0x00004140      0x12c ./Sources/menu.o
                0x00004140                menu_back
 .text.refresh_menu
                0x0000426c       0xc4 ./Sources/menu.o
                0x0000426c                refresh_menu
 .text.void_function
                0x00004330        0xc ./Sources/menu.o
                0x00004330                void_function
 .text.parameters_init
                0x0000433c       0xac ./Sources/parameters.o
                0x0000433c                parameters_init
 .text.convert  0x000043e8       0x3c ./Sources/parameters.o
                0x000043e8                convert
 .text.send_fct
                0x00004424      0x140 ./Sources/send.o
                0x00004424                send_fct
 .text.__copy_rom_section
                0x00004564       0xe4 ./Project_Settings/Startup_Code/startup.o
                0x00004564                __copy_rom_section
 .text.__copy_rom_sections_to_ram
                0x00004648       0x9c ./Project_Settings/Startup_Code/startup.o
                0x00004648                __copy_rom_sections_to_ram
 .text.__init_registers
                0x000046e4        0xc ./Project_Settings/Startup_Code/startup.o
                0x000046e4                __init_registers
 .text.__init_user
                0x000046f0        0xc ./Project_Settings/Startup_Code/startup.o
                0x000046f0                __init_user
 .text.__thumb_startup
                0x000046fc       0x34 ./Project_Settings/Startup_Code/startup.o
                0x000046fc                __thumb_startup
 .text.HWEnDi   0x00004730       0x1c ./Generated_Code/AS1.o
 .text.AS1_ClearRxBuf
                0x0000474c       0x78 ./Generated_Code/AS1.o
                0x0000474c                AS1_ClearRxBuf
 .text.AS1_Init
                0x000047c4       0x60 ./Generated_Code/AS1.o
                0x000047c4                AS1_Init
 .text.ASerialLdd1_OnBlockReceived
                0x00004824       0xcc ./Generated_Code/AS1.o
                0x00004824                ASerialLdd1_OnBlockReceived
 .text.ASerialLdd1_OnBlockSent
                0x000048f0       0xd4 ./Generated_Code/AS1.o
                0x000048f0                ASerialLdd1_OnBlockSent
 .text.ASerialLdd1_OnError
                0x000049c4       0x9c ./Generated_Code/AS1.o
                0x000049c4                ASerialLdd1_OnError
 .text.ASerialLdd1_OnTxComplete
                0x00004a60       0x14 ./Generated_Code/AS1.o
                0x00004a60                ASerialLdd1_OnTxComplete
 .text.ASerialLdd1_OnBreak
                0x00004a74       0x24 ./Generated_Code/AS1.o
                0x00004a74                ASerialLdd1_OnBreak
 .text.ASerialLdd1_Init
                0x00004a98      0x1c0 ./Generated_Code/ASerialLdd1.o
                0x00004a98                ASerialLdd1_Init
 .text.ASerialLdd1_ReceiveBlock
                0x00004c58       0x90 ./Generated_Code/ASerialLdd1.o
                0x00004c58                ASerialLdd1_ReceiveBlock
 .text.ASerialLdd1_SendBlock
                0x00004ce8       0xbc ./Generated_Code/ASerialLdd1.o
                0x00004ce8                ASerialLdd1_SendBlock
 .text.InterruptRx
                0x00004da4       0x58 ./Generated_Code/ASerialLdd1.o
 .text.InterruptTx
                0x00004dfc       0x9c ./Generated_Code/ASerialLdd1.o
 .text.ASerialLdd1_Interrupt
                0x00004e98      0x130 ./Generated_Code/ASerialLdd1.o
                0x00004e98                ASerialLdd1_Interrupt
 .text.ASerialLdd1_GetError
                0x00004fc8       0x70 ./Generated_Code/ASerialLdd1.o
                0x00004fc8                ASerialLdd1_GetError
 .text.BitIoLdd1_Init
                0x00005038       0x64 ./Generated_Code/BitIoLdd1.o
                0x00005038                BitIoLdd1_Init
 .text.BitIoLdd1_NegVal
                0x0000509c       0x1c ./Generated_Code/BitIoLdd1.o
                0x0000509c                BitIoLdd1_NegVal
 .text.BitIoLdd2_Init
                0x000050b8       0x64 ./Generated_Code/BitIoLdd2.o
                0x000050b8                BitIoLdd2_Init
 .text.BitIoLdd2_SetVal
                0x0000511c       0x1c ./Generated_Code/BitIoLdd2.o
                0x0000511c                BitIoLdd2_SetVal
 .text.BitIoLdd3_Init
                0x00005138       0x64 ./Generated_Code/BitIoLdd3.o
                0x00005138                BitIoLdd3_Init
 .text.BitIoLdd4_Init
                0x0000519c       0x64 ./Generated_Code/BitIoLdd4.o
                0x0000519c                BitIoLdd4_Init
 .text.BitIoLdd4_ClrVal
                0x00005200       0x1c ./Generated_Code/BitIoLdd4.o
                0x00005200                BitIoLdd4_ClrVal
 .text.BitIoLdd4_SetVal
                0x0000521c       0x1c ./Generated_Code/BitIoLdd4.o
                0x0000521c                BitIoLdd4_SetVal
 .text.BitIoLdd4_NegVal
                0x00005238       0x1c ./Generated_Code/BitIoLdd4.o
                0x00005238                BitIoLdd4_NegVal
 .text.BitIoLdd5_Init
                0x00005254       0x64 ./Generated_Code/BitIoLdd5.o
                0x00005254                BitIoLdd5_Init
 .text.BitIoLdd5_ClrVal
                0x000052b8       0x1c ./Generated_Code/BitIoLdd5.o
                0x000052b8                BitIoLdd5_ClrVal
 .text.BitIoLdd5_SetVal
                0x000052d4       0x1c ./Generated_Code/BitIoLdd5.o
                0x000052d4                BitIoLdd5_SetVal
 .text.BitIoLdd5_NegVal
                0x000052f0       0x1c ./Generated_Code/BitIoLdd5.o
                0x000052f0                BitIoLdd5_NegVal
 .text.BitIoLdd6_Init
                0x0000530c       0x64 ./Generated_Code/BitIoLdd6.o
                0x0000530c                BitIoLdd6_Init
 .text.BitIoLdd6_ClrVal
                0x00005370       0x20 ./Generated_Code/BitIoLdd6.o
                0x00005370                BitIoLdd6_ClrVal
 .text.BitIoLdd6_SetVal
                0x00005390       0x20 ./Generated_Code/BitIoLdd6.o
                0x00005390                BitIoLdd6_SetVal
 .text.BitIoLdd7_Init
                0x000053b0       0x64 ./Generated_Code/BitIoLdd7.o
                0x000053b0                BitIoLdd7_Init
 .text.BitIoLdd7_ClrVal
                0x00005414       0x1c ./Generated_Code/BitIoLdd7.o
                0x00005414                BitIoLdd7_ClrVal
 .text.BitIoLdd7_SetVal
                0x00005430       0x1c ./Generated_Code/BitIoLdd7.o
                0x00005430                BitIoLdd7_SetVal
 .text.Cpu_ivINT_PORTC
                0x0000544c       0x30 ./Generated_Code/Cpu.o
                0x0000544c                Cpu_ivINT_PORTC
 .text.Cpu_Interrupt
                0x0000547c       0x18 ./Generated_Code/Cpu.o
                0x0000547c                Cpu_Interrupt
 .text.__init_hardware
                0x00005494      0x140 ./Generated_Code/Cpu.o
                0x00005494                __init_hardware
 .text.Cpu_SetBASEPRI
                0x000055d4       0x18 ./Generated_Code/Cpu.o
                0x000055d4                Cpu_SetBASEPRI
 .text.PE_low_level_init
                0x000055ec      0x10c ./Generated_Code/Cpu.o
                0x000055ec                PE_low_level_init
 .text.ENCODER_Init
                0x000056f8       0xb0 ./Generated_Code/ENCODER.o
                0x000056f8                ENCODER_Init
 .text.ENCODER_GetFieldValue
                0x000057a8       0x40 ./Generated_Code/ENCODER.o
                0x000057a8                ENCODER_GetFieldValue
 .text.ENCODER_Interrupt
                0x000057e8       0x4c ./Generated_Code/ENCODER.o
                0x000057e8                ENCODER_Interrupt
 .text.ExtIntLdd1_OnInterrupt
                0x00005834       0x14 ./Generated_Code/ENCODER_PUSH.o
                0x00005834                ExtIntLdd1_OnInterrupt
 .text.ExtIntLdd1_Init
                0x00005848       0x80 ./Generated_Code/ExtIntLdd1.o
                0x00005848                ExtIntLdd1_Init
 .text.ExtIntLdd1_Interrupt
                0x000058c8       0x3c ./Generated_Code/ExtIntLdd1.o
                0x000058c8                ExtIntLdd1_Interrupt
 .text.ExtIntLdd1_GetVal
                0x00005904       0x2c ./Generated_Code/ExtIntLdd1.o
                0x00005904                ExtIntLdd1_GetVal
 .text.ExtIntLdd2_Init
                0x00005930       0x80 ./Generated_Code/ExtIntLdd2.o
                0x00005930                ExtIntLdd2_Init
 .text.ExtIntLdd2_Interrupt
                0x000059b0       0x3c ./Generated_Code/ExtIntLdd2.o
                0x000059b0                ExtIntLdd2_Interrupt
 .text.ExtIntLdd2_GetVal
                0x000059ec       0x2c ./Generated_Code/ExtIntLdd2.o
                0x000059ec                ExtIntLdd2_GetVal
 .text.ExtIntLdd3_Init
                0x00005a18       0x80 ./Generated_Code/ExtIntLdd3.o
                0x00005a18                ExtIntLdd3_Init
 .text.ExtIntLdd3_Interrupt
                0x00005a98       0x3c ./Generated_Code/ExtIntLdd3.o
                0x00005a98                ExtIntLdd3_Interrupt
 .text.ExtIntLdd3_GetVal
                0x00005ad4       0x2c ./Generated_Code/ExtIntLdd3.o
                0x00005ad4                ExtIntLdd3_GetVal
 .text.ExtIntLdd4_Init
                0x00005b00       0x7c ./Generated_Code/ExtIntLdd4.o
                0x00005b00                ExtIntLdd4_Init
 .text.ExtIntLdd4_Interrupt
                0x00005b7c       0x3c ./Generated_Code/ExtIntLdd4.o
                0x00005b7c                ExtIntLdd4_Interrupt
 .text.ExtIntLdd5_Init
                0x00005bb8       0x7c ./Generated_Code/ExtIntLdd5.o
                0x00005bb8                ExtIntLdd5_Init
 .text.ExtIntLdd5_Interrupt
                0x00005c34       0x3c ./Generated_Code/ExtIntLdd5.o
                0x00005c34                ExtIntLdd5_Interrupt
 .text.I2C0_SendChar
                0x00005c70       0x2c ./Generated_Code/I2C0.o
                0x00005c70                I2C0_SendChar
 .text.I2C0_SendBlock
                0x00005c9c       0xc0 ./Generated_Code/I2C0.o
                0x00005c9c                I2C0_SendBlock
 .text.I2C0_SelectSlave
                0x00005d5c       0x34 ./Generated_Code/I2C0.o
                0x00005d5c                I2C0_SelectSlave
 .text.I2C0_Init
                0x00005d90       0x20 ./Generated_Code/I2C0.o
                0x00005d90                I2C0_Init
 .text.IntI2cLdd1_OnMasterBlockSent
                0x00005db0       0x14 ./Generated_Code/I2C0.o
                0x00005db0                IntI2cLdd1_OnMasterBlockSent
 .text.IntI2cLdd1_OnMasterBlockReceived
                0x00005dc4       0x14 ./Generated_Code/I2C0.o
                0x00005dc4                IntI2cLdd1_OnMasterBlockReceived
 .text.IntI2cLdd1_OnError
                0x00005dd8       0x30 ./Generated_Code/I2C0.o
                0x00005dd8                IntI2cLdd1_OnError
 .text.IFsh1_Init
                0x00005e08       0x2c ./Generated_Code/IFsh1.o
                0x00005e08                IFsh1_Init
 .text.IntFlashLdd1_OnOperationComplete
                0x00005e34       0x4c ./Generated_Code/IFsh1.o
                0x00005e34                IntFlashLdd1_OnOperationComplete
 .text.IntFlashLdd1_OnError
                0x00005e80       0x54 ./Generated_Code/IFsh1.o
                0x00005e80                IntFlashLdd1_OnError
 .text.IntFlashLdd1_Init
                0x00005ed4       0xa4 ./Generated_Code/IntFlashLdd1.o
                0x00005ed4                IntFlashLdd1_Init
 .text.IntFlashLdd1_CommandCompleteInterrupt
                0x00005f78      0x24c ./Generated_Code/IntFlashLdd1.o
                0x00005f78                IntFlashLdd1_CommandCompleteInterrupt
 .text.IntFlashLdd1_GetError
                0x000061c4       0x90 ./Generated_Code/IntFlashLdd1.o
                0x000061c4                IntFlashLdd1_GetError
 .text.SafeRoutineCaller
                0x00006254       0x94 ./Generated_Code/IntFlashLdd1.o
 .text.IntI2cLdd1_Interrupt
                0x000062e8      0x2d4 ./Generated_Code/IntI2cLdd1.o
                0x000062e8                IntI2cLdd1_Interrupt
 .text.IntI2cLdd1_Init
                0x000065bc      0x13c ./Generated_Code/IntI2cLdd1.o
                0x000065bc                IntI2cLdd1_Init
 .text.IntI2cLdd1_MasterSendBlock
                0x000066f8      0x190 ./Generated_Code/IntI2cLdd1.o
                0x000066f8                IntI2cLdd1_MasterSendBlock
 .text.IntI2cLdd1_SelectSlaveDevice
                0x00006888       0xf0 ./Generated_Code/IntI2cLdd1.o
                0x00006888                IntI2cLdd1_SelectSlaveDevice
 .text.IntI2cLdd1_GetError
                0x00006978       0x70 ./Generated_Code/IntI2cLdd1.o
                0x00006978                IntI2cLdd1_GetError
 .text.ExtIntLdd2_OnInterrupt
                0x000069e8       0x14 ./Generated_Code/LEVER_DIR1.o
                0x000069e8                ExtIntLdd2_OnInterrupt
 .text.ExtIntLdd3_OnInterrupt
                0x000069fc       0x14 ./Generated_Code/LEVER_DIR2.o
                0x000069fc                ExtIntLdd3_OnInterrupt
 .text.ExtIntLdd5_OnInterrupt
                0x00006a10       0x14 ./Generated_Code/PUSH_BUTTON_REC.o
                0x00006a10                ExtIntLdd5_OnInterrupt
 .text.ExtIntLdd4_OnInterrupt
                0x00006a24       0x14 ./Generated_Code/PUSH_BUTTON_SEND.o
                0x00006a24                ExtIntLdd4_OnInterrupt
 .text.TU1_Init
                0x00006a38       0xb0 ./Generated_Code/TU1.o
                0x00006a38                TU1_Init
 .text.TU1_Enable
                0x00006ae8       0x30 ./Generated_Code/TU1.o
                0x00006ae8                TU1_Enable
 .text.TU1_Disable
                0x00006b18       0x28 ./Generated_Code/TU1.o
                0x00006b18                TU1_Disable
 .text.TU1_Interrupt
                0x00006b40       0x6c ./Generated_Code/TU1.o
                0x00006b40                TU1_Interrupt
 .text.T_100ms_Init
                0x00006bac       0xb0 ./Generated_Code/T_100ms.o
                0x00006bac                T_100ms_Init
 .text.T_100ms_Enable
                0x00006c5c       0x30 ./Generated_Code/T_100ms.o
                0x00006c5c                T_100ms_Enable
 .text.T_100ms_Disable
                0x00006c8c       0x28 ./Generated_Code/T_100ms.o
                0x00006c8c                T_100ms_Disable
 .text.T_100ms_Interrupt
                0x00006cb4       0x6c ./Generated_Code/T_100ms.o
                0x00006cb4                T_100ms_Interrupt
 .text.T_500ms_Init
                0x00006d20       0xcc ./Generated_Code/T_500ms.o
                0x00006d20                T_500ms_Init
 .text.T_500ms_Interrupt
                0x00006dec       0x6c ./Generated_Code/T_500ms.o
                0x00006dec                T_500ms_Interrupt
 .text.WAIT1_Wait10Cycles
                0x00006e58        0x8 ./Generated_Code/WAIT1.o
                0x00006e58                WAIT1_Wait10Cycles
 .text.WAIT1_Wait100Cycles
                0x00006e60       0x1c ./Generated_Code/WAIT1.o
                0x00006e60                WAIT1_Wait100Cycles
 .text.WAIT1_WaitCycles
                0x00006e7c       0x34 ./Generated_Code/WAIT1.o
                0x00006e7c                WAIT1_WaitCycles
 .text.WAIT1_WaitLongCycles
                0x00006eb0       0x38 ./Generated_Code/WAIT1.o
                0x00006eb0                WAIT1_WaitLongCycles
 .text.WAIT1_Waitms
                0x00006ee8       0x2c ./Generated_Code/WAIT1.o
                0x00006ee8                WAIT1_Waitms
 .text.round    0x00006f14       0x9c c:/freescale/kds_v3/toolchain/bin/../lib/gcc/arm-none-eabi/4.8.4/../../../../arm-none-eabi/lib/armv7e-m\libm.a(lib_a-s_round.o)
                0x00006f14                round
 .text.pow      0x00006fb0      0x2f8 c:/freescale/kds_v3/toolchain/bin/../lib/gcc/arm-none-eabi/4.8.4/../../../../arm-none-eabi/lib/armv7e-m\libm.a(lib_a-w_pow.o)
                0x00006fb0                pow
 .text.__ieee754_pow
                0x000072a8      0xa78 c:/freescale/kds_v3/toolchain/bin/../lib/gcc/arm-none-eabi/4.8.4/../../../../arm-none-eabi/lib/armv7e-m\libm.a(lib_a-e_pow.o)
                0x000072a8                __ieee754_pow
 .text.__ieee754_sqrt
                0x00007d20      0x180 c:/freescale/kds_v3/toolchain/bin/../lib/gcc/arm-none-eabi/4.8.4/../../../../arm-none-eabi/lib/armv7e-m\libm.a(lib_a-e_sqrt.o)
                0x00007d20                __ieee754_sqrt
 .text.fabs     0x00007ea0        0x8 c:/freescale/kds_v3/toolchain/bin/../lib/gcc/arm-none-eabi/4.8.4/../../../../arm-none-eabi/lib/armv7e-m\libm.a(lib_a-s_fabs.o)
                0x00007ea0                fabs
 .text.finite   0x00007ea8        0xc c:/freescale/kds_v3/toolchain/bin/../lib/gcc/arm-none-eabi/4.8.4/../../../../arm-none-eabi/lib/armv7e-m\libm.a(lib_a-s_finite.o)
                0x00007ea8                finite
 .text.__fpclassifyd
                0x00007eb4       0x50 c:/freescale/kds_v3/toolchain/bin/../lib/gcc/arm-none-eabi/4.8.4/../../../../arm-none-eabi/lib/armv7e-m\libm.a(lib_a-s_fpclassify.o)
                0x00007eb4                __fpclassifyd
 .text.matherr  0x00007f04        0x4 c:/freescale/kds_v3/toolchain/bin/../lib/gcc/arm-none-eabi/4.8.4/../../../../arm-none-eabi/lib/armv7e-m\libm.a(lib_a-s_matherr.o)
                0x00007f04                matherr
 .text.nan      0x00007f08        0xc c:/freescale/kds_v3/toolchain/bin/../lib/gcc/arm-none-eabi/4.8.4/../../../../arm-none-eabi/lib/armv7e-m\libm.a(lib_a-s_nan.o)
                0x00007f08                nan
 .text.rint     0x00007f14      0x118 c:/freescale/kds_v3/toolchain/bin/../lib/gcc/arm-none-eabi/4.8.4/../../../../arm-none-eabi/lib/armv7e-m\libm.a(lib_a-s_rint.o)
                0x00007f14                rint
 *fill*         0x0000802c        0x4 
 .text.scalbn   0x00008030      0x118 c:/freescale/kds_v3/toolchain/bin/../lib/gcc/arm-none-eabi/4.8.4/../../../../arm-none-eabi/lib/armv7e-m\libm.a(lib_a-s_scalbn.o)
                0x00008030                scalbn
 .text.copysign
                0x00008148       0x14 c:/freescale/kds_v3/toolchain/bin/../lib/gcc/arm-none-eabi/4.8.4/../../../../arm-none-eabi/lib/armv7e-m\libm.a(lib_a-s_copysign.o)
                0x00008148                copysign
 .text.abort    0x0000815c        0xe c:/freescale/kds_v3/toolchain/bin/../lib/gcc/arm-none-eabi/4.8.4/../../../../arm-none-eabi/lib/armv7e-m\libg_s.a(lib_a-abort.o)
                0x0000815c                abort
 *fill*         0x0000816a        0x2 
 .text.__errno  0x0000816c        0xc c:/freescale/kds_v3/toolchain/bin/../lib/gcc/arm-none-eabi/4.8.4/../../../../arm-none-eabi/lib/armv7e-m\libg_s.a(lib_a-errno.o)
                0x0000816c                __errno
 .text.exit     0x00008178       0x28 c:/freescale/kds_v3/toolchain/bin/../lib/gcc/arm-none-eabi/4.8.4/../../../../arm-none-eabi/lib/armv7e-m\libg_s.a(lib_a-exit.o)
                0x00008178                exit
 .text.__libc_init_array
                0x000081a0       0x4c c:/freescale/kds_v3/toolchain/bin/../lib/gcc/arm-none-eabi/4.8.4/../../../../arm-none-eabi/lib/armv7e-m\libg_s.a(lib_a-init.o)
                0x000081a0                __libc_init_array
 .text.memcpy   0x000081ec       0x12 c:/freescale/kds_v3/toolchain/bin/../lib/gcc/arm-none-eabi/4.8.4/../../../../arm-none-eabi/lib/armv7e-m\libg_s.a(lib_a-memcpy-stub.o)
                0x000081ec                memcpy
 .text.memset   0x000081fe       0x10 c:/freescale/kds_v3/toolchain/bin/../lib/gcc/arm-none-eabi/4.8.4/../../../../arm-none-eabi/lib/armv7e-m\libg_s.a(lib_a-memset.o)
                0x000081fe                memset
 .text._raise_r
                0x0000820e       0x50 c:/freescale/kds_v3/toolchain/bin/../lib/gcc/arm-none-eabi/4.8.4/../../../../arm-none-eabi/lib/armv7e-m\libg_s.a(lib_a-signal.o)
                0x0000820e                _raise_r
 *fill*         0x0000825e        0x2 
 .text.raise    0x00008260       0x10 c:/freescale/kds_v3/toolchain/bin/../lib/gcc/arm-none-eabi/4.8.4/../../../../arm-none-eabi/lib/armv7e-m\libg_s.a(lib_a-signal.o)
                0x00008260                raise
 .text._kill_r  0x00008270       0x24 c:/freescale/kds_v3/toolchain/bin/../lib/gcc/arm-none-eabi/4.8.4/../../../../arm-none-eabi/lib/armv7e-m\libg_s.a(lib_a-signalr.o)
                0x00008270                _kill_r
 .text._getpid_r
                0x00008294        0x4 c:/freescale/kds_v3/toolchain/bin/../lib/gcc/arm-none-eabi/4.8.4/../../../../arm-none-eabi/lib/armv7e-m\libg_s.a(lib_a-signalr.o)
                0x00008294                _getpid_r
 .text.strlen   0x00008298       0x10 c:/freescale/kds_v3/toolchain/bin/../lib/gcc/arm-none-eabi/4.8.4/../../../../arm-none-eabi/lib/armv7e-m\libg_s.a(lib_a-strlen.o)
                0x00008298                strlen
 .text._vsprintf_r
                0x000082a8       0x30 c:/freescale/kds_v3/toolchain/bin/../lib/gcc/arm-none-eabi/4.8.4/../../../../arm-none-eabi/lib/armv7e-m\libg_s.a(lib_a-vsprintf.o)
                0x000082a8                _vsprintf_r
                0x000082a8                _vsiprintf_r
 .text.vsprintf
                0x000082d8       0x1c c:/freescale/kds_v3/toolchain/bin/../lib/gcc/arm-none-eabi/4.8.4/../../../../arm-none-eabi/lib/armv7e-m\libg_s.a(lib_a-vsprintf.o)
                0x000082d8                vsiprintf
                0x000082d8                vsprintf
 .text._malloc_r
                0x000082f4       0xa8 c:/freescale/kds_v3/toolchain/bin/../lib/gcc/arm-none-eabi/4.8.4/../../../../arm-none-eabi/lib/armv7e-m\libg_s.a(lib_a-nano-mallocr.o)
                0x000082f4                _malloc_r
 .text._sbrk_r  0x0000839c       0x20 c:/freescale/kds_v3/toolchain/bin/../lib/gcc/arm-none-eabi/4.8.4/../../../../arm-none-eabi/lib/armv7e-m\libg_s.a(lib_a-sbrkr.o)
                0x0000839c                _sbrk_r
 .text.__ssputs_r
                0x000083bc       0xb8 c:/freescale/kds_v3/toolchain/bin/../lib/gcc/arm-none-eabi/4.8.4/../../../../arm-none-eabi/lib/armv7e-m\libg_s.a(lib_a-svfprintf.o)
                0x000083bc                __ssputs_r
 .text._svfprintf_r
                0x00008474      0x1dc c:/freescale/kds_v3/toolchain/bin/../lib/gcc/arm-none-eabi/4.8.4/../../../../arm-none-eabi/lib/armv7e-m\libg_s.a(lib_a-svfprintf.o)
                0x00008474                _svfiprintf_r
                0x00008474                _svfprintf_r
 .text._printf_common
                0x00008650       0xe4 c:/freescale/kds_v3/toolchain/bin/../lib/gcc/arm-none-eabi/4.8.4/../../../../arm-none-eabi/lib/armv7e-m\libg_s.a(lib_a-vfprintf_i.o)
                0x00008650                _printf_common
 .text._printf_i
                0x00008734      0x228 c:/freescale/kds_v3/toolchain/bin/../lib/gcc/arm-none-eabi/4.8.4/../../../../arm-none-eabi/lib/armv7e-m\libg_s.a(lib_a-vfprintf_i.o)
                0x00008734                _printf_i
 .text.memchr   0x0000895c       0x1e c:/freescale/kds_v3/toolchain/bin/../lib/gcc/arm-none-eabi/4.8.4/../../../../arm-none-eabi/lib/armv7e-m\libg_s.a(lib_a-memchr-stub.o)
                0x0000895c                memchr
 .text.memmove  0x0000897a       0x36 c:/freescale/kds_v3/toolchain/bin/../lib/gcc/arm-none-eabi/4.8.4/../../../../arm-none-eabi/lib/armv7e-m\libg_s.a(lib_a-memmove.o)
                0x0000897a                memmove
 .text._free_r  0x000089b0       0x88 c:/freescale/kds_v3/toolchain/bin/../lib/gcc/arm-none-eabi/4.8.4/../../../../arm-none-eabi/lib/armv7e-m\libg_s.a(lib_a-nano-freer.o)
                0x000089b0                _free_r
 .text._realloc_r
                0x00008a38       0x4c c:/freescale/kds_v3/toolchain/bin/../lib/gcc/arm-none-eabi/4.8.4/../../../../arm-none-eabi/lib/armv7e-m\libg_s.a(lib_a-nano-reallocr.o)
                0x00008a38                _realloc_r
 .text._malloc_usable_size_r
                0x00008a84       0x12 c:/freescale/kds_v3/toolchain/bin/../lib/gcc/arm-none-eabi/4.8.4/../../../../arm-none-eabi/lib/armv7e-m\libg_s.a(lib_a-nano-msizer.o)
                0x00008a84                _malloc_usable_size_r
 *fill*         0x00008a96        0x2 
 .text._getpid  0x00008a98       0x10 c:/freescale/kds_v3/toolchain/bin/../lib/gcc/arm-none-eabi/4.8.4/../../../../arm-none-eabi/lib/armv7e-m\libnosys.a(getpid.o)
                0x00008a98                _getpid
 .text._kill    0x00008aa8       0x10 c:/freescale/kds_v3/toolchain/bin/../lib/gcc/arm-none-eabi/4.8.4/../../../../arm-none-eabi/lib/armv7e-m\libnosys.a(kill.o)
                0x00008aa8                _kill
 .text._sbrk    0x00008ab8       0x34 c:/freescale/kds_v3/toolchain/bin/../lib/gcc/arm-none-eabi/4.8.4/../../../../arm-none-eabi/lib/armv7e-m\libnosys.a(sbrk.o)
                0x00008ab8                _sbrk
 .text._exit    0x00008aec        0x4 c:/freescale/kds_v3/toolchain/bin/../lib/gcc/arm-none-eabi/4.8.4/../../../../arm-none-eabi/lib/armv7e-m\libnosys.a(_exit.o)
                0x00008aec                _exit
 *(.rodata)
 .rodata        0x00008af0      0x1c4 ./Sources/display.o
 .rodata        0x00008cb4       0x14 ./Sources/menu.o
 *(.rodata*)
 .rodata.SafeRoutine
                0x00008cc8       0x30 ./Generated_Code/IntFlashLdd1.o
 .rodata.str1.4
                0x00008cf8        0x4 c:/freescale/kds_v3/toolchain/bin/../lib/gcc/arm-none-eabi/4.8.4/../../../../arm-none-eabi/lib/armv7e-m\libm.a(lib_a-w_pow.o)
 *fill*         0x00008cfc        0x4 
 .rodata.dp_h   0x00008d00       0x10 c:/freescale/kds_v3/toolchain/bin/../lib/gcc/arm-none-eabi/4.8.4/../../../../arm-none-eabi/lib/armv7e-m\libm.a(lib_a-e_pow.o)
 .rodata.dp_l   0x00008d10       0x10 c:/freescale/kds_v3/toolchain/bin/../lib/gcc/arm-none-eabi/4.8.4/../../../../arm-none-eabi/lib/armv7e-m\libm.a(lib_a-e_pow.o)
 .rodata.bp     0x00008d20       0x10 c:/freescale/kds_v3/toolchain/bin/../lib/gcc/arm-none-eabi/4.8.4/../../../../arm-none-eabi/lib/armv7e-m\libm.a(lib_a-e_pow.o)
 .rodata.str1.4
                0x00008d30        0x4 c:/freescale/kds_v3/toolchain/bin/../lib/gcc/arm-none-eabi/4.8.4/../../../../arm-none-eabi/lib/armv7e-m\libm.a(lib_a-e_pow.o)
 *fill*         0x00008d34        0x4 
 .rodata.TWO52  0x00008d38       0x10 c:/freescale/kds_v3/toolchain/bin/../lib/gcc/arm-none-eabi/4.8.4/../../../../arm-none-eabi/lib/armv7e-m\libm.a(lib_a-s_rint.o)
 .rodata.str1.1
                0x00008d48        0x2 c:/freescale/kds_v3/toolchain/bin/../lib/gcc/arm-none-eabi/4.8.4/../../../../arm-none-eabi/lib/armv7e-m\libg_s.a(lib_a-impure.o)
 *fill*         0x00008d4a        0x2 
 .rodata._global_impure_ptr
                0x00008d4c        0x4 c:/freescale/kds_v3/toolchain/bin/../lib/gcc/arm-none-eabi/4.8.4/../../../../arm-none-eabi/lib/armv7e-m\libg_s.a(lib_a-impure.o)
                0x00008d4c                _global_impure_ptr
 .rodata.str1.1
                0x00008d50       0x11 c:/freescale/kds_v3/toolchain/bin/../lib/gcc/arm-none-eabi/4.8.4/../../../../arm-none-eabi/lib/armv7e-m\libg_s.a(lib_a-svfprintf.o)
 .rodata.str1.1
                0x00008d61       0x22 c:/freescale/kds_v3/toolchain/bin/../lib/gcc/arm-none-eabi/4.8.4/../../../../arm-none-eabi/lib/armv7e-m\libg_s.a(lib_a-vfprintf_i.o)
 *(.glue_7)
 .glue_7        0x00000000        0x0 linker stubs
 *(.glue_7t)
 .glue_7t       0x00000000        0x0 linker stubs
 *(.eh_frame)
 *fill*         0x00008d83        0x1 
 .eh_frame      0x00008d84        0x0 c:/freescale/kds_v3/toolchain/bin/../lib/gcc/arm-none-eabi/4.8.4/armv7e-m/crtbegin.o
 *(.init)
 .init          0x00008d84        0x4 c:/freescale/kds_v3/toolchain/bin/../lib/gcc/arm-none-eabi/4.8.4/armv7e-m/crti.o
                0x00008d84                _init
 .init          0x00008d88        0x8 c:/freescale/kds_v3/toolchain/bin/../lib/gcc/arm-none-eabi/4.8.4/armv7e-m/crtn.o
 *(.fini)
 .fini          0x00008d90        0x4 c:/freescale/kds_v3/toolchain/bin/../lib/gcc/arm-none-eabi/4.8.4/armv7e-m/crti.o
                0x00008d90                _fini
 .fini          0x00008d94        0x8 c:/freescale/kds_v3/toolchain/bin/../lib/gcc/arm-none-eabi/4.8.4/armv7e-m/crtn.o
                0x00008d9c                . = ALIGN (0x4)
                0x00008d9c                _etext = .

.vfp11_veneer   0x00008d9c        0x0
 .vfp11_veneer  0x00000000        0x0 linker stubs

.v4_bx          0x00008d9c        0x0
 .v4_bx         0x00000000        0x0 linker stubs

.iplt           0x00008d9c        0x0
 .iplt          0x00000000        0x0 c:/freescale/kds_v3/toolchain/bin/../lib/gcc/arm-none-eabi/4.8.4/armv7e-m/crtbegin.o

.ARM.extab      0x00008d9c      0x120
 *(.ARM.extab* .gnu.linkonce.armextab.*)
 .ARM.extab.text.LCD_command
                0x00008d9c        0xc ./Sources/LCD.o
 .ARM.extab.text.LCD_Set_Cursor
                0x00008da8        0xc ./Sources/LCD.o
 .ARM.extab.text.LCD_Write
                0x00008db4        0xc ./Sources/LCD.o
 .ARM.extab.text.load_custom_char
                0x00008dc0        0xc ./Sources/LCD.o
 .ARM.extab.text.LCD_Write_At
                0x00008dcc        0xc ./Sources/LCD.o
 .ARM.extab.text.LCD_Write_Block
                0x00008dd8        0xc ./Sources/LCD.o
 .ARM.extab.text.PCA9670_SendByte
                0x00008de4        0xc ./Sources/PCA9670.o
 .ARM.extab.text.print_float_at
                0x00008df0        0xc ./Sources/display.o
 .ARM.extab.text.print_int_at
                0x00008dfc        0xc ./Sources/display.o
 .ARM.extab.text.load_char
                0x00008e08        0xc ./Sources/display.o
 .ARM.extab.text.menu_init
                0x00008e14        0xc ./Sources/display.o
 .ARM.extab.text.refresh
                0x00008e20        0xc ./Sources/display.o
 .ARM.extab.text.select
                0x00008e2c        0xc ./Sources/display.o
 .ARM.extab.text.back
                0x00008e38        0xc ./Sources/display.o
 .ARM.extab.text.refresh_fct
                0x00008e44        0xc ./Sources/display.o
 .ARM.extab.text.print_menu
                0x00008e50        0xc ./Sources/menu.o
 .ARM.extab.text.print_sub_menu
                0x00008e5c        0xc ./Sources/menu.o
 .ARM.extab.text.menu_select
                0x00008e68        0xc ./Sources/menu.o
 .ARM.extab.text.menu_back
                0x00008e74        0xc ./Sources/menu.o
 .ARM.extab.text.refresh_menu
                0x00008e80        0xc ./Sources/menu.o
 .ARM.extab.text.send_fct
                0x00008e8c        0xc ./Sources/send.o
 .ARM.extab     0x00008e98        0xc c:/freescale/kds_v3/toolchain/bin/../lib/gcc/arm-none-eabi/4.8.4/armv7e-m\libgcc.a(unwind-arm.o)
 .ARM.extab     0x00008ea4       0x18 c:/freescale/kds_v3/toolchain/bin/../lib/gcc/arm-none-eabi/4.8.4/armv7e-m\libgcc.a(pr-support.o)

.ARM            0x00008ebc      0x1a8
                0x00008ebc                __exidx_start = .
 *(.ARM.exidx*)
 .ARM.exidx     0x00008ebc        0x8 c:/freescale/kds_v3/toolchain/bin/../lib/gcc/arm-none-eabi/4.8.4/../../../../arm-none-eabi/lib/armv7e-m/crt0.o
 .ARM.exidx.text.LCD_Init
                0x00008f84        0x8 ./Sources/LCD.o
 .ARM.exidx.text.LCD_command
                0x00008f8c        0x8 ./Sources/LCD.o
 .ARM.exidx.text.LCD_Set_Cursor
                0x00008f94        0x8 ./Sources/LCD.o
 .ARM.exidx.text.LCD_Write
                0x00008f9c        0x8 ./Sources/LCD.o
 .ARM.exidx.text.load_custom_char
                0x00008fa4        0x8 ./Sources/LCD.o
 .ARM.exidx.text.LCD_Write_At
                0x00008fac        0x8 ./Sources/LCD.o
 .ARM.exidx.text.LCD_Write_Block
                0x00008fb4        0x8 ./Sources/LCD.o
 .ARM.exidx.text.PCA9670_Init
                0x00008fbc        0x8 ./Sources/PCA9670.o
 .ARM.exidx.text.PCA9670_SendByte
                0x00008fc4        0x8 ./Sources/PCA9670.o
 .ARM.exidx.text.vspfunc
                0x00008fcc        0x8 ./Sources/display.o
 .ARM.exidx.text.print_float_at
                0x00008fd4        0x8 ./Sources/display.o
 .ARM.exidx.text.print_int_at
                0x00008fdc        0x8 ./Sources/display.o
 .ARM.exidx.text.load_char
                0x00008fe4        0x8 ./Sources/display.o
 .ARM.exidx.text.menu_init
                0x00008fec        0x8 ./Sources/display.o
 .ARM.exidx.text.refresh
                0x00008ff4        0x8 ./Sources/display.o
 .ARM.exidx.text.select
                0x00008ffc        0x8 ./Sources/display.o
 .ARM.exidx.text.back
                0x00009004        0x8 ./Sources/display.o
 .ARM.exidx.text.refresh_fct
                0x0000900c        0x8 ./Sources/display.o
 .ARM.exidx.text.velocity_fct
                0x00009014        0x8 ./Sources/display.o
 .ARM.exidx.text.acceleration_fct
                0x0000901c        0x0 ./Sources/display.o
                                  0x8 (size before relaxing)
 .ARM.exidx.text.deceleration_fct
                0x0000901c        0x0 ./Sources/display.o
                                  0x8 (size before relaxing)
 .ARM.exidx.text.back_fct
                0x0000901c        0x0 ./Sources/display.o
                                  0x8 (size before relaxing)
 .ARM.exidx.text.pos_position_fct
                0x0000901c        0x0 ./Sources/display.o
                                  0x8 (size before relaxing)
 .ARM.exidx.text.pos_velocity_fct
                0x0000901c        0x0 ./Sources/display.o
                                  0x8 (size before relaxing)
 .ARM.exidx.text.pos_acceleration_fct
                0x0000901c        0x0 ./Sources/display.o
                                  0x8 (size before relaxing)
 .ARM.exidx.text.pos_deceleration_fct
                0x0000901c        0x0 ./Sources/display.o
                                  0x8 (size before relaxing)
 .ARM.exidx.text.torque_fct
                0x0000901c        0x0 ./Sources/display.o
                                  0x8 (size before relaxing)
 .ARM.exidx.text.torque_rise_fct
                0x0000901c        0x0 ./Sources/display.o
                                  0x8 (size before relaxing)
 .ARM.exidx.text.torque_fall_fct
                0x0000901c        0x0 ./Sources/display.o
                                  0x8 (size before relaxing)
 .ARM.exidx.text._Z41__static_initialization_and_destruction_0ii
                0x0000901c        0x8 ./Sources/display.o
 .ARM.exidx.text._GLOBAL__sub_I_buffer
                0x00009024        0x0 ./Sources/display.o
                                  0x8 (size before relaxing)
 .ARM.exidx.text.init_menu
                0x00009024        0x0 ./Sources/menu.o
                                  0x8 (size before relaxing)
 .ARM.exidx.text.init_sub_menu
                0x00009024        0x0 ./Sources/menu.o
                                  0x8 (size before relaxing)
 .ARM.exidx.text.init_menu_list
                0x00009024        0x0 ./Sources/menu.o
                                  0x8 (size before relaxing)
 .ARM.exidx.text.init_sub_menu_list
                0x00009024        0x0 ./Sources/menu.o
                                  0x8 (size before relaxing)
 .ARM.exidx.text.print_menu
                0x00009024        0x8 ./Sources/menu.o
 .ARM.exidx.text.print_sub_menu
                0x0000902c        0x8 ./Sources/menu.o
 .ARM.exidx.text.menu_select
                0x00009034        0x8 ./Sources/menu.o
 .ARM.exidx.text.menu_back
                0x0000903c        0x8 ./Sources/menu.o
 .ARM.exidx.text.refresh_menu
                0x00009044        0x8 ./Sources/menu.o
 .ARM.exidx.text.void_function
                0x0000904c        0x8 ./Sources/menu.o
 .ARM.exidx.text.parameters_init
                0x00009054        0x0 ./Sources/parameters.o
                                  0x8 (size before relaxing)
 .ARM.exidx.text.convert
                0x00009054        0x0 ./Sources/parameters.o
                                  0x8 (size before relaxing)
 .ARM.exidx.text.send_fct
                0x00009054       0x10 ./Sources/send.o
                                  0x8 (size before relaxing)
 .ARM.exidx     0x00008ec4       0x88 c:/freescale/kds_v3/toolchain/bin/../lib/gcc/arm-none-eabi/4.8.4/armv7e-m\libgcc.a(unwind-arm.o)
                                 0xd8 (size before relaxing)
 .ARM.exidx     0x00008f4c       0x38 c:/freescale/kds_v3/toolchain/bin/../lib/gcc/arm-none-eabi/4.8.4/armv7e-m\libgcc.a(pr-support.o)
                                 0x48 (size before relaxing)
                0x00009064                __exidx_end = .

.rel.dyn        0x00009064        0x0
 .rel.iplt      0x00000000        0x0 c:/freescale/kds_v3/toolchain/bin/../lib/gcc/arm-none-eabi/4.8.4/armv7e-m/crtbegin.o

.ctors          0x00009064        0x0
                0x00009064                __CTOR_LIST__ = .
 *crtbegin.o(.ctors)
 *(EXCLUDE_FILE(*crtend.o) .ctors)
 *(SORT(.ctors.*))
 *(.ctors)
                0x00009064                __CTOR_END__ = .

.dtors          0x00009064        0x0
                0x00009064                __DTOR_LIST__ = .
 *crtbegin.o(.dtors)
 *(EXCLUDE_FILE(*crtend.o) .dtors)
 *(SORT(.dtors.*))
 *(.dtors)
                0x00009064                __DTOR_END__ = .

.preinit_array  0x00009064        0x0
                0x00009064                PROVIDE (__preinit_array_start, .)
 *(.preinit_array*)
                0x00009064                PROVIDE (__preinit_array_end, .)

.init_array     0x00009064        0x8
                0x00009064                PROVIDE (__init_array_start, .)
 *(SORT(.init_array.*))
 *(.init_array*)
 .init_array    0x00009064        0x4 c:/freescale/kds_v3/toolchain/bin/../lib/gcc/arm-none-eabi/4.8.4/armv7e-m/crtbegin.o
 .init_array    0x00009068        0x4 ./Sources/display.o
                0x0000906c                PROVIDE (__init_array_end, .)

.fini_array     0x0000906c        0x4
                0x0000906c                PROVIDE (__fini_array_start, .)
 *(SORT(.fini_array.*))
 *(.fini_array*)
 .fini_array    0x0000906c        0x4 c:/freescale/kds_v3/toolchain/bin/../lib/gcc/arm-none-eabi/4.8.4/armv7e-m/crtbegin.o
                0x00009070                PROVIDE (__fini_array_end, .)
                0x00009070                ___ROM_AT = .

.data           0x1fff8000       0x68 load address 0x00009070
                0x1fff8000                . = ALIGN (0x4)
                0x1fff8000                _sdata = .
 *(.data)
 *(.data*)
 .data.__fdlib_version
                0x1fff8000        0x1 c:/freescale/kds_v3/toolchain/bin/../lib/gcc/arm-none-eabi/4.8.4/../../../../arm-none-eabi/lib/armv7e-m\libm.a(lib_a-s_lib_ver.o)
                0x1fff8000                __fdlib_version
 *fill*         0x1fff8001        0x3 
 .data.impure_data
                0x1fff8004       0x60 c:/freescale/kds_v3/toolchain/bin/../lib/gcc/arm-none-eabi/4.8.4/../../../../arm-none-eabi/lib/armv7e-m\libg_s.a(lib_a-impure.o)
 .data._impure_ptr
                0x1fff8064        0x4 c:/freescale/kds_v3/toolchain/bin/../lib/gcc/arm-none-eabi/4.8.4/../../../../arm-none-eabi/lib/armv7e-m\libg_s.a(lib_a-impure.o)
                0x1fff8064                _impure_ptr
                0x1fff8068                . = ALIGN (0x4)
                0x1fff8068                _edata = .
                0x00000068                ___data_size = (_edata - _sdata)
                0x000090d8                ___m_data_20000000_ROMStart = (___ROM_AT + SIZEOF (.data))

.jcr            0x1fff8068        0x0 load address 0x000090d8
 .jcr           0x1fff8068        0x0 c:/freescale/kds_v3/toolchain/bin/../lib/gcc/arm-none-eabi/4.8.4/armv7e-m/crtbegin.o

.igot.plt       0x1fff8068        0x0 load address 0x000090d8
 .igot.plt      0x00000000        0x0 c:/freescale/kds_v3/toolchain/bin/../lib/gcc/arm-none-eabi/4.8.4/armv7e-m/crtbegin.o

.m_data_20000000
                0x20000000        0x0 load address 0x000090d8
                0x20000000                . = ALIGN (0x4)
                0x20000000                ___m_data_20000000_RAMStart = .
 *(.m_data_20000000)
                0x20000000                ___m_data_20000000_RAMEnd = .
                0x20000000                . = ALIGN (0x4)
                0x00000000                ___m_data_20000000_ROMSize = (___m_data_20000000_RAMEnd - ___m_data_20000000_RAMStart)
                0x20000000                . = ALIGN (0x4)

.bss            0x1fff8068      0x6a0 load address 0x000090d8
                0x1fff8068                __START_BSS = .
                0x1fff8068                PROVIDE (__bss_start__, __START_BSS)
 *(.bss)
 .bss           0x1fff8068       0x1c c:/freescale/kds_v3/toolchain/bin/../lib/gcc/arm-none-eabi/4.8.4/armv7e-m/crtbegin.o
 *(.bss*)
 .bss.LCD_flag  0x1fff8084        0x1 ./Sources/LCD.o
                0x1fff8084                LCD_flag
 *fill*         0x1fff8085        0x3 
 .bss.buffer    0x1fff8088       0x50 ./Sources/display.o
                0x1fff8088                buffer
 .bss.FLAG_MENU
                0x1fff80d8        0x1 ./Sources/display.o
                0x1fff80d8                FLAG_MENU
 *fill*         0x1fff80d9        0x3 
 .bss.back_menu
                0x1fff80dc       0x10 ./Sources/display.o
                0x1fff80dc                back_menu
 .bss.vel_velocity
                0x1fff80ec       0x10 ./Sources/display.o
                0x1fff80ec                vel_velocity
 .bss.vel_acc   0x1fff80fc       0x10 ./Sources/display.o
                0x1fff80fc                vel_acc
 .bss.vel_dec   0x1fff810c       0x10 ./Sources/display.o
                0x1fff810c                vel_dec
 .bss.vel_cue   0x1fff811c       0x10 ./Sources/display.o
                0x1fff811c                vel_cue
 .bss.sub_menu_velocity
                0x1fff812c       0x50 ./Sources/display.o
                0x1fff812c                sub_menu_velocity
 .bss.menu_velocity
                0x1fff817c        0xc ./Sources/display.o
                0x1fff817c                menu_velocity
 .bss.pos_position
                0x1fff8188       0x10 ./Sources/display.o
                0x1fff8188                pos_position
 .bss.pos_velocity
                0x1fff8198       0x10 ./Sources/display.o
                0x1fff8198                pos_velocity
 .bss.pos_acc   0x1fff81a8       0x10 ./Sources/display.o
                0x1fff81a8                pos_acc
 .bss.pos_dec   0x1fff81b8       0x10 ./Sources/display.o
                0x1fff81b8                pos_dec
 .bss.pos_cue   0x1fff81c8       0x10 ./Sources/display.o
                0x1fff81c8                pos_cue
 .bss.sub_menu_position
                0x1fff81d8       0x60 ./Sources/display.o
                0x1fff81d8                sub_menu_position
 .bss.menu_position
                0x1fff8238        0xc ./Sources/display.o
                0x1fff8238                menu_position
 .bss.tor_torque
                0x1fff8244       0x10 ./Sources/display.o
                0x1fff8244                tor_torque
 .bss.tor_torque_rise
                0x1fff8254       0x10 ./Sources/display.o
                0x1fff8254                tor_torque_rise
 .bss.tor_torque_fall
                0x1fff8264       0x10 ./Sources/display.o
                0x1fff8264                tor_torque_fall
 .bss.tor_cue   0x1fff8274       0x10 ./Sources/display.o
                0x1fff8274                tor_cue
 .bss.sub_menu_torque
                0x1fff8284       0x50 ./Sources/display.o
                0x1fff8284                sub_menu_torque
 .bss.menu_torque
                0x1fff82d4        0xc ./Sources/display.o
                0x1fff82d4                menu_torque
 .bss.velocity  0x1fff82e0       0x18 ./Sources/display.o
                0x1fff82e0                velocity
 .bss.position  0x1fff82f8       0x18 ./Sources/display.o
                0x1fff82f8                position
 .bss.torque    0x1fff8310       0x18 ./Sources/display.o
                0x1fff8310                torque
 .bss.setting   0x1fff8328       0x18 ./Sources/display.o
                0x1fff8328                setting
 .bss.menu_array
                0x1fff8340       0x60 ./Sources/display.o
                0x1fff8340                menu_array
 .bss.root_menu
                0x1fff83a0        0xc ./Sources/display.o
                0x1fff83a0                root_menu
 .bss.FLAG_PUSH_SHORT
                0x1fff83ac        0x1 ./Sources/encoder_variable.o
                0x1fff83ac                FLAG_PUSH_SHORT
 .bss.FLAG_PUSH_LONG
                0x1fff83ad        0x1 ./Sources/encoder_variable.o
                0x1fff83ad                FLAG_PUSH_LONG
 .bss.FLAG_ENCODER
                0x1fff83ae        0x1 ./Sources/encoder_variable.o
                0x1fff83ae                FLAG_ENCODER
 .bss.FLAG_DEBOUNCE
                0x1fff83af        0x1 ./Sources/encoder_variable.o
                0x1fff83af                FLAG_DEBOUNCE
 .bss.counter_100ms
                0x1fff83b0        0x4 ./Sources/encoder_variable.o
                0x1fff83b0                counter_100ms
 .bss.encoder   0x1fff83b4        0x4 ./Sources/encoder_variable.o
                0x1fff83b4                encoder
 .bss.menu_indicator
                0x1fff83b8        0x4 ./Sources/parameters.o
                0x1fff83b8                menu_indicator
 .bss.vel       0x1fff83bc       0x14 ./Sources/parameters.o
                0x1fff83bc                vel
 .bss.pos       0x1fff83d0       0x1c ./Sources/parameters.o
                0x1fff83d0                pos
 .bss.tor       0x1fff83ec       0x14 ./Sources/parameters.o
                0x1fff83ec                tor
 .bss.in_buffer
                0x1fff8400       0x80 ./Sources/protocol.o
                0x1fff8400                in_buffer
 .bss.cnt       0x1fff8480        0x1 ./Sources/protocol.o
                0x1fff8480                cnt
 .bss.FLAG_MSG_RCV
                0x1fff8481        0x1 ./Sources/protocol.o
                0x1fff8481                FLAG_MSG_RCV
 .bss.FLAG_MSG_ERR
                0x1fff8482        0x1 ./Sources/protocol.o
                0x1fff8482                FLAG_MSG_ERR
 .bss.FLAG_MSG_OK
                0x1fff8483        0x1 ./Sources/protocol.o
                0x1fff8483                FLAG_MSG_OK
 .bss.nb_data   0x1fff8484        0x4 ./Sources/protocol.o
                0x1fff8484                nb_data
 .bss.FLAG_SEND
                0x1fff8488        0x1 ./Sources/send.o
                0x1fff8488                FLAG_SEND
 *fill*         0x1fff8489        0x1 
 .bss.SerFlag   0x1fff848a        0x2 ./Generated_Code/AS1.o
 .bss.AS1_InpLen
                0x1fff848c        0x2 ./Generated_Code/AS1.o
 .bss.InpIndexR
                0x1fff848e        0x2 ./Generated_Code/AS1.o
 .bss.InpIndexW
                0x1fff8490        0x2 ./Generated_Code/AS1.o
 *fill*         0x1fff8492        0x2 
 .bss.InpBuffer
                0x1fff8494       0x80 ./Generated_Code/AS1.o
 .bss.BufferRead
                0x1fff8514        0x1 ./Generated_Code/AS1.o
 *fill*         0x1fff8515        0x1 
 .bss.AS1_OutLen
                0x1fff8516        0x2 ./Generated_Code/AS1.o
 .bss.OutIndexR
                0x1fff8518        0x2 ./Generated_Code/AS1.o
 .bss.OutIndexW
                0x1fff851a        0x2 ./Generated_Code/AS1.o
 .bss.OutBuffer
                0x1fff851c       0x80 ./Generated_Code/AS1.o
 .bss.OnFreeTxBufSemaphore
                0x1fff859c        0x1 ./Generated_Code/AS1.o
 *fill*         0x1fff859d        0x3 
 .bss.DeviceDataPrv__DEFAULT_RTOS_ALLOC
                0x1fff85a0       0x20 ./Generated_Code/ASerialLdd1.o
 .bss.INT_UART0_RX_TX__DEFAULT_RTOS_ISRPARAM
                0x1fff85c0        0x4 ./Generated_Code/ASerialLdd1.o
 .bss.INT_UART0_ERR__DEFAULT_RTOS_ISRPARAM
                0x1fff85c4        0x4 ./Generated_Code/ASerialLdd1.o
 .bss.DeviceDataPrv__DEFAULT_RTOS_ALLOC
                0x1fff85c8        0x4 ./Generated_Code/BitIoLdd1.o
 .bss.DeviceDataPrv__DEFAULT_RTOS_ALLOC
                0x1fff85cc        0x4 ./Generated_Code/BitIoLdd2.o
 .bss.DeviceDataPrv__DEFAULT_RTOS_ALLOC
                0x1fff85d0        0x4 ./Generated_Code/BitIoLdd3.o
 .bss.DeviceDataPrv__DEFAULT_RTOS_ALLOC
                0x1fff85d4        0x4 ./Generated_Code/BitIoLdd4.o
 .bss.DeviceDataPrv__DEFAULT_RTOS_ALLOC
                0x1fff85d8        0x4 ./Generated_Code/BitIoLdd5.o
 .bss.DeviceDataPrv__DEFAULT_RTOS_ALLOC
                0x1fff85dc        0x4 ./Generated_Code/BitIoLdd6.o
 .bss.DeviceDataPrv__DEFAULT_RTOS_ALLOC
                0x1fff85e0        0x4 ./Generated_Code/BitIoLdd7.o
 .bss.SR_lock   0x1fff85e4        0x1 ./Generated_Code/Cpu.o
                0x1fff85e4                SR_lock
 *fill*         0x1fff85e5        0x3 
 .bss.DeviceDataPrv__DEFAULT_RTOS_ALLOC
                0x1fff85e8        0xc ./Generated_Code/ENCODER.o
 .bss.INT_PORTC__DEFAULT_RTOS_ISRPARAM
                0x1fff85f4        0x4 ./Generated_Code/ENCODER.o
 .bss.DeviceDataPrv__DEFAULT_RTOS_ALLOC
                0x1fff85f8        0x4 ./Generated_Code/ExtIntLdd1.o
 .bss.INT_PORTC__DEFAULT_RTOS_ISRPARAM
                0x1fff85fc        0x4 ./Generated_Code/ExtIntLdd1.o
 .bss.DeviceDataPrv__DEFAULT_RTOS_ALLOC
                0x1fff8600        0x4 ./Generated_Code/ExtIntLdd2.o
 .bss.INT_PORTC__DEFAULT_RTOS_ISRPARAM
                0x1fff8604        0x4 ./Generated_Code/ExtIntLdd2.o
 .bss.DeviceDataPrv__DEFAULT_RTOS_ALLOC
                0x1fff8608        0x4 ./Generated_Code/ExtIntLdd3.o
 .bss.INT_PORTC__DEFAULT_RTOS_ISRPARAM
                0x1fff860c        0x4 ./Generated_Code/ExtIntLdd3.o
 .bss.DeviceDataPrv__DEFAULT_RTOS_ALLOC
                0x1fff8610        0x4 ./Generated_Code/ExtIntLdd4.o
 .bss.INT_PORTC__DEFAULT_RTOS_ISRPARAM
                0x1fff8614        0x4 ./Generated_Code/ExtIntLdd4.o
 .bss.DeviceDataPrv__DEFAULT_RTOS_ALLOC
                0x1fff8618        0x4 ./Generated_Code/ExtIntLdd5.o
 .bss.INT_PORTC__DEFAULT_RTOS_ISRPARAM
                0x1fff861c        0x4 ./Generated_Code/ExtIntLdd5.o
 .bss.OutLenM   0x1fff8620        0x2 ./Generated_Code/I2C0.o
 .bss.ChrTemp   0x1fff8622        0x1 ./Generated_Code/I2C0.o
 *fill*         0x1fff8623        0x1 
 .bss.IFsh1_CurrentCommand
                0x1fff8624        0x4 ./Generated_Code/IFsh1.o
 .bss.IFsh1_CmdResult
                0x1fff8628        0x1 ./Generated_Code/IFsh1.o
 .bss.IFsh1_CmdPending
                0x1fff8629        0x1 ./Generated_Code/IFsh1.o
 .bss.IFsh1_EnEvent
                0x1fff862a        0x1 ./Generated_Code/IFsh1.o
 *fill*         0x1fff862b        0x1 
 .bss.IntFlashLdd1_DevDataPtr
                0x1fff862c        0x4 ./Generated_Code/IFsh1.o
 .bss.DeviceDataPrv__DEFAULT_RTOS_ALLOC
                0x1fff8630       0x18 ./Generated_Code/IntFlashLdd1.o
 .bss.INT_FTFL__DEFAULT_RTOS_ISRPARAM
                0x1fff8648        0x4 ./Generated_Code/IntFlashLdd1.o
 .bss.INT_Read_Collision__DEFAULT_RTOS_ISRPARAM
                0x1fff864c        0x4 ./Generated_Code/IntFlashLdd1.o
 .bss.DeviceDataPrv__DEFAULT_RTOS_ALLOC
                0x1fff8650       0x1c ./Generated_Code/IntI2cLdd1.o
 .bss.INT_I2C0__DEFAULT_RTOS_ISRPARAM
                0x1fff866c        0x4 ./Generated_Code/IntI2cLdd1.o
 .bss.PE_LDD_DeviceDataList
                0x1fff8670       0x4c ./Generated_Code/PE_LDD.o
                0x1fff8670                PE_LDD_DeviceDataList
 .bss.DeviceDataPrv__DEFAULT_RTOS_ALLOC
                0x1fff86bc        0xc ./Generated_Code/TU1.o
 .bss.INT_FTM2__DEFAULT_RTOS_ISRPARAM
                0x1fff86c8        0x4 ./Generated_Code/TU1.o
 .bss.DeviceDataPrv__DEFAULT_RTOS_ALLOC
                0x1fff86cc        0xc ./Generated_Code/T_100ms.o
 .bss.INT_FTM1__DEFAULT_RTOS_ISRPARAM
                0x1fff86d8        0x4 ./Generated_Code/T_100ms.o
 .bss.DeviceDataPrv__DEFAULT_RTOS_ALLOC
                0x1fff86dc        0x8 ./Generated_Code/T_500ms.o
 .bss.INT_FTM0__DEFAULT_RTOS_ISRPARAM
                0x1fff86e4        0x4 ./Generated_Code/T_500ms.o
 .bss.__malloc_sbrk_start
                0x1fff86e8        0x4 c:/freescale/kds_v3/toolchain/bin/../lib/gcc/arm-none-eabi/4.8.4/../../../../arm-none-eabi/lib/armv7e-m\libg_s.a(lib_a-nano-mallocr.o)
                0x1fff86e8                __malloc_sbrk_start
 .bss.__malloc_free_list
                0x1fff86ec        0x4 c:/freescale/kds_v3/toolchain/bin/../lib/gcc/arm-none-eabi/4.8.4/../../../../arm-none-eabi/lib/armv7e-m\libg_s.a(lib_a-nano-mallocr.o)
                0x1fff86ec                __malloc_free_list
 .bss.heap_end.4246
                0x1fff86f0        0x4 c:/freescale/kds_v3/toolchain/bin/../lib/gcc/arm-none-eabi/4.8.4/../../../../arm-none-eabi/lib/armv7e-m\libnosys.a(sbrk.o)
 *(COMMON)
 COMMON         0x1fff86f4        0x4 ./Generated_Code/AS1.o
                0x1fff86f4                ASerialLdd1_DeviceDataPtr
 COMMON         0x1fff86f8        0x1 ./Generated_Code/Cpu.o
                0x1fff86f8                SR_reg
 *fill*         0x1fff86f9        0x3 
 COMMON         0x1fff86fc        0x8 ./Generated_Code/I2C0.o
                0x1fff86fc                I2C0_SndRcvTemp
                0x1fff8700                IntI2cLdd1_DeviceDataPtr
 COMMON         0x1fff8704        0x4 c:/freescale/kds_v3/toolchain/bin/../lib/gcc/arm-none-eabi/4.8.4/../../../../arm-none-eabi/lib/armv7e-m\libg_s.a(lib_a-reent.o)
                0x1fff8704                errno
                0x1fff8708                . = ALIGN (0x4)
                0x1fff8708                __END_BSS = .
                0x1fff8708                PROVIDE (__bss_end__, __END_BSS)
                0x000090d8                _romp_at = ((___ROM_AT + SIZEOF (.data)) + SIZEOF (.m_data_20000000))

.romp           0x1fff8708       0x24 load address 0x000090d8
                0x000090d8                __S_romp = _romp_at
                0x1fff8708        0x4 LONG 0x9070 ___ROM_AT
                0x1fff870c        0x4 LONG 0x1fff8000 _sdata
                0x1fff8710        0x4 LONG 0x68 ___data_size
                0x1fff8714        0x4 LONG 0x90d8 ___m_data_20000000_ROMStart
                0x1fff8718        0x4 LONG 0x20000000 ___m_data_20000000_RAMStart
                0x1fff871c        0x4 LONG 0x0 ___m_data_20000000_ROMSize
                0x1fff8720        0x4 LONG 0x0
                0x1fff8724        0x4 LONG 0x0
                0x1fff8728        0x4 LONG 0x0
                0x00040000                text_end = (ORIGIN (m_text) + 0x3fbf0)
                0x000090fc                data_init_end = ((___m_data_20000000_ROMStart + SIZEOF (.m_data_20000000)) + SIZEOF (.romp))
                0x00000001                ASSERT ((data_init_end <= text_end), region m_text overflowed with text and data)

._user_heap_stack
                0x1fff872c      0x400 load address 0x000090fc
                0x1fff872c                . = ALIGN (0x4)
                0x1fff872c                PROVIDE (end, .)
                0x1fff872c                PROVIDE (_end, .)
                0x1fff872c                PROVIDE (__end__, .)
                0x1fff872c                __heap_addr = .
                0x1fff872c                __HeapBase = .
                0x1fff872c                . = (. + __heap_size)
                0x1fff872c                __HeapLimit = .
                0x1fff8b2c                . = (. + __stack_size)
 *fill*         0x1fff872c      0x400 
                0x1fff8b2c                . = ALIGN (0x4)

.ARM.attributes
                0x00000000       0x2a
 *(.ARM.attributes)
 .ARM.attributes
                0x00000000       0x1e c:/freescale/kds_v3/toolchain/bin/../lib/gcc/arm-none-eabi/4.8.4/armv7e-m/crti.o
 .ARM.attributes
                0x0000001e       0x2e c:/freescale/kds_v3/toolchain/bin/../lib/gcc/arm-none-eabi/4.8.4/armv7e-m/crtbegin.o
 .ARM.attributes
                0x0000004c       0x1c c:/freescale/kds_v3/toolchain/bin/../lib/gcc/arm-none-eabi/4.8.4/../../../../arm-none-eabi/lib/armv7e-m/crt0.o
 .ARM.attributes
                0x00000068       0x33 ./Sources/Events.o
 .ARM.attributes
                0x0000009b       0x33 ./Sources/LCD.o
 .ARM.attributes
                0x000000ce       0x33 ./Sources/PCA9670.o
 .ARM.attributes
                0x00000101       0x33 ./Sources/display.o
 .ARM.attributes
                0x00000134       0x33 ./Sources/encoder_variable.o
 .ARM.attributes
                0x00000167       0x33 ./Sources/main.o
 .ARM.attributes
                0x0000019a       0x33 ./Sources/menu.o
 .ARM.attributes
                0x000001cd       0x33 ./Sources/parameters.o
 .ARM.attributes
                0x00000200       0x33 ./Sources/protocol.o
 .ARM.attributes
                0x00000233       0x33 ./Sources/send.o
 .ARM.attributes
                0x00000266       0x33 ./Project_Settings/Startup_Code/startup.o
 .ARM.attributes
                0x00000299       0x33 ./Generated_Code/AS1.o
 .ARM.attributes
                0x000002cc       0x33 ./Generated_Code/ASerialLdd1.o
 .ARM.attributes
                0x000002ff       0x33 ./Generated_Code/BitIoLdd1.o
 .ARM.attributes
                0x00000332       0x33 ./Generated_Code/BitIoLdd2.o
 .ARM.attributes
                0x00000365       0x33 ./Generated_Code/BitIoLdd3.o
 .ARM.attributes
                0x00000398       0x33 ./Generated_Code/BitIoLdd4.o
 .ARM.attributes
                0x000003cb       0x33 ./Generated_Code/BitIoLdd5.o
 .ARM.attributes
                0x000003fe       0x33 ./Generated_Code/BitIoLdd6.o
 .ARM.attributes
                0x00000431       0x33 ./Generated_Code/BitIoLdd7.o
 .ARM.attributes
                0x00000464       0x33 ./Generated_Code/Cpu.o
 .ARM.attributes
                0x00000497       0x33 ./Generated_Code/ENCODER.o
 .ARM.attributes
                0x000004ca       0x33 ./Generated_Code/ENCODER_PUSH.o
 .ARM.attributes
                0x000004fd       0x33 ./Generated_Code/ExtIntLdd1.o
 .ARM.attributes
                0x00000530       0x33 ./Generated_Code/ExtIntLdd2.o
 .ARM.attributes
                0x00000563       0x33 ./Generated_Code/ExtIntLdd3.o
 .ARM.attributes
                0x00000596       0x33 ./Generated_Code/ExtIntLdd4.o
 .ARM.attributes
                0x000005c9       0x33 ./Generated_Code/ExtIntLdd5.o
 .ARM.attributes
                0x000005fc       0x33 ./Generated_Code/I2C0.o
 .ARM.attributes
                0x0000062f       0x33 ./Generated_Code/IFsh1.o
 .ARM.attributes
                0x00000662       0x33 ./Generated_Code/IntFlashLdd1.o
 .ARM.attributes
                0x00000695       0x33 ./Generated_Code/IntI2cLdd1.o
 .ARM.attributes
                0x000006c8       0x33 ./Generated_Code/LEVER_DIR1.o
 .ARM.attributes
                0x000006fb       0x33 ./Generated_Code/LEVER_DIR2.o
 .ARM.attributes
                0x0000072e       0x33 ./Generated_Code/PE_LDD.o
 .ARM.attributes
                0x00000761       0x33 ./Generated_Code/PUSH_BUTTON_REC.o
 .ARM.attributes
                0x00000794       0x33 ./Generated_Code/PUSH_BUTTON_SEND.o
 .ARM.attributes
                0x000007c7       0x33 ./Generated_Code/TU1.o
 .ARM.attributes
                0x000007fa       0x33 ./Generated_Code/T_100ms.o
 .ARM.attributes
                0x0000082d       0x33 ./Generated_Code/T_500ms.o
 .ARM.attributes
                0x00000860       0x33 ./Generated_Code/Vectors.o
 .ARM.attributes
                0x00000893       0x33 ./Generated_Code/WAIT1.o
 .ARM.attributes
                0x000008c6       0x2e c:/freescale/kds_v3/toolchain/bin/../lib/gcc/arm-none-eabi/4.8.4/../../../../arm-none-eabi/lib/armv7e-m\libm.a(lib_a-s_round.o)
 .ARM.attributes
                0x000008f4       0x2e c:/freescale/kds_v3/toolchain/bin/../lib/gcc/arm-none-eabi/4.8.4/../../../../arm-none-eabi/lib/armv7e-m\libm.a(lib_a-w_pow.o)
 .ARM.attributes
                0x00000922       0x2e c:/freescale/kds_v3/toolchain/bin/../lib/gcc/arm-none-eabi/4.8.4/../../../../arm-none-eabi/lib/armv7e-m\libm.a(lib_a-e_pow.o)
 .ARM.attributes
                0x00000950       0x2e c:/freescale/kds_v3/toolchain/bin/../lib/gcc/arm-none-eabi/4.8.4/../../../../arm-none-eabi/lib/armv7e-m\libm.a(lib_a-e_sqrt.o)
 .ARM.attributes
                0x0000097e       0x2e c:/freescale/kds_v3/toolchain/bin/../lib/gcc/arm-none-eabi/4.8.4/../../../../arm-none-eabi/lib/armv7e-m\libm.a(lib_a-s_fabs.o)
 .ARM.attributes
                0x000009ac       0x2e c:/freescale/kds_v3/toolchain/bin/../lib/gcc/arm-none-eabi/4.8.4/../../../../arm-none-eabi/lib/armv7e-m\libm.a(lib_a-s_finite.o)
 .ARM.attributes
                0x000009da       0x2e c:/freescale/kds_v3/toolchain/bin/../lib/gcc/arm-none-eabi/4.8.4/../../../../arm-none-eabi/lib/armv7e-m\libm.a(lib_a-s_fpclassify.o)
 .ARM.attributes
                0x00000a08       0x2e c:/freescale/kds_v3/toolchain/bin/../lib/gcc/arm-none-eabi/4.8.4/../../../../arm-none-eabi/lib/armv7e-m\libm.a(lib_a-s_lib_ver.o)
 .ARM.attributes
                0x00000a36       0x2e c:/freescale/kds_v3/toolchain/bin/../lib/gcc/arm-none-eabi/4.8.4/../../../../arm-none-eabi/lib/armv7e-m\libm.a(lib_a-s_matherr.o)
 .ARM.attributes
                0x00000a64       0x2e c:/freescale/kds_v3/toolchain/bin/../lib/gcc/arm-none-eabi/4.8.4/../../../../arm-none-eabi/lib/armv7e-m\libm.a(lib_a-s_nan.o)
 .ARM.attributes
                0x00000a92       0x2e c:/freescale/kds_v3/toolchain/bin/../lib/gcc/arm-none-eabi/4.8.4/../../../../arm-none-eabi/lib/armv7e-m\libm.a(lib_a-s_rint.o)
 .ARM.attributes
                0x00000ac0       0x2e c:/freescale/kds_v3/toolchain/bin/../lib/gcc/arm-none-eabi/4.8.4/../../../../arm-none-eabi/lib/armv7e-m\libm.a(lib_a-s_scalbn.o)
 .ARM.attributes
                0x00000aee       0x2e c:/freescale/kds_v3/toolchain/bin/../lib/gcc/arm-none-eabi/4.8.4/../../../../arm-none-eabi/lib/armv7e-m\libm.a(lib_a-s_copysign.o)
 .ARM.attributes
                0x00000b1c       0x1e c:/freescale/kds_v3/toolchain/bin/../lib/gcc/arm-none-eabi/4.8.4/armv7e-m\libgcc.a(_arm_addsubdf3.o)
 .ARM.attributes
                0x00000b3a       0x1e c:/freescale/kds_v3/toolchain/bin/../lib/gcc/arm-none-eabi/4.8.4/armv7e-m\libgcc.a(_arm_muldivdf3.o)
 .ARM.attributes
                0x00000b58       0x1e c:/freescale/kds_v3/toolchain/bin/../lib/gcc/arm-none-eabi/4.8.4/armv7e-m\libgcc.a(_arm_cmpdf2.o)
 .ARM.attributes
                0x00000b76       0x1e c:/freescale/kds_v3/toolchain/bin/../lib/gcc/arm-none-eabi/4.8.4/armv7e-m\libgcc.a(_arm_fixdfsi.o)
 .ARM.attributes
                0x00000b94       0x1e c:/freescale/kds_v3/toolchain/bin/../lib/gcc/arm-none-eabi/4.8.4/armv7e-m\libgcc.a(_arm_addsubsf3.o)
 .ARM.attributes
                0x00000bb2       0x1e c:/freescale/kds_v3/toolchain/bin/../lib/gcc/arm-none-eabi/4.8.4/armv7e-m\libgcc.a(_arm_cmpsf2.o)
 .ARM.attributes
                0x00000bd0       0x1e c:/freescale/kds_v3/toolchain/bin/../lib/gcc/arm-none-eabi/4.8.4/armv7e-m\libgcc.a(_arm_fixsfsi.o)
 .ARM.attributes
                0x00000bee       0x1e c:/freescale/kds_v3/toolchain/bin/../lib/gcc/arm-none-eabi/4.8.4/armv7e-m\libgcc.a(_arm_fixunssfsi.o)
 .ARM.attributes
                0x00000c0c       0x2e c:/freescale/kds_v3/toolchain/bin/../lib/gcc/arm-none-eabi/4.8.4/../../../../arm-none-eabi/lib/armv7e-m\libg_s.a(lib_a-errno.o)
 .ARM.attributes
                0x00000c3a       0x2e c:/freescale/kds_v3/toolchain/bin/../lib/gcc/arm-none-eabi/4.8.4/../../../../arm-none-eabi/lib/armv7e-m\libg_s.a(lib_a-exit.o)
 .ARM.attributes
                0x00000c68       0x2e c:/freescale/kds_v3/toolchain/bin/../lib/gcc/arm-none-eabi/4.8.4/../../../../arm-none-eabi/lib/armv7e-m\libg_s.a(lib_a-impure.o)
 .ARM.attributes
                0x00000c96       0x2e c:/freescale/kds_v3/toolchain/bin/../lib/gcc/arm-none-eabi/4.8.4/../../../../arm-none-eabi/lib/armv7e-m\libg_s.a(lib_a-init.o)
 .ARM.attributes
                0x00000cc4       0x2e c:/freescale/kds_v3/toolchain/bin/../lib/gcc/arm-none-eabi/4.8.4/../../../../arm-none-eabi/lib/armv7e-m\libg_s.a(lib_a-memcpy-stub.o)
 .ARM.attributes
                0x00000cf2       0x2e c:/freescale/kds_v3/toolchain/bin/../lib/gcc/arm-none-eabi/4.8.4/../../../../arm-none-eabi/lib/armv7e-m\libg_s.a(lib_a-memset.o)
 .ARM.attributes
                0x00000d20       0x1c c:/freescale/kds_v3/toolchain/bin/../lib/gcc/arm-none-eabi/4.8.4/../../../../arm-none-eabi/lib/armv7e-m\libg_s.a(lib_a-strcmp.o)
 .ARM.attributes
                0x00000d3c       0x2e c:/freescale/kds_v3/toolchain/bin/../lib/gcc/arm-none-eabi/4.8.4/../../../../arm-none-eabi/lib/armv7e-m\libg_s.a(lib_a-strlen.o)
 .ARM.attributes
                0x00000d6a       0x2e c:/freescale/kds_v3/toolchain/bin/../lib/gcc/arm-none-eabi/4.8.4/../../../../arm-none-eabi/lib/armv7e-m\libg_s.a(lib_a-vsprintf.o)
 .ARM.attributes
                0x00000d98       0x2e c:/freescale/kds_v3/toolchain/bin/../lib/gcc/arm-none-eabi/4.8.4/../../../../arm-none-eabi/lib/armv7e-m\libg_s.a(lib_a-nano-mallocr.o)
 .ARM.attributes
                0x00000dc6       0x2e c:/freescale/kds_v3/toolchain/bin/../lib/gcc/arm-none-eabi/4.8.4/../../../../arm-none-eabi/lib/armv7e-m\libg_s.a(lib_a-reent.o)
 .ARM.attributes
                0x00000df4       0x2e c:/freescale/kds_v3/toolchain/bin/../lib/gcc/arm-none-eabi/4.8.4/../../../../arm-none-eabi/lib/armv7e-m\libg_s.a(lib_a-sbrkr.o)
 .ARM.attributes
                0x00000e22       0x2e c:/freescale/kds_v3/toolchain/bin/../lib/gcc/arm-none-eabi/4.8.4/../../../../arm-none-eabi/lib/armv7e-m\libg_s.a(lib_a-svfprintf.o)
 .ARM.attributes
                0x00000e50       0x2e c:/freescale/kds_v3/toolchain/bin/../lib/gcc/arm-none-eabi/4.8.4/../../../../arm-none-eabi/lib/armv7e-m\libg_s.a(lib_a-vfprintf_i.o)
 .ARM.attributes
                0x00000e7e       0x2e c:/freescale/kds_v3/toolchain/bin/../lib/gcc/arm-none-eabi/4.8.4/../../../../arm-none-eabi/lib/armv7e-m\libg_s.a(lib_a-memchr-stub.o)
 .ARM.attributes
                0x00000eac       0x2e c:/freescale/kds_v3/toolchain/bin/../lib/gcc/arm-none-eabi/4.8.4/../../../../arm-none-eabi/lib/armv7e-m\libg_s.a(lib_a-memmove.o)
 .ARM.attributes
                0x00000eda       0x2e c:/freescale/kds_v3/toolchain/bin/../lib/gcc/arm-none-eabi/4.8.4/../../../../arm-none-eabi/lib/armv7e-m\libg_s.a(lib_a-nano-freer.o)
 .ARM.attributes
                0x00000f08       0x2e c:/freescale/kds_v3/toolchain/bin/../lib/gcc/arm-none-eabi/4.8.4/../../../../arm-none-eabi/lib/armv7e-m\libg_s.a(lib_a-nano-reallocr.o)
 .ARM.attributes
                0x00000f36       0x2e c:/freescale/kds_v3/toolchain/bin/../lib/gcc/arm-none-eabi/4.8.4/../../../../arm-none-eabi/lib/armv7e-m\libg_s.a(lib_a-nano-msizer.o)
 .ARM.attributes
                0x00000f64       0x2e c:/freescale/kds_v3/toolchain/bin/../lib/gcc/arm-none-eabi/4.8.4/../../../../arm-none-eabi/lib/armv7e-m\libnosys.a(sbrk.o)
 .ARM.attributes
                0x00000f92       0x2e c:/freescale/kds_v3/toolchain/bin/../lib/gcc/arm-none-eabi/4.8.4/../../../../arm-none-eabi/lib/armv7e-m\libnosys.a(_exit.o)
 .ARM.attributes
                0x00000fc0       0x1e c:/freescale/kds_v3/toolchain/bin/../lib/gcc/arm-none-eabi/4.8.4/armv7e-m/crtn.o
OUTPUT(varmo_lite.elf elf32-littlearm)

.debug_info     0x00000000     0xb2a3
 .debug_info    0x00000000      0x614 ./Sources/Events.o
 .debug_info    0x00000614      0x36b ./Sources/LCD.o
 .debug_info    0x0000097f      0x113 ./Sources/PCA9670.o
 .debug_info    0x00000a92      0x987 ./Sources/display.o
 .debug_info    0x00001419       0x9d ./Sources/encoder_variable.o
 .debug_info    0x000014b6      0x48f ./Sources/main.o
 .debug_info    0x00001945      0x5be ./Sources/menu.o
 .debug_info    0x00001f03      0x23d ./Sources/parameters.o
 .debug_info    0x00002140      0x5f3 ./Sources/protocol.o
 .debug_info    0x00002733      0x20c ./Sources/send.o
 .debug_info    0x0000293f      0x20a ./Project_Settings/Startup_Code/startup.o
 .debug_info    0x00002b49      0x52b ./Generated_Code/AS1.o
 .debug_info    0x00003074      0x9dc ./Generated_Code/ASerialLdd1.o
 .debug_info    0x00003a50      0x377 ./Generated_Code/BitIoLdd1.o
 .debug_info    0x00003dc7      0x377 ./Generated_Code/BitIoLdd2.o
 .debug_info    0x0000413e      0x377 ./Generated_Code/BitIoLdd3.o
 .debug_info    0x000044b5      0x377 ./Generated_Code/BitIoLdd4.o
 .debug_info    0x0000482c      0x377 ./Generated_Code/BitIoLdd5.o
 .debug_info    0x00004ba3      0x377 ./Generated_Code/BitIoLdd6.o
 .debug_info    0x00004f1a      0x351 ./Generated_Code/BitIoLdd7.o
 .debug_info    0x0000526b      0xa70 ./Generated_Code/Cpu.o
 .debug_info    0x00005cdb      0x647 ./Generated_Code/ENCODER.o
 .debug_info    0x00006322       0xb2 ./Generated_Code/ENCODER_PUSH.o
 .debug_info    0x000063d4      0x43c ./Generated_Code/ExtIntLdd1.o
 .debug_info    0x00006810      0x43c ./Generated_Code/ExtIntLdd2.o
 .debug_info    0x00006c4c      0x43c ./Generated_Code/ExtIntLdd3.o
 .debug_info    0x00007088      0x43c ./Generated_Code/ExtIntLdd4.o
 .debug_info    0x000074c4      0x43c ./Generated_Code/ExtIntLdd5.o
 .debug_info    0x00007900      0x3a1 ./Generated_Code/I2C0.o
 .debug_info    0x00007ca1      0x438 ./Generated_Code/IFsh1.o
 .debug_info    0x000080d9      0xca0 ./Generated_Code/IntFlashLdd1.o
 .debug_info    0x00008d79      0x9e5 ./Generated_Code/IntI2cLdd1.o
 .debug_info    0x0000975e       0xb2 ./Generated_Code/LEVER_DIR1.o
 .debug_info    0x00009810       0xb2 ./Generated_Code/LEVER_DIR2.o
 .debug_info    0x000098c2      0x24d ./Generated_Code/PE_LDD.o
 .debug_info    0x00009b0f       0xb2 ./Generated_Code/PUSH_BUTTON_REC.o
 .debug_info    0x00009bc1       0xb2 ./Generated_Code/PUSH_BUTTON_SEND.o
 .debug_info    0x00009c73      0x6c8 ./Generated_Code/TU1.o
 .debug_info    0x0000a33b      0x6c8 ./Generated_Code/T_100ms.o
 .debug_info    0x0000aa03      0x63b ./Generated_Code/T_500ms.o
 .debug_info    0x0000b03e      0x116 ./Generated_Code/Vectors.o
 .debug_info    0x0000b154      0x14f ./Generated_Code/WAIT1.o

.debug_abbrev   0x00000000     0x32fb
 .debug_abbrev  0x00000000      0x211 ./Sources/Events.o
 .debug_abbrev  0x00000211      0x109 ./Sources/LCD.o
 .debug_abbrev  0x0000031a       0xaa ./Sources/PCA9670.o
 .debug_abbrev  0x000003c4      0x1c4 ./Sources/display.o
 .debug_abbrev  0x00000588       0x3a ./Sources/encoder_variable.o
 .debug_abbrev  0x000005c2      0x13f ./Sources/main.o
 .debug_abbrev  0x00000701      0x114 ./Sources/menu.o
 .debug_abbrev  0x00000815       0xd7 ./Sources/parameters.o
 .debug_abbrev  0x000008ec      0x1ad ./Sources/protocol.o
 .debug_abbrev  0x00000a99       0xc1 ./Sources/send.o
 .debug_abbrev  0x00000b5a      0x11e ./Project_Settings/Startup_Code/startup.o
 .debug_abbrev  0x00000c78      0x1d6 ./Generated_Code/AS1.o
 .debug_abbrev  0x00000e4e      0x1db ./Generated_Code/ASerialLdd1.o
 .debug_abbrev  0x00001029      0x15f ./Generated_Code/BitIoLdd1.o
 .debug_abbrev  0x00001188      0x15f ./Generated_Code/BitIoLdd2.o
 .debug_abbrev  0x000012e7      0x15f ./Generated_Code/BitIoLdd3.o
 .debug_abbrev  0x00001446      0x15f ./Generated_Code/BitIoLdd4.o
 .debug_abbrev  0x000015a5      0x15f ./Generated_Code/BitIoLdd5.o
 .debug_abbrev  0x00001704      0x15f ./Generated_Code/BitIoLdd6.o
 .debug_abbrev  0x00001863      0x136 ./Generated_Code/BitIoLdd7.o
 .debug_abbrev  0x00001999      0x178 ./Generated_Code/Cpu.o
 .debug_abbrev  0x00001b11      0x1ba ./Generated_Code/ENCODER.o
 .debug_abbrev  0x00001ccb       0x68 ./Generated_Code/ENCODER_PUSH.o
 .debug_abbrev  0x00001d33      0x15d ./Generated_Code/ExtIntLdd1.o
 .debug_abbrev  0x00001e90      0x15d ./Generated_Code/ExtIntLdd2.o
 .debug_abbrev  0x00001fed      0x15d ./Generated_Code/ExtIntLdd3.o
 .debug_abbrev  0x0000214a      0x15d ./Generated_Code/ExtIntLdd4.o
 .debug_abbrev  0x000022a7      0x15d ./Generated_Code/ExtIntLdd5.o
 .debug_abbrev  0x00002404      0x179 ./Generated_Code/I2C0.o
 .debug_abbrev  0x0000257d      0x15c ./Generated_Code/IFsh1.o
 .debug_abbrev  0x000026d9      0x239 ./Generated_Code/IntFlashLdd1.o
 .debug_abbrev  0x00002912      0x18b ./Generated_Code/IntI2cLdd1.o
 .debug_abbrev  0x00002a9d       0x68 ./Generated_Code/LEVER_DIR1.o
 .debug_abbrev  0x00002b05       0x68 ./Generated_Code/LEVER_DIR2.o
 .debug_abbrev  0x00002b6d      0x10d ./Generated_Code/PE_LDD.o
 .debug_abbrev  0x00002c7a       0x68 ./Generated_Code/PUSH_BUTTON_REC.o
 .debug_abbrev  0x00002ce2       0x68 ./Generated_Code/PUSH_BUTTON_SEND.o
 .debug_abbrev  0x00002d4a      0x179 ./Generated_Code/TU1.o
 .debug_abbrev  0x00002ec3      0x179 ./Generated_Code/T_100ms.o
 .debug_abbrev  0x0000303c      0x16a ./Generated_Code/T_500ms.o
 .debug_abbrev  0x000031a6       0xa4 ./Generated_Code/Vectors.o
 .debug_abbrev  0x0000324a       0xb1 ./Generated_Code/WAIT1.o

.debug_aranges  0x00000000      0xb68
 .debug_aranges
                0x00000000       0xb8 ./Sources/Events.o
 .debug_aranges
                0x000000b8       0x88 ./Sources/LCD.o
 .debug_aranges
                0x00000140       0x28 ./Sources/PCA9670.o
 .debug_aranges
                0x00000168       0xd0 ./Sources/display.o
 .debug_aranges
                0x00000238       0x18 ./Sources/encoder_variable.o
 .debug_aranges
                0x00000250       0x20 ./Sources/main.o
 .debug_aranges
                0x00000270       0x68 ./Sources/menu.o
 .debug_aranges
                0x000002d8       0x28 ./Sources/parameters.o
 .debug_aranges
                0x00000300       0x48 ./Sources/protocol.o
 .debug_aranges
                0x00000348       0x20 ./Sources/send.o
 .debug_aranges
                0x00000368       0x50 ./Project_Settings/Startup_Code/startup.o
 .debug_aranges
                0x000003b8       0x90 ./Generated_Code/AS1.o
 .debug_aranges
                0x00000448       0x50 ./Generated_Code/ASerialLdd1.o
 .debug_aranges
                0x00000498       0x48 ./Generated_Code/BitIoLdd1.o
 .debug_aranges
                0x000004e0       0x48 ./Generated_Code/BitIoLdd2.o
 .debug_aranges
                0x00000528       0x48 ./Generated_Code/BitIoLdd3.o
 .debug_aranges