Archive member included because of file (symbol)

c:/freescale/kds_v3/toolchain/bin/../lib/gcc/arm-none-eabi/4.8.4/../../../../arm-none-eabi/lib/armv7e-m\libm.a(lib_a-s_round.o)
                              ./Sources/display.o (round)
c:/freescale/kds_v3/toolchain/bin/../lib/gcc/arm-none-eabi/4.8.4/../../../../arm-none-eabi/lib/armv7e-m\libm.a(lib_a-w_pow.o)
                              ./Sources/display.o (pow)
c:/freescale/kds_v3/toolchain/bin/../lib/gcc/arm-none-eabi/4.8.4/../../../../arm-none-eabi/lib/armv7e-m\libm.a(lib_a-e_pow.o)
                              c:/freescale/kds_v3/toolchain/bin/../lib/gcc/arm-none-eabi/4.8.4/../../../../arm-none-eabi/lib/armv7e-m\libm.a(lib_a-w_pow.o) (__ieee754_pow)
c:/freescale/kds_v3/toolchain/bin/../lib/gcc/arm-none-eabi/4.8.4/../../../../arm-none-eabi/lib/armv7e-m\libm.a(lib_a-e_sqrt.o)
                              c:/freescale/kds_v3/toolchain/bin/../lib/gcc/arm-none-eabi/4.8.4/../../../../arm-none-eabi/lib/armv7e-m\libm.a(lib_a-e_pow.o) (__ieee754_sqrt)
c:/freescale/kds_v3/toolchain/bin/../lib/gcc/arm-none-eabi/4.8.4/../../../../arm-none-eabi/lib/armv7e-m\libm.a(lib_a-s_fabs.o)
                              c:/freescale/kds_v3/toolchain/bin/../lib/gcc/arm-none-eabi/4.8.4/../../../../arm-none-eabi/lib/armv7e-m\libm.a(lib_a-e_pow.o) (fabs)
c:/freescale/kds_v3/toolchain/bin/../lib/gcc/arm-none-eabi/4.8.4/../../../../arm-none-eabi/lib/armv7e-m\libm.a(lib_a-s_finite.o)
                              c:/freescale/kds_v3/toolchain/bin/../lib/gcc/arm-none-eabi/4.8.4/../../../../arm-none-eabi/lib/armv7e-m\libm.a(lib_a-w_pow.o) (finite)
c:/freescale/kds_v3/toolchain/bin/../lib/gcc/arm-none-eabi/4.8.4/../../../../arm-none-eabi/lib/armv7e-m\libm.a(lib_a-s_fpclassify.o)
                              c:/freescale/kds_v3/toolchain/bin/../lib/gcc/arm-none-eabi/4.8.4/../../../../arm-none-eabi/lib/armv7e-m\libm.a(lib_a-w_pow.o) (__fpclassifyd)
c:/freescale/kds_v3/toolchain/bin/../lib/gcc/arm-none-eabi/4.8.4/../../../../arm-none-eabi/lib/armv7e-m\libm.a(lib_a-s_lib_ver.o)
                              c:/freescale/kds_v3/toolchain/bin/../lib/gcc/arm-none-eabi/4.8.4/../../../../arm-none-eabi/lib/armv7e-m\libm.a(lib_a-w_pow.o) (__fdlib_version)
c:/freescale/kds_v3/toolchain/bin/../lib/gcc/arm-none-eabi/4.8.4/../../../../arm-none-eabi/lib/armv7e-m\libm.a(lib_a-s_matherr.o)
                              c:/freescale/kds_v3/toolchain/bin/../lib/gcc/arm-none-eabi/4.8.4/../../../../arm-none-eabi/lib/armv7e-m\libm.a(lib_a-w_pow.o) (matherr)
c:/freescale/kds_v3/toolchain/bin/../lib/gcc/arm-none-eabi/4.8.4/../../../../arm-none-eabi/lib/armv7e-m\libm.a(lib_a-s_nan.o)
                              c:/freescale/kds_v3/toolchain/bin/../lib/gcc/arm-none-eabi/4.8.4/../../../../arm-none-eabi/lib/armv7e-m\libm.a(lib_a-e_pow.o) (nan)
c:/freescale/kds_v3/toolchain/bin/../lib/gcc/arm-none-eabi/4.8.4/../../../../arm-none-eabi/lib/armv7e-m\libm.a(lib_a-s_rint.o)
                              c:/freescale/kds_v3/toolchain/bin/../lib/gcc/arm-none-eabi/4.8.4/../../../../arm-none-eabi/lib/armv7e-m\libm.a(lib_a-w_pow.o) (rint)
c:/freescale/kds_v3/toolchain/bin/../lib/gcc/arm-none-eabi/4.8.4/../../../../arm-none-eabi/lib/armv7e-m\libm.a(lib_a-s_scalbn.o)
                              c:/freescale/kds_v3/toolchain/bin/../lib/gcc/arm-none-eabi/4.8.4/../../../../arm-none-eabi/lib/armv7e-m\libm.a(lib_a-e_pow.o) (scalbn)
c:/freescale/kds_v3/toolchain/bin/../lib/gcc/arm-none-eabi/4.8.4/../../../../arm-none-eabi/lib/armv7e-m\libm.a(lib_a-s_copysign.o)
                              c:/freescale/kds_v3/toolchain/bin/../lib/gcc/arm-none-eabi/4.8.4/../../../../arm-none-eabi/lib/armv7e-m\libm.a(lib_a-s_scalbn.o) (copysign)
c:/freescale/kds_v3/toolchain/bin/../lib/gcc/arm-none-eabi/4.8.4/armv7e-m\libgcc.a(_arm_addsubdf3.o)
                              c:/freescale/kds_v3/toolchain/bin/../lib/gcc/arm-none-eabi/4.8.4/../../../../arm-none-eabi/lib/armv7e-m\libm.a(lib_a-e_pow.o) (__aeabi_dsub)
c:/freescale/kds_v3/toolchain/bin/../lib/gcc/arm-none-eabi/4.8.4/armv7e-m\libgcc.a(_arm_muldivdf3.o)
                              ./Sources/display.o (__aeabi_dmul)
c:/freescale/kds_v3/toolchain/bin/../lib/gcc/arm-none-eabi/4.8.4/armv7e-m\libgcc.a(_arm_cmpdf2.o)
                              c:/freescale/kds_v3/toolchain/bin/../lib/gcc/arm-none-eabi/4.8.4/../../../../arm-none-eabi/lib/armv7e-m\libm.a(lib_a-w_pow.o) (__aeabi_dcmpeq)
c:/freescale/kds_v3/toolchain/bin/../lib/gcc/arm-none-eabi/4.8.4/armv7e-m\libgcc.a(_arm_fixdfsi.o)
                              ./Sources/display.o (__aeabi_d2iz)
c:/freescale/kds_v3/toolchain/bin/../lib/gcc/arm-none-eabi/4.8.4/armv7e-m\libgcc.a(_arm_addsubsf3.o)
                              ./Sources/Events.o (__aeabi_fsub)
c:/freescale/kds_v3/toolchain/bin/../lib/gcc/arm-none-eabi/4.8.4/armv7e-m\libgcc.a(_arm_cmpsf2.o)
                              ./Sources/display.o (__aeabi_fcmpeq)
c:/freescale/kds_v3/toolchain/bin/../lib/gcc/arm-none-eabi/4.8.4/armv7e-m\libgcc.a(_arm_fixsfsi.o)
[...]
Memory Configuration

Name             Origin             Length             Attributes
m_interrupts     0x00000000         0x000003fe         xr
m_text           0x00000410         0x0003ebf0         xr
m_data           0x1fff8000         0x00008000         rw
m_data_20000000  0x20000000         0x00008000         rw
m_cue            0x0003f000         0x00000ffe         xrw
m_cfmprotrom     0x00000400         0x00000010         xr
*default*        0x00000000         0xffffffff

Linker script and memory map

LOAD c:/freescale/kds_v3/toolchain/bin/../lib/gcc/arm-none-eabi/4.8.4/armv7e-m/crti.o
LOAD c:/freescale/kds_v3/toolchain/bin/../lib/gcc/arm-none-eabi/4.8.4/armv7e-m/crtbegin.o
LOAD c:/freescale/kds_v3/toolchain/bin/../lib/gcc/arm-none-eabi/4.8.4/../../../../arm-none-eabi/lib/armv7e-m/crt0.o
LOAD ./Sources/Events.o
LOAD ./Sources/LCD.o
LOAD ./Sources/PCA9670.o
LOAD ./Sources/cue.o
LOAD ./Sources/display.o
LOAD ./Sources/eeprom.o
LOAD ./Sources/encoder_variable.o
LOAD ./Sources/main.o
LOAD ./Sources/menu.o
LOAD ./Sources/parameters.o
LOAD ./Sources/protocol.o
LOAD ./Sources/send.o
LOAD ./Project_Settings/Startup_Code/startup.o
LOAD ./Generated_Code/AS1.o
LOAD ./Generated_Code/ASerialLdd1.o
LOAD ./Generated_Code/BitIoLdd1.o
LOAD ./Generated_Code/BitIoLdd2.o
LOAD ./Generated_Code/BitIoLdd3.o
LOAD ./Generated_Code/BitIoLdd4.o
LOAD ./Generated_Code/BitIoLdd5.o
LOAD ./Generated_Code/BitIoLdd6.o
LOAD ./Generated_Code/BitIoLdd7.o
LOAD ./Generated_Code/BitIoLdd8.o
LOAD ./Generated_Code/CS1.o
LOAD ./Generated_Code/Cpu.o
LOAD ./Generated_Code/ENCODER.o
LOAD ./Generated_Code/ENCODER_PUSH.o
LOAD ./Generated_Code/ExtIntLdd1.o
LOAD ./Generated_Code/ExtIntLdd2.o
LOAD ./Generated_Code/ExtIntLdd3.o
LOAD ./Generated_Code/ExtIntLdd4.o
LOAD ./Generated_Code/ExtIntLdd5.o
LOAD ./Generated_Code/I2C0.o
LOAD ./Generated_Code/IFsh1.o
LOAD ./Generated_Code/IntFlashLdd1.o
LOAD ./Generated_Code/IntI2cLdd1.o
LOAD ./Generated_Code/KSDK1.o
LOAD ./Generated_Code/LCD_CTR.o
LOAD ./Generated_Code/LCD_EN.o
LOAD ./Generated_Code/LED_DEBUG.o
LOAD ./Generated_Code/LED_MOTOR_MOVE.o
LOAD ./Generated_Code/LED_STATUS_1.o
LOAD ./Generated_Code/LED_STATUS_2.o
LOAD ./Generated_Code/LED_STATUS_3.o
LOAD ./Generated_Code/LED_STATUS_4.o
LOAD ./Generated_Code/LEVER_DIR1.o
LOAD ./Generated_Code/LEVER_DIR2.o
LOAD ./Generated_Code/PCA.o
LOAD ./Generated_Code/PE_LDD.o
LOAD ./Generated_Code/PUSH_BUTTON_REC.o
LOAD ./Generated_Code/PUSH_BUTTON_SEND.o
LOAD ./Generated_Code/TU1.o
LOAD ./Generated_Code/T_100ms.o
LOAD ./Generated_Code/T_500ms.o
LOAD ./Generated_Code/Vectors.o
LOAD ./Generated_Code/WAIT1.o
LOAD ./.metadata/.plugins/org.eclipse.cdt.make.core/specs.o
LOAD c:/freescale/kds_v3/toolchain/bin/../lib/gcc/arm-none-eabi/4.8.4/../../../../arm-none-eabi/lib/armv7e-m\libstdc++_s.a
LOAD c:/freescale/kds_v3/toolchain/bin/../lib/gcc/arm-none-eabi/4.8.4/../../../../arm-none-eabi/lib/armv7e-m\libm.a
START GROUP
LOAD c:/freescale/kds_v3/toolchain/bin/../lib/gcc/arm-none-eabi/4.8.4/armv7e-m\libgcc.a
LOAD c:/freescale/kds_v3/toolchain/bin/../lib/gcc/arm-none-eabi/4.8.4/../../../../arm-none-eabi/lib/armv7e-m\libg_s.a
LOAD c:/freescale/kds_v3/toolchain/bin/../lib/gcc/arm-none-eabi/4.8.4/../../../../arm-none-eabi/lib/armv7e-m\libc_s.a
END GROUP
START GROUP
LOAD c:/freescale/kds_v3/toolchain/bin/../lib/gcc/arm-none-eabi/4.8.4/armv7e-m\libgcc.a
LOAD c:/freescale/kds_v3/toolchain/bin/../lib/gcc/arm-none-eabi/4.8.4/../../../../arm-none-eabi/lib/armv7e-m\libc_s.a
LOAD c:/freescale/kds_v3/toolchain/bin/../lib/gcc/arm-none-eabi/4.8.4/../../../../arm-none-eabi/lib/armv7e-m\libnosys.a
END GROUP
START GROUP
LOAD c:/freescale/kds_v3/toolchain/bin/../lib/gcc/arm-none-eabi/4.8.4/armv7e-m\libgcc.a
LOAD c:/freescale/kds_v3/toolchain/bin/../lib/gcc/arm-none-eabi/4.8.4/../../../../arm-none-eabi/lib/armv7e-m\libc_s.a
LOAD c:/freescale/kds_v3/toolchain/bin/../lib/gcc/arm-none-eabi/4.8.4/../../../../arm-none-eabi/lib/armv7e-m\libnosys.a
END GROUP
LOAD c:/freescale/kds_v3/toolchain/bin/../lib/gcc/arm-none-eabi/4.8.4/armv7e-m/crtend.o
LOAD c:/freescale/kds_v3/toolchain/bin/../lib/gcc/arm-none-eabi/4.8.4/armv7e-m/crtn.o
                0x20000000                _estack = 0x20000000
                0x20000000                __SP_INIT = _estack
                0x20000000                __stack = _estack
                0x00000000                __heap_size = 0x0
                0x00000400                __stack_size = 0x400

.interrupts     0x00000000      0x1bc
                0x00000000                __vector_table = .
                0x00000000                . = ALIGN (0x4)
 *(.vectortable)
 .vectortable   0x00000000      0x1bc ./Generated_Code/Vectors.o
                0x00000000                __vect_table
                0x000001bc                . = ALIGN (0x4)

.cfmprotect     0x00000400       0x10
                0x00000400                . = ALIGN (0x4)
 *(.cfmconfig)
 .cfmconfig     0x00000400       0x10 ./Generated_Code/Cpu.o
                0x00000400                _cfm
                0x00000410                . = ALIGN (0x4)

.text           0x00000410     0xfb2c
                0x00000410                . = ALIGN (0x4)
 *(.text)
 .text          0x00000410       0x54 c:/freescale/kds_v3/toolchain/bin/../lib/gcc/arm-none-eabi/4.8.4/armv7e-m/crtbegin.o
 .text          0x00000464       0x74 c:/freescale/kds_v3/toolchain/bin/../lib/gcc/arm-none-eabi/4.8.4/../../../../arm-none-eabi/lib/armv7e-m/crt0.o
                0x00000464                _start
                0x00000464                _mainCRTStartup
 .text          0x000004d8      0x370 c:/freescale/kds_v3/toolchain/bin/../lib/gcc/arm-none-eabi/4.8.4/armv7e-m\libgcc.a(_arm_addsubdf3.o)
                0x000004d8                __aeabi_drsub
                0x000004e0                __aeabi_dsub
                0x000004e0                __subdf3
                0x000004e4                __aeabi_dadd
                0x000004e4                __adddf3
                0x0000075c                __floatunsidf
                0x0000075c                __aeabi_ui2d
                0x0000077c                __floatsidf
                0x0000077c                __aeabi_i2d
                0x000007a0                __aeabi_f2d
                0x000007a0                __extendsfdf2
                0x000007dc                __floatundidf
                0x000007dc                __aeabi_ul2d
                0x000007ec                __floatdidf
                0x000007ec                __aeabi_l2d
 .text          0x00000848      0x424 c:/freescale/kds_v3/toolchain/bin/../lib/gcc/arm-none-eabi/4.8.4/armv7e-m\libgcc.a(_arm_muldivdf3.o)
                0x00000848                __aeabi_dmul
                0x00000848                __muldf3
                0x00000a9c                __divdf3
                0x00000a9c                __aeabi_ddiv
 .text          0x00000c6c      0x110 c:/freescale/kds_v3/toolchain/bin/../lib/gcc/arm-none-eabi/4.8.4/armv7e-m\libgcc.a(_arm_cmpdf2.o)
                0x00000c6c                __gtdf2
                0x00000c6c                __gedf2
                0x00000c74                __ltdf2
                0x00000c74                __ledf2
                0x00000c7c                __nedf2
                0x00000c7c                __eqdf2
                0x00000c7c                __cmpdf2
                0x00000cf8                __aeabi_cdrcmple
                0x00000d08                __aeabi_cdcmpeq
                0x00000d08                __aeabi_cdcmple
                0x00000d18                __aeabi_dcmpeq
                0x00000d2c                __aeabi_dcmplt
                0x00000d40                __aeabi_dcmple
                0x00000d54                __aeabi_dcmpge
                0x00000d68                __aeabi_dcmpgt
 .text          0x00000d7c       0x50 c:/freescale/kds_v3/toolchain/bin/../lib/gcc/arm-none-eabi/4.8.4/armv7e-m\libgcc.a(_arm_fixdfsi.o)
                0x00000d7c                __aeabi_d2iz
                0x00000d7c                __fixdfsi
 .text          0x00000dcc      0x21c c:/freescale/kds_v3/toolchain/bin/../lib/gcc/arm-none-eabi/4.8.4/armv7e-m\libgcc.a(_arm_addsubsf3.o)
                0x00000dcc                __aeabi_frsub
                0x00000dd4                __subsf3
                0x00000dd4                __aeabi_fsub
                0x00000dd8                __aeabi_fadd
                0x00000dd8                __addsf3
                0x00000f38                __aeabi_ui2f
                0x00000f38                __floatunsisf
                0x00000f40                __aeabi_i2f
                0x00000f40                __floatsisf
                0x00000f5c                __aeabi_ul2f
                0x00000f5c                __floatundisf
                0x00000f6c                __aeabi_l2f
                0x00000f6c                __floatdisf
 .text          0x00000fe8       0xec c:/freescale/kds_v3/toolchain/bin/../lib/gcc/arm-none-eabi/4.8.4/armv7e-m\libgcc.a(_arm_cmpsf2.o)
                0x00000fe8                __gesf2
                0x00000fe8                __gtsf2
                0x00000ff0                __lesf2
                0x00000ff0                __ltsf2
                0x00000ff8                __nesf2
                0x00000ff8                __eqsf2
                0x00000ff8                __cmpsf2
                0x00001058                __aeabi_cfrcmple
                0x00001060                __aeabi_cfcmpeq
                0x00001060                __aeabi_cfcmple
                0x00001070                __aeabi_fcmpeq
                0x00001084                __aeabi_fcmplt
                0x00001098                __aeabi_fcmple
                0x000010ac                __aeabi_fcmpge
                0x000010c0                __aeabi_fcmpgt
 .text          0x000010d4       0x4c c:/freescale/kds_v3/toolchain/bin/../lib/gcc/arm-none-eabi/4.8.4/armv7e-m\libgcc.a(_arm_fixsfsi.o)
                0x000010d4                __aeabi_f2iz
                0x000010d4                __fixsfsi
 .text          0x00001120       0x40 c:/freescale/kds_v3/toolchain/bin/../lib/gcc/arm-none-eabi/4.8.4/armv7e-m\libgcc.a(_arm_fixunssfsi.o)
                0x00001120                __fixunssfsi
                0x00001120                __aeabi_f2uiz
 .text          0x00001160      0xa1c c:/freescale/kds_v3/toolchain/bin/../lib/gcc/arm-none-eabi/4.8.4/armv7e-m\libgcc.a(unwind-arm.o)
                0x00001444                _Unwind_GetCFA
                0x00001448                __gnu_Unwind_RaiseException
                0x000014a8                __gnu_Unwind_ForcedUnwind
                0x000014bc                __gnu_Unwind_Resume
                0x00001500                __gnu_Unwind_Resume_or_Rethrow
                0x00001510                _Unwind_Complete
                0x00001514                _Unwind_DeleteException
                0x00001524                _Unwind_VRS_Get
                0x00001574                _Unwind_VRS_Set
                0x000015c4                __gnu_Unwind_Backtrace
                0x00001918                __aeabi_unwind_cpp_pr0
                0x00001920                __aeabi_unwind_cpp_pr1
                0x00001928                __aeabi_unwind_cpp_pr2
                0x00001930                _Unwind_VRS_Pop
 .text          0x00001b7c      0x1ac c:/freescale/kds_v3/toolchain/bin/../lib/gcc/arm-none-eabi/4.8.4/armv7e-m\libgcc.a(libunwind.o)
                0x00001b7c                __restore_core_regs
                0x00001b7c                restore_core_regs
                0x00001b94                __gnu_Unwind_Restore_VFP
                0x00001b9c                __gnu_Unwind_Save_VFP
                0x00001ba4                __gnu_Unwind_Restore_VFP_D
                0x00001bac                __gnu_Unwind_Save_VFP_D
                0x00001bb4                __gnu_Unwind_Restore_VFP_D_16_to_31
                0x00001bbc                __gnu_Unwind_Save_VFP_D_16_to_31
                0x00001bc4                __gnu_Unwind_Restore_WMMXD
                0x00001c08                __gnu_Unwind_Save_WMMXD
                0x00001c4c                __gnu_Unwind_Restore_WMMXC
                0x00001c60                __gnu_Unwind_Save_WMMXC
                0x00001c74                ___Unwind_RaiseException
                0x00001c74                _Unwind_RaiseException
                0x00001c98                _Unwind_Resume
                0x00001c98                ___Unwind_Resume
                0x00001cbc                _Unwind_Resume_or_Rethrow
                0x00001cbc                ___Unwind_Resume_or_Rethrow
                0x00001ce0                _Unwind_ForcedUnwind
                0x00001ce0                ___Unwind_ForcedUnwind
                0x00001d04                ___Unwind_Backtrace
                0x00001d04                _Unwind_Backtrace
 .text          0x00001d28      0x33c c:/freescale/kds_v3/toolchain/bin/../lib/gcc/arm-none-eabi/4.8.4/armv7e-m\libgcc.a(pr-support.o)
                0x00001d7c                __gnu_unwind_execute
                0x00002008                __gnu_unwind_frame
                0x00002034                _Unwind_GetRegionStart
                0x00002040                _Unwind_GetLanguageSpecificData
                0x00002054                _Unwind_GetDataRelBase
                0x0000205c                _Unwind_GetTextRelBase
 .text          0x00002064       0x14 c:/freescale/kds_v3/toolchain/bin/../lib/gcc/arm-none-eabi/4.8.4/../../../../arm-none-eabi/lib/armv7e-m\libg_s.a(lib_a-strcmp.o)
                0x00002064                strcmp
 *(.text*)
 .text.PUSH_BUTTON_REC_OnInterrupt
                0x00002078       0x18 ./Sources/Events.o
                0x00002078                PUSH_BUTTON_REC_OnInterrupt
 .text.PUSH_BUTTON_SEND_OnInterrupt
                0x00002090       0x18 ./Sources/Events.o
                0x00002090                PUSH_BUTTON_SEND_OnInterrupt
 .text.I2C0_OnReceiveData
                0x000020a8        0xc ./Sources/Events.o
                0x000020a8                I2C0_OnReceiveData
 .text.I2C0_OnTransmitData
                0x000020b4        0xc ./Sources/Events.o
                0x000020b4                I2C0_OnTransmitData
 .text.T_100ms_OnCounterRestart
                0x000020c0       0x48 ./Sources/Events.o
                0x000020c0                T_100ms_OnCounterRestart
 .text.LEVER_DIR1_OnInterrupt
                0x00002108       0x48 ./Sources/Events.o
                0x00002108                LEVER_DIR1_OnInterrupt
 .text.LEVER_DIR2_OnInterrupt
                0x00002150       0x48 ./Sources/Events.o
                0x00002150                LEVER_DIR2_OnInterrupt
 .text.ENCODER_PUSH_OnInterrupt
                0x00002198       0xe0 ./Sources/Events.o
                0x00002198                ENCODER_PUSH_OnInterrupt
 .text.ENCODER_OnPortEvent
                0x00002278       0xc0 ./Sources/Events.o
                0x00002278                ENCODER_OnPortEvent
 .text.T_500ms_OnCounterRestart
                0x00002338      0x14c ./Sources/Events.o
                0x00002338                T_500ms_OnCounterRestart
 .text.I2C0_OnArbitLost
                0x00002484        0xc ./Sources/Events.o
                0x00002484                I2C0_OnArbitLost
 .text.AS1_OnTxComplete
                0x00002490       0x14 ./Sources/Events.o
                0x00002490                AS1_OnTxComplete
 .text.AS1_OnError
                0x000024a4        0xc ./Sources/Events.o
                0x000024a4                AS1_OnError
 .text.AS1_OnRxChar
                0x000024b0        0xc ./Sources/Events.o
                0x000024b0                AS1_OnRxChar
 .text.AS1_OnRxCharExt
                0x000024bc       0xa8 ./Sources/Events.o
                0x000024bc                AS1_OnRxCharExt
 .text.AS1_OnTxChar
                0x00002564        0xc ./Sources/Events.o
                0x00002564                AS1_OnTxChar
 .text.AS1_OnFullRxBuf
                0x00002570       0x14 ./Sources/Events.o
                0x00002570                AS1_OnFullRxBuf
 .text.AS1_OnFreeTxBuf
                0x00002584        0xc ./Sources/Events.o
                0x00002584                AS1_OnFreeTxBuf
 .text.TU1_OnCounterRestart
                0x00002590       0x1c ./Sources/Events.o
                0x00002590                TU1_OnCounterRestart
 .text.LCD_Init
                0x000025ac       0x50 ./Sources/LCD.o
                0x000025ac                LCD_Init
 .text.LCD_command
                0x000025fc       0x30 ./Sources/LCD.o
                0x000025fc                LCD_command
 .text.LCD_Cursor_On
                0x0000262c        0xc ./Sources/LCD.o
                0x0000262c                LCD_Cursor_On
 .text.LCD_Cursor_Off
                0x00002638        0xc ./Sources/LCD.o
                0x00002638                LCD_Cursor_Off
 .text.LCD_Set_Cursor
                0x00002644       0x58 ./Sources/LCD.o
                0x00002644                LCD_Set_Cursor
 .text.LCD_Cursor_On_At
                0x0000269c       0x24 ./Sources/LCD.o
                0x0000269c                LCD_Cursor_On_At
 .text.LCD_Write
                0x000026c0       0x28 ./Sources/LCD.o
                0x000026c0                LCD_Write
 .text.load_custom_char
                0x000026e8       0x50 ./Sources/LCD.o
                0x000026e8                load_custom_char
 .text.LCD_Write_At
                0x00002738       0x3c ./Sources/LCD.o
                0x00002738                LCD_Write_At
 .text.LCD_Write_Block
                0x00002774       0xa0 ./Sources/LCD.o
                0x00002774                LCD_Write_Block
 .text.PCA9670_Init
                0x00002814       0x34 ./Sources/PCA9670.o
                0x00002814                PCA9670_Init
 .text.PCA9670_SendByte
                0x00002848       0x3c ./Sources/PCA9670.o
                0x00002848                PCA9670_SendByte
 .text.select_cue
                0x00002884      0x180 ./Sources/cue.o
                0x00002884                select_cue
 .text.vspfunc  0x00002a04       0x30 ./Sources/display.o
                0x00002a04                vspfunc
 .text.print_float_at
                0x00002a34      0x190 ./Sources/display.o
                0x00002a34                print_float_at
 .text.print_int_at
                0x00002bc4       0xa0 ./Sources/display.o
                0x00002bc4                print_int_at
 .text.print_cue_array
                0x00002c64      0x1d0 ./Sources/display.o
                0x00002c64                print_cue_array
 .text.print_all_cue
                0x00002e34      0x110 ./Sources/display.o
                0x00002e34                print_all_cue
 .text.load_char
                0x00002f44       0xe8 ./Sources/display.o
                0x00002f44                load_char
 .text.menu_init
                0x0000302c       0x1c ./Sources/display.o
                0x0000302c                menu_init
 .text.refresh  0x00003048       0x24 ./Sources/display.o
                0x00003048                refresh
 .text.select   0x0000306c       0x24 ./Sources/display.o
                0x0000306c                select
 .text.back     0x00003090       0x48 ./Sources/display.o
                0x00003090                back
 .text.controle_mode_display
                0x000030d8       0x4c ./Sources/display.o
                0x000030d8                controle_mode_display
 .text.control_mode_fct
                0x00003124       0x5c ./Sources/display.o
                0x00003124                control_mode_fct
 .text.update_icon_dir
                0x00003180       0x78 ./Sources/display.o
                0x00003180                update_icon_dir
 .text.update_icon_drive_enable
                0x000031f8       0x3c ./Sources/display.o
                0x000031f8                update_icon_drive_enable
 .text.select_setting
                0x00003234       0x94 ./Sources/display.o
                0x00003234                select_setting
 .text.refresh_fct
                0x000032c8       0xf0 ./Sources/display.o
                0x000032c8                refresh_fct
 .text.velocity_fct
                0x000033b8      0x470 ./Sources/display.o
                0x000033b8                velocity_fct
 .text.acceleration_fct
                0x00003828      0x16c ./Sources/display.o
                0x00003828                acceleration_fct
 .text.deceleration_fct
                0x00003994      0x16c ./Sources/display.o
                0x00003994                deceleration_fct
 .text.back_fct
                0x00003b00       0x30 ./Sources/display.o
                0x00003b00                back_fct
 .text.pos_position_fct
                0x00003b30      0x414 ./Sources/display.o
                0x00003b30                pos_position_fct
 .text.pos_velocity_fct
                0x00003f44      0x114 ./Sources/display.o
                0x00003f44                pos_velocity_fct
 .text.pos_acceleration_fct
                0x00004058      0x16c ./Sources/display.o
                0x00004058                pos_acceleration_fct
 .text.pos_deceleration_fct
                0x000041c4      0x16c ./Sources/display.o
                0x000041c4                pos_deceleration_fct
 .text.pos_set_home_fct
                0x00004330       0x8c ./Sources/display.o
                0x00004330                pos_set_home_fct
 .text.torque_fct
                0x000043bc      0x370 ./Sources/display.o
                0x000043bc                torque_fct
 .text.torque_rise_fct
                0x0000472c      0x16c ./Sources/display.o
                0x0000472c                torque_rise_fct
 .text.torque_fall_fct
                0x00004898      0x168 ./Sources/display.o
                0x00004898                torque_fall_fct
 .text.pos_play_cue_fct
                0x00004a00      0x320 ./Sources/display.o
                0x00004a00                pos_play_cue_fct
 .text.pos_rec_cue_fct
                0x00004d20      0x2ac ./Sources/display.o
                0x00004d20                pos_rec_cue_fct
 .text.pos_mod_cue_fct
                0x00004fcc      0x328 ./Sources/display.o
                0x00004fcc                pos_mod_cue_fct
 .text.pos_del_cue_fct
                0x000052f4      0x334 ./Sources/display.o
                0x000052f4                pos_del_cue_fct
 .text.vel_play_cue_fct
                0x00005628      0x2b8 ./Sources/display.o
                0x00005628                vel_play_cue_fct
 .text.vel_rec_cue_fct
                0x000058e0      0x248 ./Sources/display.o
                0x000058e0                vel_rec_cue_fct
 .text.vel_mod_cue_fct
                0x00005b28      0x2b8 ./Sources/display.o
                0x00005b28                vel_mod_cue_fct
 .text.vel_del_cue_fct
                0x00005de0      0x2c4 ./Sources/display.o
                0x00005de0                vel_del_cue_fct
 .text.select_baud_rate_fct
                0x000060a4      0x120 ./Sources/display.o
                0x000060a4                select_baud_rate_fct
 .text.select_update_menu_fct
                0x000061c4      0x120 ./Sources/display.o
                0x000061c4                select_update_menu_fct
 .text.short_cut_position_menu
                0x000062e4       0x68 ./Sources/display.o
                0x000062e4                short_cut_position_menu
 .text.display_resolution
                0x0000634c       0x68 ./Sources/display.o
                0x0000634c                display_resolution
 .text.get_cursor_resolution_position
                0x000063b4       0x4c ./Sources/display.o
                0x000063b4                get_cursor_resolution_position
 .text._Z41__static_initialization_and_destruction_0ii
                0x00006400      0x894 ./Sources/display.o
 .text._GLOBAL__sub_I_buffer
                0x00006c94       0x10 ./Sources/display.o
 .text.load_cue
                0x00006ca4      0x108 ./Sources/eeprom.o
                0x00006ca4                load_cue
 .text.write_cue
                0x00006dac      0x118 ./Sources/eeprom.o
                0x00006dac                write_cue
 .text.erase_cue
                0x00006ec4       0x58 ./Sources/eeprom.o
                0x00006ec4                erase_cue
 .text.get_next_slot_free
                0x00006f1c       0xd0 ./Sources/eeprom.o
                0x00006f1c                get_next_slot_free
 .text.get_slot_saved
                0x00006fec      0x110 ./Sources/eeprom.o
                0x00006fec                get_slot_saved
 .text.get_cue_values
                0x000070fc       0xd4 ./Sources/eeprom.o
                0x000070fc                get_cue_values
 .text.main     0x000071d0      0x8c8 ./Sources/main.o
                0x000071d0                main
 .text.init_menu
                0x00007a98       0x44 ./Sources/menu.o
                0x00007a98                init_menu
 .text.init_sub_menu
                0x00007adc       0x68 ./Sources/menu.o
                0x00007adc                init_sub_menu
 .text.init_sub_menu2
                0x00007b44       0x48 ./Sources/menu.o
                0x00007b44                init_sub_menu2
 .text.init_menu_list
                0x00007b8c       0x30 ./Sources/menu.o
                0x00007b8c                init_menu_list
 .text.init_sub_menu_list
                0x00007bbc       0x30 ./Sources/menu.o
                0x00007bbc                init_sub_menu_list
 .text.init_sub_menu2_list
                0x00007bec       0x30 ./Sources/menu.o
                0x00007bec                init_sub_menu2_list
 .text.print_menu
                0x00007c1c      0x158 ./Sources/menu.o
                0x00007c1c                print_menu
 .text.print_sub_menu
                0x00007d74      0x178 ./Sources/menu.o
                0x00007d74                print_sub_menu
 .text.print_sub_menu2
                0x00007eec      0x178 ./Sources/menu.o
                0x00007eec                print_sub_menu2
 .text.menu_select
                0x00008064      0x2b4 ./Sources/menu.o
                0x00008064                menu_select
 .text.menu_back
                0x00008318      0x37c ./Sources/menu.o
                0x00008318                menu_back
 .text.refresh_menu
                0x00008694      0x174 ./Sources/menu.o
                0x00008694                refresh_menu
 .text.void_function
                0x00008808        0xc ./Sources/menu.o
                0x00008808                void_function
 .text.parameters_init
                0x00008814       0x94 ./Sources/parameters.o
                0x00008814                parameters_init
 .text.convert  0x000088a8       0x3c ./Sources/parameters.o
                0x000088a8                convert
 .text.serial_send_block
                0x000088e4       0xdc ./Sources/protocol.o
                0x000088e4                serial_send_block
 .text.serial_send_float
                0x000089c0       0x30 ./Sources/protocol.o
                0x000089c0                serial_send_float
 .text.serial_send_int
                0x000089f0       0x30 ./Sources/protocol.o
                0x000089f0                serial_send_int
 .text.serial_send_string
                0x00008a20       0x58 ./Sources/protocol.o
                0x00008a20                serial_send_string
 .text.serial_send_char
                0x00008a78       0x30 ./Sources/protocol.o
                0x00008a78                serial_send_char
 .text.serial_send_end
                0x00008aa8       0x14 ./Sources/protocol.o
                0x00008aa8                serial_send_end
 .text.msg_parse
                0x00008abc      0x1d4 ./Sources/protocol.o
                0x00008abc                msg_parse
 .text.msg_processing
                0x00008c90      0x33c ./Sources/protocol.o
                0x00008c90                msg_processing
 .text.select_baud_rate
                0x00008fcc       0x1c ./Sources/protocol.o
                0x00008fcc                select_baud_rate
 .text.Send_Control_Mode
                0x00008fe8       0x30 ./Sources/send.o
                0x00008fe8                Send_Control_Mode
 .text.send_fct
                0x00009018      0x3e8 ./Sources/send.o
                0x00009018                send_fct
 .text.get_update_drive_en
                0x00009400       0x24 ./Sources/send.o
                0x00009400                get_update_drive_en
 .text.get_update_value
                0x00009424      0x180 ./Sources/send.o
                0x00009424                get_update_value
 .text.send_stop
                0x000095a4       0x34 ./Sources/send.o
                0x000095a4                send_stop
 .text.send_velocity_cue
                0x000095d8       0x94 ./Sources/send.o
                0x000095d8                send_velocity_cue
 .text.send_position_cue
                0x0000966c       0xfc ./Sources/send.o
                0x0000966c                send_position_cue
 .text.velocity_processing
                0x00009768       0x50 ./Sources/send.o
                0x00009768                velocity_processing
 .text.velocity_ref_processing
                0x000097b8       0x50 ./Sources/send.o
                0x000097b8                velocity_ref_processing
 .text.acceleration_processing
                0x00009808       0x50 ./Sources/send.o
                0x00009808                acceleration_processing
 .text.deceleration_processing
                0x00009858       0x50 ./Sources/send.o
                0x00009858                deceleration_processing
 .text.torque_processing
                0x000098a8       0x48 ./Sources/send.o
                0x000098a8                torque_processing
 .text.torque_ref_processing
                0x000098f0       0x48 ./Sources/send.o
                0x000098f0                torque_ref_processing
 .text.torque_rise_processing
                0x00009938       0x48 ./Sources/send.o
                0x00009938                torque_rise_processing
 .text.torque_fall_processing
                0x00009980       0x48 ./Sources/send.o
                0x00009980                torque_fall_processing
 .text.position_ref_processing
                0x000099c8       0x48 ./Sources/send.o
                0x000099c8                position_ref_processing
 .text.position_processing
                0x00009a10       0x44 ./Sources/send.o
                0x00009a10                position_processing
 .text.control_mode_processing
                0x00009a54       0x7c ./Sources/send.o
                0x00009a54                control_mode_processing
 .text.drive_enable_processing
                0x00009ad0       0x24 ./Sources/send.o
                0x00009ad0                drive_enable_processing
 .text.__copy_rom_section
                0x00009af4       0xe4 ./Project_Settings/Startup_Code/startup.o
                0x00009af4                __copy_rom_section
 .text.__copy_rom_sections_to_ram
                0x00009bd8       0x9c ./Project_Settings/Startup_Code/startup.o
                0x00009bd8                __copy_rom_sections_to_ram
 .text.__init_registers
                0x00009c74        0xc ./Project_Settings/Startup_Code/startup.o
                0x00009c74                __init_registers
 .text.__init_user
                0x00009c80        0xc ./Project_Settings/Startup_Code/startup.o
                0x00009c80                __init_user
 .text.__thumb_startup
                0x00009c8c       0x34 ./Project_Settings/Startup_Code/startup.o
                0x00009c8c                __thumb_startup
 .text.HWEnDi   0x00009cc0       0x1c ./Generated_Code/AS1.o
 .text.AS1_SendChar
                0x00009cdc       0xe0 ./Generated_Code/AS1.o
                0x00009cdc                AS1_SendChar
 .text.AS1_SendBlock
                0x00009dbc      0x148 ./Generated_Code/AS1.o
                0x00009dbc                AS1_SendBlock
 .text.AS1_ClearRxBuf
                0x00009f04       0x78 ./Generated_Code/AS1.o
                0x00009f04                AS1_ClearRxBuf
 .text.AS1_SetBaudRateMode
                0x00009f7c       0x38 ./Generated_Code/AS1.o
                0x00009f7c                AS1_SetBaudRateMode
 .text.AS1_Init
                0x00009fb4       0x60 ./Generated_Code/AS1.o
                0x00009fb4                AS1_Init
 .text.ASerialLdd1_OnBlockReceived
                0x0000a014       0xd4 ./Generated_Code/AS1.o
                0x0000a014                ASerialLdd1_OnBlockReceived
 .text.ASerialLdd1_OnBlockSent
                0x0000a0e8       0xd8 ./Generated_Code/AS1.o
                0x0000a0e8                ASerialLdd1_OnBlockSent
 .text.ASerialLdd1_OnError
                0x0000a1c0       0x9c ./Generated_Code/AS1.o
                0x0000a1c0                ASerialLdd1_OnError
 .text.ASerialLdd1_OnTxComplete
                0x0000a25c       0x14 ./Generated_Code/AS1.o
                0x0000a25c                ASerialLdd1_OnTxComplete
 .text.ASerialLdd1_OnBreak
                0x0000a270       0x24 ./Generated_Code/AS1.o
                0x0000a270                ASerialLdd1_OnBreak
 .text.ASerialLdd1_Init
                0x0000a294      0x1d4 ./Generated_Code/ASerialLdd1.o
                0x0000a294                ASerialLdd1_Init
 .text.ASerialLdd1_ReceiveBlock
                0x0000a468       0x90 ./Generated_Code/ASerialLdd1.o
                0x0000a468                ASerialLdd1_ReceiveBlock
 .text.ASerialLdd1_SendBlock
                0x0000a4f8       0xbc ./Generated_Code/ASerialLdd1.o
                0x0000a4f8                ASerialLdd1_SendBlock
 .text.ASerialLdd1_SelectBaudRate
                0x0000a5b4       0x9c ./Generated_Code/ASerialLdd1.o
                0x0000a5b4                ASerialLdd1_SelectBaudRate
 .text.InterruptRx
                0x0000a650       0x58 ./Generated_Code/ASerialLdd1.o
 .text.InterruptTx
                0x0000a6a8       0x9c ./Generated_Code/ASerialLdd1.o
 .text.ASerialLdd1_Interrupt
                0x0000a744      0x130 ./Generated_Code/ASerialLdd1.o
                0x0000a744                ASerialLdd1_Interrupt
 .text.ASerialLdd1_GetError
                0x0000a874       0x70 ./Generated_Code/ASerialLdd1.o
                0x0000a874                ASerialLdd1_GetError
 .text.BitIoLdd1_Init
                0x0000a8e4       0x64 ./Generated_Code/BitIoLdd1.o
                0x0000a8e4                BitIoLdd1_Init
 .text.BitIoLdd2_Init
                0x0000a948       0x64 ./Generated_Code/BitIoLdd2.o
                0x0000a948                BitIoLdd2_Init
 .text.BitIoLdd2_ClrVal
                0x0000a9ac       0x1c ./Generated_Code/BitIoLdd2.o
                0x0000a9ac                BitIoLdd2_ClrVal
 .text.BitIoLdd2_SetVal
                0x0000a9c8       0x1c ./Generated_Code/BitIoLdd2.o
                0x0000a9c8                BitIoLdd2_SetVal
 .text.BitIoLdd3_Init
                0x0000a9e4       0x64 ./Generated_Code/BitIoLdd3.o
                0x0000a9e4                BitIoLdd3_Init
 .text.BitIoLdd3_ClrVal
                0x0000aa48       0x1c ./Generated_Code/BitIoLdd3.o
                0x0000aa48                BitIoLdd3_ClrVal
 .text.BitIoLdd3_SetVal
                0x0000aa64       0x1c ./Generated_Code/BitIoLdd3.o
                0x0000aa64                BitIoLdd3_SetVal
 .text.BitIoLdd4_Init
                0x0000aa80       0x64 ./Generated_Code/BitIoLdd4.o
                0x0000aa80                BitIoLdd4_Init
 .text.BitIoLdd4_ClrVal
                0x0000aae4       0x1c ./Generated_Code/BitIoLdd4.o
                0x0000aae4                BitIoLdd4_ClrVal
 .text.BitIoLdd4_SetVal
                0x0000ab00       0x1c ./Generated_Code/BitIoLdd4.o
                0x0000ab00                BitIoLdd4_SetVal
 .text.BitIoLdd5_Init
                0x0000ab1c       0x64 ./Generated_Code/BitIoLdd5.o
                0x0000ab1c                BitIoLdd5_Init
 .text.BitIoLdd5_ClrVal
                0x0000ab80       0x1c ./Generated_Code/BitIoLdd5.o
                0x0000ab80                BitIoLdd5_ClrVal
 .text.BitIoLdd6_Init
                0x0000ab9c       0x64 ./Generated_Code/BitIoLdd6.o
                0x0000ab9c                BitIoLdd6_Init
 .text.BitIoLdd6_ClrVal
                0x0000ac00       0x20 ./Generated_Code/BitIoLdd6.o
                0x0000ac00                BitIoLdd6_ClrVal
 .text.BitIoLdd6_SetVal
                0x0000ac20       0x20 ./Generated_Code/BitIoLdd6.o
                0x0000ac20                BitIoLdd6_SetVal
 .text.BitIoLdd7_Init
                0x0000ac40       0x64 ./Generated_Code/BitIoLdd7.o
                0x0000ac40                BitIoLdd7_Init
 .text.BitIoLdd7_ClrVal
                0x0000aca4       0x1c ./Generated_Code/BitIoLdd7.o
                0x0000aca4                BitIoLdd7_ClrVal
 .text.BitIoLdd7_SetVal
                0x0000acc0       0x1c ./Generated_Code/BitIoLdd7.o
                0x0000acc0                BitIoLdd7_SetVal
 .text.BitIoLdd8_Init
                0x0000acdc       0x64 ./Generated_Code/BitIoLdd8.o
                0x0000acdc                BitIoLdd8_Init
 .text.BitIoLdd8_ClrVal
                0x0000ad40       0x1c ./Generated_Code/BitIoLdd8.o
                0x0000ad40                BitIoLdd8_ClrVal
 .text.BitIoLdd8_SetVal
                0x0000ad5c       0x1c ./Generated_Code/BitIoLdd8.o
                0x0000ad5c                BitIoLdd8_SetVal
 .text.Cpu_ivINT_PORTC
                0x0000ad78       0x30 ./Generated_Code/Cpu.o
                0x0000ad78                Cpu_ivINT_PORTC
 .text.Cpu_ivINT_NMI
                0x0000ada8       0x18 ./Generated_Code/Cpu.o
                0x0000ada8                Cpu_ivINT_NMI
 .text.Cpu_ivINT_Hard_Fault
                0x0000adc0       0x18 ./Generated_Code/Cpu.o
                0x0000adc0                Cpu_ivINT_Hard_Fault
 .text.Cpu_ivINT_Mem_Manage_Fault
                0x0000add8       0x18 ./Generated_Code/Cpu.o
                0x0000add8                Cpu_ivINT_Mem_Manage_Fault
 .text.Cpu_ivINT_Bus_Fault
                0x0000adf0       0x18 ./Generated_Code/Cpu.o
                0x0000adf0                Cpu_ivINT_Bus_Fault
 .text.Cpu_ivINT_Usage_Fault
                0x0000ae08       0x18 ./Generated_Code/Cpu.o
                0x0000ae08                Cpu_ivINT_Usage_Fault
 .text.Cpu_ivINT_Reserved7
                0x0000ae20       0x18 ./Generated_Code/Cpu.o
                0x0000ae20                Cpu_ivINT_Reserved7
 .text.Cpu_ivINT_Reserved8
                0x0000ae38       0x18 ./Generated_Code/Cpu.o
                0x0000ae38                Cpu_ivINT_Reserved8
 .text.Cpu_ivINT_Reserved9
                0x0000ae50       0x18 ./Generated_Code/Cpu.o
                0x0000ae50                Cpu_ivINT_Reserved9
 .text.Cpu_ivINT_Reserved10
                0x0000ae68       0x18 ./Generated_Code/Cpu.o
                0x0000ae68                Cpu_ivINT_Reserved10
 .text.Cpu_ivINT_SVCall
                0x0000ae80       0x18 ./Generated_Code/Cpu.o
                0x0000ae80                Cpu_ivINT_SVCall
 .text.Cpu_ivINT_DebugMonitor
                0x0000ae98       0x18 ./Generated_Code/Cpu.o
                0x0000ae98                Cpu_ivINT_DebugMonitor
 .text.Cpu_ivINT_Reserved13
                0x0000aeb0       0x18 ./Generated_Code/Cpu.o
                0x0000aeb0                Cpu_ivINT_Reserved13
 .text.Cpu_ivINT_PendableSrvReq
                0x0000aec8       0x18 ./Generated_Code/Cpu.o
                0x0000aec8                Cpu_ivINT_PendableSrvReq
 .text.Cpu_ivINT_SysTick
                0x0000aee0       0x18 ./Generated_Code/Cpu.o
                0x0000aee0                Cpu_ivINT_SysTick
 .text.Cpu_ivINT_DMA0
                0x0000aef8       0x18 ./Generated_Code/Cpu.o
                0x0000aef8                Cpu_ivINT_DMA0
 .text.Cpu_ivINT_DMA1
                0x0000af10       0x18 ./Generated_Code/Cpu.o
                0x0000af10                Cpu_ivINT_DMA1
 .text.Cpu_ivINT_DMA2
                0x0000af28       0x18 ./Generated_Code/Cpu.o
                0x0000af28                Cpu_ivINT_DMA2
 .text.Cpu_ivINT_DMA3
                0x0000af40       0x18 ./Generated_Code/Cpu.o
                0x0000af40                Cpu_ivINT_DMA3
 .text.Cpu_ivINT_DMA4
                0x0000af58       0x18 ./Generated_Code/Cpu.o
                0x0000af58                Cpu_ivINT_DMA4
 .text.Cpu_ivINT_DMA5
                0x0000af70       0x18 ./Generated_Code/Cpu.o
                0x0000af70                Cpu_ivINT_DMA5
 .text.Cpu_ivINT_DMA6
                0x0000af88       0x18 ./Generated_Code/Cpu.o
                0x0000af88                Cpu_ivINT_DMA6
 .text.Cpu_ivINT_DMA7
                0x0000afa0       0x18 ./Generated_Code/Cpu.o
                0x0000afa0                Cpu_ivINT_DMA7
 .text.Cpu_ivINT_DMA8
                0x0000afb8       0x18 ./Generated_Code/Cpu.o
                0x0000afb8                Cpu_ivINT_DMA8
 .text.Cpu_ivINT_DMA9
                0x0000afd0       0x18 ./Generated_Code/Cpu.o
                0x0000afd0                Cpu_ivINT_DMA9
 .text.Cpu_ivINT_DMA10
                0x0000afe8       0x18 ./Generated_Code/Cpu.o
                0x0000afe8                Cpu_ivINT_DMA10
 .text.Cpu_ivINT_DMA11
                0x0000b000       0x18 ./Generated_Code/Cpu.o
                0x0000b000                Cpu_ivINT_DMA11
 .text.Cpu_ivINT_DMA12
                0x0000b018       0x18 ./Generated_Code/Cpu.o
                0x0000b018                Cpu_ivINT_DMA12
 .text.Cpu_ivINT_DMA13
                0x0000b030       0x18 ./Generated_Code/Cpu.o
                0x0000b030                Cpu_ivINT_DMA13
 .text.Cpu_ivINT_DMA14
                0x0000b048       0x18 ./Generated_Code/Cpu.o
                0x0000b048                Cpu_ivINT_DMA14
 .text.Cpu_ivINT_DMA15
                0x0000b060       0x18 ./Generated_Code/Cpu.o
                0x0000b060                Cpu_ivINT_DMA15
 .text.Cpu_ivINT_DMA_Error
                0x0000b078       0x18 ./Generated_Code/Cpu.o
                0x0000b078                Cpu_ivINT_DMA_Error
 .text.Cpu_ivINT_MCM
                0x0000b090       0x18 ./Generated_Code/Cpu.o
                0x0000b090                Cpu_ivINT_MCM
 .text.Cpu_ivINT_FTFL
                0x0000b0a8       0x18 ./Generated_Code/Cpu.o
                0x0000b0a8                Cpu_ivINT_FTFL
 .text.Cpu_ivINT_Read_Collision
                0x0000b0c0       0x18 ./Generated_Code/Cpu.o
                0x0000b0c0                Cpu_ivINT_Read_Collision
 .text.Cpu_ivINT_LVD_LVW
                0x0000b0d8       0x18 ./Generated_Code/Cpu.o
                0x0000b0d8                Cpu_ivINT_LVD_LVW
 .text.Cpu_ivINT_LLW
                0x0000b0f0       0x18 ./Generated_Code/Cpu.o
                0x0000b0f0                Cpu_ivINT_LLW
 .text.Cpu_ivINT_Watchdog
                0x0000b108       0x18 ./Generated_Code/Cpu.o
                0x0000b108                Cpu_ivINT_Watchdog
 .text.Cpu_ivINT_Reserved39
                0x0000b120       0x18 ./Generated_Code/Cpu.o
                0x0000b120                Cpu_ivINT_Reserved39
 .text.Cpu_ivINT_I2C1
                0x0000b138       0x18 ./Generated_Code/Cpu.o
                0x0000b138                Cpu_ivINT_I2C1
 .text.Cpu_ivINT_SPI0
                0x0000b150       0x18 ./Generated_Code/Cpu.o
                0x0000b150                Cpu_ivINT_SPI0
 .text.Cpu_ivINT_SPI1
                0x0000b168       0x18 ./Generated_Code/Cpu.o
                0x0000b168                Cpu_ivINT_SPI1
 .text.Cpu_ivINT_Reserved44
                0x0000b180       0x18 ./Generated_Code/Cpu.o
                0x0000b180                Cpu_ivINT_Reserved44
 .text.Cpu_ivINT_CAN0_ORed_Message_buffer
                0x0000b198       0x18 ./Generated_Code/Cpu.o
                0x0000b198                Cpu_ivINT_CAN0_ORed_Message_buffer
 .text.Cpu_ivINT_CAN0_Bus_Off
                0x0000b1b0       0x18 ./Generated_Code/Cpu.o
                0x0000b1b0                Cpu_ivINT_CAN0_Bus_Off
 .text.Cpu_ivINT_CAN0_Error
                0x0000b1c8       0x18 ./Generated_Code/Cpu.o
                0x0000b1c8                Cpu_ivINT_CAN0_Error
 .text.Cpu_ivINT_CAN0_Tx_Warning
                0x0000b1e0       0x18 ./Generated_Code/Cpu.o
                0x0000b1e0                Cpu_ivINT_CAN0_Tx_Warning
 .text.Cpu_ivINT_CAN0_Rx_Warning
                0x0000b1f8       0x18 ./Generated_Code/Cpu.o
                0x0000b1f8                Cpu_ivINT_CAN0_Rx_Warning
 .text.Cpu_ivINT_CAN0_Wake_Up
                0x0000b210       0x18 ./Generated_Code/Cpu.o
                0x0000b210                Cpu_ivINT_CAN0_Wake_Up
 .text.Cpu_ivINT_I2S0_Tx
                0x0000b228       0x18 ./Generated_Code/Cpu.o
                0x0000b228                Cpu_ivINT_I2S0_Tx
 .text.Cpu_ivINT_I2S0_Rx
                0x0000b240       0x18 ./Generated_Code/Cpu.o
                0x0000b240                Cpu_ivINT_I2S0_Rx
 .text.Cpu_ivINT_Reserved53
                0x0000b258       0x18 ./Generated_Code/Cpu.o
                0x0000b258                Cpu_ivINT_Reserved53
 .text.Cpu_ivINT_Reserved54
                0x0000b270       0x18 ./Generated_Code/Cpu.o
                0x0000b270                Cpu_ivINT_Reserved54
 .text.Cpu_ivINT_Reserved55
                0x0000b288       0x18 ./Generated_Code/Cpu.o
                0x0000b288                Cpu_ivINT_Reserved55
 .text.Cpu_ivINT_Reserved56
                0x0000b2a0       0x18 ./Generated_Code/Cpu.o
                0x0000b2a0                Cpu_ivINT_Reserved56
 .text.Cpu_ivINT_Reserved57
                0x0000b2b8       0x18 ./Generated_Code/Cpu.o
                0x0000b2b8                Cpu_ivINT_Reserved57
 .text.Cpu_ivINT_Reserved58
                0x0000b2d0       0x18 ./Generated_Code/Cpu.o
                0x0000b2d0                Cpu_ivINT_Reserved58
 .text.Cpu_ivINT_Reserved59
                0x0000b2e8       0x18 ./Generated_Code/Cpu.o
                0x0000b2e8                Cpu_ivINT_Reserved59
 .text.Cpu_ivINT_UART0_LON
                0x0000b300       0x18 ./Generated_Code/Cpu.o
                0x0000b300                Cpu_ivINT_UART0_LON
 .text.Cpu_ivINT_UART1_RX_TX
                0x0000b318       0x18 ./Generated_Code/Cpu.o
                0x0000b318                Cpu_ivINT_UART1_RX_TX
 .text.Cpu_ivINT_UART1_ERR
                0x0000b330       0x18 ./Generated_Code/Cpu.o
                0x0000b330                Cpu_ivINT_UART1_ERR
 .text.Cpu_ivINT_UART2_RX_TX
                0x0000b348       0x18 ./Generated_Code/Cpu.o
                0x0000b348                Cpu_ivINT_UART2_RX_TX
 .text.Cpu_ivINT_UART2_ERR
                0x0000b360       0x18 ./Generated_Code/Cpu.o
                0x0000b360                Cpu_ivINT_UART2_ERR
 .text.Cpu_ivINT_UART3_RX_TX
                0x0000b378       0x18 ./Generated_Code/Cpu.o
                0x0000b378                Cpu_ivINT_UART3_RX_TX
 .text.Cpu_ivINT_UART3_ERR
                0x0000b390       0x18 ./Generated_Code/Cpu.o
                0x0000b390                Cpu_ivINT_UART3_ERR
 .text.Cpu_ivINT_Reserved69
                0x0000b3a8       0x18 ./Generated_Code/Cpu.o
                0x0000b3a8                Cpu_ivINT_Reserved69
 .text.Cpu_ivINT_Reserved70
                0x0000b3c0       0x18 ./Generated_Code/Cpu.o
                0x0000b3c0                Cpu_ivINT_Reserved70
 .text.Cpu_ivINT_Reserved71
                0x0000b3d8       0x18 ./Generated_Code/Cpu.o
                0x0000b3d8                Cpu_ivINT_Reserved71
 .text.Cpu_ivINT_Reserved72
                0x0000b3f0       0x18 ./Generated_Code/Cpu.o
                0x0000b3f0                Cpu_ivINT_Reserved72
 .text.Cpu_ivINT_ADC0
                0x0000b408       0x18 ./Generated_Code/Cpu.o
                0x0000b408                Cpu_ivINT_ADC0
 .text.Cpu_ivINT_ADC1
                0x0000b420       0x18 ./Generated_Code/Cpu.o
                0x0000b420                Cpu_ivINT_ADC1
 .text.Cpu_ivINT_CMP0
                0x0000b438       0x18 ./Generated_Code/Cpu.o
                0x0000b438                Cpu_ivINT_CMP0
 .text.Cpu_ivINT_CMP1
                0x0000b450       0x18 ./Generated_Code/Cpu.o
                0x0000b450                Cpu_ivINT_CMP1
 .text.Cpu_ivINT_CMP2
                0x0000b468       0x18 ./Generated_Code/Cpu.o
                0x0000b468                Cpu_ivINT_CMP2
 .text.Cpu_ivINT_CMT
                0x0000b480       0x18 ./Generated_Code/Cpu.o
                0x0000b480                Cpu_ivINT_CMT
 .text.Cpu_ivINT_RTC
                0x0000b498       0x18 ./Generated_Code/Cpu.o
                0x0000b498                Cpu_ivINT_RTC
 .text.Cpu_ivINT_RTC_Seconds
                0x0000b4b0       0x18 ./Generated_Code/Cpu.o
                0x0000b4b0                Cpu_ivINT_RTC_Seconds
 .text.Cpu_ivINT_PIT0
                0x0000b4c8       0x18 ./Generated_Code/Cpu.o
                0x0000b4c8                Cpu_ivINT_PIT0
 .text.Cpu_ivINT_PIT1
                0x0000b4e0       0x18 ./Generated_Code/Cpu.o
                0x0000b4e0                Cpu_ivINT_PIT1
 .text.Cpu_ivINT_PIT2
                0x0000b4f8       0x18 ./Generated_Code/Cpu.o
                0x0000b4f8                Cpu_ivINT_PIT2
 .text.Cpu_ivINT_PIT3
                0x0000b510       0x18 ./Generated_Code/Cpu.o
                0x0000b510                Cpu_ivINT_PIT3
 .text.Cpu_ivINT_PDB0
                0x0000b528       0x18 ./Generated_Code/Cpu.o
                0x0000b528                Cpu_ivINT_PDB0
 .text.Cpu_ivINT_USB0
                0x0000b540       0x18 ./Generated_Code/Cpu.o
                0x0000b540                Cpu_ivINT_USB0
 .text.Cpu_ivINT_USBDCD
                0x0000b558       0x18 ./Generated_Code/Cpu.o
                0x0000b558                Cpu_ivINT_USBDCD
 .text.Cpu_ivINT_Reserved91
                0x0000b570       0x18 ./Generated_Code/Cpu.o
                0x0000b570                Cpu_ivINT_Reserved91
 .text.Cpu_ivINT_Reserved92
                0x0000b588       0x18 ./Generated_Code/Cpu.o
                0x0000b588                Cpu_ivINT_Reserved92
 .text.Cpu_ivINT_Reserved93
                0x0000b5a0       0x18 ./Generated_Code/Cpu.o
                0x0000b5a0                Cpu_ivINT_Reserved93
 .text.Cpu_ivINT_Reserved94
                0x0000b5b8       0x18 ./Generated_Code/Cpu.o
                0x0000b5b8                Cpu_ivINT_Reserved94
 .text.Cpu_ivINT_Reserved95
                0x0000b5d0       0x18 ./Generated_Code/Cpu.o
                0x0000b5d0                Cpu_ivINT_Reserved95
 .text.Cpu_ivINT_Reserved96
                0x0000b5e8       0x18 ./Generated_Code/Cpu.o
                0x0000b5e8                Cpu_ivINT_Reserved96
 .text.Cpu_ivINT_DAC0
                0x0000b600       0x18 ./Generated_Code/Cpu.o
                0x0000b600                Cpu_ivINT_DAC0
 .text.Cpu_ivINT_Reserved98
                0x0000b618       0x18 ./Generated_Code/Cpu.o
                0x0000b618                Cpu_ivINT_Reserved98
 .text.Cpu_ivINT_TSI0
                0x0000b630       0x18 ./Generated_Code/Cpu.o
                0x0000b630                Cpu_ivINT_TSI0
 .text.Cpu_ivINT_MCG
                0x0000b648       0x18 ./Generated_Code/Cpu.o
                0x0000b648                Cpu_ivINT_MCG
 .text.Cpu_ivINT_LPTimer
                0x0000b660       0x18 ./Generated_Code/Cpu.o
                0x0000b660                Cpu_ivINT_LPTimer
 .text.Cpu_ivINT_Reserved102
                0x0000b678       0x18 ./Generated_Code/Cpu.o
                0x0000b678                Cpu_ivINT_Reserved102
 .text.Cpu_ivINT_PORTA
                0x0000b690       0x18 ./Generated_Code/Cpu.o
                0x0000b690                Cpu_ivINT_PORTA
 .text.Cpu_ivINT_PORTB
                0x0000b6a8       0x18 ./Generated_Code/Cpu.o
                0x0000b6a8                Cpu_ivINT_PORTB
 .text.Cpu_ivINT_PORTD
                0x0000b6c0       0x18 ./Generated_Code/Cpu.o
                0x0000b6c0                Cpu_ivINT_PORTD
 .text.Cpu_ivINT_PORTE
                0x0000b6d8       0x18 ./Generated_Code/Cpu.o
                0x0000b6d8                Cpu_ivINT_PORTE
 .text.Cpu_ivINT_Reserved108
                0x0000b6f0       0x18 ./Generated_Code/Cpu.o
                0x0000b6f0                Cpu_ivINT_Reserved108
 .text.Cpu_ivINT_Reserved109
                0x0000b708       0x18 ./Generated_Code/Cpu.o
                0x0000b708                Cpu_ivINT_Reserved109
 .text.Cpu_ivINT_SWI
                0x0000b720       0x18 ./Generated_Code/Cpu.o
                0x0000b720                Cpu_ivINT_SWI
 .text.__init_hardware
                0x0000b738      0x140 ./Generated_Code/Cpu.o
                0x0000b738                __init_hardware
 .text.Cpu_SetBASEPRI
                0x0000b878       0x18 ./Generated_Code/Cpu.o
                0x0000b878                Cpu_SetBASEPRI
 .text.PE_low_level_init
                0x0000b890       0xec ./Generated_Code/Cpu.o
                0x0000b890                PE_low_level_init
 .text.ENCODER_Init
                0x0000b97c       0xac ./Generated_Code/ENCODER.o
                0x0000b97c                ENCODER_Init
 .text.ENCODER_GetFieldValue
                0x0000ba28       0x40 ./Generated_Code/ENCODER.o
                0x0000ba28                ENCODER_GetFieldValue
 .text.ENCODER_Interrupt
                0x0000ba68       0x4c ./Generated_Code/ENCODER.o
                0x0000ba68                ENCODER_Interrupt
 .text.ExtIntLdd1_OnInterrupt
                0x0000bab4       0x14 ./Generated_Code/ENCODER_PUSH.o
                0x0000bab4                ExtIntLdd1_OnInterrupt
 .text.ExtIntLdd1_Init
                0x0000bac8       0x80 ./Generated_Code/ExtIntLdd1.o
                0x0000bac8                ExtIntLdd1_Init
 .text.ExtIntLdd1_Interrupt
                0x0000bb48       0x3c ./Generated_Code/ExtIntLdd1.o
                0x0000bb48                ExtIntLdd1_Interrupt
 .text.ExtIntLdd1_GetVal
                0x0000bb84       0x2c ./Generated_Code/ExtIntLdd1.o
                0x0000bb84                ExtIntLdd1_GetVal
 .text.ExtIntLdd2_Init
                0x0000bbb0       0x80 ./Generated_Code/ExtIntLdd2.o
                0x0000bbb0                ExtIntLdd2_Init
 .text.ExtIntLdd2_Interrupt
                0x0000bc30       0x3c ./Generated_Code/ExtIntLdd2.o
                0x0000bc30                ExtIntLdd2_Interrupt
 .text.ExtIntLdd2_GetVal
                0x0000bc6c       0x2c ./Generated_Code/ExtIntLdd2.o
                0x0000bc6c                ExtIntLdd2_GetVal
 .text.ExtIntLdd3_Init
                0x0000bc98       0x80 ./Generated_Code/ExtIntLdd3.o
                0x0000bc98                ExtIntLdd3_Init
 .text.ExtIntLdd3_Interrupt
                0x0000bd18       0x3c ./Generated_Code/ExtIntLdd3.o
                0x0000bd18                ExtIntLdd3_Interrupt
 .text.ExtIntLdd3_GetVal
                0x0000bd54       0x2c ./Generated_Code/ExtIntLdd3.o
                0x0000bd54                ExtIntLdd3_GetVal
 .text.ExtIntLdd4_Init
                0x0000bd80       0x7c ./Generated_Code/ExtIntLdd4.o
                0x0000bd80                ExtIntLdd4_Init
 .text.ExtIntLdd4_Interrupt
                0x0000bdfc       0x3c ./Generated_Code/ExtIntLdd4.o
                0x0000bdfc                ExtIntLdd4_Interrupt
 .text.ExtIntLdd5_Init
                0x0000be38       0x7c ./Generated_Code/ExtIntLdd5.o
                0x0000be38                ExtIntLdd5_Init
 .text.ExtIntLdd5_Interrupt
                0x0000beb4       0x3c ./Generated_Code/ExtIntLdd5.o
                0x0000beb4                ExtIntLdd5_Interrupt
 .text.I2C0_SendChar
                0x0000bef0       0x2c ./Generated_Code/I2C0.o
                0x0000bef0                I2C0_SendChar
 .text.I2C0_SendBlock
                0x0000bf1c       0xc0 ./Generated_Code/I2C0.o
                0x0000bf1c                I2C0_SendBlock
 .text.I2C0_SelectSlave
                0x0000bfdc       0x34 ./Generated_Code/I2C0.o
                0x0000bfdc                I2C0_SelectSlave
 .text.I2C0_Init
                0x0000c010       0x20 ./Generated_Code/I2C0.o
                0x0000c010                I2C0_Init
 .text.IntI2cLdd1_OnMasterBlockSent
                0x0000c030       0x14 ./Generated_Code/I2C0.o
                0x0000c030                IntI2cLdd1_OnMasterBlockSent
 .text.IntI2cLdd1_OnMasterBlockReceived
                0x0000c044       0x14 ./Generated_Code/I2C0.o
                0x0000c044                IntI2cLdd1_OnMasterBlockReceived
 .text.IntI2cLdd1_OnError
                0x0000c058       0x30 ./Generated_Code/I2C0.o
                0x0000c058                IntI2cLdd1_OnError
 .text.IFsh1_GetFlash
                0x0000c088       0x84 ./Generated_Code/IFsh1.o
                0x0000c088                IFsh1_GetFlash
 .text.IFsh1_SetFlash
                0x0000c10c      0x1a8 ./Generated_Code/IFsh1.o
                0x0000c10c                IFsh1_SetFlash
 .text.IFsh1_Init
                0x0000c2b4       0x2c ./Generated_Code/IFsh1.o
                0x0000c2b4                IFsh1_Init
 .text.IFsh1_SetByteFlash
                0x0000c2e0       0x24 ./Generated_Code/IFsh1.o
                0x0000c2e0                IFsh1_SetByteFlash
 .text.IFsh1_GetByteFlash
                0x0000c304       0x20 ./Generated_Code/IFsh1.o
                0x0000c304                IFsh1_GetByteFlash
 .text.IFsh1_SetLongFlash
                0x0000c324       0x20 ./Generated_Code/IFsh1.o
                0x0000c324                IFsh1_SetLongFlash
 .text.IFsh1_GetLongFlash
                0x0000c344       0x20 ./Generated_Code/IFsh1.o
                0x0000c344                IFsh1_GetLongFlash
 .text.IntFlashLdd1_OnOperationComplete
                0x0000c364      0x190 ./Generated_Code/IFsh1.o
                0x0000c364                IntFlashLdd1_OnOperationComplete
 .text.IntFlashLdd1_OnError
                0x0000c4f4       0x54 ./Generated_Code/IFsh1.o
                0x0000c4f4                IntFlashLdd1_OnError
 .text.IntFlashLdd1_Init
                0x0000c548       0x64 ./Generated_Code/IntFlashLdd1.o
                0x0000c548                IntFlashLdd1_Init
 .text.IntFlashLdd1_Write
                0x0000c5ac       0x74 ./Generated_Code/IntFlashLdd1.o
                0x0000c5ac                IntFlashLdd1_Write
 .text.IntFlashLdd1_Read
                0x0000c620       0x70 ./Generated_Code/IntFlashLdd1.o
                0x0000c620                IntFlashLdd1_Read
 .text.IntFlashLdd1_Erase
                0x0000c690       0x94 ./Generated_Code/IntFlashLdd1.o
                0x0000c690                IntFlashLdd1_Erase
 .text.IntFlashLdd1_Main
                0x0000c724      0x2f4 ./Generated_Code/IntFlashLdd1.o
                0x0000c724                IntFlashLdd1_Main
 .text.IntFlashLdd1_GetError
                0x0000ca18       0x90 ./Generated_Code/IntFlashLdd1.o
                0x0000ca18                IntFlashLdd1_GetError
 .text.RangeCheck
                0x0000caa8       0x38 ./Generated_Code/IntFlashLdd1.o
 .text.SafeRoutineCaller
                0x0000cae0       0x94 ./Generated_Code/IntFlashLdd1.o
 .text.IntI2cLdd1_Interrupt
                0x0000cb74      0x2d4 ./Generated_Code/IntI2cLdd1.o
                0x0000cb74                IntI2cLdd1_Interrupt
 .text.IntI2cLdd1_Init
                0x0000ce48      0x13c ./Generated_Code/IntI2cLdd1.o
                0x0000ce48                IntI2cLdd1_Init
 .text.IntI2cLdd1_MasterSendBlock
                0x0000cf84      0x190 ./Generated_Code/IntI2cLdd1.o
                0x0000cf84                IntI2cLdd1_MasterSendBlock
 .text.IntI2cLdd1_SelectSlaveDevice
                0x0000d114       0xf0 ./Generated_Code/IntI2cLdd1.o
                0x0000d114                IntI2cLdd1_SelectSlaveDevice
 .text.IntI2cLdd1_GetError
                0x0000d204       0x70 ./Generated_Code/IntI2cLdd1.o
                0x0000d204                IntI2cLdd1_GetError
 .text.ExtIntLdd3_OnInterrupt
                0x0000d274       0x14 ./Generated_Code/LEVER_DIR1.o
                0x0000d274                ExtIntLdd3_OnInterrupt
 .text.ExtIntLdd2_OnInterrupt
                0x0000d288       0x14 ./Generated_Code/LEVER_DIR2.o
                0x0000d288                ExtIntLdd2_OnInterrupt
 .text.ExtIntLdd5_OnInterrupt
                0x0000d29c       0x14 ./Generated_Code/PUSH_BUTTON_REC.o
                0x0000d29c                ExtIntLdd5_OnInterrupt
 .text.ExtIntLdd4_OnInterrupt
                0x0000d2b0       0x14 ./Generated_Code/PUSH_BUTTON_SEND.o
                0x0000d2b0                ExtIntLdd4_OnInterrupt
 .text.TU1_Init
                0x0000d2c4       0xb0 ./Generated_Code/TU1.o
                0x0000d2c4                TU1_Init
 .text.TU1_Enable
                0x0000d374       0x30 ./Generated_Code/TU1.o
                0x0000d374                TU1_Enable
 .text.TU1_Disable
                0x0000d3a4       0x28 ./Generated_Code/TU1.o
                0x0000d3a4                TU1_Disable
 .text.TU1_Interrupt
                0x0000d3cc       0x6c ./Generated_Code/TU1.o
                0x0000d3cc                TU1_Interrupt
 .text.T_100ms_Init
                0x0000d438       0xb0 ./Generated_Code/T_100ms.o
                0x0000d438                T_100ms_Init
 .text.T_100ms_Enable
                0x0000d4e8       0x30 ./Generated_Code/T_100ms.o
                0x0000d4e8                T_100ms_Enable
 .text.T_100ms_Disable
                0x0000d518       0x28 ./Generated_Code/T_100ms.o
                0x0000d518                T_100ms_Disable
 .text.T_100ms_Interrupt
                0x0000d540       0x6c ./Generated_Code/T_100ms.o
                0x0000d540                T_100ms_Interrupt
 .text.T_500ms_Init
                0x0000d5ac       0xcc ./Generated_Code/T_500ms.o
                0x0000d5ac                T_500ms_Init
 .text.T_500ms_Interrupt
                0x0000d678       0x6c ./Generated_Code/T_500ms.o
                0x0000d678                T_500ms_Interrupt
 .text.WAIT1_Wait10Cycles
                0x0000d6e4        0x8 ./Generated_Code/WAIT1.o
                0x0000d6e4                WAIT1_Wait10Cycles
 .text.WAIT1_Wait100Cycles
                0x0000d6ec       0x1c ./Generated_Code/WAIT1.o
                0x0000d6ec                WAIT1_Wait100Cycles
 .text.WAIT1_WaitCycles
                0x0000d708       0x34 ./Generated_Code/WAIT1.o
                0x0000d708                WAIT1_WaitCycles
 .text.WAIT1_WaitLongCycles
                0x0000d73c       0x38 ./Generated_Code/WAIT1.o
                0x0000d73c                WAIT1_WaitLongCycles
 .text.WAIT1_Waitms
                0x0000d774       0x2c ./Generated_Code/WAIT1.o
                0x0000d774                WAIT1_Waitms
 .text.round    0x0000d7a0       0x9c c:/freescale/kds_v3/toolchain/bin/../lib/gcc/arm-none-eabi/4.8.4/../../../../arm-none-eabi/lib/armv7e-m\libm.a(lib_a-s_round.o)
                0x0000d7a0                round
 .text.pow      0x0000d83c      0x2f8 c:/freescale/kds_v3/toolchain/bin/../lib/gcc/arm-none-eabi/4.8.4/../../../../arm-none-eabi/lib/armv7e-m\libm.a(lib_a-w_pow.o)
                0x0000d83c                pow
 *fill*         0x0000db34        0x4 
 .text.__ieee754_pow
                0x0000db38      0xa78 c:/freescale/kds_v3/toolchain/bin/../lib/gcc/arm-none-eabi/4.8.4/../../../../arm-none-eabi/lib/armv7e-m\libm.a(lib_a-e_pow.o)
                0x0000db38                __ieee754_pow
 .text.__ieee754_sqrt
                0x0000e5b0      0x180 c:/freescale/kds_v3/toolchain/bin/../lib/gcc/arm-none-eabi/4.8.4/../../../../arm-none-eabi/lib/armv7e-m\libm.a(lib_a-e_sqrt.o)
                0x0000e5b0                __ieee754_sqrt
 .text.fabs     0x0000e730        0x8 c:/freescale/kds_v3/toolchain/bin/../lib/gcc/arm-none-eabi/4.8.4/../../../../arm-none-eabi/lib/armv7e-m\libm.a(lib_a-s_fabs.o)
                0x0000e730                fabs
 .text.finite   0x0000e738        0xc c:/freescale/kds_v3/toolchain/bin/../lib/gcc/arm-none-eabi/4.8.4/../../../../arm-none-eabi/lib/armv7e-m\libm.a(lib_a-s_finite.o)
                0x0000e738                finite
 .text.__fpclassifyd
                0x0000e744       0x50 c:/freescale/kds_v3/toolchain/bin/../lib/gcc/arm-none-eabi/4.8.4/../../../../arm-none-eabi/lib/armv7e-m\libm.a(lib_a-s_fpclassify.o)
                0x0000e744                __fpclassifyd
 .text.matherr  0x0000e794        0x4 c:/freescale/kds_v3/toolchain/bin/../lib/gcc/arm-none-eabi/4.8.4/../../../../arm-none-eabi/lib/armv7e-m\libm.a(lib_a-s_matherr.o)
                0x0000e794                matherr
 .text.nan      0x0000e798        0xc c:/freescale/kds_v3/toolchain/bin/../lib/gcc/arm-none-eabi/4.8.4/../../../../arm-none-eabi/lib/armv7e-m\libm.a(lib_a-s_nan.o)
                0x0000e798                nan
 .text.rint     0x0000e7a4      0x118 c:/freescale/kds_v3/toolchain/bin/../lib/gcc/arm-none-eabi/4.8.4/../../../../arm-none-eabi/lib/armv7e-m\libm.a(lib_a-s_rint.o)
                0x0000e7a4                rint
 *fill*         0x0000e8bc        0x4 
 .text.scalbn   0x0000e8c0      0x118 c:/freescale/kds_v3/toolchain/bin/../lib/gcc/arm-none-eabi/4.8.4/../../../../arm-none-eabi/lib/armv7e-m\libm.a(lib_a-s_scalbn.o)
                0x0000e8c0                scalbn
 .text.copysign
                0x0000e9d8       0x14 c:/freescale/kds_v3/toolchain/bin/../lib/gcc/arm-none-eabi/4.8.4/../../../../arm-none-eabi/lib/armv7e-m\libm.a(lib_a-s_copysign.o)
                0x0000e9d8                copysign
 .text.abort    0x0000e9ec        0xe c:/freescale/kds_v3/toolchain/bin/../lib/gcc/arm-none-eabi/4.8.4/../../../../arm-none-eabi/lib/armv7e-m\libg_s.a(lib_a-abort.o)
                0x0000e9ec                abort
 *fill*         0x0000e9fa        0x2 
 .text.__errno  0x0000e9fc        0xc c:/freescale/kds_v3/toolchain/bin/../lib/gcc/arm-none-eabi/4.8.4/../../../../arm-none-eabi/lib/armv7e-m\libg_s.a(lib_a-errno.o)
                0x0000e9fc                __errno
 .text.exit     0x0000ea08       0x28 c:/freescale/kds_v3/toolchain/bin/../lib/gcc/arm-none-eabi/4.8.4/../../../../arm-none-eabi/lib/armv7e-m\libg_s.a(lib_a-exit.o)
                0x0000ea08                exit
 .text.__libc_init_array
                0x0000ea30       0x4c c:/freescale/kds_v3/toolchain/bin/../lib/gcc/arm-none-eabi/4.8.4/../../../../arm-none-eabi/lib/armv7e-m\libg_s.a(lib_a-init.o)
                0x0000ea30                __libc_init_array
 .text.memcpy   0x0000ea7c       0x12 c:/freescale/kds_v3/toolchain/bin/../lib/gcc/arm-none-eabi/4.8.4/../../../../arm-none-eabi/lib/armv7e-m\libg_s.a(lib_a-memcpy-stub.o)
                0x0000ea7c                memcpy
 .text.memset   0x0000ea8e       0x10 c:/freescale/kds_v3/toolchain/bin/../lib/gcc/arm-none-eabi/4.8.4/../../../../arm-none-eabi/lib/armv7e-m\libg_s.a(lib_a-memset.o)
                0x0000ea8e                memset
 .text._raise_r
                0x0000ea9e       0x50 c:/freescale/kds_v3/toolchain/bin/../lib/gcc/arm-none-eabi/4.8.4/../../../../arm-none-eabi/lib/armv7e-m\libg_s.a(lib_a-signal.o)
                0x0000ea9e                _raise_r
 *fill*         0x0000eaee        0x2 
 .text.raise    0x0000eaf0       0x10 c:/freescale/kds_v3/toolchain/bin/../lib/gcc/arm-none-eabi/4.8.4/../../../../arm-none-eabi/lib/armv7e-m\libg_s.a(lib_a-signal.o)
                0x0000eaf0                raise
 .text._kill_r  0x0000eb00       0x24 c:/freescale/kds_v3/toolchain/bin/../lib/gcc/arm-none-eabi/4.8.4/../../../../arm-none-eabi/lib/armv7e-m\libg_s.a(lib_a-signalr.o)
                0x0000eb00                _kill_r
 .text._getpid_r
                0x0000eb24        0x4 c:/freescale/kds_v3/toolchain/bin/../lib/gcc/arm-none-eabi/4.8.4/../../../../arm-none-eabi/lib/armv7e-m\libg_s.a(lib_a-signalr.o)
                0x0000eb24                _getpid_r
 .text.strlen   0x0000eb28       0x10 c:/freescale/kds_v3/toolchain/bin/../lib/gcc/arm-none-eabi/4.8.4/../../../../arm-none-eabi/lib/armv7e-m\libg_s.a(lib_a-strlen.o)
                0x0000eb28                strlen
 .text._vsprintf_r
                0x0000eb38       0x30 c:/freescale/kds_v3/toolchain/bin/../lib/gcc/arm-none-eabi/4.8.4/../../../../arm-none-eabi/lib/armv7e-m\libg_s.a(lib_a-vsprintf.o)
                0x0000eb38                _vsprintf_r
                0x0000eb38                _vsiprintf_r
 .text.vsprintf
                0x0000eb68       0x1c c:/freescale/kds_v3/toolchain/bin/../lib/gcc/arm-none-eabi/4.8.4/../../../../arm-none-eabi/lib/armv7e-m\libg_s.a(lib_a-vsprintf.o)
                0x0000eb68                vsiprintf
                0x0000eb68                vsprintf
 .text._malloc_r
                0x0000eb84       0xa8 c:/freescale/kds_v3/toolchain/bin/../lib/gcc/arm-none-eabi/4.8.4/../../../../arm-none-eabi/lib/armv7e-m\libg_s.a(lib_a-nano-mallocr.o)
                0x0000eb84                _malloc_r
 .text._sbrk_r  0x0000ec2c       0x20 c:/freescale/kds_v3/toolchain/bin/../lib/gcc/arm-none-eabi/4.8.4/../../../../arm-none-eabi/lib/armv7e-m\libg_s.a(lib_a-sbrkr.o)
                0x0000ec2c                _sbrk_r
 .text.__ssputs_r
                0x0000ec4c       0xb8 c:/freescale/kds_v3/toolchain/bin/../lib/gcc/arm-none-eabi/4.8.4/../../../../arm-none-eabi/lib/armv7e-m\libg_s.a(lib_a-svfprintf.o)
                0x0000ec4c                __ssputs_r
 .text._svfprintf_r
                0x0000ed04      0x1dc c:/freescale/kds_v3/toolchain/bin/../lib/gcc/arm-none-eabi/4.8.4/../../../../arm-none-eabi/lib/armv7e-m\libg_s.a(lib_a-svfprintf.o)
                0x0000ed04                _svfiprintf_r
                0x0000ed04                _svfprintf_r
 .text._printf_common
                0x0000eee0       0xe4 c:/freescale/kds_v3/toolchain/bin/../lib/gcc/arm-none-eabi/4.8.4/../../../../arm-none-eabi/lib/armv7e-m\libg_s.a(lib_a-vfprintf_i.o)
                0x0000eee0                _printf_common
 .text._printf_i
                0x0000efc4      0x228 c:/freescale/kds_v3/toolchain/bin/../lib/gcc/arm-none-eabi/4.8.4/../../../../arm-none-eabi/lib/armv7e-m\libg_s.a(lib_a-vfprintf_i.o)
                0x0000efc4                _printf_i
 .text.memchr   0x0000f1ec       0x1e c:/freescale/kds_v3/toolchain/bin/../lib/gcc/arm-none-eabi/4.8.4/../../../../arm-none-eabi/lib/armv7e-m\libg_s.a(lib_a-memchr-stub.o)
                0x0000f1ec                memchr
 .text.memmove  0x0000f20a       0x36 c:/freescale/kds_v3/toolchain/bin/../lib/gcc/arm-none-eabi/4.8.4/../../../../arm-none-eabi/lib/armv7e-m\libg_s.a(lib_a-memmove.o)
                0x0000f20a                memmove
 .text._free_r  0x0000f240       0x88 c:/freescale/kds_v3/toolchain/bin/../lib/gcc/arm-none-eabi/4.8.4/../../../../arm-none-eabi/lib/armv7e-m\libg_s.a(lib_a-nano-freer.o)
                0x0000f240                _free_r
 .text._realloc_r
                0x0000f2c8       0x4c c:/freescale/kds_v3/toolchain/bin/../lib/gcc/arm-none-eabi/4.8.4/../../../../arm-none-eabi/lib/armv7e-m\libg_s.a(lib_a-nano-reallocr.o)
                0x0000f2c8                _realloc_r
 .text._malloc_usable_size_r
                0x0000f314       0x12 c:/freescale/kds_v3/toolchain/bin/../lib/gcc/arm-none-eabi/4.8.4/../../../../arm-none-eabi/lib/armv7e-m\libg_s.a(lib_a-nano-msizer.o)
                0x0000f314                _malloc_usable_size_r
 *fill*         0x0000f326        0x2 
 .text._getpid  0x0000f328       0x10 c:/freescale/kds_v3/toolchain/bin/../lib/gcc/arm-none-eabi/4.8.4/../../../../arm-none-eabi/lib/armv7e-m\libnosys.a(getpid.o)
                0x0000f328                _getpid
 .text._kill    0x0000f338       0x10 c:/freescale/kds_v3/toolchain/bin/../lib/gcc/arm-none-eabi/4.8.4/../../../../arm-none-eabi/lib/armv7e-m\libnosys.a(kill.o)
                0x0000f338                _kill
 .text._sbrk    0x0000f348       0x34 c:/freescale/kds_v3/toolchain/bin/../lib/gcc/arm-none-eabi/4.8.4/../../../../arm-none-eabi/lib/armv7e-m\libnosys.a(sbrk.o)
                0x0000f348                _sbrk
 .text._exit    0x0000f37c        0x4 c:/freescale/kds_v3/toolchain/bin/../lib/gcc/arm-none-eabi/4.8.4/../../../../arm-none-eabi/lib/armv7e-m\libnosys.a(_exit.o)
                0x0000f37c                _exit
 *(.rodata)
 .rodata        0x0000f380      0x66c ./Sources/display.o
 .rodata        0x0000f9ec       0x18 ./Sources/menu.o
 .rodata        0x0000fa04      0x230 ./Sources/protocol.o
 .rodata        0x0000fc34      0x230 ./Sources/send.o
 *(.rodata*)
 .rodata.ASerialLdd1_BaudAdjustValueSpeed0.6226
                0x0000fe64        0x4 ./Generated_Code/ASerialLdd1.o
 .rodata.ASerialLdd1_BaudDivisorSpeed0.6227
                0x0000fe68        0x4 ./Generated_Code/ASerialLdd1.o
 .rodata.SafeRoutine
                0x0000fe6c       0x30 ./Generated_Code/IntFlashLdd1.o
 .rodata.str1.4
                0x0000fe9c        0x4 c:/freescale/kds_v3/toolchain/bin/../lib/gcc/arm-none-eabi/4.8.4/../../../../arm-none-eabi/lib/armv7e-m\libm.a(lib_a-w_pow.o)
 .rodata.dp_h   0x0000fea0       0x10 c:/freescale/kds_v3/toolchain/bin/../lib/gcc/arm-none-eabi/4.8.4/../../../../arm-none-eabi/lib/armv7e-m\libm.a(lib_a-e_pow.o)
 .rodata.dp_l   0x0000feb0       0x10 c:/freescale/kds_v3/toolchain/bin/../lib/gcc/arm-none-eabi/4.8.4/../../../../arm-none-eabi/lib/armv7e-m\libm.a(lib_a-e_pow.o)
 .rodata.bp     0x0000fec0       0x10 c:/freescale/kds_v3/toolchain/bin/../lib/gcc/arm-none-eabi/4.8.4/../../../../arm-none-eabi/lib/armv7e-m\libm.a(lib_a-e_pow.o)
 .rodata.str1.4
                0x0000fed0        0x4 c:/freescale/kds_v3/toolchain/bin/../lib/gcc/arm-none-eabi/4.8.4/../../../../arm-none-eabi/lib/armv7e-m\libm.a(lib_a-e_pow.o)
 *fill*         0x0000fed4        0x4 
 .rodata.TWO52  0x0000fed8       0x10 c:/freescale/kds_v3/toolchain/bin/../lib/gcc/arm-none-eabi/4.8.4/../../../../arm-none-eabi/lib/armv7e-m\libm.a(lib_a-s_rint.o)
 .rodata.str1.1
                0x0000fee8        0x2 c:/freescale/kds_v3/toolchain/bin/../lib/gcc/arm-none-eabi/4.8.4/../../../../arm-none-eabi/lib/armv7e-m\libg_s.a(lib_a-impure.o)
 *fill*         0x0000feea        0x2 
 .rodata._global_impure_ptr
                0x0000feec        0x4 c:/freescale/kds_v3/toolchain/bin/../lib/gcc/arm-none-eabi/4.8.4/../../../../arm-none-eabi/lib/armv7e-m\libg_s.a(lib_a-impure.o)
                0x0000feec                _global_impure_ptr
 .rodata.str1.1
                0x0000fef0       0x11 c:/freescale/kds_v3/toolchain/bin/../lib/gcc/arm-none-eabi/4.8.4/../../../../arm-none-eabi/lib/armv7e-m\libg_s.a(lib_a-svfprintf.o)
 .rodata.str1.1
                0x0000ff01       0x22 c:/freescale/kds_v3/toolchain/bin/../lib/gcc/arm-none-eabi/4.8.4/../../../../arm-none-eabi/lib/armv7e-m\libg_s.a(lib_a-vfprintf_i.o)
 *(.glue_7)
 .glue_7        0x00000000        0x0 linker stubs
 *(.glue_7t)
 .glue_7t       0x00000000        0x0 linker stubs
 *(.eh_frame)
 *fill*         0x0000ff23        0x1 
 .eh_frame      0x0000ff24        0x0 c:/freescale/kds_v3/toolchain/bin/../lib/gcc/arm-none-eabi/4.8.4/armv7e-m/crtbegin.o
 *(.init)
 .init          0x0000ff24        0x4 c:/freescale/kds_v3/toolchain/bin/../lib/gcc/arm-none-eabi/4.8.4/armv7e-m/crti.o
                0x0000ff24                _init
 .init          0x0000ff28        0x8 c:/freescale/kds_v3/toolchain/bin/../lib/gcc/arm-none-eabi/4.8.4/armv7e-m/crtn.o
 *(.fini)
 .fini          0x0000ff30        0x4 c:/freescale/kds_v3/toolchain/bin/../lib/gcc/arm-none-eabi/4.8.4/armv7e-m/crti.o
                0x0000ff30                _fini
 .fini          0x0000ff34        0x8 c:/freescale/kds_v3/toolchain/bin/../lib/gcc/arm-none-eabi/4.8.4/armv7e-m/crtn.o
                0x0000ff3c                . = ALIGN (0x4)
                0x0000ff3c                _etext = .

.vfp11_veneer   0x0000ff3c        0x0
 .vfp11_veneer  0x00000000        0x0 linker stubs

.v4_bx          0x0000ff3c        0x0
 .v4_bx         0x00000000        0x0 linker stubs

.iplt           0x0000ff3c        0x0
 .iplt          0x00000000        0x0 c:/freescale/kds_v3/toolchain/bin/../lib/gcc/arm-none-eabi/4.8.4/armv7e-m/crtbegin.o

.ARM.extab      0x0000ff3c      0x2ac
 *(.ARM.extab* .gnu.linkonce.armextab.*)
 .ARM.extab.text.LCD_command
                0x0000ff3c        0xc ./Sources/LCD.o
 .ARM.extab.text.LCD_Set_Cursor
                0x0000ff48        0xc ./Sources/LCD.o
 .ARM.extab.text.LCD_Cursor_On_At
                0x0000ff54        0xc ./Sources/LCD.o
 .ARM.extab.text.LCD_Write
                0x0000ff60        0xc ./Sources/LCD.o
 .ARM.extab.text.load_custom_char
                0x0000ff6c        0xc ./Sources/LCD.o
 .ARM.extab.text.LCD_Write_At
                0x0000ff78        0xc ./Sources/LCD.o
 .ARM.extab.text.LCD_Write_Block
                0x0000ff84        0xc ./Sources/LCD.o
 .ARM.extab.text.PCA9670_SendByte
                0x0000ff90        0xc ./Sources/PCA9670.o
 .ARM.extab.text.select_cue
                0x0000ff9c        0xc ./Sources/cue.o
 .ARM.extab.text.print_float_at
                0x0000ffa8        0xc ./Sources/display.o
 .ARM.extab.text.print_int_at
                0x0000ffb4        0xc ./Sources/display.o
 .ARM.extab.text.print_cue_array
                0x0000ffc0        0xc ./Sources/display.o
 .ARM.extab.text.print_all_cue
                0x0000ffcc        0xc ./Sources/display.o
 .ARM.extab.text.load_char
                0x0000ffd8        0xc ./Sources/display.o
 .ARM.extab.text.menu_init
                0x0000ffe4        0xc ./Sources/display.o
 .ARM.extab.text.refresh
                0x0000fff0        0xc ./Sources/display.o
 .ARM.extab.text.select
                0x0000fffc        0xc ./Sources/display.o
 .ARM.extab.text.back
                0x00010008        0xc ./Sources/display.o
 .ARM.extab.text.controle_mode_display
                0x00010014        0xc ./Sources/display.o
 .ARM.extab.text.update_icon_dir
                0x00010020        0xc ./Sources/display.o
 .ARM.extab.text.select_setting
                0x0001002c        0xc ./Sources/display.o
 .ARM.extab.text.refresh_fct
                0x00010038        0xc ./Sources/display.o
 .ARM.extab.text.pos_position_fct
                0x00010044        0xc ./Sources/display.o
 .ARM.extab.text.pos_play_cue_fct
                0x00010050        0xc ./Sources/display.o
 .ARM.extab.text.pos_rec_cue_fct
                0x0001005c        0xc ./Sources/display.o
 .ARM.extab.text.pos_mod_cue_fct
                0x00010068        0xc ./Sources/display.o
 .ARM.extab.text.pos_del_cue_fct
                0x00010074        0xc ./Sources/display.o
 .ARM.extab.text.vel_play_cue_fct
                0x00010080        0xc ./Sources/display.o
 .ARM.extab.text.vel_rec_cue_fct
                0x0001008c        0xc ./Sources/display.o
 .ARM.extab.text.vel_mod_cue_fct
                0x00010098        0xc ./Sources/display.o
 .ARM.extab.text.vel_del_cue_fct
                0x000100a4        0xc ./Sources/display.o
 .ARM.extab.text.load_cue
                0x000100b0        0xc ./Sources/eeprom.o
 .ARM.extab.text.write_cue
                0x000100bc        0xc ./Sources/eeprom.o
 .ARM.extab.text.erase_cue
                0x000100c8        0xc ./Sources/eeprom.o
 .ARM.extab.text.get_next_slot_free
                0x000100d4        0xc ./Sources/eeprom.o
 .ARM.extab.text.get_slot_saved
                0x000100e0        0xc ./Sources/eeprom.o
 .ARM.extab.text.get_cue_values
                0x000100ec        0xc ./Sources/eeprom.o
 .ARM.extab.text.print_menu
                0x000100f8        0xc ./Sources/menu.o
 .ARM.extab.text.print_sub_menu
                0x00010104        0xc ./Sources/menu.o
 .ARM.extab.text.print_sub_menu2
                0x00010110        0xc ./Sources/menu.o
 .ARM.extab.text.menu_select
                0x0001011c        0xc ./Sources/menu.o
 .ARM.extab.text.menu_back
                0x00010128        0xc ./Sources/menu.o
 .ARM.extab.text.refresh_menu
                0x00010134        0xc ./Sources/menu.o
 .ARM.extab.text.serial_send_block
                0x00010140        0xc ./Sources/protocol.o
 .ARM.extab.text.serial_send_float
                0x0001014c        0xc ./Sources/protocol.o
 .ARM.extab.text.serial_send_int
                0x00010158        0xc ./Sources/protocol.o
 .ARM.extab.text.serial_send_string
                0x00010164        0xc ./Sources/protocol.o
 .ARM.extab.text.serial_send_char
                0x00010170        0xc ./Sources/protocol.o
 .ARM.extab.text.msg_parse
                0x0001017c        0xc ./Sources/protocol.o
 .ARM.extab.text.msg_processing
                0x00010188        0xc ./Sources/protocol.o
 .ARM.extab.text.select_baud_rate
                0x00010194        0xc ./Sources/protocol.o
 .ARM.extab.text.Send_Control_Mode
                0x000101a0        0xc ./Sources/send.o
 .ARM.extab.text.send_fct
                0x000101ac        0xc ./Sources/send.o
 .ARM.extab.text.get_update_value
                0x000101b8        0xc ./Sources/send.o
 .ARM.extab     0x000101c4        0xc c:/freescale/kds_v3/toolchain/bin/../lib/gcc/arm-none-eabi/4.8.4/armv7e-m\libgcc.a(unwind-arm.o)
 .ARM.extab     0x000101d0       0x18 c:/freescale/kds_v3/toolchain/bin/../lib/gcc/arm-none-eabi/4.8.4/armv7e-m\libgcc.a(pr-support.o)

.ARM            0x000101e8      0x2f8
                0x000101e8                __exidx_start = .
 *(.ARM.exidx*)
 .ARM.exidx     0x000101e8        0x8 c:/freescale/kds_v3/toolchain/bin/../lib/gcc/arm-none-eabi/4.8.4/../../../../arm-none-eabi/lib/armv7e-m/crt0.o
 .ARM.exidx.text.LCD_Init
                0x000102b0        0x8 ./Sources/LCD.o
 .ARM.exidx.text.LCD_command
                0x000102b8        0x8 ./Sources/LCD.o
 .ARM.exidx.text.LCD_Cursor_On
                0x000102c0        0x8 ./Sources/LCD.o
 .ARM.exidx.text.LCD_Cursor_Off
                0x000102c8        0x0 ./Sources/LCD.o
                                  0x8 (size before relaxing)
 .ARM.exidx.text.LCD_Set_Cursor
                0x000102c8        0x8 ./Sources/LCD.o
 .ARM.exidx.text.LCD_Cursor_On_At
                0x000102d0        0x8 ./Sources/LCD.o
 .ARM.exidx.text.LCD_Write
                0x000102d8        0x8 ./Sources/LCD.o
 .ARM.exidx.text.load_custom_char
                0x000102e0        0x8 ./Sources/LCD.o
 .ARM.exidx.text.LCD_Write_At
                0x000102e8        0x8 ./Sources/LCD.o
 .ARM.exidx.text.LCD_Write_Block
                0x000102f0        0x8 ./Sources/LCD.o
 .ARM.exidx.text.PCA9670_Init
                0x000102f8        0x8 ./Sources/PCA9670.o
 .ARM.exidx.text.PCA9670_SendByte
                0x00010300        0x8 ./Sources/PCA9670.o
 .ARM.exidx.text.select_cue
                0x00010308        0x8 ./Sources/cue.o
 .ARM.exidx.text.vspfunc
                0x00010310        0x8 ./Sources/display.o
 .ARM.exidx.text.print_float_at
                0x00010318        0x8 ./Sources/display.o
 .ARM.exidx.text.print_int_at
                0x00010320        0x8 ./Sources/display.o
 .ARM.exidx.text.print_cue_array
                0x00010328        0x8 ./Sources/display.o
 .ARM.exidx.text.print_all_cue
                0x00010330        0x8 ./Sources/display.o
 .ARM.exidx.text.load_char
                0x00010338        0x8 ./Sources/display.o
 .ARM.exidx.text.menu_init
                0x00010340        0x8 ./Sources/display.o
 .ARM.exidx.text.refresh
                0x00010348        0x8 ./Sources/display.o
 .ARM.exidx.text.select
                0x00010350        0x8 ./Sources/display.o
 .ARM.exidx.text.back
                0x00010358        0x8 ./Sources/display.o
 .ARM.exidx.text.controle_mode_display
                0x00010360        0x8 ./Sources/display.o
 .ARM.exidx.text.control_mode_fct
                0x00010368        0x8 ./Sources/display.o
 .ARM.exidx.text.update_icon_dir
                0x00010370        0x8 ./Sources/display.o
 .ARM.exidx.text.update_icon_drive_enable
                0x00010378        0x8 ./Sources/display.o
 .ARM.exidx.text.select_setting
                0x00010380        0x8 ./Sources/display.o
 .ARM.exidx.text.refresh_fct
                0x00010388        0x8 ./Sources/display.o
 .ARM.exidx.text.velocity_fct
                0x00010390        0x8 ./Sources/display.o
 .ARM.exidx.text.acceleration_fct
                0x00010398        0x0 ./Sources/display.o
                                  0x8 (size before relaxing)
 .ARM.exidx.text.deceleration_fct
                0x00010398        0x0 ./Sources/display.o
                                  0x8 (size before relaxing)
 .ARM.exidx.text.back_fct
                0x00010398        0x0 ./Sources/display.o
                                  0x8 (size before relaxing)
 .ARM.exidx.text.pos_position_fct
                0x00010398        0x8 ./Sources/display.o
 .ARM.exidx.text.pos_velocity_fct
                0x000103a0        0x8 ./Sources/display.o
 .ARM.exidx.text.pos_acceleration_fct
                0x000103a8        0x0 ./Sources/display.o
                                  0x8 (size before relaxing)
 .ARM.exidx.text.pos_deceleration_fct
                0x000103a8        0x0 ./Sources/display.o
                                  0x8 (size before relaxing)
 .ARM.exidx.text.pos_set_home_fct
                0x000103a8        0x0 ./Sources/display.o
                                  0x8 (size before relaxing)
 .ARM.exidx.text.torque_fct
                0x000103a8        0x0 ./Sources/display.o
                                  0x8 (size before relaxing)
 .ARM.exidx.text.torque_rise_fct
                0x000103a8        0x0 ./Sources/display.o
                                  0x8 (size before relaxing)
 .ARM.exidx.text.torque_fall_fct
                0x000103a8        0x0 ./Sources/display.o
                                  0x8 (size before relaxing)
 .ARM.exidx.text.pos_play_cue_fct
                0x000103a8        0x8 ./Sources/display.o
 .ARM.exidx.text.pos_rec_cue_fct
                0x000103b0        0x8 ./Sources/display.o
 .ARM.exidx.text.pos_mod_cue_fct
                0x000103b8        0x8 ./Sources/display.o
 .ARM.exidx.text.pos_del_cue_fct
                0x000103c0        0x8 ./Sources/display.o
 .ARM.exidx.text.vel_play_cue_fct
                0x000103c8        0x8 ./Sources/display.o
 .ARM.exidx.text.vel_rec_cue_fct
                0x000103d0        0x8 ./Sources/display.o
 .ARM.exidx.text.vel_mod_cue_fct
                0x000103d8        0x8 ./Sources/display.o
 .ARM.exidx.text.vel_del_cue_fct
                0x000103e0        0x8 ./Sources/display.o
 .ARM.exidx.text.select_baud_rate_fct
                0x000103e8        0x8 ./Sources/display.o
 .ARM.exidx.text.select_update_menu_fct
                0x000103f0        0x0 ./Sources/display.o
                                  0x8 (size before relaxing)
 .ARM.exidx.text.short_cut_position_menu
                0x000103f0        0x0 ./Sources/display.o
                                  0x8 (size before relaxing)
 .ARM.exidx.text.display_resolution
                0x000103f0        0x0 ./Sources/display.o
                                  0x8 (size before relaxing)
 .ARM.exidx.text.get_cursor_resolution_position
                0x000103f0        0x8 ./Sources/display.o
 .ARM.exidx.text._Z41__static_initialization_and_destruction_0ii
                0x000103f8        0x0 ./Sources/display.o
                                  0x8 (size before relaxing)
 .ARM.exidx.text._GLOBAL__sub_I_buffer
                0x000103f8        0x0 ./Sources/display.o
                                  0x8 (size before relaxing)
 .ARM.exidx.text.load_cue
                0x000103f8        0x8 ./Sources/eeprom.o
 .ARM.exidx.text.write_cue
                0x00010400        0x8 ./Sources/eeprom.o
 .ARM.exidx.text.erase_cue
                0x00010408        0x8 ./Sources/eeprom.o
 .ARM.exidx.text.get_next_slot_free
                0x00010410        0x8 ./Sources/eeprom.o
 .ARM.exidx.text.get_slot_saved
                0x00010418        0x8 ./Sources/eeprom.o
 .ARM.exidx.text.get_cue_values
                0x00010420       0x10 ./Sources/eeprom.o
                                  0x8 (size before relaxing)
 .ARM.exidx.text.init_menu
                0x00010430        0x0 ./Sources/menu.o
                                  0x8 (size before relaxing)
 .ARM.exidx.text.init_sub_menu
                0x00010430        0x0 ./Sources/menu.o
                                  0x8 (size before relaxing)
 .ARM.exidx.text.init_sub_menu2
                0x00010430        0x0 ./Sources/menu.o
                                  0x8 (size before relaxing)
 .ARM.exidx.text.init_menu_list
                0x00010430        0x0 ./Sources/menu.o
                                  0x8 (size before relaxing)
 .ARM.exidx.text.init_sub_menu_list
                0x00010430        0x0 ./Sources/menu.o
                                  0x8 (size before relaxing)
 .ARM.exidx.text.init_sub_menu2_list
                0x00010430        0x0 ./Sources/menu.o
                                  0x8 (size before relaxing)
 .ARM.exidx.text.print_menu
                0x00010430        0x8 ./Sources/menu.o
 .ARM.exidx.text.print_sub_menu
                0x00010438        0x8 ./Sources/menu.o
 .ARM.exidx.text.print_sub_menu2
                0x00010440        0x8 ./Sources/menu.o
 .ARM.exidx.text.menu_select
                0x00010448        0x8 ./Sources/menu.o
 .ARM.exidx.text.menu_back
                0x00010450        0x8 ./Sources/menu.o
 .ARM.exidx.text.refresh_menu
                0x00010458        0x8 ./Sources/menu.o
 .ARM.exidx.text.void_function
                0x00010460        0x8 ./Sources/menu.o
 .ARM.exidx.text.parameters_init
                0x00010468        0x0 ./Sources/parameters.o
                                  0x8 (size before relaxing)
 .ARM.exidx.text.convert
                0x00010468        0x0 ./Sources/parameters.o
                                  0x8 (size before relaxing)
 .ARM.exidx.text.serial_send_block
                0x00010468        0x8 ./Sources/protocol.o
 .ARM.exidx.text.serial_send_float
                0x00010470        0x8 ./Sources/protocol.o
 .ARM.exidx.text.serial_send_int
                0x00010478        0x8 ./Sources/protocol.o
 .ARM.exidx.text.serial_send_string
                0x00010480        0x8 ./Sources/protocol.o
 .ARM.exidx.text.serial_send_char
                0x00010488        0x8 ./Sources/protocol.o
 .ARM.exidx.text.serial_send_end
                0x00010490        0x8 ./Sources/protocol.o
 .ARM.exidx.text.msg_parse
                0x00010498        0x8 ./Sources/protocol.o
 .ARM.exidx.text.msg_processing
                0x000104a0        0x8 ./Sources/protocol.o
 .ARM.exidx.text.select_baud_rate
                0x000104a8        0x8 ./Sources/protocol.o
 .ARM.exidx.text.Send_Control_Mode
                0x000104b0        0x8 ./Sources/send.o
 .ARM.exidx.text.send_fct
                0x000104b8        0x8 ./Sources/send.o
 .ARM.exidx.text.get_update_drive_en
                0x000104c0        0x8 ./Sources/send.o
 .ARM.exidx.text.get_update_value
                0x000104c8        0x8 ./Sources/send.o
 .ARM.exidx.text.send_stop
                0x000104d0        0x8 ./Sources/send.o
 .ARM.exidx.text.send_velocity_cue
                0x000104d8        0x0 ./Sources/send.o
                                  0x8 (size before relaxing)
 .ARM.exidx.text.send_position_cue
                0x000104d8        0x0 ./Sources/send.o
                                  0x8 (size before relaxing)
 .ARM.exidx.text.velocity_processing
                0x000104d8        0x8 ./Sources/send.o
 .ARM.exidx.text.velocity_ref_processing
                0x000104e0        0x0 ./Sources/send.o
                                  0x8 (size before relaxing)
 .ARM.exidx.text.acceleration_processing
                0x000104e0        0x0 ./Sources/send.o
                                  0x8 (size before relaxing)
 .ARM.exidx.text.deceleration_processing
                0x000104e0        0x0 ./Sources/send.o
                                  0x8 (size before relaxing)
 .ARM.exidx.text.torque_processing
                0x000104e0        0x0 ./Sources/send.o
                                  0x8 (size before relaxing)
 .ARM.exidx.text.torque_ref_processing
                0x000104e0        0x0 ./Sources/send.o
                                  0x8 (size before relaxing)
 .ARM.exidx.text.torque_rise_processing
                0x000104e0        0x0 ./Sources/send.o
                                  0x8 (size before relaxing)
 .ARM.exidx.text.torque_fall_processing
                0x000104e0        0x0 ./Sources/send.o
                                  0x8 (size before relaxing)
 .ARM.exidx.text.position_ref_processing
                0x000104e0        0x0 ./Sources/send.o
                                  0x8 (size before relaxing)
 .ARM.exidx.text.position_processing
                0x000104e0        0x0 ./Sources/send.o
                                  0x8 (size before relaxing)
 .ARM.exidx.text.control_mode_processing
                0x000104e0        0x0 ./Sources/send.o
                                  0x8 (size before relaxing)
 .ARM.exidx.text.drive_enable_processing
                0x000104e0        0x0 ./Sources/send.o
                                  0x8 (size before relaxing)
 .ARM.exidx     0x000101f0       0x88 c:/freescale/kds_v3/toolchain/bin/../lib/gcc/arm-none-eabi/4.8.4/armv7e-m\libgcc.a(unwind-arm.o)
                                 0xd8 (size before relaxing)
 .ARM.exidx     0x00010278       0x38 c:/freescale/kds_v3/toolchain/bin/../lib/gcc/arm-none-eabi/4.8.4/armv7e-m\libgcc.a(pr-support.o)
                                 0x48 (size before relaxing)
                0x000104e0                __exidx_end = .

.rel.dyn        0x000104e0        0x0
 .rel.iplt      0x00000000        0x0 c:/freescale/kds_v3/toolchain/bin/../lib/gcc/arm-none-eabi/4.8.4/armv7e-m/crtbegin.o

.ctors          0x000104e0        0x0
                0x000104e0                __CTOR_LIST__ = .
 *crtbegin.o(.ctors)
 *(EXCLUDE_FILE(*crtend.o) .ctors)
 *(SORT(.ctors.*))
 *(.ctors)
                0x000104e0                __CTOR_END__ = .

.dtors          0x000104e0        0x0
                0x000104e0                __DTOR_LIST__ = .
 *crtbegin.o(.dtors)
 *(EXCLUDE_FILE(*crtend.o) .dtors)
 *(SORT(.dtors.*))
 *(.dtors)
                0x000104e0                __DTOR_END__ = .

.preinit_array  0x000104e0        0x0
                0x000104e0                PROVIDE (__preinit_array_start, .)
 *(.preinit_array*)
                0x000104e0                PROVIDE (__preinit_array_end, .)

.init_array     0x000104e0        0x8
                0x000104e0                PROVIDE (__init_array_start, .)
 *(SORT(.init_array.*))
 *(.init_array*)
 .init_array    0x000104e0        0x4 c:/freescale/kds_v3/toolchain/bin/../lib/gcc/arm-none-eabi/4.8.4/armv7e-m/crtbegin.o
 .init_array    0x000104e4        0x4 ./Sources/display.o
                0x000104e8                PROVIDE (__init_array_end, .)

.fini_array     0x000104e8        0x4
                0x000104e8                PROVIDE (__fini_array_start, .)