Archive member included because of file (symbol)

c:/freescale/kds_v3/toolchain/bin/../lib/gcc/arm-none-eabi/4.8.4/../../../../arm-none-eabi/lib/armv7e-m\libm.a(lib_a-s_round.o)
                              ./Sources/display.o (round)
c:/freescale/kds_v3/toolchain/bin/../lib/gcc/arm-none-eabi/4.8.4/../../../../arm-none-eabi/lib/armv7e-m\libm.a(lib_a-w_pow.o)
                              ./Sources/display.o (pow)
c:/freescale/kds_v3/toolchain/bin/../lib/gcc/arm-none-eabi/4.8.4/../../../../arm-none-eabi/lib/armv7e-m\libm.a(lib_a-e_pow.o)
                              c:/freescale/kds_v3/toolchain/bin/../lib/gcc/arm-none-eabi/4.8.4/../../../../arm-none-eabi/lib/armv7e-m\libm.a(lib_a-w_pow.o) (__ieee754_pow)
c:/freescale/kds_v3/toolchain/bin/../lib/gcc/arm-none-eabi/4.8.4/../../../../arm-none-eabi/lib/armv7e-m\libm.a(lib_a-e_sqrt.o)
                              c:/freescale/kds_v3/toolchain/bin/../lib/gcc/arm-none-eabi/4.8.4/../../../../arm-none-eabi/lib/armv7e-m\libm.a(lib_a-e_pow.o) (__ieee754_sqrt)
c:/freescale/kds_v3/toolchain/bin/../lib/gcc/arm-none-eabi/4.8.4/../../../../arm-none-eabi/lib/armv7e-m\libm.a(lib_a-s_fabs.o)
                              c:/freescale/kds_v3/toolchain/bin/../lib/gcc/arm-none-eabi/4.8.4/../../../../arm-none-eabi/lib/armv7e-m\libm.a(lib_a-e_pow.o) (fabs)
c:/freescale/kds_v3/toolchain/bin/../lib/gcc/arm-none-eabi/4.8.4/../../../../arm-none-eabi/lib/armv7e-m\libm.a(lib_a-s_finite.o)
                              c:/freescale/kds_v3/toolchain/bin/../lib/gcc/arm-none-eabi/4.8.4/../../../../arm-none-eabi/lib/armv7e-m\libm.a(lib_a-w_pow.o) (finite)
c:/freescale/kds_v3/toolchain/bin/../lib/gcc/arm-none-eabi/4.8.4/../../../../arm-none-eabi/lib/armv7e-m\libm.a(lib_a-s_fpclassify.o)
                              c:/freescale/kds_v3/toolchain/bin/../lib/gcc/arm-none-eabi/4.8.4/../../../../arm-none-eabi/lib/armv7e-m\libm.a(lib_a-w_pow.o) (__fpclassifyd)
c:/freescale/kds_v3/toolchain/bin/../lib/gcc/arm-none-eabi/4.8.4/../../../../arm-none-eabi/lib/armv7e-m\libm.a(lib_a-s_lib_ver.o)
                              c:/freescale/kds_v3/toolchain/bin/../lib/gcc/arm-none-eabi/4.8.4/../../../../arm-none-eabi/lib/armv7e-m\libm.a(lib_a-w_pow.o) (__fdlib_version)
c:/freescale/kds_v3/toolchain/bin/../lib/gcc/arm-none-eabi/4.8.4/../../../../arm-none-eabi/lib/armv7e-m\libm.a(lib_a-s_matherr.o)
                              c:/freescale/kds_v3/toolchain/bin/../lib/gcc/arm-none-eabi/4.8.4/../../../../arm-none-eabi/lib/armv7e-m\libm.a(lib_a-w_pow.o) (matherr)
c:/freescale/kds_v3/toolchain/bin/../lib/gcc/arm-none-eabi/4.8.4/../../../../arm-none-eabi/lib/armv7e-m\libm.a(lib_a-s_nan.o)
                              c:/freescale/kds_v3/toolchain/bin/../lib/gcc/arm-none-eabi/4.8.4/../../../../arm-none-eabi/lib/armv7e-m\libm.a(lib_a-e_pow.o) (nan)
c:/freescale/kds_v3/toolchain/bin/../lib/gcc/arm-none-eabi/4.8.4/../../../../arm-none-eabi/lib/armv7e-m\libm.a(lib_a-s_rint.o)
                              c:/freescale/kds_v3/toolchain/bin/../lib/gcc/arm-none-eabi/4.8.4/../../../../arm-none-eabi/lib/armv7e-m\libm.a(lib_a-w_pow.o) (rint)
c:/freescale/kds_v3/toolchain/bin/../lib/gcc/arm-none-eabi/4.8.4/../../../../arm-none-eabi/lib/armv7e-m\libm.a(lib_a-s_scalbn.o)
                              c:/freescale/kds_v3/toolchain/bin/../lib/gcc/arm-none-eabi/4.8.4/../../../../arm-none-eabi/lib/armv7e-m\libm.a(lib_a-e_pow.o) (scalbn)
c:/freescale/kds_v3/toolchain/bin/../lib/gcc/arm-none-eabi/4.8.4/../../../../arm-none-eabi/lib/armv7e-m\libm.a(lib_a-s_copysign.o)
                              c:/freescale/kds_v3/toolchain/bin/../lib/gcc/arm-none-eabi/4.8.4/../../../../arm-none-eabi/lib/armv7e-m\libm.a(lib_a-s_scalbn.o) (copysign)
c:/freescale/kds_v3/toolchain/bin/../lib/gcc/arm-none-eabi/4.8.4/armv7e-m\libgcc.a(_arm_addsubdf3.o)
                              c:/freescale/kds_v3/toolchain/bin/../lib/gcc/arm-none-eabi/4.8.4/../../../../arm-none-eabi/lib/armv7e-m\libm.a(lib_a-e_pow.o) (__aeabi_dsub)
c:/freescale/kds_v3/toolchain/bin/../lib/gcc/arm-none-eabi/4.8.4/armv7e-m\libgcc.a(_arm_muldivdf3.o)
                              ./Sources/display.o (__aeabi_dmul)
c:/freescale/kds_v3/toolchain/bin/../lib/gcc/arm-none-eabi/4.8.4/armv7e-m\libgcc.a(_arm_cmpdf2.o)
                              c:/freescale/kds_v3/toolchain/bin/../lib/gcc/arm-none-eabi/4.8.4/../../../../arm-none-eabi/lib/armv7e-m\libm.a(lib_a-w_pow.o) (__aeabi_dcmpeq)
c:/freescale/kds_v3/toolchain/bin/../lib/gcc/arm-none-eabi/4.8.4/armv7e-m\libgcc.a(_arm_fixdfsi.o)
                              ./Sources/display.o (__aeabi_d2iz)
c:/freescale/kds_v3/toolchain/bin/../lib/gcc/arm-none-eabi/4.8.4/armv7e-m\libgcc.a(_arm_addsubsf3.o)
                              ./Sources/Events.o (__aeabi_fsub)
c:/freescale/kds_v3/toolchain/bin/../lib/gcc/arm-none-eabi/4.8.4/armv7e-m\libgcc.a(_arm_cmpsf2.o)
                              ./Sources/display.o (__aeabi_fcmpeq)
c:/freescale/kds_v3/toolchain/bin/../lib/gcc/arm-none-eabi/4.8.4/armv7e-m\libgcc.a(_arm_fixsfsi.o)
[...]
Memory Configuration

Name             Origin             Length             Attributes
m_interrupts     0x00000000         0x000001bc         xr
m_text           0x00000410         0x00030000         xr
m_data           0x1fff8000         0x00008000         rw
m_data_20000000  0x20000000         0x00008000         rw
m_cfmprotrom     0x00000400         0x00000010         xr
*default*        0x00000000         0xffffffff

Linker script and memory map

LOAD c:/freescale/kds_v3/toolchain/bin/../lib/gcc/arm-none-eabi/4.8.4/armv7e-m/crti.o
LOAD c:/freescale/kds_v3/toolchain/bin/../lib/gcc/arm-none-eabi/4.8.4/armv7e-m/crtbegin.o
LOAD c:/freescale/kds_v3/toolchain/bin/../lib/gcc/arm-none-eabi/4.8.4/../../../../arm-none-eabi/lib/armv7e-m/crt0.o
LOAD ./Sources/Events.o
LOAD ./Sources/LCD.o
LOAD ./Sources/PCA9670.o
LOAD ./Sources/cue.o
LOAD ./Sources/display.o
LOAD ./Sources/eeprom.o
LOAD ./Sources/encoder_variable.o
LOAD ./Sources/main.o
LOAD ./Sources/menu.o
LOAD ./Sources/parameters.o
LOAD ./Sources/protocol.o
LOAD ./Sources/send.o
LOAD ./Project_Settings/Startup_Code/startup.o
LOAD ./Generated_Code/AS1.o
LOAD ./Generated_Code/ASerialLdd1.o
LOAD ./Generated_Code/BitIoLdd1.o
LOAD ./Generated_Code/BitIoLdd2.o
LOAD ./Generated_Code/BitIoLdd3.o
LOAD ./Generated_Code/BitIoLdd4.o
LOAD ./Generated_Code/BitIoLdd5.o
LOAD ./Generated_Code/BitIoLdd6.o
LOAD ./Generated_Code/BitIoLdd7.o
LOAD ./Generated_Code/BitIoLdd8.o
LOAD ./Generated_Code/CS1.o
LOAD ./Generated_Code/Cpu.o
LOAD ./Generated_Code/ENCODER.o
LOAD ./Generated_Code/ENCODER_PUSH.o
LOAD ./Generated_Code/ExtIntLdd1.o
LOAD ./Generated_Code/ExtIntLdd2.o
LOAD ./Generated_Code/ExtIntLdd3.o
LOAD ./Generated_Code/ExtIntLdd4.o
LOAD ./Generated_Code/ExtIntLdd5.o
LOAD ./Generated_Code/I2C0.o
LOAD ./Generated_Code/IFsh1.o
LOAD ./Generated_Code/IntFlashLdd1.o
LOAD ./Generated_Code/IntI2cLdd1.o
LOAD ./Generated_Code/KSDK1.o
LOAD ./Generated_Code/LCD_CTR.o
LOAD ./Generated_Code/LCD_EN.o
LOAD ./Generated_Code/LED_DEBUG.o
LOAD ./Generated_Code/LED_MOTOR_MOVE.o
LOAD ./Generated_Code/LED_STATUS_1.o
LOAD ./Generated_Code/LED_STATUS_2.o
LOAD ./Generated_Code/LED_STATUS_3.o
LOAD ./Generated_Code/LED_STATUS_4.o
LOAD ./Generated_Code/LEVER_DIR1.o
LOAD ./Generated_Code/LEVER_DIR2.o
LOAD ./Generated_Code/PCA.o
LOAD ./Generated_Code/PE_LDD.o
LOAD ./Generated_Code/PUSH_BUTTON_REC.o
LOAD ./Generated_Code/PUSH_BUTTON_SEND.o
LOAD ./Generated_Code/TU1.o
LOAD ./Generated_Code/T_100ms.o
LOAD ./Generated_Code/T_500ms.o
LOAD ./Generated_Code/Vectors.o
LOAD ./Generated_Code/WAIT1.o
LOAD ./.metadata/.plugins/org.eclipse.cdt.make.core/specs.o
LOAD c:/freescale/kds_v3/toolchain/bin/../lib/gcc/arm-none-eabi/4.8.4/../../../../arm-none-eabi/lib/armv7e-m\libstdc++_s.a
LOAD c:/freescale/kds_v3/toolchain/bin/../lib/gcc/arm-none-eabi/4.8.4/../../../../arm-none-eabi/lib/armv7e-m\libm.a
START GROUP
LOAD c:/freescale/kds_v3/toolchain/bin/../lib/gcc/arm-none-eabi/4.8.4/armv7e-m\libgcc.a
LOAD c:/freescale/kds_v3/toolchain/bin/../lib/gcc/arm-none-eabi/4.8.4/../../../../arm-none-eabi/lib/armv7e-m\libg_s.a
LOAD c:/freescale/kds_v3/toolchain/bin/../lib/gcc/arm-none-eabi/4.8.4/../../../../arm-none-eabi/lib/armv7e-m\libc_s.a
END GROUP
START GROUP
LOAD c:/freescale/kds_v3/toolchain/bin/../lib/gcc/arm-none-eabi/4.8.4/armv7e-m\libgcc.a
LOAD c:/freescale/kds_v3/toolchain/bin/../lib/gcc/arm-none-eabi/4.8.4/../../../../arm-none-eabi/lib/armv7e-m\libc_s.a
LOAD c:/freescale/kds_v3/toolchain/bin/../lib/gcc/arm-none-eabi/4.8.4/../../../../arm-none-eabi/lib/armv7e-m\libnosys.a
END GROUP
START GROUP
LOAD c:/freescale/kds_v3/toolchain/bin/../lib/gcc/arm-none-eabi/4.8.4/armv7e-m\libgcc.a
LOAD c:/freescale/kds_v3/toolchain/bin/../lib/gcc/arm-none-eabi/4.8.4/../../../../arm-none-eabi/lib/armv7e-m\libc_s.a
LOAD c:/freescale/kds_v3/toolchain/bin/../lib/gcc/arm-none-eabi/4.8.4/../../../../arm-none-eabi/lib/armv7e-m\libnosys.a
END GROUP
LOAD c:/freescale/kds_v3/toolchain/bin/../lib/gcc/arm-none-eabi/4.8.4/armv7e-m/crtend.o
LOAD c:/freescale/kds_v3/toolchain/bin/../lib/gcc/arm-none-eabi/4.8.4/armv7e-m/crtn.o
                0x20000000                _estack = 0x20000000
                0x20000000                __SP_INIT = _estack
                0x20000000                __stack = _estack
                0x00000000                __heap_size = 0x0
                0x00000400                __stack_size = 0x400

.interrupts     0x00000000      0x1bc
                0x00000000                __vector_table = .
                0x00000000                . = ALIGN (0x4)
 *(.vectortable)
 .vectortable   0x00000000      0x1bc ./Generated_Code/Vectors.o
                0x00000000                __vect_table
                0x000001bc                . = ALIGN (0x4)

.cfmprotect     0x00000400       0x10
                0x00000400                . = ALIGN (0x4)
 *(.cfmconfig)
 .cfmconfig     0x00000400       0x10 ./Generated_Code/Cpu.o
                0x00000400                _cfm
                0x00000410                . = ALIGN (0x4)

.text           0x00000410     0xf98c
                0x00000410                . = ALIGN (0x4)
 *(.text)
 .text          0x00000410       0x54 c:/freescale/kds_v3/toolchain/bin/../lib/gcc/arm-none-eabi/4.8.4/armv7e-m/crtbegin.o
 .text          0x00000464       0x74 c:/freescale/kds_v3/toolchain/bin/../lib/gcc/arm-none-eabi/4.8.4/../../../../arm-none-eabi/lib/armv7e-m/crt0.o
                0x00000464                _start
                0x00000464                _mainCRTStartup
 .text          0x000004d8      0x370 c:/freescale/kds_v3/toolchain/bin/../lib/gcc/arm-none-eabi/4.8.4/armv7e-m\libgcc.a(_arm_addsubdf3.o)
                0x000004d8                __aeabi_drsub
                0x000004e0                __aeabi_dsub
                0x000004e0                __subdf3
                0x000004e4                __aeabi_dadd
                0x000004e4                __adddf3
                0x0000075c                __floatunsidf
                0x0000075c                __aeabi_ui2d
                0x0000077c                __floatsidf
                0x0000077c                __aeabi_i2d
                0x000007a0                __aeabi_f2d
                0x000007a0                __extendsfdf2
                0x000007dc                __floatundidf
                0x000007dc                __aeabi_ul2d
                0x000007ec                __floatdidf
                0x000007ec                __aeabi_l2d
 .text          0x00000848      0x424 c:/freescale/kds_v3/toolchain/bin/../lib/gcc/arm-none-eabi/4.8.4/armv7e-m\libgcc.a(_arm_muldivdf3.o)
                0x00000848                __aeabi_dmul
                0x00000848                __muldf3
                0x00000a9c                __divdf3
                0x00000a9c                __aeabi_ddiv
 .text          0x00000c6c      0x110 c:/freescale/kds_v3/toolchain/bin/../lib/gcc/arm-none-eabi/4.8.4/armv7e-m\libgcc.a(_arm_cmpdf2.o)
                0x00000c6c                __gtdf2
                0x00000c6c                __gedf2
                0x00000c74                __ltdf2
                0x00000c74                __ledf2
                0x00000c7c                __nedf2
                0x00000c7c                __eqdf2
                0x00000c7c                __cmpdf2
                0x00000cf8                __aeabi_cdrcmple
                0x00000d08                __aeabi_cdcmpeq
                0x00000d08                __aeabi_cdcmple
                0x00000d18                __aeabi_dcmpeq
                0x00000d2c                __aeabi_dcmplt
                0x00000d40                __aeabi_dcmple
                0x00000d54                __aeabi_dcmpge
                0x00000d68                __aeabi_dcmpgt
 .text          0x00000d7c       0x50 c:/freescale/kds_v3/toolchain/bin/../lib/gcc/arm-none-eabi/4.8.4/armv7e-m\libgcc.a(_arm_fixdfsi.o)
                0x00000d7c                __aeabi_d2iz
                0x00000d7c                __fixdfsi
 .text          0x00000dcc      0x21c c:/freescale/kds_v3/toolchain/bin/../lib/gcc/arm-none-eabi/4.8.4/armv7e-m\libgcc.a(_arm_addsubsf3.o)
                0x00000dcc                __aeabi_frsub
                0x00000dd4                __subsf3
                0x00000dd4                __aeabi_fsub
                0x00000dd8                __aeabi_fadd
                0x00000dd8                __addsf3
                0x00000f38                __aeabi_ui2f
                0x00000f38                __floatunsisf
                0x00000f40                __aeabi_i2f
                0x00000f40                __floatsisf
                0x00000f5c                __aeabi_ul2f
                0x00000f5c                __floatundisf
                0x00000f6c                __aeabi_l2f
                0x00000f6c                __floatdisf
 .text          0x00000fe8       0xec c:/freescale/kds_v3/toolchain/bin/../lib/gcc/arm-none-eabi/4.8.4/armv7e-m\libgcc.a(_arm_cmpsf2.o)
                0x00000fe8                __gesf2
                0x00000fe8                __gtsf2
                0x00000ff0                __lesf2
                0x00000ff0                __ltsf2
                0x00000ff8                __nesf2
                0x00000ff8                __eqsf2
                0x00000ff8                __cmpsf2
                0x00001058                __aeabi_cfrcmple
                0x00001060                __aeabi_cfcmpeq
                0x00001060                __aeabi_cfcmple
                0x00001070                __aeabi_fcmpeq
                0x00001084                __aeabi_fcmplt
                0x00001098                __aeabi_fcmple
                0x000010ac                __aeabi_fcmpge
                0x000010c0                __aeabi_fcmpgt
 .text          0x000010d4       0x4c c:/freescale/kds_v3/toolchain/bin/../lib/gcc/arm-none-eabi/4.8.4/armv7e-m\libgcc.a(_arm_fixsfsi.o)
                0x000010d4                __aeabi_f2iz
                0x000010d4                __fixsfsi
 .text          0x00001120       0x40 c:/freescale/kds_v3/toolchain/bin/../lib/gcc/arm-none-eabi/4.8.4/armv7e-m\libgcc.a(_arm_fixunssfsi.o)
                0x00001120                __fixunssfsi
                0x00001120                __aeabi_f2uiz
 .text          0x00001160      0xa1c c:/freescale/kds_v3/toolchain/bin/../lib/gcc/arm-none-eabi/4.8.4/armv7e-m\libgcc.a(unwind-arm.o)
                0x00001444                _Unwind_GetCFA
                0x00001448                __gnu_Unwind_RaiseException
                0x000014a8                __gnu_Unwind_ForcedUnwind
                0x000014bc                __gnu_Unwind_Resume
                0x00001500                __gnu_Unwind_Resume_or_Rethrow
                0x00001510                _Unwind_Complete
                0x00001514                _Unwind_DeleteException
                0x00001524                _Unwind_VRS_Get
                0x00001574                _Unwind_VRS_Set
                0x000015c4                __gnu_Unwind_Backtrace
                0x00001918                __aeabi_unwind_cpp_pr0
                0x00001920                __aeabi_unwind_cpp_pr1
                0x00001928                __aeabi_unwind_cpp_pr2
                0x00001930                _Unwind_VRS_Pop
 .text          0x00001b7c      0x1ac c:/freescale/kds_v3/toolchain/bin/../lib/gcc/arm-none-eabi/4.8.4/armv7e-m\libgcc.a(libunwind.o)
                0x00001b7c                __restore_core_regs
                0x00001b7c                restore_core_regs
                0x00001b94                __gnu_Unwind_Restore_VFP
                0x00001b9c                __gnu_Unwind_Save_VFP
                0x00001ba4                __gnu_Unwind_Restore_VFP_D
                0x00001bac                __gnu_Unwind_Save_VFP_D
                0x00001bb4                __gnu_Unwind_Restore_VFP_D_16_to_31
                0x00001bbc                __gnu_Unwind_Save_VFP_D_16_to_31
                0x00001bc4                __gnu_Unwind_Restore_WMMXD
                0x00001c08                __gnu_Unwind_Save_WMMXD
                0x00001c4c                __gnu_Unwind_Restore_WMMXC
                0x00001c60                __gnu_Unwind_Save_WMMXC
                0x00001c74                ___Unwind_RaiseException
                0x00001c74                _Unwind_RaiseException
                0x00001c98                _Unwind_Resume
                0x00001c98                ___Unwind_Resume
                0x00001cbc                _Unwind_Resume_or_Rethrow
                0x00001cbc                ___Unwind_Resume_or_Rethrow
                0x00001ce0                _Unwind_ForcedUnwind
                0x00001ce0                ___Unwind_ForcedUnwind
                0x00001d04                ___Unwind_Backtrace
                0x00001d04                _Unwind_Backtrace
 .text          0x00001d28      0x33c c:/freescale/kds_v3/toolchain/bin/../lib/gcc/arm-none-eabi/4.8.4/armv7e-m\libgcc.a(pr-support.o)
                0x00001d7c                __gnu_unwind_execute
                0x00002008                __gnu_unwind_frame
                0x00002034                _Unwind_GetRegionStart
                0x00002040                _Unwind_GetLanguageSpecificData
                0x00002054                _Unwind_GetDataRelBase
                0x0000205c                _Unwind_GetTextRelBase
 .text          0x00002064       0x14 c:/freescale/kds_v3/toolchain/bin/../lib/gcc/arm-none-eabi/4.8.4/../../../../arm-none-eabi/lib/armv7e-m\libg_s.a(lib_a-strcmp.o)
                0x00002064                strcmp
 *(.text*)
 .text.PUSH_BUTTON_REC_OnInterrupt
                0x00002078       0x18 ./Sources/Events.o
                0x00002078                PUSH_BUTTON_REC_OnInterrupt
 .text.PUSH_BUTTON_SEND_OnInterrupt
                0x00002090       0x18 ./Sources/Events.o
                0x00002090                PUSH_BUTTON_SEND_OnInterrupt
 .text.I2C0_OnReceiveData
                0x000020a8        0xc ./Sources/Events.o
                0x000020a8                I2C0_OnReceiveData
 .text.I2C0_OnTransmitData
                0x000020b4        0xc ./Sources/Events.o
                0x000020b4                I2C0_OnTransmitData
 .text.T_100ms_OnCounterRestart
                0x000020c0       0x48 ./Sources/Events.o
                0x000020c0                T_100ms_OnCounterRestart
 .text.LEVER_DIR1_OnInterrupt
                0x00002108       0x40 ./Sources/Events.o
                0x00002108                LEVER_DIR1_OnInterrupt
 .text.LEVER_DIR2_OnInterrupt
                0x00002148       0x40 ./Sources/Events.o
                0x00002148                LEVER_DIR2_OnInterrupt
 .text.ENCODER_PUSH_OnInterrupt
                0x00002188       0xe0 ./Sources/Events.o
                0x00002188                ENCODER_PUSH_OnInterrupt
 .text.ENCODER_OnPortEvent
                0x00002268       0xc0 ./Sources/Events.o
                0x00002268                ENCODER_OnPortEvent
 .text.T_500ms_OnCounterRestart
                0x00002328      0x114 ./Sources/Events.o
                0x00002328                T_500ms_OnCounterRestart
 .text.I2C0_OnArbitLost
                0x0000243c        0xc ./Sources/Events.o
                0x0000243c                I2C0_OnArbitLost
 .text.AS1_OnTxComplete
                0x00002448       0x14 ./Sources/Events.o
                0x00002448                AS1_OnTxComplete
 .text.AS1_OnError
                0x0000245c        0xc ./Sources/Events.o
                0x0000245c                AS1_OnError
 .text.AS1_OnRxChar
                0x00002468        0xc ./Sources/Events.o
                0x00002468                AS1_OnRxChar
 .text.AS1_OnRxCharExt
                0x00002474       0xa8 ./Sources/Events.o
                0x00002474                AS1_OnRxCharExt
 .text.AS1_OnTxChar
                0x0000251c        0xc ./Sources/Events.o
                0x0000251c                AS1_OnTxChar
 .text.AS1_OnFullRxBuf
                0x00002528       0x14 ./Sources/Events.o
                0x00002528                AS1_OnFullRxBuf
 .text.AS1_OnFreeTxBuf
                0x0000253c        0xc ./Sources/Events.o
                0x0000253c                AS1_OnFreeTxBuf
 .text.TU1_OnCounterRestart
                0x00002548       0x1c ./Sources/Events.o
                0x00002548                TU1_OnCounterRestart
 .text.LCD_Init
                0x00002564       0x50 ./Sources/LCD.o
                0x00002564                LCD_Init
 .text.LCD_command
                0x000025b4       0x30 ./Sources/LCD.o
                0x000025b4                LCD_command
 .text.LCD_Set_Cursor
                0x000025e4       0x58 ./Sources/LCD.o
                0x000025e4                LCD_Set_Cursor
 .text.LCD_Write
                0x0000263c       0x28 ./Sources/LCD.o
                0x0000263c                LCD_Write
 .text.load_custom_char
                0x00002664       0x50 ./Sources/LCD.o
                0x00002664                load_custom_char
 .text.LCD_Write_At
                0x000026b4       0x3c ./Sources/LCD.o
                0x000026b4                LCD_Write_At
 .text.LCD_Write_Block
                0x000026f0       0xa0 ./Sources/LCD.o
                0x000026f0                LCD_Write_Block
 .text.PCA9670_Init
                0x00002790       0x34 ./Sources/PCA9670.o
                0x00002790                PCA9670_Init
 .text.PCA9670_SendByte
                0x000027c4       0x3c ./Sources/PCA9670.o
                0x000027c4                PCA9670_SendByte
 .text.select_cue
                0x00002800      0x180 ./Sources/cue.o
                0x00002800                select_cue
 .text.vspfunc  0x00002980       0x30 ./Sources/display.o
                0x00002980                vspfunc
 .text.print_float_at
                0x000029b0      0x174 ./Sources/display.o
                0x000029b0                print_float_at
 .text.print_int_at
                0x00002b24       0xa0 ./Sources/display.o
                0x00002b24                print_int_at
 .text.print_cue_array
                0x00002bc4      0x1d0 ./Sources/display.o
                0x00002bc4                print_cue_array
 .text.print_all_cue
                0x00002d94      0x110 ./Sources/display.o
                0x00002d94                print_all_cue
 .text.load_char
                0x00002ea4       0xe8 ./Sources/display.o
                0x00002ea4                load_char
 .text.menu_init
                0x00002f8c       0x1c ./Sources/display.o
                0x00002f8c                menu_init
 .text.refresh  0x00002fa8       0x24 ./Sources/display.o
                0x00002fa8                refresh
 .text.select   0x00002fcc       0x24 ./Sources/display.o
                0x00002fcc                select
 .text.back     0x00002ff0       0x44 ./Sources/display.o
                0x00002ff0                back
 .text.controle_mode_display
                0x00003034       0x4c ./Sources/display.o
                0x00003034                controle_mode_display
 .text.control_mode_fct
                0x00003080       0x5c ./Sources/display.o
                0x00003080                control_mode_fct
 .text.update_icon_dir
                0x000030dc       0x74 ./Sources/display.o
                0x000030dc                update_icon_dir
 .text.update_icon_drive_enable
                0x00003150       0x38 ./Sources/display.o
                0x00003150                update_icon_drive_enable
 .text.select_setting
                0x00003188       0x94 ./Sources/display.o
                0x00003188                select_setting
 .text.refresh_fct
                0x0000321c       0xf0 ./Sources/display.o
                0x0000321c                refresh_fct
 .text.velocity_fct
                0x0000330c      0x494 ./Sources/display.o
                0x0000330c                velocity_fct
 .text.acceleration_fct
                0x000037a0      0x16c ./Sources/display.o
                0x000037a0                acceleration_fct
 .text.deceleration_fct
                0x0000390c      0x16c ./Sources/display.o
                0x0000390c                deceleration_fct
 .text.back_fct
                0x00003a78       0x30 ./Sources/display.o
                0x00003a78                back_fct
 .text.pos_position_fct
                0x00003aa8      0x3d0 ./Sources/display.o
                0x00003aa8                pos_position_fct
 .text.pos_velocity_fct
                0x00003e78      0x114 ./Sources/display.o
                0x00003e78                pos_velocity_fct
 .text.pos_acceleration_fct
                0x00003f8c      0x16c ./Sources/display.o
                0x00003f8c                pos_acceleration_fct
 .text.pos_deceleration_fct
                0x000040f8      0x16c ./Sources/display.o
                0x000040f8                pos_deceleration_fct
 .text.pos_set_home_fct
                0x00004264       0x8c ./Sources/display.o
                0x00004264                pos_set_home_fct
 .text.torque_fct
                0x000042f0      0x390 ./Sources/display.o
                0x000042f0                torque_fct
 .text.torque_rise_fct
                0x00004680      0x16c ./Sources/display.o
                0x00004680                torque_rise_fct
 .text.torque_fall_fct
                0x000047ec      0x168 ./Sources/display.o
                0x000047ec                torque_fall_fct
 .text.pos_play_cue_fct
                0x00004954      0x320 ./Sources/display.o
                0x00004954                pos_play_cue_fct
 .text.pos_rec_cue_fct
                0x00004c74      0x248 ./Sources/display.o
                0x00004c74                pos_rec_cue_fct
 .text.pos_mod_cue_fct
                0x00004ebc      0x328 ./Sources/display.o
                0x00004ebc                pos_mod_cue_fct
 .text.pos_del_cue_fct
                0x000051e4      0x334 ./Sources/display.o
                0x000051e4                pos_del_cue_fct
 .text.vel_play_cue_fct
                0x00005518      0x2b8 ./Sources/display.o
                0x00005518                vel_play_cue_fct
 .text.vel_rec_cue_fct
                0x000057d0      0x248 ./Sources/display.o
                0x000057d0                vel_rec_cue_fct
 .text.vel_mod_cue_fct
                0x00005a18      0x2b8 ./Sources/display.o
                0x00005a18                vel_mod_cue_fct
 .text.vel_del_cue_fct
                0x00005cd0      0x2c4 ./Sources/display.o
                0x00005cd0                vel_del_cue_fct
 .text.select_baud_rate_fct
                0x00005f94      0x120 ./Sources/display.o
                0x00005f94                select_baud_rate_fct
 .text.select_update_menu_fct
                0x000060b4      0x120 ./Sources/display.o
                0x000060b4                select_update_menu_fct
 .text.short_cut_position_menu
                0x000061d4       0x68 ./Sources/display.o
                0x000061d4                short_cut_position_menu
 .text._Z41__static_initialization_and_destruction_0ii
                0x0000623c      0x894 ./Sources/display.o
 .text._GLOBAL__sub_I_buffer
                0x00006ad0       0x10 ./Sources/display.o
 .text.load_cue
                0x00006ae0      0x10c ./Sources/eeprom.o
                0x00006ae0                load_cue
 .text.write_cue
                0x00006bec      0x168 ./Sources/eeprom.o
                0x00006bec                write_cue
 .text.erase_cue
                0x00006d54       0x58 ./Sources/eeprom.o
                0x00006d54                erase_cue
 .text.get_next_slot_free
                0x00006dac       0xd0 ./Sources/eeprom.o
                0x00006dac                get_next_slot_free
 .text.get_slot_saved
                0x00006e7c      0x114 ./Sources/eeprom.o
                0x00006e7c                get_slot_saved
 .text.get_cue_values
                0x00006f90       0xd4 ./Sources/eeprom.o
                0x00006f90                get_cue_values
 .text.main     0x00007064      0x7e4 ./Sources/main.o
                0x00007064                main
 .text.init_menu
                0x00007848       0x44 ./Sources/menu.o
                0x00007848                init_menu
 .text.init_sub_menu
                0x0000788c       0x68 ./Sources/menu.o
                0x0000788c                init_sub_menu
 .text.init_sub_menu2
                0x000078f4       0x48 ./Sources/menu.o
                0x000078f4                init_sub_menu2
 .text.init_menu_list
                0x0000793c       0x30 ./Sources/menu.o
                0x0000793c                init_menu_list
 .text.init_sub_menu_list
                0x0000796c       0x30 ./Sources/menu.o
                0x0000796c                init_sub_menu_list
 .text.init_sub_menu2_list
                0x0000799c       0x30 ./Sources/menu.o
                0x0000799c                init_sub_menu2_list
 .text.print_menu
                0x000079cc      0x158 ./Sources/menu.o
                0x000079cc                print_menu
 .text.print_sub_menu
                0x00007b24      0x178 ./Sources/menu.o
                0x00007b24                print_sub_menu
 .text.print_sub_menu2
                0x00007c9c      0x178 ./Sources/menu.o
                0x00007c9c                print_sub_menu2
 .text.menu_select
                0x00007e14      0x2b4 ./Sources/menu.o
                0x00007e14                menu_select
 .text.menu_back
                0x000080c8      0x37c ./Sources/menu.o
                0x000080c8                menu_back
 .text.refresh_menu
                0x00008444      0x174 ./Sources/menu.o
                0x00008444                refresh_menu
 .text.void_function
                0x000085b8        0xc ./Sources/menu.o
                0x000085b8                void_function
 .text.parameters_init
                0x000085c4       0xc0 ./Sources/parameters.o
                0x000085c4                parameters_init
 .text.convert  0x00008684       0x3c ./Sources/parameters.o
                0x00008684                convert
 .text.serial_send_block
                0x000086c0       0xdc ./Sources/protocol.o
                0x000086c0                serial_send_block
 .text.serial_send_float
                0x0000879c       0x30 ./Sources/protocol.o
                0x0000879c                serial_send_float
 .text.serial_send_int
                0x000087cc       0x30 ./Sources/protocol.o
                0x000087cc                serial_send_int
 .text.serial_send_string
                0x000087fc       0x58 ./Sources/protocol.o
                0x000087fc                serial_send_string
 .text.serial_send_char
                0x00008854       0x30 ./Sources/protocol.o
                0x00008854                serial_send_char
 .text.serial_send_end
                0x00008884       0x14 ./Sources/protocol.o
                0x00008884                serial_send_end
 .text.msg_parse
                0x00008898      0x1d4 ./Sources/protocol.o
                0x00008898                msg_parse
 .text.msg_processing
                0x00008a6c      0x318 ./Sources/protocol.o
                0x00008a6c                msg_processing
 .text.select_baud_rate
                0x00008d84       0x1c ./Sources/protocol.o
                0x00008d84                select_baud_rate
 .text.Send_Control_Mode
                0x00008da0       0x30 ./Sources/send.o
                0x00008da0                Send_Control_Mode
 .text.send_fct
                0x00008dd0      0x3f4 ./Sources/send.o
                0x00008dd0                send_fct
 .text.get_update_drive_en
                0x000091c4       0x24 ./Sources/send.o
                0x000091c4                get_update_drive_en
 .text.get_update_value
                0x000091e8      0x180 ./Sources/send.o
                0x000091e8                get_update_value
 .text.send_stop
                0x00009368       0x34 ./Sources/send.o
                0x00009368                send_stop
 .text.send_velocity_cue
                0x0000939c       0x94 ./Sources/send.o
                0x0000939c                send_velocity_cue
 .text.send_position_cue
                0x00009430       0xfc ./Sources/send.o
                0x00009430                send_position_cue
 .text.velocity_processing
                0x0000952c       0x50 ./Sources/send.o
                0x0000952c                velocity_processing
 .text.velocity_ref_processing
                0x0000957c       0x50 ./Sources/send.o
                0x0000957c                velocity_ref_processing
 .text.acceleration_processing
                0x000095cc       0x50 ./Sources/send.o
                0x000095cc                acceleration_processing
 .text.deceleration_processing
                0x0000961c       0x50 ./Sources/send.o
                0x0000961c                deceleration_processing
 .text.torque_processing
                0x0000966c       0x44 ./Sources/send.o
                0x0000966c                torque_processing
 .text.torque_ref_processing
                0x000096b0       0x44 ./Sources/send.o
                0x000096b0                torque_ref_processing
 .text.torque_rise_processing
                0x000096f4       0x44 ./Sources/send.o
                0x000096f4                torque_rise_processing
 .text.torque_fall_processing
                0x00009738       0x44 ./Sources/send.o
                0x00009738                torque_fall_processing
 .text.position_ref_processing
                0x0000977c       0x44 ./Sources/send.o
                0x0000977c                position_ref_processing
 .text.control_mode_processing
                0x000097c0       0x78 ./Sources/send.o
                0x000097c0                control_mode_processing
 .text.drive_enable_processing
                0x00009838       0x24 ./Sources/send.o
                0x00009838                drive_enable_processing
 .text.__copy_rom_section
                0x0000985c       0xe4 ./Project_Settings/Startup_Code/startup.o
                0x0000985c                __copy_rom_section
 .text.__copy_rom_sections_to_ram
                0x00009940       0x9c ./Project_Settings/Startup_Code/startup.o
                0x00009940                __copy_rom_sections_to_ram
 .text.__init_registers
                0x000099dc        0xc ./Project_Settings/Startup_Code/startup.o
                0x000099dc                __init_registers
 .text.__init_user
                0x000099e8        0xc ./Project_Settings/Startup_Code/startup.o
                0x000099e8                __init_user
 .text.__thumb_startup
                0x000099f4       0x34 ./Project_Settings/Startup_Code/startup.o
                0x000099f4                __thumb_startup
 .text.HWEnDi   0x00009a28       0x1c ./Generated_Code/AS1.o
 .text.AS1_SendChar
                0x00009a44       0xe0 ./Generated_Code/AS1.o
                0x00009a44                AS1_SendChar
 .text.AS1_SendBlock
                0x00009b24      0x148 ./Generated_Code/AS1.o
                0x00009b24                AS1_SendBlock
 .text.AS1_ClearRxBuf
                0x00009c6c       0x78 ./Generated_Code/AS1.o
                0x00009c6c                AS1_ClearRxBuf
 .text.AS1_SetBaudRateMode
                0x00009ce4       0x38 ./Generated_Code/AS1.o
                0x00009ce4                AS1_SetBaudRateMode
 .text.AS1_Init
                0x00009d1c       0x60 ./Generated_Code/AS1.o
                0x00009d1c                AS1_Init
 .text.ASerialLdd1_OnBlockReceived
                0x00009d7c       0xd4 ./Generated_Code/AS1.o
                0x00009d7c                ASerialLdd1_OnBlockReceived
 .text.ASerialLdd1_OnBlockSent
                0x00009e50       0xd8 ./Generated_Code/AS1.o
                0x00009e50                ASerialLdd1_OnBlockSent
 .text.ASerialLdd1_OnError
                0x00009f28       0x9c ./Generated_Code/AS1.o
                0x00009f28                ASerialLdd1_OnError
 .text.ASerialLdd1_OnTxComplete
                0x00009fc4       0x14 ./Generated_Code/AS1.o
                0x00009fc4                ASerialLdd1_OnTxComplete
 .text.ASerialLdd1_OnBreak
                0x00009fd8       0x24 ./Generated_Code/AS1.o
                0x00009fd8                ASerialLdd1_OnBreak
 .text.ASerialLdd1_Init
                0x00009ffc      0x1d4 ./Generated_Code/ASerialLdd1.o
                0x00009ffc                ASerialLdd1_Init
 .text.ASerialLdd1_ReceiveBlock
                0x0000a1d0       0x90 ./Generated_Code/ASerialLdd1.o
                0x0000a1d0                ASerialLdd1_ReceiveBlock
 .text.ASerialLdd1_SendBlock
                0x0000a260       0xbc ./Generated_Code/ASerialLdd1.o
                0x0000a260                ASerialLdd1_SendBlock
 .text.ASerialLdd1_SelectBaudRate
                0x0000a31c       0x9c ./Generated_Code/ASerialLdd1.o
                0x0000a31c                ASerialLdd1_SelectBaudRate
 .text.InterruptRx
                0x0000a3b8       0x58 ./Generated_Code/ASerialLdd1.o
 .text.InterruptTx
                0x0000a410       0x9c ./Generated_Code/ASerialLdd1.o
 .text.ASerialLdd1_Interrupt
                0x0000a4ac      0x130 ./Generated_Code/ASerialLdd1.o
                0x0000a4ac                ASerialLdd1_Interrupt
 .text.ASerialLdd1_GetError
                0x0000a5dc       0x70 ./Generated_Code/ASerialLdd1.o
                0x0000a5dc                ASerialLdd1_GetError
 .text.BitIoLdd1_Init
                0x0000a64c       0x64 ./Generated_Code/BitIoLdd1.o
                0x0000a64c                BitIoLdd1_Init
 .text.BitIoLdd2_Init
                0x0000a6b0       0x64 ./Generated_Code/BitIoLdd2.o
                0x0000a6b0                BitIoLdd2_Init
 .text.BitIoLdd2_ClrVal
                0x0000a714       0x1c ./Generated_Code/BitIoLdd2.o
                0x0000a714                BitIoLdd2_ClrVal
 .text.BitIoLdd2_SetVal
                0x0000a730       0x1c ./Generated_Code/BitIoLdd2.o
                0x0000a730                BitIoLdd2_SetVal
 .text.BitIoLdd3_Init
                0x0000a74c       0x64 ./Generated_Code/BitIoLdd3.o
                0x0000a74c                BitIoLdd3_Init
 .text.BitIoLdd3_ClrVal
                0x0000a7b0       0x1c ./Generated_Code/BitIoLdd3.o
                0x0000a7b0                BitIoLdd3_ClrVal
 .text.BitIoLdd3_SetVal
                0x0000a7cc       0x1c ./Generated_Code/BitIoLdd3.o
                0x0000a7cc                BitIoLdd3_SetVal
 .text.BitIoLdd4_Init
                0x0000a7e8       0x64 ./Generated_Code/BitIoLdd4.o
                0x0000a7e8                BitIoLdd4_Init
 .text.BitIoLdd4_ClrVal
                0x0000a84c       0x1c ./Generated_Code/BitIoLdd4.o
                0x0000a84c                BitIoLdd4_ClrVal
 .text.BitIoLdd4_SetVal
                0x0000a868       0x1c ./Generated_Code/BitIoLdd4.o
                0x0000a868                BitIoLdd4_SetVal
 .text.BitIoLdd5_Init
                0x0000a884       0x64 ./Generated_Code/BitIoLdd5.o
                0x0000a884                BitIoLdd5_Init
 .text.BitIoLdd5_ClrVal
                0x0000a8e8       0x1c ./Generated_Code/BitIoLdd5.o
                0x0000a8e8                BitIoLdd5_ClrVal
 .text.BitIoLdd6_Init
                0x0000a904       0x64 ./Generated_Code/BitIoLdd6.o
                0x0000a904                BitIoLdd6_Init
 .text.BitIoLdd6_ClrVal
                0x0000a968       0x20 ./Generated_Code/BitIoLdd6.o
                0x0000a968                BitIoLdd6_ClrVal
 .text.BitIoLdd6_SetVal
                0x0000a988       0x20 ./Generated_Code/BitIoLdd6.o
                0x0000a988                BitIoLdd6_SetVal
 .text.BitIoLdd7_Init
                0x0000a9a8       0x64 ./Generated_Code/BitIoLdd7.o
                0x0000a9a8                BitIoLdd7_Init
 .text.BitIoLdd7_ClrVal
                0x0000aa0c       0x1c ./Generated_Code/BitIoLdd7.o
                0x0000aa0c                BitIoLdd7_ClrVal
 .text.BitIoLdd7_SetVal
                0x0000aa28       0x1c ./Generated_Code/BitIoLdd7.o
                0x0000aa28                BitIoLdd7_SetVal
 .text.BitIoLdd8_Init
                0x0000aa44       0x64 ./Generated_Code/BitIoLdd8.o
                0x0000aa44                BitIoLdd8_Init
 .text.BitIoLdd8_ClrVal
                0x0000aaa8       0x1c ./Generated_Code/BitIoLdd8.o
                0x0000aaa8                BitIoLdd8_ClrVal
 .text.BitIoLdd8_SetVal
                0x0000aac4       0x1c ./Generated_Code/BitIoLdd8.o
                0x0000aac4                BitIoLdd8_SetVal
 .text.Cpu_ivINT_PORTC
                0x0000aae0       0x30 ./Generated_Code/Cpu.o
                0x0000aae0                Cpu_ivINT_PORTC
 .text.Cpu_ivINT_NMI
                0x0000ab10       0x18 ./Generated_Code/Cpu.o
                0x0000ab10                Cpu_ivINT_NMI
 .text.Cpu_ivINT_Hard_Fault
                0x0000ab28       0x18 ./Generated_Code/Cpu.o
                0x0000ab28                Cpu_ivINT_Hard_Fault
 .text.Cpu_ivINT_Mem_Manage_Fault
                0x0000ab40       0x18 ./Generated_Code/Cpu.o
                0x0000ab40                Cpu_ivINT_Mem_Manage_Fault
 .text.Cpu_ivINT_Bus_Fault
                0x0000ab58       0x18 ./Generated_Code/Cpu.o
                0x0000ab58                Cpu_ivINT_Bus_Fault
 .text.Cpu_ivINT_Usage_Fault
                0x0000ab70       0x18 ./Generated_Code/Cpu.o
                0x0000ab70                Cpu_ivINT_Usage_Fault
 .text.Cpu_ivINT_Reserved7
                0x0000ab88       0x18 ./Generated_Code/Cpu.o
                0x0000ab88                Cpu_ivINT_Reserved7
 .text.Cpu_ivINT_Reserved8
                0x0000aba0       0x18 ./Generated_Code/Cpu.o
                0x0000aba0                Cpu_ivINT_Reserved8
 .text.Cpu_ivINT_Reserved9
                0x0000abb8       0x18 ./Generated_Code/Cpu.o
                0x0000abb8                Cpu_ivINT_Reserved9
 .text.Cpu_ivINT_Reserved10
                0x0000abd0       0x18 ./Generated_Code/Cpu.o
                0x0000abd0                Cpu_ivINT_Reserved10
 .text.Cpu_ivINT_SVCall
                0x0000abe8       0x18 ./Generated_Code/Cpu.o
                0x0000abe8                Cpu_ivINT_SVCall
 .text.Cpu_ivINT_DebugMonitor
                0x0000ac00       0x18 ./Generated_Code/Cpu.o
                0x0000ac00                Cpu_ivINT_DebugMonitor
 .text.Cpu_ivINT_Reserved13
                0x0000ac18       0x18 ./Generated_Code/Cpu.o
                0x0000ac18                Cpu_ivINT_Reserved13
 .text.Cpu_ivINT_PendableSrvReq
                0x0000ac30       0x18 ./Generated_Code/Cpu.o
                0x0000ac30                Cpu_ivINT_PendableSrvReq
 .text.Cpu_ivINT_SysTick
                0x0000ac48       0x18 ./Generated_Code/Cpu.o
                0x0000ac48                Cpu_ivINT_SysTick
 .text.Cpu_ivINT_DMA0
                0x0000ac60       0x18 ./Generated_Code/Cpu.o
                0x0000ac60                Cpu_ivINT_DMA0
 .text.Cpu_ivINT_DMA1
                0x0000ac78       0x18 ./Generated_Code/Cpu.o
                0x0000ac78                Cpu_ivINT_DMA1
 .text.Cpu_ivINT_DMA2
                0x0000ac90       0x18 ./Generated_Code/Cpu.o
                0x0000ac90                Cpu_ivINT_DMA2
 .text.Cpu_ivINT_DMA3
                0x0000aca8       0x18 ./Generated_Code/Cpu.o
                0x0000aca8                Cpu_ivINT_DMA3
 .text.Cpu_ivINT_DMA4
                0x0000acc0       0x18 ./Generated_Code/Cpu.o
                0x0000acc0                Cpu_ivINT_DMA4
 .text.Cpu_ivINT_DMA5
                0x0000acd8       0x18 ./Generated_Code/Cpu.o
                0x0000acd8                Cpu_ivINT_DMA5
 .text.Cpu_ivINT_DMA6
                0x0000acf0       0x18 ./Generated_Code/Cpu.o
                0x0000acf0                Cpu_ivINT_DMA6
 .text.Cpu_ivINT_DMA7
                0x0000ad08       0x18 ./Generated_Code/Cpu.o
                0x0000ad08                Cpu_ivINT_DMA7
 .text.Cpu_ivINT_DMA8
                0x0000ad20       0x18 ./Generated_Code/Cpu.o
                0x0000ad20                Cpu_ivINT_DMA8
 .text.Cpu_ivINT_DMA9
                0x0000ad38       0x18 ./Generated_Code/Cpu.o
                0x0000ad38                Cpu_ivINT_DMA9
 .text.Cpu_ivINT_DMA10
                0x0000ad50       0x18 ./Generated_Code/Cpu.o
                0x0000ad50                Cpu_ivINT_DMA10
 .text.Cpu_ivINT_DMA11
                0x0000ad68       0x18 ./Generated_Code/Cpu.o
                0x0000ad68                Cpu_ivINT_DMA11
 .text.Cpu_ivINT_DMA12
                0x0000ad80       0x18 ./Generated_Code/Cpu.o
                0x0000ad80                Cpu_ivINT_DMA12
 .text.Cpu_ivINT_DMA13
                0x0000ad98       0x18 ./Generated_Code/Cpu.o
                0x0000ad98                Cpu_ivINT_DMA13
 .text.Cpu_ivINT_DMA14
                0x0000adb0       0x18 ./Generated_Code/Cpu.o
                0x0000adb0                Cpu_ivINT_DMA14
 .text.Cpu_ivINT_DMA15
                0x0000adc8       0x18 ./Generated_Code/Cpu.o
                0x0000adc8                Cpu_ivINT_DMA15
 .text.Cpu_ivINT_DMA_Error
                0x0000ade0       0x18 ./Generated_Code/Cpu.o
                0x0000ade0                Cpu_ivINT_DMA_Error
 .text.Cpu_ivINT_MCM
                0x0000adf8       0x18 ./Generated_Code/Cpu.o
                0x0000adf8                Cpu_ivINT_MCM
 .text.Cpu_ivINT_FTFL
                0x0000ae10       0x18 ./Generated_Code/Cpu.o
                0x0000ae10                Cpu_ivINT_FTFL
 .text.Cpu_ivINT_Read_Collision
                0x0000ae28       0x18 ./Generated_Code/Cpu.o
                0x0000ae28                Cpu_ivINT_Read_Collision
 .text.Cpu_ivINT_LVD_LVW
                0x0000ae40       0x18 ./Generated_Code/Cpu.o
                0x0000ae40                Cpu_ivINT_LVD_LVW
 .text.Cpu_ivINT_LLW
                0x0000ae58       0x18 ./Generated_Code/Cpu.o
                0x0000ae58                Cpu_ivINT_LLW
 .text.Cpu_ivINT_Watchdog
                0x0000ae70       0x18 ./Generated_Code/Cpu.o
                0x0000ae70                Cpu_ivINT_Watchdog
 .text.Cpu_ivINT_Reserved39
                0x0000ae88       0x18 ./Generated_Code/Cpu.o
                0x0000ae88                Cpu_ivINT_Reserved39
 .text.Cpu_ivINT_I2C1
                0x0000aea0       0x18 ./Generated_Code/Cpu.o
                0x0000aea0                Cpu_ivINT_I2C1
 .text.Cpu_ivINT_SPI0
                0x0000aeb8       0x18 ./Generated_Code/Cpu.o
                0x0000aeb8                Cpu_ivINT_SPI0
 .text.Cpu_ivINT_SPI1
                0x0000aed0       0x18 ./Generated_Code/Cpu.o
                0x0000aed0                Cpu_ivINT_SPI1
 .text.Cpu_ivINT_Reserved44
                0x0000aee8       0x18 ./Generated_Code/Cpu.o
                0x0000aee8                Cpu_ivINT_Reserved44
 .text.Cpu_ivINT_CAN0_ORed_Message_buffer
                0x0000af00       0x18 ./Generated_Code/Cpu.o
                0x0000af00                Cpu_ivINT_CAN0_ORed_Message_buffer
 .text.Cpu_ivINT_CAN0_Bus_Off
                0x0000af18       0x18 ./Generated_Code/Cpu.o
                0x0000af18                Cpu_ivINT_CAN0_Bus_Off
 .text.Cpu_ivINT_CAN0_Error
                0x0000af30       0x18 ./Generated_Code/Cpu.o
                0x0000af30                Cpu_ivINT_CAN0_Error
 .text.Cpu_ivINT_CAN0_Tx_Warning
                0x0000af48       0x18 ./Generated_Code/Cpu.o
                0x0000af48                Cpu_ivINT_CAN0_Tx_Warning
 .text.Cpu_ivINT_CAN0_Rx_Warning
                0x0000af60       0x18 ./Generated_Code/Cpu.o
                0x0000af60                Cpu_ivINT_CAN0_Rx_Warning
 .text.Cpu_ivINT_CAN0_Wake_Up
                0x0000af78       0x18 ./Generated_Code/Cpu.o
                0x0000af78                Cpu_ivINT_CAN0_Wake_Up
 .text.Cpu_ivINT_I2S0_Tx
                0x0000af90       0x18 ./Generated_Code/Cpu.o
                0x0000af90                Cpu_ivINT_I2S0_Tx
 .text.Cpu_ivINT_I2S0_Rx
                0x0000afa8       0x18 ./Generated_Code/Cpu.o
                0x0000afa8                Cpu_ivINT_I2S0_Rx
 .text.Cpu_ivINT_Reserved53
                0x0000afc0       0x18 ./Generated_Code/Cpu.o
                0x0000afc0                Cpu_ivINT_Reserved53
 .text.Cpu_ivINT_Reserved54
                0x0000afd8       0x18 ./Generated_Code/Cpu.o
                0x0000afd8                Cpu_ivINT_Reserved54
 .text.Cpu_ivINT_Reserved55
                0x0000aff0       0x18 ./Generated_Code/Cpu.o
                0x0000aff0                Cpu_ivINT_Reserved55
 .text.Cpu_ivINT_Reserved56
                0x0000b008       0x18 ./Generated_Code/Cpu.o
                0x0000b008                Cpu_ivINT_Reserved56
 .text.Cpu_ivINT_Reserved57
                0x0000b020       0x18 ./Generated_Code/Cpu.o
                0x0000b020                Cpu_ivINT_Reserved57
 .text.Cpu_ivINT_Reserved58
                0x0000b038       0x18 ./Generated_Code/Cpu.o
                0x0000b038                Cpu_ivINT_Reserved58
 .text.Cpu_ivINT_Reserved59
                0x0000b050       0x18 ./Generated_Code/Cpu.o
                0x0000b050                Cpu_ivINT_Reserved59
 .text.Cpu_ivINT_UART0_LON
                0x0000b068       0x18 ./Generated_Code/Cpu.o
                0x0000b068                Cpu_ivINT_UART0_LON
 .text.Cpu_ivINT_UART1_RX_TX
                0x0000b080       0x18 ./Generated_Code/Cpu.o
                0x0000b080                Cpu_ivINT_UART1_RX_TX
 .text.Cpu_ivINT_UART1_ERR
                0x0000b098       0x18 ./Generated_Code/Cpu.o
                0x0000b098                Cpu_ivINT_UART1_ERR
 .text.Cpu_ivINT_UART2_RX_TX
                0x0000b0b0       0x18 ./Generated_Code/Cpu.o
                0x0000b0b0                Cpu_ivINT_UART2_RX_TX
 .text.Cpu_ivINT_UART2_ERR
                0x0000b0c8       0x18 ./Generated_Code/Cpu.o
                0x0000b0c8                Cpu_ivINT_UART2_ERR
 .text.Cpu_ivINT_UART3_RX_TX
                0x0000b0e0       0x18 ./Generated_Code/Cpu.o
                0x0000b0e0                Cpu_ivINT_UART3_RX_TX
 .text.Cpu_ivINT_UART3_ERR
                0x0000b0f8       0x18 ./Generated_Code/Cpu.o
                0x0000b0f8                Cpu_ivINT_UART3_ERR
 .text.Cpu_ivINT_Reserved69
                0x0000b110       0x18 ./Generated_Code/Cpu.o
                0x0000b110                Cpu_ivINT_Reserved69
 .text.Cpu_ivINT_Reserved70
                0x0000b128       0x18 ./Generated_Code/Cpu.o
                0x0000b128                Cpu_ivINT_Reserved70
 .text.Cpu_ivINT_Reserved71
                0x0000b140       0x18 ./Generated_Code/Cpu.o
                0x0000b140                Cpu_ivINT_Reserved71
 .text.Cpu_ivINT_Reserved72
                0x0000b158       0x18 ./Generated_Code/Cpu.o
                0x0000b158                Cpu_ivINT_Reserved72
 .text.Cpu_ivINT_ADC0
                0x0000b170       0x18 ./Generated_Code/Cpu.o
                0x0000b170                Cpu_ivINT_ADC0
 .text.Cpu_ivINT_ADC1
                0x0000b188       0x18 ./Generated_Code/Cpu.o
                0x0000b188                Cpu_ivINT_ADC1
 .text.Cpu_ivINT_CMP0
                0x0000b1a0       0x18 ./Generated_Code/Cpu.o
                0x0000b1a0                Cpu_ivINT_CMP0
 .text.Cpu_ivINT_CMP1
                0x0000b1b8       0x18 ./Generated_Code/Cpu.o
                0x0000b1b8                Cpu_ivINT_CMP1
 .text.Cpu_ivINT_CMP2
                0x0000b1d0       0x18 ./Generated_Code/Cpu.o
                0x0000b1d0                Cpu_ivINT_CMP2
 .text.Cpu_ivINT_CMT
                0x0000b1e8       0x18 ./Generated_Code/Cpu.o
                0x0000b1e8                Cpu_ivINT_CMT
 .text.Cpu_ivINT_RTC
                0x0000b200       0x18 ./Generated_Code/Cpu.o
                0x0000b200                Cpu_ivINT_RTC
 .text.Cpu_ivINT_RTC_Seconds
                0x0000b218       0x18 ./Generated_Code/Cpu.o
                0x0000b218                Cpu_ivINT_RTC_Seconds
 .text.Cpu_ivINT_PIT0
                0x0000b230       0x18 ./Generated_Code/Cpu.o
                0x0000b230                Cpu_ivINT_PIT0
 .text.Cpu_ivINT_PIT1
                0x0000b248       0x18 ./Generated_Code/Cpu.o
                0x0000b248                Cpu_ivINT_PIT1
 .text.Cpu_ivINT_PIT2
                0x0000b260       0x18 ./Generated_Code/Cpu.o
                0x0000b260                Cpu_ivINT_PIT2
 .text.Cpu_ivINT_PIT3
                0x0000b278       0x18 ./Generated_Code/Cpu.o
                0x0000b278                Cpu_ivINT_PIT3
 .text.Cpu_ivINT_PDB0
                0x0000b290       0x18 ./Generated_Code/Cpu.o
                0x0000b290                Cpu_ivINT_PDB0
 .text.Cpu_ivINT_USB0
                0x0000b2a8       0x18 ./Generated_Code/Cpu.o
                0x0000b2a8                Cpu_ivINT_USB0
 .text.Cpu_ivINT_USBDCD
                0x0000b2c0       0x18 ./Generated_Code/Cpu.o
                0x0000b2c0                Cpu_ivINT_USBDCD
 .text.Cpu_ivINT_Reserved91
                0x0000b2d8       0x18 ./Generated_Code/Cpu.o
                0x0000b2d8                Cpu_ivINT_Reserved91
 .text.Cpu_ivINT_Reserved92
                0x0000b2f0       0x18 ./Generated_Code/Cpu.o
                0x0000b2f0                Cpu_ivINT_Reserved92
 .text.Cpu_ivINT_Reserved93
                0x0000b308       0x18 ./Generated_Code/Cpu.o
                0x0000b308                Cpu_ivINT_Reserved93
 .text.Cpu_ivINT_Reserved94
                0x0000b320       0x18 ./Generated_Code/Cpu.o
                0x0000b320                Cpu_ivINT_Reserved94
 .text.Cpu_ivINT_Reserved95
                0x0000b338       0x18 ./Generated_Code/Cpu.o
                0x0000b338                Cpu_ivINT_Reserved95
 .text.Cpu_ivINT_Reserved96
                0x0000b350       0x18 ./Generated_Code/Cpu.o
                0x0000b350                Cpu_ivINT_Reserved96
 .text.Cpu_ivINT_DAC0
                0x0000b368       0x18 ./Generated_Code/Cpu.o
                0x0000b368                Cpu_ivINT_DAC0
 .text.Cpu_ivINT_Reserved98
                0x0000b380       0x18 ./Generated_Code/Cpu.o
                0x0000b380                Cpu_ivINT_Reserved98
 .text.Cpu_ivINT_TSI0
                0x0000b398       0x18 ./Generated_Code/Cpu.o
                0x0000b398                Cpu_ivINT_TSI0
 .text.Cpu_ivINT_MCG
                0x0000b3b0       0x18 ./Generated_Code/Cpu.o
                0x0000b3b0                Cpu_ivINT_MCG
 .text.Cpu_ivINT_LPTimer
                0x0000b3c8       0x18 ./Generated_Code/Cpu.o
                0x0000b3c8                Cpu_ivINT_LPTimer
 .text.Cpu_ivINT_Reserved102
                0x0000b3e0       0x18 ./Generated_Code/Cpu.o
                0x0000b3e0                Cpu_ivINT_Reserved102
 .text.Cpu_ivINT_PORTA
                0x0000b3f8       0x18 ./Generated_Code/Cpu.o
                0x0000b3f8                Cpu_ivINT_PORTA
 .text.Cpu_ivINT_PORTB
                0x0000b410       0x18 ./Generated_Code/Cpu.o
                0x0000b410                Cpu_ivINT_PORTB
 .text.Cpu_ivINT_PORTD
                0x0000b428       0x18 ./Generated_Code/Cpu.o
                0x0000b428                Cpu_ivINT_PORTD
 .text.Cpu_ivINT_PORTE
                0x0000b440       0x18 ./Generated_Code/Cpu.o
                0x0000b440                Cpu_ivINT_PORTE
 .text.Cpu_ivINT_Reserved108
                0x0000b458       0x18 ./Generated_Code/Cpu.o
                0x0000b458                Cpu_ivINT_Reserved108
 .text.Cpu_ivINT_Reserved109
                0x0000b470       0x18 ./Generated_Code/Cpu.o
                0x0000b470                Cpu_ivINT_Reserved109
 .text.Cpu_ivINT_SWI
                0x0000b488       0x18 ./Generated_Code/Cpu.o
                0x0000b488                Cpu_ivINT_SWI
 .text.__init_hardware
                0x0000b4a0      0x140 ./Generated_Code/Cpu.o
                0x0000b4a0                __init_hardware
 .text.Cpu_SetBASEPRI
                0x0000b5e0       0x18 ./Generated_Code/Cpu.o
                0x0000b5e0                Cpu_SetBASEPRI
 .text.PE_low_level_init
                0x0000b5f8       0xec ./Generated_Code/Cpu.o
                0x0000b5f8                PE_low_level_init
 .text.ENCODER_Init
                0x0000b6e4       0xac ./Generated_Code/ENCODER.o
                0x0000b6e4                ENCODER_Init
 .text.ENCODER_GetFieldValue
                0x0000b790       0x40 ./Generated_Code/ENCODER.o
                0x0000b790                ENCODER_GetFieldValue
 .text.ENCODER_Interrupt
                0x0000b7d0       0x4c ./Generated_Code/ENCODER.o
                0x0000b7d0                ENCODER_Interrupt
 .text.ExtIntLdd1_OnInterrupt
                0x0000b81c       0x14 ./Generated_Code/ENCODER_PUSH.o
                0x0000b81c                ExtIntLdd1_OnInterrupt
 .text.ExtIntLdd1_Init
                0x0000b830       0x80 ./Generated_Code/ExtIntLdd1.o
                0x0000b830                ExtIntLdd1_Init
 .text.ExtIntLdd1_Interrupt
                0x0000b8b0       0x3c ./Generated_Code/ExtIntLdd1.o
                0x0000b8b0                ExtIntLdd1_Interrupt
 .text.ExtIntLdd1_GetVal
                0x0000b8ec       0x2c ./Generated_Code/ExtIntLdd1.o
                0x0000b8ec                ExtIntLdd1_GetVal
 .text.ExtIntLdd2_Init
                0x0000b918       0x80 ./Generated_Code/ExtIntLdd2.o
                0x0000b918                ExtIntLdd2_Init
 .text.ExtIntLdd2_Interrupt
                0x0000b998       0x3c ./Generated_Code/ExtIntLdd2.o
                0x0000b998                ExtIntLdd2_Interrupt
 .text.ExtIntLdd2_GetVal
                0x0000b9d4       0x2c ./Generated_Code/ExtIntLdd2.o
                0x0000b9d4                ExtIntLdd2_GetVal
 .text.ExtIntLdd3_Init
                0x0000ba00       0x80 ./Generated_Code/ExtIntLdd3.o
                0x0000ba00                ExtIntLdd3_Init
 .text.ExtIntLdd3_Interrupt
                0x0000ba80       0x3c ./Generated_Code/ExtIntLdd3.o
                0x0000ba80                ExtIntLdd3_Interrupt
 .text.ExtIntLdd3_GetVal
                0x0000babc       0x2c ./Generated_Code/ExtIntLdd3.o
                0x0000babc                ExtIntLdd3_GetVal
 .text.ExtIntLdd4_Init
                0x0000bae8       0x7c ./Generated_Code/ExtIntLdd4.o
                0x0000bae8                ExtIntLdd4_Init
 .text.ExtIntLdd4_Interrupt
                0x0000bb64       0x3c ./Generated_Code/ExtIntLdd4.o
                0x0000bb64                ExtIntLdd4_Interrupt
 .text.ExtIntLdd5_Init
                0x0000bba0       0x7c ./Generated_Code/ExtIntLdd5.o
                0x0000bba0                ExtIntLdd5_Init
 .text.ExtIntLdd5_Interrupt
                0x0000bc1c       0x3c ./Generated_Code/ExtIntLdd5.o
                0x0000bc1c                ExtIntLdd5_Interrupt
 .text.I2C0_SendChar
                0x0000bc58       0x2c ./Generated_Code/I2C0.o
                0x0000bc58                I2C0_SendChar
 .text.I2C0_SendBlock
                0x0000bc84       0xc0 ./Generated_Code/I2C0.o
                0x0000bc84                I2C0_SendBlock
 .text.I2C0_SelectSlave
                0x0000bd44       0x34 ./Generated_Code/I2C0.o
                0x0000bd44                I2C0_SelectSlave
 .text.I2C0_Init
                0x0000bd78       0x20 ./Generated_Code/I2C0.o
                0x0000bd78                I2C0_Init
 .text.IntI2cLdd1_OnMasterBlockSent
                0x0000bd98       0x14 ./Generated_Code/I2C0.o
                0x0000bd98                IntI2cLdd1_OnMasterBlockSent
 .text.IntI2cLdd1_OnMasterBlockReceived
                0x0000bdac       0x14 ./Generated_Code/I2C0.o
                0x0000bdac                IntI2cLdd1_OnMasterBlockReceived
 .text.IntI2cLdd1_OnError
                0x0000bdc0       0x30 ./Generated_Code/I2C0.o
                0x0000bdc0                IntI2cLdd1_OnError
 .text.IFsh1_GetFlash
                0x0000bdf0       0x84 ./Generated_Code/IFsh1.o
                0x0000bdf0                IFsh1_GetFlash
 .text.IFsh1_SetFlash
                0x0000be74      0x1a8 ./Generated_Code/IFsh1.o
                0x0000be74                IFsh1_SetFlash
 .text.IFsh1_Init
                0x0000c01c       0x2c ./Generated_Code/IFsh1.o
                0x0000c01c                IFsh1_Init
 .text.IFsh1_SetByteFlash
                0x0000c048       0x24 ./Generated_Code/IFsh1.o
                0x0000c048                IFsh1_SetByteFlash
 .text.IFsh1_GetByteFlash
                0x0000c06c       0x20 ./Generated_Code/IFsh1.o
                0x0000c06c                IFsh1_GetByteFlash
 .text.IFsh1_SetLongFlash
                0x0000c08c       0x20 ./Generated_Code/IFsh1.o
                0x0000c08c                IFsh1_SetLongFlash
 .text.IFsh1_GetLongFlash
                0x0000c0ac       0x20 ./Generated_Code/IFsh1.o
                0x0000c0ac                IFsh1_GetLongFlash
 .text.IntFlashLdd1_OnOperationComplete
                0x0000c0cc      0x190 ./Generated_Code/IFsh1.o
                0x0000c0cc                IntFlashLdd1_OnOperationComplete
 .text.IntFlashLdd1_OnError
                0x0000c25c       0x54 ./Generated_Code/IFsh1.o
                0x0000c25c                IntFlashLdd1_OnError
 .text.IntFlashLdd1_Init
                0x0000c2b0       0x64 ./Generated_Code/IntFlashLdd1.o
                0x0000c2b0                IntFlashLdd1_Init
 .text.IntFlashLdd1_Write
                0x0000c314       0x74 ./Generated_Code/IntFlashLdd1.o
                0x0000c314                IntFlashLdd1_Write
 .text.IntFlashLdd1_Read
                0x0000c388       0x70 ./Generated_Code/IntFlashLdd1.o
                0x0000c388                IntFlashLdd1_Read
 .text.IntFlashLdd1_Erase
                0x0000c3f8       0x94 ./Generated_Code/IntFlashLdd1.o
                0x0000c3f8                IntFlashLdd1_Erase
 .text.IntFlashLdd1_Main
                0x0000c48c      0x2f4 ./Generated_Code/IntFlashLdd1.o
                0x0000c48c                IntFlashLdd1_Main
 .text.IntFlashLdd1_GetError
                0x0000c780       0x90 ./Generated_Code/IntFlashLdd1.o
                0x0000c780                IntFlashLdd1_GetError
 .text.RangeCheck
                0x0000c810       0x38 ./Generated_Code/IntFlashLdd1.o
 .text.SafeRoutineCaller
                0x0000c848       0x94 ./Generated_Code/IntFlashLdd1.o
 .text.IntI2cLdd1_Interrupt
                0x0000c8dc      0x2d4 ./Generated_Code/IntI2cLdd1.o
                0x0000c8dc                IntI2cLdd1_Interrupt
 .text.IntI2cLdd1_Init
                0x0000cbb0      0x13c ./Generated_Code/IntI2cLdd1.o
                0x0000cbb0                IntI2cLdd1_Init
 .text.IntI2cLdd1_MasterSendBlock
                0x0000ccec      0x190 ./Generated_Code/IntI2cLdd1.o
                0x0000ccec                IntI2cLdd1_MasterSendBlock
 .text.IntI2cLdd1_SelectSlaveDevice
                0x0000ce7c       0xf0 ./Generated_Code/IntI2cLdd1.o
                0x0000ce7c                IntI2cLdd1_SelectSlaveDevice
 .text.IntI2cLdd1_GetError
                0x0000cf6c       0x70 ./Generated_Code/IntI2cLdd1.o
                0x0000cf6c                IntI2cLdd1_GetError
 .text.ExtIntLdd3_OnInterrupt
                0x0000cfdc       0x14 ./Generated_Code/LEVER_DIR1.o
                0x0000cfdc                ExtIntLdd3_OnInterrupt
 .text.ExtIntLdd2_OnInterrupt
                0x0000cff0       0x14 ./Generated_Code/LEVER_DIR2.o
                0x0000cff0                ExtIntLdd2_OnInterrupt
 .text.ExtIntLdd5_OnInterrupt
                0x0000d004       0x14 ./Generated_Code/PUSH_BUTTON_REC.o
                0x0000d004                ExtIntLdd5_OnInterrupt
 .text.ExtIntLdd4_OnInterrupt
                0x0000d018       0x14 ./Generated_Code/PUSH_BUTTON_SEND.o
                0x0000d018                ExtIntLdd4_OnInterrupt
 .text.TU1_Init
                0x0000d02c       0xb0 ./Generated_Code/TU1.o
                0x0000d02c                TU1_Init
 .text.TU1_Enable
                0x0000d0dc       0x30 ./Generated_Code/TU1.o
                0x0000d0dc                TU1_Enable
 .text.TU1_Disable
                0x0000d10c       0x28 ./Generated_Code/TU1.o
                0x0000d10c                TU1_Disable
 .text.TU1_Interrupt
                0x0000d134       0x6c ./Generated_Code/TU1.o
                0x0000d134                TU1_Interrupt
 .text.T_100ms_Init
                0x0000d1a0       0xb0 ./Generated_Code/T_100ms.o
                0x0000d1a0                T_100ms_Init
 .text.T_100ms_Enable
                0x0000d250       0x30 ./Generated_Code/T_100ms.o
                0x0000d250                T_100ms_Enable
 .text.T_100ms_Disable
                0x0000d280       0x28 ./Generated_Code/T_100ms.o
                0x0000d280                T_100ms_Disable
 .text.T_100ms_Interrupt
                0x0000d2a8       0x6c ./Generated_Code/T_100ms.o
                0x0000d2a8                T_100ms_Interrupt
 .text.T_500ms_Init
                0x0000d314       0xcc ./Generated_Code/T_500ms.o
                0x0000d314                T_500ms_Init
 .text.T_500ms_Interrupt
                0x0000d3e0       0x6c ./Generated_Code/T_500ms.o
                0x0000d3e0                T_500ms_Interrupt
 .text.WAIT1_Wait10Cycles
                0x0000d44c        0x8 ./Generated_Code/WAIT1.o
                0x0000d44c                WAIT1_Wait10Cycles
 .text.WAIT1_Wait100Cycles
                0x0000d454       0x1c ./Generated_Code/WAIT1.o
                0x0000d454                WAIT1_Wait100Cycles
 .text.WAIT1_WaitCycles
                0x0000d470       0x34 ./Generated_Code/WAIT1.o
                0x0000d470                WAIT1_WaitCycles
 .text.WAIT1_WaitLongCycles
                0x0000d4a4       0x38 ./Generated_Code/WAIT1.o
                0x0000d4a4                WAIT1_WaitLongCycles
 .text.WAIT1_Waitms
                0x0000d4dc       0x2c ./Generated_Code/WAIT1.o
                0x0000d4dc                WAIT1_Waitms
 .text.round    0x0000d508       0x9c c:/freescale/kds_v3/toolchain/bin/../lib/gcc/arm-none-eabi/4.8.4/../../../../arm-none-eabi/lib/armv7e-m\libm.a(lib_a-s_round.o)
                0x0000d508                round
 .text.pow      0x0000d5a4      0x2f8 c:/freescale/kds_v3/toolchain/bin/../lib/gcc/arm-none-eabi/4.8.4/../../../../arm-none-eabi/lib/armv7e-m\libm.a(lib_a-w_pow.o)
                0x0000d5a4                pow
 *fill*         0x0000d89c        0x4 
 .text.__ieee754_pow
                0x0000d8a0      0xa78 c:/freescale/kds_v3/toolchain/bin/../lib/gcc/arm-none-eabi/4.8.4/../../../../arm-none-eabi/lib/armv7e-m\libm.a(lib_a-e_pow.o)
                0x0000d8a0                __ieee754_pow
 .text.__ieee754_sqrt
                0x0000e318      0x180 c:/freescale/kds_v3/toolchain/bin/../lib/gcc/arm-none-eabi/4.8.4/../../../../arm-none-eabi/lib/armv7e-m\libm.a(lib_a-e_sqrt.o)
                0x0000e318                __ieee754_sqrt
 .text.fabs     0x0000e498        0x8 c:/freescale/kds_v3/toolchain/bin/../lib/gcc/arm-none-eabi/4.8.4/../../../../arm-none-eabi/lib/armv7e-m\libm.a(lib_a-s_fabs.o)
                0x0000e498                fabs
 .text.finite   0x0000e4a0        0xc c:/freescale/kds_v3/toolchain/bin/../lib/gcc/arm-none-eabi/4.8.4/../../../../arm-none-eabi/lib/armv7e-m\libm.a(lib_a-s_finite.o)
                0x0000e4a0                finite
 .text.__fpclassifyd
                0x0000e4ac       0x50 c:/freescale/kds_v3/toolchain/bin/../lib/gcc/arm-none-eabi/4.8.4/../../../../arm-none-eabi/lib/armv7e-m\libm.a(lib_a-s_fpclassify.o)
                0x0000e4ac                __fpclassifyd
 .text.matherr  0x0000e4fc        0x4 c:/freescale/kds_v3/toolchain/bin/../lib/gcc/arm-none-eabi/4.8.4/../../../../arm-none-eabi/lib/armv7e-m\libm.a(lib_a-s_matherr.o)
                0x0000e4fc                matherr
 .text.nan      0x0000e500        0xc c:/freescale/kds_v3/toolchain/bin/../lib/gcc/arm-none-eabi/4.8.4/../../../../arm-none-eabi/lib/armv7e-m\libm.a(lib_a-s_nan.o)
                0x0000e500                nan
 .text.rint     0x0000e50c      0x118 c:/freescale/kds_v3/toolchain/bin/../lib/gcc/arm-none-eabi/4.8.4/../../../../arm-none-eabi/lib/armv7e-m\libm.a(lib_a-s_rint.o)
                0x0000e50c                rint
 *fill*         0x0000e624        0x4 
 .text.scalbn   0x0000e628      0x118 c:/freescale/kds_v3/toolchain/bin/../lib/gcc/arm-none-eabi/4.8.4/../../../../arm-none-eabi/lib/armv7e-m\libm.a(lib_a-s_scalbn.o)
                0x0000e628                scalbn
 .text.copysign
                0x0000e740       0x14 c:/freescale/kds_v3/toolchain/bin/../lib/gcc/arm-none-eabi/4.8.4/../../../../arm-none-eabi/lib/armv7e-m\libm.a(lib_a-s_copysign.o)
                0x0000e740                copysign
 .text.abort    0x0000e754        0xe c:/freescale/kds_v3/toolchain/bin/../lib/gcc/arm-none-eabi/4.8.4/../../../../arm-none-eabi/lib/armv7e-m\libg_s.a(lib_a-abort.o)
                0x0000e754                abort
 *fill*         0x0000e762        0x2 
 .text.__errno  0x0000e764        0xc c:/freescale/kds_v3/toolchain/bin/../lib/gcc/arm-none-eabi/4.8.4/../../../../arm-none-eabi/lib/armv7e-m\libg_s.a(lib_a-errno.o)
                0x0000e764                __errno
 .text.exit     0x0000e770       0x28 c:/freescale/kds_v3/toolchain/bin/../lib/gcc/arm-none-eabi/4.8.4/../../../../arm-none-eabi/lib/armv7e-m\libg_s.a(lib_a-exit.o)
                0x0000e770                exit
 .text.__libc_init_array
                0x0000e798       0x4c c:/freescale/kds_v3/toolchain/bin/../lib/gcc/arm-none-eabi/4.8.4/../../../../arm-none-eabi/lib/armv7e-m\libg_s.a(lib_a-init.o)
                0x0000e798                __libc_init_array
 .text.memcpy   0x0000e7e4       0x12 c:/freescale/kds_v3/toolchain/bin/../lib/gcc/arm-none-eabi/4.8.4/../../../../arm-none-eabi/lib/armv7e-m\libg_s.a(lib_a-memcpy-stub.o)
                0x0000e7e4                memcpy
 .text.memset   0x0000e7f6       0x10 c:/freescale/kds_v3/toolchain/bin/../lib/gcc/arm-none-eabi/4.8.4/../../../../arm-none-eabi/lib/armv7e-m\libg_s.a(lib_a-memset.o)
                0x0000e7f6                memset
 .text._raise_r
                0x0000e806       0x50 c:/freescale/kds_v3/toolchain/bin/../lib/gcc/arm-none-eabi/4.8.4/../../../../arm-none-eabi/lib/armv7e-m\libg_s.a(lib_a-signal.o)
                0x0000e806                _raise_r
 *fill*         0x0000e856        0x2 
 .text.raise    0x0000e858       0x10 c:/freescale/kds_v3/toolchain/bin/../lib/gcc/arm-none-eabi/4.8.4/../../../../arm-none-eabi/lib/armv7e-m\libg_s.a(lib_a-signal.o)
                0x0000e858                raise
 .text._kill_r  0x0000e868       0x24 c:/freescale/kds_v3/toolchain/bin/../lib/gcc/arm-none-eabi/4.8.4/../../../../arm-none-eabi/lib/armv7e-m\libg_s.a(lib_a-signalr.o)
                0x0000e868                _kill_r
 .text._getpid_r
                0x0000e88c        0x4 c:/freescale/kds_v3/toolchain/bin/../lib/gcc/arm-none-eabi/4.8.4/../../../../arm-none-eabi/lib/armv7e-m\libg_s.a(lib_a-signalr.o)
                0x0000e88c                _getpid_r
 .text.strlen   0x0000e890       0x10 c:/freescale/kds_v3/toolchain/bin/../lib/gcc/arm-none-eabi/4.8.4/../../../../arm-none-eabi/lib/armv7e-m\libg_s.a(lib_a-strlen.o)
                0x0000e890                strlen
 .text._vsprintf_r
                0x0000e8a0       0x30 c:/freescale/kds_v3/toolchain/bin/../lib/gcc/arm-none-eabi/4.8.4/../../../../arm-none-eabi/lib/armv7e-m\libg_s.a(lib_a-vsprintf.o)
                0x0000e8a0                _vsprintf_r
                0x0000e8a0                _vsiprintf_r
 .text.vsprintf
                0x0000e8d0       0x1c c:/freescale/kds_v3/toolchain/bin/../lib/gcc/arm-none-eabi/4.8.4/../../../../arm-none-eabi/lib/armv7e-m\libg_s.a(lib_a-vsprintf.o)
                0x0000e8d0                vsiprintf
                0x0000e8d0                vsprintf
 .text._malloc_r
                0x0000e8ec       0xa8 c:/freescale/kds_v3/toolchain/bin/../lib/gcc/arm-none-eabi/4.8.4/../../../../arm-none-eabi/lib/armv7e-m\libg_s.a(lib_a-nano-mallocr.o)
                0x0000e8ec                _malloc_r
 .text._sbrk_r  0x0000e994       0x20 c:/freescale/kds_v3/toolchain/bin/../lib/gcc/arm-none-eabi/4.8.4/../../../../arm-none-eabi/lib/armv7e-m\libg_s.a(lib_a-sbrkr.o)
                0x0000e994                _sbrk_r
 .text.__ssputs_r
                0x0000e9b4       0xb8 c:/freescale/kds_v3/toolchain/bin/../lib/gcc/arm-none-eabi/4.8.4/../../../../arm-none-eabi/lib/armv7e-m\libg_s.a(lib_a-svfprintf.o)
                0x0000e9b4                __ssputs_r
 .text._svfprintf_r
                0x0000ea6c      0x1dc c:/freescale/kds_v3/toolchain/bin/../lib/gcc/arm-none-eabi/4.8.4/../../../../arm-none-eabi/lib/armv7e-m\libg_s.a(lib_a-svfprintf.o)
                0x0000ea6c                _svfiprintf_r
                0x0000ea6c                _svfprintf_r
 .text._printf_common
                0x0000ec48       0xe4 c:/freescale/kds_v3/toolchain/bin/../lib/gcc/arm-none-eabi/4.8.4/../../../../arm-none-eabi/lib/armv7e-m\libg_s.a(lib_a-vfprintf_i.o)
                0x0000ec48                _printf_common
 .text._printf_i
                0x0000ed2c      0x228 c:/freescale/kds_v3/toolchain/bin/../lib/gcc/arm-none-eabi/4.8.4/../../../../arm-none-eabi/lib/armv7e-m\libg_s.a(lib_a-vfprintf_i.o)
                0x0000ed2c                _printf_i
 .text.memchr   0x0000ef54       0x1e c:/freescale/kds_v3/toolchain/bin/../lib/gcc/arm-none-eabi/4.8.4/../../../../arm-none-eabi/lib/armv7e-m\libg_s.a(lib_a-memchr-stub.o)
                0x0000ef54                memchr
 .text.memmove  0x0000ef72       0x36 c:/freescale/kds_v3/toolchain/bin/../lib/gcc/arm-none-eabi/4.8.4/../../../../arm-none-eabi/lib/armv7e-m\libg_s.a(lib_a-memmove.o)
                0x0000ef72                memmove
 .text._free_r  0x0000efa8       0x88 c:/freescale/kds_v3/toolchain/bin/../lib/gcc/arm-none-eabi/4.8.4/../../../../arm-none-eabi/lib/armv7e-m\libg_s.a(lib_a-nano-freer.o)
                0x0000efa8                _free_r
 .text._realloc_r
                0x0000f030       0x4c c:/freescale/kds_v3/toolchain/bin/../lib/gcc/arm-none-eabi/4.8.4/../../../../arm-none-eabi/lib/armv7e-m\libg_s.a(lib_a-nano-reallocr.o)
                0x0000f030                _realloc_r
 .text._malloc_usable_size_r
                0x0000f07c       0x12 c:/freescale/kds_v3/toolchain/bin/../lib/gcc/arm-none-eabi/4.8.4/../../../../arm-none-eabi/lib/armv7e-m\libg_s.a(lib_a-nano-msizer.o)
                0x0000f07c                _malloc_usable_size_r
 *fill*         0x0000f08e        0x2 
 .text._getpid  0x0000f090       0x10 c:/freescale/kds_v3/toolchain/bin/../lib/gcc/arm-none-eabi/4.8.4/../../../../arm-none-eabi/lib/armv7e-m\libnosys.a(getpid.o)
                0x0000f090                _getpid
 .text._kill    0x0000f0a0       0x10 c:/freescale/kds_v3/toolchain/bin/../lib/gcc/arm-none-eabi/4.8.4/../../../../arm-none-eabi/lib/armv7e-m\libnosys.a(kill.o)
                0x0000f0a0                _kill
 .text._sbrk    0x0000f0b0       0x34 c:/freescale/kds_v3/toolchain/bin/../lib/gcc/arm-none-eabi/4.8.4/../../../../arm-none-eabi/lib/armv7e-m\libnosys.a(sbrk.o)
                0x0000f0b0                _sbrk
 .text._exit    0x0000f0e4        0x4 c:/freescale/kds_v3/toolchain/bin/../lib/gcc/arm-none-eabi/4.8.4/../../../../arm-none-eabi/lib/armv7e-m\libnosys.a(_exit.o)
                0x0000f0e4                _exit
 *(.rodata)
 .rodata        0x0000f0e8      0x6c8 ./Sources/display.o
 .rodata        0x0000f7b0       0x18 ./Sources/menu.o
 .rodata        0x0000f7c8      0x27c ./Sources/protocol.o
 .rodata        0x0000fa44      0x27c ./Sources/send.o
 *(.rodata*)
 .rodata.ASerialLdd1_BaudAdjustValueSpeed0.6226
                0x0000fcc0        0x4 ./Generated_Code/ASerialLdd1.o
 .rodata.ASerialLdd1_BaudDivisorSpeed0.6227
                0x0000fcc4        0x4 ./Generated_Code/ASerialLdd1.o
 .rodata.SafeRoutine
                0x0000fcc8       0x30 ./Generated_Code/IntFlashLdd1.o
 .rodata.str1.4
                0x0000fcf8        0x4 c:/freescale/kds_v3/toolchain/bin/../lib/gcc/arm-none-eabi/4.8.4/../../../../arm-none-eabi/lib/armv7e-m\libm.a(lib_a-w_pow.o)
 *fill*         0x0000fcfc        0x4 
 .rodata.dp_h   0x0000fd00       0x10 c:/freescale/kds_v3/toolchain/bin/../lib/gcc/arm-none-eabi/4.8.4/../../../../arm-none-eabi/lib/armv7e-m\libm.a(lib_a-e_pow.o)
 .rodata.dp_l   0x0000fd10       0x10 c:/freescale/kds_v3/toolchain/bin/../lib/gcc/arm-none-eabi/4.8.4/../../../../arm-none-eabi/lib/armv7e-m\libm.a(lib_a-e_pow.o)
 .rodata.bp     0x0000fd20       0x10 c:/freescale/kds_v3/toolchain/bin/../lib/gcc/arm-none-eabi/4.8.4/../../../../arm-none-eabi/lib/armv7e-m\libm.a(lib_a-e_pow.o)
 .rodata.str1.4
                0x0000fd30        0x4 c:/freescale/kds_v3/toolchain/bin/../lib/gcc/arm-none-eabi/4.8.4/../../../../arm-none-eabi/lib/armv7e-m\libm.a(lib_a-e_pow.o)
 *fill*         0x0000fd34        0x4 
 .rodata.TWO52  0x0000fd38       0x10 c:/freescale/kds_v3/toolchain/bin/../lib/gcc/arm-none-eabi/4.8.4/../../../../arm-none-eabi/lib/armv7e-m\libm.a(lib_a-s_rint.o)
 .rodata.str1.1
                0x0000fd48        0x2 c:/freescale/kds_v3/toolchain/bin/../lib/gcc/arm-none-eabi/4.8.4/../../../../arm-none-eabi/lib/armv7e-m\libg_s.a(lib_a-impure.o)
 *fill*         0x0000fd4a        0x2 
 .rodata._global_impure_ptr
                0x0000fd4c        0x4 c:/freescale/kds_v3/toolchain/bin/../lib/gcc/arm-none-eabi/4.8.4/../../../../arm-none-eabi/lib/armv7e-m\libg_s.a(lib_a-impure.o)
                0x0000fd4c                _global_impure_ptr
 .rodata.str1.1
                0x0000fd50       0x11 c:/freescale/kds_v3/toolchain/bin/../lib/gcc/arm-none-eabi/4.8.4/../../../../arm-none-eabi/lib/armv7e-m\libg_s.a(lib_a-svfprintf.o)
 .rodata.str1.1
                0x0000fd61       0x22 c:/freescale/kds_v3/toolchain/bin/../lib/gcc/arm-none-eabi/4.8.4/../../../../arm-none-eabi/lib/armv7e-m\libg_s.a(lib_a-vfprintf_i.o)
 *(.glue_7)
 .glue_7        0x00000000        0x0 linker stubs
 *(.glue_7t)
 .glue_7t       0x00000000        0x0 linker stubs
 *(.eh_frame)
 *fill*         0x0000fd83        0x1 
 .eh_frame      0x0000fd84        0x0 c:/freescale/kds_v3/toolchain/bin/../lib/gcc/arm-none-eabi/4.8.4/armv7e-m/crtbegin.o
 *(.init)
 .init          0x0000fd84        0x4 c:/freescale/kds_v3/toolchain/bin/../lib/gcc/arm-none-eabi/4.8.4/armv7e-m/crti.o
                0x0000fd84                _init
 .init          0x0000fd88        0x8 c:/freescale/kds_v3/toolchain/bin/../lib/gcc/arm-none-eabi/4.8.4/armv7e-m/crtn.o
 *(.fini)
 .fini          0x0000fd90        0x4 c:/freescale/kds_v3/toolchain/bin/../lib/gcc/arm-none-eabi/4.8.4/armv7e-m/crti.o
                0x0000fd90                _fini
 .fini          0x0000fd94        0x8 c:/freescale/kds_v3/toolchain/bin/../lib/gcc/arm-none-eabi/4.8.4/armv7e-m/crtn.o
                0x0000fd9c                . = ALIGN (0x4)
                0x0000fd9c                _etext = .

.vfp11_veneer   0x0000fd9c        0x0
 .vfp11_veneer  0x00000000        0x0 linker stubs

.v4_bx          0x0000fd9c        0x0
 .v4_bx         0x00000000        0x0 linker stubs

.iplt           0x0000fd9c        0x0
 .iplt          0x00000000        0x0 c:/freescale/kds_v3/toolchain/bin/../lib/gcc/arm-none-eabi/4.8.4/armv7e-m/crtbegin.o

.ARM.extab      0x0000fd9c      0x2b8
 *(.ARM.extab* .gnu.linkonce.armextab.*)
 .ARM.extab.text.LCD_command
                0x0000fd9c        0xc ./Sources/LCD.o
 .ARM.extab.text.LCD_Set_Cursor
                0x0000fda8        0xc ./Sources/LCD.o
 .ARM.extab.text.LCD_Write
                0x0000fdb4        0xc ./Sources/LCD.o
 .ARM.extab.text.load_custom_char
                0x0000fdc0        0xc ./Sources/LCD.o
 .ARM.extab.text.LCD_Write_At
                0x0000fdcc        0xc ./Sources/LCD.o
 .ARM.extab.text.LCD_Write_Block
                0x0000fdd8        0xc ./Sources/LCD.o
 .ARM.extab.text.PCA9670_SendByte
                0x0000fde4        0xc ./Sources/PCA9670.o
 .ARM.extab.text.select_cue
                0x0000fdf0        0xc ./Sources/cue.o
 .ARM.extab.text.print_float_at
                0x0000fdfc        0xc ./Sources/display.o
 .ARM.extab.text.print_int_at
                0x0000fe08        0xc ./Sources/display.o
 .ARM.extab.text.print_cue_array
                0x0000fe14        0xc ./Sources/display.o
 .ARM.extab.text.print_all_cue
                0x0000fe20        0xc ./Sources/display.o
 .ARM.extab.text.load_char
                0x0000fe2c        0xc ./Sources/display.o
 .ARM.extab.text.menu_init
                0x0000fe38        0xc ./Sources/display.o
 .ARM.extab.text.refresh
                0x0000fe44        0xc ./Sources/display.o
 .ARM.extab.text.select
                0x0000fe50        0xc ./Sources/display.o
 .ARM.extab.text.back
                0x0000fe5c        0xc ./Sources/display.o
 .ARM.extab.text.controle_mode_display
                0x0000fe68        0xc ./Sources/display.o
 .ARM.extab.text.update_icon_dir
                0x0000fe74        0xc ./Sources/display.o
 .ARM.extab.text.select_setting
                0x0000fe80        0xc ./Sources/display.o
 .ARM.extab.text.refresh_fct
                0x0000fe8c        0xc ./Sources/display.o
 .ARM.extab.text.velocity_fct
                0x0000fe98        0xc ./Sources/display.o
 .ARM.extab.text.pos_position_fct
                0x0000fea4        0xc ./Sources/display.o
 .ARM.extab.text.torque_fct
                0x0000feb0        0xc ./Sources/display.o
 .ARM.extab.text.pos_play_cue_fct
                0x0000febc        0xc ./Sources/display.o
 .ARM.extab.text.pos_rec_cue_fct
                0x0000fec8        0xc ./Sources/display.o
 .ARM.extab.text.pos_mod_cue_fct
                0x0000fed4        0xc ./Sources/display.o
 .ARM.extab.text.pos_del_cue_fct
                0x0000fee0        0xc ./Sources/display.o
 .ARM.extab.text.vel_play_cue_fct
                0x0000feec        0xc ./Sources/display.o
 .ARM.extab.text.vel_rec_cue_fct
                0x0000fef8        0xc ./Sources/display.o
 .ARM.extab.text.vel_mod_cue_fct
                0x0000ff04        0xc ./Sources/display.o
 .ARM.extab.text.vel_del_cue_fct
                0x0000ff10        0xc ./Sources/display.o
 .ARM.extab.text.load_cue
                0x0000ff1c        0xc ./Sources/eeprom.o
 .ARM.extab.text.write_cue
                0x0000ff28        0xc ./Sources/eeprom.o
 .ARM.extab.text.erase_cue
                0x0000ff34        0xc ./Sources/eeprom.o
 .ARM.extab.text.get_next_slot_free
                0x0000ff40        0xc ./Sources/eeprom.o
 .ARM.extab.text.get_slot_saved
                0x0000ff4c        0xc ./Sources/eeprom.o
 .ARM.extab.text.get_cue_values
                0x0000ff58        0xc ./Sources/eeprom.o
 .ARM.extab.text.print_menu
                0x0000ff64        0xc ./Sources/menu.o
 .ARM.extab.text.print_sub_menu
                0x0000ff70        0xc ./Sources/menu.o
 .ARM.extab.text.print_sub_menu2
                0x0000ff7c        0xc ./Sources/menu.o
 .ARM.extab.text.menu_select
                0x0000ff88        0xc ./Sources/menu.o
 .ARM.extab.text.menu_back
                0x0000ff94        0xc ./Sources/menu.o
 .ARM.extab.text.refresh_menu
                0x0000ffa0        0xc ./Sources/menu.o
 .ARM.extab.text.serial_send_block
                0x0000ffac        0xc ./Sources/protocol.o
 .ARM.extab.text.serial_send_float
                0x0000ffb8        0xc ./Sources/protocol.o
 .ARM.extab.text.serial_send_int
                0x0000ffc4        0xc ./Sources/protocol.o
 .ARM.extab.text.serial_send_string
                0x0000ffd0        0xc ./Sources/protocol.o
 .ARM.extab.text.serial_send_char
                0x0000ffdc        0xc ./Sources/protocol.o
 .ARM.extab.text.msg_parse
                0x0000ffe8        0xc ./Sources/protocol.o
 .ARM.extab.text.msg_processing
                0x0000fff4        0xc ./Sources/protocol.o
 .ARM.extab.text.select_baud_rate
                0x00010000        0xc ./Sources/protocol.o
 .ARM.extab.text.Send_Control_Mode
                0x0001000c        0xc ./Sources/send.o
 .ARM.extab.text.send_fct
                0x00010018        0xc ./Sources/send.o
 .ARM.extab.text.get_update_value
                0x00010024        0xc ./Sources/send.o
 .ARM.extab     0x00010030        0xc c:/freescale/kds_v3/toolchain/bin/../lib/gcc/arm-none-eabi/4.8.4/armv7e-m\libgcc.a(unwind-arm.o)
 .ARM.extab     0x0001003c       0x18 c:/freescale/kds_v3/toolchain/bin/../lib/gcc/arm-none-eabi/4.8.4/armv7e-m\libgcc.a(pr-support.o)

.ARM            0x00010054      0x300
                0x00010054                __exidx_start = .
 *(.ARM.exidx*)
 .ARM.exidx     0x00010054        0x8 c:/freescale/kds_v3/toolchain/bin/../lib/gcc/arm-none-eabi/4.8.4/../../../../arm-none-eabi/lib/armv7e-m/crt0.o
 .ARM.exidx.text.LCD_Init
                0x0001011c        0x8 ./Sources/LCD.o
 .ARM.exidx.text.LCD_command
                0x00010124        0x8 ./Sources/LCD.o
 .ARM.exidx.text.LCD_Set_Cursor
                0x0001012c        0x8 ./Sources/LCD.o
 .ARM.exidx.text.LCD_Write
                0x00010134        0x8 ./Sources/LCD.o
 .ARM.exidx.text.load_custom_char
                0x0001013c        0x8 ./Sources/LCD.o
 .ARM.exidx.text.LCD_Write_At
                0x00010144        0x8 ./Sources/LCD.o
 .ARM.exidx.text.LCD_Write_Block
                0x0001014c        0x8 ./Sources/LCD.o
 .ARM.exidx.text.PCA9670_Init
                0x00010154        0x8 ./Sources/PCA9670.o
 .ARM.exidx.text.PCA9670_SendByte
                0x0001015c        0x8 ./Sources/PCA9670.o
 .ARM.exidx.text.select_cue
                0x00010164        0x8 ./Sources/cue.o
 .ARM.exidx.text.vspfunc
                0x0001016c        0x8 ./Sources/display.o
 .ARM.exidx.text.print_float_at
                0x00010174        0x8 ./Sources/display.o
 .ARM.exidx.text.print_int_at
                0x0001017c        0x8 ./Sources/display.o
 .ARM.exidx.text.print_cue_array
                0x00010184        0x8 ./Sources/display.o
 .ARM.exidx.text.print_all_cue
                0x0001018c        0x8 ./Sources/display.o
 .ARM.exidx.text.load_char
                0x00010194        0x8 ./Sources/display.o
 .ARM.exidx.text.menu_init
                0x0001019c        0x8 ./Sources/display.o
 .ARM.exidx.text.refresh
                0x000101a4        0x8 ./Sources/display.o
 .ARM.exidx.text.select
                0x000101ac        0x8 ./Sources/display.o
 .ARM.exidx.text.back
                0x000101b4        0x8 ./Sources/display.o
 .ARM.exidx.text.controle_mode_display
                0x000101bc        0x8 ./Sources/display.o
 .ARM.exidx.text.control_mode_fct
                0x000101c4        0x8 ./Sources/display.o
 .ARM.exidx.text.update_icon_dir
                0x000101cc        0x8 ./Sources/display.o
 .ARM.exidx.text.update_icon_drive_enable
                0x000101d4        0x8 ./Sources/display.o
 .ARM.exidx.text.select_setting
                0x000101dc        0x8 ./Sources/display.o
 .ARM.exidx.text.refresh_fct
                0x000101e4        0x8 ./Sources/display.o
 .ARM.exidx.text.velocity_fct
                0x000101ec        0x8 ./Sources/display.o
 .ARM.exidx.text.acceleration_fct
                0x000101f4        0x8 ./Sources/display.o
 .ARM.exidx.text.deceleration_fct
                0x000101fc        0x0 ./Sources/display.o
                                  0x8 (size before relaxing)
 .ARM.exidx.text.back_fct
                0x000101fc        0x0 ./Sources/display.o
                                  0x8 (size before relaxing)
 .ARM.exidx.text.pos_position_fct
                0x000101fc        0x8 ./Sources/display.o
 .ARM.exidx.text.pos_velocity_fct
                0x00010204        0x8 ./Sources/display.o
 .ARM.exidx.text.pos_acceleration_fct
                0x0001020c        0x0 ./Sources/display.o
                                  0x8 (size before relaxing)
 .ARM.exidx.text.pos_deceleration_fct
                0x0001020c        0x0 ./Sources/display.o
                                  0x8 (size before relaxing)
 .ARM.exidx.text.pos_set_home_fct
                0x0001020c        0x0 ./Sources/display.o
                                  0x8 (size before relaxing)
 .ARM.exidx.text.torque_fct
                0x0001020c        0x8 ./Sources/display.o
 .ARM.exidx.text.torque_rise_fct
                0x00010214        0x8 ./Sources/display.o
 .ARM.exidx.text.torque_fall_fct
                0x0001021c        0x0 ./Sources/display.o
                                  0x8 (size before relaxing)
 .ARM.exidx.text.pos_play_cue_fct
                0x0001021c        0x8 ./Sources/display.o
 .ARM.exidx.text.pos_rec_cue_fct
                0x00010224        0x8 ./Sources/display.o
 .ARM.exidx.text.pos_mod_cue_fct
                0x0001022c        0x8 ./Sources/display.o
 .ARM.exidx.text.pos_del_cue_fct
                0x00010234        0x8 ./Sources/display.o
 .ARM.exidx.text.vel_play_cue_fct
                0x0001023c        0x8 ./Sources/display.o
 .ARM.exidx.text.vel_rec_cue_fct
                0x00010244        0x8 ./Sources/display.o
 .ARM.exidx.text.vel_mod_cue_fct
                0x0001024c        0x8 ./Sources/display.o
 .ARM.exidx.text.vel_del_cue_fct
                0x00010254        0x8 ./Sources/display.o
 .ARM.exidx.text.select_baud_rate_fct
                0x0001025c        0x8 ./Sources/display.o
 .ARM.exidx.text.select_update_menu_fct
                0x00010264        0x0 ./Sources/display.o
                                  0x8 (size before relaxing)
 .ARM.exidx.text.short_cut_position_menu
                0x00010264        0x0 ./Sources/display.o
                                  0x8 (size before relaxing)
 .ARM.exidx.text._Z41__static_initialization_and_destruction_0ii
                0x00010264        0x8 ./Sources/display.o
 .ARM.exidx.text._GLOBAL__sub_I_buffer
                0x0001026c        0x0 ./Sources/display.o
                                  0x8 (size before relaxing)
 .ARM.exidx.text.load_cue
                0x0001026c        0x8 ./Sources/eeprom.o
 .ARM.exidx.text.write_cue
                0x00010274        0x8 ./Sources/eeprom.o
 .ARM.exidx.text.erase_cue
                0x0001027c        0x8 ./Sources/eeprom.o
 .ARM.exidx.text.get_next_slot_free
                0x00010284        0x8 ./Sources/eeprom.o
 .ARM.exidx.text.get_slot_saved
                0x0001028c        0x8 ./Sources/eeprom.o
 .ARM.exidx.text.get_cue_values
                0x00010294       0x10 ./Sources/eeprom.o
                                  0x8 (size before relaxing)
 .ARM.exidx.text.init_menu
                0x000102a4        0x0 ./Sources/menu.o
                                  0x8 (size before relaxing)
 .ARM.exidx.text.init_sub_menu
                0x000102a4        0x0 ./Sources/menu.o
                                  0x8 (size before relaxing)
 .ARM.exidx.text.init_sub_menu2
                0x000102a4        0x0 ./Sources/menu.o
                                  0x8 (size before relaxing)
 .ARM.exidx.text.init_menu_list
                0x000102a4        0x0 ./Sources/menu.o
                                  0x8 (size before relaxing)
 .ARM.exidx.text.init_sub_menu_list
                0x000102a4        0x0 ./Sources/menu.o
                                  0x8 (size before relaxing)
 .ARM.exidx.text.init_sub_menu2_list
                0x000102a4        0x0 ./Sources/menu.o
                                  0x8 (size before relaxing)
 .ARM.exidx.text.print_menu
                0x000102a4        0x8 ./Sources/menu.o
 .ARM.exidx.text.print_sub_menu
                0x000102ac        0x8 ./Sources/menu.o
 .ARM.exidx.text.print_sub_menu2
                0x000102b4        0x8 ./Sources/menu.o
 .ARM.exidx.text.menu_select
                0x000102bc        0x8 ./Sources/menu.o
 .ARM.exidx.text.menu_back
                0x000102c4        0x8 ./Sources/menu.o
 .ARM.exidx.text.refresh_menu
                0x000102cc        0x8 ./Sources/menu.o
 .ARM.exidx.text.void_function
                0x000102d4        0x8 ./Sources/menu.o
 .ARM.exidx.text.parameters_init
                0x000102dc        0x0 ./Sources/parameters.o
                                  0x8 (size before relaxing)
 .ARM.exidx.text.convert
                0x000102dc        0x0 ./Sources/parameters.o
                                  0x8 (size before relaxing)
 .ARM.exidx.text.serial_send_block
                0x000102dc        0x8 ./Sources/protocol.o
 .ARM.exidx.text.serial_send_float
                0x000102e4        0x8 ./Sources/protocol.o
 .ARM.exidx.text.serial_send_int
                0x000102ec        0x8 ./Sources/protocol.o
 .ARM.exidx.text.serial_send_string
                0x000102f4        0x8 ./Sources/protocol.o
 .ARM.exidx.text.serial_send_char
                0x000102fc        0x8 ./Sources/protocol.o
 .ARM.exidx.text.serial_send_end
                0x00010304        0x8 ./Sources/protocol.o
 .ARM.exidx.text.msg_parse
                0x0001030c        0x8 ./Sources/protocol.o
 .ARM.exidx.text.msg_processing
                0x00010314        0x8 ./Sources/protocol.o
 .ARM.exidx.text.select_baud_rate
                0x0001031c        0x8 ./Sources/protocol.o
 .ARM.exidx.text.Send_Control_Mode
                0x00010324        0x8 ./Sources/send.o
 .ARM.exidx.text.send_fct
                0x0001032c        0x8 ./Sources/send.o
 .ARM.exidx.text.get_update_drive_en
                0x00010334        0x8 ./Sources/send.o
 .ARM.exidx.text.get_update_value
                0x0001033c        0x8 ./Sources/send.o
 .ARM.exidx.text.send_stop
                0x00010344        0x8 ./Sources/send.o
 .ARM.exidx.text.send_velocity_cue
                0x0001034c        0x0 ./Sources/send.o
                                  0x8 (size before relaxing)
 .ARM.exidx.text.send_position_cue
                0x0001034c        0x0 ./Sources/send.o
                                  0x8 (size before relaxing)
 .ARM.exidx.text.velocity_processing
                0x0001034c        0x8 ./Sources/send.o
 .ARM.exidx.text.velocity_ref_processing
                0x00010354        0x0 ./Sources/send.o
                                  0x8 (size before relaxing)
 .ARM.exidx.text.acceleration_processing
                0x00010354        0x0 ./Sources/send.o
                                  0x8 (size before relaxing)
 .ARM.exidx.text.deceleration_processing
                0x00010354        0x0 ./Sources/send.o
                                  0x8 (size before relaxing)
 .ARM.exidx.text.torque_processing
                0x00010354        0x0 ./Sources/send.o
                                  0x8 (size before relaxing)
 .ARM.exidx.text.torque_ref_processing
                0x00010354        0x0 ./Sources/send.o
                                  0x8 (size before relaxing)
 .ARM.exidx.text.torque_rise_processing
                0x00010354        0x0 ./Sources/send.o
                                  0x8 (size before relaxing)
 .ARM.exidx.text.torque_fall_processing
                0x00010354        0x0 ./Sources/send.o
                                  0x8 (size before relaxing)
 .ARM.exidx.text.position_ref_processing
                0x00010354        0x0 ./Sources/send.o
                                  0x8 (size before relaxing)
 .ARM.exidx.text.control_mode_processing
                0x00010354        0x0 ./Sources/send.o
                                  0x8 (size before relaxing)
 .ARM.exidx.text.drive_enable_processing
                0x00010354        0x0 ./Sources/send.o
                                  0x8 (size before relaxing)
 .ARM.exidx     0x0001005c       0x88 c:/freescale/kds_v3/toolchain/bin/../lib/gcc/arm-none-eabi/4.8.4/armv7e-m\libgcc.a(unwind-arm.o)
                                 0xd8 (size before relaxing)
 .ARM.exidx     0x000100e4       0x38 c:/freescale/kds_v3/toolchain/bin/../lib/gcc/arm-none-eabi/4.8.4/armv7e-m\libgcc.a(pr-support.o)
                                 0x48 (size before relaxing)
                0x00010354                __exidx_end = .

.rel.dyn        0x00010354        0x0
 .rel.iplt      0x00000000        0x0 c:/freescale/kds_v3/toolchain/bin/../lib/gcc/arm-none-eabi/4.8.4/armv7e-m/crtbegin.o

.ctors          0x00010354        0x0
                0x00010354                __CTOR_LIST__ = .
 *crtbegin.o(.ctors)
 *(EXCLUDE_FILE(*crtend.o) .ctors)
 *(SORT(.ctors.*))
 *(.ctors)
                0x00010354                __CTOR_END__ = .

.dtors          0x00010354        0x0
                0x00010354                __DTOR_LIST__ = .
 *crtbegin.o(.dtors)
 *(EXCLUDE_FILE(*crtend.o) .dtors)
 *(SORT(.dtors.*))
 *(.dtors)
                0x00010354                __DTOR_END__ = .

.preinit_array  0x00010354        0x0
                0x00010354                PROVIDE (__preinit_array_start, .)
 *(.preinit_array*)
                0x00010354                PROVIDE (__preinit_array_end, .)

.init_array     0x00010354        0x8
                0x00010354                PROVIDE (__init_array_start, .)
 *(SORT(.init_array.*))
 *(.init_array*)
 .init_array    0x00010354        0x4 c:/freescale/kds_v3/toolchain/bin/../lib/gcc/arm-none-eabi/4.8.4/armv7e-m/crtbegin.o
 .init_array    0x00010358        0x4 ./Sources/display.o
                0x0001035c                PROVIDE (__init_array_end, .)

.fini_array     0x0001035c        0x4
                0x0001035c                PROVIDE (__fini_array_start, .)
 *(SORT(.fini_array.*))
 *(.fini_array*)
 .fini_array    0x0001035c        0x4 c:/freescale/kds_v3/toolchain/bin/../lib/gcc/arm-none-eabi/4.8.4/armv7e-m/crtbegin.o
                0x00010360                PROVIDE (__fini_array_end, .)
                0x00010360                ___ROM_AT = .

.data           0x1fff8000       0xf0 load address 0x00010360
                0x1fff8000                . = ALIGN (0x4)
                0x1fff8000                _sdata = .
 *(.data)
 *(.data*)
 .data._ZL6Get_OK
                0x1fff8000        0x4 ./Sources/protocol.o
 .data._ZL7Get_ERR
                0x1fff8004        0x4 ./Sources/protocol.o
 .data._ZL6Set_OK
                0x1fff8008        0x4 ./Sources/protocol.o
 .data._ZL7Set_ERR
                0x1fff800c        0x4 ./Sources/protocol.o
 .data._ZL8Velocity
                0x1fff8010        0x4 ./Sources/protocol.o
 .data._ZL12Velocity_ref
                0x1fff8014        0x4 ./Sources/protocol.o
 .data._ZL12Position_ref
                0x1fff8018        0x4 ./Sources/protocol.o
 .data._ZL8Set_Home
                0x1fff801c        0x4 ./Sources/protocol.o
 .data._ZL12Acceleration
                0x1fff8020        0x4 ./Sources/protocol.o
 .data._ZL12Deceleration
                0x1fff8024        0x4 ./Sources/protocol.o
 .data._ZL6Torque
                0x1fff8028        0x4 ./Sources/protocol.o
 .data._ZL10Torque_ref
                0x1fff802c        0x4 ./Sources/protocol.o
 .data._ZL11Torque_rise
                0x1fff8030        0x4 ./Sources/protocol.o
 .data._ZL11Torque_fall
                0x1fff8034        0x4 ./Sources/protocol.o
 .data._ZL12Drive_Enable
                0x1fff8038        0x4 ./Sources/protocol.o
 .data._ZL12Control_Mode
                0x1fff803c        0x4 ./Sources/protocol.o