Archive member included because of file (symbol)

c:/freescale/kds_v3/toolchain/bin/../lib/gcc/arm-none-eabi/4.8.4/../../../../arm-none-eabi/lib/armv7e-m\libm.a(lib_a-s_round.o)
                              ./Sources/display.o (round)
c:/freescale/kds_v3/toolchain/bin/../lib/gcc/arm-none-eabi/4.8.4/../../../../arm-none-eabi/lib/armv7e-m\libm.a(lib_a-w_pow.o)
                              ./Sources/display.o (pow)
c:/freescale/kds_v3/toolchain/bin/../lib/gcc/arm-none-eabi/4.8.4/../../../../arm-none-eabi/lib/armv7e-m\libm.a(lib_a-e_pow.o)
                              c:/freescale/kds_v3/toolchain/bin/../lib/gcc/arm-none-eabi/4.8.4/../../../../arm-none-eabi/lib/armv7e-m\libm.a(lib_a-w_pow.o) (__ieee754_pow)
c:/freescale/kds_v3/toolchain/bin/../lib/gcc/arm-none-eabi/4.8.4/../../../../arm-none-eabi/lib/armv7e-m\libm.a(lib_a-e_sqrt.o)
                              c:/freescale/kds_v3/toolchain/bin/../lib/gcc/arm-none-eabi/4.8.4/../../../../arm-none-eabi/lib/armv7e-m\libm.a(lib_a-e_pow.o) (__ieee754_sqrt)
c:/freescale/kds_v3/toolchain/bin/../lib/gcc/arm-none-eabi/4.8.4/../../../../arm-none-eabi/lib/armv7e-m\libm.a(lib_a-s_fabs.o)
                              c:/freescale/kds_v3/toolchain/bin/../lib/gcc/arm-none-eabi/4.8.4/../../../../arm-none-eabi/lib/armv7e-m\libm.a(lib_a-e_pow.o) (fabs)
c:/freescale/kds_v3/toolchain/bin/../lib/gcc/arm-none-eabi/4.8.4/../../../../arm-none-eabi/lib/armv7e-m\libm.a(lib_a-s_finite.o)
                              c:/freescale/kds_v3/toolchain/bin/../lib/gcc/arm-none-eabi/4.8.4/../../../../arm-none-eabi/lib/armv7e-m\libm.a(lib_a-w_pow.o) (finite)
c:/freescale/kds_v3/toolchain/bin/../lib/gcc/arm-none-eabi/4.8.4/../../../../arm-none-eabi/lib/armv7e-m\libm.a(lib_a-s_fpclassify.o)
                              c:/freescale/kds_v3/toolchain/bin/../lib/gcc/arm-none-eabi/4.8.4/../../../../arm-none-eabi/lib/armv7e-m\libm.a(lib_a-w_pow.o) (__fpclassifyd)
c:/freescale/kds_v3/toolchain/bin/../lib/gcc/arm-none-eabi/4.8.4/../../../../arm-none-eabi/lib/armv7e-m\libm.a(lib_a-s_lib_ver.o)
                              c:/freescale/kds_v3/toolchain/bin/../lib/gcc/arm-none-eabi/4.8.4/../../../../arm-none-eabi/lib/armv7e-m\libm.a(lib_a-w_pow.o) (__fdlib_version)
c:/freescale/kds_v3/toolchain/bin/../lib/gcc/arm-none-eabi/4.8.4/../../../../arm-none-eabi/lib/armv7e-m\libm.a(lib_a-s_matherr.o)
                              c:/freescale/kds_v3/toolchain/bin/../lib/gcc/arm-none-eabi/4.8.4/../../../../arm-none-eabi/lib/armv7e-m\libm.a(lib_a-w_pow.o) (matherr)
c:/freescale/kds_v3/toolchain/bin/../lib/gcc/arm-none-eabi/4.8.4/../../../../arm-none-eabi/lib/armv7e-m\libm.a(lib_a-s_nan.o)
                              c:/freescale/kds_v3/toolchain/bin/../lib/gcc/arm-none-eabi/4.8.4/../../../../arm-none-eabi/lib/armv7e-m\libm.a(lib_a-e_pow.o) (nan)
c:/freescale/kds_v3/toolchain/bin/../lib/gcc/arm-none-eabi/4.8.4/../../../../arm-none-eabi/lib/armv7e-m\libm.a(lib_a-s_rint.o)
                              c:/freescale/kds_v3/toolchain/bin/../lib/gcc/arm-none-eabi/4.8.4/../../../../arm-none-eabi/lib/armv7e-m\libm.a(lib_a-w_pow.o) (rint)
c:/freescale/kds_v3/toolchain/bin/../lib/gcc/arm-none-eabi/4.8.4/../../../../arm-none-eabi/lib/armv7e-m\libm.a(lib_a-s_scalbn.o)
                              c:/freescale/kds_v3/toolchain/bin/../lib/gcc/arm-none-eabi/4.8.4/../../../../arm-none-eabi/lib/armv7e-m\libm.a(lib_a-e_pow.o) (scalbn)
c:/freescale/kds_v3/toolchain/bin/../lib/gcc/arm-none-eabi/4.8.4/../../../../arm-none-eabi/lib/armv7e-m\libm.a(lib_a-s_copysign.o)
                              c:/freescale/kds_v3/toolchain/bin/../lib/gcc/arm-none-eabi/4.8.4/../../../../arm-none-eabi/lib/armv7e-m\libm.a(lib_a-s_scalbn.o) (copysign)
c:/freescale/kds_v3/toolchain/bin/../lib/gcc/arm-none-eabi/4.8.4/armv7e-m\libgcc.a(_arm_addsubdf3.o)
                              c:/freescale/kds_v3/toolchain/bin/../lib/gcc/arm-none-eabi/4.8.4/../../../../arm-none-eabi/lib/armv7e-m\libm.a(lib_a-e_pow.o) (__aeabi_dsub)
c:/freescale/kds_v3/toolchain/bin/../lib/gcc/arm-none-eabi/4.8.4/armv7e-m\libgcc.a(_arm_muldivdf3.o)
                              ./Sources/display.o (__aeabi_dmul)
c:/freescale/kds_v3/toolchain/bin/../lib/gcc/arm-none-eabi/4.8.4/armv7e-m\libgcc.a(_arm_cmpdf2.o)
                              c:/freescale/kds_v3/toolchain/bin/../lib/gcc/arm-none-eabi/4.8.4/../../../../arm-none-eabi/lib/armv7e-m\libm.a(lib_a-w_pow.o) (__aeabi_dcmpeq)
c:/freescale/kds_v3/toolchain/bin/../lib/gcc/arm-none-eabi/4.8.4/armv7e-m\libgcc.a(_arm_fixdfsi.o)
                              ./Sources/display.o (__aeabi_d2iz)
c:/freescale/kds_v3/toolchain/bin/../lib/gcc/arm-none-eabi/4.8.4/armv7e-m\libgcc.a(_arm_addsubsf3.o)
                              ./Sources/Events.o (__aeabi_fsub)
c:/freescale/kds_v3/toolchain/bin/../lib/gcc/arm-none-eabi/4.8.4/armv7e-m\libgcc.a(_arm_cmpsf2.o)
                              ./Sources/display.o (__aeabi_fcmpeq)
c:/freescale/kds_v3/toolchain/bin/../lib/gcc/arm-none-eabi/4.8.4/armv7e-m\libgcc.a(_arm_fixsfsi.o)
[...]
Memory Configuration

Name             Origin             Length             Attributes
m_interrupts     0x00000000         0x000001bc         xr
m_text           0x00000410         0x0003fbf0         xr
m_data           0x1fff8000         0x00008000         rw
m_data_20000000  0x20000000         0x00008000         rw
m_cfmprotrom     0x00000400         0x00000010         xr
*default*        0x00000000         0xffffffff

Linker script and memory map

LOAD c:/freescale/kds_v3/toolchain/bin/../lib/gcc/arm-none-eabi/4.8.4/armv7e-m/crti.o
LOAD c:/freescale/kds_v3/toolchain/bin/../lib/gcc/arm-none-eabi/4.8.4/armv7e-m/crtbegin.o
LOAD c:/freescale/kds_v3/toolchain/bin/../lib/gcc/arm-none-eabi/4.8.4/../../../../arm-none-eabi/lib/armv7e-m/crt0.o
LOAD ./Sources/Events.o
LOAD ./Sources/LCD.o
LOAD ./Sources/PCA9670.o
LOAD ./Sources/cue.o
LOAD ./Sources/display.o
LOAD ./Sources/eeprom.o
LOAD ./Sources/encoder_variable.o
LOAD ./Sources/main.o
LOAD ./Sources/menu.o
LOAD ./Sources/parameters.o
LOAD ./Sources/protocol.o
LOAD ./Sources/send.o
LOAD ./Project_Settings/Startup_Code/startup.o
LOAD ./Generated_Code/AS1.o
LOAD ./Generated_Code/ASerialLdd1.o
LOAD ./Generated_Code/BitIoLdd1.o
LOAD ./Generated_Code/BitIoLdd2.o
LOAD ./Generated_Code/BitIoLdd3.o
LOAD ./Generated_Code/BitIoLdd4.o
LOAD ./Generated_Code/BitIoLdd5.o
LOAD ./Generated_Code/BitIoLdd6.o
LOAD ./Generated_Code/BitIoLdd7.o
LOAD ./Generated_Code/CS1.o
LOAD ./Generated_Code/Cpu.o
LOAD ./Generated_Code/ENCODER.o
LOAD ./Generated_Code/ENCODER_PUSH.o
LOAD ./Generated_Code/ExtIntLdd1.o
LOAD ./Generated_Code/ExtIntLdd2.o
LOAD ./Generated_Code/ExtIntLdd3.o
LOAD ./Generated_Code/ExtIntLdd4.o
LOAD ./Generated_Code/ExtIntLdd5.o
LOAD ./Generated_Code/I2C0.o
LOAD ./Generated_Code/IFsh1.o
LOAD ./Generated_Code/IntFlashLdd1.o
LOAD ./Generated_Code/IntI2cLdd1.o
LOAD ./Generated_Code/KSDK1.o
LOAD ./Generated_Code/LCD_CTR.o
LOAD ./Generated_Code/LCD_EN.o
LOAD ./Generated_Code/LED_DEBUG.o
LOAD ./Generated_Code/LED_STATUS_1.o
LOAD ./Generated_Code/LED_STATUS_2.o
LOAD ./Generated_Code/LED_STATUS_3.o
LOAD ./Generated_Code/LED_STATUS_4.o
LOAD ./Generated_Code/LEVER_DIR1.o
LOAD ./Generated_Code/LEVER_DIR2.o
LOAD ./Generated_Code/PCA.o
LOAD ./Generated_Code/PE_LDD.o
LOAD ./Generated_Code/PUSH_BUTTON_REC.o
LOAD ./Generated_Code/PUSH_BUTTON_SEND.o
LOAD ./Generated_Code/TU1.o
LOAD ./Generated_Code/T_100ms.o
LOAD ./Generated_Code/T_500ms.o
LOAD ./Generated_Code/Vectors.o
LOAD ./Generated_Code/WAIT1.o
LOAD ./.metadata/.plugins/org.eclipse.cdt.make.core/specs.o
LOAD c:/freescale/kds_v3/toolchain/bin/../lib/gcc/arm-none-eabi/4.8.4/../../../../arm-none-eabi/lib/armv7e-m\libstdc++_s.a
LOAD c:/freescale/kds_v3/toolchain/bin/../lib/gcc/arm-none-eabi/4.8.4/../../../../arm-none-eabi/lib/armv7e-m\libm.a
START GROUP
LOAD c:/freescale/kds_v3/toolchain/bin/../lib/gcc/arm-none-eabi/4.8.4/armv7e-m\libgcc.a
LOAD c:/freescale/kds_v3/toolchain/bin/../lib/gcc/arm-none-eabi/4.8.4/../../../../arm-none-eabi/lib/armv7e-m\libg_s.a
LOAD c:/freescale/kds_v3/toolchain/bin/../lib/gcc/arm-none-eabi/4.8.4/../../../../arm-none-eabi/lib/armv7e-m\libc_s.a
END GROUP
START GROUP
LOAD c:/freescale/kds_v3/toolchain/bin/../lib/gcc/arm-none-eabi/4.8.4/armv7e-m\libgcc.a
LOAD c:/freescale/kds_v3/toolchain/bin/../lib/gcc/arm-none-eabi/4.8.4/../../../../arm-none-eabi/lib/armv7e-m\libc_s.a
LOAD c:/freescale/kds_v3/toolchain/bin/../lib/gcc/arm-none-eabi/4.8.4/../../../../arm-none-eabi/lib/armv7e-m\libnosys.a
END GROUP
START GROUP
LOAD c:/freescale/kds_v3/toolchain/bin/../lib/gcc/arm-none-eabi/4.8.4/armv7e-m\libgcc.a
LOAD c:/freescale/kds_v3/toolchain/bin/../lib/gcc/arm-none-eabi/4.8.4/../../../../arm-none-eabi/lib/armv7e-m\libc_s.a
LOAD c:/freescale/kds_v3/toolchain/bin/../lib/gcc/arm-none-eabi/4.8.4/../../../../arm-none-eabi/lib/armv7e-m\libnosys.a
END GROUP
LOAD c:/freescale/kds_v3/toolchain/bin/../lib/gcc/arm-none-eabi/4.8.4/armv7e-m/crtend.o
LOAD c:/freescale/kds_v3/toolchain/bin/../lib/gcc/arm-none-eabi/4.8.4/armv7e-m/crtn.o
                0x20000000                _estack = 0x20000000
                0x20000000                __SP_INIT = _estack
                0x20000000                __stack = _estack
                0x00000000                __heap_size = 0x0
                0x00000400                __stack_size = 0x400

.interrupts     0x00000000      0x1bc
                0x00000000                __vector_table = .
                0x00000000                . = ALIGN (0x4)
 *(.vectortable)
 .vectortable   0x00000000      0x1bc ./Generated_Code/Vectors.o
                0x00000000                __vect_table
                0x000001bc                . = ALIGN (0x4)

.cfmprotect     0x00000400       0x10
                0x00000400                . = ALIGN (0x4)
 *(.cfmconfig)
 .cfmconfig     0x00000400       0x10 ./Generated_Code/Cpu.o
                0x00000400                _cfm
                0x00000410                . = ALIGN (0x4)

.text           0x00000410     0xbed4
                0x00000410                . = ALIGN (0x4)
 *(.text)
 .text          0x00000410       0x54 c:/freescale/kds_v3/toolchain/bin/../lib/gcc/arm-none-eabi/4.8.4/armv7e-m/crtbegin.o
 .text          0x00000464       0x74 c:/freescale/kds_v3/toolchain/bin/../lib/gcc/arm-none-eabi/4.8.4/../../../../arm-none-eabi/lib/armv7e-m/crt0.o
                0x00000464                _start
                0x00000464                _mainCRTStartup
 .text          0x000004d8      0x370 c:/freescale/kds_v3/toolchain/bin/../lib/gcc/arm-none-eabi/4.8.4/armv7e-m\libgcc.a(_arm_addsubdf3.o)
                0x000004d8                __aeabi_drsub
                0x000004e0                __aeabi_dsub
                0x000004e0                __subdf3
                0x000004e4                __aeabi_dadd
                0x000004e4                __adddf3
                0x0000075c                __floatunsidf
                0x0000075c                __aeabi_ui2d
                0x0000077c                __floatsidf
                0x0000077c                __aeabi_i2d
                0x000007a0                __aeabi_f2d
                0x000007a0                __extendsfdf2
                0x000007dc                __floatundidf
                0x000007dc                __aeabi_ul2d
                0x000007ec                __floatdidf
                0x000007ec                __aeabi_l2d
 .text          0x00000848      0x424 c:/freescale/kds_v3/toolchain/bin/../lib/gcc/arm-none-eabi/4.8.4/armv7e-m\libgcc.a(_arm_muldivdf3.o)
                0x00000848                __aeabi_dmul
                0x00000848                __muldf3
                0x00000a9c                __divdf3
                0x00000a9c                __aeabi_ddiv
 .text          0x00000c6c      0x110 c:/freescale/kds_v3/toolchain/bin/../lib/gcc/arm-none-eabi/4.8.4/armv7e-m\libgcc.a(_arm_cmpdf2.o)
                0x00000c6c                __gtdf2
                0x00000c6c                __gedf2
                0x00000c74                __ltdf2
                0x00000c74                __ledf2
                0x00000c7c                __nedf2
                0x00000c7c                __eqdf2
                0x00000c7c                __cmpdf2
                0x00000cf8                __aeabi_cdrcmple
                0x00000d08                __aeabi_cdcmpeq
                0x00000d08                __aeabi_cdcmple
                0x00000d18                __aeabi_dcmpeq
                0x00000d2c                __aeabi_dcmplt
                0x00000d40                __aeabi_dcmple
                0x00000d54                __aeabi_dcmpge
                0x00000d68                __aeabi_dcmpgt
 .text          0x00000d7c       0x50 c:/freescale/kds_v3/toolchain/bin/../lib/gcc/arm-none-eabi/4.8.4/armv7e-m\libgcc.a(_arm_fixdfsi.o)
                0x00000d7c                __aeabi_d2iz
                0x00000d7c                __fixdfsi
 .text          0x00000dcc      0x21c c:/freescale/kds_v3/toolchain/bin/../lib/gcc/arm-none-eabi/4.8.4/armv7e-m\libgcc.a(_arm_addsubsf3.o)
                0x00000dcc                __aeabi_frsub
                0x00000dd4                __subsf3
                0x00000dd4                __aeabi_fsub
                0x00000dd8                __aeabi_fadd
                0x00000dd8                __addsf3
                0x00000f38                __aeabi_ui2f
                0x00000f38                __floatunsisf
                0x00000f40                __aeabi_i2f
                0x00000f40                __floatsisf
                0x00000f5c                __aeabi_ul2f
                0x00000f5c                __floatundisf
                0x00000f6c                __aeabi_l2f
                0x00000f6c                __floatdisf
 .text          0x00000fe8       0xec c:/freescale/kds_v3/toolchain/bin/../lib/gcc/arm-none-eabi/4.8.4/armv7e-m\libgcc.a(_arm_cmpsf2.o)
                0x00000fe8                __gesf2
                0x00000fe8                __gtsf2
                0x00000ff0                __lesf2
                0x00000ff0                __ltsf2
                0x00000ff8                __nesf2
                0x00000ff8                __eqsf2
                0x00000ff8                __cmpsf2
                0x00001058                __aeabi_cfrcmple
                0x00001060                __aeabi_cfcmpeq
                0x00001060                __aeabi_cfcmple
                0x00001070                __aeabi_fcmpeq
                0x00001084                __aeabi_fcmplt
                0x00001098                __aeabi_fcmple
                0x000010ac                __aeabi_fcmpge
                0x000010c0                __aeabi_fcmpgt
 .text          0x000010d4       0x4c c:/freescale/kds_v3/toolchain/bin/../lib/gcc/arm-none-eabi/4.8.4/armv7e-m\libgcc.a(_arm_fixsfsi.o)
                0x000010d4                __aeabi_f2iz
                0x000010d4                __fixsfsi
 .text          0x00001120       0x40 c:/freescale/kds_v3/toolchain/bin/../lib/gcc/arm-none-eabi/4.8.4/armv7e-m\libgcc.a(_arm_fixunssfsi.o)
                0x00001120                __fixunssfsi
                0x00001120                __aeabi_f2uiz
 .text          0x00001160      0xa1c c:/freescale/kds_v3/toolchain/bin/../lib/gcc/arm-none-eabi/4.8.4/armv7e-m\libgcc.a(unwind-arm.o)
                0x00001444                _Unwind_GetCFA
                0x00001448                __gnu_Unwind_RaiseException
                0x000014a8                __gnu_Unwind_ForcedUnwind
                0x000014bc                __gnu_Unwind_Resume
                0x00001500                __gnu_Unwind_Resume_or_Rethrow
                0x00001510                _Unwind_Complete
                0x00001514                _Unwind_DeleteException
                0x00001524                _Unwind_VRS_Get
                0x00001574                _Unwind_VRS_Set
                0x000015c4                __gnu_Unwind_Backtrace
                0x00001918                __aeabi_unwind_cpp_pr0
                0x00001920                __aeabi_unwind_cpp_pr1
                0x00001928                __aeabi_unwind_cpp_pr2
                0x00001930                _Unwind_VRS_Pop
 .text          0x00001b7c      0x1ac c:/freescale/kds_v3/toolchain/bin/../lib/gcc/arm-none-eabi/4.8.4/armv7e-m\libgcc.a(libunwind.o)
                0x00001b7c                __restore_core_regs
                0x00001b7c                restore_core_regs
                0x00001b94                __gnu_Unwind_Restore_VFP
                0x00001b9c                __gnu_Unwind_Save_VFP
                0x00001ba4                __gnu_Unwind_Restore_VFP_D
                0x00001bac                __gnu_Unwind_Save_VFP_D
                0x00001bb4                __gnu_Unwind_Restore_VFP_D_16_to_31
                0x00001bbc                __gnu_Unwind_Save_VFP_D_16_to_31
                0x00001bc4                __gnu_Unwind_Restore_WMMXD
                0x00001c08                __gnu_Unwind_Save_WMMXD
                0x00001c4c                __gnu_Unwind_Restore_WMMXC
                0x00001c60                __gnu_Unwind_Save_WMMXC
                0x00001c74                ___Unwind_RaiseException
                0x00001c74                _Unwind_RaiseException
                0x00001c98                _Unwind_Resume
                0x00001c98                ___Unwind_Resume
                0x00001cbc                _Unwind_Resume_or_Rethrow
                0x00001cbc                ___Unwind_Resume_or_Rethrow
                0x00001ce0                _Unwind_ForcedUnwind
                0x00001ce0                ___Unwind_ForcedUnwind
                0x00001d04                ___Unwind_Backtrace
                0x00001d04                _Unwind_Backtrace
 .text          0x00001d28      0x33c c:/freescale/kds_v3/toolchain/bin/../lib/gcc/arm-none-eabi/4.8.4/armv7e-m\libgcc.a(pr-support.o)
                0x00001d7c                __gnu_unwind_execute
                0x00002008                __gnu_unwind_frame
                0x00002034                _Unwind_GetRegionStart
                0x00002040                _Unwind_GetLanguageSpecificData
                0x00002054                _Unwind_GetDataRelBase
                0x0000205c                _Unwind_GetTextRelBase
 .text          0x00002064       0x14 c:/freescale/kds_v3/toolchain/bin/../lib/gcc/arm-none-eabi/4.8.4/../../../../arm-none-eabi/lib/armv7e-m\libg_s.a(lib_a-strcmp.o)
                0x00002064                strcmp
 *(.text*)
 .text.PUSH_BUTTON_REC_OnInterrupt
                0x00002078        0xc ./Sources/Events.o
                0x00002078                PUSH_BUTTON_REC_OnInterrupt
 .text.PUSH_BUTTON_SEND_OnInterrupt
                0x00002084       0x18 ./Sources/Events.o
                0x00002084                PUSH_BUTTON_SEND_OnInterrupt
 .text.I2C0_OnReceiveData
                0x0000209c        0xc ./Sources/Events.o
                0x0000209c                I2C0_OnReceiveData
 .text.I2C0_OnTransmitData
                0x000020a8        0xc ./Sources/Events.o
                0x000020a8                I2C0_OnTransmitData
 .text.T_100ms_OnCounterRestart
                0x000020b4       0x5c ./Sources/Events.o
                0x000020b4                T_100ms_OnCounterRestart
 .text.LEVER_DIR2_OnInterrupt
                0x00002110       0x40 ./Sources/Events.o
                0x00002110                LEVER_DIR2_OnInterrupt
 .text.LEVER_DIR1_OnInterrupt
                0x00002150       0x40 ./Sources/Events.o
                0x00002150                LEVER_DIR1_OnInterrupt
 .text.ENCODER_PUSH_OnInterrupt
                0x00002190       0xe0 ./Sources/Events.o
                0x00002190                ENCODER_PUSH_OnInterrupt
 .text.ENCODER_OnPortEvent
                0x00002270       0xc0 ./Sources/Events.o
                0x00002270                ENCODER_OnPortEvent
 .text.T_500ms_OnCounterRestart
                0x00002330       0x84 ./Sources/Events.o
                0x00002330                T_500ms_OnCounterRestart
 .text.I2C0_OnArbitLost
                0x000023b4        0xc ./Sources/Events.o
                0x000023b4                I2C0_OnArbitLost
 .text.AS1_OnTxComplete
                0x000023c0       0x14 ./Sources/Events.o
                0x000023c0                AS1_OnTxComplete
 .text.AS1_OnError
                0x000023d4        0xc ./Sources/Events.o
                0x000023d4                AS1_OnError
 .text.AS1_OnRxChar
                0x000023e0        0xc ./Sources/Events.o
                0x000023e0                AS1_OnRxChar
 .text.AS1_OnRxCharExt
                0x000023ec       0xc8 ./Sources/Events.o
                0x000023ec                AS1_OnRxCharExt
 .text.AS1_OnTxChar
                0x000024b4       0x14 ./Sources/Events.o
                0x000024b4                AS1_OnTxChar
 .text.AS1_OnFullRxBuf
                0x000024c8       0x14 ./Sources/Events.o
                0x000024c8                AS1_OnFullRxBuf
 .text.AS1_OnFreeTxBuf
                0x000024dc        0xc ./Sources/Events.o
                0x000024dc                AS1_OnFreeTxBuf
 .text.TU1_OnCounterRestart
                0x000024e8       0x1c ./Sources/Events.o
                0x000024e8                TU1_OnCounterRestart
 .text.IFsh1_OnWriteEnd
                0x00002504        0xc ./Sources/Events.o
                0x00002504                IFsh1_OnWriteEnd
 .text.LCD_Init
                0x00002510       0x50 ./Sources/LCD.o
                0x00002510                LCD_Init
 .text.LCD_command
                0x00002560       0x30 ./Sources/LCD.o
                0x00002560                LCD_command
 .text.LCD_Set_Cursor
                0x00002590       0x58 ./Sources/LCD.o
                0x00002590                LCD_Set_Cursor
 .text.LCD_Write
                0x000025e8       0x28 ./Sources/LCD.o
                0x000025e8                LCD_Write
 .text.load_custom_char
                0x00002610       0x50 ./Sources/LCD.o
                0x00002610                load_custom_char
 .text.LCD_Write_At
                0x00002660       0x3c ./Sources/LCD.o
                0x00002660                LCD_Write_At
 .text.LCD_Write_Block
                0x0000269c       0xa0 ./Sources/LCD.o
                0x0000269c                LCD_Write_Block
 .text.PCA9670_Init
                0x0000273c       0x34 ./Sources/PCA9670.o
                0x0000273c                PCA9670_Init
 .text.PCA9670_SendByte
                0x00002770       0x3c ./Sources/PCA9670.o
                0x00002770                PCA9670_SendByte
 .text.vspfunc  0x000027ac       0x30 ./Sources/display.o
                0x000027ac                vspfunc
 .text.print_float_at
                0x000027dc      0x174 ./Sources/display.o
                0x000027dc                print_float_at
 .text.print_int_at
                0x00002950       0xa0 ./Sources/display.o
                0x00002950                print_int_at
 .text.print_all_cue_array
                0x000029f0      0x104 ./Sources/display.o
                0x000029f0                print_all_cue_array
 .text.load_char
                0x00002af4       0xe8 ./Sources/display.o
                0x00002af4                load_char
 .text.menu_init
                0x00002bdc       0x1c ./Sources/display.o
                0x00002bdc                menu_init
 .text.refresh  0x00002bf8       0x24 ./Sources/display.o
                0x00002bf8                refresh
 .text.select   0x00002c1c       0x24 ./Sources/display.o
                0x00002c1c                select
 .text.back     0x00002c40       0x30 ./Sources/display.o
                0x00002c40                back
 .text.controle_mode_display
                0x00002c70       0x4c ./Sources/display.o
                0x00002c70                controle_mode_display
 .text.control_mode_fct
                0x00002cbc       0x5c ./Sources/display.o
                0x00002cbc                control_mode_fct
 .text.update_icon_dir
                0x00002d18       0x74 ./Sources/display.o
                0x00002d18                update_icon_dir
 .text.update_icon_drive_enable
                0x00002d8c       0x38 ./Sources/display.o
                0x00002d8c                update_icon_drive_enable
 .text.refresh_fct
                0x00002dc4       0xb4 ./Sources/display.o
                0x00002dc4                refresh_fct
 .text.velocity_fct
                0x00002e78      0x344 ./Sources/display.o
                0x00002e78                velocity_fct
 .text.acceleration_fct
                0x000031bc      0x114 ./Sources/display.o
                0x000031bc                acceleration_fct
 .text.deceleration_fct
                0x000032d0      0x114 ./Sources/display.o
                0x000032d0                deceleration_fct
 .text.back_fct
                0x000033e4       0x30 ./Sources/display.o
                0x000033e4                back_fct
 .text.pos_position_fct
                0x00003414      0x380 ./Sources/display.o
                0x00003414                pos_position_fct
 .text.pos_velocity_fct
                0x00003794      0x114 ./Sources/display.o
                0x00003794                pos_velocity_fct
 .text.pos_acceleration_fct
                0x000038a8      0x114 ./Sources/display.o
                0x000038a8                pos_acceleration_fct
 .text.pos_deceleration_fct
                0x000039bc      0x114 ./Sources/display.o
                0x000039bc                pos_deceleration_fct
 .text.pos_set_home_fct
                0x00003ad0       0x8c ./Sources/display.o
                0x00003ad0                pos_set_home_fct
 .text.torque_fct
                0x00003b5c      0x33c ./Sources/display.o
                0x00003b5c                torque_fct
 .text.torque_rise_fct
                0x00003e98      0x110 ./Sources/display.o
                0x00003e98                torque_rise_fct
 .text.torque_fall_fct
                0x00003fa8      0x110 ./Sources/display.o
                0x00003fa8                torque_fall_fct
 .text.pos_play_cue_fct
                0x000040b8       0x74 ./Sources/display.o
                0x000040b8                pos_play_cue_fct
 .text.pos_rec_cue_fct
                0x0000412c       0x50 ./Sources/display.o
                0x0000412c                pos_rec_cue_fct
 .text.pos_mod_cue_fct
                0x0000417c        0xc ./Sources/display.o
                0x0000417c                pos_mod_cue_fct
 .text.pos_del_cue_fct
                0x00004188        0xc ./Sources/display.o
                0x00004188                pos_del_cue_fct
 .text.vel_play_cue_fct
                0x00004194       0x7c ./Sources/display.o
                0x00004194                vel_play_cue_fct
 .text.vel_rec_cue_fct
                0x00004210       0xc4 ./Sources/display.o
                0x00004210                vel_rec_cue_fct
 .text.vel_mod_cue_fct
                0x000042d4        0xc ./Sources/display.o
                0x000042d4                vel_mod_cue_fct
 .text.vel_del_cue_fct
                0x000042e0        0xc ./Sources/display.o
                0x000042e0                vel_del_cue_fct
 .text.short_cut_position_menu
                0x000042ec       0x68 ./Sources/display.o
                0x000042ec                short_cut_position_menu
 .text._Z41__static_initialization_and_destruction_0ii
                0x00004354      0x7b8 ./Sources/display.o
 .text._GLOBAL__sub_I_buffer
                0x00004b0c       0x10 ./Sources/display.o
 .text.get_slot_saved
                0x00004b1c       0xec ./Sources/eeprom.o
                0x00004b1c                get_slot_saved
 .text.main     0x00004c08      0x4e8 ./Sources/main.o
                0x00004c08                main
 .text.init_menu
                0x000050f0       0x44 ./Sources/menu.o
                0x000050f0                init_menu
 .text.init_sub_menu
                0x00005134       0x68 ./Sources/menu.o
                0x00005134                init_sub_menu
 .text.init_sub_menu2
                0x0000519c       0x48 ./Sources/menu.o
                0x0000519c                init_sub_menu2
 .text.init_menu_list
                0x000051e4       0x30 ./Sources/menu.o
                0x000051e4                init_menu_list
 .text.init_sub_menu_list
                0x00005214       0x30 ./Sources/menu.o
                0x00005214                init_sub_menu_list
 .text.init_sub_menu2_list
                0x00005244       0x30 ./Sources/menu.o
                0x00005244                init_sub_menu2_list
 .text.print_menu
                0x00005274      0x140 ./Sources/menu.o
                0x00005274                print_menu
 .text.print_sub_menu
                0x000053b4      0x178 ./Sources/menu.o
                0x000053b4                print_sub_menu
 .text.print_sub_menu2
                0x0000552c      0x178 ./Sources/menu.o
                0x0000552c                print_sub_menu2
 .text.menu_select
                0x000056a4      0x2b4 ./Sources/menu.o
                0x000056a4                menu_select
 .text.menu_back
                0x00005958      0x37c ./Sources/menu.o
                0x00005958                menu_back
 .text.refresh_menu
                0x00005cd4      0x174 ./Sources/menu.o
                0x00005cd4                refresh_menu
 .text.void_function
                0x00005e48        0xc ./Sources/menu.o
                0x00005e48                void_function
 .text.parameters_init
                0x00005e54       0xc8 ./Sources/parameters.o
                0x00005e54                parameters_init
 .text.convert  0x00005f1c       0x3c ./Sources/parameters.o
                0x00005f1c                convert
 .text.serial_send_block
                0x00005f58       0xdc ./Sources/protocol.o
                0x00005f58                serial_send_block
 .text.serial_send_float
                0x00006034       0x30 ./Sources/protocol.o
                0x00006034                serial_send_float
 .text.serial_send_int
                0x00006064       0x30 ./Sources/protocol.o
                0x00006064                serial_send_int
 .text.serial_send_string
                0x00006094       0x58 ./Sources/protocol.o
                0x00006094                serial_send_string
 .text.serial_send_char
                0x000060ec       0x30 ./Sources/protocol.o
                0x000060ec                serial_send_char
 .text.serial_send_end
                0x0000611c       0x14 ./Sources/protocol.o
                0x0000611c                serial_send_end
 .text.msg_parse
                0x00006130      0x1d4 ./Sources/protocol.o
                0x00006130                msg_parse
 .text.msg_processing
                0x00006304      0x2ac ./Sources/protocol.o
                0x00006304                msg_processing
 .text.Send_Control_Mode
                0x000065b0       0x30 ./Sources/send.o
                0x000065b0                Send_Control_Mode
 .text.send_fct
                0x000065e0      0x35c ./Sources/send.o
                0x000065e0                send_fct
 .text.get_update_drive_en
                0x0000693c       0x24 ./Sources/send.o
                0x0000693c                get_update_drive_en
 .text.get_update_value
                0x00006960      0x180 ./Sources/send.o
                0x00006960                get_update_value
 .text.send_stop
                0x00006ae0       0x34 ./Sources/send.o
                0x00006ae0                send_stop
 .text.velocity_processing
                0x00006b14       0x50 ./Sources/send.o
                0x00006b14                velocity_processing
 .text.velocity_ref_processing
                0x00006b64       0x44 ./Sources/send.o
                0x00006b64                velocity_ref_processing
 .text.acceleration_processing
                0x00006ba8       0x50 ./Sources/send.o
                0x00006ba8                acceleration_processing
 .text.deceleration_processing
                0x00006bf8       0x50 ./Sources/send.o
                0x00006bf8                deceleration_processing
 .text.torque_processing
                0x00006c48       0x44 ./Sources/send.o
                0x00006c48                torque_processing
 .text.torque_rise_processing
                0x00006c8c       0x44 ./Sources/send.o
                0x00006c8c                torque_rise_processing
 .text.torque_fall_processing
                0x00006cd0       0x44 ./Sources/send.o
                0x00006cd0                torque_fall_processing
 .text.control_mode_processing
                0x00006d14       0x78 ./Sources/send.o
                0x00006d14                control_mode_processing
 .text.drive_enable_processing
                0x00006d8c       0x24 ./Sources/send.o
                0x00006d8c                drive_enable_processing
 .text.__copy_rom_section
                0x00006db0       0xe4 ./Project_Settings/Startup_Code/startup.o
                0x00006db0                __copy_rom_section
 .text.__copy_rom_sections_to_ram
                0x00006e94       0x9c ./Project_Settings/Startup_Code/startup.o
                0x00006e94                __copy_rom_sections_to_ram
 .text.__init_registers
                0x00006f30        0xc ./Project_Settings/Startup_Code/startup.o
                0x00006f30                __init_registers
 .text.__init_user
                0x00006f3c        0xc ./Project_Settings/Startup_Code/startup.o
                0x00006f3c                __init_user
 .text.__thumb_startup
                0x00006f48       0x34 ./Project_Settings/Startup_Code/startup.o
                0x00006f48                __thumb_startup
 .text.HWEnDi   0x00006f7c       0x1c ./Generated_Code/AS1.o
 .text.AS1_SendChar
                0x00006f98       0xe0 ./Generated_Code/AS1.o
                0x00006f98                AS1_SendChar
 .text.AS1_SendBlock
                0x00007078      0x148 ./Generated_Code/AS1.o
                0x00007078                AS1_SendBlock
 .text.AS1_ClearRxBuf
                0x000071c0       0x78 ./Generated_Code/AS1.o
                0x000071c0                AS1_ClearRxBuf
 .text.AS1_Init
                0x00007238       0x60 ./Generated_Code/AS1.o
                0x00007238                AS1_Init
 .text.ASerialLdd1_OnBlockReceived
                0x00007298       0xd4 ./Generated_Code/AS1.o
                0x00007298                ASerialLdd1_OnBlockReceived
 .text.ASerialLdd1_OnBlockSent
                0x0000736c       0xd8 ./Generated_Code/AS1.o
                0x0000736c                ASerialLdd1_OnBlockSent
 .text.ASerialLdd1_OnError
                0x00007444       0x9c ./Generated_Code/AS1.o
                0x00007444                ASerialLdd1_OnError
 .text.ASerialLdd1_OnTxComplete
                0x000074e0       0x14 ./Generated_Code/AS1.o
                0x000074e0                ASerialLdd1_OnTxComplete
 .text.ASerialLdd1_OnBreak
                0x000074f4       0x24 ./Generated_Code/AS1.o
                0x000074f4                ASerialLdd1_OnBreak
 .text.ASerialLdd1_Init
                0x00007518      0x1c0 ./Generated_Code/ASerialLdd1.o
                0x00007518                ASerialLdd1_Init
 .text.ASerialLdd1_ReceiveBlock
                0x000076d8       0x90 ./Generated_Code/ASerialLdd1.o
                0x000076d8                ASerialLdd1_ReceiveBlock
 .text.ASerialLdd1_SendBlock
                0x00007768       0xbc ./Generated_Code/ASerialLdd1.o
                0x00007768                ASerialLdd1_SendBlock
 .text.InterruptRx
                0x00007824       0x58 ./Generated_Code/ASerialLdd1.o
 .text.InterruptTx
                0x0000787c       0x9c ./Generated_Code/ASerialLdd1.o
 .text.ASerialLdd1_Interrupt
                0x00007918      0x130 ./Generated_Code/ASerialLdd1.o
                0x00007918                ASerialLdd1_Interrupt
 .text.ASerialLdd1_GetError
                0x00007a48       0x70 ./Generated_Code/ASerialLdd1.o
                0x00007a48                ASerialLdd1_GetError
 .text.BitIoLdd1_Init
                0x00007ab8       0x64 ./Generated_Code/BitIoLdd1.o
                0x00007ab8                BitIoLdd1_Init
 .text.BitIoLdd2_Init
                0x00007b1c       0x64 ./Generated_Code/BitIoLdd2.o
                0x00007b1c                BitIoLdd2_Init
 .text.BitIoLdd2_ClrVal
                0x00007b80       0x1c ./Generated_Code/BitIoLdd2.o
                0x00007b80                BitIoLdd2_ClrVal
 .text.BitIoLdd2_SetVal
                0x00007b9c       0x1c ./Generated_Code/BitIoLdd2.o
                0x00007b9c                BitIoLdd2_SetVal
 .text.BitIoLdd2_NegVal
                0x00007bb8       0x1c ./Generated_Code/BitIoLdd2.o
                0x00007bb8                BitIoLdd2_NegVal
 .text.BitIoLdd3_Init
                0x00007bd4       0x64 ./Generated_Code/BitIoLdd3.o
                0x00007bd4                BitIoLdd3_Init
 .text.BitIoLdd3_ClrVal
                0x00007c38       0x1c ./Generated_Code/BitIoLdd3.o
                0x00007c38                BitIoLdd3_ClrVal
 .text.BitIoLdd3_SetVal
                0x00007c54       0x1c ./Generated_Code/BitIoLdd3.o
                0x00007c54                BitIoLdd3_SetVal
 .text.BitIoLdd4_Init
                0x00007c70       0x64 ./Generated_Code/BitIoLdd4.o
                0x00007c70                BitIoLdd4_Init
 .text.BitIoLdd4_ClrVal
                0x00007cd4       0x1c ./Generated_Code/BitIoLdd4.o
                0x00007cd4                BitIoLdd4_ClrVal
 .text.BitIoLdd4_SetVal
                0x00007cf0       0x1c ./Generated_Code/BitIoLdd4.o
                0x00007cf0                BitIoLdd4_SetVal
 .text.BitIoLdd5_Init
                0x00007d0c       0x64 ./Generated_Code/BitIoLdd5.o
                0x00007d0c                BitIoLdd5_Init
 .text.BitIoLdd5_ClrVal
                0x00007d70       0x1c ./Generated_Code/BitIoLdd5.o
                0x00007d70                BitIoLdd5_ClrVal
 .text.BitIoLdd5_SetVal
                0x00007d8c       0x1c ./Generated_Code/BitIoLdd5.o
                0x00007d8c                BitIoLdd5_SetVal
 .text.BitIoLdd6_Init
                0x00007da8       0x64 ./Generated_Code/BitIoLdd6.o
                0x00007da8                BitIoLdd6_Init
 .text.BitIoLdd6_ClrVal
                0x00007e0c       0x20 ./Generated_Code/BitIoLdd6.o
                0x00007e0c                BitIoLdd6_ClrVal
 .text.BitIoLdd6_SetVal
                0x00007e2c       0x20 ./Generated_Code/BitIoLdd6.o
                0x00007e2c                BitIoLdd6_SetVal
 .text.BitIoLdd7_Init
                0x00007e4c       0x64 ./Generated_Code/BitIoLdd7.o
                0x00007e4c                BitIoLdd7_Init
 .text.BitIoLdd7_ClrVal
                0x00007eb0       0x1c ./Generated_Code/BitIoLdd7.o
                0x00007eb0                BitIoLdd7_ClrVal
 .text.BitIoLdd7_SetVal
                0x00007ecc       0x1c ./Generated_Code/BitIoLdd7.o
                0x00007ecc                BitIoLdd7_SetVal
 .text.Cpu_ivINT_PORTC
                0x00007ee8       0x30 ./Generated_Code/Cpu.o
                0x00007ee8                Cpu_ivINT_PORTC
 .text.Cpu_Interrupt
                0x00007f18       0x18 ./Generated_Code/Cpu.o
                0x00007f18                Cpu_Interrupt
 .text.__init_hardware
                0x00007f30      0x140 ./Generated_Code/Cpu.o
                0x00007f30                __init_hardware
 .text.Cpu_SetBASEPRI
                0x00008070       0x18 ./Generated_Code/Cpu.o
                0x00008070                Cpu_SetBASEPRI
 .text.PE_low_level_init
                0x00008088      0x10c ./Generated_Code/Cpu.o
                0x00008088                PE_low_level_init
 .text.ENCODER_Init
                0x00008194       0xac ./Generated_Code/ENCODER.o
                0x00008194                ENCODER_Init
 .text.ENCODER_GetFieldValue
                0x00008240       0x40 ./Generated_Code/ENCODER.o
                0x00008240                ENCODER_GetFieldValue
 .text.ENCODER_Interrupt
                0x00008280       0x4c ./Generated_Code/ENCODER.o
                0x00008280                ENCODER_Interrupt
 .text.ExtIntLdd1_OnInterrupt
                0x000082cc       0x14 ./Generated_Code/ENCODER_PUSH.o
                0x000082cc                ExtIntLdd1_OnInterrupt
 .text.ExtIntLdd1_Init
                0x000082e0       0x80 ./Generated_Code/ExtIntLdd1.o
                0x000082e0                ExtIntLdd1_Init
 .text.ExtIntLdd1_Interrupt
                0x00008360       0x3c ./Generated_Code/ExtIntLdd1.o
                0x00008360                ExtIntLdd1_Interrupt
 .text.ExtIntLdd1_GetVal
                0x0000839c       0x2c ./Generated_Code/ExtIntLdd1.o
                0x0000839c                ExtIntLdd1_GetVal
 .text.ExtIntLdd2_Init
                0x000083c8       0x80 ./Generated_Code/ExtIntLdd2.o
                0x000083c8                ExtIntLdd2_Init
 .text.ExtIntLdd2_Interrupt
                0x00008448       0x3c ./Generated_Code/ExtIntLdd2.o
                0x00008448                ExtIntLdd2_Interrupt
 .text.ExtIntLdd2_GetVal
                0x00008484       0x2c ./Generated_Code/ExtIntLdd2.o
                0x00008484                ExtIntLdd2_GetVal
 .text.ExtIntLdd3_Init
                0x000084b0       0x80 ./Generated_Code/ExtIntLdd3.o
                0x000084b0                ExtIntLdd3_Init
 .text.ExtIntLdd3_Interrupt
                0x00008530       0x3c ./Generated_Code/ExtIntLdd3.o
                0x00008530                ExtIntLdd3_Interrupt
 .text.ExtIntLdd3_GetVal
                0x0000856c       0x2c ./Generated_Code/ExtIntLdd3.o
                0x0000856c                ExtIntLdd3_GetVal
 .text.ExtIntLdd4_Init
                0x00008598       0x7c ./Generated_Code/ExtIntLdd4.o
                0x00008598                ExtIntLdd4_Init
 .text.ExtIntLdd4_Interrupt
                0x00008614       0x3c ./Generated_Code/ExtIntLdd4.o
                0x00008614                ExtIntLdd4_Interrupt
 .text.ExtIntLdd5_Init
                0x00008650       0x7c ./Generated_Code/ExtIntLdd5.o
                0x00008650                ExtIntLdd5_Init
 .text.ExtIntLdd5_Interrupt
                0x000086cc       0x3c ./Generated_Code/ExtIntLdd5.o
                0x000086cc                ExtIntLdd5_Interrupt
 .text.I2C0_SendChar
                0x00008708       0x2c ./Generated_Code/I2C0.o
                0x00008708                I2C0_SendChar
 .text.I2C0_SendBlock
                0x00008734       0xc0 ./Generated_Code/I2C0.o
                0x00008734                I2C0_SendBlock
 .text.I2C0_SelectSlave
                0x000087f4       0x34 ./Generated_Code/I2C0.o
                0x000087f4                I2C0_SelectSlave
 .text.I2C0_Init
                0x00008828       0x20 ./Generated_Code/I2C0.o
                0x00008828                I2C0_Init
 .text.IntI2cLdd1_OnMasterBlockSent
                0x00008848       0x14 ./Generated_Code/I2C0.o
                0x00008848                IntI2cLdd1_OnMasterBlockSent
 .text.IntI2cLdd1_OnMasterBlockReceived
                0x0000885c       0x14 ./Generated_Code/I2C0.o
                0x0000885c                IntI2cLdd1_OnMasterBlockReceived
 .text.IntI2cLdd1_OnError
                0x00008870       0x30 ./Generated_Code/I2C0.o
                0x00008870                IntI2cLdd1_OnError
 .text.IFsh1_GetFlash
                0x000088a0       0x84 ./Generated_Code/IFsh1.o
                0x000088a0                IFsh1_GetFlash
 .text.IFsh1_Init
                0x00008924       0x2c ./Generated_Code/IFsh1.o
                0x00008924                IFsh1_Init
 .text.IFsh1_GetByteFlash
                0x00008950       0x20 ./Generated_Code/IFsh1.o
                0x00008950                IFsh1_GetByteFlash
 .text.IntFlashLdd1_OnOperationComplete
                0x00008970       0x4c ./Generated_Code/IFsh1.o
                0x00008970                IntFlashLdd1_OnOperationComplete
 .text.IntFlashLdd1_OnError
                0x000089bc       0x54 ./Generated_Code/IFsh1.o
                0x000089bc                IntFlashLdd1_OnError
 .text.IntFlashLdd1_Init
                0x00008a10       0xa4 ./Generated_Code/IntFlashLdd1.o
                0x00008a10                IntFlashLdd1_Init
 .text.IntFlashLdd1_Read
                0x00008ab4       0x70 ./Generated_Code/IntFlashLdd1.o
                0x00008ab4                IntFlashLdd1_Read
 .text.IntFlashLdd1_Main
                0x00008b24      0x10c ./Generated_Code/IntFlashLdd1.o
                0x00008b24                IntFlashLdd1_Main
 .text.IntFlashLdd1_CommandCompleteInterrupt
                0x00008c30      0x234 ./Generated_Code/IntFlashLdd1.o
                0x00008c30                IntFlashLdd1_CommandCompleteInterrupt
 .text.IntFlashLdd1_GetError
                0x00008e64       0x90 ./Generated_Code/IntFlashLdd1.o
                0x00008e64                IntFlashLdd1_GetError
 .text.RangeCheck
                0x00008ef4       0x38 ./Generated_Code/IntFlashLdd1.o
 .text.SafeRoutineCaller
                0x00008f2c       0x94 ./Generated_Code/IntFlashLdd1.o
 .text.IntI2cLdd1_Interrupt
                0x00008fc0      0x2d4 ./Generated_Code/IntI2cLdd1.o
                0x00008fc0                IntI2cLdd1_Interrupt
 .text.IntI2cLdd1_Init
                0x00009294      0x13c ./Generated_Code/IntI2cLdd1.o
                0x00009294                IntI2cLdd1_Init
 .text.IntI2cLdd1_MasterSendBlock
                0x000093d0      0x190 ./Generated_Code/IntI2cLdd1.o
                0x000093d0                IntI2cLdd1_MasterSendBlock
 .text.IntI2cLdd1_SelectSlaveDevice
                0x00009560       0xf0 ./Generated_Code/IntI2cLdd1.o
                0x00009560                IntI2cLdd1_SelectSlaveDevice
 .text.IntI2cLdd1_GetError
                0x00009650       0x70 ./Generated_Code/IntI2cLdd1.o
                0x00009650                IntI2cLdd1_GetError
 .text.ExtIntLdd2_OnInterrupt
                0x000096c0       0x14 ./Generated_Code/LEVER_DIR1.o
                0x000096c0                ExtIntLdd2_OnInterrupt
 .text.ExtIntLdd3_OnInterrupt
                0x000096d4       0x14 ./Generated_Code/LEVER_DIR2.o
                0x000096d4                ExtIntLdd3_OnInterrupt
 .text.ExtIntLdd5_OnInterrupt
                0x000096e8       0x14 ./Generated_Code/PUSH_BUTTON_REC.o
                0x000096e8                ExtIntLdd5_OnInterrupt
 .text.ExtIntLdd4_OnInterrupt
                0x000096fc       0x14 ./Generated_Code/PUSH_BUTTON_SEND.o
                0x000096fc                ExtIntLdd4_OnInterrupt
 .text.TU1_Init
                0x00009710       0xb0 ./Generated_Code/TU1.o
                0x00009710                TU1_Init
 .text.TU1_Enable
                0x000097c0       0x30 ./Generated_Code/TU1.o
                0x000097c0                TU1_Enable
 .text.TU1_Disable
                0x000097f0       0x28 ./Generated_Code/TU1.o
                0x000097f0                TU1_Disable
 .text.TU1_Interrupt
                0x00009818       0x6c ./Generated_Code/TU1.o
                0x00009818                TU1_Interrupt
 .text.T_100ms_Init
                0x00009884       0xb0 ./Generated_Code/T_100ms.o
                0x00009884                T_100ms_Init
 .text.T_100ms_Enable
                0x00009934       0x30 ./Generated_Code/T_100ms.o
                0x00009934                T_100ms_Enable
 .text.T_100ms_Disable
                0x00009964       0x28 ./Generated_Code/T_100ms.o
                0x00009964                T_100ms_Disable
 .text.T_100ms_Interrupt
                0x0000998c       0x6c ./Generated_Code/T_100ms.o
                0x0000998c                T_100ms_Interrupt
 .text.T_500ms_Init
                0x000099f8       0xcc ./Generated_Code/T_500ms.o
                0x000099f8                T_500ms_Init
 .text.T_500ms_Interrupt
                0x00009ac4       0x6c ./Generated_Code/T_500ms.o
                0x00009ac4                T_500ms_Interrupt
 .text.WAIT1_Wait10Cycles
                0x00009b30        0x8 ./Generated_Code/WAIT1.o
                0x00009b30                WAIT1_Wait10Cycles
 .text.WAIT1_Wait100Cycles
                0x00009b38       0x1c ./Generated_Code/WAIT1.o
                0x00009b38                WAIT1_Wait100Cycles
 .text.WAIT1_WaitCycles
                0x00009b54       0x34 ./Generated_Code/WAIT1.o
                0x00009b54                WAIT1_WaitCycles
 .text.WAIT1_WaitLongCycles
                0x00009b88       0x38 ./Generated_Code/WAIT1.o
                0x00009b88                WAIT1_WaitLongCycles
 .text.WAIT1_Waitms
                0x00009bc0       0x2c ./Generated_Code/WAIT1.o
                0x00009bc0                WAIT1_Waitms
 .text.round    0x00009bec       0x9c c:/freescale/kds_v3/toolchain/bin/../lib/gcc/arm-none-eabi/4.8.4/../../../../arm-none-eabi/lib/armv7e-m\libm.a(lib_a-s_round.o)
                0x00009bec                round
 .text.pow      0x00009c88      0x2f8 c:/freescale/kds_v3/toolchain/bin/../lib/gcc/arm-none-eabi/4.8.4/../../../../arm-none-eabi/lib/armv7e-m\libm.a(lib_a-w_pow.o)
                0x00009c88                pow
 .text.__ieee754_pow
                0x00009f80      0xa78 c:/freescale/kds_v3/toolchain/bin/../lib/gcc/arm-none-eabi/4.8.4/../../../../arm-none-eabi/lib/armv7e-m\libm.a(lib_a-e_pow.o)
                0x00009f80                __ieee754_pow
 .text.__ieee754_sqrt
                0x0000a9f8      0x180 c:/freescale/kds_v3/toolchain/bin/../lib/gcc/arm-none-eabi/4.8.4/../../../../arm-none-eabi/lib/armv7e-m\libm.a(lib_a-e_sqrt.o)
                0x0000a9f8                __ieee754_sqrt
 .text.fabs     0x0000ab78        0x8 c:/freescale/kds_v3/toolchain/bin/../lib/gcc/arm-none-eabi/4.8.4/../../../../arm-none-eabi/lib/armv7e-m\libm.a(lib_a-s_fabs.o)
                0x0000ab78                fabs
 .text.finite   0x0000ab80        0xc c:/freescale/kds_v3/toolchain/bin/../lib/gcc/arm-none-eabi/4.8.4/../../../../arm-none-eabi/lib/armv7e-m\libm.a(lib_a-s_finite.o)
                0x0000ab80                finite
 .text.__fpclassifyd
                0x0000ab8c       0x50 c:/freescale/kds_v3/toolchain/bin/../lib/gcc/arm-none-eabi/4.8.4/../../../../arm-none-eabi/lib/armv7e-m\libm.a(lib_a-s_fpclassify.o)
                0x0000ab8c                __fpclassifyd
 .text.matherr  0x0000abdc        0x4 c:/freescale/kds_v3/toolchain/bin/../lib/gcc/arm-none-eabi/4.8.4/../../../../arm-none-eabi/lib/armv7e-m\libm.a(lib_a-s_matherr.o)
                0x0000abdc                matherr
 .text.nan      0x0000abe0        0xc c:/freescale/kds_v3/toolchain/bin/../lib/gcc/arm-none-eabi/4.8.4/../../../../arm-none-eabi/lib/armv7e-m\libm.a(lib_a-s_nan.o)
                0x0000abe0                nan
 .text.rint     0x0000abec      0x118 c:/freescale/kds_v3/toolchain/bin/../lib/gcc/arm-none-eabi/4.8.4/../../../../arm-none-eabi/lib/armv7e-m\libm.a(lib_a-s_rint.o)
                0x0000abec                rint
 *fill*         0x0000ad04        0x4 
 .text.scalbn   0x0000ad08      0x118 c:/freescale/kds_v3/toolchain/bin/../lib/gcc/arm-none-eabi/4.8.4/../../../../arm-none-eabi/lib/armv7e-m\libm.a(lib_a-s_scalbn.o)
                0x0000ad08                scalbn
 .text.copysign
                0x0000ae20       0x14 c:/freescale/kds_v3/toolchain/bin/../lib/gcc/arm-none-eabi/4.8.4/../../../../arm-none-eabi/lib/armv7e-m\libm.a(lib_a-s_copysign.o)
                0x0000ae20                copysign
 .text.abort    0x0000ae34        0xe c:/freescale/kds_v3/toolchain/bin/../lib/gcc/arm-none-eabi/4.8.4/../../../../arm-none-eabi/lib/armv7e-m\libg_s.a(lib_a-abort.o)
                0x0000ae34                abort
 *fill*         0x0000ae42        0x2 
 .text.__errno  0x0000ae44        0xc c:/freescale/kds_v3/toolchain/bin/../lib/gcc/arm-none-eabi/4.8.4/../../../../arm-none-eabi/lib/armv7e-m\libg_s.a(lib_a-errno.o)
                0x0000ae44                __errno
 .text.exit     0x0000ae50       0x28 c:/freescale/kds_v3/toolchain/bin/../lib/gcc/arm-none-eabi/4.8.4/../../../../arm-none-eabi/lib/armv7e-m\libg_s.a(lib_a-exit.o)
                0x0000ae50                exit
 .text.__libc_init_array
                0x0000ae78       0x4c c:/freescale/kds_v3/toolchain/bin/../lib/gcc/arm-none-eabi/4.8.4/../../../../arm-none-eabi/lib/armv7e-m\libg_s.a(lib_a-init.o)
                0x0000ae78                __libc_init_array
 .text.memcpy   0x0000aec4       0x12 c:/freescale/kds_v3/toolchain/bin/../lib/gcc/arm-none-eabi/4.8.4/../../../../arm-none-eabi/lib/armv7e-m\libg_s.a(lib_a-memcpy-stub.o)
                0x0000aec4                memcpy
 .text.memset   0x0000aed6       0x10 c:/freescale/kds_v3/toolchain/bin/../lib/gcc/arm-none-eabi/4.8.4/../../../../arm-none-eabi/lib/armv7e-m\libg_s.a(lib_a-memset.o)
                0x0000aed6                memset
 .text._raise_r
                0x0000aee6       0x50 c:/freescale/kds_v3/toolchain/bin/../lib/gcc/arm-none-eabi/4.8.4/../../../../arm-none-eabi/lib/armv7e-m\libg_s.a(lib_a-signal.o)
                0x0000aee6                _raise_r
 *fill*         0x0000af36        0x2 
 .text.raise    0x0000af38       0x10 c:/freescale/kds_v3/toolchain/bin/../lib/gcc/arm-none-eabi/4.8.4/../../../../arm-none-eabi/lib/armv7e-m\libg_s.a(lib_a-signal.o)
                0x0000af38                raise
 .text._kill_r  0x0000af48       0x24 c:/freescale/kds_v3/toolchain/bin/../lib/gcc/arm-none-eabi/4.8.4/../../../../arm-none-eabi/lib/armv7e-m\libg_s.a(lib_a-signalr.o)
                0x0000af48                _kill_r
 .text._getpid_r
                0x0000af6c        0x4 c:/freescale/kds_v3/toolchain/bin/../lib/gcc/arm-none-eabi/4.8.4/../../../../arm-none-eabi/lib/armv7e-m\libg_s.a(lib_a-signalr.o)
                0x0000af6c                _getpid_r
 .text.strlen   0x0000af70       0x10 c:/freescale/kds_v3/toolchain/bin/../lib/gcc/arm-none-eabi/4.8.4/../../../../arm-none-eabi/lib/armv7e-m\libg_s.a(lib_a-strlen.o)
                0x0000af70                strlen
 .text._vsprintf_r
                0x0000af80       0x30 c:/freescale/kds_v3/toolchain/bin/../lib/gcc/arm-none-eabi/4.8.4/../../../../arm-none-eabi/lib/armv7e-m\libg_s.a(lib_a-vsprintf.o)
                0x0000af80                _vsprintf_r
                0x0000af80                _vsiprintf_r
 .text.vsprintf
                0x0000afb0       0x1c c:/freescale/kds_v3/toolchain/bin/../lib/gcc/arm-none-eabi/4.8.4/../../../../arm-none-eabi/lib/armv7e-m\libg_s.a(lib_a-vsprintf.o)
                0x0000afb0                vsiprintf
                0x0000afb0                vsprintf
 .text._malloc_r
                0x0000afcc       0xa8 c:/freescale/kds_v3/toolchain/bin/../lib/gcc/arm-none-eabi/4.8.4/../../../../arm-none-eabi/lib/armv7e-m\libg_s.a(lib_a-nano-mallocr.o)
                0x0000afcc                _malloc_r
 .text._sbrk_r  0x0000b074       0x20 c:/freescale/kds_v3/toolchain/bin/../lib/gcc/arm-none-eabi/4.8.4/../../../../arm-none-eabi/lib/armv7e-m\libg_s.a(lib_a-sbrkr.o)
                0x0000b074                _sbrk_r
 .text.__ssputs_r
                0x0000b094       0xb8 c:/freescale/kds_v3/toolchain/bin/../lib/gcc/arm-none-eabi/4.8.4/../../../../arm-none-eabi/lib/armv7e-m\libg_s.a(lib_a-svfprintf.o)
                0x0000b094                __ssputs_r
 .text._svfprintf_r
                0x0000b14c      0x1dc c:/freescale/kds_v3/toolchain/bin/../lib/gcc/arm-none-eabi/4.8.4/../../../../arm-none-eabi/lib/armv7e-m\libg_s.a(lib_a-svfprintf.o)
                0x0000b14c                _svfiprintf_r
                0x0000b14c                _svfprintf_r
 .text._printf_common
                0x0000b328       0xe4 c:/freescale/kds_v3/toolchain/bin/../lib/gcc/arm-none-eabi/4.8.4/../../../../arm-none-eabi/lib/armv7e-m\libg_s.a(lib_a-vfprintf_i.o)
                0x0000b328                _printf_common
 .text._printf_i
                0x0000b40c      0x228 c:/freescale/kds_v3/toolchain/bin/../lib/gcc/arm-none-eabi/4.8.4/../../../../arm-none-eabi/lib/armv7e-m\libg_s.a(lib_a-vfprintf_i.o)
                0x0000b40c                _printf_i
 .text.memchr   0x0000b634       0x1e c:/freescale/kds_v3/toolchain/bin/../lib/gcc/arm-none-eabi/4.8.4/../../../../arm-none-eabi/lib/armv7e-m\libg_s.a(lib_a-memchr-stub.o)
                0x0000b634                memchr
 .text.memmove  0x0000b652       0x36 c:/freescale/kds_v3/toolchain/bin/../lib/gcc/arm-none-eabi/4.8.4/../../../../arm-none-eabi/lib/armv7e-m\libg_s.a(lib_a-memmove.o)
                0x0000b652                memmove
 .text._free_r  0x0000b688       0x88 c:/freescale/kds_v3/toolchain/bin/../lib/gcc/arm-none-eabi/4.8.4/../../../../arm-none-eabi/lib/armv7e-m\libg_s.a(lib_a-nano-freer.o)
                0x0000b688                _free_r
 .text._realloc_r
                0x0000b710       0x4c c:/freescale/kds_v3/toolchain/bin/../lib/gcc/arm-none-eabi/4.8.4/../../../../arm-none-eabi/lib/armv7e-m\libg_s.a(lib_a-nano-reallocr.o)
                0x0000b710                _realloc_r
 .text._malloc_usable_size_r
                0x0000b75c       0x12 c:/freescale/kds_v3/toolchain/bin/../lib/gcc/arm-none-eabi/4.8.4/../../../../arm-none-eabi/lib/armv7e-m\libg_s.a(lib_a-nano-msizer.o)
                0x0000b75c                _malloc_usable_size_r
 *fill*         0x0000b76e        0x2 
 .text._getpid  0x0000b770       0x10 c:/freescale/kds_v3/toolchain/bin/../lib/gcc/arm-none-eabi/4.8.4/../../../../arm-none-eabi/lib/armv7e-m\libnosys.a(getpid.o)
                0x0000b770                _getpid
 .text._kill    0x0000b780       0x10 c:/freescale/kds_v3/toolchain/bin/../lib/gcc/arm-none-eabi/4.8.4/../../../../arm-none-eabi/lib/armv7e-m\libnosys.a(kill.o)
                0x0000b780                _kill
 .text._sbrk    0x0000b790       0x34 c:/freescale/kds_v3/toolchain/bin/../lib/gcc/arm-none-eabi/4.8.4/../../../../arm-none-eabi/lib/armv7e-m\libnosys.a(sbrk.o)
                0x0000b790                _sbrk
 .text._exit    0x0000b7c4        0x4 c:/freescale/kds_v3/toolchain/bin/../lib/gcc/arm-none-eabi/4.8.4/../../../../arm-none-eabi/lib/armv7e-m\libnosys.a(_exit.o)
                0x0000b7c4                _exit
 *(.rodata)
 .rodata        0x0000b7c8      0x538 ./Sources/display.o
 .rodata        0x0000bd00       0x18 ./Sources/menu.o
 .rodata        0x0000bd18      0x27c ./Sources/protocol.o
 .rodata        0x0000bf94      0x27c ./Sources/send.o
 *(.rodata*)
 .rodata.SafeRoutine
                0x0000c210       0x30 ./Generated_Code/IntFlashLdd1.o
 .rodata.str1.4
                0x0000c240        0x4 c:/freescale/kds_v3/toolchain/bin/../lib/gcc/arm-none-eabi/4.8.4/../../../../arm-none-eabi/lib/armv7e-m\libm.a(lib_a-w_pow.o)
 *fill*         0x0000c244        0x4 
 .rodata.dp_h   0x0000c248       0x10 c:/freescale/kds_v3/toolchain/bin/../lib/gcc/arm-none-eabi/4.8.4/../../../../arm-none-eabi/lib/armv7e-m\libm.a(lib_a-e_pow.o)
 .rodata.dp_l   0x0000c258       0x10 c:/freescale/kds_v3/toolchain/bin/../lib/gcc/arm-none-eabi/4.8.4/../../../../arm-none-eabi/lib/armv7e-m\libm.a(lib_a-e_pow.o)
 .rodata.bp     0x0000c268       0x10 c:/freescale/kds_v3/toolchain/bin/../lib/gcc/arm-none-eabi/4.8.4/../../../../arm-none-eabi/lib/armv7e-m\libm.a(lib_a-e_pow.o)
 .rodata.str1.4
                0x0000c278        0x4 c:/freescale/kds_v3/toolchain/bin/../lib/gcc/arm-none-eabi/4.8.4/../../../../arm-none-eabi/lib/armv7e-m\libm.a(lib_a-e_pow.o)
 *fill*         0x0000c27c        0x4 
 .rodata.TWO52  0x0000c280       0x10 c:/freescale/kds_v3/toolchain/bin/../lib/gcc/arm-none-eabi/4.8.4/../../../../arm-none-eabi/lib/armv7e-m\libm.a(lib_a-s_rint.o)
 .rodata.str1.1
                0x0000c290        0x2 c:/freescale/kds_v3/toolchain/bin/../lib/gcc/arm-none-eabi/4.8.4/../../../../arm-none-eabi/lib/armv7e-m\libg_s.a(lib_a-impure.o)
 *fill*         0x0000c292        0x2 
 .rodata._global_impure_ptr
                0x0000c294        0x4 c:/freescale/kds_v3/toolchain/bin/../lib/gcc/arm-none-eabi/4.8.4/../../../../arm-none-eabi/lib/armv7e-m\libg_s.a(lib_a-impure.o)
                0x0000c294                _global_impure_ptr
 .rodata.str1.1
                0x0000c298       0x11 c:/freescale/kds_v3/toolchain/bin/../lib/gcc/arm-none-eabi/4.8.4/../../../../arm-none-eabi/lib/armv7e-m\libg_s.a(lib_a-svfprintf.o)
 .rodata.str1.1
                0x0000c2a9       0x22 c:/freescale/kds_v3/toolchain/bin/../lib/gcc/arm-none-eabi/4.8.4/../../../../arm-none-eabi/lib/armv7e-m\libg_s.a(lib_a-vfprintf_i.o)
 *(.glue_7)
 .glue_7        0x00000000        0x0 linker stubs
 *(.glue_7t)
 .glue_7t       0x00000000        0x0 linker stubs
 *(.eh_frame)
 *fill*         0x0000c2cb        0x1 
 .eh_frame      0x0000c2cc        0x0 c:/freescale/kds_v3/toolchain/bin/../lib/gcc/arm-none-eabi/4.8.4/armv7e-m/crtbegin.o
 *(.init)
 .init          0x0000c2cc        0x4 c:/freescale/kds_v3/toolchain/bin/../lib/gcc/arm-none-eabi/4.8.4/armv7e-m/crti.o
                0x0000c2cc                _init
 .init          0x0000c2d0        0x8 c:/freescale/kds_v3/toolchain/bin/../lib/gcc/arm-none-eabi/4.8.4/armv7e-m/crtn.o
 *(.fini)
 .fini          0x0000c2d8        0x4 c:/freescale/kds_v3/toolchain/bin/../lib/gcc/arm-none-eabi/4.8.4/armv7e-m/crti.o
                0x0000c2d8                _fini
 .fini          0x0000c2dc        0x8 c:/freescale/kds_v3/toolchain/bin/../lib/gcc/arm-none-eabi/4.8.4/armv7e-m/crtn.o
                0x0000c2e4                . = ALIGN (0x4)
                0x0000c2e4                _etext = .

.vfp11_veneer   0x0000c2e4        0x0
 .vfp11_veneer  0x00000000        0x0 linker stubs

.v4_bx          0x0000c2e4        0x0
 .v4_bx         0x00000000        0x0 linker stubs

.iplt           0x0000c2e4        0x0
 .iplt          0x00000000        0x0 c:/freescale/kds_v3/toolchain/bin/../lib/gcc/arm-none-eabi/4.8.4/armv7e-m/crtbegin.o

.ARM.extab      0x0000c2e4      0x1ec
 *(.ARM.extab* .gnu.linkonce.armextab.*)
 .ARM.extab.text.LCD_command
                0x0000c2e4        0xc ./Sources/LCD.o
 .ARM.extab.text.LCD_Set_Cursor
                0x0000c2f0        0xc ./Sources/LCD.o
 .ARM.extab.text.LCD_Write
                0x0000c2fc        0xc ./Sources/LCD.o
 .ARM.extab.text.load_custom_char
                0x0000c308        0xc ./Sources/LCD.o
 .ARM.extab.text.LCD_Write_At
                0x0000c314        0xc ./Sources/LCD.o
 .ARM.extab.text.LCD_Write_Block
                0x0000c320        0xc ./Sources/LCD.o
 .ARM.extab.text.PCA9670_SendByte
                0x0000c32c        0xc ./Sources/PCA9670.o
 .ARM.extab.text.print_float_at
                0x0000c338        0xc ./Sources/display.o
 .ARM.extab.text.print_int_at
                0x0000c344        0xc ./Sources/display.o
 .ARM.extab.text.print_all_cue_array
                0x0000c350        0xc ./Sources/display.o
 .ARM.extab.text.load_char
                0x0000c35c        0xc ./Sources/display.o
 .ARM.extab.text.menu_init
                0x0000c368        0xc ./Sources/display.o
 .ARM.extab.text.refresh
                0x0000c374        0xc ./Sources/display.o
 .ARM.extab.text.select
                0x0000c380        0xc ./Sources/display.o
 .ARM.extab.text.back
                0x0000c38c        0xc ./Sources/display.o
 .ARM.extab.text.controle_mode_display
                0x0000c398        0xc ./Sources/display.o
 .ARM.extab.text.update_icon_dir
                0x0000c3a4        0xc ./Sources/display.o
 .ARM.extab.text.refresh_fct
                0x0000c3b0        0xc ./Sources/display.o
 .ARM.extab.text.velocity_fct
                0x0000c3bc        0xc ./Sources/display.o
 .ARM.extab.text.pos_position_fct
                0x0000c3c8        0xc ./Sources/display.o
 .ARM.extab.text.torque_fct
                0x0000c3d4        0xc ./Sources/display.o
 .ARM.extab.text.get_slot_saved
                0x0000c3e0        0xc ./Sources/eeprom.o
 .ARM.extab.text.print_menu
                0x0000c3ec        0xc ./Sources/menu.o
 .ARM.extab.text.print_sub_menu
                0x0000c3f8        0xc ./Sources/menu.o
 .ARM.extab.text.print_sub_menu2
                0x0000c404        0xc ./Sources/menu.o
 .ARM.extab.text.menu_select
                0x0000c410        0xc ./Sources/menu.o
 .ARM.extab.text.menu_back
                0x0000c41c        0xc ./Sources/menu.o
 .ARM.extab.text.refresh_menu
                0x0000c428        0xc ./Sources/menu.o
 .ARM.extab.text.serial_send_block
                0x0000c434        0xc ./Sources/protocol.o
 .ARM.extab.text.serial_send_float
                0x0000c440        0xc ./Sources/protocol.o
 .ARM.extab.text.serial_send_int
                0x0000c44c        0xc ./Sources/protocol.o
 .ARM.extab.text.serial_send_string
                0x0000c458        0xc ./Sources/protocol.o
 .ARM.extab.text.serial_send_char
                0x0000c464        0xc ./Sources/protocol.o
 .ARM.extab.text.msg_parse
                0x0000c470        0xc ./Sources/protocol.o
 .ARM.extab.text.msg_processing
                0x0000c47c        0xc ./Sources/protocol.o
 .ARM.extab.text.Send_Control_Mode
                0x0000c488        0xc ./Sources/send.o
 .ARM.extab.text.send_fct
                0x0000c494        0xc ./Sources/send.o
 .ARM.extab.text.get_update_value
                0x0000c4a0        0xc ./Sources/send.o
 .ARM.extab     0x0000c4ac        0xc c:/freescale/kds_v3/toolchain/bin/../lib/gcc/arm-none-eabi/4.8.4/armv7e-m\libgcc.a(unwind-arm.o)
 .ARM.extab     0x0000c4b8       0x18 c:/freescale/kds_v3/toolchain/bin/../lib/gcc/arm-none-eabi/4.8.4/armv7e-m\libgcc.a(pr-support.o)

.ARM            0x0000c4d0      0x290
                0x0000c4d0                __exidx_start = .
 *(.ARM.exidx*)
 .ARM.exidx     0x0000c4d0        0x8 c:/freescale/kds_v3/toolchain/bin/../lib/gcc/arm-none-eabi/4.8.4/../../../../arm-none-eabi/lib/armv7e-m/crt0.o
 .ARM.exidx.text.LCD_Init
                0x0000c598        0x8 ./Sources/LCD.o
 .ARM.exidx.text.LCD_command
                0x0000c5a0        0x8 ./Sources/LCD.o
 .ARM.exidx.text.LCD_Set_Cursor
                0x0000c5a8        0x8 ./Sources/LCD.o
 .ARM.exidx.text.LCD_Write
                0x0000c5b0        0x8 ./Sources/LCD.o
 .ARM.exidx.text.load_custom_char
                0x0000c5b8        0x8 ./Sources/LCD.o
 .ARM.exidx.text.LCD_Write_At
                0x0000c5c0        0x8 ./Sources/LCD.o
 .ARM.exidx.text.LCD_Write_Block
                0x0000c5c8        0x8 ./Sources/LCD.o
 .ARM.exidx.text.PCA9670_Init
                0x0000c5d0        0x8 ./Sources/PCA9670.o
 .ARM.exidx.text.PCA9670_SendByte
                0x0000c5d8        0x8 ./Sources/PCA9670.o
 .ARM.exidx.text.vspfunc
                0x0000c5e0        0x8 ./Sources/display.o
 .ARM.exidx.text.print_float_at
                0x0000c5e8        0x8 ./Sources/display.o
 .ARM.exidx.text.print_int_at
                0x0000c5f0        0x8 ./Sources/display.o
 .ARM.exidx.text.print_all_cue_array
                0x0000c5f8        0x8 ./Sources/display.o
 .ARM.exidx.text.load_char
                0x0000c600        0x8 ./Sources/display.o
 .ARM.exidx.text.menu_init
                0x0000c608        0x8 ./Sources/display.o
 .ARM.exidx.text.refresh
                0x0000c610        0x8 ./Sources/display.o
 .ARM.exidx.text.select
                0x0000c618        0x8 ./Sources/display.o
 .ARM.exidx.text.back
                0x0000c620        0x8 ./Sources/display.o
 .ARM.exidx.text.controle_mode_display
                0x0000c628        0x8 ./Sources/display.o
 .ARM.exidx.text.control_mode_fct
                0x0000c630        0x8 ./Sources/display.o
 .ARM.exidx.text.update_icon_dir
                0x0000c638        0x8 ./Sources/display.o
 .ARM.exidx.text.update_icon_drive_enable
                0x0000c640        0x8 ./Sources/display.o
 .ARM.exidx.text.refresh_fct
                0x0000c648        0x8 ./Sources/display.o
 .ARM.exidx.text.velocity_fct
                0x0000c650        0x8 ./Sources/display.o
 .ARM.exidx.text.acceleration_fct
                0x0000c658        0x8 ./Sources/display.o
 .ARM.exidx.text.deceleration_fct
                0x0000c660        0x0 ./Sources/display.o
                                  0x8 (size before relaxing)
 .ARM.exidx.text.back_fct
                0x0000c660        0x0 ./Sources/display.o
                                  0x8 (size before relaxing)
 .ARM.exidx.text.pos_position_fct
                0x0000c660        0x8 ./Sources/display.o
 .ARM.exidx.text.pos_velocity_fct
                0x0000c668        0x8 ./Sources/display.o
 .ARM.exidx.text.pos_acceleration_fct
                0x0000c670        0x0 ./Sources/display.o
                                  0x8 (size before relaxing)
 .ARM.exidx.text.pos_deceleration_fct
                0x0000c670        0x0 ./Sources/display.o
                                  0x8 (size before relaxing)
 .ARM.exidx.text.pos_set_home_fct
                0x0000c670        0x0 ./Sources/display.o
                                  0x8 (size before relaxing)
 .ARM.exidx.text.torque_fct
                0x0000c670        0x8 ./Sources/display.o
 .ARM.exidx.text.torque_rise_fct
                0x0000c678        0x8 ./Sources/display.o
 .ARM.exidx.text.torque_fall_fct
                0x0000c680        0x0 ./Sources/display.o
                                  0x8 (size before relaxing)
 .ARM.exidx.text.pos_play_cue_fct
                0x0000c680        0x0 ./Sources/display.o
                                  0x8 (size before relaxing)
 .ARM.exidx.text.pos_rec_cue_fct
                0x0000c680        0x0 ./Sources/display.o
                                  0x8 (size before relaxing)
 .ARM.exidx.text.pos_mod_cue_fct
                0x0000c680        0x8 ./Sources/display.o
 .ARM.exidx.text.pos_del_cue_fct
                0x0000c688        0x0 ./Sources/display.o
                                  0x8 (size before relaxing)
 .ARM.exidx.text.vel_play_cue_fct
                0x0000c688        0x8 ./Sources/display.o
 .ARM.exidx.text.vel_rec_cue_fct
                0x0000c690        0x0 ./Sources/display.o
                                  0x8 (size before relaxing)
 .ARM.exidx.text.vel_mod_cue_fct
                0x0000c690        0x8 ./Sources/display.o
 .ARM.exidx.text.vel_del_cue_fct
                0x0000c698        0x0 ./Sources/display.o
                                  0x8 (size before relaxing)
 .ARM.exidx.text.short_cut_position_menu
                0x0000c698        0x8 ./Sources/display.o
 .ARM.exidx.text._Z41__static_initialization_and_destruction_0ii
                0x0000c6a0        0x8 ./Sources/display.o
 .ARM.exidx.text._GLOBAL__sub_I_buffer
                0x0000c6a8        0x0 ./Sources/display.o
                                  0x8 (size before relaxing)
 .ARM.exidx.text.get_slot_saved
                0x0000c6a8       0x10 ./Sources/eeprom.o
                                  0x8 (size before relaxing)
 .ARM.exidx.text.init_menu
                0x0000c6b8        0x0 ./Sources/menu.o
                                  0x8 (size before relaxing)
 .ARM.exidx.text.init_sub_menu
                0x0000c6b8        0x0 ./Sources/menu.o
                                  0x8 (size before relaxing)
 .ARM.exidx.text.init_sub_menu2
                0x0000c6b8        0x0 ./Sources/menu.o
                                  0x8 (size before relaxing)
 .ARM.exidx.text.init_menu_list
                0x0000c6b8        0x0 ./Sources/menu.o
                                  0x8 (size before relaxing)
 .ARM.exidx.text.init_sub_menu_list
                0x0000c6b8        0x0 ./Sources/menu.o
                                  0x8 (size before relaxing)
 .ARM.exidx.text.init_sub_menu2_list
                0x0000c6b8        0x0 ./Sources/menu.o
                                  0x8 (size before relaxing)
 .ARM.exidx.text.print_menu
                0x0000c6b8        0x8 ./Sources/menu.o
 .ARM.exidx.text.print_sub_menu
                0x0000c6c0        0x8 ./Sources/menu.o
 .ARM.exidx.text.print_sub_menu2
                0x0000c6c8        0x8 ./Sources/menu.o
 .ARM.exidx.text.menu_select
                0x0000c6d0        0x8 ./Sources/menu.o
 .ARM.exidx.text.menu_back
                0x0000c6d8        0x8 ./Sources/menu.o
 .ARM.exidx.text.refresh_menu
                0x0000c6e0        0x8 ./Sources/menu.o
 .ARM.exidx.text.void_function
                0x0000c6e8        0x8 ./Sources/menu.o
 .ARM.exidx.text.parameters_init
                0x0000c6f0        0x0 ./Sources/parameters.o
                                  0x8 (size before relaxing)
 .ARM.exidx.text.convert
                0x0000c6f0        0x0 ./Sources/parameters.o
                                  0x8 (size before relaxing)
 .ARM.exidx.text.serial_send_block
                0x0000c6f0        0x8 ./Sources/protocol.o
 .ARM.exidx.text.serial_send_float
                0x0000c6f8        0x8 ./Sources/protocol.o
 .ARM.exidx.text.serial_send_int
                0x0000c700        0x8 ./Sources/protocol.o
 .ARM.exidx.text.serial_send_string
                0x0000c708        0x8 ./Sources/protocol.o
 .ARM.exidx.text.serial_send_char
                0x0000c710        0x8 ./Sources/protocol.o
 .ARM.exidx.text.serial_send_end
                0x0000c718        0x8 ./Sources/protocol.o
 .ARM.exidx.text.msg_parse
                0x0000c720        0x8 ./Sources/protocol.o
 .ARM.exidx.text.msg_processing
                0x0000c728        0x8 ./Sources/protocol.o
 .ARM.exidx.text.Send_Control_Mode
                0x0000c730        0x8 ./Sources/send.o
 .ARM.exidx.text.send_fct
                0x0000c738        0x8 ./Sources/send.o
 .ARM.exidx.text.get_update_drive_en
                0x0000c740        0x8 ./Sources/send.o
 .ARM.exidx.text.get_update_value
                0x0000c748        0x8 ./Sources/send.o
 .ARM.exidx.text.send_stop
                0x0000c750        0x8 ./Sources/send.o
 .ARM.exidx.text.velocity_processing
                0x0000c758        0x8 ./Sources/send.o
 .ARM.exidx.text.velocity_ref_processing
                0x0000c760        0x0 ./Sources/send.o
                                  0x8 (size before relaxing)
 .ARM.exidx.text.acceleration_processing
                0x0000c760        0x0 ./Sources/send.o
                                  0x8 (size before relaxing)
 .ARM.exidx.text.deceleration_processing
                0x0000c760        0x0 ./Sources/send.o
                                  0x8 (size before relaxing)
 .ARM.exidx.text.torque_processing
                0x0000c760        0x0 ./Sources/send.o
                                  0x8 (size before relaxing)
 .ARM.exidx.text.torque_rise_processing
                0x0000c760        0x0 ./Sources/send.o
                                  0x8 (size before relaxing)
 .ARM.exidx.text.torque_fall_processing
                0x0000c760        0x0 ./Sources/send.o
                                  0x8 (size before relaxing)
 .ARM.exidx.text.control_mode_processing
                0x0000c760        0x0 ./Sources/send.o
                                  0x8 (size before relaxing)
 .ARM.exidx.text.drive_enable_processing
                0x0000c760        0x0 ./Sources/send.o
                                  0x8 (size before relaxing)
 .ARM.exidx     0x0000c4d8       0x88 c:/freescale/kds_v3/toolchain/bin/../lib/gcc/arm-none-eabi/4.8.4/armv7e-m\libgcc.a(unwind-arm.o)
                                 0xd8 (size before relaxing)
 .ARM.exidx     0x0000c560       0x38 c:/freescale/kds_v3/toolchain/bin/../lib/gcc/arm-none-eabi/4.8.4/armv7e-m\libgcc.a(pr-support.o)
                                 0x48 (size before relaxing)
                0x0000c760                __exidx_end = .

.rel.dyn        0x0000c760        0x0
 .rel.iplt      0x00000000        0x0 c:/freescale/kds_v3/toolchain/bin/../lib/gcc/arm-none-eabi/4.8.4/armv7e-m/crtbegin.o

.ctors          0x0000c760        0x0
                0x0000c760                __CTOR_LIST__ = .
 *crtbegin.o(.ctors)
 *(EXCLUDE_FILE(*crtend.o) .ctors)
 *(SORT(.ctors.*))
 *(.ctors)
                0x0000c760                __CTOR_END__ = .

.dtors          0x0000c760        0x0
                0x0000c760                __DTOR_LIST__ = .
 *crtbegin.o(.dtors)
 *(EXCLUDE_FILE(*crtend.o) .dtors)
 *(SORT(.dtors.*))
 *(.dtors)
                0x0000c760                __DTOR_END__ = .

.preinit_array  0x0000c760        0x0
                0x0000c760                PROVIDE (__preinit_array_start, .)
 *(.preinit_array*)
                0x0000c760                PROVIDE (__preinit_array_end, .)

.init_array     0x0000c760        0x8
                0x0000c760                PROVIDE (__init_array_start, .)
 *(SORT(.init_array.*))
 *(.init_array*)
 .init_array    0x0000c760        0x4 c:/freescale/kds_v3/toolchain/bin/../lib/gcc/arm-none-eabi/4.8.4/armv7e-m/crtbegin.o
 .init_array    0x0000c764        0x4 ./Sources/display.o
                0x0000c768                PROVIDE (__init_array_end, .)

.fini_array     0x0000c768        0x4
                0x0000c768                PROVIDE (__fini_array_start, .)
 *(SORT(.fini_array.*))
 *(.fini_array*)
 .fini_array    0x0000c768        0x4 c:/freescale/kds_v3/toolchain/bin/../lib/gcc/arm-none-eabi/4.8.4/armv7e-m/crtbegin.o
                0x0000c76c                PROVIDE (__fini_array_end, .)
                0x0000c76c                ___ROM_AT = .

.data           0x1fff8000       0xec load address 0x0000c76c
                0x1fff8000                . = ALIGN (0x4)
                0x1fff8000                _sdata = .
 *(.data)
 *(.data*)
 .data._ZL6Get_OK
                0x1fff8000        0x4 ./Sources/protocol.o
 .data._ZL7Get_ERR
                0x1fff8004        0x4 ./Sources/protocol.o
 .data._ZL6Set_OK
                0x1fff8008        0x4 ./Sources/protocol.o
 .data._ZL7Set_ERR
                0x1fff800c        0x4 ./Sources/protocol.o
 .data._ZL8Velocity
                0x1fff8010        0x4 ./Sources/protocol.o
 .data._ZL12Velocity_ref
                0x1fff8014        0x4 ./Sources/protocol.o
 .data._ZL8Set_Home
                0x1fff8018        0x4 ./Sources/protocol.o
 .data._ZL12Acceleration
                0x1fff801c        0x4 ./Sources/protocol.o
 .data._ZL12Deceleration
                0x1fff8020        0x4 ./Sources/protocol.o
 .data._ZL6Torque
                0x1fff8024        0x4 ./Sources/protocol.o
 .data._ZL11Torque_rise
                0x1fff8028        0x4 ./Sources/protocol.o
 .data._ZL11Torque_fall
                0x1fff802c        0x4 ./Sources/protocol.o
 .data._ZL4Stop
                0x1fff8030        0x4 ./Sources/protocol.o
 .data._ZL12Drive_Enable
                0x1fff8034        0x4 ./Sources/protocol.o
 .data._ZL12Control_Mode
                0x1fff8038        0x4 ./Sources/protocol.o
 .data._ZL3Get  0x1fff803c        0x4 ./Sources/send.o
 .data._ZL3Set  0x1fff8040        0x4 ./Sources/send.o
 .data._ZL8Velocity
                0x1fff8044        0x4 ./Sources/send.o
 .data._ZL12Velocity_ref
                0x1fff8048        0x4 ./Sources/send.o
 .data._ZL8Position
                0x1fff804c        0x4 ./Sources/send.o
 .data._ZL12Position_ref
                0x1fff8050        0x4 ./Sources/send.o
 .data._ZL6Pos_go
                0x1fff8054        0x4 ./Sources/send.o
 .data._ZL8Set_Home
                0x1fff8058        0x4 ./Sources/send.o
 .data._ZL7Go_Home
                0x1fff805c        0x4 ./Sources/send.o
 .data._ZL12Acceleration
                0x1fff8060        0x4 ./Sources/send.o
 .data._ZL12Deceleration
                0x1fff8064        0x4 ./Sources/send.o
 .data._ZL6Torque
                0x1fff8068        0x4 ./Sources/send.o
 .data._ZL10Torque_ref
                0x1fff806c        0x4 ./Sources/send.o
 .data._ZL11Torque_rise
                0x1fff8070        0x4 ./Sources/send.o
 .data._ZL11Torque_fall
                0x1fff8074        0x4 ./Sources/send.o
 .data._ZL4Stop
                0x1fff8078        0x4 ./Sources/send.o
 .data._ZL12Drive_Enable
                0x1fff807c        0x4 ./Sources/send.o
 .data._ZL12Control_Mode
                0x1fff8080        0x4 ./Sources/send.o
 .data.__fdlib_version
                0x1fff8084        0x1 c:/freescale/kds_v3/toolchain/bin/../lib/gcc/arm-none-eabi/4.8.4/../../../../arm-none-eabi/lib/armv7e-m\libm.a(lib_a-s_lib_ver.o)
                0x1fff8084                __fdlib_version
 *fill*         0x1fff8085        0x3 
 .data.impure_data
                0x1fff8088       0x60 c:/freescale/kds_v3/toolchain/bin/../lib/gcc/arm-none-eabi/4.8.4/../../../../arm-none-eabi/lib/armv7e-m\libg_s.a(lib_a-impure.o)
 .data._impure_ptr
                0x1fff80e8        0x4 c:/freescale/kds_v3/toolchain/bin/../lib/gcc/arm-none-eabi/4.8.4/../../../../arm-none-eabi/lib/armv7e-m\libg_s.a(lib_a-impure.o)
                0x1fff80e8                _impure_ptr
                0x1fff80ec                . = ALIGN (0x4)
                0x1fff80ec                _edata = .
                0x000000ec                ___data_size = (_edata - _sdata)
                0x0000c858                ___m_data_20000000_ROMStart = (___ROM_AT + SIZEOF (.data))

.jcr            0x1fff80ec        0x0 load address 0x0000c858
 .jcr           0x1fff80ec        0x0 c:/freescale/kds_v3/toolchain/bin/../lib/gcc/arm-none-eabi/4.8.4/armv7e-m/crtbegin.o

.igot.plt       0x1fff80ec        0x0 load address 0x0000c858
 .igot.plt      0x00000000        0x0 c:/freescale/kds_v3/toolchain/bin/../lib/gcc/arm-none-eabi/4.8.4/armv7e-m/crtbegin.o

.m_data_20000000
                0x20000000        0x0 load address 0x0000c858
                0x20000000                . = ALIGN (0x4)
                0x20000000                ___m_data_20000000_RAMStart = .
 *(.m_data_20000000)
                0x20000000                ___m_data_20000000_RAMEnd = .
                0x20000000                . = ALIGN (0x4)
                0x00000000                ___m_data_20000000_ROMSize = (___m_data_20000000_RAMEnd - ___m_data_20000000_RAMStart)
                0x20000000                . = ALIGN (0x4)

.bss            0x1fff80ec      0xc0c load address 0x0000c858
                0x1fff80ec                __START_BSS = .
                0x1fff80ec                PROVIDE (__bss_start__, __START_BSS)
 *(.bss)
 .bss           0x1fff80ec       0x1c c:/freescale/kds_v3/toolchain/bin/../lib/gcc/arm-none-eabi/4.8.4/armv7e-m/crtbegin.o
 *(.bss*)
 .bss.LCD_flag  0x1fff8108        0x1 ./Sources/LCD.o
                0x1fff8108                LCD_flag
 *fill*         0x1fff8109        0x3 
 .bss.cue_saved
                0x1fff810c       0x34 ./Sources/cue.o
                0x1fff810c                cue_saved
 .bss.buffer    0x1fff8140       0x50 ./Sources/display.o
                0x1fff8140                buffer
 .bss.FLAG_MENU
                0x1fff8190        0x1 ./Sources/display.o
                0x1fff8190                FLAG_MENU
 *fill*         0x1fff8191        0x3 
 .bss.back_sub_menu
                0x1fff8194        0xc ./Sources/display.o
                0x1fff8194                back_sub_menu
 .bss.vel_play_cue
                0x1fff81a0        0xc ./Sources/display.o
                0x1fff81a0                vel_play_cue
 .bss.vel_rec_cue
                0x1fff81ac        0xc ./Sources/display.o
                0x1fff81ac                vel_rec_cue
 .bss.vel_mod_cue
                0x1fff81b8        0xc ./Sources/display.o
                0x1fff81b8                vel_mod_cue
 .bss.vel_del_cue
                0x1fff81c4        0xc ./Sources/display.o
                0x1fff81c4                vel_del_cue
 .bss.sub_menu_velocity_cue
                0x1fff81d0       0x3c ./Sources/display.o
                0x1fff81d0                sub_menu_velocity_cue
 .bss.menu_velocity_cue
                0x1fff820c        0xc ./Sources/display.o
                0x1fff820c                menu_velocity_cue
 .bss.pos_play_cue
                0x1fff8218        0xc ./Sources/display.o
                0x1fff8218                pos_play_cue
 .bss.pos_rec_cue
                0x1fff8224        0xc ./Sources/display.o
                0x1fff8224                pos_rec_cue
 .bss.pos_mod_cue
                0x1fff8230        0xc ./Sources/display.o
                0x1fff8230                pos_mod_cue
 .bss.pos_del_cue
                0x1fff823c        0xc ./Sources/display.o
                0x1fff823c                pos_del_cue
 .bss.sub_menu_pos_cue
                0x1fff8248       0x3c ./Sources/display.o
                0x1fff8248                sub_menu_pos_cue
 .bss.menu_pos_cue
                0x1fff8284        0xc ./Sources/display.o
                0x1fff8284                menu_pos_cue
 .bss.back_menu
                0x1fff8290       0x18 ./Sources/display.o
                0x1fff8290                back_menu
 .bss.vel_velocity
                0x1fff82a8       0x18 ./Sources/display.o
                0x1fff82a8                vel_velocity
 .bss.vel_acc   0x1fff82c0       0x18 ./Sources/display.o
                0x1fff82c0                vel_acc
 .bss.vel_dec   0x1fff82d8       0x18 ./Sources/display.o
                0x1fff82d8                vel_dec
 .bss.vel_cue   0x1fff82f0       0x18 ./Sources/display.o
                0x1fff82f0                vel_cue
 .bss.sub_menu_velocity
                0x1fff8308       0x78 ./Sources/display.o
                0x1fff8308                sub_menu_velocity
 .bss.menu_velocity
                0x1fff8380        0xc ./Sources/display.o
                0x1fff8380                menu_velocity
 .bss.pos_position
                0x1fff838c       0x18 ./Sources/display.o
                0x1fff838c                pos_position
 .bss.pos_velocity
                0x1fff83a4       0x18 ./Sources/display.o
                0x1fff83a4                pos_velocity
 .bss.pos_acc   0x1fff83bc       0x18 ./Sources/display.o
                0x1fff83bc                pos_acc
 .bss.pos_dec   0x1fff83d4       0x18 ./Sources/display.o
                0x1fff83d4                pos_dec
 .bss.pos_cue   0x1fff83ec       0x18 ./Sources/display.o
                0x1fff83ec                pos_cue
 .bss.pos_set_home
                0x1fff8404       0x18 ./Sources/display.o
                0x1fff8404                pos_set_home
 .bss.sub_menu_position
                0x1fff841c       0xa8 ./Sources/display.o
                0x1fff841c                sub_menu_position
 .bss.menu_position
                0x1fff84c4        0xc ./Sources/display.o
                0x1fff84c4                menu_position
 .bss.tor_torque
                0x1fff84d0       0x18 ./Sources/display.o
                0x1fff84d0                tor_torque
 .bss.tor_torque_rise
                0x1fff84e8       0x18 ./Sources/display.o
                0x1fff84e8                tor_torque_rise
 .bss.tor_torque_fall
                0x1fff8500       0x18 ./Sources/display.o
                0x1fff8500                tor_torque_fall
 .bss.sub_menu_torque
                0x1fff8518       0x60 ./Sources/display.o
                0x1fff8518                sub_menu_torque
 .bss.menu_torque
                0x1fff8578        0xc ./Sources/display.o
                0x1fff8578                menu_torque
 .bss.velocity  0x1fff8584       0x1c ./Sources/display.o
                0x1fff8584                velocity
 .bss.position  0x1fff85a0       0x1c ./Sources/display.o
                0x1fff85a0                position
 .bss.torque    0x1fff85bc       0x1c ./Sources/display.o
                0x1fff85bc                torque
 .bss.setting   0x1fff85d8       0x1c ./Sources/display.o
                0x1fff85d8                setting
 .bss.menu_array
                0x1fff85f4       0x70 ./Sources/display.o
                0x1fff85f4                menu_array
 .bss.root_menu
                0x1fff8664        0xc ./Sources/display.o
                0x1fff8664                root_menu
 .bss.FLAG_PUSH_SHORT
                0x1fff8670        0x1 ./Sources/encoder_variable.o
                0x1fff8670                FLAG_PUSH_SHORT
 .bss.FLAG_PUSH_LONG
                0x1fff8671        0x1 ./Sources/encoder_variable.o
                0x1fff8671                FLAG_PUSH_LONG
 .bss.FLAG_ENCODER
                0x1fff8672        0x1 ./Sources/encoder_variable.o
                0x1fff8672                FLAG_ENCODER
 .bss.FLAG_DEBOUNCE
                0x1fff8673        0x1 ./Sources/encoder_variable.o
                0x1fff8673                FLAG_DEBOUNCE
 .bss.FLAG_SENS
                0x1fff8674        0x1 ./Sources/encoder_variable.o
                0x1fff8674                FLAG_SENS
 .bss.FLAG_SENS_1
                0x1fff8675        0x1 ./Sources/encoder_variable.o
                0x1fff8675                FLAG_SENS_1
 .bss.FLAG_SENS_2
                0x1fff8676        0x1 ./Sources/encoder_variable.o
                0x1fff8676                FLAG_SENS_2
 .bss.FLAG_STOP
                0x1fff8677        0x1 ./Sources/encoder_variable.o
                0x1fff8677                FLAG_STOP
 .bss.counter_100ms
                0x1fff8678        0x4 ./Sources/encoder_variable.o
                0x1fff8678                counter_100ms
 .bss.encoder   0x1fff867c        0x4 ./Sources/encoder_variable.o
                0x1fff867c                encoder
 .bss.FLAG_CONTROL_MODE
                0x1fff8680        0x1 ./Sources/menu.o
                0x1fff8680                FLAG_CONTROL_MODE
 *fill*         0x1fff8681        0x3 
 .bss.menu_indicator
                0x1fff8684        0x4 ./Sources/parameters.o
                0x1fff8684                menu_indicator
 .bss.drive_enable_st
                0x1fff8688        0x1 ./Sources/parameters.o
                0x1fff8688                drive_enable_st
 .bss.FLAG_SET_HOME
                0x1fff8689        0x1 ./Sources/parameters.o
                0x1fff8689                FLAG_SET_HOME
 *fill*         0x1fff868a        0x2 
 .bss.counter_2s
                0x1fff868c        0x4 ./Sources/parameters.o
                0x1fff868c                counter_2s
 .bss.FLAG_SHORT_CUT
                0x1fff8690        0x1 ./Sources/parameters.o
                0x1fff8690                FLAG_SHORT_CUT
 .bss.FLAG_UPDATE
                0x1fff8691        0x1 ./Sources/parameters.o
                0x1fff8691                FLAG_UPDATE
 *fill*         0x1fff8692        0x2 
 .bss.vel       0x1fff8694       0x1c ./Sources/parameters.o
                0x1fff8694                vel
 .bss.pos       0x1fff86b0       0x24 ./Sources/parameters.o
                0x1fff86b0                pos
 .bss.tor       0x1fff86d4       0x1c ./Sources/parameters.o
                0x1fff86d4                tor
 .bss.in_buffer
                0x1fff86f0       0x80 ./Sources/protocol.o
                0x1fff86f0                in_buffer
 .bss.cnt       0x1fff8770        0x1 ./Sources/protocol.o
                0x1fff8770                cnt
 .bss.FLAG_MSG_RCV
                0x1fff8771        0x1 ./Sources/protocol.o
                0x1fff8771                FLAG_MSG_RCV
 .bss.FLAG_MSG_ERR
                0x1fff8772        0x1 ./Sources/protocol.o
                0x1fff8772                FLAG_MSG_ERR
 .bss.FLAG_MSG_OK
                0x1fff8773        0x1 ./Sources/protocol.o
                0x1fff8773                FLAG_MSG_OK
 .bss.nb_data   0x1fff8774        0x4 ./Sources/protocol.o
                0x1fff8774                nb_data
 .bss.FLAG_SEND
                0x1fff8778        0x1 ./Sources/send.o
                0x1fff8778                FLAG_SEND
 .bss.FLAG_CONTROL_MODE_CONFIRM
                0x1fff8779        0x1 ./Sources/send.o
                0x1fff8779                FLAG_CONTROL_MODE_CONFIRM
 .bss.FLAG_UPDATE_MENU
                0x1fff877a        0x1 ./Sources/send.o
                0x1fff877a                FLAG_UPDATE_MENU
 .bss.FLAG_SEND_STOP
                0x1fff877b        0x1 ./Sources/send.o
                0x1fff877b                FLAG_SEND_STOP
 .bss.CONTROL_MODE
                0x1fff877c        0x1 ./Sources/send.o
                0x1fff877c                CONTROL_MODE
 *fill*         0x1fff877d        0x1 
 .bss.SerFlag   0x1fff877e        0x2 ./Generated_Code/AS1.o
 .bss.AS1_InpLen
                0x1fff8780        0x2 ./Generated_Code/AS1.o
 .bss.InpIndexR
                0x1fff8782        0x2 ./Generated_Code/AS1.o
 .bss.InpIndexW
                0x1fff8784        0x2 ./Generated_Code/AS1.o
 *fill*         0x1fff8786        0x2 
 .bss.InpBuffer
                0x1fff8788      0x200 ./Generated_Code/AS1.o
 .bss.BufferRead
                0x1fff8988        0x1 ./Generated_Code/AS1.o
 *fill*         0x1fff8989        0x1 
 .bss.AS1_OutLen
                0x1fff898a        0x2 ./Generated_Code/AS1.o
 .bss.OutIndexR
                0x1fff898c        0x2 ./Generated_Code/AS1.o
 .bss.OutIndexW
                0x1fff898e        0x2 ./Generated_Code/AS1.o
 .bss.OutBuffer
                0x1fff8990      0x200 ./Generated_Code/AS1.o
 .bss.OnFreeTxBufSemaphore
                0x1fff8b90        0x1 ./Generated_Code/AS1.o
 *fill*         0x1fff8b91        0x3 
 .bss.DeviceDataPrv__DEFAULT_RTOS_ALLOC
                0x1fff8b94       0x20 ./Generated_Code/ASerialLdd1.o
 .bss.INT_UART0_RX_TX__DEFAULT_RTOS_ISRPARAM
                0x1fff8bb4        0x4 ./Generated_Code/ASerialLdd1.o
 .bss.INT_UART0_ERR__DEFAULT_RTOS_ISRPARAM
                0x1fff8bb8        0x4 ./Generated_Code/ASerialLdd1.o
 .bss.DeviceDataPrv__DEFAULT_RTOS_ALLOC
                0x1fff8bbc        0x4 ./Generated_Code/BitIoLdd1.o
 .bss.DeviceDataPrv__DEFAULT_RTOS_ALLOC
                0x1fff8bc0        0x4 ./Generated_Code/BitIoLdd2.o
 .bss.DeviceDataPrv__DEFAULT_RTOS_ALLOC
                0x1fff8bc4        0x4 ./Generated_Code/BitIoLdd3.o
 .bss.DeviceDataPrv__DEFAULT_RTOS_ALLOC
                0x1fff8bc8        0x4 ./Generated_Code/BitIoLdd4.o
 .bss.DeviceDataPrv__DEFAULT_RTOS_ALLOC
                0x1fff8bcc        0x4 ./Generated_Code/BitIoLdd5.o
 .bss.DeviceDataPrv__DEFAULT_RTOS_ALLOC
                0x1fff8bd0        0x4 ./Generated_Code/BitIoLdd6.o
 .bss.DeviceDataPrv__DEFAULT_RTOS_ALLOC
                0x1fff8bd4        0x4 ./Generated_Code/BitIoLdd7.o
 .bss.SR_lock   0x1fff8bd8        0x1 ./Generated_Code/Cpu.o
                0x1fff8bd8                SR_lock
 *fill*         0x1fff8bd9        0x3 
 .bss.DeviceDataPrv__DEFAULT_RTOS_ALLOC
                0x1fff8bdc        0x8 ./Generated_Code/ENCODER.o
 .bss.INT_PORTC__DEFAULT_RTOS_ISRPARAM
                0x1fff8be4        0x4 ./Generated_Code/ENCODER.o
 .bss.DeviceDataPrv__DEFAULT_RTOS_ALLOC
                0x1fff8be8        0x4 ./Generated_Code/ExtIntLdd1.o
 .bss.INT_PORTC__DEFAULT_RTOS_ISRPARAM
                0x1fff8bec        0x4 ./Generated_Code/ExtIntLdd1.o
 .bss.DeviceDataPrv__DEFAULT_RTOS_ALLOC
                0x1fff8bf0        0x4 ./Generated_Code/ExtIntLdd2.o
 .bss.INT_PORTC__DEFAULT_RTOS_ISRPARAM
                0x1fff8bf4        0x4 ./Generated_Code/ExtIntLdd2.o
 .bss.DeviceDataPrv__DEFAULT_RTOS_ALLOC
                0x1fff8bf8        0x4 ./Generated_Code/ExtIntLdd3.o
 .bss.INT_PORTC__DEFAULT_RTOS_ISRPARAM
                0x1fff8bfc        0x4 ./Generated_Code/ExtIntLdd3.o
 .bss.DeviceDataPrv__DEFAULT_RTOS_ALLOC
                0x1fff8c00        0x4 ./Generated_Code/ExtIntLdd4.o
 .bss.INT_PORTC__DEFAULT_RTOS_ISRPARAM
                0x1fff8c04        0x4 ./Generated_Code/ExtIntLdd4.o
 .bss.DeviceDataPrv__DEFAULT_RTOS_ALLOC
                0x1fff8c08        0x4 ./Generated_Code/ExtIntLdd5.o
 .bss.INT_PORTC__DEFAULT_RTOS_ISRPARAM
                0x1fff8c0c        0x4 ./Generated_Code/ExtIntLdd5.o
 .bss.OutLenM   0x1fff8c10        0x2 ./Generated_Code/I2C0.o
 .bss.ChrTemp   0x1fff8c12        0x1 ./Generated_Code/I2C0.o
 *fill*         0x1fff8c13        0x1 
 .bss.IFsh1_CurrentCommand
                0x1fff8c14        0x4 ./Generated_Code/IFsh1.o
 .bss.IFsh1_CmdResult
                0x1fff8c18        0x1 ./Generated_Code/IFsh1.o
 .bss.IFsh1_CmdPending
                0x1fff8c19        0x1 ./Generated_Code/IFsh1.o
 .bss.IFsh1_EnEvent
                0x1fff8c1a        0x1 ./Generated_Code/IFsh1.o
 *fill*         0x1fff8c1b        0x1 
 .bss.IntFlashLdd1_DevDataPtr
                0x1fff8c1c        0x4 ./Generated_Code/IFsh1.o
 .bss.DeviceDataPrv__DEFAULT_RTOS_ALLOC
                0x1fff8c20       0x18 ./Generated_Code/IntFlashLdd1.o
 .bss.INT_FTFL__DEFAULT_RTOS_ISRPARAM
                0x1fff8c38        0x4 ./Generated_Code/IntFlashLdd1.o
 .bss.INT_Read_Collision__DEFAULT_RTOS_ISRPARAM
                0x1fff8c3c        0x4 ./Generated_Code/IntFlashLdd1.o
 .bss.DeviceDataPrv__DEFAULT_RTOS_ALLOC
                0x1fff8c40       0x1c ./Generated_Code/IntI2cLdd1.o
 .bss.INT_I2C0__DEFAULT_RTOS_ISRPARAM
                0x1fff8c5c        0x4 ./Generated_Code/IntI2cLdd1.o
 .bss.PE_LDD_DeviceDataList
                0x1fff8c60       0x4c ./Generated_Code/PE_LDD.o
                0x1fff8c60                PE_LDD_DeviceDataList
 .bss.DeviceDataPrv__DEFAULT_RTOS_ALLOC
                0x1fff8cac        0xc ./Generated_Code/TU1.o
 .bss.INT_FTM2__DEFAULT_RTOS_ISRPARAM
                0x1fff8cb8        0x4 ./Generated_Code/TU1.o
 .bss.DeviceDataPrv__DEFAULT_RTOS_ALLOC
                0x1fff8cbc        0xc ./Generated_Code/T_100ms.o
 .bss.INT_FTM1__DEFAULT_RTOS_ISRPARAM
                0x1fff8cc8        0x4 ./Generated_Code/T_100ms.o
 .bss.DeviceDataPrv__DEFAULT_RTOS_ALLOC
                0x1fff8ccc        0x8 ./Generated_Code/T_500ms.o
 .bss.INT_FTM0__DEFAULT_RTOS_ISRPARAM
                0x1fff8cd4        0x4 ./Generated_Code/T_500ms.o
 .bss.__malloc_sbrk_start
                0x1fff8cd8        0x4 c:/freescale/kds_v3/toolchain/bin/../lib/gcc/arm-none-eabi/4.8.4/../../../../arm-none-eabi/lib/armv7e-m\libg_s.a(lib_a-nano-mallocr.o)
                0x1fff8cd8                __malloc_sbrk_start
 .bss.__malloc_free_list
                0x1fff8cdc        0x4 c:/freescale/kds_v3/toolchain/bin/../lib/gcc/arm-none-eabi/4.8.4/../../../../arm-none-eabi/lib/armv7e-m\libg_s.a(lib_a-nano-mallocr.o)
                0x1fff8cdc                __malloc_free_list
 .bss.heap_end.4246
                0x1fff8ce0        0x4 c:/freescale/kds_v3/toolchain/bin/../lib/gcc/arm-none-eabi/4.8.4/../../../../arm-none-eabi/lib/armv7e-m\libnosys.a(sbrk.o)
 *(COMMON)
 COMMON         0x1fff8ce4        0x4 ./Generated_Code/AS1.o
                0x1fff8ce4                ASerialLdd1_DeviceDataPtr
 COMMON         0x1fff8ce8        0x1 ./Generated_Code/Cpu.o
                0x1fff8ce8                SR_reg
 *fill*         0x1fff8ce9        0x3 
 COMMON         0x1fff8cec        0x8 ./Generated_Code/I2C0.o
                0x1fff8cec                I2C0_SndRcvTemp
                0x1fff8cf0                IntI2cLdd1_DeviceDataPtr
 COMMON         0x1fff8cf4        0x4 c:/freescale/kds_v3/toolchain/bin/../lib/gcc/arm-none-eabi/4.8.4/../../../../arm-none-eabi/lib/armv7e-m\libg_s.a(lib_a-reent.o)
                0x1fff8cf4                errno
                0x1fff8cf8                . = ALIGN (0x4)
                0x1fff8cf8                __END_BSS = .
                0x1fff8cf8                PROVIDE (__bss_end__, __END_BSS)
                0x0000c858                _romp_at = ((___ROM_AT + SIZEOF (.data)) + SIZEOF (.m_data_20000000))

.romp           0x1fff8cf8       0x24 load address 0x0000c858
                0x0000c858                __S_romp = _romp_at
                0x1fff8cf8        0x4 LONG 0xc76c ___ROM_AT
                0x1fff8cfc        0x4 LONG 0x1fff8000 _sdata
                0x1fff8d00        0x4 LONG 0xec ___data_size
                0x1fff8d04        0x4 LONG 0xc858 ___m_data_20000000_ROMStart
                0x1fff8d08        0x4 LONG 0x20000000 ___m_data_20000000_RAMStart
                0x1fff8d0c        0x4 LONG 0x0 ___m_data_20000000_ROMSize
                0x1fff8d10        0x4 LONG 0x0
                0x1fff8d14        0x4 LONG 0x0
                0x1fff8d18        0x4 LONG 0x0
                0x00040000                text_end = (ORIGIN (m_text) + 0x3fbf0)