Archive member included because of file (symbol)

c:/freescale/kds_v3/toolchain/bin/../lib/gcc/arm-none-eabi/4.8.4/../../../../arm-none-eabi/lib/armv7e-m\libm.a(lib_a-s_round.o)
                              ./Sources/display.o (round)
c:/freescale/kds_v3/toolchain/bin/../lib/gcc/arm-none-eabi/4.8.4/../../../../arm-none-eabi/lib/armv7e-m\libm.a(lib_a-w_pow.o)
                              ./Sources/display.o (pow)
c:/freescale/kds_v3/toolchain/bin/../lib/gcc/arm-none-eabi/4.8.4/../../../../arm-none-eabi/lib/armv7e-m\libm.a(lib_a-e_pow.o)
                              c:/freescale/kds_v3/toolchain/bin/../lib/gcc/arm-none-eabi/4.8.4/../../../../arm-none-eabi/lib/armv7e-m\libm.a(lib_a-w_pow.o) (__ieee754_pow)
c:/freescale/kds_v3/toolchain/bin/../lib/gcc/arm-none-eabi/4.8.4/../../../../arm-none-eabi/lib/armv7e-m\libm.a(lib_a-e_sqrt.o)
                              c:/freescale/kds_v3/toolchain/bin/../lib/gcc/arm-none-eabi/4.8.4/../../../../arm-none-eabi/lib/armv7e-m\libm.a(lib_a-e_pow.o) (__ieee754_sqrt)
c:/freescale/kds_v3/toolchain/bin/../lib/gcc/arm-none-eabi/4.8.4/../../../../arm-none-eabi/lib/armv7e-m\libm.a(lib_a-s_fabs.o)
                              c:/freescale/kds_v3/toolchain/bin/../lib/gcc/arm-none-eabi/4.8.4/../../../../arm-none-eabi/lib/armv7e-m\libm.a(lib_a-e_pow.o) (fabs)
c:/freescale/kds_v3/toolchain/bin/../lib/gcc/arm-none-eabi/4.8.4/../../../../arm-none-eabi/lib/armv7e-m\libm.a(lib_a-s_finite.o)
                              c:/freescale/kds_v3/toolchain/bin/../lib/gcc/arm-none-eabi/4.8.4/../../../../arm-none-eabi/lib/armv7e-m\libm.a(lib_a-w_pow.o) (finite)
c:/freescale/kds_v3/toolchain/bin/../lib/gcc/arm-none-eabi/4.8.4/../../../../arm-none-eabi/lib/armv7e-m\libm.a(lib_a-s_fpclassify.o)
                              c:/freescale/kds_v3/toolchain/bin/../lib/gcc/arm-none-eabi/4.8.4/../../../../arm-none-eabi/lib/armv7e-m\libm.a(lib_a-w_pow.o) (__fpclassifyd)
c:/freescale/kds_v3/toolchain/bin/../lib/gcc/arm-none-eabi/4.8.4/../../../../arm-none-eabi/lib/armv7e-m\libm.a(lib_a-s_lib_ver.o)
                              c:/freescale/kds_v3/toolchain/bin/../lib/gcc/arm-none-eabi/4.8.4/../../../../arm-none-eabi/lib/armv7e-m\libm.a(lib_a-w_pow.o) (__fdlib_version)
c:/freescale/kds_v3/toolchain/bin/../lib/gcc/arm-none-eabi/4.8.4/../../../../arm-none-eabi/lib/armv7e-m\libm.a(lib_a-s_matherr.o)
                              c:/freescale/kds_v3/toolchain/bin/../lib/gcc/arm-none-eabi/4.8.4/../../../../arm-none-eabi/lib/armv7e-m\libm.a(lib_a-w_pow.o) (matherr)
c:/freescale/kds_v3/toolchain/bin/../lib/gcc/arm-none-eabi/4.8.4/../../../../arm-none-eabi/lib/armv7e-m\libm.a(lib_a-s_nan.o)
                              c:/freescale/kds_v3/toolchain/bin/../lib/gcc/arm-none-eabi/4.8.4/../../../../arm-none-eabi/lib/armv7e-m\libm.a(lib_a-e_pow.o) (nan)
c:/freescale/kds_v3/toolchain/bin/../lib/gcc/arm-none-eabi/4.8.4/../../../../arm-none-eabi/lib/armv7e-m\libm.a(lib_a-s_rint.o)
                              c:/freescale/kds_v3/toolchain/bin/../lib/gcc/arm-none-eabi/4.8.4/../../../../arm-none-eabi/lib/armv7e-m\libm.a(lib_a-w_pow.o) (rint)
c:/freescale/kds_v3/toolchain/bin/../lib/gcc/arm-none-eabi/4.8.4/../../../../arm-none-eabi/lib/armv7e-m\libm.a(lib_a-s_scalbn.o)
                              c:/freescale/kds_v3/toolchain/bin/../lib/gcc/arm-none-eabi/4.8.4/../../../../arm-none-eabi/lib/armv7e-m\libm.a(lib_a-e_pow.o) (scalbn)
c:/freescale/kds_v3/toolchain/bin/../lib/gcc/arm-none-eabi/4.8.4/../../../../arm-none-eabi/lib/armv7e-m\libm.a(lib_a-s_copysign.o)
                              c:/freescale/kds_v3/toolchain/bin/../lib/gcc/arm-none-eabi/4.8.4/../../../../arm-none-eabi/lib/armv7e-m\libm.a(lib_a-s_scalbn.o) (copysign)
c:/freescale/kds_v3/toolchain/bin/../lib/gcc/arm-none-eabi/4.8.4/armv7e-m\libgcc.a(_arm_addsubdf3.o)
                              c:/freescale/kds_v3/toolchain/bin/../lib/gcc/arm-none-eabi/4.8.4/../../../../arm-none-eabi/lib/armv7e-m\libm.a(lib_a-e_pow.o) (__aeabi_dsub)
c:/freescale/kds_v3/toolchain/bin/../lib/gcc/arm-none-eabi/4.8.4/armv7e-m\libgcc.a(_arm_muldivdf3.o)
                              ./Sources/display.o (__aeabi_dmul)
c:/freescale/kds_v3/toolchain/bin/../lib/gcc/arm-none-eabi/4.8.4/armv7e-m\libgcc.a(_arm_cmpdf2.o)
                              c:/freescale/kds_v3/toolchain/bin/../lib/gcc/arm-none-eabi/4.8.4/../../../../arm-none-eabi/lib/armv7e-m\libm.a(lib_a-w_pow.o) (__aeabi_dcmpeq)
c:/freescale/kds_v3/toolchain/bin/../lib/gcc/arm-none-eabi/4.8.4/armv7e-m\libgcc.a(_arm_fixdfsi.o)
                              ./Sources/display.o (__aeabi_d2iz)
c:/freescale/kds_v3/toolchain/bin/../lib/gcc/arm-none-eabi/4.8.4/armv7e-m\libgcc.a(_arm_addsubsf3.o)
                              ./Sources/Events.o (__aeabi_fsub)
c:/freescale/kds_v3/toolchain/bin/../lib/gcc/arm-none-eabi/4.8.4/armv7e-m\libgcc.a(_arm_cmpsf2.o)
                              ./Sources/display.o (__aeabi_fcmpeq)
c:/freescale/kds_v3/toolchain/bin/../lib/gcc/arm-none-eabi/4.8.4/armv7e-m\libgcc.a(_arm_fixsfsi.o)
[...]
Memory Configuration

Name             Origin             Length             Attributes
m_interrupts     0x00000000         0x000001bc         xr
m_text           0x00000410         0x0003fbf0         xr
m_data           0x1fff8000         0x00008000         rw
m_data_20000000  0x20000000         0x00008000         rw
m_cfmprotrom     0x00000400         0x00000010         xr
*default*        0x00000000         0xffffffff

Linker script and memory map

LOAD c:/freescale/kds_v3/toolchain/bin/../lib/gcc/arm-none-eabi/4.8.4/armv7e-m/crti.o
LOAD c:/freescale/kds_v3/toolchain/bin/../lib/gcc/arm-none-eabi/4.8.4/armv7e-m/crtbegin.o
LOAD c:/freescale/kds_v3/toolchain/bin/../lib/gcc/arm-none-eabi/4.8.4/../../../../arm-none-eabi/lib/armv7e-m/crt0.o
LOAD ./Sources/Events.o
LOAD ./Sources/LCD.o
LOAD ./Sources/PCA9670.o
LOAD ./Sources/cue_eeprom.o
LOAD ./Sources/display.o
LOAD ./Sources/encoder_variable.o
LOAD ./Sources/main.o
LOAD ./Sources/menu.o
LOAD ./Sources/parameters.o
LOAD ./Sources/protocol.o
LOAD ./Sources/send.o
LOAD ./Project_Settings/Startup_Code/startup.o
LOAD ./Generated_Code/AS1.o
LOAD ./Generated_Code/ASerialLdd1.o
LOAD ./Generated_Code/BitIoLdd1.o
LOAD ./Generated_Code/BitIoLdd2.o
LOAD ./Generated_Code/BitIoLdd3.o
LOAD ./Generated_Code/BitIoLdd4.o
LOAD ./Generated_Code/BitIoLdd5.o
LOAD ./Generated_Code/BitIoLdd6.o
LOAD ./Generated_Code/BitIoLdd7.o
LOAD ./Generated_Code/CS1.o
LOAD ./Generated_Code/Cpu.o
LOAD ./Generated_Code/ENCODER.o
LOAD ./Generated_Code/ENCODER_PUSH.o
LOAD ./Generated_Code/ExtIntLdd1.o
LOAD ./Generated_Code/ExtIntLdd2.o
LOAD ./Generated_Code/ExtIntLdd3.o
LOAD ./Generated_Code/ExtIntLdd4.o
LOAD ./Generated_Code/ExtIntLdd5.o
LOAD ./Generated_Code/I2C0.o
LOAD ./Generated_Code/IFsh1.o
LOAD ./Generated_Code/IntFlashLdd1.o
LOAD ./Generated_Code/IntI2cLdd1.o
LOAD ./Generated_Code/KSDK1.o
LOAD ./Generated_Code/LCD_CTR.o
LOAD ./Generated_Code/LCD_EN.o
LOAD ./Generated_Code/LED_DEBUG.o
LOAD ./Generated_Code/LED_STATUS_1.o
LOAD ./Generated_Code/LED_STATUS_2.o
LOAD ./Generated_Code/LED_STATUS_3.o
LOAD ./Generated_Code/LED_STATUS_4.o
LOAD ./Generated_Code/LEVER_DIR1.o
LOAD ./Generated_Code/LEVER_DIR2.o
LOAD ./Generated_Code/PCA.o
LOAD ./Generated_Code/PE_LDD.o
LOAD ./Generated_Code/PUSH_BUTTON_REC.o
LOAD ./Generated_Code/PUSH_BUTTON_SEND.o
LOAD ./Generated_Code/TU1.o
LOAD ./Generated_Code/T_100ms.o
LOAD ./Generated_Code/T_500ms.o
LOAD ./Generated_Code/Vectors.o
LOAD ./Generated_Code/WAIT1.o
LOAD ./.metadata/.plugins/org.eclipse.cdt.make.core/specs.o
LOAD c:/freescale/kds_v3/toolchain/bin/../lib/gcc/arm-none-eabi/4.8.4/../../../../arm-none-eabi/lib/armv7e-m\libstdc++_s.a
LOAD c:/freescale/kds_v3/toolchain/bin/../lib/gcc/arm-none-eabi/4.8.4/../../../../arm-none-eabi/lib/armv7e-m\libm.a
START GROUP
LOAD c:/freescale/kds_v3/toolchain/bin/../lib/gcc/arm-none-eabi/4.8.4/armv7e-m\libgcc.a
LOAD c:/freescale/kds_v3/toolchain/bin/../lib/gcc/arm-none-eabi/4.8.4/../../../../arm-none-eabi/lib/armv7e-m\libg_s.a
LOAD c:/freescale/kds_v3/toolchain/bin/../lib/gcc/arm-none-eabi/4.8.4/../../../../arm-none-eabi/lib/armv7e-m\libc_s.a
END GROUP
START GROUP
LOAD c:/freescale/kds_v3/toolchain/bin/../lib/gcc/arm-none-eabi/4.8.4/armv7e-m\libgcc.a
LOAD c:/freescale/kds_v3/toolchain/bin/../lib/gcc/arm-none-eabi/4.8.4/../../../../arm-none-eabi/lib/armv7e-m\libc_s.a
LOAD c:/freescale/kds_v3/toolchain/bin/../lib/gcc/arm-none-eabi/4.8.4/../../../../arm-none-eabi/lib/armv7e-m\libnosys.a
END GROUP
START GROUP
LOAD c:/freescale/kds_v3/toolchain/bin/../lib/gcc/arm-none-eabi/4.8.4/armv7e-m\libgcc.a
LOAD c:/freescale/kds_v3/toolchain/bin/../lib/gcc/arm-none-eabi/4.8.4/../../../../arm-none-eabi/lib/armv7e-m\libc_s.a
LOAD c:/freescale/kds_v3/toolchain/bin/../lib/gcc/arm-none-eabi/4.8.4/../../../../arm-none-eabi/lib/armv7e-m\libnosys.a
END GROUP
LOAD c:/freescale/kds_v3/toolchain/bin/../lib/gcc/arm-none-eabi/4.8.4/armv7e-m/crtend.o
LOAD c:/freescale/kds_v3/toolchain/bin/../lib/gcc/arm-none-eabi/4.8.4/armv7e-m/crtn.o
                0x20000000                _estack = 0x20000000
                0x20000000                __SP_INIT = _estack
                0x20000000                __stack = _estack
                0x00000000                __heap_size = 0x0
                0x00000400                __stack_size = 0x400

.interrupts     0x00000000      0x1bc
                0x00000000                __vector_table = .
                0x00000000                . = ALIGN (0x4)
 *(.vectortable)
 .vectortable   0x00000000      0x1bc ./Generated_Code/Vectors.o
                0x00000000                __vect_table
                0x000001bc                . = ALIGN (0x4)

.cfmprotect     0x00000400       0x10
                0x00000400                . = ALIGN (0x4)
 *(.cfmconfig)
 .cfmconfig     0x00000400       0x10 ./Generated_Code/Cpu.o
                0x00000400                _cfm
                0x00000410                . = ALIGN (0x4)

.text           0x00000410     0xa014
                0x00000410                . = ALIGN (0x4)
 *(.text)
 .text          0x00000410       0x54 c:/freescale/kds_v3/toolchain/bin/../lib/gcc/arm-none-eabi/4.8.4/armv7e-m/crtbegin.o
 .text          0x00000464       0x74 c:/freescale/kds_v3/toolchain/bin/../lib/gcc/arm-none-eabi/4.8.4/../../../../arm-none-eabi/lib/armv7e-m/crt0.o
                0x00000464                _start
                0x00000464                _mainCRTStartup
 .text          0x000004d8      0x370 c:/freescale/kds_v3/toolchain/bin/../lib/gcc/arm-none-eabi/4.8.4/armv7e-m\libgcc.a(_arm_addsubdf3.o)
                0x000004d8                __aeabi_drsub
                0x000004e0                __aeabi_dsub
                0x000004e0                __subdf3
                0x000004e4                __aeabi_dadd
                0x000004e4                __adddf3
                0x0000075c                __floatunsidf
                0x0000075c                __aeabi_ui2d
                0x0000077c                __floatsidf
                0x0000077c                __aeabi_i2d
                0x000007a0                __aeabi_f2d
                0x000007a0                __extendsfdf2
                0x000007dc                __floatundidf
                0x000007dc                __aeabi_ul2d
                0x000007ec                __floatdidf
                0x000007ec                __aeabi_l2d
 .text          0x00000848      0x424 c:/freescale/kds_v3/toolchain/bin/../lib/gcc/arm-none-eabi/4.8.4/armv7e-m\libgcc.a(_arm_muldivdf3.o)
                0x00000848                __aeabi_dmul
                0x00000848                __muldf3
                0x00000a9c                __divdf3
                0x00000a9c                __aeabi_ddiv
 .text          0x00000c6c      0x110 c:/freescale/kds_v3/toolchain/bin/../lib/gcc/arm-none-eabi/4.8.4/armv7e-m\libgcc.a(_arm_cmpdf2.o)
                0x00000c6c                __gtdf2
                0x00000c6c                __gedf2
                0x00000c74                __ltdf2
                0x00000c74                __ledf2
                0x00000c7c                __nedf2
                0x00000c7c                __eqdf2
                0x00000c7c                __cmpdf2
                0x00000cf8                __aeabi_cdrcmple
                0x00000d08                __aeabi_cdcmpeq
                0x00000d08                __aeabi_cdcmple
                0x00000d18                __aeabi_dcmpeq
                0x00000d2c                __aeabi_dcmplt
                0x00000d40                __aeabi_dcmple
                0x00000d54                __aeabi_dcmpge
                0x00000d68                __aeabi_dcmpgt
 .text          0x00000d7c       0x50 c:/freescale/kds_v3/toolchain/bin/../lib/gcc/arm-none-eabi/4.8.4/armv7e-m\libgcc.a(_arm_fixdfsi.o)
                0x00000d7c                __aeabi_d2iz
                0x00000d7c                __fixdfsi
 .text          0x00000dcc      0x21c c:/freescale/kds_v3/toolchain/bin/../lib/gcc/arm-none-eabi/4.8.4/armv7e-m\libgcc.a(_arm_addsubsf3.o)
                0x00000dcc                __aeabi_frsub
                0x00000dd4                __subsf3
                0x00000dd4                __aeabi_fsub
                0x00000dd8                __aeabi_fadd
                0x00000dd8                __addsf3
                0x00000f38                __aeabi_ui2f
                0x00000f38                __floatunsisf
                0x00000f40                __aeabi_i2f
                0x00000f40                __floatsisf
                0x00000f5c                __aeabi_ul2f
                0x00000f5c                __floatundisf
                0x00000f6c                __aeabi_l2f
                0x00000f6c                __floatdisf
 .text          0x00000fe8       0xec c:/freescale/kds_v3/toolchain/bin/../lib/gcc/arm-none-eabi/4.8.4/armv7e-m\libgcc.a(_arm_cmpsf2.o)
                0x00000fe8                __gesf2
                0x00000fe8                __gtsf2
                0x00000ff0                __lesf2
                0x00000ff0                __ltsf2
                0x00000ff8                __nesf2
                0x00000ff8                __eqsf2
                0x00000ff8                __cmpsf2
                0x00001058                __aeabi_cfrcmple
                0x00001060                __aeabi_cfcmpeq
                0x00001060                __aeabi_cfcmple
                0x00001070                __aeabi_fcmpeq
                0x00001084                __aeabi_fcmplt
                0x00001098                __aeabi_fcmple
                0x000010ac                __aeabi_fcmpge
                0x000010c0                __aeabi_fcmpgt
 .text          0x000010d4       0x4c c:/freescale/kds_v3/toolchain/bin/../lib/gcc/arm-none-eabi/4.8.4/armv7e-m\libgcc.a(_arm_fixsfsi.o)
                0x000010d4                __aeabi_f2iz
                0x000010d4                __fixsfsi
 .text          0x00001120      0xa1c c:/freescale/kds_v3/toolchain/bin/../lib/gcc/arm-none-eabi/4.8.4/armv7e-m\libgcc.a(unwind-arm.o)
                0x00001404                _Unwind_GetCFA
                0x00001408                __gnu_Unwind_RaiseException
                0x00001468                __gnu_Unwind_ForcedUnwind
                0x0000147c                __gnu_Unwind_Resume
                0x000014c0                __gnu_Unwind_Resume_or_Rethrow
                0x000014d0                _Unwind_Complete
                0x000014d4                _Unwind_DeleteException
                0x000014e4                _Unwind_VRS_Get
                0x00001534                _Unwind_VRS_Set
                0x00001584                __gnu_Unwind_Backtrace
                0x000018d8                __aeabi_unwind_cpp_pr0
                0x000018e0                __aeabi_unwind_cpp_pr1
                0x000018e8                __aeabi_unwind_cpp_pr2
                0x000018f0                _Unwind_VRS_Pop
 .text          0x00001b3c      0x1ac c:/freescale/kds_v3/toolchain/bin/../lib/gcc/arm-none-eabi/4.8.4/armv7e-m\libgcc.a(libunwind.o)
                0x00001b3c                __restore_core_regs
                0x00001b3c                restore_core_regs
                0x00001b54                __gnu_Unwind_Restore_VFP
                0x00001b5c                __gnu_Unwind_Save_VFP
                0x00001b64                __gnu_Unwind_Restore_VFP_D
                0x00001b6c                __gnu_Unwind_Save_VFP_D
                0x00001b74                __gnu_Unwind_Restore_VFP_D_16_to_31
                0x00001b7c                __gnu_Unwind_Save_VFP_D_16_to_31
                0x00001b84                __gnu_Unwind_Restore_WMMXD
                0x00001bc8                __gnu_Unwind_Save_WMMXD
                0x00001c0c                __gnu_Unwind_Restore_WMMXC
                0x00001c20                __gnu_Unwind_Save_WMMXC
                0x00001c34                ___Unwind_RaiseException
                0x00001c34                _Unwind_RaiseException
                0x00001c58                _Unwind_Resume
                0x00001c58                ___Unwind_Resume
                0x00001c7c                _Unwind_Resume_or_Rethrow
                0x00001c7c                ___Unwind_Resume_or_Rethrow
                0x00001ca0                _Unwind_ForcedUnwind
                0x00001ca0                ___Unwind_ForcedUnwind
                0x00001cc4                ___Unwind_Backtrace
                0x00001cc4                _Unwind_Backtrace
 .text          0x00001ce8      0x33c c:/freescale/kds_v3/toolchain/bin/../lib/gcc/arm-none-eabi/4.8.4/armv7e-m\libgcc.a(pr-support.o)
                0x00001d3c                __gnu_unwind_execute
                0x00001fc8                __gnu_unwind_frame
                0x00001ff4                _Unwind_GetRegionStart
                0x00002000                _Unwind_GetLanguageSpecificData
                0x00002014                _Unwind_GetDataRelBase
                0x0000201c                _Unwind_GetTextRelBase
 .text          0x00002024       0x14 c:/freescale/kds_v3/toolchain/bin/../lib/gcc/arm-none-eabi/4.8.4/../../../../arm-none-eabi/lib/armv7e-m\libg_s.a(lib_a-strcmp.o)
                0x00002024                strcmp
 *(.text*)
 .text.PUSH_BUTTON_REC_OnInterrupt
                0x00002038        0xc ./Sources/Events.o
                0x00002038                PUSH_BUTTON_REC_OnInterrupt
 .text.PUSH_BUTTON_SEND_OnInterrupt
                0x00002044       0x18 ./Sources/Events.o
                0x00002044                PUSH_BUTTON_SEND_OnInterrupt
 .text.I2C0_OnReceiveData
                0x0000205c        0xc ./Sources/Events.o
                0x0000205c                I2C0_OnReceiveData
 .text.I2C0_OnTransmitData
                0x00002068        0xc ./Sources/Events.o
                0x00002068                I2C0_OnTransmitData
 .text.T_100ms_OnCounterRestart
                0x00002074       0x48 ./Sources/Events.o
                0x00002074                T_100ms_OnCounterRestart
 .text.LEVER_DIR2_OnInterrupt
                0x000020bc       0x38 ./Sources/Events.o
                0x000020bc                LEVER_DIR2_OnInterrupt
 .text.LEVER_DIR1_OnInterrupt
                0x000020f4       0x38 ./Sources/Events.o
                0x000020f4                LEVER_DIR1_OnInterrupt
 .text.ENCODER_PUSH_OnInterrupt
                0x0000212c       0x80 ./Sources/Events.o
                0x0000212c                ENCODER_PUSH_OnInterrupt
 .text.ENCODER_OnPortEvent
                0x000021ac       0xc0 ./Sources/Events.o
                0x000021ac                ENCODER_OnPortEvent
 .text.T_500ms_OnCounterRestart
                0x0000226c       0x14 ./Sources/Events.o
                0x0000226c                T_500ms_OnCounterRestart
 .text.I2C0_OnArbitLost
                0x00002280        0xc ./Sources/Events.o
                0x00002280                I2C0_OnArbitLost
 .text.AS1_OnTxComplete
                0x0000228c       0x14 ./Sources/Events.o
                0x0000228c                AS1_OnTxComplete
 .text.AS1_OnError
                0x000022a0        0xc ./Sources/Events.o
                0x000022a0                AS1_OnError
 .text.AS1_OnRxChar
                0x000022ac        0xc ./Sources/Events.o
                0x000022ac                AS1_OnRxChar
 .text.AS1_OnRxCharExt
                0x000022b8       0xc8 ./Sources/Events.o
                0x000022b8                AS1_OnRxCharExt
 .text.AS1_OnTxChar
                0x00002380       0x14 ./Sources/Events.o
                0x00002380                AS1_OnTxChar
 .text.AS1_OnFullRxBuf
                0x00002394       0x14 ./Sources/Events.o
                0x00002394                AS1_OnFullRxBuf
 .text.AS1_OnFreeTxBuf
                0x000023a8        0xc ./Sources/Events.o
                0x000023a8                AS1_OnFreeTxBuf
 .text.IFsh1_OnWriteEnd
                0x000023b4        0xc ./Sources/Events.o
                0x000023b4                IFsh1_OnWriteEnd
 .text.TU1_OnCounterRestart
                0x000023c0       0x1c ./Sources/Events.o
                0x000023c0                TU1_OnCounterRestart
 .text.LCD_Init
                0x000023dc       0x50 ./Sources/LCD.o
                0x000023dc                LCD_Init
 .text.LCD_command
                0x0000242c       0x30 ./Sources/LCD.o
                0x0000242c                LCD_command
 .text.LCD_Set_Cursor
                0x0000245c       0x58 ./Sources/LCD.o
                0x0000245c                LCD_Set_Cursor
 .text.LCD_Write
                0x000024b4       0x28 ./Sources/LCD.o
                0x000024b4                LCD_Write
 .text.load_custom_char
                0x000024dc       0x50 ./Sources/LCD.o
                0x000024dc                load_custom_char
 .text.LCD_Write_At
                0x0000252c       0x3c ./Sources/LCD.o
                0x0000252c                LCD_Write_At
 .text.LCD_Write_Block
                0x00002568       0xa0 ./Sources/LCD.o
                0x00002568                LCD_Write_Block
 .text.PCA9670_Init
                0x00002608       0x34 ./Sources/PCA9670.o
                0x00002608                PCA9670_Init
 .text.PCA9670_SendByte
                0x0000263c       0x3c ./Sources/PCA9670.o
                0x0000263c                PCA9670_SendByte
 .text.vspfunc  0x00002678       0x30 ./Sources/display.o
                0x00002678                vspfunc
 .text.print_float_at
                0x000026a8      0x174 ./Sources/display.o
                0x000026a8                print_float_at
 .text.print_int_at
                0x0000281c       0xa0 ./Sources/display.o
                0x0000281c                print_int_at
 .text.load_char
                0x000028bc       0xcc ./Sources/display.o
                0x000028bc                load_char
 .text.menu_init
                0x00002988       0x1c ./Sources/display.o
                0x00002988                menu_init
 .text.refresh  0x000029a4       0x24 ./Sources/display.o
                0x000029a4                refresh
 .text.select   0x000029c8       0x24 ./Sources/display.o
                0x000029c8                select
 .text.back     0x000029ec       0x30 ./Sources/display.o
                0x000029ec                back
 .text.controle_mode_display
                0x00002a1c       0x4c ./Sources/display.o
                0x00002a1c                controle_mode_display
 .text.control_mode_fct
                0x00002a68       0x5c ./Sources/display.o
                0x00002a68                control_mode_fct
 .text.refresh_fct
                0x00002ac4       0x84 ./Sources/display.o
                0x00002ac4                refresh_fct
 .text.velocity_fct
                0x00002b48      0x330 ./Sources/display.o
                0x00002b48                velocity_fct
 .text.acceleration_fct
                0x00002e78      0x114 ./Sources/display.o
                0x00002e78                acceleration_fct
 .text.deceleration_fct
                0x00002f8c      0x114 ./Sources/display.o
                0x00002f8c                deceleration_fct
 .text.back_fct
                0x000030a0       0x30 ./Sources/display.o
                0x000030a0                back_fct
 .text.pos_position_fct
                0x000030d0      0x328 ./Sources/display.o
                0x000030d0                pos_position_fct
 .text.pos_velocity_fct
                0x000033f8      0x114 ./Sources/display.o
                0x000033f8                pos_velocity_fct
 .text.pos_acceleration_fct
                0x0000350c      0x114 ./Sources/display.o
                0x0000350c                pos_acceleration_fct
 .text.pos_deceleration_fct
                0x00003620      0x114 ./Sources/display.o
                0x00003620                pos_deceleration_fct
 .text.torque_fct
                0x00003734      0x328 ./Sources/display.o
                0x00003734                torque_fct
 .text.torque_rise_fct
                0x00003a5c      0x110 ./Sources/display.o
                0x00003a5c                torque_rise_fct
 .text.torque_fall_fct
                0x00003b6c      0x110 ./Sources/display.o
                0x00003b6c                torque_fall_fct
 .text._Z41__static_initialization_and_destruction_0ii
                0x00003c7c      0x390 ./Sources/display.o
 .text._GLOBAL__sub_I_buffer
                0x0000400c       0x10 ./Sources/display.o
 .text.main     0x0000401c      0x468 ./Sources/main.o
                0x0000401c                main
 .text.init_menu
                0x00004484       0x40 ./Sources/menu.o
                0x00004484                init_menu
 .text.init_sub_menu
                0x000044c4       0x44 ./Sources/menu.o
                0x000044c4                init_sub_menu
 .text.init_menu_list
                0x00004508       0x30 ./Sources/menu.o
                0x00004508                init_menu_list
 .text.init_sub_menu_list
                0x00004538       0x30 ./Sources/menu.o
                0x00004538                init_sub_menu_list
 .text.print_menu
                0x00004568      0x128 ./Sources/menu.o
                0x00004568                print_menu
 .text.print_sub_menu
                0x00004690      0x148 ./Sources/menu.o
                0x00004690                print_sub_menu
 .text.menu_select
                0x000047d8      0x150 ./Sources/menu.o
                0x000047d8                menu_select
 .text.menu_back
                0x00004928      0x12c ./Sources/menu.o
                0x00004928                menu_back
 .text.refresh_menu
                0x00004a54       0xc4 ./Sources/menu.o
                0x00004a54                refresh_menu
 .text.void_function
                0x00004b18        0xc ./Sources/menu.o
                0x00004b18                void_function
 .text.parameters_init
                0x00004b24       0xc8 ./Sources/parameters.o
                0x00004b24                parameters_init
 .text.convert  0x00004bec       0x3c ./Sources/parameters.o
                0x00004bec                convert
 .text.serial_send_block
                0x00004c28       0xdc ./Sources/protocol.o
                0x00004c28                serial_send_block
 .text.serial_send_float
                0x00004d04       0x30 ./Sources/protocol.o
                0x00004d04                serial_send_float
 .text.serial_send_int
                0x00004d34       0x30 ./Sources/protocol.o
                0x00004d34                serial_send_int
 .text.serial_send_string
                0x00004d64       0x58 ./Sources/protocol.o
                0x00004d64                serial_send_string
 .text.serial_send_char
                0x00004dbc       0x30 ./Sources/protocol.o
                0x00004dbc                serial_send_char
 .text.serial_send_end
                0x00004dec       0x14 ./Sources/protocol.o
                0x00004dec                serial_send_end
 .text.msg_parse
                0x00004e00      0x1c4 ./Sources/protocol.o
                0x00004e00                msg_parse
 .text.msg_processing
                0x00004fc4       0x90 ./Sources/protocol.o
                0x00004fc4                msg_processing
 .text.Send_Control_Mode
                0x00005054       0x30 ./Sources/send.o
                0x00005054                Send_Control_Mode
 .text.send_fct
                0x00005084      0x2ac ./Sources/send.o
                0x00005084                send_fct
 .text.control_mode_processing
                0x00005330       0x80 ./Sources/send.o
                0x00005330                control_mode_processing
 .text.__copy_rom_section
                0x000053b0       0xe4 ./Project_Settings/Startup_Code/startup.o
                0x000053b0                __copy_rom_section
 .text.__copy_rom_sections_to_ram
                0x00005494       0x9c ./Project_Settings/Startup_Code/startup.o
                0x00005494                __copy_rom_sections_to_ram
 .text.__init_registers
                0x00005530        0xc ./Project_Settings/Startup_Code/startup.o
                0x00005530                __init_registers
 .text.__init_user
                0x0000553c        0xc ./Project_Settings/Startup_Code/startup.o
                0x0000553c                __init_user
 .text.__thumb_startup
                0x00005548       0x34 ./Project_Settings/Startup_Code/startup.o
                0x00005548                __thumb_startup
 .text.HWEnDi   0x0000557c       0x1c ./Generated_Code/AS1.o
 .text.AS1_SendChar
                0x00005598       0xdc ./Generated_Code/AS1.o
                0x00005598                AS1_SendChar
 .text.AS1_SendBlock
                0x00005674      0x140 ./Generated_Code/AS1.o
                0x00005674                AS1_SendBlock
 .text.AS1_ClearRxBuf
                0x000057b4       0x78 ./Generated_Code/AS1.o
                0x000057b4                AS1_ClearRxBuf
 .text.AS1_Init
                0x0000582c       0x60 ./Generated_Code/AS1.o
                0x0000582c                AS1_Init
 .text.ASerialLdd1_OnBlockReceived
                0x0000588c       0xcc ./Generated_Code/AS1.o
                0x0000588c                ASerialLdd1_OnBlockReceived
 .text.ASerialLdd1_OnBlockSent
                0x00005958       0xd4 ./Generated_Code/AS1.o
                0x00005958                ASerialLdd1_OnBlockSent
 .text.ASerialLdd1_OnError
                0x00005a2c       0x9c ./Generated_Code/AS1.o
                0x00005a2c                ASerialLdd1_OnError
 .text.ASerialLdd1_OnTxComplete
                0x00005ac8       0x14 ./Generated_Code/AS1.o
                0x00005ac8                ASerialLdd1_OnTxComplete
 .text.ASerialLdd1_OnBreak
                0x00005adc       0x24 ./Generated_Code/AS1.o
                0x00005adc                ASerialLdd1_OnBreak
 .text.ASerialLdd1_Init
                0x00005b00      0x1c0 ./Generated_Code/ASerialLdd1.o
                0x00005b00                ASerialLdd1_Init
 .text.ASerialLdd1_ReceiveBlock
                0x00005cc0       0x90 ./Generated_Code/ASerialLdd1.o
                0x00005cc0                ASerialLdd1_ReceiveBlock
 .text.ASerialLdd1_SendBlock
                0x00005d50       0xbc ./Generated_Code/ASerialLdd1.o
                0x00005d50                ASerialLdd1_SendBlock
 .text.InterruptRx
                0x00005e0c       0x58 ./Generated_Code/ASerialLdd1.o
 .text.InterruptTx
                0x00005e64       0x9c ./Generated_Code/ASerialLdd1.o
 .text.ASerialLdd1_Interrupt
                0x00005f00      0x130 ./Generated_Code/ASerialLdd1.o
                0x00005f00                ASerialLdd1_Interrupt
 .text.ASerialLdd1_GetError
                0x00006030       0x70 ./Generated_Code/ASerialLdd1.o
                0x00006030                ASerialLdd1_GetError
 .text.BitIoLdd1_Init
                0x000060a0       0x64 ./Generated_Code/BitIoLdd1.o
                0x000060a0                BitIoLdd1_Init
 .text.BitIoLdd2_Init
                0x00006104       0x64 ./Generated_Code/BitIoLdd2.o
                0x00006104                BitIoLdd2_Init
 .text.BitIoLdd2_ClrVal
                0x00006168       0x1c ./Generated_Code/BitIoLdd2.o
                0x00006168                BitIoLdd2_ClrVal
 .text.BitIoLdd2_SetVal
                0x00006184       0x1c ./Generated_Code/BitIoLdd2.o
                0x00006184                BitIoLdd2_SetVal
 .text.BitIoLdd2_NegVal
                0x000061a0       0x1c ./Generated_Code/BitIoLdd2.o
                0x000061a0                BitIoLdd2_NegVal
 .text.BitIoLdd3_Init
                0x000061bc       0x64 ./Generated_Code/BitIoLdd3.o
                0x000061bc                BitIoLdd3_Init
 .text.BitIoLdd3_ClrVal
                0x00006220       0x1c ./Generated_Code/BitIoLdd3.o
                0x00006220                BitIoLdd3_ClrVal
 .text.BitIoLdd3_SetVal
                0x0000623c       0x1c ./Generated_Code/BitIoLdd3.o
                0x0000623c                BitIoLdd3_SetVal
 .text.BitIoLdd4_Init
                0x00006258       0x64 ./Generated_Code/BitIoLdd4.o
                0x00006258                BitIoLdd4_Init
 .text.BitIoLdd4_ClrVal
                0x000062bc       0x1c ./Generated_Code/BitIoLdd4.o
                0x000062bc                BitIoLdd4_ClrVal
 .text.BitIoLdd4_SetVal
                0x000062d8       0x1c ./Generated_Code/BitIoLdd4.o
                0x000062d8                BitIoLdd4_SetVal
 .text.BitIoLdd5_Init
                0x000062f4       0x64 ./Generated_Code/BitIoLdd5.o
                0x000062f4                BitIoLdd5_Init
 .text.BitIoLdd5_ClrVal
                0x00006358       0x1c ./Generated_Code/BitIoLdd5.o
                0x00006358                BitIoLdd5_ClrVal
 .text.BitIoLdd5_SetVal
                0x00006374       0x1c ./Generated_Code/BitIoLdd5.o
                0x00006374                BitIoLdd5_SetVal
 .text.BitIoLdd6_Init
                0x00006390       0x64 ./Generated_Code/BitIoLdd6.o
                0x00006390                BitIoLdd6_Init
 .text.BitIoLdd6_ClrVal
                0x000063f4       0x20 ./Generated_Code/BitIoLdd6.o
                0x000063f4                BitIoLdd6_ClrVal
 .text.BitIoLdd6_SetVal
                0x00006414       0x20 ./Generated_Code/BitIoLdd6.o
                0x00006414                BitIoLdd6_SetVal
 .text.BitIoLdd7_Init
                0x00006434       0x64 ./Generated_Code/BitIoLdd7.o
                0x00006434                BitIoLdd7_Init
 .text.BitIoLdd7_ClrVal
                0x00006498       0x1c ./Generated_Code/BitIoLdd7.o
                0x00006498                BitIoLdd7_ClrVal
 .text.BitIoLdd7_SetVal
                0x000064b4       0x1c ./Generated_Code/BitIoLdd7.o
                0x000064b4                BitIoLdd7_SetVal
 .text.Cpu_ivINT_PORTC
                0x000064d0       0x30 ./Generated_Code/Cpu.o
                0x000064d0                Cpu_ivINT_PORTC
 .text.Cpu_Interrupt
                0x00006500       0x18 ./Generated_Code/Cpu.o
                0x00006500                Cpu_Interrupt
 .text.__init_hardware
                0x00006518      0x140 ./Generated_Code/Cpu.o
                0x00006518                __init_hardware
 .text.Cpu_SetBASEPRI
                0x00006658       0x18 ./Generated_Code/Cpu.o
                0x00006658                Cpu_SetBASEPRI
 .text.PE_low_level_init
                0x00006670      0x10c ./Generated_Code/Cpu.o
                0x00006670                PE_low_level_init
 .text.ENCODER_Init
                0x0000677c       0xb0 ./Generated_Code/ENCODER.o
                0x0000677c                ENCODER_Init
 .text.ENCODER_GetFieldValue
                0x0000682c       0x40 ./Generated_Code/ENCODER.o
                0x0000682c                ENCODER_GetFieldValue
 .text.ENCODER_Interrupt
                0x0000686c       0x4c ./Generated_Code/ENCODER.o
                0x0000686c                ENCODER_Interrupt
 .text.ExtIntLdd1_OnInterrupt
                0x000068b8       0x14 ./Generated_Code/ENCODER_PUSH.o
                0x000068b8                ExtIntLdd1_OnInterrupt
 .text.ExtIntLdd1_Init
                0x000068cc       0x80 ./Generated_Code/ExtIntLdd1.o
                0x000068cc                ExtIntLdd1_Init
 .text.ExtIntLdd1_Interrupt
                0x0000694c       0x3c ./Generated_Code/ExtIntLdd1.o
                0x0000694c                ExtIntLdd1_Interrupt
 .text.ExtIntLdd1_GetVal
                0x00006988       0x2c ./Generated_Code/ExtIntLdd1.o
                0x00006988                ExtIntLdd1_GetVal
 .text.ExtIntLdd2_Init
                0x000069b4       0x80 ./Generated_Code/ExtIntLdd2.o
                0x000069b4                ExtIntLdd2_Init
 .text.ExtIntLdd2_Interrupt
                0x00006a34       0x3c ./Generated_Code/ExtIntLdd2.o
                0x00006a34                ExtIntLdd2_Interrupt
 .text.ExtIntLdd2_GetVal
                0x00006a70       0x2c ./Generated_Code/ExtIntLdd2.o
                0x00006a70                ExtIntLdd2_GetVal
 .text.ExtIntLdd3_Init
                0x00006a9c       0x80 ./Generated_Code/ExtIntLdd3.o
                0x00006a9c                ExtIntLdd3_Init
 .text.ExtIntLdd3_Interrupt
                0x00006b1c       0x3c ./Generated_Code/ExtIntLdd3.o
                0x00006b1c                ExtIntLdd3_Interrupt
 .text.ExtIntLdd3_GetVal
                0x00006b58       0x2c ./Generated_Code/ExtIntLdd3.o
                0x00006b58                ExtIntLdd3_GetVal
 .text.ExtIntLdd4_Init
                0x00006b84       0x7c ./Generated_Code/ExtIntLdd4.o
                0x00006b84                ExtIntLdd4_Init
 .text.ExtIntLdd4_Interrupt
                0x00006c00       0x3c ./Generated_Code/ExtIntLdd4.o
                0x00006c00                ExtIntLdd4_Interrupt
 .text.ExtIntLdd5_Init
                0x00006c3c       0x7c ./Generated_Code/ExtIntLdd5.o
                0x00006c3c                ExtIntLdd5_Init
 .text.ExtIntLdd5_Interrupt
                0x00006cb8       0x3c ./Generated_Code/ExtIntLdd5.o
                0x00006cb8                ExtIntLdd5_Interrupt
 .text.I2C0_SendChar
                0x00006cf4       0x2c ./Generated_Code/I2C0.o
                0x00006cf4                I2C0_SendChar
 .text.I2C0_SendBlock
                0x00006d20       0xc0 ./Generated_Code/I2C0.o
                0x00006d20                I2C0_SendBlock
 .text.I2C0_SelectSlave
                0x00006de0       0x34 ./Generated_Code/I2C0.o
                0x00006de0                I2C0_SelectSlave
 .text.I2C0_Init
                0x00006e14       0x20 ./Generated_Code/I2C0.o
                0x00006e14                I2C0_Init
 .text.IntI2cLdd1_OnMasterBlockSent
                0x00006e34       0x14 ./Generated_Code/I2C0.o
                0x00006e34                IntI2cLdd1_OnMasterBlockSent
 .text.IntI2cLdd1_OnMasterBlockReceived
                0x00006e48       0x14 ./Generated_Code/I2C0.o
                0x00006e48                IntI2cLdd1_OnMasterBlockReceived
 .text.IntI2cLdd1_OnError
                0x00006e5c       0x30 ./Generated_Code/I2C0.o
                0x00006e5c                IntI2cLdd1_OnError
 .text.IFsh1_Init
                0x00006e8c       0x2c ./Generated_Code/IFsh1.o
                0x00006e8c                IFsh1_Init
 .text.IntFlashLdd1_OnOperationComplete
                0x00006eb8       0x4c ./Generated_Code/IFsh1.o
                0x00006eb8                IntFlashLdd1_OnOperationComplete
 .text.IntFlashLdd1_OnError
                0x00006f04       0x54 ./Generated_Code/IFsh1.o
                0x00006f04                IntFlashLdd1_OnError
 .text.IntFlashLdd1_Init
                0x00006f58       0xa4 ./Generated_Code/IntFlashLdd1.o
                0x00006f58                IntFlashLdd1_Init
 .text.IntFlashLdd1_CommandCompleteInterrupt
                0x00006ffc      0x24c ./Generated_Code/IntFlashLdd1.o
                0x00006ffc                IntFlashLdd1_CommandCompleteInterrupt
 .text.IntFlashLdd1_GetError
                0x00007248       0x90 ./Generated_Code/IntFlashLdd1.o
                0x00007248                IntFlashLdd1_GetError
 .text.SafeRoutineCaller
                0x000072d8       0x94 ./Generated_Code/IntFlashLdd1.o
 .text.IntI2cLdd1_Interrupt
                0x0000736c      0x2d4 ./Generated_Code/IntI2cLdd1.o
                0x0000736c                IntI2cLdd1_Interrupt
 .text.IntI2cLdd1_Init
                0x00007640      0x13c ./Generated_Code/IntI2cLdd1.o
                0x00007640                IntI2cLdd1_Init
 .text.IntI2cLdd1_MasterSendBlock
                0x0000777c      0x190 ./Generated_Code/IntI2cLdd1.o
                0x0000777c                IntI2cLdd1_MasterSendBlock
 .text.IntI2cLdd1_SelectSlaveDevice
                0x0000790c       0xf0 ./Generated_Code/IntI2cLdd1.o
                0x0000790c                IntI2cLdd1_SelectSlaveDevice
 .text.IntI2cLdd1_GetError
                0x000079fc       0x70 ./Generated_Code/IntI2cLdd1.o
                0x000079fc                IntI2cLdd1_GetError
 .text.ExtIntLdd2_OnInterrupt
                0x00007a6c       0x14 ./Generated_Code/LEVER_DIR1.o
                0x00007a6c                ExtIntLdd2_OnInterrupt
 .text.ExtIntLdd3_OnInterrupt
                0x00007a80       0x14 ./Generated_Code/LEVER_DIR2.o
                0x00007a80                ExtIntLdd3_OnInterrupt
 .text.ExtIntLdd5_OnInterrupt
                0x00007a94       0x14 ./Generated_Code/PUSH_BUTTON_REC.o
                0x00007a94                ExtIntLdd5_OnInterrupt
 .text.ExtIntLdd4_OnInterrupt
                0x00007aa8       0x14 ./Generated_Code/PUSH_BUTTON_SEND.o
                0x00007aa8                ExtIntLdd4_OnInterrupt
 .text.TU1_Init
                0x00007abc       0xb0 ./Generated_Code/TU1.o
                0x00007abc                TU1_Init
 .text.TU1_Enable
                0x00007b6c       0x30 ./Generated_Code/TU1.o
                0x00007b6c                TU1_Enable
 .text.TU1_Disable
                0x00007b9c       0x28 ./Generated_Code/TU1.o
                0x00007b9c                TU1_Disable
 .text.TU1_Interrupt
                0x00007bc4       0x6c ./Generated_Code/TU1.o
                0x00007bc4                TU1_Interrupt
 .text.T_100ms_Init
                0x00007c30       0xb0 ./Generated_Code/T_100ms.o
                0x00007c30                T_100ms_Init
 .text.T_100ms_Enable
                0x00007ce0       0x30 ./Generated_Code/T_100ms.o
                0x00007ce0                T_100ms_Enable
 .text.T_100ms_Disable
                0x00007d10       0x28 ./Generated_Code/T_100ms.o
                0x00007d10                T_100ms_Disable
 .text.T_100ms_Interrupt
                0x00007d38       0x6c ./Generated_Code/T_100ms.o
                0x00007d38                T_100ms_Interrupt
 .text.T_500ms_Init
                0x00007da4       0xcc ./Generated_Code/T_500ms.o
                0x00007da4                T_500ms_Init
 .text.T_500ms_Interrupt
                0x00007e70       0x6c ./Generated_Code/T_500ms.o
                0x00007e70                T_500ms_Interrupt
 .text.WAIT1_Wait10Cycles
                0x00007edc        0x8 ./Generated_Code/WAIT1.o
                0x00007edc                WAIT1_Wait10Cycles
 .text.WAIT1_Wait100Cycles
                0x00007ee4       0x1c ./Generated_Code/WAIT1.o
                0x00007ee4                WAIT1_Wait100Cycles
 .text.WAIT1_WaitCycles
                0x00007f00       0x34 ./Generated_Code/WAIT1.o
                0x00007f00                WAIT1_WaitCycles
 .text.WAIT1_WaitLongCycles
                0x00007f34       0x38 ./Generated_Code/WAIT1.o
                0x00007f34                WAIT1_WaitLongCycles
 .text.WAIT1_Waitms
                0x00007f6c       0x2c ./Generated_Code/WAIT1.o
                0x00007f6c                WAIT1_Waitms
 .text.round    0x00007f98       0x9c c:/freescale/kds_v3/toolchain/bin/../lib/gcc/arm-none-eabi/4.8.4/../../../../arm-none-eabi/lib/armv7e-m\libm.a(lib_a-s_round.o)
                0x00007f98                round
 .text.pow      0x00008034      0x2f8 c:/freescale/kds_v3/toolchain/bin/../lib/gcc/arm-none-eabi/4.8.4/../../../../arm-none-eabi/lib/armv7e-m\libm.a(lib_a-w_pow.o)
                0x00008034                pow
 *fill*         0x0000832c        0x4 
 .text.__ieee754_pow
                0x00008330      0xa78 c:/freescale/kds_v3/toolchain/bin/../lib/gcc/arm-none-eabi/4.8.4/../../../../arm-none-eabi/lib/armv7e-m\libm.a(lib_a-e_pow.o)
                0x00008330                __ieee754_pow
 .text.__ieee754_sqrt
                0x00008da8      0x180 c:/freescale/kds_v3/toolchain/bin/../lib/gcc/arm-none-eabi/4.8.4/../../../../arm-none-eabi/lib/armv7e-m\libm.a(lib_a-e_sqrt.o)
                0x00008da8                __ieee754_sqrt
 .text.fabs     0x00008f28        0x8 c:/freescale/kds_v3/toolchain/bin/../lib/gcc/arm-none-eabi/4.8.4/../../../../arm-none-eabi/lib/armv7e-m\libm.a(lib_a-s_fabs.o)
                0x00008f28                fabs
 .text.finite   0x00008f30        0xc c:/freescale/kds_v3/toolchain/bin/../lib/gcc/arm-none-eabi/4.8.4/../../../../arm-none-eabi/lib/armv7e-m\libm.a(lib_a-s_finite.o)
                0x00008f30                finite
 .text.__fpclassifyd
                0x00008f3c       0x50 c:/freescale/kds_v3/toolchain/bin/../lib/gcc/arm-none-eabi/4.8.4/../../../../arm-none-eabi/lib/armv7e-m\libm.a(lib_a-s_fpclassify.o)
                0x00008f3c                __fpclassifyd
 .text.matherr  0x00008f8c        0x4 c:/freescale/kds_v3/toolchain/bin/../lib/gcc/arm-none-eabi/4.8.4/../../../../arm-none-eabi/lib/armv7e-m\libm.a(lib_a-s_matherr.o)
                0x00008f8c                matherr
 .text.nan      0x00008f90        0xc c:/freescale/kds_v3/toolchain/bin/../lib/gcc/arm-none-eabi/4.8.4/../../../../arm-none-eabi/lib/armv7e-m\libm.a(lib_a-s_nan.o)
                0x00008f90                nan
 .text.rint     0x00008f9c      0x118 c:/freescale/kds_v3/toolchain/bin/../lib/gcc/arm-none-eabi/4.8.4/../../../../arm-none-eabi/lib/armv7e-m\libm.a(lib_a-s_rint.o)
                0x00008f9c                rint
 *fill*         0x000090b4        0x4 
 .text.scalbn   0x000090b8      0x118 c:/freescale/kds_v3/toolchain/bin/../lib/gcc/arm-none-eabi/4.8.4/../../../../arm-none-eabi/lib/armv7e-m\libm.a(lib_a-s_scalbn.o)
                0x000090b8                scalbn
 .text.copysign
                0x000091d0       0x14 c:/freescale/kds_v3/toolchain/bin/../lib/gcc/arm-none-eabi/4.8.4/../../../../arm-none-eabi/lib/armv7e-m\libm.a(lib_a-s_copysign.o)
                0x000091d0                copysign
 .text.abort    0x000091e4        0xe c:/freescale/kds_v3/toolchain/bin/../lib/gcc/arm-none-eabi/4.8.4/../../../../arm-none-eabi/lib/armv7e-m\libg_s.a(lib_a-abort.o)
                0x000091e4                abort
 *fill*         0x000091f2        0x2 
 .text.__errno  0x000091f4        0xc c:/freescale/kds_v3/toolchain/bin/../lib/gcc/arm-none-eabi/4.8.4/../../../../arm-none-eabi/lib/armv7e-m\libg_s.a(lib_a-errno.o)
                0x000091f4                __errno
 .text.exit     0x00009200       0x28 c:/freescale/kds_v3/toolchain/bin/../lib/gcc/arm-none-eabi/4.8.4/../../../../arm-none-eabi/lib/armv7e-m\libg_s.a(lib_a-exit.o)
                0x00009200                exit
 .text.__libc_init_array
                0x00009228       0x4c c:/freescale/kds_v3/toolchain/bin/../lib/gcc/arm-none-eabi/4.8.4/../../../../arm-none-eabi/lib/armv7e-m\libg_s.a(lib_a-init.o)
                0x00009228                __libc_init_array
 .text.memcpy   0x00009274       0x12 c:/freescale/kds_v3/toolchain/bin/../lib/gcc/arm-none-eabi/4.8.4/../../../../arm-none-eabi/lib/armv7e-m\libg_s.a(lib_a-memcpy-stub.o)
                0x00009274                memcpy
 .text.memset   0x00009286       0x10 c:/freescale/kds_v3/toolchain/bin/../lib/gcc/arm-none-eabi/4.8.4/../../../../arm-none-eabi/lib/armv7e-m\libg_s.a(lib_a-memset.o)
                0x00009286                memset
 .text._raise_r
                0x00009296       0x50 c:/freescale/kds_v3/toolchain/bin/../lib/gcc/arm-none-eabi/4.8.4/../../../../arm-none-eabi/lib/armv7e-m\libg_s.a(lib_a-signal.o)
                0x00009296                _raise_r
 *fill*         0x000092e6        0x2 
 .text.raise    0x000092e8       0x10 c:/freescale/kds_v3/toolchain/bin/../lib/gcc/arm-none-eabi/4.8.4/../../../../arm-none-eabi/lib/armv7e-m\libg_s.a(lib_a-signal.o)
                0x000092e8                raise
 .text._kill_r  0x000092f8       0x24 c:/freescale/kds_v3/toolchain/bin/../lib/gcc/arm-none-eabi/4.8.4/../../../../arm-none-eabi/lib/armv7e-m\libg_s.a(lib_a-signalr.o)
                0x000092f8                _kill_r
 .text._getpid_r
                0x0000931c        0x4 c:/freescale/kds_v3/toolchain/bin/../lib/gcc/arm-none-eabi/4.8.4/../../../../arm-none-eabi/lib/armv7e-m\libg_s.a(lib_a-signalr.o)
                0x0000931c                _getpid_r
 .text.strlen   0x00009320       0x10 c:/freescale/kds_v3/toolchain/bin/../lib/gcc/arm-none-eabi/4.8.4/../../../../arm-none-eabi/lib/armv7e-m\libg_s.a(lib_a-strlen.o)
                0x00009320                strlen
 .text._vsprintf_r
                0x00009330       0x30 c:/freescale/kds_v3/toolchain/bin/../lib/gcc/arm-none-eabi/4.8.4/../../../../arm-none-eabi/lib/armv7e-m\libg_s.a(lib_a-vsprintf.o)
                0x00009330                _vsprintf_r
                0x00009330                _vsiprintf_r
 .text.vsprintf
                0x00009360       0x1c c:/freescale/kds_v3/toolchain/bin/../lib/gcc/arm-none-eabi/4.8.4/../../../../arm-none-eabi/lib/armv7e-m\libg_s.a(lib_a-vsprintf.o)
                0x00009360                vsiprintf
                0x00009360                vsprintf
 .text._malloc_r
                0x0000937c       0xa8 c:/freescale/kds_v3/toolchain/bin/../lib/gcc/arm-none-eabi/4.8.4/../../../../arm-none-eabi/lib/armv7e-m\libg_s.a(lib_a-nano-mallocr.o)
                0x0000937c                _malloc_r
 .text._sbrk_r  0x00009424       0x20 c:/freescale/kds_v3/toolchain/bin/../lib/gcc/arm-none-eabi/4.8.4/../../../../arm-none-eabi/lib/armv7e-m\libg_s.a(lib_a-sbrkr.o)
                0x00009424                _sbrk_r
 .text.__ssputs_r
                0x00009444       0xb8 c:/freescale/kds_v3/toolchain/bin/../lib/gcc/arm-none-eabi/4.8.4/../../../../arm-none-eabi/lib/armv7e-m\libg_s.a(lib_a-svfprintf.o)
                0x00009444                __ssputs_r
 .text._svfprintf_r
                0x000094fc      0x1dc c:/freescale/kds_v3/toolchain/bin/../lib/gcc/arm-none-eabi/4.8.4/../../../../arm-none-eabi/lib/armv7e-m\libg_s.a(lib_a-svfprintf.o)
                0x000094fc                _svfiprintf_r
                0x000094fc                _svfprintf_r
 .text._printf_common
                0x000096d8       0xe4 c:/freescale/kds_v3/toolchain/bin/../lib/gcc/arm-none-eabi/4.8.4/../../../../arm-none-eabi/lib/armv7e-m\libg_s.a(lib_a-vfprintf_i.o)
                0x000096d8                _printf_common
 .text._printf_i
                0x000097bc      0x228 c:/freescale/kds_v3/toolchain/bin/../lib/gcc/arm-none-eabi/4.8.4/../../../../arm-none-eabi/lib/armv7e-m\libg_s.a(lib_a-vfprintf_i.o)
                0x000097bc                _printf_i
 .text.memchr   0x000099e4       0x1e c:/freescale/kds_v3/toolchain/bin/../lib/gcc/arm-none-eabi/4.8.4/../../../../arm-none-eabi/lib/armv7e-m\libg_s.a(lib_a-memchr-stub.o)
                0x000099e4                memchr
 .text.memmove  0x00009a02       0x36 c:/freescale/kds_v3/toolchain/bin/../lib/gcc/arm-none-eabi/4.8.4/../../../../arm-none-eabi/lib/armv7e-m\libg_s.a(lib_a-memmove.o)
                0x00009a02                memmove
 .text._free_r  0x00009a38       0x88 c:/freescale/kds_v3/toolchain/bin/../lib/gcc/arm-none-eabi/4.8.4/../../../../arm-none-eabi/lib/armv7e-m\libg_s.a(lib_a-nano-freer.o)
                0x00009a38                _free_r
 .text._realloc_r
                0x00009ac0       0x4c c:/freescale/kds_v3/toolchain/bin/../lib/gcc/arm-none-eabi/4.8.4/../../../../arm-none-eabi/lib/armv7e-m\libg_s.a(lib_a-nano-reallocr.o)
                0x00009ac0                _realloc_r
 .text._malloc_usable_size_r
                0x00009b0c       0x12 c:/freescale/kds_v3/toolchain/bin/../lib/gcc/arm-none-eabi/4.8.4/../../../../arm-none-eabi/lib/armv7e-m\libg_s.a(lib_a-nano-msizer.o)
                0x00009b0c                _malloc_usable_size_r
 *fill*         0x00009b1e        0x2 
 .text._getpid  0x00009b20       0x10 c:/freescale/kds_v3/toolchain/bin/../lib/gcc/arm-none-eabi/4.8.4/../../../../arm-none-eabi/lib/armv7e-m\libnosys.a(getpid.o)
                0x00009b20                _getpid
 .text._kill    0x00009b30       0x10 c:/freescale/kds_v3/toolchain/bin/../lib/gcc/arm-none-eabi/4.8.4/../../../../arm-none-eabi/lib/armv7e-m\libnosys.a(kill.o)
                0x00009b30                _kill
 .text._sbrk    0x00009b40       0x34 c:/freescale/kds_v3/toolchain/bin/../lib/gcc/arm-none-eabi/4.8.4/../../../../arm-none-eabi/lib/armv7e-m\libnosys.a(sbrk.o)
                0x00009b40                _sbrk
 .text._exit    0x00009b74        0x4 c:/freescale/kds_v3/toolchain/bin/../lib/gcc/arm-none-eabi/4.8.4/../../../../arm-none-eabi/lib/armv7e-m\libnosys.a(_exit.o)
                0x00009b74                _exit
 *(.rodata)
 .rodata        0x00009b78      0x3c4 ./Sources/display.o
 .rodata        0x00009f3c       0x14 ./Sources/menu.o
 .rodata        0x00009f50      0x200 ./Sources/protocol.o
 .rodata        0x0000a150      0x200 ./Sources/send.o
 *(.rodata*)
 .rodata.SafeRoutine
                0x0000a350       0x30 ./Generated_Code/IntFlashLdd1.o
 .rodata.str1.4
                0x0000a380        0x4 c:/freescale/kds_v3/toolchain/bin/../lib/gcc/arm-none-eabi/4.8.4/../../../../arm-none-eabi/lib/armv7e-m\libm.a(lib_a-w_pow.o)
 *fill*         0x0000a384        0x4 
 .rodata.dp_h   0x0000a388       0x10 c:/freescale/kds_v3/toolchain/bin/../lib/gcc/arm-none-eabi/4.8.4/../../../../arm-none-eabi/lib/armv7e-m\libm.a(lib_a-e_pow.o)
 .rodata.dp_l   0x0000a398       0x10 c:/freescale/kds_v3/toolchain/bin/../lib/gcc/arm-none-eabi/4.8.4/../../../../arm-none-eabi/lib/armv7e-m\libm.a(lib_a-e_pow.o)
 .rodata.bp     0x0000a3a8       0x10 c:/freescale/kds_v3/toolchain/bin/../lib/gcc/arm-none-eabi/4.8.4/../../../../arm-none-eabi/lib/armv7e-m\libm.a(lib_a-e_pow.o)
 .rodata.str1.4
                0x0000a3b8        0x4 c:/freescale/kds_v3/toolchain/bin/../lib/gcc/arm-none-eabi/4.8.4/../../../../arm-none-eabi/lib/armv7e-m\libm.a(lib_a-e_pow.o)
 *fill*         0x0000a3bc        0x4 
 .rodata.TWO52  0x0000a3c0       0x10 c:/freescale/kds_v3/toolchain/bin/../lib/gcc/arm-none-eabi/4.8.4/../../../../arm-none-eabi/lib/armv7e-m\libm.a(lib_a-s_rint.o)
 .rodata.str1.1
                0x0000a3d0        0x2 c:/freescale/kds_v3/toolchain/bin/../lib/gcc/arm-none-eabi/4.8.4/../../../../arm-none-eabi/lib/armv7e-m\libg_s.a(lib_a-impure.o)
 *fill*         0x0000a3d2        0x2 
 .rodata._global_impure_ptr
                0x0000a3d4        0x4 c:/freescale/kds_v3/toolchain/bin/../lib/gcc/arm-none-eabi/4.8.4/../../../../arm-none-eabi/lib/armv7e-m\libg_s.a(lib_a-impure.o)
                0x0000a3d4                _global_impure_ptr
 .rodata.str1.1
                0x0000a3d8       0x11 c:/freescale/kds_v3/toolchain/bin/../lib/gcc/arm-none-eabi/4.8.4/../../../../arm-none-eabi/lib/armv7e-m\libg_s.a(lib_a-svfprintf.o)
 .rodata.str1.1
                0x0000a3e9       0x22 c:/freescale/kds_v3/toolchain/bin/../lib/gcc/arm-none-eabi/4.8.4/../../../../arm-none-eabi/lib/armv7e-m\libg_s.a(lib_a-vfprintf_i.o)
 *(.glue_7)
 .glue_7        0x00000000        0x0 linker stubs
 *(.glue_7t)
 .glue_7t       0x00000000        0x0 linker stubs
 *(.eh_frame)
 *fill*         0x0000a40b        0x1 
 .eh_frame      0x0000a40c        0x0 c:/freescale/kds_v3/toolchain/bin/../lib/gcc/arm-none-eabi/4.8.4/armv7e-m/crtbegin.o
 *(.init)
 .init          0x0000a40c        0x4 c:/freescale/kds_v3/toolchain/bin/../lib/gcc/arm-none-eabi/4.8.4/armv7e-m/crti.o
                0x0000a40c                _init
 .init          0x0000a410        0x8 c:/freescale/kds_v3/toolchain/bin/../lib/gcc/arm-none-eabi/4.8.4/armv7e-m/crtn.o
 *(.fini)
 .fini          0x0000a418        0x4 c:/freescale/kds_v3/toolchain/bin/../lib/gcc/arm-none-eabi/4.8.4/armv7e-m/crti.o
                0x0000a418                _fini
 .fini          0x0000a41c        0x8 c:/freescale/kds_v3/toolchain/bin/../lib/gcc/arm-none-eabi/4.8.4/armv7e-m/crtn.o
                0x0000a424                . = ALIGN (0x4)
                0x0000a424                _etext = .

.vfp11_veneer   0x0000a424        0x0
 .vfp11_veneer  0x00000000        0x0 linker stubs

.v4_bx          0x0000a424        0x0
 .v4_bx         0x00000000        0x0 linker stubs

.iplt           0x0000a424        0x0
 .iplt          0x00000000        0x0 c:/freescale/kds_v3/toolchain/bin/../lib/gcc/arm-none-eabi/4.8.4/armv7e-m/crtbegin.o

.ARM.extab      0x0000a424      0x1b0
 *(.ARM.extab* .gnu.linkonce.armextab.*)
 .ARM.extab.text.LCD_command
                0x0000a424        0xc ./Sources/LCD.o
 .ARM.extab.text.LCD_Set_Cursor
                0x0000a430        0xc ./Sources/LCD.o
 .ARM.extab.text.LCD_Write
                0x0000a43c        0xc ./Sources/LCD.o
 .ARM.extab.text.load_custom_char
                0x0000a448        0xc ./Sources/LCD.o
 .ARM.extab.text.LCD_Write_At
                0x0000a454        0xc ./Sources/LCD.o
 .ARM.extab.text.LCD_Write_Block
                0x0000a460        0xc ./Sources/LCD.o
 .ARM.extab.text.PCA9670_SendByte
                0x0000a46c        0xc ./Sources/PCA9670.o
 .ARM.extab.text.print_float_at
                0x0000a478        0xc ./Sources/display.o
 .ARM.extab.text.print_int_at
                0x0000a484        0xc ./Sources/display.o
 .ARM.extab.text.load_char
                0x0000a490        0xc ./Sources/display.o
 .ARM.extab.text.menu_init
                0x0000a49c        0xc ./Sources/display.o
 .ARM.extab.text.refresh
                0x0000a4a8        0xc ./Sources/display.o
 .ARM.extab.text.select
                0x0000a4b4        0xc ./Sources/display.o
 .ARM.extab.text.back
                0x0000a4c0        0xc ./Sources/display.o
 .ARM.extab.text.controle_mode_display
                0x0000a4cc        0xc ./Sources/display.o
 .ARM.extab.text.refresh_fct
                0x0000a4d8        0xc ./Sources/display.o
 .ARM.extab.text.velocity_fct
                0x0000a4e4        0xc ./Sources/display.o
 .ARM.extab.text.pos_position_fct
                0x0000a4f0        0xc ./Sources/display.o
 .ARM.extab.text.torque_fct
                0x0000a4fc        0xc ./Sources/display.o
 .ARM.extab.text.print_menu
                0x0000a508        0xc ./Sources/menu.o
 .ARM.extab.text.print_sub_menu
                0x0000a514        0xc ./Sources/menu.o
 .ARM.extab.text.menu_select
                0x0000a520        0xc ./Sources/menu.o
 .ARM.extab.text.menu_back
                0x0000a52c        0xc ./Sources/menu.o
 .ARM.extab.text.refresh_menu
                0x0000a538        0xc ./Sources/menu.o
 .ARM.extab.text.serial_send_block
                0x0000a544        0xc ./Sources/protocol.o
 .ARM.extab.text.serial_send_float
                0x0000a550        0xc ./Sources/protocol.o
 .ARM.extab.text.serial_send_int
                0x0000a55c        0xc ./Sources/protocol.o
 .ARM.extab.text.serial_send_string
                0x0000a568        0xc ./Sources/protocol.o
 .ARM.extab.text.serial_send_char
                0x0000a574        0xc ./Sources/protocol.o
 .ARM.extab.text.msg_parse
                0x0000a580        0xc ./Sources/protocol.o
 .ARM.extab.text.msg_processing
                0x0000a58c        0xc ./Sources/protocol.o
 .ARM.extab.text.Send_Control_Mode
                0x0000a598        0xc ./Sources/send.o
 .ARM.extab.text.send_fct
                0x0000a5a4        0xc ./Sources/send.o
 .ARM.extab     0x0000a5b0        0xc c:/freescale/kds_v3/toolchain/bin/../lib/gcc/arm-none-eabi/4.8.4/armv7e-m\libgcc.a(unwind-arm.o)
 .ARM.extab     0x0000a5bc       0x18 c:/freescale/kds_v3/toolchain/bin/../lib/gcc/arm-none-eabi/4.8.4/armv7e-m\libgcc.a(pr-support.o)

.ARM            0x0000a5d4      0x228
                0x0000a5d4                __exidx_start = .
 *(.ARM.exidx*)
 .ARM.exidx     0x0000a5d4        0x8 c:/freescale/kds_v3/toolchain/bin/../lib/gcc/arm-none-eabi/4.8.4/../../../../arm-none-eabi/lib/armv7e-m/crt0.o
 .ARM.exidx.text.LCD_Init
                0x0000a69c        0x8 ./Sources/LCD.o
 .ARM.exidx.text.LCD_command
                0x0000a6a4        0x8 ./Sources/LCD.o
 .ARM.exidx.text.LCD_Set_Cursor
                0x0000a6ac        0x8 ./Sources/LCD.o
 .ARM.exidx.text.LCD_Write
                0x0000a6b4        0x8 ./Sources/LCD.o
 .ARM.exidx.text.load_custom_char
                0x0000a6bc        0x8 ./Sources/LCD.o
 .ARM.exidx.text.LCD_Write_At
                0x0000a6c4        0x8 ./Sources/LCD.o
 .ARM.exidx.text.LCD_Write_Block
                0x0000a6cc        0x8 ./Sources/LCD.o
 .ARM.exidx.text.PCA9670_Init
                0x0000a6d4        0x8 ./Sources/PCA9670.o
 .ARM.exidx.text.PCA9670_SendByte
                0x0000a6dc        0x8 ./Sources/PCA9670.o
 .ARM.exidx.text.vspfunc
                0x0000a6e4        0x8 ./Sources/display.o
 .ARM.exidx.text.print_float_at
                0x0000a6ec        0x8 ./Sources/display.o
 .ARM.exidx.text.print_int_at
                0x0000a6f4        0x8 ./Sources/display.o
 .ARM.exidx.text.load_char
                0x0000a6fc        0x8 ./Sources/display.o
 .ARM.exidx.text.menu_init
                0x0000a704        0x8 ./Sources/display.o
 .ARM.exidx.text.refresh
                0x0000a70c        0x8 ./Sources/display.o
 .ARM.exidx.text.select
                0x0000a714        0x8 ./Sources/display.o
 .ARM.exidx.text.back
                0x0000a71c        0x8 ./Sources/display.o
 .ARM.exidx.text.controle_mode_display
                0x0000a724        0x8 ./Sources/display.o
 .ARM.exidx.text.control_mode_fct
                0x0000a72c        0x8 ./Sources/display.o
 .ARM.exidx.text.refresh_fct
                0x0000a734        0x8 ./Sources/display.o
 .ARM.exidx.text.velocity_fct
                0x0000a73c        0x8 ./Sources/display.o
 .ARM.exidx.text.acceleration_fct
                0x0000a744        0x8 ./Sources/display.o
 .ARM.exidx.text.deceleration_fct
                0x0000a74c        0x0 ./Sources/display.o
                                  0x8 (size before relaxing)
 .ARM.exidx.text.back_fct
                0x0000a74c        0x0 ./Sources/display.o
                                  0x8 (size before relaxing)
 .ARM.exidx.text.pos_position_fct
                0x0000a74c        0x8 ./Sources/display.o
 .ARM.exidx.text.pos_velocity_fct
                0x0000a754        0x8 ./Sources/display.o
 .ARM.exidx.text.pos_acceleration_fct
                0x0000a75c        0x0 ./Sources/display.o
                                  0x8 (size before relaxing)
 .ARM.exidx.text.pos_deceleration_fct
                0x0000a75c        0x0 ./Sources/display.o
                                  0x8 (size before relaxing)
 .ARM.exidx.text.torque_fct
                0x0000a75c        0x8 ./Sources/display.o
 .ARM.exidx.text.torque_rise_fct
                0x0000a764        0x8 ./Sources/display.o
 .ARM.exidx.text.torque_fall_fct
                0x0000a76c        0x0 ./Sources/display.o
                                  0x8 (size before relaxing)
 .ARM.exidx.text._Z41__static_initialization_and_destruction_0ii
                0x0000a76c        0x8 ./Sources/display.o
 .ARM.exidx.text._GLOBAL__sub_I_buffer
                0x0000a774        0x0 ./Sources/display.o
                                  0x8 (size before relaxing)
 .ARM.exidx.text.init_menu
                0x0000a774        0x0 ./Sources/menu.o
                                  0x8 (size before relaxing)
 .ARM.exidx.text.init_sub_menu
                0x0000a774        0x0 ./Sources/menu.o
                                  0x8 (size before relaxing)
 .ARM.exidx.text.init_menu_list
                0x0000a774        0x0 ./Sources/menu.o
                                  0x8 (size before relaxing)
 .ARM.exidx.text.init_sub_menu_list
                0x0000a774        0x0 ./Sources/menu.o
                                  0x8 (size before relaxing)
 .ARM.exidx.text.print_menu
                0x0000a774        0x8 ./Sources/menu.o
 .ARM.exidx.text.print_sub_menu
                0x0000a77c        0x8 ./Sources/menu.o
 .ARM.exidx.text.menu_select
                0x0000a784        0x8 ./Sources/menu.o
 .ARM.exidx.text.menu_back
                0x0000a78c        0x8 ./Sources/menu.o
 .ARM.exidx.text.refresh_menu
                0x0000a794        0x8 ./Sources/menu.o
 .ARM.exidx.text.void_function
                0x0000a79c        0x8 ./Sources/menu.o
 .ARM.exidx.text.parameters_init
                0x0000a7a4        0x0 ./Sources/parameters.o
                                  0x8 (size before relaxing)
 .ARM.exidx.text.convert
                0x0000a7a4        0x0 ./Sources/parameters.o
                                  0x8 (size before relaxing)
 .ARM.exidx.text.serial_send_block
                0x0000a7a4        0x8 ./Sources/protocol.o
 .ARM.exidx.text.serial_send_float
                0x0000a7ac        0x8 ./Sources/protocol.o
 .ARM.exidx.text.serial_send_int
                0x0000a7b4        0x8 ./Sources/protocol.o
 .ARM.exidx.text.serial_send_string
                0x0000a7bc        0x8 ./Sources/protocol.o
 .ARM.exidx.text.serial_send_char
                0x0000a7c4        0x8 ./Sources/protocol.o
 .ARM.exidx.text.serial_send_end
                0x0000a7cc        0x8 ./Sources/protocol.o
 .ARM.exidx.text.msg_parse
                0x0000a7d4        0x8 ./Sources/protocol.o
 .ARM.exidx.text.msg_processing
                0x0000a7dc        0x8 ./Sources/protocol.o
 .ARM.exidx.text.Send_Control_Mode
                0x0000a7e4        0x8 ./Sources/send.o
 .ARM.exidx.text.send_fct
                0x0000a7ec        0x8 ./Sources/send.o
 .ARM.exidx.text.control_mode_processing
                0x0000a7f4        0x8 ./Sources/send.o
 .ARM.exidx     0x0000a5dc       0x88 c:/freescale/kds_v3/toolchain/bin/../lib/gcc/arm-none-eabi/4.8.4/armv7e-m\libgcc.a(unwind-arm.o)
                                 0xd8 (size before relaxing)
 .ARM.exidx     0x0000a664       0x38 c:/freescale/kds_v3/toolchain/bin/../lib/gcc/arm-none-eabi/4.8.4/armv7e-m\libgcc.a(pr-support.o)
                                 0x48 (size before relaxing)
                0x0000a7fc                __exidx_end = .

.rel.dyn        0x0000a7fc        0x0
 .rel.iplt      0x00000000        0x0 c:/freescale/kds_v3/toolchain/bin/../lib/gcc/arm-none-eabi/4.8.4/armv7e-m/crtbegin.o

.ctors          0x0000a7fc        0x0
                0x0000a7fc                __CTOR_LIST__ = .
 *crtbegin.o(.ctors)
 *(EXCLUDE_FILE(*crtend.o) .ctors)
 *(SORT(.ctors.*))
 *(.ctors)
                0x0000a7fc                __CTOR_END__ = .

.dtors          0x0000a7fc        0x0
                0x0000a7fc                __DTOR_LIST__ = .
 *crtbegin.o(.dtors)
 *(EXCLUDE_FILE(*crtend.o) .dtors)
 *(SORT(.dtors.*))
 *(.dtors)
                0x0000a7fc                __DTOR_END__ = .

.preinit_array  0x0000a7fc        0x0
                0x0000a7fc                PROVIDE (__preinit_array_start, .)
 *(.preinit_array*)
                0x0000a7fc                PROVIDE (__preinit_array_end, .)

.init_array     0x0000a7fc        0x8
                0x0000a7fc                PROVIDE (__init_array_start, .)
 *(SORT(.init_array.*))
 *(.init_array*)
 .init_array    0x0000a7fc        0x4 c:/freescale/kds_v3/toolchain/bin/../lib/gcc/arm-none-eabi/4.8.4/armv7e-m/crtbegin.o
 .init_array    0x0000a800        0x4 ./Sources/display.o
                0x0000a804                PROVIDE (__init_array_end, .)

.fini_array     0x0000a804        0x4
                0x0000a804                PROVIDE (__fini_array_start, .)
 *(SORT(.fini_array.*))
 *(.fini_array*)
 .fini_array    0x0000a804        0x4 c:/freescale/kds_v3/toolchain/bin/../lib/gcc/arm-none-eabi/4.8.4/armv7e-m/crtbegin.o
                0x0000a808                PROVIDE (__fini_array_end, .)
                0x0000a808                ___ROM_AT = .

.data           0x1fff8000       0x9c load address 0x0000a808
                0x1fff8000                . = ALIGN (0x4)
                0x1fff8000                _sdata = .
 *(.data)
 *(.data*)
 .data._ZL6Set_OK
                0x1fff8000        0x4 ./Sources/protocol.o
 .data._ZL7Set_ERR
                0x1fff8004        0x4 ./Sources/protocol.o
 .data._ZL12Control_Mode
                0x1fff8008        0x4 ./Sources/protocol.o
 .data._ZL3Set  0x1fff800c        0x4 ./Sources/send.o
 .data._ZL8Velocity
                0x1fff8010        0x4 ./Sources/send.o
 .data._ZL12Velocity_ref
                0x1fff8014        0x4 ./Sources/send.o
 .data._ZL10Torque_ref
                0x1fff8018        0x4 ./Sources/send.o
 .data._ZL12Position_ref
                0x1fff801c        0x4 ./Sources/send.o
 .data._ZL12Acceleration
                0x1fff8020        0x4 ./Sources/send.o
 .data._ZL12Deceleration
                0x1fff8024        0x4 ./Sources/send.o
 .data._ZL11Torque_rise
                0x1fff8028        0x4 ./Sources/send.o
 .data._ZL11Torque_fall
                0x1fff802c        0x4 ./Sources/send.o
 .data._ZL12Control_Mode
                0x1fff8030        0x4 ./Sources/send.o
 .data.__fdlib_version
                0x1fff8034        0x1 c:/freescale/kds_v3/toolchain/bin/../lib/gcc/arm-none-eabi/4.8.4/../../../../arm-none-eabi/lib/armv7e-m\libm.a(lib_a-s_lib_ver.o)
                0x1fff8034                __fdlib_version
 *fill*         0x1fff8035        0x3 
 .data.impure_data
                0x1fff8038       0x60 c:/freescale/kds_v3/toolchain/bin/../lib/gcc/arm-none-eabi/4.8.4/../../../../arm-none-eabi/lib/armv7e-m\libg_s.a(lib_a-impure.o)
 .data._impure_ptr
                0x1fff8098        0x4 c:/freescale/kds_v3/toolchain/bin/../lib/gcc/arm-none-eabi/4.8.4/../../../../arm-none-eabi/lib/armv7e-m\libg_s.a(lib_a-impure.o)
                0x1fff8098                _impure_ptr
                0x1fff809c                . = ALIGN (0x4)
                0x1fff809c                _edata = .
                0x0000009c                ___data_size = (_edata - _sdata)
                0x0000a8a4                ___m_data_20000000_ROMStart = (___ROM_AT + SIZEOF (.data))

.jcr            0x1fff809c        0x0 load address 0x0000a8a4
 .jcr           0x1fff809c        0x0 c:/freescale/kds_v3/toolchain/bin/../lib/gcc/arm-none-eabi/4.8.4/armv7e-m/crtbegin.o

.igot.plt       0x1fff809c        0x0 load address 0x0000a8a4
 .igot.plt      0x00000000        0x0 c:/freescale/kds_v3/toolchain/bin/../lib/gcc/arm-none-eabi/4.8.4/armv7e-m/crtbegin.o

.m_data_20000000
                0x20000000        0x0 load address 0x0000a8a4
                0x20000000                . = ALIGN (0x4)
                0x20000000                ___m_data_20000000_RAMStart = .
 *(.m_data_20000000)
                0x20000000                ___m_data_20000000_RAMEnd = .
                0x20000000                . = ALIGN (0x4)
                0x00000000                ___m_data_20000000_ROMSize = (___m_data_20000000_RAMEnd - ___m_data_20000000_RAMStart)
                0x20000000                . = ALIGN (0x4)

.bss            0x1fff809c      0x6e0 load address 0x0000a8a4
                0x1fff809c                __START_BSS = .
                0x1fff809c                PROVIDE (__bss_start__, __START_BSS)
 *(.bss)
 .bss           0x1fff809c       0x1c c:/freescale/kds_v3/toolchain/bin/../lib/gcc/arm-none-eabi/4.8.4/armv7e-m/crtbegin.o
 *(.bss*)
 .bss.LCD_flag  0x1fff80b8        0x1 ./Sources/LCD.o
                0x1fff80b8                LCD_flag
 *fill*         0x1fff80b9        0x3 
 .bss.buffer    0x1fff80bc       0x50 ./Sources/display.o
                0x1fff80bc                buffer
 .bss.FLAG_MENU
                0x1fff810c        0x1 ./Sources/display.o
                0x1fff810c                FLAG_MENU
 *fill*         0x1fff810d        0x3 
 .bss.back_menu
                0x1fff8110       0x10 ./Sources/display.o
                0x1fff8110                back_menu
 .bss.vel_velocity
                0x1fff8120       0x10 ./Sources/display.o
                0x1fff8120                vel_velocity
 .bss.vel_acc   0x1fff8130       0x10 ./Sources/display.o
                0x1fff8130                vel_acc
 .bss.vel_dec   0x1fff8140       0x10 ./Sources/display.o
                0x1fff8140                vel_dec
 .bss.vel_cue   0x1fff8150       0x10 ./Sources/display.o
                0x1fff8150                vel_cue
 .bss.sub_menu_velocity
                0x1fff8160       0x50 ./Sources/display.o
                0x1fff8160                sub_menu_velocity
 .bss.menu_velocity
                0x1fff81b0        0xc ./Sources/display.o
                0x1fff81b0                menu_velocity
 .bss.pos_position
                0x1fff81bc       0x10 ./Sources/display.o
                0x1fff81bc                pos_position
 .bss.pos_velocity
                0x1fff81cc       0x10 ./Sources/display.o
                0x1fff81cc                pos_velocity
 .bss.pos_acc   0x1fff81dc       0x10 ./Sources/display.o
                0x1fff81dc                pos_acc
 .bss.pos_dec   0x1fff81ec       0x10 ./Sources/display.o
                0x1fff81ec                pos_dec
 .bss.pos_cue   0x1fff81fc       0x10 ./Sources/display.o
                0x1fff81fc                pos_cue
 .bss.sub_menu_position
                0x1fff820c       0x60 ./Sources/display.o
                0x1fff820c                sub_menu_position
 .bss.menu_position
                0x1fff826c        0xc ./Sources/display.o
                0x1fff826c                menu_position
 .bss.tor_torque
                0x1fff8278       0x10 ./Sources/display.o
                0x1fff8278                tor_torque
 .bss.tor_torque_rise
                0x1fff8288       0x10 ./Sources/display.o
                0x1fff8288                tor_torque_rise
 .bss.tor_torque_fall
                0x1fff8298       0x10 ./Sources/display.o
                0x1fff8298                tor_torque_fall
 .bss.tor_cue   0x1fff82a8       0x10 ./Sources/display.o
                0x1fff82a8                tor_cue
 .bss.sub_menu_torque
                0x1fff82b8       0x50 ./Sources/display.o
                0x1fff82b8                sub_menu_torque
 .bss.menu_torque
                0x1fff8308        0xc ./Sources/display.o
                0x1fff8308                menu_torque
 .bss.velocity  0x1fff8314       0x1c ./Sources/display.o
                0x1fff8314                velocity
 .bss.position  0x1fff8330       0x1c ./Sources/display.o
                0x1fff8330                position
 .bss.torque    0x1fff834c       0x1c ./Sources/display.o
                0x1fff834c                torque
 .bss.setting   0x1fff8368       0x1c ./Sources/display.o
                0x1fff8368                setting
 .bss.menu_array
                0x1fff8384       0x70 ./Sources/display.o
                0x1fff8384                menu_array
 .bss.root_menu
                0x1fff83f4        0xc ./Sources/display.o
                0x1fff83f4                root_menu
 .bss.FLAG_PUSH_SHORT
                0x1fff8400        0x1 ./Sources/encoder_variable.o
                0x1fff8400                FLAG_PUSH_SHORT
 .bss.FLAG_PUSH_LONG
                0x1fff8401        0x1 ./Sources/encoder_variable.o
                0x1fff8401                FLAG_PUSH_LONG
 .bss.FLAG_ENCODER
                0x1fff8402        0x1 ./Sources/encoder_variable.o
                0x1fff8402                FLAG_ENCODER
 .bss.FLAG_DEBOUNCE
                0x1fff8403        0x1 ./Sources/encoder_variable.o
                0x1fff8403                FLAG_DEBOUNCE
 .bss.FLAG_SENS
                0x1fff8404        0x1 ./Sources/encoder_variable.o
                0x1fff8404                FLAG_SENS
 .bss.FLAG_SENS_1
                0x1fff8405        0x1 ./Sources/encoder_variable.o
                0x1fff8405                FLAG_SENS_1
 .bss.FLAG_SENS_2
                0x1fff8406        0x1 ./Sources/encoder_variable.o
                0x1fff8406                FLAG_SENS_2
 *fill*         0x1fff8407        0x1 
 .bss.counter_100ms
                0x1fff8408        0x4 ./Sources/encoder_variable.o
                0x1fff8408                counter_100ms
 .bss.encoder   0x1fff840c        0x4 ./Sources/encoder_variable.o
                0x1fff840c                encoder
 .bss.FLAG_CONTROL_MODE
                0x1fff8410        0x1 ./Sources/menu.o
                0x1fff8410                FLAG_CONTROL_MODE
 *fill*         0x1fff8411        0x3 
 .bss.menu_indicator
                0x1fff8414        0x4 ./Sources/parameters.o
                0x1fff8414                menu_indicator
 .bss.vel       0x1fff8418       0x1c ./Sources/parameters.o
                0x1fff8418                vel
 .bss.pos       0x1fff8434       0x24 ./Sources/parameters.o
                0x1fff8434                pos
 .bss.tor       0x1fff8458       0x1c ./Sources/parameters.o
                0x1fff8458                tor
 .bss.in_buffer
                0x1fff8474       0x80 ./Sources/protocol.o
                0x1fff8474                in_buffer
 .bss.cnt       0x1fff84f4        0x1 ./Sources/protocol.o
                0x1fff84f4                cnt
 .bss.FLAG_MSG_RCV
                0x1fff84f5        0x1 ./Sources/protocol.o
                0x1fff84f5                FLAG_MSG_RCV
 .bss.FLAG_MSG_ERR
                0x1fff84f6        0x1 ./Sources/protocol.o
                0x1fff84f6                FLAG_MSG_ERR
 .bss.FLAG_MSG_OK
                0x1fff84f7        0x1 ./Sources/protocol.o
                0x1fff84f7                FLAG_MSG_OK
 .bss.nb_data   0x1fff84f8        0x4 ./Sources/protocol.o
                0x1fff84f8                nb_data
 .bss.FLAG_SEND
                0x1fff84fc        0x1 ./Sources/send.o
                0x1fff84fc                FLAG_SEND
 .bss.FLAG_CONTROL_MODE_CONFIRM
                0x1fff84fd        0x1 ./Sources/send.o
                0x1fff84fd                FLAG_CONTROL_MODE_CONFIRM
 .bss.CONTROL_MODE
                0x1fff84fe        0x1 ./Sources/send.o
                0x1fff84fe                CONTROL_MODE
 *fill*         0x1fff84ff        0x1 
 .bss.SerFlag   0x1fff8500        0x2 ./Generated_Code/AS1.o
 .bss.AS1_InpLen
                0x1fff8502        0x2 ./Generated_Code/AS1.o
 .bss.InpIndexR
                0x1fff8504        0x2 ./Generated_Code/AS1.o
 .bss.InpIndexW
                0x1fff8506        0x2 ./Generated_Code/AS1.o
 .bss.InpBuffer
                0x1fff8508       0x80 ./Generated_Code/AS1.o
 .bss.BufferRead
                0x1fff8588        0x1 ./Generated_Code/AS1.o
 *fill*         0x1fff8589        0x1 
 .bss.AS1_OutLen
                0x1fff858a        0x2 ./Generated_Code/AS1.o
 .bss.OutIndexR
                0x1fff858c        0x2 ./Generated_Code/AS1.o
 .bss.OutIndexW
                0x1fff858e        0x2 ./Generated_Code/AS1.o
 .bss.OutBuffer
                0x1fff8590       0x80 ./Generated_Code/AS1.o
 .bss.OnFreeTxBufSemaphore
                0x1fff8610        0x1 ./Generated_Code/AS1.o
 *fill*         0x1fff8611        0x3 
 .bss.DeviceDataPrv__DEFAULT_RTOS_ALLOC
                0x1fff8614       0x20 ./Generated_Code/ASerialLdd1.o
 .bss.INT_UART0_RX_TX__DEFAULT_RTOS_ISRPARAM
                0x1fff8634        0x4 ./Generated_Code/ASerialLdd1.o
 .bss.INT_UART0_ERR__DEFAULT_RTOS_ISRPARAM
                0x1fff8638        0x4 ./Generated_Code/ASerialLdd1.o
 .bss.DeviceDataPrv__DEFAULT_RTOS_ALLOC
                0x1fff863c        0x4 ./Generated_Code/BitIoLdd1.o
 .bss.DeviceDataPrv__DEFAULT_RTOS_ALLOC
                0x1fff8640        0x4 ./Generated_Code/BitIoLdd2.o
 .bss.DeviceDataPrv__DEFAULT_RTOS_ALLOC
                0x1fff8644        0x4 ./Generated_Code/BitIoLdd3.o
 .bss.DeviceDataPrv__DEFAULT_RTOS_ALLOC
                0x1fff8648        0x4 ./Generated_Code/BitIoLdd4.o
 .bss.DeviceDataPrv__DEFAULT_RTOS_ALLOC
                0x1fff864c        0x4 ./Generated_Code/BitIoLdd5.o
 .bss.DeviceDataPrv__DEFAULT_RTOS_ALLOC
                0x1fff8650        0x4 ./Generated_Code/BitIoLdd6.o
 .bss.DeviceDataPrv__DEFAULT_RTOS_ALLOC
                0x1fff8654        0x4 ./Generated_Code/BitIoLdd7.o
 .bss.SR_lock   0x1fff8658        0x1 ./Generated_Code/Cpu.o
                0x1fff8658                SR_lock
 *fill*         0x1fff8659        0x3 
 .bss.DeviceDataPrv__DEFAULT_RTOS_ALLOC
                0x1fff865c        0xc ./Generated_Code/ENCODER.o
 .bss.INT_PORTC__DEFAULT_RTOS_ISRPARAM
                0x1fff8668        0x4 ./Generated_Code/ENCODER.o
 .bss.DeviceDataPrv__DEFAULT_RTOS_ALLOC
                0x1fff866c        0x4 ./Generated_Code/ExtIntLdd1.o
 .bss.INT_PORTC__DEFAULT_RTOS_ISRPARAM
                0x1fff8670        0x4 ./Generated_Code/ExtIntLdd1.o
 .bss.DeviceDataPrv__DEFAULT_RTOS_ALLOC
                0x1fff8674        0x4 ./Generated_Code/ExtIntLdd2.o
 .bss.INT_PORTC__DEFAULT_RTOS_ISRPARAM
                0x1fff8678        0x4 ./Generated_Code/ExtIntLdd2.o
 .bss.DeviceDataPrv__DEFAULT_RTOS_ALLOC
                0x1fff867c        0x4 ./Generated_Code/ExtIntLdd3.o
 .bss.INT_PORTC__DEFAULT_RTOS_ISRPARAM
                0x1fff8680        0x4 ./Generated_Code/ExtIntLdd3.o
 .bss.DeviceDataPrv__DEFAULT_RTOS_ALLOC
                0x1fff8684        0x4 ./Generated_Code/ExtIntLdd4.o
 .bss.INT_PORTC__DEFAULT_RTOS_ISRPARAM
                0x1fff8688        0x4 ./Generated_Code/ExtIntLdd4.o
 .bss.DeviceDataPrv__DEFAULT_RTOS_ALLOC
                0x1fff868c        0x4 ./Generated_Code/ExtIntLdd5.o
 .bss.INT_PORTC__DEFAULT_RTOS_ISRPARAM
                0x1fff8690        0x4 ./Generated_Code/ExtIntLdd5.o
 .bss.OutLenM   0x1fff8694        0x2 ./Generated_Code/I2C0.o
 .bss.ChrTemp   0x1fff8696        0x1 ./Generated_Code/I2C0.o
 *fill*         0x1fff8697        0x1 
 .bss.IFsh1_CurrentCommand
                0x1fff8698        0x4 ./Generated_Code/IFsh1.o
 .bss.IFsh1_CmdResult
                0x1fff869c        0x1 ./Generated_Code/IFsh1.o
 .bss.IFsh1_CmdPending
                0x1fff869d        0x1 ./Generated_Code/IFsh1.o
 .bss.IFsh1_EnEvent
                0x1fff869e        0x1 ./Generated_Code/IFsh1.o
 *fill*         0x1fff869f        0x1 
 .bss.IntFlashLdd1_DevDataPtr
                0x1fff86a0        0x4 ./Generated_Code/IFsh1.o
 .bss.DeviceDataPrv__DEFAULT_RTOS_ALLOC
                0x1fff86a4       0x18 ./Generated_Code/IntFlashLdd1.o
 .bss.INT_FTFL__DEFAULT_RTOS_ISRPARAM
                0x1fff86bc        0x4 ./Generated_Code/IntFlashLdd1.o
 .bss.INT_Read_Collision__DEFAULT_RTOS_ISRPARAM
                0x1fff86c0        0x4 ./Generated_Code/IntFlashLdd1.o
 .bss.DeviceDataPrv__DEFAULT_RTOS_ALLOC
                0x1fff86c4       0x1c ./Generated_Code/IntI2cLdd1.o
 .bss.INT_I2C0__DEFAULT_RTOS_ISRPARAM
                0x1fff86e0        0x4 ./Generated_Code/IntI2cLdd1.o
 .bss.PE_LDD_DeviceDataList
                0x1fff86e4       0x4c ./Generated_Code/PE_LDD.o
                0x1fff86e4                PE_LDD_DeviceDataList
 .bss.DeviceDataPrv__DEFAULT_RTOS_ALLOC
                0x1fff8730        0xc ./Generated_Code/TU1.o
 .bss.INT_FTM2__DEFAULT_RTOS_ISRPARAM
                0x1fff873c        0x4 ./Generated_Code/TU1.o
 .bss.DeviceDataPrv__DEFAULT_RTOS_ALLOC
                0x1fff8740        0xc ./Generated_Code/T_100ms.o
 .bss.INT_FTM1__DEFAULT_RTOS_ISRPARAM
                0x1fff874c        0x4 ./Generated_Code/T_100ms.o
 .bss.DeviceDataPrv__DEFAULT_RTOS_ALLOC
                0x1fff8750        0x8 ./Generated_Code/T_500ms.o
 .bss.INT_FTM0__DEFAULT_RTOS_ISRPARAM
                0x1fff8758        0x4 ./Generated_Code/T_500ms.o
 .bss.__malloc_sbrk_start
                0x1fff875c        0x4 c:/freescale/kds_v3/toolchain/bin/../lib/gcc/arm-none-eabi/4.8.4/../../../../arm-none-eabi/lib/armv7e-m\libg_s.a(lib_a-nano-mallocr.o)
                0x1fff875c                __malloc_sbrk_start
 .bss.__malloc_free_list
                0x1fff8760        0x4 c:/freescale/kds_v3/toolchain/bin/../lib/gcc/arm-none-eabi/4.8.4/../../../../arm-none-eabi/lib/armv7e-m\libg_s.a(lib_a-nano-mallocr.o)
                0x1fff8760                __malloc_free_list
 .bss.heap_end.4246
                0x1fff8764        0x4 c:/freescale/kds_v3/toolchain/bin/../lib/gcc/arm-none-eabi/4.8.4/../../../../arm-none-eabi/lib/armv7e-m\libnosys.a(sbrk.o)
 *(COMMON)
 COMMON         0x1fff8768        0x4 ./Generated_Code/AS1.o
                0x1fff8768                ASerialLdd1_DeviceDataPtr
 COMMON         0x1fff876c        0x1 ./Generated_Code/Cpu.o
                0x1fff876c                SR_reg
 *fill*         0x1fff876d        0x3 
 COMMON         0x1fff8770        0x8 ./Generated_Code/I2C0.o
                0x1fff8770                I2C0_SndRcvTemp
                0x1fff8774                IntI2cLdd1_DeviceDataPtr
 COMMON         0x1fff8778        0x4 c:/freescale/kds_v3/toolchain/bin/../lib/gcc/arm-none-eabi/4.8.4/../../../../arm-none-eabi/lib/armv7e-m\libg_s.a(lib_a-reent.o)
                0x1fff8778                errno
                0x1fff877c                . = ALIGN (0x4)
                0x1fff877c                __END_BSS = .
                0x1fff877c                PROVIDE (__bss_end__, __END_BSS)
                0x0000a8a4                _romp_at = ((___ROM_AT + SIZEOF (.data)) + SIZEOF (.m_data_20000000))

.romp           0x1fff877c       0x24 load address 0x0000a8a4
                0x0000a8a4                __S_romp = _romp_at
                0x1fff877c        0x4 LONG 0xa808 ___ROM_AT
                0x1fff8780        0x4 LONG 0x1fff8000 _sdata
                0x1fff8784        0x4 LONG 0x9c ___data_size
                0x1fff8788        0x4 LONG 0xa8a4 ___m_data_20000000_ROMStart
                0x1fff878c        0x4 LONG 0x20000000 ___m_data_20000000_RAMStart
                0x1fff8790        0x4 LONG 0x0 ___m_data_20000000_ROMSize
                0x1fff8794        0x4 LONG 0x0
                0x1fff8798        0x4 LONG 0x0
                0x1fff879c        0x4 LONG 0x0
                0x00040000                text_end = (ORIGIN (m_text) + 0x3fbf0)
                0x0000a8c8                data_init_end = ((___m_data_20000000_ROMStart + SIZEOF (.m_data_20000000)) + SIZEOF (.romp))
                0x00000001                ASSERT ((data_init_end <= text_end), region m_text overflowed with text and data)

._user_heap_stack
                0x1fff87a0      0x400 load address 0x0000a8c8
                0x1fff87a0                . = ALIGN (0x4)
                0x1fff87a0                PROVIDE (end, .)
                0x1fff87a0                PROVIDE (_end, .)
                0x1fff87a0                PROVIDE (__end__, .)
                0x1fff87a0                __heap_addr = .
                0x1fff87a0                __HeapBase = .
                0x1fff87a0                . = (. + __heap_size)
                0x1fff87a0                __HeapLimit = .
                0x1fff8ba0                . = (. + __stack_size)
 *fill*         0x1fff87a0      0x400 
                0x1fff8ba0                . = ALIGN (0x4)

.ARM.attributes
                0x00000000       0x2a
 *(.ARM.attributes)
 .ARM.attributes
                0x00000000       0x1e c:/freescale/kds_v3/toolchain/bin/../lib/gcc/arm-none-eabi/4.8.4/armv7e-m/crti.o
 .ARM.attributes
                0x0000001e       0x2e c:/freescale/kds_v3/toolchain/bin/../lib/gcc/arm-none-eabi/4.8.4/armv7e-m/crtbegin.o
 .ARM.attributes
                0x0000004c       0x1c c:/freescale/kds_v3/toolchain/bin/../lib/gcc/arm-none-eabi/4.8.4/../../../../arm-none-eabi/lib/armv7e-m/crt0.o
 .ARM.attributes
                0x00000068       0x33 ./Sources/Events.o
 .ARM.attributes
                0x0000009b       0x33 ./Sources/LCD.o
 .ARM.attributes
                0x000000ce       0x33 ./Sources/PCA9670.o
 .ARM.attributes
                0x00000101       0x33 ./Sources/display.o
 .ARM.attributes
                0x00000134       0x33 ./Sources/encoder_variable.o
 .ARM.attributes
                0x00000167       0x33 ./Sources/main.o
 .ARM.attributes
                0x0000019a       0x33 ./Sources/menu.o
 .ARM.attributes
                0x000001cd       0x33 ./Sources/parameters.o
 .ARM.attributes
                0x00000200       0x33 ./Sources/protocol.o
 .ARM.attributes
                0x00000233       0x33 ./Sources/send.o
 .ARM.attributes
                0x00000266       0x33 ./Project_Settings/Startup_Code/startup.o
 .ARM.attributes
                0x00000299       0x33 ./Generated_Code/AS1.o
 .ARM.attributes
                0x000002cc       0x33 ./Generated_Code/ASerialLdd1.o
 .ARM.attributes
                0x000002ff       0x33 ./Generated_Code/BitIoLdd1.o
 .ARM.attributes
                0x00000332       0x33 ./Generated_Code/BitIoLdd2.o
 .ARM.attributes
                0x00000365       0x33 ./Generated_Code/BitIoLdd3.o
 .ARM.attributes
                0x00000398       0x33 ./Generated_Code/BitIoLdd4.o
 .ARM.attributes
                0x000003cb       0x33 ./Generated_Code/BitIoLdd5.o
 .ARM.attributes
                0x000003fe       0x33 ./Generated_Code/BitIoLdd6.o
 .ARM.attributes
                0x00000431       0x33 ./Generated_Code/BitIoLdd7.o
 .ARM.attributes
                0x00000464       0x33 ./Generated_Code/Cpu.o
 .ARM.attributes
                0x00000497       0x33 ./Generated_Code/ENCODER.o
 .ARM.attributes
                0x000004ca       0x33 ./Generated_Code/ENCODER_PUSH.o
 .ARM.attributes
                0x000004fd       0x33 ./Generated_Code/ExtIntLdd1.o
 .ARM.attributes
                0x00000530       0x33 ./Generated_Code/ExtIntLdd2.o
 .ARM.attributes
                0x00000563       0x33 ./Generated_Code/ExtIntLdd3.o
 .ARM.attributes
                0x00000596       0x33 ./Generated_Code/ExtIntLdd4.o
 .ARM.attributes
                0x000005c9       0x33 ./Generated_Code/ExtIntLdd5.o
 .ARM.attributes
                0x000005fc       0x33 ./Generated_Code/I2C0.o
 .ARM.attributes
                0x0000062f       0x33 ./Generated_Code/IFsh1.o
 .ARM.attributes
                0x00000662       0x33 ./Generated_Code/IntFlashLdd1.o
 .ARM.attributes
                0x00000695       0x33 ./Generated_Code/IntI2cLdd1.o
 .ARM.attributes
                0x000006c8       0x33 ./Generated_Code/LEVER_DIR1.o
 .ARM.attributes
                0x000006fb       0x33 ./Generated_Code/LEVER_DIR2.o
 .ARM.attributes
                0x0000072e       0x33 ./Generated_Code/PE_LDD.o
 .ARM.attributes
                0x00000761       0x33 ./Generated_Code/PUSH_BUTTON_REC.o
 .ARM.attributes
                0x00000794       0x33 ./Generated_Code/PUSH_BUTTON_SEND.o
 .ARM.attributes
                0x000007c7       0x33 ./Generated_Code/TU1.o
 .ARM.attributes
                0x000007fa       0x33 ./Generated_Code/T_100ms.o
 .ARM.attributes
                0x0000082d       0x33 ./Generated_Code/T_500ms.o
 .ARM.attributes
                0x00000860       0x33 ./Generated_Code/Vectors.o
 .ARM.attributes
                0x00000893       0x33 ./Generated_Code/WAIT1.o
 .ARM.attributes
                0x000008c6       0x2e c:/freescale/kds_v3/toolchain/bin/../lib/gcc/arm-none-eabi/4.8.4/../../../../arm-none-eabi/lib/armv7e-m\libm.a(lib_a-s_round.o)
 .ARM.attributes
                0x000008f4       0x2e c:/freescale/kds_v3/toolchain/bin/../lib/gcc/arm-none-eabi/4.8.4/../../../../arm-none-eabi/lib/armv7e-m\libm.a(lib_a-w_pow.o)
 .ARM.attributes
                0x00000922       0x2e c:/freescale/kds_v3/toolchain/bin/../lib/gcc/arm-none-eabi/4.8.4/../../../../arm-none-eabi/lib/armv7e-m\libm.a(lib_a-e_pow.o)
 .ARM.attributes
                0x00000950       0x2e c:/freescale/kds_v3/toolchain/bin/../lib/gcc/arm-none-eabi/4.8.4/../../../../arm-none-eabi/lib/armv7e-m\libm.a(lib_a-e_sqrt.o)
 .ARM.attributes
                0x0000097e       0x2e c:/freescale/kds_v3/toolchain/bin/../lib/gcc/arm-none-eabi/4.8.4/../../../../arm-none-eabi/lib/armv7e-m\libm.a(lib_a-s_fabs.o)
 .ARM.attributes
                0x000009ac       0x2e c:/freescale/kds_v3/toolchain/bin/../lib/gcc/arm-none-eabi/4.8.4/../../../../arm-none-eabi/lib/armv7e-m\libm.a(lib_a-s_finite.o)
 .ARM.attributes
                0x000009da       0x2e c:/freescale/kds_v3/toolchain/bin/../lib/gcc/arm-none-eabi/4.8.4/../../../../arm-none-eabi/lib/armv7e-m\libm.a(lib_a-s_fpclassify.o)
 .ARM.attributes
                0x00000a08       0x2e c:/freescale/kds_v3/toolchain/bin/../lib/gcc/arm-none-eabi/4.8.4/../../../../arm-none-eabi/lib/armv7e-m\libm.a(lib_a-s_lib_ver.o)
 .ARM.attributes
                0x00000a36       0x2e c:/freescale/kds_v3/toolchain/bin/../lib/gcc/arm-none-eabi/4.8.4/../../../../arm-none-eabi/lib/armv7e-m\libm.a(lib_a-s_matherr.o)
 .ARM.attributes
                0x00000a64       0x2e c:/freescale/kds_v3/toolchain/bin/../lib/gcc/arm-none-eabi/4.8.4/../../../../arm-none-eabi/lib/armv7e-m\libm.a(lib_a-s_nan.o)
 .ARM.attributes
                0x00000a92       0x2e c:/freescale/kds_v3/toolchain/bin/../lib/gcc/arm-none-eabi/4.8.4/../../../../arm-none-eabi/lib/armv7e-m\libm.a(lib_a-s_rint.o)
 .ARM.attributes
                0x00000ac0       0x2e c:/freescale/kds_v3/toolchain/bin/../lib/gcc/arm-none-eabi/4.8.4/../../../../arm-none-eabi/lib/armv7e-m\libm.a(lib_a-s_scalbn.o)
 .ARM.attributes
                0x00000aee       0x2e c:/freescale/kds_v3/toolchain/bin/../lib/gcc/arm-none-eabi/4.8.4/../../../../arm-none-eabi/lib/armv7e-m\libm.a(lib_a-s_copysign.o)
 .ARM.attributes
                0x00000b1c       0x1e c:/freescale/kds_v3/toolchain/bin/../lib/gcc/arm-none-eabi/4.8.4/armv7e-m\libgcc.a(_arm_addsubdf3.o)
 .ARM.attributes
                0x00000b3a       0x1e c:/freescale/kds_v3/toolchain/bin/../lib/gcc/arm-none-eabi/4.8.4/armv7e-m\libgcc.a(_arm_muldivdf3.o)
 .ARM.attributes
                0x00000b58       0x1e c:/freescale/kds_v3/toolchain/bin/../lib/gcc/arm-none-eabi/4.8.4/armv7e-m\libgcc.a(_arm_cmpdf2.o)
 .ARM.attributes
                0x00000b76       0x1e c:/freescale/kds_v3/toolchain/bin/../lib/gcc/arm-none-eabi/4.8.4/armv7e-m\libgcc.a(_arm_fixdfsi.o)
 .ARM.attributes
                0x00000b94       0x1e c:/freescale/kds_v3/toolchain/bin/../lib/gcc/arm-none-eabi/4.8.4/armv7e-m\libgcc.a(_arm_addsubsf3.o)
 .ARM.attributes
                0x00000bb2       0x1e c:/freescale/kds_v3/toolchain/bin/../lib/gcc/arm-none-eabi/4.8.4/armv7e-m\libgcc.a(_arm_cmpsf2.o)
 .ARM.attributes
                0x00000bd0       0x1e c:/freescale/kds_v3/toolchain/bin/../lib/gcc/arm-none-eabi/4.8.4/armv7e-m\libgcc.a(_arm_fixsfsi.o)
 .ARM.attributes
                0x00000bee       0x2e c:/freescale/kds_v3/toolchain/bin/../lib/gcc/arm-none-eabi/4.8.4/../../../../arm-none-eabi/lib/armv7e-m\libg_s.a(lib_a-errno.o)
 .ARM.attributes
                0x00000c1c       0x2e c:/freescale/kds_v3/toolchain/bin/../lib/gcc/arm-none-eabi/4.8.4/../../../../arm-none-eabi/lib/armv7e-m\libg_s.a(lib_a-exit.o)
 .ARM.attributes
                0x00000c4a       0x2e c:/freescale/kds_v3/toolchain/bin/../lib/gcc/arm-none-eabi/4.8.4/../../../../arm-none-eabi/lib/armv7e-m\libg_s.a(lib_a-impure.o)
 .ARM.attributes
                0x00000c78       0x2e c:/freescale/kds_v3/toolchain/bin/../lib/gcc/arm-none-eabi/4.8.4/../../../../arm-none-eabi/lib/armv7e-m\libg_s.a(lib_a-init.o)
 .ARM.attributes
                0x00000ca6       0x2e c:/freescale/kds_v3/toolchain/bin/../lib/gcc/arm-none-eabi/4.8.4/../../../../arm-none-eabi/lib/armv7e-m\libg_s.a(lib_a-memcpy-stub.o)
 .ARM.attributes
                0x00000cd4       0x2e c:/freescale/kds_v3/toolchain/bin/../lib/gcc/arm-none-eabi/4.8.4/../../../../arm-none-eabi/lib/armv7e-m\libg_s.a(lib_a-memset.o)
 .ARM.attributes
                0x00000d02       0x1c c:/freescale/kds_v3/toolchain/bin/../lib/gcc/arm-none-eabi/4.8.4/../../../../arm-none-eabi/lib/armv7e-m\libg_s.a(lib_a-strcmp.o)
 .ARM.attributes
                0x00000d1e       0x2e c:/freescale/kds_v3/toolchain/bin/../lib/gcc/arm-none-eabi/4.8.4/../../../../arm-none-eabi/lib/armv7e-m\libg_s.a(lib_a-strlen.o)
 .ARM.attributes
                0x00000d4c       0x2e c:/freescale/kds_v3/toolchain/bin/../lib/gcc/arm-none-eabi/4.8.4/../../../../arm-none-eabi/lib/armv7e-m\libg_s.a(lib_a-vsprintf.o)
 .ARM.attributes
                0x00000d7a       0x2e c:/freescale/kds_v3/toolchain/bin/../lib/gcc/arm-none-eabi/4.8.4/../../../../arm-none-eabi/lib/armv7e-m\libg_s.a(lib_a-nano-mallocr.o)
 .ARM.attributes
                0x00000da8       0x2e c:/freescale/kds_v3/toolchain/bin/../lib/gcc/arm-none-eabi/4.8.4/../../../../arm-none-eabi/lib/armv7e-m\libg_s.a(lib_a-reent.o)
 .ARM.attributes
                0x00000dd6       0x2e c:/freescale/kds_v3/toolchain/bin/../lib/gcc/arm-none-eabi/4.8.4/../../../../arm-none-eabi/lib/armv7e-m\libg_s.a(lib_a-sbrkr.o)
 .ARM.attributes
                0x00000e04       0x2e c:/freescale/kds_v3/toolchain/bin/../lib/gcc/arm-none-eabi/4.8.4/../../../../arm-none-eabi/lib/armv7e-m\libg_s.a(lib_a-svfprintf.o)
 .ARM.attributes
                0x00000e32       0x2e c:/freescale/kds_v3/toolchain/bin/../lib/gcc/arm-none-eabi/4.8.4/../../../../arm-none-eabi/lib/armv7e-m\libg_s.a(lib_a-vfprintf_i.o)
 .ARM.attributes
                0x00000e60       0x2e c:/freescale/kds_v3/toolchain/bin/../lib/gcc/arm-none-eabi/4.8.4/../../../../arm-none-eabi/lib/armv7e-m\libg_s.a(lib_a-memchr-stub.o)
 .ARM.attributes
                0x00000e8e       0x2e c:/freescale/kds_v3/toolchain/bin/../lib/gcc/arm-none-eabi/4.8.4/../../../../arm-none-eabi/lib/armv7e-m\libg_s.a(lib_a-memmove.o)
 .ARM.attributes
                0x00000ebc       0x2e c:/freescale/kds_v3/toolchain/bin/../lib/gcc/arm-none-eabi/4.8.4/../../../../arm-none-eabi/lib/armv7e-m\libg_s.a(lib_a-nano-freer.o)
 .ARM.attributes
                0x00000eea       0x2e c:/freescale/kds_v3/toolchain/bin/../lib/gcc/arm-none-eabi/4.8.4/../../../../arm-none-eabi/lib/armv7e-m\libg_s.a(lib_a-nano-reallocr.o)
 .ARM.attributes
                0x00000f18       0x2e c:/freescale/kds_v3/toolchain/bin/../lib/gcc/arm-none-eabi/4.8.4/../../../../arm-none-eabi/lib/armv7e-m\libg_s.a(lib_a-nano-msizer.o)
 .ARM.attributes
                0x00000f46       0x2e c:/freescale/kds_v3/toolchain/bin/../lib/gcc/arm-none-eabi/4.8.4/../../../../arm-none-eabi/lib/armv7e-m\libnosys.a(sbrk.o)
 .ARM.attributes
                0x00000f74       0x2e c:/freescale/kds_v3/toolchain/bin/../lib/gcc/arm-none-eabi/4.8.4/../../../../arm-none-eabi/lib/armv7e-m\libnosys.a(_exit.o)
 .ARM.attributes
                0x00000fa2       0x1e c:/freescale/kds_v3/toolchain/bin/../lib/gcc/arm-none-eabi/4.8.4/armv7e-m/crtn.o
OUTPUT(varmo_lite.elf elf32-littlearm)

.debug_info     0x00000000     0xbc24
 .debug_info    0x00000000      0x60d ./Sources/Events.o
 .debug_info    0x0000060d      0x36b ./Sources/LCD.o
 .debug_info    0x00000978      0x113 ./Sources/PCA9670.o
 .debug_info    0x00000a8b      0xc54 ./Sources/display.o
 .debug_info    0x000016df       0xd0 ./Sources/encoder_variable.o
 .debug_info    0x000017af      0x527 ./Sources/main.o
 .debug_info    0x00001cd6      0x5e9 ./Sources/menu.o
 .debug_info    0x000022bf      0x24b ./Sources/parameters.o
 .debug_info    0x0000250a      0x7dc ./Sources/protocol.o
 .debug_info    0x00002ce6      0x5da ./Sources/send.o
 .debug_info    0x000032c0      0x20a ./Project_Settings/Startup_Code/startup.o
 .debug_info    0x000034ca      0x52b ./Generated_Code/AS1.o
 .debug_info    0x000039f5      0x9dc ./Generated_Code/ASerialLdd1.o
 .debug_info    0x000043d1      0x377 ./Generated_Code/BitIoLdd1.o
 .debug_info    0x00004748      0x377 ./Generated_Code/BitIoLdd2.o
 .debug_info    0x00004abf      0x377 ./Generated_Code/BitIoLdd3.o
 .debug_info    0x00004e36      0x377 ./Generated_Code/BitIoLdd4.o
 .debug_info    0x000051ad      0x377 ./Generated_Code/BitIoLdd5.o
 .debug_info    0x00005524      0x377 ./Generated_Code/BitIoLdd6.o