Archive member included because of file (symbol)

c:/freescale/kds_v3/toolchain/bin/../lib/gcc/arm-none-eabi/4.8.4/../../../../arm-none-eabi/lib/armv7e-m\libm.a(lib_a-s_round.o)
                              ./Sources/display.o (round)
c:/freescale/kds_v3/toolchain/bin/../lib/gcc/arm-none-eabi/4.8.4/../../../../arm-none-eabi/lib/armv7e-m\libm.a(lib_a-w_pow.o)
                              ./Sources/display.o (pow)
c:/freescale/kds_v3/toolchain/bin/../lib/gcc/arm-none-eabi/4.8.4/../../../../arm-none-eabi/lib/armv7e-m\libm.a(lib_a-e_pow.o)
                              c:/freescale/kds_v3/toolchain/bin/../lib/gcc/arm-none-eabi/4.8.4/../../../../arm-none-eabi/lib/armv7e-m\libm.a(lib_a-w_pow.o) (__ieee754_pow)
c:/freescale/kds_v3/toolchain/bin/../lib/gcc/arm-none-eabi/4.8.4/../../../../arm-none-eabi/lib/armv7e-m\libm.a(lib_a-e_sqrt.o)
                              c:/freescale/kds_v3/toolchain/bin/../lib/gcc/arm-none-eabi/4.8.4/../../../../arm-none-eabi/lib/armv7e-m\libm.a(lib_a-e_pow.o) (__ieee754_sqrt)
c:/freescale/kds_v3/toolchain/bin/../lib/gcc/arm-none-eabi/4.8.4/../../../../arm-none-eabi/lib/armv7e-m\libm.a(lib_a-s_fabs.o)
                              c:/freescale/kds_v3/toolchain/bin/../lib/gcc/arm-none-eabi/4.8.4/../../../../arm-none-eabi/lib/armv7e-m\libm.a(lib_a-e_pow.o) (fabs)
c:/freescale/kds_v3/toolchain/bin/../lib/gcc/arm-none-eabi/4.8.4/../../../../arm-none-eabi/lib/armv7e-m\libm.a(lib_a-s_finite.o)
                              c:/freescale/kds_v3/toolchain/bin/../lib/gcc/arm-none-eabi/4.8.4/../../../../arm-none-eabi/lib/armv7e-m\libm.a(lib_a-w_pow.o) (finite)
c:/freescale/kds_v3/toolchain/bin/../lib/gcc/arm-none-eabi/4.8.4/../../../../arm-none-eabi/lib/armv7e-m\libm.a(lib_a-s_fpclassify.o)
                              c:/freescale/kds_v3/toolchain/bin/../lib/gcc/arm-none-eabi/4.8.4/../../../../arm-none-eabi/lib/armv7e-m\libm.a(lib_a-w_pow.o) (__fpclassifyd)
c:/freescale/kds_v3/toolchain/bin/../lib/gcc/arm-none-eabi/4.8.4/../../../../arm-none-eabi/lib/armv7e-m\libm.a(lib_a-s_lib_ver.o)
                              c:/freescale/kds_v3/toolchain/bin/../lib/gcc/arm-none-eabi/4.8.4/../../../../arm-none-eabi/lib/armv7e-m\libm.a(lib_a-w_pow.o) (__fdlib_version)
c:/freescale/kds_v3/toolchain/bin/../lib/gcc/arm-none-eabi/4.8.4/../../../../arm-none-eabi/lib/armv7e-m\libm.a(lib_a-s_matherr.o)
                              c:/freescale/kds_v3/toolchain/bin/../lib/gcc/arm-none-eabi/4.8.4/../../../../arm-none-eabi/lib/armv7e-m\libm.a(lib_a-w_pow.o) (matherr)
c:/freescale/kds_v3/toolchain/bin/../lib/gcc/arm-none-eabi/4.8.4/../../../../arm-none-eabi/lib/armv7e-m\libm.a(lib_a-s_nan.o)
                              c:/freescale/kds_v3/toolchain/bin/../lib/gcc/arm-none-eabi/4.8.4/../../../../arm-none-eabi/lib/armv7e-m\libm.a(lib_a-e_pow.o) (nan)
c:/freescale/kds_v3/toolchain/bin/../lib/gcc/arm-none-eabi/4.8.4/../../../../arm-none-eabi/lib/armv7e-m\libm.a(lib_a-s_rint.o)
                              c:/freescale/kds_v3/toolchain/bin/../lib/gcc/arm-none-eabi/4.8.4/../../../../arm-none-eabi/lib/armv7e-m\libm.a(lib_a-w_pow.o) (rint)
c:/freescale/kds_v3/toolchain/bin/../lib/gcc/arm-none-eabi/4.8.4/../../../../arm-none-eabi/lib/armv7e-m\libm.a(lib_a-s_scalbn.o)
                              c:/freescale/kds_v3/toolchain/bin/../lib/gcc/arm-none-eabi/4.8.4/../../../../arm-none-eabi/lib/armv7e-m\libm.a(lib_a-e_pow.o) (scalbn)
c:/freescale/kds_v3/toolchain/bin/../lib/gcc/arm-none-eabi/4.8.4/../../../../arm-none-eabi/lib/armv7e-m\libm.a(lib_a-s_copysign.o)
                              c:/freescale/kds_v3/toolchain/bin/../lib/gcc/arm-none-eabi/4.8.4/../../../../arm-none-eabi/lib/armv7e-m\libm.a(lib_a-s_scalbn.o) (copysign)
c:/freescale/kds_v3/toolchain/bin/../lib/gcc/arm-none-eabi/4.8.4/armv7e-m\libgcc.a(_arm_addsubdf3.o)
                              c:/freescale/kds_v3/toolchain/bin/../lib/gcc/arm-none-eabi/4.8.4/../../../../arm-none-eabi/lib/armv7e-m\libm.a(lib_a-e_pow.o) (__aeabi_dsub)
c:/freescale/kds_v3/toolchain/bin/../lib/gcc/arm-none-eabi/4.8.4/armv7e-m\libgcc.a(_arm_muldivdf3.o)
                              ./Sources/display.o (__aeabi_dmul)
c:/freescale/kds_v3/toolchain/bin/../lib/gcc/arm-none-eabi/4.8.4/armv7e-m\libgcc.a(_arm_cmpdf2.o)
                              c:/freescale/kds_v3/toolchain/bin/../lib/gcc/arm-none-eabi/4.8.4/../../../../arm-none-eabi/lib/armv7e-m\libm.a(lib_a-w_pow.o) (__aeabi_dcmpeq)
c:/freescale/kds_v3/toolchain/bin/../lib/gcc/arm-none-eabi/4.8.4/armv7e-m\libgcc.a(_arm_fixdfsi.o)
                              ./Sources/display.o (__aeabi_d2iz)
c:/freescale/kds_v3/toolchain/bin/../lib/gcc/arm-none-eabi/4.8.4/armv7e-m\libgcc.a(_arm_addsubsf3.o)
                              ./Sources/Events.o (__aeabi_fsub)
c:/freescale/kds_v3/toolchain/bin/../lib/gcc/arm-none-eabi/4.8.4/armv7e-m\libgcc.a(_arm_cmpsf2.o)
                              ./Sources/display.o (__aeabi_fcmpeq)
c:/freescale/kds_v3/toolchain/bin/../lib/gcc/arm-none-eabi/4.8.4/armv7e-m\libgcc.a(_arm_fixsfsi.o)
[...]
Memory Configuration

Name             Origin             Length             Attributes
m_interrupts     0x00000000         0x000001bc         xr
m_text           0x00000410         0x00030000         xr
m_data           0x1fff8000         0x00008000         rw
m_data_20000000  0x20000000         0x00008000         rw
m_cfmprotrom     0x00000400         0x00000010         xr
*default*        0x00000000         0xffffffff

Linker script and memory map

LOAD c:/freescale/kds_v3/toolchain/bin/../lib/gcc/arm-none-eabi/4.8.4/armv7e-m/crti.o
LOAD c:/freescale/kds_v3/toolchain/bin/../lib/gcc/arm-none-eabi/4.8.4/armv7e-m/crtbegin.o
LOAD c:/freescale/kds_v3/toolchain/bin/../lib/gcc/arm-none-eabi/4.8.4/../../../../arm-none-eabi/lib/armv7e-m/crt0.o
LOAD ./Sources/Events.o
LOAD ./Sources/LCD.o
LOAD ./Sources/PCA9670.o
LOAD ./Sources/cue.o
LOAD ./Sources/display.o
LOAD ./Sources/eeprom.o
LOAD ./Sources/encoder_variable.o
LOAD ./Sources/main.o
LOAD ./Sources/menu.o
LOAD ./Sources/parameters.o
LOAD ./Sources/protocol.o
LOAD ./Sources/send.o
LOAD ./Project_Settings/Startup_Code/startup.o
LOAD ./Generated_Code/AS1.o
LOAD ./Generated_Code/ASerialLdd1.o
LOAD ./Generated_Code/BitIoLdd1.o
LOAD ./Generated_Code/BitIoLdd2.o
LOAD ./Generated_Code/BitIoLdd3.o
LOAD ./Generated_Code/BitIoLdd4.o
LOAD ./Generated_Code/BitIoLdd5.o
LOAD ./Generated_Code/BitIoLdd6.o
LOAD ./Generated_Code/BitIoLdd7.o
LOAD ./Generated_Code/CS1.o
LOAD ./Generated_Code/Cpu.o
LOAD ./Generated_Code/ENCODER.o
LOAD ./Generated_Code/ENCODER_PUSH.o
LOAD ./Generated_Code/ExtIntLdd1.o
LOAD ./Generated_Code/ExtIntLdd2.o
LOAD ./Generated_Code/ExtIntLdd3.o
LOAD ./Generated_Code/ExtIntLdd4.o
LOAD ./Generated_Code/ExtIntLdd5.o
LOAD ./Generated_Code/I2C0.o
LOAD ./Generated_Code/IFsh1.o
LOAD ./Generated_Code/IntFlashLdd1.o
LOAD ./Generated_Code/IntI2cLdd1.o
LOAD ./Generated_Code/KSDK1.o
LOAD ./Generated_Code/LCD_CTR.o
LOAD ./Generated_Code/LCD_EN.o
LOAD ./Generated_Code/LED_DEBUG.o
LOAD ./Generated_Code/LED_STATUS_1.o
LOAD ./Generated_Code/LED_STATUS_2.o
LOAD ./Generated_Code/LED_STATUS_3.o
LOAD ./Generated_Code/LED_STATUS_4.o
LOAD ./Generated_Code/LEVER_DIR1.o
LOAD ./Generated_Code/LEVER_DIR2.o
LOAD ./Generated_Code/PCA.o
LOAD ./Generated_Code/PE_LDD.o
LOAD ./Generated_Code/PUSH_BUTTON_REC.o
LOAD ./Generated_Code/PUSH_BUTTON_SEND.o
LOAD ./Generated_Code/TU1.o
LOAD ./Generated_Code/T_100ms.o
LOAD ./Generated_Code/T_500ms.o
LOAD ./Generated_Code/Vectors.o
LOAD ./Generated_Code/WAIT1.o
LOAD ./.metadata/.plugins/org.eclipse.cdt.make.core/specs.o
LOAD c:/freescale/kds_v3/toolchain/bin/../lib/gcc/arm-none-eabi/4.8.4/../../../../arm-none-eabi/lib/armv7e-m\libstdc++_s.a
LOAD c:/freescale/kds_v3/toolchain/bin/../lib/gcc/arm-none-eabi/4.8.4/../../../../arm-none-eabi/lib/armv7e-m\libm.a
START GROUP
LOAD c:/freescale/kds_v3/toolchain/bin/../lib/gcc/arm-none-eabi/4.8.4/armv7e-m\libgcc.a
LOAD c:/freescale/kds_v3/toolchain/bin/../lib/gcc/arm-none-eabi/4.8.4/../../../../arm-none-eabi/lib/armv7e-m\libg_s.a
LOAD c:/freescale/kds_v3/toolchain/bin/../lib/gcc/arm-none-eabi/4.8.4/../../../../arm-none-eabi/lib/armv7e-m\libc_s.a
END GROUP
START GROUP
LOAD c:/freescale/kds_v3/toolchain/bin/../lib/gcc/arm-none-eabi/4.8.4/armv7e-m\libgcc.a
LOAD c:/freescale/kds_v3/toolchain/bin/../lib/gcc/arm-none-eabi/4.8.4/../../../../arm-none-eabi/lib/armv7e-m\libc_s.a
LOAD c:/freescale/kds_v3/toolchain/bin/../lib/gcc/arm-none-eabi/4.8.4/../../../../arm-none-eabi/lib/armv7e-m\libnosys.a
END GROUP
START GROUP
LOAD c:/freescale/kds_v3/toolchain/bin/../lib/gcc/arm-none-eabi/4.8.4/armv7e-m\libgcc.a
LOAD c:/freescale/kds_v3/toolchain/bin/../lib/gcc/arm-none-eabi/4.8.4/../../../../arm-none-eabi/lib/armv7e-m\libc_s.a
LOAD c:/freescale/kds_v3/toolchain/bin/../lib/gcc/arm-none-eabi/4.8.4/../../../../arm-none-eabi/lib/armv7e-m\libnosys.a
END GROUP
LOAD c:/freescale/kds_v3/toolchain/bin/../lib/gcc/arm-none-eabi/4.8.4/armv7e-m/crtend.o
LOAD c:/freescale/kds_v3/toolchain/bin/../lib/gcc/arm-none-eabi/4.8.4/armv7e-m/crtn.o
                0x20000000                _estack = 0x20000000
                0x20000000                __SP_INIT = _estack
                0x20000000                __stack = _estack
                0x00000000                __heap_size = 0x0
                0x00000400                __stack_size = 0x400

.interrupts     0x00000000      0x1bc
                0x00000000                __vector_table = .
                0x00000000                . = ALIGN (0x4)
 *(.vectortable)
 .vectortable   0x00000000      0x1bc ./Generated_Code/Vectors.o
                0x00000000                __vect_table
                0x000001bc                . = ALIGN (0x4)

.cfmprotect     0x00000400       0x10
                0x00000400                . = ALIGN (0x4)
 *(.cfmconfig)
 .cfmconfig     0x00000400       0x10 ./Generated_Code/Cpu.o
                0x00000400                _cfm
                0x00000410                . = ALIGN (0x4)

.text           0x00000410     0xd66c
                0x00000410                . = ALIGN (0x4)
 *(.text)
 .text          0x00000410       0x54 c:/freescale/kds_v3/toolchain/bin/../lib/gcc/arm-none-eabi/4.8.4/armv7e-m/crtbegin.o
 .text          0x00000464       0x74 c:/freescale/kds_v3/toolchain/bin/../lib/gcc/arm-none-eabi/4.8.4/../../../../arm-none-eabi/lib/armv7e-m/crt0.o
                0x00000464                _start
                0x00000464                _mainCRTStartup
 .text          0x000004d8      0x370 c:/freescale/kds_v3/toolchain/bin/../lib/gcc/arm-none-eabi/4.8.4/armv7e-m\libgcc.a(_arm_addsubdf3.o)
                0x000004d8                __aeabi_drsub
                0x000004e0                __aeabi_dsub
                0x000004e0                __subdf3
                0x000004e4                __aeabi_dadd
                0x000004e4                __adddf3
                0x0000075c                __floatunsidf
                0x0000075c                __aeabi_ui2d
                0x0000077c                __floatsidf
                0x0000077c                __aeabi_i2d
                0x000007a0                __aeabi_f2d
                0x000007a0                __extendsfdf2
                0x000007dc                __floatundidf
                0x000007dc                __aeabi_ul2d
                0x000007ec                __floatdidf
                0x000007ec                __aeabi_l2d
 .text          0x00000848      0x424 c:/freescale/kds_v3/toolchain/bin/../lib/gcc/arm-none-eabi/4.8.4/armv7e-m\libgcc.a(_arm_muldivdf3.o)
                0x00000848                __aeabi_dmul
                0x00000848                __muldf3
                0x00000a9c                __divdf3
                0x00000a9c                __aeabi_ddiv
 .text          0x00000c6c      0x110 c:/freescale/kds_v3/toolchain/bin/../lib/gcc/arm-none-eabi/4.8.4/armv7e-m\libgcc.a(_arm_cmpdf2.o)
                0x00000c6c                __gtdf2
                0x00000c6c                __gedf2
                0x00000c74                __ltdf2
                0x00000c74                __ledf2
                0x00000c7c                __nedf2
                0x00000c7c                __eqdf2
                0x00000c7c                __cmpdf2
                0x00000cf8                __aeabi_cdrcmple
                0x00000d08                __aeabi_cdcmpeq
                0x00000d08                __aeabi_cdcmple
                0x00000d18                __aeabi_dcmpeq
                0x00000d2c                __aeabi_dcmplt
                0x00000d40                __aeabi_dcmple
                0x00000d54                __aeabi_dcmpge
                0x00000d68                __aeabi_dcmpgt
 .text          0x00000d7c       0x50 c:/freescale/kds_v3/toolchain/bin/../lib/gcc/arm-none-eabi/4.8.4/armv7e-m\libgcc.a(_arm_fixdfsi.o)
                0x00000d7c                __aeabi_d2iz
                0x00000d7c                __fixdfsi
 .text          0x00000dcc      0x21c c:/freescale/kds_v3/toolchain/bin/../lib/gcc/arm-none-eabi/4.8.4/armv7e-m\libgcc.a(_arm_addsubsf3.o)
                0x00000dcc                __aeabi_frsub
                0x00000dd4                __subsf3
                0x00000dd4                __aeabi_fsub
                0x00000dd8                __aeabi_fadd
                0x00000dd8                __addsf3
                0x00000f38                __aeabi_ui2f
                0x00000f38                __floatunsisf
                0x00000f40                __aeabi_i2f
                0x00000f40                __floatsisf
                0x00000f5c                __aeabi_ul2f
                0x00000f5c                __floatundisf
                0x00000f6c                __aeabi_l2f
                0x00000f6c                __floatdisf
 .text          0x00000fe8       0xec c:/freescale/kds_v3/toolchain/bin/../lib/gcc/arm-none-eabi/4.8.4/armv7e-m\libgcc.a(_arm_cmpsf2.o)
                0x00000fe8                __gesf2
                0x00000fe8                __gtsf2
                0x00000ff0                __lesf2
                0x00000ff0                __ltsf2
                0x00000ff8                __nesf2
                0x00000ff8                __eqsf2
                0x00000ff8                __cmpsf2
                0x00001058                __aeabi_cfrcmple
                0x00001060                __aeabi_cfcmpeq
                0x00001060                __aeabi_cfcmple
                0x00001070                __aeabi_fcmpeq
                0x00001084                __aeabi_fcmplt
                0x00001098                __aeabi_fcmple
                0x000010ac                __aeabi_fcmpge
                0x000010c0                __aeabi_fcmpgt
 .text          0x000010d4       0x4c c:/freescale/kds_v3/toolchain/bin/../lib/gcc/arm-none-eabi/4.8.4/armv7e-m\libgcc.a(_arm_fixsfsi.o)
                0x000010d4                __aeabi_f2iz
                0x000010d4                __fixsfsi
 .text          0x00001120       0x40 c:/freescale/kds_v3/toolchain/bin/../lib/gcc/arm-none-eabi/4.8.4/armv7e-m\libgcc.a(_arm_fixunssfsi.o)
                0x00001120                __fixunssfsi
                0x00001120                __aeabi_f2uiz
 .text          0x00001160      0xa1c c:/freescale/kds_v3/toolchain/bin/../lib/gcc/arm-none-eabi/4.8.4/armv7e-m\libgcc.a(unwind-arm.o)
                0x00001444                _Unwind_GetCFA
                0x00001448                __gnu_Unwind_RaiseException
                0x000014a8                __gnu_Unwind_ForcedUnwind
                0x000014bc                __gnu_Unwind_Resume
                0x00001500                __gnu_Unwind_Resume_or_Rethrow
                0x00001510                _Unwind_Complete
                0x00001514                _Unwind_DeleteException
                0x00001524                _Unwind_VRS_Get
                0x00001574                _Unwind_VRS_Set
                0x000015c4                __gnu_Unwind_Backtrace
                0x00001918                __aeabi_unwind_cpp_pr0
                0x00001920                __aeabi_unwind_cpp_pr1
                0x00001928                __aeabi_unwind_cpp_pr2
                0x00001930                _Unwind_VRS_Pop
 .text          0x00001b7c      0x1ac c:/freescale/kds_v3/toolchain/bin/../lib/gcc/arm-none-eabi/4.8.4/armv7e-m\libgcc.a(libunwind.o)
                0x00001b7c                __restore_core_regs
                0x00001b7c                restore_core_regs
                0x00001b94                __gnu_Unwind_Restore_VFP
                0x00001b9c                __gnu_Unwind_Save_VFP
                0x00001ba4                __gnu_Unwind_Restore_VFP_D
                0x00001bac                __gnu_Unwind_Save_VFP_D
                0x00001bb4                __gnu_Unwind_Restore_VFP_D_16_to_31
                0x00001bbc                __gnu_Unwind_Save_VFP_D_16_to_31
                0x00001bc4                __gnu_Unwind_Restore_WMMXD
                0x00001c08                __gnu_Unwind_Save_WMMXD
                0x00001c4c                __gnu_Unwind_Restore_WMMXC
                0x00001c60                __gnu_Unwind_Save_WMMXC
                0x00001c74                ___Unwind_RaiseException
                0x00001c74                _Unwind_RaiseException
                0x00001c98                _Unwind_Resume
                0x00001c98                ___Unwind_Resume
                0x00001cbc                _Unwind_Resume_or_Rethrow
                0x00001cbc                ___Unwind_Resume_or_Rethrow
                0x00001ce0                _Unwind_ForcedUnwind
                0x00001ce0                ___Unwind_ForcedUnwind
                0x00001d04                ___Unwind_Backtrace
                0x00001d04                _Unwind_Backtrace
 .text          0x00001d28      0x33c c:/freescale/kds_v3/toolchain/bin/../lib/gcc/arm-none-eabi/4.8.4/armv7e-m\libgcc.a(pr-support.o)
                0x00001d7c                __gnu_unwind_execute
                0x00002008                __gnu_unwind_frame
                0x00002034                _Unwind_GetRegionStart
                0x00002040                _Unwind_GetLanguageSpecificData
                0x00002054                _Unwind_GetDataRelBase
                0x0000205c                _Unwind_GetTextRelBase
 .text          0x00002064       0x14 c:/freescale/kds_v3/toolchain/bin/../lib/gcc/arm-none-eabi/4.8.4/../../../../arm-none-eabi/lib/armv7e-m\libg_s.a(lib_a-strcmp.o)
                0x00002064                strcmp
 *(.text*)
 .text.PUSH_BUTTON_REC_OnInterrupt
                0x00002078       0x18 ./Sources/Events.o
                0x00002078                PUSH_BUTTON_REC_OnInterrupt
 .text.PUSH_BUTTON_SEND_OnInterrupt
                0x00002090       0x18 ./Sources/Events.o
                0x00002090                PUSH_BUTTON_SEND_OnInterrupt
 .text.I2C0_OnReceiveData
                0x000020a8        0xc ./Sources/Events.o
                0x000020a8                I2C0_OnReceiveData
 .text.I2C0_OnTransmitData
                0x000020b4        0xc ./Sources/Events.o
                0x000020b4                I2C0_OnTransmitData
 .text.T_100ms_OnCounterRestart
                0x000020c0       0x5c ./Sources/Events.o
                0x000020c0                T_100ms_OnCounterRestart
 .text.LEVER_DIR2_OnInterrupt
                0x0000211c       0x40 ./Sources/Events.o
                0x0000211c                LEVER_DIR2_OnInterrupt
 .text.LEVER_DIR1_OnInterrupt
                0x0000215c       0x40 ./Sources/Events.o
                0x0000215c                LEVER_DIR1_OnInterrupt
 .text.ENCODER_PUSH_OnInterrupt
                0x0000219c       0xe0 ./Sources/Events.o
                0x0000219c                ENCODER_PUSH_OnInterrupt
 .text.ENCODER_OnPortEvent
                0x0000227c       0xc0 ./Sources/Events.o
                0x0000227c                ENCODER_OnPortEvent
 .text.T_500ms_OnCounterRestart
                0x0000233c       0xb8 ./Sources/Events.o
                0x0000233c                T_500ms_OnCounterRestart
 .text.I2C0_OnArbitLost
                0x000023f4        0xc ./Sources/Events.o
                0x000023f4                I2C0_OnArbitLost
 .text.AS1_OnTxComplete
                0x00002400       0x14 ./Sources/Events.o
                0x00002400                AS1_OnTxComplete
 .text.AS1_OnError
                0x00002414        0xc ./Sources/Events.o
                0x00002414                AS1_OnError
 .text.AS1_OnRxChar
                0x00002420        0xc ./Sources/Events.o
                0x00002420                AS1_OnRxChar
 .text.AS1_OnRxCharExt
                0x0000242c       0xa8 ./Sources/Events.o
                0x0000242c                AS1_OnRxCharExt
 .text.AS1_OnTxChar
                0x000024d4       0x14 ./Sources/Events.o
                0x000024d4                AS1_OnTxChar
 .text.AS1_OnFullRxBuf
                0x000024e8       0x24 ./Sources/Events.o
                0x000024e8                AS1_OnFullRxBuf
 .text.AS1_OnFreeTxBuf
                0x0000250c        0xc ./Sources/Events.o
                0x0000250c                AS1_OnFreeTxBuf
 .text.TU1_OnCounterRestart
                0x00002518       0x1c ./Sources/Events.o
                0x00002518                TU1_OnCounterRestart
 .text.LCD_Init
                0x00002534       0x50 ./Sources/LCD.o
                0x00002534                LCD_Init
 .text.LCD_command
                0x00002584       0x30 ./Sources/LCD.o
                0x00002584                LCD_command
 .text.LCD_Set_Cursor
                0x000025b4       0x58 ./Sources/LCD.o
                0x000025b4                LCD_Set_Cursor
 .text.LCD_Write
                0x0000260c       0x28 ./Sources/LCD.o
                0x0000260c                LCD_Write
 .text.load_custom_char
                0x00002634       0x50 ./Sources/LCD.o
                0x00002634                load_custom_char
 .text.LCD_Write_At
                0x00002684       0x3c ./Sources/LCD.o
                0x00002684                LCD_Write_At
 .text.LCD_Write_Block
                0x000026c0       0xa0 ./Sources/LCD.o
                0x000026c0                LCD_Write_Block
 .text.PCA9670_Init
                0x00002760       0x34 ./Sources/PCA9670.o
                0x00002760                PCA9670_Init
 .text.PCA9670_SendByte
                0x00002794       0x3c ./Sources/PCA9670.o
                0x00002794                PCA9670_SendByte
 .text.select_cue
                0x000027d0       0xdc ./Sources/cue.o
                0x000027d0                select_cue
 .text.vspfunc  0x000028ac       0x30 ./Sources/display.o
                0x000028ac                vspfunc
 .text.print_float_at
                0x000028dc      0x174 ./Sources/display.o
                0x000028dc                print_float_at
 .text.print_int_at
                0x00002a50       0xa0 ./Sources/display.o
                0x00002a50                print_int_at
 .text.print_cue_array
                0x00002af0      0x1d0 ./Sources/display.o
                0x00002af0                print_cue_array
 .text.print_all_cue
                0x00002cc0      0x110 ./Sources/display.o
                0x00002cc0                print_all_cue
 .text.load_char
                0x00002dd0       0xe8 ./Sources/display.o
                0x00002dd0                load_char
 .text.menu_init
                0x00002eb8       0x1c ./Sources/display.o
                0x00002eb8                menu_init
 .text.refresh  0x00002ed4       0x24 ./Sources/display.o
                0x00002ed4                refresh
 .text.select   0x00002ef8       0x24 ./Sources/display.o
                0x00002ef8                select
 .text.back     0x00002f1c       0x38 ./Sources/display.o
                0x00002f1c                back
 .text.controle_mode_display
                0x00002f54       0x4c ./Sources/display.o
                0x00002f54                controle_mode_display
 .text.control_mode_fct
                0x00002fa0       0x5c ./Sources/display.o
                0x00002fa0                control_mode_fct
 .text.update_icon_dir
                0x00002ffc       0x74 ./Sources/display.o
                0x00002ffc                update_icon_dir
 .text.update_icon_drive_enable
                0x00003070       0x38 ./Sources/display.o
                0x00003070                update_icon_drive_enable
 .text.refresh_fct
                0x000030a8       0xb4 ./Sources/display.o
                0x000030a8                refresh_fct
 .text.velocity_fct
                0x0000315c      0x344 ./Sources/display.o
                0x0000315c                velocity_fct
 .text.acceleration_fct
                0x000034a0      0x114 ./Sources/display.o
                0x000034a0                acceleration_fct
 .text.deceleration_fct
                0x000035b4      0x114 ./Sources/display.o
                0x000035b4                deceleration_fct
 .text.back_fct
                0x000036c8       0x30 ./Sources/display.o
                0x000036c8                back_fct
 .text.pos_position_fct
                0x000036f8      0x380 ./Sources/display.o
                0x000036f8                pos_position_fct
 .text.pos_velocity_fct
                0x00003a78      0x114 ./Sources/display.o
                0x00003a78                pos_velocity_fct
 .text.pos_acceleration_fct
                0x00003b8c      0x114 ./Sources/display.o
                0x00003b8c                pos_acceleration_fct
 .text.pos_deceleration_fct
                0x00003ca0      0x114 ./Sources/display.o
                0x00003ca0                pos_deceleration_fct
 .text.pos_set_home_fct
                0x00003db4       0x8c ./Sources/display.o
                0x00003db4                pos_set_home_fct
 .text.torque_fct
                0x00003e40      0x33c ./Sources/display.o
                0x00003e40                torque_fct
 .text.torque_rise_fct
                0x0000417c      0x110 ./Sources/display.o
                0x0000417c                torque_rise_fct
 .text.torque_fall_fct
                0x0000428c      0x110 ./Sources/display.o
                0x0000428c                torque_fall_fct
 .text.vel_play_cue_fct
                0x0000439c      0x158 ./Sources/display.o
                0x0000439c                vel_play_cue_fct
 .text.vel_rec_cue_fct
                0x000044f4      0x188 ./Sources/display.o
                0x000044f4                vel_rec_cue_fct
 .text.vel_mod_cue_fct
                0x0000467c      0x158 ./Sources/display.o
                0x0000467c                vel_mod_cue_fct
 .text.vel_del_cue_fct
                0x000047d4      0x158 ./Sources/display.o
                0x000047d4                vel_del_cue_fct
 .text.short_cut_position_menu
                0x0000492c       0x68 ./Sources/display.o
                0x0000492c                short_cut_position_menu
 .text._Z41__static_initialization_and_destruction_0ii
                0x00004994      0x718 ./Sources/display.o
 .text._GLOBAL__sub_I_buffer
                0x000050ac       0x10 ./Sources/display.o
 .text.load_cue
                0x000050bc      0x10c ./Sources/eeprom.o
                0x000050bc                load_cue
 .text.write_cue
                0x000051c8      0x168 ./Sources/eeprom.o
                0x000051c8                write_cue
 .text.erase_cue
                0x00005330       0x5c ./Sources/eeprom.o
                0x00005330                erase_cue
 .text.get_slot_saved
                0x0000538c      0x10c ./Sources/eeprom.o
                0x0000538c                get_slot_saved
 .text.get_cue_values
                0x00005498       0x7c ./Sources/eeprom.o
                0x00005498                get_cue_values
 .text.main     0x00005514      0x56c ./Sources/main.o
                0x00005514                main
 .text.init_menu
                0x00005a80       0x44 ./Sources/menu.o
                0x00005a80                init_menu
 .text.init_sub_menu
                0x00005ac4       0x68 ./Sources/menu.o
                0x00005ac4                init_sub_menu
 .text.init_sub_menu2
                0x00005b2c       0x48 ./Sources/menu.o
                0x00005b2c                init_sub_menu2
 .text.init_menu_list
                0x00005b74       0x30 ./Sources/menu.o
                0x00005b74                init_menu_list
 .text.init_sub_menu_list
                0x00005ba4       0x30 ./Sources/menu.o
                0x00005ba4                init_sub_menu_list
 .text.init_sub_menu2_list
                0x00005bd4       0x30 ./Sources/menu.o
                0x00005bd4                init_sub_menu2_list
 .text.print_menu
                0x00005c04      0x140 ./Sources/menu.o
                0x00005c04                print_menu
 .text.print_sub_menu
                0x00005d44      0x178 ./Sources/menu.o
                0x00005d44                print_sub_menu
 .text.print_sub_menu2
                0x00005ebc      0x178 ./Sources/menu.o
                0x00005ebc                print_sub_menu2
 .text.menu_select
                0x00006034      0x2b4 ./Sources/menu.o
                0x00006034                menu_select
 .text.menu_back
                0x000062e8      0x37c ./Sources/menu.o
                0x000062e8                menu_back
 .text.refresh_menu
                0x00006664      0x174 ./Sources/menu.o
                0x00006664                refresh_menu
 .text.void_function
                0x000067d8        0xc ./Sources/menu.o
                0x000067d8                void_function
 .text.parameters_init
                0x000067e4       0xc8 ./Sources/parameters.o
                0x000067e4                parameters_init
 .text.convert  0x000068ac       0x3c ./Sources/parameters.o
                0x000068ac                convert
 .text.serial_send_block
                0x000068e8       0xdc ./Sources/protocol.o
                0x000068e8                serial_send_block
 .text.serial_send_float
                0x000069c4       0x30 ./Sources/protocol.o
                0x000069c4                serial_send_float
 .text.serial_send_int
                0x000069f4       0x30 ./Sources/protocol.o
                0x000069f4                serial_send_int
 .text.serial_send_string
                0x00006a24       0x58 ./Sources/protocol.o
                0x00006a24                serial_send_string
 .text.serial_send_char
                0x00006a7c       0x30 ./Sources/protocol.o
                0x00006a7c                serial_send_char
 .text.serial_send_end
                0x00006aac       0x14 ./Sources/protocol.o
                0x00006aac                serial_send_end
 .text.msg_parse
                0x00006ac0      0x1d4 ./Sources/protocol.o
                0x00006ac0                msg_parse
 .text.msg_processing
                0x00006c94      0x2ac ./Sources/protocol.o
                0x00006c94                msg_processing
 .text.Send_Control_Mode
                0x00006f40       0x30 ./Sources/send.o
                0x00006f40                Send_Control_Mode
 .text.send_fct
                0x00006f70      0x35c ./Sources/send.o
                0x00006f70                send_fct
 .text.get_update_drive_en
                0x000072cc       0x24 ./Sources/send.o
                0x000072cc                get_update_drive_en
 .text.get_update_value
                0x000072f0      0x180 ./Sources/send.o
                0x000072f0                get_update_value
 .text.send_stop
                0x00007470       0x34 ./Sources/send.o
                0x00007470                send_stop
 .text.send_velocity_cue
                0x000074a4       0x94 ./Sources/send.o
                0x000074a4                send_velocity_cue
 .text.velocity_processing
                0x00007538       0x50 ./Sources/send.o
                0x00007538                velocity_processing
 .text.velocity_ref_processing
                0x00007588       0x44 ./Sources/send.o
                0x00007588                velocity_ref_processing
 .text.acceleration_processing
                0x000075cc       0x50 ./Sources/send.o
                0x000075cc                acceleration_processing
 .text.deceleration_processing
                0x0000761c       0x50 ./Sources/send.o
                0x0000761c                deceleration_processing
 .text.torque_processing
                0x0000766c       0x44 ./Sources/send.o
                0x0000766c                torque_processing
 .text.torque_rise_processing
                0x000076b0       0x44 ./Sources/send.o
                0x000076b0                torque_rise_processing
 .text.torque_fall_processing
                0x000076f4       0x44 ./Sources/send.o
                0x000076f4                torque_fall_processing
 .text.control_mode_processing
                0x00007738       0x78 ./Sources/send.o
                0x00007738                control_mode_processing
 .text.drive_enable_processing
                0x000077b0       0x24 ./Sources/send.o
                0x000077b0                drive_enable_processing
 .text.__copy_rom_section
                0x000077d4       0xe4 ./Project_Settings/Startup_Code/startup.o
                0x000077d4                __copy_rom_section
 .text.__copy_rom_sections_to_ram
                0x000078b8       0x9c ./Project_Settings/Startup_Code/startup.o
                0x000078b8                __copy_rom_sections_to_ram
 .text.__init_registers
                0x00007954        0xc ./Project_Settings/Startup_Code/startup.o
                0x00007954                __init_registers
 .text.__init_user
                0x00007960        0xc ./Project_Settings/Startup_Code/startup.o
                0x00007960                __init_user
 .text.__thumb_startup
                0x0000796c       0x34 ./Project_Settings/Startup_Code/startup.o
                0x0000796c                __thumb_startup
 .text.HWEnDi   0x000079a0       0x1c ./Generated_Code/AS1.o
 .text.AS1_SendChar
                0x000079bc       0xe0 ./Generated_Code/AS1.o
                0x000079bc                AS1_SendChar
 .text.AS1_SendBlock
                0x00007a9c      0x148 ./Generated_Code/AS1.o
                0x00007a9c                AS1_SendBlock
 .text.AS1_ClearRxBuf
                0x00007be4       0x78 ./Generated_Code/AS1.o
                0x00007be4                AS1_ClearRxBuf
 .text.AS1_Init
                0x00007c5c       0x60 ./Generated_Code/AS1.o
                0x00007c5c                AS1_Init
 .text.ASerialLdd1_OnBlockReceived
                0x00007cbc       0xd4 ./Generated_Code/AS1.o
                0x00007cbc                ASerialLdd1_OnBlockReceived
 .text.ASerialLdd1_OnBlockSent
                0x00007d90       0xd8 ./Generated_Code/AS1.o
                0x00007d90                ASerialLdd1_OnBlockSent
 .text.ASerialLdd1_OnError
                0x00007e68       0x9c ./Generated_Code/AS1.o
                0x00007e68                ASerialLdd1_OnError
 .text.ASerialLdd1_OnTxComplete
                0x00007f04       0x14 ./Generated_Code/AS1.o
                0x00007f04                ASerialLdd1_OnTxComplete
 .text.ASerialLdd1_OnBreak
                0x00007f18       0x24 ./Generated_Code/AS1.o
                0x00007f18                ASerialLdd1_OnBreak
 .text.ASerialLdd1_Init
                0x00007f3c      0x1c0 ./Generated_Code/ASerialLdd1.o
                0x00007f3c                ASerialLdd1_Init
 .text.ASerialLdd1_ReceiveBlock
                0x000080fc       0x90 ./Generated_Code/ASerialLdd1.o
                0x000080fc                ASerialLdd1_ReceiveBlock
 .text.ASerialLdd1_SendBlock
                0x0000818c       0xbc ./Generated_Code/ASerialLdd1.o
                0x0000818c                ASerialLdd1_SendBlock
 .text.InterruptRx
                0x00008248       0x58 ./Generated_Code/ASerialLdd1.o
 .text.InterruptTx
                0x000082a0       0x9c ./Generated_Code/ASerialLdd1.o
 .text.ASerialLdd1_Interrupt
                0x0000833c      0x130 ./Generated_Code/ASerialLdd1.o
                0x0000833c                ASerialLdd1_Interrupt
 .text.ASerialLdd1_GetError
                0x0000846c       0x70 ./Generated_Code/ASerialLdd1.o
                0x0000846c                ASerialLdd1_GetError
 .text.BitIoLdd1_Init
                0x000084dc       0x64 ./Generated_Code/BitIoLdd1.o
                0x000084dc                BitIoLdd1_Init
 .text.BitIoLdd2_Init
                0x00008540       0x64 ./Generated_Code/BitIoLdd2.o
                0x00008540                BitIoLdd2_Init
 .text.BitIoLdd2_ClrVal
                0x000085a4       0x1c ./Generated_Code/BitIoLdd2.o
                0x000085a4                BitIoLdd2_ClrVal
 .text.BitIoLdd2_SetVal
                0x000085c0       0x1c ./Generated_Code/BitIoLdd2.o
                0x000085c0                BitIoLdd2_SetVal
 .text.BitIoLdd2_NegVal
                0x000085dc       0x1c ./Generated_Code/BitIoLdd2.o
                0x000085dc                BitIoLdd2_NegVal
 .text.BitIoLdd3_Init
                0x000085f8       0x64 ./Generated_Code/BitIoLdd3.o
                0x000085f8                BitIoLdd3_Init
 .text.BitIoLdd3_ClrVal
                0x0000865c       0x1c ./Generated_Code/BitIoLdd3.o
                0x0000865c                BitIoLdd3_ClrVal
 .text.BitIoLdd3_SetVal
                0x00008678       0x1c ./Generated_Code/BitIoLdd3.o
                0x00008678                BitIoLdd3_SetVal
 .text.BitIoLdd4_Init
                0x00008694       0x64 ./Generated_Code/BitIoLdd4.o
                0x00008694                BitIoLdd4_Init
 .text.BitIoLdd4_ClrVal
                0x000086f8       0x1c ./Generated_Code/BitIoLdd4.o
                0x000086f8                BitIoLdd4_ClrVal
 .text.BitIoLdd4_SetVal
                0x00008714       0x1c ./Generated_Code/BitIoLdd4.o
                0x00008714                BitIoLdd4_SetVal
 .text.BitIoLdd5_Init
                0x00008730       0x64 ./Generated_Code/BitIoLdd5.o
                0x00008730                BitIoLdd5_Init
 .text.BitIoLdd5_ClrVal
                0x00008794       0x1c ./Generated_Code/BitIoLdd5.o
                0x00008794                BitIoLdd5_ClrVal
 .text.BitIoLdd5_SetVal
                0x000087b0       0x1c ./Generated_Code/BitIoLdd5.o
                0x000087b0                BitIoLdd5_SetVal
 .text.BitIoLdd6_Init
                0x000087cc       0x64 ./Generated_Code/BitIoLdd6.o
                0x000087cc                BitIoLdd6_Init
 .text.BitIoLdd6_ClrVal
                0x00008830       0x20 ./Generated_Code/BitIoLdd6.o
                0x00008830                BitIoLdd6_ClrVal
 .text.BitIoLdd6_SetVal
                0x00008850       0x20 ./Generated_Code/BitIoLdd6.o
                0x00008850                BitIoLdd6_SetVal
 .text.BitIoLdd7_Init
                0x00008870       0x64 ./Generated_Code/BitIoLdd7.o
                0x00008870                BitIoLdd7_Init
 .text.BitIoLdd7_ClrVal
                0x000088d4       0x1c ./Generated_Code/BitIoLdd7.o
                0x000088d4                BitIoLdd7_ClrVal
 .text.BitIoLdd7_SetVal
                0x000088f0       0x1c ./Generated_Code/BitIoLdd7.o
                0x000088f0                BitIoLdd7_SetVal
 .text.Cpu_ivINT_PORTC
                0x0000890c       0x30 ./Generated_Code/Cpu.o
                0x0000890c                Cpu_ivINT_PORTC
 .text.Cpu_ivINT_NMI
                0x0000893c       0x18 ./Generated_Code/Cpu.o
                0x0000893c                Cpu_ivINT_NMI
 .text.Cpu_ivINT_Hard_Fault
                0x00008954       0x18 ./Generated_Code/Cpu.o
                0x00008954                Cpu_ivINT_Hard_Fault
 .text.Cpu_ivINT_Mem_Manage_Fault
                0x0000896c       0x18 ./Generated_Code/Cpu.o
                0x0000896c                Cpu_ivINT_Mem_Manage_Fault
 .text.Cpu_ivINT_Bus_Fault
                0x00008984       0x18 ./Generated_Code/Cpu.o
                0x00008984                Cpu_ivINT_Bus_Fault
 .text.Cpu_ivINT_Usage_Fault
                0x0000899c       0x18 ./Generated_Code/Cpu.o
                0x0000899c                Cpu_ivINT_Usage_Fault
 .text.Cpu_ivINT_Reserved7
                0x000089b4       0x18 ./Generated_Code/Cpu.o
                0x000089b4                Cpu_ivINT_Reserved7
 .text.Cpu_ivINT_Reserved8
                0x000089cc       0x18 ./Generated_Code/Cpu.o
                0x000089cc                Cpu_ivINT_Reserved8
 .text.Cpu_ivINT_Reserved9
                0x000089e4       0x18 ./Generated_Code/Cpu.o
                0x000089e4                Cpu_ivINT_Reserved9
 .text.Cpu_ivINT_Reserved10
                0x000089fc       0x18 ./Generated_Code/Cpu.o
                0x000089fc                Cpu_ivINT_Reserved10
 .text.Cpu_ivINT_SVCall
                0x00008a14       0x18 ./Generated_Code/Cpu.o
                0x00008a14                Cpu_ivINT_SVCall
 .text.Cpu_ivINT_DebugMonitor
                0x00008a2c       0x18 ./Generated_Code/Cpu.o
                0x00008a2c                Cpu_ivINT_DebugMonitor
 .text.Cpu_ivINT_Reserved13
                0x00008a44       0x18 ./Generated_Code/Cpu.o
                0x00008a44                Cpu_ivINT_Reserved13
 .text.Cpu_ivINT_PendableSrvReq
                0x00008a5c       0x18 ./Generated_Code/Cpu.o
                0x00008a5c                Cpu_ivINT_PendableSrvReq
 .text.Cpu_ivINT_SysTick
                0x00008a74       0x18 ./Generated_Code/Cpu.o
                0x00008a74                Cpu_ivINT_SysTick
 .text.Cpu_ivINT_DMA0
                0x00008a8c       0x18 ./Generated_Code/Cpu.o
                0x00008a8c                Cpu_ivINT_DMA0
 .text.Cpu_ivINT_DMA1
                0x00008aa4       0x18 ./Generated_Code/Cpu.o
                0x00008aa4                Cpu_ivINT_DMA1
 .text.Cpu_ivINT_DMA2
                0x00008abc       0x18 ./Generated_Code/Cpu.o
                0x00008abc                Cpu_ivINT_DMA2
 .text.Cpu_ivINT_DMA3
                0x00008ad4       0x18 ./Generated_Code/Cpu.o
                0x00008ad4                Cpu_ivINT_DMA3
 .text.Cpu_ivINT_DMA4
                0x00008aec       0x18 ./Generated_Code/Cpu.o
                0x00008aec                Cpu_ivINT_DMA4
 .text.Cpu_ivINT_DMA5
                0x00008b04       0x18 ./Generated_Code/Cpu.o
                0x00008b04                Cpu_ivINT_DMA5
 .text.Cpu_ivINT_DMA6
                0x00008b1c       0x18 ./Generated_Code/Cpu.o
                0x00008b1c                Cpu_ivINT_DMA6
 .text.Cpu_ivINT_DMA7
                0x00008b34       0x18 ./Generated_Code/Cpu.o
                0x00008b34                Cpu_ivINT_DMA7
 .text.Cpu_ivINT_DMA8
                0x00008b4c       0x18 ./Generated_Code/Cpu.o
                0x00008b4c                Cpu_ivINT_DMA8
 .text.Cpu_ivINT_DMA9
                0x00008b64       0x18 ./Generated_Code/Cpu.o
                0x00008b64                Cpu_ivINT_DMA9
 .text.Cpu_ivINT_DMA10
                0x00008b7c       0x18 ./Generated_Code/Cpu.o
                0x00008b7c                Cpu_ivINT_DMA10
 .text.Cpu_ivINT_DMA11
                0x00008b94       0x18 ./Generated_Code/Cpu.o
                0x00008b94                Cpu_ivINT_DMA11
 .text.Cpu_ivINT_DMA12
                0x00008bac       0x18 ./Generated_Code/Cpu.o
                0x00008bac                Cpu_ivINT_DMA12
 .text.Cpu_ivINT_DMA13
                0x00008bc4       0x18 ./Generated_Code/Cpu.o
                0x00008bc4                Cpu_ivINT_DMA13
 .text.Cpu_ivINT_DMA14
                0x00008bdc       0x18 ./Generated_Code/Cpu.o
                0x00008bdc                Cpu_ivINT_DMA14
 .text.Cpu_ivINT_DMA15
                0x00008bf4       0x18 ./Generated_Code/Cpu.o
                0x00008bf4                Cpu_ivINT_DMA15
 .text.Cpu_ivINT_DMA_Error
                0x00008c0c       0x18 ./Generated_Code/Cpu.o
                0x00008c0c                Cpu_ivINT_DMA_Error
 .text.Cpu_ivINT_MCM
                0x00008c24       0x18 ./Generated_Code/Cpu.o
                0x00008c24                Cpu_ivINT_MCM
 .text.Cpu_ivINT_FTFL
                0x00008c3c       0x18 ./Generated_Code/Cpu.o
                0x00008c3c                Cpu_ivINT_FTFL
 .text.Cpu_ivINT_Read_Collision
                0x00008c54       0x18 ./Generated_Code/Cpu.o
                0x00008c54                Cpu_ivINT_Read_Collision
 .text.Cpu_ivINT_LVD_LVW
                0x00008c6c       0x18 ./Generated_Code/Cpu.o
                0x00008c6c                Cpu_ivINT_LVD_LVW
 .text.Cpu_ivINT_LLW
                0x00008c84       0x18 ./Generated_Code/Cpu.o
                0x00008c84                Cpu_ivINT_LLW
 .text.Cpu_ivINT_Watchdog
                0x00008c9c       0x18 ./Generated_Code/Cpu.o
                0x00008c9c                Cpu_ivINT_Watchdog
 .text.Cpu_ivINT_Reserved39
                0x00008cb4       0x18 ./Generated_Code/Cpu.o
                0x00008cb4                Cpu_ivINT_Reserved39
 .text.Cpu_ivINT_I2C1
                0x00008ccc       0x18 ./Generated_Code/Cpu.o
                0x00008ccc                Cpu_ivINT_I2C1
 .text.Cpu_ivINT_SPI0
                0x00008ce4       0x18 ./Generated_Code/Cpu.o
                0x00008ce4                Cpu_ivINT_SPI0
 .text.Cpu_ivINT_SPI1
                0x00008cfc       0x18 ./Generated_Code/Cpu.o
                0x00008cfc                Cpu_ivINT_SPI1
 .text.Cpu_ivINT_Reserved44
                0x00008d14       0x18 ./Generated_Code/Cpu.o
                0x00008d14                Cpu_ivINT_Reserved44
 .text.Cpu_ivINT_CAN0_ORed_Message_buffer
                0x00008d2c       0x18 ./Generated_Code/Cpu.o
                0x00008d2c                Cpu_ivINT_CAN0_ORed_Message_buffer
 .text.Cpu_ivINT_CAN0_Bus_Off
                0x00008d44       0x18 ./Generated_Code/Cpu.o
                0x00008d44                Cpu_ivINT_CAN0_Bus_Off
 .text.Cpu_ivINT_CAN0_Error
                0x00008d5c       0x18 ./Generated_Code/Cpu.o
                0x00008d5c                Cpu_ivINT_CAN0_Error
 .text.Cpu_ivINT_CAN0_Tx_Warning
                0x00008d74       0x18 ./Generated_Code/Cpu.o
                0x00008d74                Cpu_ivINT_CAN0_Tx_Warning
 .text.Cpu_ivINT_CAN0_Rx_Warning
                0x00008d8c       0x18 ./Generated_Code/Cpu.o
                0x00008d8c                Cpu_ivINT_CAN0_Rx_Warning
 .text.Cpu_ivINT_CAN0_Wake_Up
                0x00008da4       0x18 ./Generated_Code/Cpu.o
                0x00008da4                Cpu_ivINT_CAN0_Wake_Up
 .text.Cpu_ivINT_I2S0_Tx
                0x00008dbc       0x18 ./Generated_Code/Cpu.o
                0x00008dbc                Cpu_ivINT_I2S0_Tx
 .text.Cpu_ivINT_I2S0_Rx
                0x00008dd4       0x18 ./Generated_Code/Cpu.o
                0x00008dd4                Cpu_ivINT_I2S0_Rx
 .text.Cpu_ivINT_Reserved53
                0x00008dec       0x18 ./Generated_Code/Cpu.o
                0x00008dec                Cpu_ivINT_Reserved53
 .text.Cpu_ivINT_Reserved54
                0x00008e04       0x18 ./Generated_Code/Cpu.o
                0x00008e04                Cpu_ivINT_Reserved54
 .text.Cpu_ivINT_Reserved55
                0x00008e1c       0x18 ./Generated_Code/Cpu.o
                0x00008e1c                Cpu_ivINT_Reserved55
 .text.Cpu_ivINT_Reserved56
                0x00008e34       0x18 ./Generated_Code/Cpu.o
                0x00008e34                Cpu_ivINT_Reserved56
 .text.Cpu_ivINT_Reserved57
                0x00008e4c       0x18 ./Generated_Code/Cpu.o
                0x00008e4c                Cpu_ivINT_Reserved57
 .text.Cpu_ivINT_Reserved58
                0x00008e64       0x18 ./Generated_Code/Cpu.o
                0x00008e64                Cpu_ivINT_Reserved58
 .text.Cpu_ivINT_Reserved59
                0x00008e7c       0x18 ./Generated_Code/Cpu.o
                0x00008e7c                Cpu_ivINT_Reserved59
 .text.Cpu_ivINT_UART0_LON
                0x00008e94       0x18 ./Generated_Code/Cpu.o
                0x00008e94                Cpu_ivINT_UART0_LON
 .text.Cpu_ivINT_UART1_RX_TX
                0x00008eac       0x18 ./Generated_Code/Cpu.o
                0x00008eac                Cpu_ivINT_UART1_RX_TX
 .text.Cpu_ivINT_UART1_ERR
                0x00008ec4       0x18 ./Generated_Code/Cpu.o
                0x00008ec4                Cpu_ivINT_UART1_ERR
 .text.Cpu_ivINT_UART2_RX_TX
                0x00008edc       0x18 ./Generated_Code/Cpu.o
                0x00008edc                Cpu_ivINT_UART2_RX_TX
 .text.Cpu_ivINT_UART2_ERR
                0x00008ef4       0x18 ./Generated_Code/Cpu.o
                0x00008ef4                Cpu_ivINT_UART2_ERR
 .text.Cpu_ivINT_UART3_RX_TX
                0x00008f0c       0x18 ./Generated_Code/Cpu.o
                0x00008f0c                Cpu_ivINT_UART3_RX_TX
 .text.Cpu_ivINT_UART3_ERR
                0x00008f24       0x18 ./Generated_Code/Cpu.o
                0x00008f24                Cpu_ivINT_UART3_ERR
 .text.Cpu_ivINT_Reserved69
                0x00008f3c       0x18 ./Generated_Code/Cpu.o
                0x00008f3c                Cpu_ivINT_Reserved69
 .text.Cpu_ivINT_Reserved70
                0x00008f54       0x18 ./Generated_Code/Cpu.o
                0x00008f54                Cpu_ivINT_Reserved70
 .text.Cpu_ivINT_Reserved71
                0x00008f6c       0x18 ./Generated_Code/Cpu.o
                0x00008f6c                Cpu_ivINT_Reserved71
 .text.Cpu_ivINT_Reserved72
                0x00008f84       0x18 ./Generated_Code/Cpu.o
                0x00008f84                Cpu_ivINT_Reserved72
 .text.Cpu_ivINT_ADC0
                0x00008f9c       0x18 ./Generated_Code/Cpu.o
                0x00008f9c                Cpu_ivINT_ADC0
 .text.Cpu_ivINT_ADC1
                0x00008fb4       0x18 ./Generated_Code/Cpu.o
                0x00008fb4                Cpu_ivINT_ADC1
 .text.Cpu_ivINT_CMP0
                0x00008fcc       0x18 ./Generated_Code/Cpu.o
                0x00008fcc                Cpu_ivINT_CMP0
 .text.Cpu_ivINT_CMP1
                0x00008fe4       0x18 ./Generated_Code/Cpu.o
                0x00008fe4                Cpu_ivINT_CMP1
 .text.Cpu_ivINT_CMP2
                0x00008ffc       0x18 ./Generated_Code/Cpu.o
                0x00008ffc                Cpu_ivINT_CMP2
 .text.Cpu_ivINT_CMT
                0x00009014       0x18 ./Generated_Code/Cpu.o
                0x00009014                Cpu_ivINT_CMT
 .text.Cpu_ivINT_RTC
                0x0000902c       0x18 ./Generated_Code/Cpu.o
                0x0000902c                Cpu_ivINT_RTC
 .text.Cpu_ivINT_RTC_Seconds
                0x00009044       0x18 ./Generated_Code/Cpu.o
                0x00009044                Cpu_ivINT_RTC_Seconds
 .text.Cpu_ivINT_PIT0
                0x0000905c       0x18 ./Generated_Code/Cpu.o
                0x0000905c                Cpu_ivINT_PIT0
 .text.Cpu_ivINT_PIT1
                0x00009074       0x18 ./Generated_Code/Cpu.o
                0x00009074                Cpu_ivINT_PIT1
 .text.Cpu_ivINT_PIT2
                0x0000908c       0x18 ./Generated_Code/Cpu.o
                0x0000908c                Cpu_ivINT_PIT2
 .text.Cpu_ivINT_PIT3
                0x000090a4       0x18 ./Generated_Code/Cpu.o
                0x000090a4                Cpu_ivINT_PIT3
 .text.Cpu_ivINT_PDB0
                0x000090bc       0x18 ./Generated_Code/Cpu.o
                0x000090bc                Cpu_ivINT_PDB0
 .text.Cpu_ivINT_USB0
                0x000090d4       0x18 ./Generated_Code/Cpu.o
                0x000090d4                Cpu_ivINT_USB0
 .text.Cpu_ivINT_USBDCD
                0x000090ec       0x18 ./Generated_Code/Cpu.o
                0x000090ec                Cpu_ivINT_USBDCD
 .text.Cpu_ivINT_Reserved91
                0x00009104       0x18 ./Generated_Code/Cpu.o
                0x00009104                Cpu_ivINT_Reserved91
 .text.Cpu_ivINT_Reserved92
                0x0000911c       0x18 ./Generated_Code/Cpu.o
                0x0000911c                Cpu_ivINT_Reserved92
 .text.Cpu_ivINT_Reserved93
                0x00009134       0x18 ./Generated_Code/Cpu.o
                0x00009134                Cpu_ivINT_Reserved93
 .text.Cpu_ivINT_Reserved94
                0x0000914c       0x18 ./Generated_Code/Cpu.o
                0x0000914c                Cpu_ivINT_Reserved94
 .text.Cpu_ivINT_Reserved95
                0x00009164       0x18 ./Generated_Code/Cpu.o
                0x00009164                Cpu_ivINT_Reserved95
 .text.Cpu_ivINT_Reserved96
                0x0000917c       0x18 ./Generated_Code/Cpu.o
                0x0000917c                Cpu_ivINT_Reserved96
 .text.Cpu_ivINT_DAC0
                0x00009194       0x18 ./Generated_Code/Cpu.o
                0x00009194                Cpu_ivINT_DAC0
 .text.Cpu_ivINT_Reserved98
                0x000091ac       0x18 ./Generated_Code/Cpu.o
                0x000091ac                Cpu_ivINT_Reserved98
 .text.Cpu_ivINT_TSI0
                0x000091c4       0x18 ./Generated_Code/Cpu.o
                0x000091c4                Cpu_ivINT_TSI0
 .text.Cpu_ivINT_MCG
                0x000091dc       0x18 ./Generated_Code/Cpu.o
                0x000091dc                Cpu_ivINT_MCG
 .text.Cpu_ivINT_LPTimer
                0x000091f4       0x18 ./Generated_Code/Cpu.o
                0x000091f4                Cpu_ivINT_LPTimer
 .text.Cpu_ivINT_Reserved102
                0x0000920c       0x18 ./Generated_Code/Cpu.o
                0x0000920c                Cpu_ivINT_Reserved102
 .text.Cpu_ivINT_PORTA
                0x00009224       0x18 ./Generated_Code/Cpu.o
                0x00009224                Cpu_ivINT_PORTA
 .text.Cpu_ivINT_PORTB
                0x0000923c       0x18 ./Generated_Code/Cpu.o
                0x0000923c                Cpu_ivINT_PORTB
 .text.Cpu_ivINT_PORTD
                0x00009254       0x18 ./Generated_Code/Cpu.o
                0x00009254                Cpu_ivINT_PORTD
 .text.Cpu_ivINT_PORTE
                0x0000926c       0x18 ./Generated_Code/Cpu.o
                0x0000926c                Cpu_ivINT_PORTE
 .text.Cpu_ivINT_Reserved108
                0x00009284       0x18 ./Generated_Code/Cpu.o
                0x00009284                Cpu_ivINT_Reserved108
 .text.Cpu_ivINT_Reserved109
                0x0000929c       0x18 ./Generated_Code/Cpu.o
                0x0000929c                Cpu_ivINT_Reserved109
 .text.Cpu_ivINT_SWI
                0x000092b4       0x18 ./Generated_Code/Cpu.o
                0x000092b4                Cpu_ivINT_SWI
 .text.__init_hardware
                0x000092cc      0x140 ./Generated_Code/Cpu.o
                0x000092cc                __init_hardware
 .text.Cpu_SetBASEPRI
                0x0000940c       0x18 ./Generated_Code/Cpu.o
                0x0000940c                Cpu_SetBASEPRI
 .text.PE_low_level_init
                0x00009424      0x10c ./Generated_Code/Cpu.o
                0x00009424                PE_low_level_init
 .text.ENCODER_Init
                0x00009530       0xac ./Generated_Code/ENCODER.o
                0x00009530                ENCODER_Init
 .text.ENCODER_GetFieldValue
                0x000095dc       0x40 ./Generated_Code/ENCODER.o
                0x000095dc                ENCODER_GetFieldValue
 .text.ENCODER_Interrupt
                0x0000961c       0x4c ./Generated_Code/ENCODER.o
                0x0000961c                ENCODER_Interrupt
 .text.ExtIntLdd1_OnInterrupt
                0x00009668       0x14 ./Generated_Code/ENCODER_PUSH.o
                0x00009668                ExtIntLdd1_OnInterrupt
 .text.ExtIntLdd1_Init
                0x0000967c       0x80 ./Generated_Code/ExtIntLdd1.o
                0x0000967c                ExtIntLdd1_Init
 .text.ExtIntLdd1_Interrupt
                0x000096fc       0x3c ./Generated_Code/ExtIntLdd1.o
                0x000096fc                ExtIntLdd1_Interrupt
 .text.ExtIntLdd1_GetVal
                0x00009738       0x2c ./Generated_Code/ExtIntLdd1.o
                0x00009738                ExtIntLdd1_GetVal
 .text.ExtIntLdd2_Init
                0x00009764       0x80 ./Generated_Code/ExtIntLdd2.o
                0x00009764                ExtIntLdd2_Init
 .text.ExtIntLdd2_Interrupt
                0x000097e4       0x3c ./Generated_Code/ExtIntLdd2.o
                0x000097e4                ExtIntLdd2_Interrupt
 .text.ExtIntLdd2_GetVal
                0x00009820       0x2c ./Generated_Code/ExtIntLdd2.o
                0x00009820                ExtIntLdd2_GetVal
 .text.ExtIntLdd3_Init
                0x0000984c       0x80 ./Generated_Code/ExtIntLdd3.o
                0x0000984c                ExtIntLdd3_Init
 .text.ExtIntLdd3_Interrupt
                0x000098cc       0x3c ./Generated_Code/ExtIntLdd3.o
                0x000098cc                ExtIntLdd3_Interrupt
 .text.ExtIntLdd3_GetVal
                0x00009908       0x2c ./Generated_Code/ExtIntLdd3.o
                0x00009908                ExtIntLdd3_GetVal
 .text.ExtIntLdd4_Init
                0x00009934       0x7c ./Generated_Code/ExtIntLdd4.o
                0x00009934                ExtIntLdd4_Init
 .text.ExtIntLdd4_Interrupt
                0x000099b0       0x3c ./Generated_Code/ExtIntLdd4.o
                0x000099b0                ExtIntLdd4_Interrupt
 .text.ExtIntLdd5_Init
                0x000099ec       0x7c ./Generated_Code/ExtIntLdd5.o
                0x000099ec                ExtIntLdd5_Init
 .text.ExtIntLdd5_Interrupt
                0x00009a68       0x3c ./Generated_Code/ExtIntLdd5.o
                0x00009a68                ExtIntLdd5_Interrupt
 .text.I2C0_SendChar
                0x00009aa4       0x2c ./Generated_Code/I2C0.o
                0x00009aa4                I2C0_SendChar
 .text.I2C0_SendBlock
                0x00009ad0       0xc0 ./Generated_Code/I2C0.o
                0x00009ad0                I2C0_SendBlock
 .text.I2C0_SelectSlave
                0x00009b90       0x34 ./Generated_Code/I2C0.o
                0x00009b90                I2C0_SelectSlave
 .text.I2C0_Init
                0x00009bc4       0x20 ./Generated_Code/I2C0.o
                0x00009bc4                I2C0_Init
 .text.IntI2cLdd1_OnMasterBlockSent
                0x00009be4       0x14 ./Generated_Code/I2C0.o
                0x00009be4                IntI2cLdd1_OnMasterBlockSent
 .text.IntI2cLdd1_OnMasterBlockReceived
                0x00009bf8       0x14 ./Generated_Code/I2C0.o
                0x00009bf8                IntI2cLdd1_OnMasterBlockReceived
 .text.IntI2cLdd1_OnError
                0x00009c0c       0x30 ./Generated_Code/I2C0.o
                0x00009c0c                IntI2cLdd1_OnError
 .text.IFsh1_GetFlash
                0x00009c3c       0x84 ./Generated_Code/IFsh1.o
                0x00009c3c                IFsh1_GetFlash
 .text.IFsh1_SetFlash
                0x00009cc0      0x1a8 ./Generated_Code/IFsh1.o
                0x00009cc0                IFsh1_SetFlash
 .text.IFsh1_Init
                0x00009e68       0x2c ./Generated_Code/IFsh1.o
                0x00009e68                IFsh1_Init
 .text.IFsh1_SetByteFlash
                0x00009e94       0x24 ./Generated_Code/IFsh1.o
                0x00009e94                IFsh1_SetByteFlash
 .text.IFsh1_GetByteFlash
                0x00009eb8       0x20 ./Generated_Code/IFsh1.o
                0x00009eb8                IFsh1_GetByteFlash
 .text.IFsh1_SetLongFlash
                0x00009ed8       0x20 ./Generated_Code/IFsh1.o
                0x00009ed8                IFsh1_SetLongFlash
 .text.IFsh1_GetLongFlash
                0x00009ef8       0x20 ./Generated_Code/IFsh1.o
                0x00009ef8                IFsh1_GetLongFlash
 .text.IntFlashLdd1_OnOperationComplete
                0x00009f18      0x190 ./Generated_Code/IFsh1.o
                0x00009f18                IntFlashLdd1_OnOperationComplete
 .text.IntFlashLdd1_OnError
                0x0000a0a8       0x54 ./Generated_Code/IFsh1.o
                0x0000a0a8                IntFlashLdd1_OnError
 .text.IntFlashLdd1_Init
                0x0000a0fc       0x64 ./Generated_Code/IntFlashLdd1.o
                0x0000a0fc                IntFlashLdd1_Init
 .text.IntFlashLdd1_Write
                0x0000a160       0x74 ./Generated_Code/IntFlashLdd1.o
                0x0000a160                IntFlashLdd1_Write
 .text.IntFlashLdd1_Read
                0x0000a1d4       0x70 ./Generated_Code/IntFlashLdd1.o
                0x0000a1d4                IntFlashLdd1_Read
 .text.IntFlashLdd1_Erase
                0x0000a244       0x94 ./Generated_Code/IntFlashLdd1.o
                0x0000a244                IntFlashLdd1_Erase
 .text.IntFlashLdd1_Main
                0x0000a2d8      0x2f4 ./Generated_Code/IntFlashLdd1.o
                0x0000a2d8                IntFlashLdd1_Main
 .text.IntFlashLdd1_GetError
                0x0000a5cc       0x90 ./Generated_Code/IntFlashLdd1.o
                0x0000a5cc                IntFlashLdd1_GetError
 .text.RangeCheck
                0x0000a65c       0x38 ./Generated_Code/IntFlashLdd1.o
 .text.SafeRoutineCaller
                0x0000a694       0x94 ./Generated_Code/IntFlashLdd1.o
 .text.IntI2cLdd1_Interrupt
                0x0000a728      0x2d4 ./Generated_Code/IntI2cLdd1.o
                0x0000a728                IntI2cLdd1_Interrupt
 .text.IntI2cLdd1_Init
                0x0000a9fc      0x13c ./Generated_Code/IntI2cLdd1.o
                0x0000a9fc                IntI2cLdd1_Init
 .text.IntI2cLdd1_MasterSendBlock
                0x0000ab38      0x190 ./Generated_Code/IntI2cLdd1.o
                0x0000ab38                IntI2cLdd1_MasterSendBlock
 .text.IntI2cLdd1_SelectSlaveDevice
                0x0000acc8       0xf0 ./Generated_Code/IntI2cLdd1.o
                0x0000acc8                IntI2cLdd1_SelectSlaveDevice
 .text.IntI2cLdd1_GetError
                0x0000adb8       0x70 ./Generated_Code/IntI2cLdd1.o
                0x0000adb8                IntI2cLdd1_GetError
 .text.ExtIntLdd2_OnInterrupt
                0x0000ae28       0x14 ./Generated_Code/LEVER_DIR1.o
                0x0000ae28                ExtIntLdd2_OnInterrupt
 .text.ExtIntLdd3_OnInterrupt
                0x0000ae3c       0x14 ./Generated_Code/LEVER_DIR2.o
                0x0000ae3c                ExtIntLdd3_OnInterrupt
 .text.ExtIntLdd5_OnInterrupt
                0x0000ae50       0x14 ./Generated_Code/PUSH_BUTTON_REC.o
                0x0000ae50                ExtIntLdd5_OnInterrupt
 .text.ExtIntLdd4_OnInterrupt
                0x0000ae64       0x14 ./Generated_Code/PUSH_BUTTON_SEND.o
                0x0000ae64                ExtIntLdd4_OnInterrupt
 .text.TU1_Init
                0x0000ae78       0xb0 ./Generated_Code/TU1.o
                0x0000ae78                TU1_Init
 .text.TU1_Enable
                0x0000af28       0x30 ./Generated_Code/TU1.o
                0x0000af28                TU1_Enable
 .text.TU1_Disable
                0x0000af58       0x28 ./Generated_Code/TU1.o
                0x0000af58                TU1_Disable
 .text.TU1_Interrupt
                0x0000af80       0x6c ./Generated_Code/TU1.o
                0x0000af80                TU1_Interrupt
 .text.T_100ms_Init
                0x0000afec       0xb0 ./Generated_Code/T_100ms.o
                0x0000afec                T_100ms_Init
 .text.T_100ms_Enable
                0x0000b09c       0x30 ./Generated_Code/T_100ms.o
                0x0000b09c                T_100ms_Enable
 .text.T_100ms_Disable
                0x0000b0cc       0x28 ./Generated_Code/T_100ms.o
                0x0000b0cc                T_100ms_Disable
 .text.T_100ms_Interrupt
                0x0000b0f4       0x6c ./Generated_Code/T_100ms.o
                0x0000b0f4                T_100ms_Interrupt
 .text.T_500ms_Init
                0x0000b160       0xcc ./Generated_Code/T_500ms.o
                0x0000b160                T_500ms_Init
 .text.T_500ms_Interrupt
                0x0000b22c       0x6c ./Generated_Code/T_500ms.o
                0x0000b22c                T_500ms_Interrupt
 .text.WAIT1_Wait10Cycles
                0x0000b298        0x8 ./Generated_Code/WAIT1.o
                0x0000b298                WAIT1_Wait10Cycles
 .text.WAIT1_Wait100Cycles
                0x0000b2a0       0x1c ./Generated_Code/WAIT1.o
                0x0000b2a0                WAIT1_Wait100Cycles
 .text.WAIT1_WaitCycles
                0x0000b2bc       0x34 ./Generated_Code/WAIT1.o
                0x0000b2bc                WAIT1_WaitCycles
 .text.WAIT1_WaitLongCycles
                0x0000b2f0       0x38 ./Generated_Code/WAIT1.o
                0x0000b2f0                WAIT1_WaitLongCycles
 .text.WAIT1_Waitms
                0x0000b328       0x2c ./Generated_Code/WAIT1.o
                0x0000b328                WAIT1_Waitms
 .text.round    0x0000b354       0x9c c:/freescale/kds_v3/toolchain/bin/../lib/gcc/arm-none-eabi/4.8.4/../../../../arm-none-eabi/lib/armv7e-m\libm.a(lib_a-s_round.o)
                0x0000b354                round
 .text.pow      0x0000b3f0      0x2f8 c:/freescale/kds_v3/toolchain/bin/../lib/gcc/arm-none-eabi/4.8.4/../../../../arm-none-eabi/lib/armv7e-m\libm.a(lib_a-w_pow.o)
                0x0000b3f0                pow
 .text.__ieee754_pow
                0x0000b6e8      0xa78 c:/freescale/kds_v3/toolchain/bin/../lib/gcc/arm-none-eabi/4.8.4/../../../../arm-none-eabi/lib/armv7e-m\libm.a(lib_a-e_pow.o)
                0x0000b6e8                __ieee754_pow
 .text.__ieee754_sqrt
                0x0000c160      0x180 c:/freescale/kds_v3/toolchain/bin/../lib/gcc/arm-none-eabi/4.8.4/../../../../arm-none-eabi/lib/armv7e-m\libm.a(lib_a-e_sqrt.o)
                0x0000c160                __ieee754_sqrt
 .text.fabs     0x0000c2e0        0x8 c:/freescale/kds_v3/toolchain/bin/../lib/gcc/arm-none-eabi/4.8.4/../../../../arm-none-eabi/lib/armv7e-m\libm.a(lib_a-s_fabs.o)
                0x0000c2e0                fabs
 .text.finite   0x0000c2e8        0xc c:/freescale/kds_v3/toolchain/bin/../lib/gcc/arm-none-eabi/4.8.4/../../../../arm-none-eabi/lib/armv7e-m\libm.a(lib_a-s_finite.o)
                0x0000c2e8                finite
 .text.__fpclassifyd
                0x0000c2f4       0x50 c:/freescale/kds_v3/toolchain/bin/../lib/gcc/arm-none-eabi/4.8.4/../../../../arm-none-eabi/lib/armv7e-m\libm.a(lib_a-s_fpclassify.o)
                0x0000c2f4                __fpclassifyd
 .text.matherr  0x0000c344        0x4 c:/freescale/kds_v3/toolchain/bin/../lib/gcc/arm-none-eabi/4.8.4/../../../../arm-none-eabi/lib/armv7e-m\libm.a(lib_a-s_matherr.o)
                0x0000c344                matherr
 .text.nan      0x0000c348        0xc c:/freescale/kds_v3/toolchain/bin/../lib/gcc/arm-none-eabi/4.8.4/../../../../arm-none-eabi/lib/armv7e-m\libm.a(lib_a-s_nan.o)
                0x0000c348                nan
 .text.rint     0x0000c354      0x118 c:/freescale/kds_v3/toolchain/bin/../lib/gcc/arm-none-eabi/4.8.4/../../../../arm-none-eabi/lib/armv7e-m\libm.a(lib_a-s_rint.o)
                0x0000c354                rint
 *fill*         0x0000c46c        0x4 
 .text.scalbn   0x0000c470      0x118 c:/freescale/kds_v3/toolchain/bin/../lib/gcc/arm-none-eabi/4.8.4/../../../../arm-none-eabi/lib/armv7e-m\libm.a(lib_a-s_scalbn.o)
                0x0000c470                scalbn
 .text.copysign
                0x0000c588       0x14 c:/freescale/kds_v3/toolchain/bin/../lib/gcc/arm-none-eabi/4.8.4/../../../../arm-none-eabi/lib/armv7e-m\libm.a(lib_a-s_copysign.o)
                0x0000c588                copysign
 .text.abort    0x0000c59c        0xe c:/freescale/kds_v3/toolchain/bin/../lib/gcc/arm-none-eabi/4.8.4/../../../../arm-none-eabi/lib/armv7e-m\libg_s.a(lib_a-abort.o)
                0x0000c59c                abort
 *fill*         0x0000c5aa        0x2 
 .text.__errno  0x0000c5ac        0xc c:/freescale/kds_v3/toolchain/bin/../lib/gcc/arm-none-eabi/4.8.4/../../../../arm-none-eabi/lib/armv7e-m\libg_s.a(lib_a-errno.o)
                0x0000c5ac                __errno
 .text.exit     0x0000c5b8       0x28 c:/freescale/kds_v3/toolchain/bin/../lib/gcc/arm-none-eabi/4.8.4/../../../../arm-none-eabi/lib/armv7e-m\libg_s.a(lib_a-exit.o)
                0x0000c5b8                exit
 .text.__libc_init_array
                0x0000c5e0       0x4c c:/freescale/kds_v3/toolchain/bin/../lib/gcc/arm-none-eabi/4.8.4/../../../../arm-none-eabi/lib/armv7e-m\libg_s.a(lib_a-init.o)
                0x0000c5e0                __libc_init_array
 .text.memcpy   0x0000c62c       0x12 c:/freescale/kds_v3/toolchain/bin/../lib/gcc/arm-none-eabi/4.8.4/../../../../arm-none-eabi/lib/armv7e-m\libg_s.a(lib_a-memcpy-stub.o)
                0x0000c62c                memcpy
 .text.memset   0x0000c63e       0x10 c:/freescale/kds_v3/toolchain/bin/../lib/gcc/arm-none-eabi/4.8.4/../../../../arm-none-eabi/lib/armv7e-m\libg_s.a(lib_a-memset.o)
                0x0000c63e                memset
 .text._raise_r
                0x0000c64e       0x50 c:/freescale/kds_v3/toolchain/bin/../lib/gcc/arm-none-eabi/4.8.4/../../../../arm-none-eabi/lib/armv7e-m\libg_s.a(lib_a-signal.o)
                0x0000c64e                _raise_r
 *fill*         0x0000c69e        0x2 
 .text.raise    0x0000c6a0       0x10 c:/freescale/kds_v3/toolchain/bin/../lib/gcc/arm-none-eabi/4.8.4/../../../../arm-none-eabi/lib/armv7e-m\libg_s.a(lib_a-signal.o)
                0x0000c6a0                raise
 .text._kill_r  0x0000c6b0       0x24 c:/freescale/kds_v3/toolchain/bin/../lib/gcc/arm-none-eabi/4.8.4/../../../../arm-none-eabi/lib/armv7e-m\libg_s.a(lib_a-signalr.o)
                0x0000c6b0                _kill_r
 .text._getpid_r
                0x0000c6d4        0x4 c:/freescale/kds_v3/toolchain/bin/../lib/gcc/arm-none-eabi/4.8.4/../../../../arm-none-eabi/lib/armv7e-m\libg_s.a(lib_a-signalr.o)
                0x0000c6d4                _getpid_r
 .text.strlen   0x0000c6d8       0x10 c:/freescale/kds_v3/toolchain/bin/../lib/gcc/arm-none-eabi/4.8.4/../../../../arm-none-eabi/lib/armv7e-m\libg_s.a(lib_a-strlen.o)
                0x0000c6d8                strlen
 .text._vsprintf_r
                0x0000c6e8       0x30 c:/freescale/kds_v3/toolchain/bin/../lib/gcc/arm-none-eabi/4.8.4/../../../../arm-none-eabi/lib/armv7e-m\libg_s.a(lib_a-vsprintf.o)
                0x0000c6e8                _vsprintf_r
                0x0000c6e8                _vsiprintf_r
 .text.vsprintf
                0x0000c718       0x1c c:/freescale/kds_v3/toolchain/bin/../lib/gcc/arm-none-eabi/4.8.4/../../../../arm-none-eabi/lib/armv7e-m\libg_s.a(lib_a-vsprintf.o)
                0x0000c718                vsiprintf
                0x0000c718                vsprintf
 .text._malloc_r
                0x0000c734       0xa8 c:/freescale/kds_v3/toolchain/bin/../lib/gcc/arm-none-eabi/4.8.4/../../../../arm-none-eabi/lib/armv7e-m\libg_s.a(lib_a-nano-mallocr.o)
                0x0000c734                _malloc_r
 .text._sbrk_r  0x0000c7dc       0x20 c:/freescale/kds_v3/toolchain/bin/../lib/gcc/arm-none-eabi/4.8.4/../../../../arm-none-eabi/lib/armv7e-m\libg_s.a(lib_a-sbrkr.o)
                0x0000c7dc                _sbrk_r
 .text.__ssputs_r
                0x0000c7fc       0xb8 c:/freescale/kds_v3/toolchain/bin/../lib/gcc/arm-none-eabi/4.8.4/../../../../arm-none-eabi/lib/armv7e-m\libg_s.a(lib_a-svfprintf.o)
                0x0000c7fc                __ssputs_r
 .text._svfprintf_r
                0x0000c8b4      0x1dc c:/freescale/kds_v3/toolchain/bin/../lib/gcc/arm-none-eabi/4.8.4/../../../../arm-none-eabi/lib/armv7e-m\libg_s.a(lib_a-svfprintf.o)
                0x0000c8b4                _svfiprintf_r
                0x0000c8b4                _svfprintf_r
 .text._printf_common
                0x0000ca90       0xe4 c:/freescale/kds_v3/toolchain/bin/../lib/gcc/arm-none-eabi/4.8.4/../../../../arm-none-eabi/lib/armv7e-m\libg_s.a(lib_a-vfprintf_i.o)
                0x0000ca90                _printf_common
 .text._printf_i
                0x0000cb74      0x228 c:/freescale/kds_v3/toolchain/bin/../lib/gcc/arm-none-eabi/4.8.4/../../../../arm-none-eabi/lib/armv7e-m\libg_s.a(lib_a-vfprintf_i.o)
                0x0000cb74                _printf_i
 .text.memchr   0x0000cd9c       0x1e c:/freescale/kds_v3/toolchain/bin/../lib/gcc/arm-none-eabi/4.8.4/../../../../arm-none-eabi/lib/armv7e-m\libg_s.a(lib_a-memchr-stub.o)
                0x0000cd9c                memchr
 .text.memmove  0x0000cdba       0x36 c:/freescale/kds_v3/toolchain/bin/../lib/gcc/arm-none-eabi/4.8.4/../../../../arm-none-eabi/lib/armv7e-m\libg_s.a(lib_a-memmove.o)
                0x0000cdba                memmove
 .text._free_r  0x0000cdf0       0x88 c:/freescale/kds_v3/toolchain/bin/../lib/gcc/arm-none-eabi/4.8.4/../../../../arm-none-eabi/lib/armv7e-m\libg_s.a(lib_a-nano-freer.o)
                0x0000cdf0                _free_r
 .text._realloc_r
                0x0000ce78       0x4c c:/freescale/kds_v3/toolchain/bin/../lib/gcc/arm-none-eabi/4.8.4/../../../../arm-none-eabi/lib/armv7e-m\libg_s.a(lib_a-nano-reallocr.o)
                0x0000ce78                _realloc_r
 .text._malloc_usable_size_r
                0x0000cec4       0x12 c:/freescale/kds_v3/toolchain/bin/../lib/gcc/arm-none-eabi/4.8.4/../../../../arm-none-eabi/lib/armv7e-m\libg_s.a(lib_a-nano-msizer.o)
                0x0000cec4                _malloc_usable_size_r
 *fill*         0x0000ced6        0x2 
 .text._getpid  0x0000ced8       0x10 c:/freescale/kds_v3/toolchain/bin/../lib/gcc/arm-none-eabi/4.8.4/../../../../arm-none-eabi/lib/armv7e-m\libnosys.a(getpid.o)
                0x0000ced8                _getpid
 .text._kill    0x0000cee8       0x10 c:/freescale/kds_v3/toolchain/bin/../lib/gcc/arm-none-eabi/4.8.4/../../../../arm-none-eabi/lib/armv7e-m\libnosys.a(kill.o)
                0x0000cee8                _kill
 .text._sbrk    0x0000cef8       0x34 c:/freescale/kds_v3/toolchain/bin/../lib/gcc/arm-none-eabi/4.8.4/../../../../arm-none-eabi/lib/armv7e-m\libnosys.a(sbrk.o)
                0x0000cef8                _sbrk
 .text._exit    0x0000cf2c        0x4 c:/freescale/kds_v3/toolchain/bin/../lib/gcc/arm-none-eabi/4.8.4/../../../../arm-none-eabi/lib/armv7e-m\libnosys.a(_exit.o)
                0x0000cf2c                _exit
 *(.rodata)
 .rodata        0x0000cf30      0x56c ./Sources/display.o
 .rodata        0x0000d49c       0x18 ./Sources/menu.o
 .rodata        0x0000d4b4      0x27c ./Sources/protocol.o
 .rodata        0x0000d730      0x27c ./Sources/send.o
 *(.rodata*)
 .rodata.SafeRoutine
                0x0000d9ac       0x30 ./Generated_Code/IntFlashLdd1.o
 .rodata.str1.4
                0x0000d9dc        0x4 c:/freescale/kds_v3/toolchain/bin/../lib/gcc/arm-none-eabi/4.8.4/../../../../arm-none-eabi/lib/armv7e-m\libm.a(lib_a-w_pow.o)
 .rodata.dp_h   0x0000d9e0       0x10 c:/freescale/kds_v3/toolchain/bin/../lib/gcc/arm-none-eabi/4.8.4/../../../../arm-none-eabi/lib/armv7e-m\libm.a(lib_a-e_pow.o)
 .rodata.dp_l   0x0000d9f0       0x10 c:/freescale/kds_v3/toolchain/bin/../lib/gcc/arm-none-eabi/4.8.4/../../../../arm-none-eabi/lib/armv7e-m\libm.a(lib_a-e_pow.o)
 .rodata.bp     0x0000da00       0x10 c:/freescale/kds_v3/toolchain/bin/../lib/gcc/arm-none-eabi/4.8.4/../../../../arm-none-eabi/lib/armv7e-m\libm.a(lib_a-e_pow.o)
 .rodata.str1.4
                0x0000da10        0x4 c:/freescale/kds_v3/toolchain/bin/../lib/gcc/arm-none-eabi/4.8.4/../../../../arm-none-eabi/lib/armv7e-m\libm.a(lib_a-e_pow.o)
 *fill*         0x0000da14        0x4 
 .rodata.TWO52  0x0000da18       0x10 c:/freescale/kds_v3/toolchain/bin/../lib/gcc/arm-none-eabi/4.8.4/../../../../arm-none-eabi/lib/armv7e-m\libm.a(lib_a-s_rint.o)
 .rodata.str1.1
                0x0000da28        0x2 c:/freescale/kds_v3/toolchain/bin/../lib/gcc/arm-none-eabi/4.8.4/../../../../arm-none-eabi/lib/armv7e-m\libg_s.a(lib_a-impure.o)
 *fill*         0x0000da2a        0x2 
 .rodata._global_impure_ptr
                0x0000da2c        0x4 c:/freescale/kds_v3/toolchain/bin/../lib/gcc/arm-none-eabi/4.8.4/../../../../arm-none-eabi/lib/armv7e-m\libg_s.a(lib_a-impure.o)
                0x0000da2c                _global_impure_ptr
 .rodata.str1.1
                0x0000da30       0x11 c:/freescale/kds_v3/toolchain/bin/../lib/gcc/arm-none-eabi/4.8.4/../../../../arm-none-eabi/lib/armv7e-m\libg_s.a(lib_a-svfprintf.o)
 .rodata.str1.1
                0x0000da41       0x22 c:/freescale/kds_v3/toolchain/bin/../lib/gcc/arm-none-eabi/4.8.4/../../../../arm-none-eabi/lib/armv7e-m\libg_s.a(lib_a-vfprintf_i.o)
 *(.glue_7)
 .glue_7        0x00000000        0x0 linker stubs
 *(.glue_7t)
 .glue_7t       0x00000000        0x0 linker stubs
 *(.eh_frame)
 *fill*         0x0000da63        0x1 
 .eh_frame      0x0000da64        0x0 c:/freescale/kds_v3/toolchain/bin/../lib/gcc/arm-none-eabi/4.8.4/armv7e-m/crtbegin.o
 *(.init)
 .init          0x0000da64        0x4 c:/freescale/kds_v3/toolchain/bin/../lib/gcc/arm-none-eabi/4.8.4/armv7e-m/crti.o
                0x0000da64                _init
 .init          0x0000da68        0x8 c:/freescale/kds_v3/toolchain/bin/../lib/gcc/arm-none-eabi/4.8.4/armv7e-m/crtn.o
 *(.fini)
 .fini          0x0000da70        0x4 c:/freescale/kds_v3/toolchain/bin/../lib/gcc/arm-none-eabi/4.8.4/armv7e-m/crti.o
                0x0000da70                _fini
 .fini          0x0000da74        0x8 c:/freescale/kds_v3/toolchain/bin/../lib/gcc/arm-none-eabi/4.8.4/armv7e-m/crtn.o
                0x0000da7c                . = ALIGN (0x4)
                0x0000da7c                _etext = .

.vfp11_veneer   0x0000da7c        0x0
 .vfp11_veneer  0x00000000        0x0 linker stubs

.v4_bx          0x0000da7c        0x0
 .v4_bx         0x00000000        0x0 linker stubs

.iplt           0x0000da7c        0x0
 .iplt          0x00000000        0x0 c:/freescale/kds_v3/toolchain/bin/../lib/gcc/arm-none-eabi/4.8.4/armv7e-m/crtbegin.o

.ARM.extab      0x0000da7c      0x240
 *(.ARM.extab* .gnu.linkonce.armextab.*)
 .ARM.extab.text.LCD_command
                0x0000da7c        0xc ./Sources/LCD.o
 .ARM.extab.text.LCD_Set_Cursor
                0x0000da88        0xc ./Sources/LCD.o
 .ARM.extab.text.LCD_Write
                0x0000da94        0xc ./Sources/LCD.o
 .ARM.extab.text.load_custom_char
                0x0000daa0        0xc ./Sources/LCD.o
 .ARM.extab.text.LCD_Write_At
                0x0000daac        0xc ./Sources/LCD.o
 .ARM.extab.text.LCD_Write_Block
                0x0000dab8        0xc ./Sources/LCD.o
 .ARM.extab.text.PCA9670_SendByte
                0x0000dac4        0xc ./Sources/PCA9670.o
 .ARM.extab.text.select_cue
                0x0000dad0        0xc ./Sources/cue.o
 .ARM.extab.text.print_float_at
                0x0000dadc        0xc ./Sources/display.o
 .ARM.extab.text.print_int_at
                0x0000dae8        0xc ./Sources/display.o
 .ARM.extab.text.print_cue_array
                0x0000daf4        0xc ./Sources/display.o
 .ARM.extab.text.print_all_cue
                0x0000db00        0xc ./Sources/display.o
 .ARM.extab.text.load_char
                0x0000db0c        0xc ./Sources/display.o
 .ARM.extab.text.menu_init
                0x0000db18        0xc ./Sources/display.o
 .ARM.extab.text.refresh
                0x0000db24        0xc ./Sources/display.o
 .ARM.extab.text.select
                0x0000db30        0xc ./Sources/display.o
 .ARM.extab.text.back
                0x0000db3c        0xc ./Sources/display.o
 .ARM.extab.text.controle_mode_display
                0x0000db48        0xc ./Sources/display.o
 .ARM.extab.text.update_icon_dir
                0x0000db54        0xc ./Sources/display.o
 .ARM.extab.text.refresh_fct
                0x0000db60        0xc ./Sources/display.o
 .ARM.extab.text.velocity_fct
                0x0000db6c        0xc ./Sources/display.o
 .ARM.extab.text.pos_position_fct
                0x0000db78        0xc ./Sources/display.o
 .ARM.extab.text.torque_fct
                0x0000db84        0xc ./Sources/display.o
 .ARM.extab.text.vel_rec_cue_fct
                0x0000db90        0xc ./Sources/display.o
 .ARM.extab.text.load_cue
                0x0000db9c        0xc ./Sources/eeprom.o
 .ARM.extab.text.write_cue
                0x0000dba8        0xc ./Sources/eeprom.o
 .ARM.extab.text.erase_cue
                0x0000dbb4        0xc ./Sources/eeprom.o
 .ARM.extab.text.get_slot_saved
                0x0000dbc0        0xc ./Sources/eeprom.o
 .ARM.extab.text.get_cue_values
                0x0000dbcc        0xc ./Sources/eeprom.o
 .ARM.extab.text.print_menu
                0x0000dbd8        0xc ./Sources/menu.o
 .ARM.extab.text.print_sub_menu
                0x0000dbe4        0xc ./Sources/menu.o
 .ARM.extab.text.print_sub_menu2
                0x0000dbf0        0xc ./Sources/menu.o
 .ARM.extab.text.menu_select
                0x0000dbfc        0xc ./Sources/menu.o
 .ARM.extab.text.menu_back
                0x0000dc08        0xc ./Sources/menu.o
 .ARM.extab.text.refresh_menu
                0x0000dc14        0xc ./Sources/menu.o
 .ARM.extab.text.serial_send_block
                0x0000dc20        0xc ./Sources/protocol.o
 .ARM.extab.text.serial_send_float
                0x0000dc2c        0xc ./Sources/protocol.o
 .ARM.extab.text.serial_send_int
                0x0000dc38        0xc ./Sources/protocol.o
 .ARM.extab.text.serial_send_string
                0x0000dc44        0xc ./Sources/protocol.o
 .ARM.extab.text.serial_send_char
                0x0000dc50        0xc ./Sources/protocol.o
 .ARM.extab.text.msg_parse
                0x0000dc5c        0xc ./Sources/protocol.o
 .ARM.extab.text.msg_processing
                0x0000dc68        0xc ./Sources/protocol.o
 .ARM.extab.text.Send_Control_Mode
                0x0000dc74        0xc ./Sources/send.o
 .ARM.extab.text.send_fct
                0x0000dc80        0xc ./Sources/send.o
 .ARM.extab.text.get_update_value
                0x0000dc8c        0xc ./Sources/send.o
 .ARM.extab     0x0000dc98        0xc c:/freescale/kds_v3/toolchain/bin/../lib/gcc/arm-none-eabi/4.8.4/armv7e-m\libgcc.a(unwind-arm.o)
 .ARM.extab     0x0000dca4       0x18 c:/freescale/kds_v3/toolchain/bin/../lib/gcc/arm-none-eabi/4.8.4/armv7e-m\libgcc.a(pr-support.o)

.ARM            0x0000dcbc      0x2b0
                0x0000dcbc                __exidx_start = .
 *(.ARM.exidx*)
 .ARM.exidx     0x0000dcbc        0x8 c:/freescale/kds_v3/toolchain/bin/../lib/gcc/arm-none-eabi/4.8.4/../../../../arm-none-eabi/lib/armv7e-m/crt0.o
 .ARM.exidx.text.LCD_Init
                0x0000dd84        0x8 ./Sources/LCD.o
 .ARM.exidx.text.LCD_command
                0x0000dd8c        0x8 ./Sources/LCD.o
 .ARM.exidx.text.LCD_Set_Cursor
                0x0000dd94        0x8 ./Sources/LCD.o
 .ARM.exidx.text.LCD_Write
                0x0000dd9c        0x8 ./Sources/LCD.o
 .ARM.exidx.text.load_custom_char
                0x0000dda4        0x8 ./Sources/LCD.o
 .ARM.exidx.text.LCD_Write_At
                0x0000ddac        0x8 ./Sources/LCD.o
 .ARM.exidx.text.LCD_Write_Block
                0x0000ddb4        0x8 ./Sources/LCD.o
 .ARM.exidx.text.PCA9670_Init
                0x0000ddbc        0x8 ./Sources/PCA9670.o
 .ARM.exidx.text.PCA9670_SendByte
                0x0000ddc4        0x8 ./Sources/PCA9670.o
 .ARM.exidx.text.select_cue
                0x0000ddcc        0x8 ./Sources/cue.o
 .ARM.exidx.text.vspfunc
                0x0000ddd4        0x8 ./Sources/display.o
 .ARM.exidx.text.print_float_at
                0x0000dddc        0x8 ./Sources/display.o
 .ARM.exidx.text.print_int_at
                0x0000dde4        0x8 ./Sources/display.o
 .ARM.exidx.text.print_cue_array
                0x0000ddec        0x8 ./Sources/display.o
 .ARM.exidx.text.print_all_cue
                0x0000ddf4        0x8 ./Sources/display.o
 .ARM.exidx.text.load_char
                0x0000ddfc        0x8 ./Sources/display.o
 .ARM.exidx.text.menu_init
                0x0000de04        0x8 ./Sources/display.o
 .ARM.exidx.text.refresh
                0x0000de0c        0x8 ./Sources/display.o
 .ARM.exidx.text.select
                0x0000de14        0x8 ./Sources/display.o
 .ARM.exidx.text.back
                0x0000de1c        0x8 ./Sources/display.o
 .ARM.exidx.text.controle_mode_display
                0x0000de24        0x8 ./Sources/display.o
 .ARM.exidx.text.control_mode_fct
                0x0000de2c        0x8 ./Sources/display.o
 .ARM.exidx.text.update_icon_dir
                0x0000de34        0x8 ./Sources/display.o
 .ARM.exidx.text.update_icon_drive_enable
                0x0000de3c        0x8 ./Sources/display.o
 .ARM.exidx.text.refresh_fct
                0x0000de44        0x8 ./Sources/display.o
 .ARM.exidx.text.velocity_fct
                0x0000de4c        0x8 ./Sources/display.o
 .ARM.exidx.text.acceleration_fct
                0x0000de54        0x8 ./Sources/display.o
 .ARM.exidx.text.deceleration_fct
                0x0000de5c        0x0 ./Sources/display.o
                                  0x8 (size before relaxing)
 .ARM.exidx.text.back_fct
                0x0000de5c        0x0 ./Sources/display.o
                                  0x8 (size before relaxing)
 .ARM.exidx.text.pos_position_fct
                0x0000de5c        0x8 ./Sources/display.o
 .ARM.exidx.text.pos_velocity_fct
                0x0000de64        0x8 ./Sources/display.o
 .ARM.exidx.text.pos_acceleration_fct
                0x0000de6c        0x0 ./Sources/display.o
                                  0x8 (size before relaxing)
 .ARM.exidx.text.pos_deceleration_fct
                0x0000de6c        0x0 ./Sources/display.o
                                  0x8 (size before relaxing)
 .ARM.exidx.text.pos_set_home_fct
                0x0000de6c        0x0 ./Sources/display.o
                                  0x8 (size before relaxing)
 .ARM.exidx.text.torque_fct
                0x0000de6c        0x8 ./Sources/display.o
 .ARM.exidx.text.torque_rise_fct
                0x0000de74        0x8 ./Sources/display.o
 .ARM.exidx.text.torque_fall_fct
                0x0000de7c        0x0 ./Sources/display.o
                                  0x8 (size before relaxing)
 .ARM.exidx.text.vel_play_cue_fct
                0x0000de7c        0x0 ./Sources/display.o
                                  0x8 (size before relaxing)
 .ARM.exidx.text.vel_rec_cue_fct
                0x0000de7c        0x8 ./Sources/display.o
 .ARM.exidx.text.vel_mod_cue_fct
                0x0000de84        0x8 ./Sources/display.o
 .ARM.exidx.text.vel_del_cue_fct
                0x0000de8c        0x0 ./Sources/display.o
                                  0x8 (size before relaxing)
 .ARM.exidx.text.short_cut_position_menu
                0x0000de8c        0x0 ./Sources/display.o
                                  0x8 (size before relaxing)
 .ARM.exidx.text._Z41__static_initialization_and_destruction_0ii
                0x0000de8c        0x8 ./Sources/display.o
 .ARM.exidx.text._GLOBAL__sub_I_buffer
                0x0000de94        0x0 ./Sources/display.o
                                  0x8 (size before relaxing)
 .ARM.exidx.text.load_cue
                0x0000de94        0x8 ./Sources/eeprom.o
 .ARM.exidx.text.write_cue
                0x0000de9c        0x8 ./Sources/eeprom.o
 .ARM.exidx.text.erase_cue
                0x0000dea4        0x8 ./Sources/eeprom.o
 .ARM.exidx.text.get_slot_saved
                0x0000deac        0x8 ./Sources/eeprom.o
 .ARM.exidx.text.get_cue_values
                0x0000deb4       0x10 ./Sources/eeprom.o
                                  0x8 (size before relaxing)
 .ARM.exidx.text.init_menu
                0x0000dec4        0x0 ./Sources/menu.o
                                  0x8 (size before relaxing)
 .ARM.exidx.text.init_sub_menu
                0x0000dec4        0x0 ./Sources/menu.o
                                  0x8 (size before relaxing)
 .ARM.exidx.text.init_sub_menu2
                0x0000dec4        0x0 ./Sources/menu.o
                                  0x8 (size before relaxing)
 .ARM.exidx.text.init_menu_list
                0x0000dec4        0x0 ./Sources/menu.o
                                  0x8 (size before relaxing)
 .ARM.exidx.text.init_sub_menu_list
                0x0000dec4        0x0 ./Sources/menu.o
                                  0x8 (size before relaxing)
 .ARM.exidx.text.init_sub_menu2_list
                0x0000dec4        0x0 ./Sources/menu.o
                                  0x8 (size before relaxing)
 .ARM.exidx.text.print_menu
                0x0000dec4        0x8 ./Sources/menu.o
 .ARM.exidx.text.print_sub_menu
                0x0000decc        0x8 ./Sources/menu.o
 .ARM.exidx.text.print_sub_menu2
                0x0000ded4        0x8 ./Sources/menu.o
 .ARM.exidx.text.menu_select
                0x0000dedc        0x8 ./Sources/menu.o
 .ARM.exidx.text.menu_back
                0x0000dee4        0x8 ./Sources/menu.o
 .ARM.exidx.text.refresh_menu
                0x0000deec        0x8 ./Sources/menu.o
 .ARM.exidx.text.void_function
                0x0000def4        0x8 ./Sources/menu.o
 .ARM.exidx.text.parameters_init
                0x0000defc        0x0 ./Sources/parameters.o
                                  0x8 (size before relaxing)
 .ARM.exidx.text.convert
                0x0000defc        0x0 ./Sources/parameters.o
                                  0x8 (size before relaxing)
 .ARM.exidx.text.serial_send_block
                0x0000defc        0x8 ./Sources/protocol.o
 .ARM.exidx.text.serial_send_float
                0x0000df04        0x8 ./Sources/protocol.o
 .ARM.exidx.text.serial_send_int
                0x0000df0c        0x8 ./Sources/protocol.o
 .ARM.exidx.text.serial_send_string
                0x0000df14        0x8 ./Sources/protocol.o
 .ARM.exidx.text.serial_send_char
                0x0000df1c        0x8 ./Sources/protocol.o
 .ARM.exidx.text.serial_send_end
                0x0000df24        0x8 ./Sources/protocol.o
 .ARM.exidx.text.msg_parse
                0x0000df2c        0x8 ./Sources/protocol.o
 .ARM.exidx.text.msg_processing
                0x0000df34        0x8 ./Sources/protocol.o
 .ARM.exidx.text.Send_Control_Mode
                0x0000df3c        0x8 ./Sources/send.o
 .ARM.exidx.text.send_fct
                0x0000df44        0x8 ./Sources/send.o
 .ARM.exidx.text.get_update_drive_en
                0x0000df4c        0x8 ./Sources/send.o
 .ARM.exidx.text.get_update_value
                0x0000df54        0x8 ./Sources/send.o
 .ARM.exidx.text.send_stop
                0x0000df5c        0x8 ./Sources/send.o
 .ARM.exidx.text.send_velocity_cue
                0x0000df64        0x0 ./Sources/send.o
                                  0x8 (size before relaxing)
 .ARM.exidx.text.velocity_processing
                0x0000df64        0x8 ./Sources/send.o
 .ARM.exidx.text.velocity_ref_processing
                0x0000df6c        0x0 ./Sources/send.o
                                  0x8 (size before relaxing)
 .ARM.exidx.text.acceleration_processing
                0x0000df6c        0x0 ./Sources/send.o
                                  0x8 (size before relaxing)
 .ARM.exidx.text.deceleration_processing
                0x0000df6c        0x0 ./Sources/send.o
                                  0x8 (size before relaxing)
 .ARM.exidx.text.torque_processing
                0x0000df6c        0x0 ./Sources/send.o
                                  0x8 (size before relaxing)
 .ARM.exidx.text.torque_rise_processing
                0x0000df6c        0x0 ./Sources/send.o
                                  0x8 (size before relaxing)
 .ARM.exidx.text.torque_fall_processing
                0x0000df6c        0x0 ./Sources/send.o
                                  0x8 (size before relaxing)
 .ARM.exidx.text.control_mode_processing
                0x0000df6c        0x0 ./Sources/send.o
                                  0x8 (size before relaxing)
 .ARM.exidx.text.drive_enable_processing
                0x0000df6c        0x0 ./Sources/send.o
                                  0x8 (size before relaxing)
 .ARM.exidx     0x0000dcc4       0x88 c:/freescale/kds_v3/toolchain/bin/../lib/gcc/arm-none-eabi/4.8.4/armv7e-m\libgcc.a(unwind-arm.o)
                                 0xd8 (size before relaxing)
 .ARM.exidx     0x0000dd4c       0x38 c:/freescale/kds_v3/toolchain/bin/../lib/gcc/arm-none-eabi/4.8.4/armv7e-m\libgcc.a(pr-support.o)
                                 0x48 (size before relaxing)
                0x0000df6c                __exidx_end = .

.rel.dyn        0x0000df6c        0x0
 .rel.iplt      0x00000000        0x0 c:/freescale/kds_v3/toolchain/bin/../lib/gcc/arm-none-eabi/4.8.4/armv7e-m/crtbegin.o

.ctors          0x0000df6c        0x0
                0x0000df6c                __CTOR_LIST__ = .
 *crtbegin.o(.ctors)
 *(EXCLUDE_FILE(*crtend.o) .ctors)
 *(SORT(.ctors.*))
 *(.ctors)
                0x0000df6c                __CTOR_END__ = .

.dtors          0x0000df6c        0x0
                0x0000df6c                __DTOR_LIST__ = .
 *crtbegin.o(.dtors)
 *(EXCLUDE_FILE(*crtend.o) .dtors)
 *(SORT(.dtors.*))
 *(.dtors)
                0x0000df6c                __DTOR_END__ = .

.preinit_array  0x0000df6c        0x0
                0x0000df6c                PROVIDE (__preinit_array_start, .)
 *(.preinit_array*)
                0x0000df6c                PROVIDE (__preinit_array_end, .)

.init_array     0x0000df6c        0x8
                0x0000df6c                PROVIDE (__init_array_start, .)
 *(SORT(.init_array.*))
 *(.init_array*)
 .init_array    0x0000df6c        0x4 c:/freescale/kds_v3/toolchain/bin/../lib/gcc/arm-none-eabi/4.8.4/armv7e-m/crtbegin.o
 .init_array    0x0000df70        0x4 ./Sources/display.o
                0x0000df74                PROVIDE (__init_array_end, .)

.fini_array     0x0000df74        0x4
                0x0000df74                PROVIDE (__fini_array_start, .)
 *(SORT(.fini_array.*))
 *(.fini_array*)
 .fini_array    0x0000df74        0x4 c:/freescale/kds_v3/toolchain/bin/../lib/gcc/arm-none-eabi/4.8.4/armv7e-m/crtbegin.o
                0x0000df78                PROVIDE (__fini_array_end, .)
                0x0000df78                ___ROM_AT = .

.data           0x1fff8000       0xec load address 0x0000df78
                0x1fff8000                . = ALIGN (0x4)
                0x1fff8000                _sdata = .
 *(.data)
 *(.data*)
 .data._ZL6Get_OK
                0x1fff8000        0x4 ./Sources/protocol.o
 .data._ZL7Get_ERR
                0x1fff8004        0x4 ./Sources/protocol.o
 .data._ZL6Set_OK
                0x1fff8008        0x4 ./Sources/protocol.o
 .data._ZL7Set_ERR
                0x1fff800c        0x4 ./Sources/protocol.o
 .data._ZL8Velocity
                0x1fff8010        0x4 ./Sources/protocol.o
 .data._ZL12Velocity_ref
                0x1fff8014        0x4 ./Sources/protocol.o
 .data._ZL8Set_Home
                0x1fff8018        0x4 ./Sources/protocol.o
 .data._ZL12Acceleration
                0x1fff801c        0x4 ./Sources/protocol.o
 .data._ZL12Deceleration
                0x1fff8020        0x4 ./Sources/protocol.o
 .data._ZL6Torque
                0x1fff8024        0x4 ./Sources/protocol.o
 .data._ZL11Torque_rise
                0x1fff8028        0x4 ./Sources/protocol.o
 .data._ZL11Torque_fall
                0x1fff802c        0x4 ./Sources/protocol.o
 .data._ZL4Stop
                0x1fff8030        0x4 ./Sources/protocol.o
 .data._ZL12Drive_Enable
                0x1fff8034        0x4 ./Sources/protocol.o
 .data._ZL12Control_Mode
                0x1fff8038        0x4 ./Sources/protocol.o
 .data._ZL3Get  0x1fff803c        0x4 ./Sources/send.o
 .data._ZL3Set  0x1fff8040        0x4 ./Sources/send.o
 .data._ZL8Velocity
                0x1fff8044        0x4 ./Sources/send.o
 .data._ZL12Velocity_ref
                0x1fff8048        0x4 ./Sources/send.o
 .data._ZL8Position
                0x1fff804c        0x4 ./Sources/send.o
 .data._ZL12Position_ref
                0x1fff8050        0x4 ./Sources/send.o
 .data._ZL6Pos_go
                0x1fff8054        0x4 ./Sources/send.o
 .data._ZL8Set_Home
                0x1fff8058        0x4 ./Sources/send.o
 .data._ZL7Go_Home
                0x1fff805c        0x4 ./Sources/send.o
 .data._ZL12Acceleration
                0x1fff8060        0x4 ./Sources/send.o
 .data._ZL12Deceleration
                0x1fff8064        0x4 ./Sources/send.o
 .data._ZL6Torque
                0x1fff8068        0x4 ./Sources/send.o
 .data._ZL10Torque_ref
                0x1fff806c        0x4 ./Sources/send.o
 .data._ZL11Torque_rise
                0x1fff8070        0x4 ./Sources/send.o
 .data._ZL11Torque_fall
                0x1fff8074        0x4 ./Sources/send.o
 .data._ZL4Stop
                0x1fff8078        0x4 ./Sources/send.o
 .data._ZL12Drive_Enable
                0x1fff807c        0x4 ./Sources/send.o
 .data._ZL12Control_Mode
                0x1fff8080        0x4 ./Sources/send.o
 .data.__fdlib_version
                0x1fff8084        0x1 c:/freescale/kds_v3/toolchain/bin/../lib/gcc/arm-none-eabi/4.8.4/../../../../arm-none-eabi/lib/armv7e-m\libm.a(lib_a-s_lib_ver.o)
                0x1fff8084                __fdlib_version
 *fill*         0x1fff8085        0x3 
 .data.impure_data
                0x1fff8088       0x60 c:/freescale/kds_v3/toolchain/bin/../lib/gcc/arm-none-eabi/4.8.4/../../../../arm-none-eabi/lib/armv7e-m\libg_s.a(lib_a-impure.o)
 .data._impure_ptr
                0x1fff80e8        0x4 c:/freescale/kds_v3/toolchain/bin/../lib/gcc/arm-none-eabi/4.8.4/../../../../arm-none-eabi/lib/armv7e-m\libg_s.a(lib_a-impure.o)
                0x1fff80e8                _impure_ptr
                0x1fff80ec                . = ALIGN (0x4)
                0x1fff80ec                _edata = .
                0x000000ec                ___data_size = (_edata - _sdata)
                0x0000e064                ___m_data_20000000_ROMStart = (___ROM_AT + SIZEOF (.data))

.jcr            0x1fff80ec        0x0 load address 0x0000e064
 .jcr           0x1fff80ec        0x0 c:/freescale/kds_v3/toolchain/bin/../lib/gcc/arm-none-eabi/4.8.4/armv7e-m/crtbegin.o

.igot.plt       0x1fff80ec        0x0 load address 0x0000e064
 .igot.plt      0x00000000        0x0 c:/freescale/kds_v3/toolchain/bin/../lib/gcc/arm-none-eabi/4.8.4/armv7e-m/crtbegin.o

.m_data_20000000
                0x20000000        0x0 load address 0x0000e064
                0x20000000                . = ALIGN (0x4)
                0x20000000                ___m_data_20000000_RAMStart = .
 *(.m_data_20000000)
                0x20000000                ___m_data_20000000_RAMEnd = .
                0x20000000                . = ALIGN (0x4)
                0x00000000                ___m_data_20000000_ROMSize = (___m_data_20000000_RAMEnd - ___m_data_20000000_RAMStart)
                0x20000000                . = ALIGN (0x4)

.bss            0x1fff80ec     0x1520 load address 0x0000e064
                0x1fff80ec                __START_BSS = .
                0x1fff80ec                PROVIDE (__bss_start__, __START_BSS)
 *(.bss)
 .bss           0x1fff80ec       0x1c c:/freescale/kds_v3/toolchain/bin/../lib/gcc/arm-none-eabi/4.8.4/armv7e-m/crtbegin.o
 *(.bss*)
 .bss.LCD_flag  0x1fff8108        0x1 ./Sources/LCD.o
                0x1fff8108                LCD_flag
 *fill*         0x1fff8109        0x3 
 .bss.cue_saved
                0x1fff810c       0x34 ./Sources/cue.o
                0x1fff810c                cue_saved
 .bss.FLAG_CUE_MODE
                0x1fff8140        0x1 ./Sources/cue.o
                0x1fff8140                FLAG_CUE_MODE
 .bss.cue_saved_size
                0x1fff8141        0x1 ./Sources/cue.o
                0x1fff8141                cue_saved_size
 .bss.FLAG_CUE_SELECTED
                0x1fff8142        0x1 ./Sources/cue.o
                0x1fff8142                FLAG_CUE_SELECTED
 .bss.FLAG_UPDATE_CUE
                0x1fff8143        0x1 ./Sources/cue.o
                0x1fff8143                FLAG_UPDATE_CUE
 .bss.buffer    0x1fff8144       0x50 ./Sources/display.o
                0x1fff8144                buffer
 .bss.FLAG_MENU
                0x1fff8194        0x1 ./Sources/display.o
                0x1fff8194                FLAG_MENU
 *fill*         0x1fff8195        0x3 
 .bss.back_sub_menu
                0x1fff8198        0xc ./Sources/display.o
                0x1fff8198                back_sub_menu