Archive member included because of file (symbol)

c:/freescale/kds_v3/toolchain/bin/../lib/gcc/arm-none-eabi/4.8.4/armv7e-m\libgcc.a(unwind-arm.o)
                              ./Sources/LCD.o (__aeabi_unwind_cpp_pr0)
c:/freescale/kds_v3/toolchain/bin/../lib/gcc/arm-none-eabi/4.8.4/armv7e-m\libgcc.a(libunwind.o)
                              c:/freescale/kds_v3/toolchain/bin/../lib/gcc/arm-none-eabi/4.8.4/armv7e-m\libgcc.a(unwind-arm.o) (restore_core_regs)
c:/freescale/kds_v3/toolchain/bin/../lib/gcc/arm-none-eabi/4.8.4/armv7e-m\libgcc.a(pr-support.o)
                              c:/freescale/kds_v3/toolchain/bin/../lib/gcc/arm-none-eabi/4.8.4/armv7e-m\libgcc.a(unwind-arm.o) (__gnu_unwind_execute)
c:/freescale/kds_v3/toolchain/bin/../lib/gcc/arm-none-eabi/4.8.4/../../../../arm-none-eabi/lib/armv7e-m\libg_s.a(lib_a-abort.o)
                              c:/freescale/kds_v3/toolchain/bin/../lib/gcc/arm-none-eabi/4.8.4/armv7e-m\libgcc.a(unwind-arm.o) (abort)
c:/freescale/kds_v3/toolchain/bin/../lib/gcc/arm-none-eabi/4.8.4/../../../../arm-none-eabi/lib/armv7e-m\libg_s.a(lib_a-exit.o)
                              c:/freescale/kds_v3/toolchain/bin/../lib/gcc/arm-none-eabi/4.8.4/../../../../arm-none-eabi/lib/armv7e-m/crt0.o (exit)
c:/freescale/kds_v3/toolchain/bin/../lib/gcc/arm-none-eabi/4.8.4/../../../../arm-none-eabi/lib/armv7e-m\libg_s.a(lib_a-impure.o)
                              c:/freescale/kds_v3/toolchain/bin/../lib/gcc/arm-none-eabi/4.8.4/../../../../arm-none-eabi/lib/armv7e-m\libg_s.a(lib_a-exit.o) (_global_impure_ptr)
c:/freescale/kds_v3/toolchain/bin/../lib/gcc/arm-none-eabi/4.8.4/../../../../arm-none-eabi/lib/armv7e-m\libg_s.a(lib_a-init.o)
                              c:/freescale/kds_v3/toolchain/bin/../lib/gcc/arm-none-eabi/4.8.4/../../../../arm-none-eabi/lib/armv7e-m/crt0.o (__libc_init_array)
c:/freescale/kds_v3/toolchain/bin/../lib/gcc/arm-none-eabi/4.8.4/../../../../arm-none-eabi/lib/armv7e-m\libg_s.a(lib_a-memcpy-stub.o)
                              c:/freescale/kds_v3/toolchain/bin/../lib/gcc/arm-none-eabi/4.8.4/armv7e-m\libgcc.a(unwind-arm.o) (memcpy)
c:/freescale/kds_v3/toolchain/bin/../lib/gcc/arm-none-eabi/4.8.4/../../../../arm-none-eabi/lib/armv7e-m\libg_s.a(lib_a-memset.o)
                              c:/freescale/kds_v3/toolchain/bin/../lib/gcc/arm-none-eabi/4.8.4/../../../../arm-none-eabi/lib/armv7e-m/crt0.o (memset)
c:/freescale/kds_v3/toolchain/bin/../lib/gcc/arm-none-eabi/4.8.4/../../../../arm-none-eabi/lib/armv7e-m\libg_s.a(lib_a-signal.o)
                              c:/freescale/kds_v3/toolchain/bin/../lib/gcc/arm-none-eabi/4.8.4/../../../../arm-none-eabi/lib/armv7e-m\libg_s.a(lib_a-abort.o) (raise)
c:/freescale/kds_v3/toolchain/bin/../lib/gcc/arm-none-eabi/4.8.4/../../../../arm-none-eabi/lib/armv7e-m\libg_s.a(lib_a-signalr.o)
                              c:/freescale/kds_v3/toolchain/bin/../lib/gcc/arm-none-eabi/4.8.4/../../../../arm-none-eabi/lib/armv7e-m\libg_s.a(lib_a-signal.o) (_kill_r)
c:/freescale/kds_v3/toolchain/bin/../lib/gcc/arm-none-eabi/4.8.4/../../../../arm-none-eabi/lib/armv7e-m\libg_s.a(lib_a-strcmp.o)
                              ./Sources/protocol.o (strcmp)
c:/freescale/kds_v3/toolchain/bin/../lib/gcc/arm-none-eabi/4.8.4/../../../../arm-none-eabi/lib/armv7e-m\libg_s.a(lib_a-strlen.o)
                              ./Sources/protocol.o (strlen)
c:/freescale/kds_v3/toolchain/bin/../lib/gcc/arm-none-eabi/4.8.4/../../../../arm-none-eabi/lib/armv7e-m\libg_s.a(lib_a-nano-mallocr.o)
                              c:/freescale/kds_v3/toolchain/bin/../lib/gcc/arm-none-eabi/4.8.4/../../../../arm-none-eabi/lib/armv7e-m\libg_s.a(lib_a-signal.o) (_malloc_r)
c:/freescale/kds_v3/toolchain/bin/../lib/gcc/arm-none-eabi/4.8.4/../../../../arm-none-eabi/lib/armv7e-m\libg_s.a(lib_a-reent.o)
                              c:/freescale/kds_v3/toolchain/bin/../lib/gcc/arm-none-eabi/4.8.4/../../../../arm-none-eabi/lib/armv7e-m\libg_s.a(lib_a-signalr.o) (errno)
c:/freescale/kds_v3/toolchain/bin/../lib/gcc/arm-none-eabi/4.8.4/../../../../arm-none-eabi/lib/armv7e-m\libg_s.a(lib_a-sbrkr.o)
                              c:/freescale/kds_v3/toolchain/bin/../lib/gcc/arm-none-eabi/4.8.4/../../../../arm-none-eabi/lib/armv7e-m\libg_s.a(lib_a-nano-mallocr.o) (_sbrk_r)
c:/freescale/kds_v3/toolchain/bin/../lib/gcc/arm-none-eabi/4.8.4/../../../../arm-none-eabi/lib/armv7e-m\libg_s.a(lib_a-nano-freer.o)
                              c:/freescale/kds_v3/toolchain/bin/../lib/gcc/arm-none-eabi/4.8.4/../../../../arm-none-eabi/lib/armv7e-m\libg_s.a(lib_a-reent.o) (_free_r)
c:/freescale/kds_v3/toolchain/bin/../lib/gcc/arm-none-eabi/4.8.4/../../../../arm-none-eabi/lib/armv7e-m\libnosys.a(getpid.o)
                              c:/freescale/kds_v3/toolchain/bin/../lib/gcc/arm-none-eabi/4.8.4/../../../../arm-none-eabi/lib/armv7e-m\libg_s.a(lib_a-signalr.o) (_getpid)
c:/freescale/kds_v3/toolchain/bin/../lib/gcc/arm-none-eabi/4.8.4/../../../../arm-none-eabi/lib/armv7e-m\libnosys.a(kill.o)
[...]
Memory Configuration

Name             Origin             Length             Attributes
m_interrupts     0x00000000         0x000001bc         xr
m_text           0x00000410         0x0003fbf0         xr
m_data           0x1fff8000         0x00008000         rw
m_data_20000000  0x20000000         0x00008000         rw
m_cfmprotrom     0x00000400         0x00000010         xr
*default*        0x00000000         0xffffffff

Linker script and memory map

LOAD c:/freescale/kds_v3/toolchain/bin/../lib/gcc/arm-none-eabi/4.8.4/armv7e-m/crti.o
LOAD c:/freescale/kds_v3/toolchain/bin/../lib/gcc/arm-none-eabi/4.8.4/armv7e-m/crtbegin.o
LOAD c:/freescale/kds_v3/toolchain/bin/../lib/gcc/arm-none-eabi/4.8.4/../../../../arm-none-eabi/lib/armv7e-m/crt0.o
LOAD ./Sources/Events.o
LOAD ./Sources/LCD.o
LOAD ./Sources/PCA9670.o
LOAD ./Sources/cue_eeprom.o
LOAD ./Sources/display.o
LOAD ./Sources/encoder_variable.o
LOAD ./Sources/main.o
LOAD ./Sources/menu.o
LOAD ./Sources/protocol.o
LOAD ./Project_Settings/Startup_Code/startup.o
LOAD ./Generated_Code/AS1.o
LOAD ./Generated_Code/ASerialLdd1.o
LOAD ./Generated_Code/BitIoLdd1.o
LOAD ./Generated_Code/BitIoLdd2.o
LOAD ./Generated_Code/BitIoLdd3.o
LOAD ./Generated_Code/BitIoLdd4.o
LOAD ./Generated_Code/BitIoLdd5.o
LOAD ./Generated_Code/BitIoLdd6.o
LOAD ./Generated_Code/BitIoLdd7.o
LOAD ./Generated_Code/CS1.o
LOAD ./Generated_Code/Cpu.o
LOAD ./Generated_Code/ENCODER.o
LOAD ./Generated_Code/ENCODER_PUSH.o
LOAD ./Generated_Code/ExtIntLdd1.o
LOAD ./Generated_Code/ExtIntLdd2.o
LOAD ./Generated_Code/ExtIntLdd3.o
LOAD ./Generated_Code/ExtIntLdd4.o
LOAD ./Generated_Code/ExtIntLdd5.o
LOAD ./Generated_Code/I2C0.o
LOAD ./Generated_Code/IFsh1.o
LOAD ./Generated_Code/IntFlashLdd1.o
LOAD ./Generated_Code/IntI2cLdd1.o
LOAD ./Generated_Code/KSDK1.o
LOAD ./Generated_Code/LCD_CTR.o
LOAD ./Generated_Code/LCD_EN.o
LOAD ./Generated_Code/LED_DEBUG.o
LOAD ./Generated_Code/LED_STATUS_1.o
LOAD ./Generated_Code/LED_STATUS_2.o
LOAD ./Generated_Code/LED_STATUS_3.o
LOAD ./Generated_Code/LED_STATUS_4.o
LOAD ./Generated_Code/LEVER_DIR1.o
LOAD ./Generated_Code/LEVER_DIR2.o
LOAD ./Generated_Code/PCA.o
LOAD ./Generated_Code/PE_LDD.o
LOAD ./Generated_Code/PUSH_BUTTON_REC.o
LOAD ./Generated_Code/PUSH_BUTTON_SEND.o
LOAD ./Generated_Code/T_100ms.o
LOAD ./Generated_Code/T_500ms.o
LOAD ./Generated_Code/Vectors.o
LOAD ./Generated_Code/WAIT1.o
LOAD ./.metadata/.plugins/org.eclipse.cdt.make.core/specs.o
LOAD c:/freescale/kds_v3/toolchain/bin/../lib/gcc/arm-none-eabi/4.8.4/../../../../arm-none-eabi/lib/armv7e-m\libstdc++_s.a
LOAD c:/freescale/kds_v3/toolchain/bin/../lib/gcc/arm-none-eabi/4.8.4/../../../../arm-none-eabi/lib/armv7e-m\libm.a
START GROUP
LOAD c:/freescale/kds_v3/toolchain/bin/../lib/gcc/arm-none-eabi/4.8.4/armv7e-m\libgcc.a
LOAD c:/freescale/kds_v3/toolchain/bin/../lib/gcc/arm-none-eabi/4.8.4/../../../../arm-none-eabi/lib/armv7e-m\libg_s.a
LOAD c:/freescale/kds_v3/toolchain/bin/../lib/gcc/arm-none-eabi/4.8.4/../../../../arm-none-eabi/lib/armv7e-m\libc_s.a
END GROUP
START GROUP
LOAD c:/freescale/kds_v3/toolchain/bin/../lib/gcc/arm-none-eabi/4.8.4/armv7e-m\libgcc.a
LOAD c:/freescale/kds_v3/toolchain/bin/../lib/gcc/arm-none-eabi/4.8.4/../../../../arm-none-eabi/lib/armv7e-m\libc_s.a
LOAD c:/freescale/kds_v3/toolchain/bin/../lib/gcc/arm-none-eabi/4.8.4/../../../../arm-none-eabi/lib/armv7e-m\libnosys.a
END GROUP
START GROUP
LOAD c:/freescale/kds_v3/toolchain/bin/../lib/gcc/arm-none-eabi/4.8.4/armv7e-m\libgcc.a
LOAD c:/freescale/kds_v3/toolchain/bin/../lib/gcc/arm-none-eabi/4.8.4/../../../../arm-none-eabi/lib/armv7e-m\libc_s.a
LOAD c:/freescale/kds_v3/toolchain/bin/../lib/gcc/arm-none-eabi/4.8.4/../../../../arm-none-eabi/lib/armv7e-m\libnosys.a
END GROUP
LOAD c:/freescale/kds_v3/toolchain/bin/../lib/gcc/arm-none-eabi/4.8.4/armv7e-m/crtend.o
LOAD c:/freescale/kds_v3/toolchain/bin/../lib/gcc/arm-none-eabi/4.8.4/armv7e-m/crtn.o
                0x20000000                _estack = 0x20000000
                0x20000000                __SP_INIT = _estack
                0x20000000                __stack = _estack
                0x00000000                __heap_size = 0x0
                0x00000400                __stack_size = 0x400

.interrupts     0x00000000      0x1bc
                0x00000000                __vector_table = .
                0x00000000                . = ALIGN (0x4)
 *(.vectortable)
 .vectortable   0x00000000      0x1bc ./Generated_Code/Vectors.o
                0x00000000                __vect_table
                0x000001bc                . = ALIGN (0x4)

.cfmprotect     0x00000400       0x10
                0x00000400                . = ALIGN (0x4)
 *(.cfmconfig)
 .cfmconfig     0x00000400       0x10 ./Generated_Code/Cpu.o
                0x00000400                _cfm
                0x00000410                . = ALIGN (0x4)

.text           0x00000410     0x403c
                0x00000410                . = ALIGN (0x4)
 *(.text)
 .text          0x00000410       0x54 c:/freescale/kds_v3/toolchain/bin/../lib/gcc/arm-none-eabi/4.8.4/armv7e-m/crtbegin.o
 .text          0x00000464       0x74 c:/freescale/kds_v3/toolchain/bin/../lib/gcc/arm-none-eabi/4.8.4/../../../../arm-none-eabi/lib/armv7e-m/crt0.o
                0x00000464                _start
                0x00000464                _mainCRTStartup
 .text          0x000004d8      0xa1c c:/freescale/kds_v3/toolchain/bin/../lib/gcc/arm-none-eabi/4.8.4/armv7e-m\libgcc.a(unwind-arm.o)
                0x000007bc                _Unwind_GetCFA
                0x000007c0                __gnu_Unwind_RaiseException
                0x00000820                __gnu_Unwind_ForcedUnwind
                0x00000834                __gnu_Unwind_Resume
                0x00000878                __gnu_Unwind_Resume_or_Rethrow
                0x00000888                _Unwind_Complete
                0x0000088c                _Unwind_DeleteException
                0x0000089c                _Unwind_VRS_Get
                0x000008ec                _Unwind_VRS_Set
                0x0000093c                __gnu_Unwind_Backtrace
                0x00000c90                __aeabi_unwind_cpp_pr0
                0x00000c98                __aeabi_unwind_cpp_pr1
                0x00000ca0                __aeabi_unwind_cpp_pr2
                0x00000ca8                _Unwind_VRS_Pop
 .text          0x00000ef4      0x1ac c:/freescale/kds_v3/toolchain/bin/../lib/gcc/arm-none-eabi/4.8.4/armv7e-m\libgcc.a(libunwind.o)
                0x00000ef4                __restore_core_regs
                0x00000ef4                restore_core_regs
                0x00000f0c                __gnu_Unwind_Restore_VFP
                0x00000f14                __gnu_Unwind_Save_VFP
                0x00000f1c                __gnu_Unwind_Restore_VFP_D
                0x00000f24                __gnu_Unwind_Save_VFP_D
                0x00000f2c                __gnu_Unwind_Restore_VFP_D_16_to_31
                0x00000f34                __gnu_Unwind_Save_VFP_D_16_to_31
                0x00000f3c                __gnu_Unwind_Restore_WMMXD
                0x00000f80                __gnu_Unwind_Save_WMMXD
                0x00000fc4                __gnu_Unwind_Restore_WMMXC
                0x00000fd8                __gnu_Unwind_Save_WMMXC
                0x00000fec                ___Unwind_RaiseException
                0x00000fec                _Unwind_RaiseException
                0x00001010                _Unwind_Resume
                0x00001010                ___Unwind_Resume
                0x00001034                _Unwind_Resume_or_Rethrow
                0x00001034                ___Unwind_Resume_or_Rethrow
                0x00001058                _Unwind_ForcedUnwind
                0x00001058                ___Unwind_ForcedUnwind
                0x0000107c                ___Unwind_Backtrace
                0x0000107c                _Unwind_Backtrace
 .text          0x000010a0      0x33c c:/freescale/kds_v3/toolchain/bin/../lib/gcc/arm-none-eabi/4.8.4/armv7e-m\libgcc.a(pr-support.o)
                0x000010f4                __gnu_unwind_execute
                0x00001380                __gnu_unwind_frame
                0x000013ac                _Unwind_GetRegionStart
                0x000013b8                _Unwind_GetLanguageSpecificData
                0x000013cc                _Unwind_GetDataRelBase
                0x000013d4                _Unwind_GetTextRelBase
 .text          0x000013dc       0x14 c:/freescale/kds_v3/toolchain/bin/../lib/gcc/arm-none-eabi/4.8.4/../../../../arm-none-eabi/lib/armv7e-m\libg_s.a(lib_a-strcmp.o)
                0x000013dc                strcmp
 *(.text*)
 .text.PUSH_BUTTON_REC_OnInterrupt
                0x000013f0        0xc ./Sources/Events.o
                0x000013f0                PUSH_BUTTON_REC_OnInterrupt
 .text.PUSH_BUTTON_SEND_OnInterrupt
                0x000013fc        0xc ./Sources/Events.o
                0x000013fc                PUSH_BUTTON_SEND_OnInterrupt
 .text.I2C0_OnReceiveData
                0x00001408        0xc ./Sources/Events.o
                0x00001408                I2C0_OnReceiveData
 .text.I2C0_OnTransmitData
                0x00001414        0xc ./Sources/Events.o
                0x00001414                I2C0_OnTransmitData
 .text.T_100ms_OnCounterRestart
                0x00001420       0x14 ./Sources/Events.o
                0x00001420                T_100ms_OnCounterRestart
 .text.LEVER_DIR2_OnInterrupt
                0x00001434       0x14 ./Sources/Events.o
                0x00001434                LEVER_DIR2_OnInterrupt
 .text.LEVER_DIR1_OnInterrupt
                0x00001448       0x14 ./Sources/Events.o
                0x00001448                LEVER_DIR1_OnInterrupt
 .text.ENCODER_PUSH_OnInterrupt
                0x0000145c        0xc ./Sources/Events.o
                0x0000145c                ENCODER_PUSH_OnInterrupt
 .text.ENCODER_OnPortEvent
                0x00001468       0x14 ./Sources/Events.o
                0x00001468                ENCODER_OnPortEvent
 .text.T_500ms_OnCounterRestart
                0x0000147c       0x14 ./Sources/Events.o
                0x0000147c                T_500ms_OnCounterRestart
 .text.I2C0_OnArbitLost
                0x00001490        0xc ./Sources/Events.o
                0x00001490                I2C0_OnArbitLost
 .text.AS1_OnTxComplete
                0x0000149c       0x14 ./Sources/Events.o
                0x0000149c                AS1_OnTxComplete
 .text.AS1_OnError
                0x000014b0        0xc ./Sources/Events.o
                0x000014b0                AS1_OnError
 .text.AS1_OnRxChar
                0x000014bc        0xc ./Sources/Events.o
                0x000014bc                AS1_OnRxChar
 .text.AS1_OnRxCharExt
                0x000014c8       0xc8 ./Sources/Events.o
                0x000014c8                AS1_OnRxCharExt
 .text.AS1_OnTxChar
                0x00001590       0x14 ./Sources/Events.o
                0x00001590                AS1_OnTxChar
 .text.AS1_OnFullRxBuf
                0x000015a4       0x14 ./Sources/Events.o
                0x000015a4                AS1_OnFullRxBuf
 .text.AS1_OnFreeTxBuf
                0x000015b8        0xc ./Sources/Events.o
                0x000015b8                AS1_OnFreeTxBuf
 .text.IFsh1_OnWriteEnd
                0x000015c4        0xc ./Sources/Events.o
                0x000015c4                IFsh1_OnWriteEnd
 .text.LCD_Init
                0x000015d0       0x54 ./Sources/LCD.o
                0x000015d0                LCD_Init
 .text.PCA9670_Init
                0x00001624       0x34 ./Sources/PCA9670.o
                0x00001624                PCA9670_Init
 .text.PCA9670_SendByte
                0x00001658       0x3c ./Sources/PCA9670.o
                0x00001658                PCA9670_SendByte
 .text.main     0x00001694      0x1a4 ./Sources/main.o
                0x00001694                main
 .text.msg_parse
                0x00001838       0xec ./Sources/protocol.o
                0x00001838                msg_parse
 .text.msg_processing
                0x00001924       0x90 ./Sources/protocol.o
                0x00001924                msg_processing
 .text.__copy_rom_section
                0x000019b4       0xe4 ./Project_Settings/Startup_Code/startup.o
                0x000019b4                __copy_rom_section
 .text.__copy_rom_sections_to_ram
                0x00001a98       0x9c ./Project_Settings/Startup_Code/startup.o
                0x00001a98                __copy_rom_sections_to_ram
 .text.__init_registers
                0x00001b34        0xc ./Project_Settings/Startup_Code/startup.o
                0x00001b34                __init_registers
 .text.__init_user
                0x00001b40        0xc ./Project_Settings/Startup_Code/startup.o
                0x00001b40                __init_user
 .text.__thumb_startup
                0x00001b4c       0x34 ./Project_Settings/Startup_Code/startup.o
                0x00001b4c                __thumb_startup
 .text.HWEnDi   0x00001b80       0x1c ./Generated_Code/AS1.o
 .text.AS1_ClearRxBuf
                0x00001b9c       0x78 ./Generated_Code/AS1.o
                0x00001b9c                AS1_ClearRxBuf
 .text.AS1_Init
                0x00001c14       0x60 ./Generated_Code/AS1.o
                0x00001c14                AS1_Init
 .text.ASerialLdd1_OnBlockReceived
                0x00001c74       0xcc ./Generated_Code/AS1.o
                0x00001c74                ASerialLdd1_OnBlockReceived
 .text.ASerialLdd1_OnBlockSent
                0x00001d40       0xd4 ./Generated_Code/AS1.o
                0x00001d40                ASerialLdd1_OnBlockSent
 .text.ASerialLdd1_OnError
                0x00001e14       0x9c ./Generated_Code/AS1.o
                0x00001e14                ASerialLdd1_OnError
 .text.ASerialLdd1_OnTxComplete
                0x00001eb0       0x14 ./Generated_Code/AS1.o
                0x00001eb0                ASerialLdd1_OnTxComplete
 .text.ASerialLdd1_OnBreak
                0x00001ec4       0x24 ./Generated_Code/AS1.o
                0x00001ec4                ASerialLdd1_OnBreak
 .text.ASerialLdd1_Init
                0x00001ee8      0x1c0 ./Generated_Code/ASerialLdd1.o
                0x00001ee8                ASerialLdd1_Init
 .text.ASerialLdd1_ReceiveBlock
                0x000020a8       0x90 ./Generated_Code/ASerialLdd1.o
                0x000020a8                ASerialLdd1_ReceiveBlock
 .text.ASerialLdd1_SendBlock
                0x00002138       0xbc ./Generated_Code/ASerialLdd1.o
                0x00002138                ASerialLdd1_SendBlock
 .text.InterruptRx
                0x000021f4       0x58 ./Generated_Code/ASerialLdd1.o
 .text.InterruptTx
                0x0000224c       0x9c ./Generated_Code/ASerialLdd1.o
 .text.ASerialLdd1_Interrupt
                0x000022e8      0x130 ./Generated_Code/ASerialLdd1.o
                0x000022e8                ASerialLdd1_Interrupt
 .text.ASerialLdd1_GetError
                0x00002418       0x70 ./Generated_Code/ASerialLdd1.o
                0x00002418                ASerialLdd1_GetError
 .text.BitIoLdd1_Init
                0x00002488       0x64 ./Generated_Code/BitIoLdd1.o
                0x00002488                BitIoLdd1_Init
 .text.BitIoLdd2_Init
                0x000024ec       0x64 ./Generated_Code/BitIoLdd2.o
                0x000024ec                BitIoLdd2_Init
 .text.BitIoLdd2_SetVal
                0x00002550       0x1c ./Generated_Code/BitIoLdd2.o
                0x00002550                BitIoLdd2_SetVal
 .text.BitIoLdd3_Init
                0x0000256c       0x64 ./Generated_Code/BitIoLdd3.o
                0x0000256c                BitIoLdd3_Init
 .text.BitIoLdd3_ClrVal
                0x000025d0       0x1c ./Generated_Code/BitIoLdd3.o
                0x000025d0                BitIoLdd3_ClrVal
 .text.BitIoLdd3_SetVal
                0x000025ec       0x1c ./Generated_Code/BitIoLdd3.o
                0x000025ec                BitIoLdd3_SetVal
 .text.BitIoLdd4_Init
                0x00002608       0x64 ./Generated_Code/BitIoLdd4.o
                0x00002608                BitIoLdd4_Init
 .text.BitIoLdd4_ClrVal
                0x0000266c       0x1c ./Generated_Code/BitIoLdd4.o
                0x0000266c                BitIoLdd4_ClrVal
 .text.BitIoLdd4_SetVal
                0x00002688       0x1c ./Generated_Code/BitIoLdd4.o
                0x00002688                BitIoLdd4_SetVal
 .text.BitIoLdd5_Init
                0x000026a4       0x64 ./Generated_Code/BitIoLdd5.o
                0x000026a4                BitIoLdd5_Init
 .text.BitIoLdd5_ClrVal
                0x00002708       0x1c ./Generated_Code/BitIoLdd5.o
                0x00002708                BitIoLdd5_ClrVal
 .text.BitIoLdd5_SetVal
                0x00002724       0x1c ./Generated_Code/BitIoLdd5.o
                0x00002724                BitIoLdd5_SetVal
 .text.BitIoLdd6_Init
                0x00002740       0x64 ./Generated_Code/BitIoLdd6.o
                0x00002740                BitIoLdd6_Init
 .text.BitIoLdd6_ClrVal
                0x000027a4       0x20 ./Generated_Code/BitIoLdd6.o
                0x000027a4                BitIoLdd6_ClrVal
 .text.BitIoLdd7_Init
                0x000027c4       0x64 ./Generated_Code/BitIoLdd7.o
                0x000027c4                BitIoLdd7_Init
 .text.BitIoLdd7_ClrVal
                0x00002828       0x1c ./Generated_Code/BitIoLdd7.o
                0x00002828                BitIoLdd7_ClrVal
 .text.BitIoLdd7_SetVal
                0x00002844       0x1c ./Generated_Code/BitIoLdd7.o
                0x00002844                BitIoLdd7_SetVal
 .text.Cpu_ivINT_PORTC
                0x00002860       0x30 ./Generated_Code/Cpu.o
                0x00002860                Cpu_ivINT_PORTC
 .text.Cpu_Interrupt
                0x00002890       0x18 ./Generated_Code/Cpu.o
                0x00002890                Cpu_Interrupt
 .text.__init_hardware
                0x000028a8      0x140 ./Generated_Code/Cpu.o
                0x000028a8                __init_hardware
 .text.Cpu_SetBASEPRI
                0x000029e8       0x18 ./Generated_Code/Cpu.o
                0x000029e8                Cpu_SetBASEPRI
 .text.PE_low_level_init
                0x00002a00      0x104 ./Generated_Code/Cpu.o
                0x00002a00                PE_low_level_init
 .text.ENCODER_Init
                0x00002b04       0xb0 ./Generated_Code/ENCODER.o
                0x00002b04                ENCODER_Init
 .text.ENCODER_Interrupt
                0x00002bb4       0x4c ./Generated_Code/ENCODER.o
                0x00002bb4                ENCODER_Interrupt
 .text.ExtIntLdd1_OnInterrupt
                0x00002c00       0x14 ./Generated_Code/ENCODER_PUSH.o
                0x00002c00                ExtIntLdd1_OnInterrupt
 .text.ExtIntLdd1_Init
                0x00002c14       0x80 ./Generated_Code/ExtIntLdd1.o
                0x00002c14                ExtIntLdd1_Init
 .text.ExtIntLdd1_Interrupt
                0x00002c94       0x3c ./Generated_Code/ExtIntLdd1.o
                0x00002c94                ExtIntLdd1_Interrupt
 .text.ExtIntLdd2_Init
                0x00002cd0       0x80 ./Generated_Code/ExtIntLdd2.o
                0x00002cd0                ExtIntLdd2_Init
 .text.ExtIntLdd2_Interrupt
                0x00002d50       0x3c ./Generated_Code/ExtIntLdd2.o
                0x00002d50                ExtIntLdd2_Interrupt
 .text.ExtIntLdd2_GetVal
                0x00002d8c       0x2c ./Generated_Code/ExtIntLdd2.o
                0x00002d8c                ExtIntLdd2_GetVal
 .text.ExtIntLdd3_Init
                0x00002db8       0x80 ./Generated_Code/ExtIntLdd3.o
                0x00002db8                ExtIntLdd3_Init
 .text.ExtIntLdd3_Interrupt
                0x00002e38       0x3c ./Generated_Code/ExtIntLdd3.o
                0x00002e38                ExtIntLdd3_Interrupt
 .text.ExtIntLdd3_GetVal
                0x00002e74       0x2c ./Generated_Code/ExtIntLdd3.o
                0x00002e74                ExtIntLdd3_GetVal
 .text.ExtIntLdd4_Init
                0x00002ea0       0x7c ./Generated_Code/ExtIntLdd4.o
                0x00002ea0                ExtIntLdd4_Init
 .text.ExtIntLdd4_Interrupt
                0x00002f1c       0x3c ./Generated_Code/ExtIntLdd4.o
                0x00002f1c                ExtIntLdd4_Interrupt
 .text.ExtIntLdd5_Init
                0x00002f58       0x7c ./Generated_Code/ExtIntLdd5.o
                0x00002f58                ExtIntLdd5_Init
 .text.ExtIntLdd5_Interrupt
                0x00002fd4       0x3c ./Generated_Code/ExtIntLdd5.o
                0x00002fd4                ExtIntLdd5_Interrupt
 .text.I2C0_SendChar
                0x00003010       0x2c ./Generated_Code/I2C0.o
                0x00003010                I2C0_SendChar
 .text.I2C0_SendBlock
                0x0000303c       0xc0 ./Generated_Code/I2C0.o
                0x0000303c                I2C0_SendBlock
 .text.I2C0_SelectSlave
                0x000030fc       0x34 ./Generated_Code/I2C0.o
                0x000030fc                I2C0_SelectSlave
 .text.I2C0_Init
                0x00003130       0x20 ./Generated_Code/I2C0.o
                0x00003130                I2C0_Init
 .text.IntI2cLdd1_OnMasterBlockSent
                0x00003150       0x14 ./Generated_Code/I2C0.o
                0x00003150                IntI2cLdd1_OnMasterBlockSent
 .text.IntI2cLdd1_OnMasterBlockReceived
                0x00003164       0x14 ./Generated_Code/I2C0.o
                0x00003164                IntI2cLdd1_OnMasterBlockReceived
 .text.IntI2cLdd1_OnError
                0x00003178       0x30 ./Generated_Code/I2C0.o
                0x00003178                IntI2cLdd1_OnError
 .text.IFsh1_Init
                0x000031a8       0x2c ./Generated_Code/IFsh1.o
                0x000031a8                IFsh1_Init
 .text.IntFlashLdd1_OnOperationComplete
                0x000031d4       0x4c ./Generated_Code/IFsh1.o
                0x000031d4                IntFlashLdd1_OnOperationComplete
 .text.IntFlashLdd1_OnError
                0x00003220       0x54 ./Generated_Code/IFsh1.o
                0x00003220                IntFlashLdd1_OnError
 .text.IntFlashLdd1_Init
                0x00003274       0xa4 ./Generated_Code/IntFlashLdd1.o
                0x00003274                IntFlashLdd1_Init
 .text.IntFlashLdd1_CommandCompleteInterrupt
                0x00003318      0x24c ./Generated_Code/IntFlashLdd1.o
                0x00003318                IntFlashLdd1_CommandCompleteInterrupt
 .text.IntFlashLdd1_GetError
                0x00003564       0x90 ./Generated_Code/IntFlashLdd1.o
                0x00003564                IntFlashLdd1_GetError
 .text.SafeRoutineCaller
                0x000035f4       0x94 ./Generated_Code/IntFlashLdd1.o
 .text.IntI2cLdd1_Interrupt
                0x00003688      0x2d4 ./Generated_Code/IntI2cLdd1.o
                0x00003688                IntI2cLdd1_Interrupt
 .text.IntI2cLdd1_Init
                0x0000395c      0x13c ./Generated_Code/IntI2cLdd1.o
                0x0000395c                IntI2cLdd1_Init
 .text.IntI2cLdd1_MasterSendBlock
                0x00003a98      0x190 ./Generated_Code/IntI2cLdd1.o
                0x00003a98                IntI2cLdd1_MasterSendBlock
 .text.IntI2cLdd1_SelectSlaveDevice
                0x00003c28       0xf0 ./Generated_Code/IntI2cLdd1.o
                0x00003c28                IntI2cLdd1_SelectSlaveDevice
 .text.IntI2cLdd1_GetError
                0x00003d18       0x70 ./Generated_Code/IntI2cLdd1.o
                0x00003d18                IntI2cLdd1_GetError
 .text.ExtIntLdd2_OnInterrupt
                0x00003d88       0x14 ./Generated_Code/LEVER_DIR1.o
                0x00003d88                ExtIntLdd2_OnInterrupt
 .text.ExtIntLdd3_OnInterrupt
                0x00003d9c       0x14 ./Generated_Code/LEVER_DIR2.o
                0x00003d9c                ExtIntLdd3_OnInterrupt
 .text.ExtIntLdd5_OnInterrupt
                0x00003db0       0x14 ./Generated_Code/PUSH_BUTTON_REC.o
                0x00003db0                ExtIntLdd5_OnInterrupt
 .text.ExtIntLdd4_OnInterrupt
                0x00003dc4       0x14 ./Generated_Code/PUSH_BUTTON_SEND.o
                0x00003dc4                ExtIntLdd4_OnInterrupt
 .text.T_100ms_Init
                0x00003dd8       0xb0 ./Generated_Code/T_100ms.o
                0x00003dd8                T_100ms_Init
 .text.T_100ms_Interrupt
                0x00003e88       0x6c ./Generated_Code/T_100ms.o
                0x00003e88                T_100ms_Interrupt
 .text.T_500ms_Init
                0x00003ef4       0xcc ./Generated_Code/T_500ms.o
                0x00003ef4                T_500ms_Init
 .text.T_500ms_Interrupt
                0x00003fc0       0x6c ./Generated_Code/T_500ms.o
                0x00003fc0                T_500ms_Interrupt
 .text.WAIT1_Wait10Cycles
                0x0000402c        0x8 ./Generated_Code/WAIT1.o
                0x0000402c                WAIT1_Wait10Cycles
 .text.WAIT1_Wait100Cycles
                0x00004034       0x1c ./Generated_Code/WAIT1.o
                0x00004034                WAIT1_Wait100Cycles
 .text.WAIT1_WaitCycles
                0x00004050       0x34 ./Generated_Code/WAIT1.o
                0x00004050                WAIT1_WaitCycles
 .text.WAIT1_WaitLongCycles
                0x00004084       0x38 ./Generated_Code/WAIT1.o
                0x00004084                WAIT1_WaitLongCycles
 .text.WAIT1_Waitms
                0x000040bc       0x2c ./Generated_Code/WAIT1.o
                0x000040bc                WAIT1_Waitms
 .text.abort    0x000040e8        0xe c:/freescale/kds_v3/toolchain/bin/../lib/gcc/arm-none-eabi/4.8.4/../../../../arm-none-eabi/lib/armv7e-m\libg_s.a(lib_a-abort.o)
                0x000040e8                abort
 *fill*         0x000040f6        0x2 
 .text.exit     0x000040f8       0x28 c:/freescale/kds_v3/toolchain/bin/../lib/gcc/arm-none-eabi/4.8.4/../../../../arm-none-eabi/lib/armv7e-m\libg_s.a(lib_a-exit.o)
                0x000040f8                exit
 .text.__libc_init_array
                0x00004120       0x4c c:/freescale/kds_v3/toolchain/bin/../lib/gcc/arm-none-eabi/4.8.4/../../../../arm-none-eabi/lib/armv7e-m\libg_s.a(lib_a-init.o)
                0x00004120                __libc_init_array
 .text.memcpy   0x0000416c       0x12 c:/freescale/kds_v3/toolchain/bin/../lib/gcc/arm-none-eabi/4.8.4/../../../../arm-none-eabi/lib/armv7e-m\libg_s.a(lib_a-memcpy-stub.o)
                0x0000416c                memcpy
 .text.memset   0x0000417e       0x10 c:/freescale/kds_v3/toolchain/bin/../lib/gcc/arm-none-eabi/4.8.4/../../../../arm-none-eabi/lib/armv7e-m\libg_s.a(lib_a-memset.o)
                0x0000417e                memset
 .text._raise_r
                0x0000418e       0x50 c:/freescale/kds_v3/toolchain/bin/../lib/gcc/arm-none-eabi/4.8.4/../../../../arm-none-eabi/lib/armv7e-m\libg_s.a(lib_a-signal.o)
                0x0000418e                _raise_r
 *fill*         0x000041de        0x2 
 .text.raise    0x000041e0       0x10 c:/freescale/kds_v3/toolchain/bin/../lib/gcc/arm-none-eabi/4.8.4/../../../../arm-none-eabi/lib/armv7e-m\libg_s.a(lib_a-signal.o)
                0x000041e0                raise
 .text._kill_r  0x000041f0       0x24 c:/freescale/kds_v3/toolchain/bin/../lib/gcc/arm-none-eabi/4.8.4/../../../../arm-none-eabi/lib/armv7e-m\libg_s.a(lib_a-signalr.o)
                0x000041f0                _kill_r
 .text._getpid_r
                0x00004214        0x4 c:/freescale/kds_v3/toolchain/bin/../lib/gcc/arm-none-eabi/4.8.4/../../../../arm-none-eabi/lib/armv7e-m\libg_s.a(lib_a-signalr.o)
                0x00004214                _getpid_r
 .text._getpid  0x00004218       0x10 c:/freescale/kds_v3/toolchain/bin/../lib/gcc/arm-none-eabi/4.8.4/../../../../arm-none-eabi/lib/armv7e-m\libnosys.a(getpid.o)
                0x00004218                _getpid
 .text._kill    0x00004228       0x10 c:/freescale/kds_v3/toolchain/bin/../lib/gcc/arm-none-eabi/4.8.4/../../../../arm-none-eabi/lib/armv7e-m\libnosys.a(kill.o)
                0x00004228                _kill
 .text._exit    0x00004238        0x4 c:/freescale/kds_v3/toolchain/bin/../lib/gcc/arm-none-eabi/4.8.4/../../../../arm-none-eabi/lib/armv7e-m\libnosys.a(_exit.o)
                0x00004238                _exit
 *(.rodata)
 .rodata        0x0000423c      0x1c0 ./Sources/protocol.o
 *(.rodata*)
 .rodata.SafeRoutine
                0x000043fc       0x30 ./Generated_Code/IntFlashLdd1.o
 .rodata.str1.1
                0x0000442c        0x2 c:/freescale/kds_v3/toolchain/bin/../lib/gcc/arm-none-eabi/4.8.4/../../../../arm-none-eabi/lib/armv7e-m\libg_s.a(lib_a-impure.o)
 *fill*         0x0000442e        0x2 
 .rodata._global_impure_ptr
                0x00004430        0x4 c:/freescale/kds_v3/toolchain/bin/../lib/gcc/arm-none-eabi/4.8.4/../../../../arm-none-eabi/lib/armv7e-m\libg_s.a(lib_a-impure.o)
                0x00004430                _global_impure_ptr
 *(.glue_7)
 .glue_7        0x00000000        0x0 linker stubs
 *(.glue_7t)
 .glue_7t       0x00000000        0x0 linker stubs
 *(.eh_frame)
 .eh_frame      0x00004434        0x0 c:/freescale/kds_v3/toolchain/bin/../lib/gcc/arm-none-eabi/4.8.4/armv7e-m/crtbegin.o
 *(.init)
 .init          0x00004434        0x4 c:/freescale/kds_v3/toolchain/bin/../lib/gcc/arm-none-eabi/4.8.4/armv7e-m/crti.o
                0x00004434                _init
 .init          0x00004438        0x8 c:/freescale/kds_v3/toolchain/bin/../lib/gcc/arm-none-eabi/4.8.4/armv7e-m/crtn.o
 *(.fini)
 .fini          0x00004440        0x4 c:/freescale/kds_v3/toolchain/bin/../lib/gcc/arm-none-eabi/4.8.4/armv7e-m/crti.o
                0x00004440                _fini
 .fini          0x00004444        0x8 c:/freescale/kds_v3/toolchain/bin/../lib/gcc/arm-none-eabi/4.8.4/armv7e-m/crtn.o
                0x0000444c                . = ALIGN (0x4)
                0x0000444c                _etext = .

.vfp11_veneer   0x0000444c        0x0
 .vfp11_veneer  0x00000000        0x0 linker stubs

.v4_bx          0x0000444c        0x0
 .v4_bx         0x00000000        0x0 linker stubs

.iplt           0x0000444c        0x0
 .iplt          0x00000000        0x0 c:/freescale/kds_v3/toolchain/bin/../lib/gcc/arm-none-eabi/4.8.4/armv7e-m/crtbegin.o

.ARM.extab      0x0000444c       0x30
 *(.ARM.extab* .gnu.linkonce.armextab.*)
 .ARM.extab.text.PCA9670_SendByte
                0x0000444c        0xc ./Sources/PCA9670.o
 .ARM.extab     0x00004458        0xc c:/freescale/kds_v3/toolchain/bin/../lib/gcc/arm-none-eabi/4.8.4/armv7e-m\libgcc.a(unwind-arm.o)
 .ARM.extab     0x00004464       0x18 c:/freescale/kds_v3/toolchain/bin/../lib/gcc/arm-none-eabi/4.8.4/armv7e-m\libgcc.a(pr-support.o)

.ARM            0x0000447c       0xe0
                0x0000447c                __exidx_start = .
 *(.ARM.exidx*)
 .ARM.exidx     0x0000447c        0x8 c:/freescale/kds_v3/toolchain/bin/../lib/gcc/arm-none-eabi/4.8.4/../../../../arm-none-eabi/lib/armv7e-m/crt0.o
 .ARM.exidx.text.LCD_Init
                0x00004544        0x8 ./Sources/LCD.o
 .ARM.exidx.text.PCA9670_Init
                0x0000454c        0x0 ./Sources/PCA9670.o
                                  0x8 (size before relaxing)
 .ARM.exidx.text.PCA9670_SendByte
                0x0000454c       0x10 ./Sources/PCA9670.o
                                  0x8 (size before relaxing)
 .ARM.exidx.text.msg_parse
                0x0000455c        0x0 ./Sources/protocol.o
                                  0x8 (size before relaxing)
 .ARM.exidx.text.msg_processing
                0x0000455c        0x0 ./Sources/protocol.o
                                  0x8 (size before relaxing)
 .ARM.exidx     0x00004484       0x88 c:/freescale/kds_v3/toolchain/bin/../lib/gcc/arm-none-eabi/4.8.4/armv7e-m\libgcc.a(unwind-arm.o)
                                 0xd8 (size before relaxing)
 .ARM.exidx     0x0000450c       0x38 c:/freescale/kds_v3/toolchain/bin/../lib/gcc/arm-none-eabi/4.8.4/armv7e-m\libgcc.a(pr-support.o)
                                 0x48 (size before relaxing)
                0x0000455c                __exidx_end = .

.rel.dyn        0x0000455c        0x0
 .rel.iplt      0x00000000        0x0 c:/freescale/kds_v3/toolchain/bin/../lib/gcc/arm-none-eabi/4.8.4/armv7e-m/crtbegin.o

.ctors          0x0000455c        0x0
                0x0000455c                __CTOR_LIST__ = .
 *crtbegin.o(.ctors)
 *(EXCLUDE_FILE(*crtend.o) .ctors)
 *(SORT(.ctors.*))
 *(.ctors)
                0x0000455c                __CTOR_END__ = .

.dtors          0x0000455c        0x0
                0x0000455c                __DTOR_LIST__ = .
 *crtbegin.o(.dtors)
 *(EXCLUDE_FILE(*crtend.o) .dtors)
 *(SORT(.dtors.*))
 *(.dtors)
                0x0000455c                __DTOR_END__ = .

.preinit_array  0x0000455c        0x0
                0x0000455c                PROVIDE (__preinit_array_start, .)
 *(.preinit_array*)
                0x0000455c                PROVIDE (__preinit_array_end, .)

.init_array     0x0000455c        0x4
                0x0000455c                PROVIDE (__init_array_start, .)
 *(SORT(.init_array.*))
 *(.init_array*)
 .init_array    0x0000455c        0x4 c:/freescale/kds_v3/toolchain/bin/../lib/gcc/arm-none-eabi/4.8.4/armv7e-m/crtbegin.o
                0x00004560                PROVIDE (__init_array_end, .)

.fini_array     0x00004560        0x4
                0x00004560                PROVIDE (__fini_array_start, .)
 *(SORT(.fini_array.*))
 *(.fini_array*)
 .fini_array    0x00004560        0x4 c:/freescale/kds_v3/toolchain/bin/../lib/gcc/arm-none-eabi/4.8.4/armv7e-m/crtbegin.o
                0x00004564                PROVIDE (__fini_array_end, .)
                0x00004564                ___ROM_AT = .

.data           0x1fff8000       0x74 load address 0x00004564
                0x1fff8000                . = ALIGN (0x4)
                0x1fff8000                _sdata = .
 *(.data)
 *(.data*)
 .data._ZL6Get_OK
                0x1fff8000        0x4 ./Sources/protocol.o
 .data._ZL7Get_ERR
                0x1fff8004        0x4 ./Sources/protocol.o
 .data._ZL6Set_OK
                0x1fff8008        0x4 ./Sources/protocol.o
 .data._ZL7Set_ERR
                0x1fff800c        0x4 ./Sources/protocol.o
 .data.impure_data
                0x1fff8010       0x60 c:/freescale/kds_v3/toolchain/bin/../lib/gcc/arm-none-eabi/4.8.4/../../../../arm-none-eabi/lib/armv7e-m\libg_s.a(lib_a-impure.o)
 .data._impure_ptr
                0x1fff8070        0x4 c:/freescale/kds_v3/toolchain/bin/../lib/gcc/arm-none-eabi/4.8.4/../../../../arm-none-eabi/lib/armv7e-m\libg_s.a(lib_a-impure.o)
                0x1fff8070                _impure_ptr
                0x1fff8074                . = ALIGN (0x4)
                0x1fff8074                _edata = .
                0x00000074                ___data_size = (_edata - _sdata)
                0x000045d8                ___m_data_20000000_ROMStart = (___ROM_AT + SIZEOF (.data))

.jcr            0x1fff8074        0x0 load address 0x000045d8
 .jcr           0x1fff8074        0x0 c:/freescale/kds_v3/toolchain/bin/../lib/gcc/arm-none-eabi/4.8.4/armv7e-m/crtbegin.o

.igot.plt       0x1fff8074        0x0 load address 0x000045d8
 .igot.plt      0x00000000        0x0 c:/freescale/kds_v3/toolchain/bin/../lib/gcc/arm-none-eabi/4.8.4/armv7e-m/crtbegin.o

.m_data_20000000
                0x20000000        0x0 load address 0x000045d8
                0x20000000                . = ALIGN (0x4)
                0x20000000                ___m_data_20000000_RAMStart = .
 *(.m_data_20000000)
                0x20000000                ___m_data_20000000_RAMEnd = .
                0x20000000                . = ALIGN (0x4)
                0x00000000                ___m_data_20000000_ROMSize = (___m_data_20000000_RAMEnd - ___m_data_20000000_RAMStart)
                0x20000000                . = ALIGN (0x4)

.bss            0x1fff8074      0x304 load address 0x000045d8
                0x1fff8074                __START_BSS = .
                0x1fff8074                PROVIDE (__bss_start__, __START_BSS)
 *(.bss)
 .bss           0x1fff8074       0x1c c:/freescale/kds_v3/toolchain/bin/../lib/gcc/arm-none-eabi/4.8.4/armv7e-m/crtbegin.o
 *(.bss*)
 .bss.LCD_flag  0x1fff8090        0x1 ./Sources/LCD.o
                0x1fff8090                LCD_flag
 *fill*         0x1fff8091        0x3 
 .bss.in_buffer
                0x1fff8094       0x80 ./Sources/protocol.o
                0x1fff8094                in_buffer
 .bss.cnt       0x1fff8114        0x1 ./Sources/protocol.o
                0x1fff8114                cnt
 .bss.FLAG_MSG_RCV
                0x1fff8115        0x1 ./Sources/protocol.o
                0x1fff8115                FLAG_MSG_RCV
 .bss.FLAG_MSG_ERR
                0x1fff8116        0x1 ./Sources/protocol.o
                0x1fff8116                FLAG_MSG_ERR
 .bss.FLAG_MSG_OK
                0x1fff8117        0x1 ./Sources/protocol.o
                0x1fff8117                FLAG_MSG_OK
 .bss.nb_data   0x1fff8118        0x4 ./Sources/protocol.o
                0x1fff8118                nb_data
 .bss.SerFlag   0x1fff811c        0x2 ./Generated_Code/AS1.o
 .bss.AS1_InpLen
                0x1fff811e        0x2 ./Generated_Code/AS1.o
 .bss.InpIndexR
                0x1fff8120        0x2 ./Generated_Code/AS1.o
 .bss.InpIndexW
                0x1fff8122        0x2 ./Generated_Code/AS1.o
 .bss.InpBuffer
                0x1fff8124       0x80 ./Generated_Code/AS1.o
 .bss.BufferRead
                0x1fff81a4        0x1 ./Generated_Code/AS1.o
 *fill*         0x1fff81a5        0x1 
 .bss.AS1_OutLen
                0x1fff81a6        0x2 ./Generated_Code/AS1.o
 .bss.OutIndexR
                0x1fff81a8        0x2 ./Generated_Code/AS1.o
 .bss.OutIndexW
                0x1fff81aa        0x2 ./Generated_Code/AS1.o
 .bss.OutBuffer
                0x1fff81ac       0x80 ./Generated_Code/AS1.o
 .bss.OnFreeTxBufSemaphore
                0x1fff822c        0x1 ./Generated_Code/AS1.o
 *fill*         0x1fff822d        0x3 
 .bss.DeviceDataPrv__DEFAULT_RTOS_ALLOC
                0x1fff8230       0x20 ./Generated_Code/ASerialLdd1.o
 .bss.INT_UART0_RX_TX__DEFAULT_RTOS_ISRPARAM
                0x1fff8250        0x4 ./Generated_Code/ASerialLdd1.o
 .bss.INT_UART0_ERR__DEFAULT_RTOS_ISRPARAM
                0x1fff8254        0x4 ./Generated_Code/ASerialLdd1.o
 .bss.DeviceDataPrv__DEFAULT_RTOS_ALLOC
                0x1fff8258        0x4 ./Generated_Code/BitIoLdd1.o
 .bss.DeviceDataPrv__DEFAULT_RTOS_ALLOC
                0x1fff825c        0x4 ./Generated_Code/BitIoLdd2.o
 .bss.DeviceDataPrv__DEFAULT_RTOS_ALLOC
                0x1fff8260        0x4 ./Generated_Code/BitIoLdd3.o
 .bss.DeviceDataPrv__DEFAULT_RTOS_ALLOC
                0x1fff8264        0x4 ./Generated_Code/BitIoLdd4.o
 .bss.DeviceDataPrv__DEFAULT_RTOS_ALLOC
                0x1fff8268        0x4 ./Generated_Code/BitIoLdd5.o
 .bss.DeviceDataPrv__DEFAULT_RTOS_ALLOC
                0x1fff826c        0x4 ./Generated_Code/BitIoLdd6.o
 .bss.DeviceDataPrv__DEFAULT_RTOS_ALLOC
                0x1fff8270        0x4 ./Generated_Code/BitIoLdd7.o
 .bss.SR_lock   0x1fff8274        0x1 ./Generated_Code/Cpu.o
                0x1fff8274                SR_lock
 *fill*         0x1fff8275        0x3 
 .bss.DeviceDataPrv__DEFAULT_RTOS_ALLOC
                0x1fff8278        0xc ./Generated_Code/ENCODER.o
 .bss.INT_PORTC__DEFAULT_RTOS_ISRPARAM
                0x1fff8284        0x4 ./Generated_Code/ENCODER.o
 .bss.DeviceDataPrv__DEFAULT_RTOS_ALLOC
                0x1fff8288        0x4 ./Generated_Code/ExtIntLdd1.o
 .bss.INT_PORTC__DEFAULT_RTOS_ISRPARAM
                0x1fff828c        0x4 ./Generated_Code/ExtIntLdd1.o
 .bss.DeviceDataPrv__DEFAULT_RTOS_ALLOC
                0x1fff8290        0x4 ./Generated_Code/ExtIntLdd2.o
 .bss.INT_PORTC__DEFAULT_RTOS_ISRPARAM
                0x1fff8294        0x4 ./Generated_Code/ExtIntLdd2.o
 .bss.DeviceDataPrv__DEFAULT_RTOS_ALLOC
                0x1fff8298        0x4 ./Generated_Code/ExtIntLdd3.o
 .bss.INT_PORTC__DEFAULT_RTOS_ISRPARAM
                0x1fff829c        0x4 ./Generated_Code/ExtIntLdd3.o
 .bss.DeviceDataPrv__DEFAULT_RTOS_ALLOC
                0x1fff82a0        0x4 ./Generated_Code/ExtIntLdd4.o
 .bss.INT_PORTC__DEFAULT_RTOS_ISRPARAM
                0x1fff82a4        0x4 ./Generated_Code/ExtIntLdd4.o
 .bss.DeviceDataPrv__DEFAULT_RTOS_ALLOC
                0x1fff82a8        0x4 ./Generated_Code/ExtIntLdd5.o
 .bss.INT_PORTC__DEFAULT_RTOS_ISRPARAM
                0x1fff82ac        0x4 ./Generated_Code/ExtIntLdd5.o
 .bss.OutLenM   0x1fff82b0        0x2 ./Generated_Code/I2C0.o
 .bss.ChrTemp   0x1fff82b2        0x1 ./Generated_Code/I2C0.o
 *fill*         0x1fff82b3        0x1 
 .bss.IFsh1_CurrentCommand
                0x1fff82b4        0x4 ./Generated_Code/IFsh1.o
 .bss.IFsh1_CmdResult
                0x1fff82b8        0x1 ./Generated_Code/IFsh1.o
 .bss.IFsh1_CmdPending
                0x1fff82b9        0x1 ./Generated_Code/IFsh1.o
 .bss.IFsh1_EnEvent
                0x1fff82ba        0x1 ./Generated_Code/IFsh1.o
 *fill*         0x1fff82bb        0x1 
 .bss.IntFlashLdd1_DevDataPtr
                0x1fff82bc        0x4 ./Generated_Code/IFsh1.o
 .bss.DeviceDataPrv__DEFAULT_RTOS_ALLOC
                0x1fff82c0       0x18 ./Generated_Code/IntFlashLdd1.o
 .bss.INT_FTFL__DEFAULT_RTOS_ISRPARAM
                0x1fff82d8        0x4 ./Generated_Code/IntFlashLdd1.o
 .bss.INT_Read_Collision__DEFAULT_RTOS_ISRPARAM
                0x1fff82dc        0x4 ./Generated_Code/IntFlashLdd1.o
 .bss.DeviceDataPrv__DEFAULT_RTOS_ALLOC
                0x1fff82e0       0x1c ./Generated_Code/IntI2cLdd1.o
 .bss.INT_I2C0__DEFAULT_RTOS_ISRPARAM
                0x1fff82fc        0x4 ./Generated_Code/IntI2cLdd1.o
 .bss.PE_LDD_DeviceDataList
                0x1fff8300       0x48 ./Generated_Code/PE_LDD.o
                0x1fff8300                PE_LDD_DeviceDataList
 .bss.DeviceDataPrv__DEFAULT_RTOS_ALLOC
                0x1fff8348        0xc ./Generated_Code/T_100ms.o
 .bss.INT_FTM1__DEFAULT_RTOS_ISRPARAM
                0x1fff8354        0x4 ./Generated_Code/T_100ms.o
 .bss.DeviceDataPrv__DEFAULT_RTOS_ALLOC
                0x1fff8358        0x8 ./Generated_Code/T_500ms.o
 .bss.INT_FTM0__DEFAULT_RTOS_ISRPARAM
                0x1fff8360        0x4 ./Generated_Code/T_500ms.o
 *(COMMON)
 COMMON         0x1fff8364        0x4 ./Generated_Code/AS1.o
                0x1fff8364                ASerialLdd1_DeviceDataPtr
 COMMON         0x1fff8368        0x1 ./Generated_Code/Cpu.o
                0x1fff8368                SR_reg
 *fill*         0x1fff8369        0x3 
 COMMON         0x1fff836c        0x8 ./Generated_Code/I2C0.o
                0x1fff836c                I2C0_SndRcvTemp
                0x1fff8370                IntI2cLdd1_DeviceDataPtr
 COMMON         0x1fff8374        0x4 c:/freescale/kds_v3/toolchain/bin/../lib/gcc/arm-none-eabi/4.8.4/../../../../arm-none-eabi/lib/armv7e-m\libg_s.a(lib_a-reent.o)
                0x1fff8374                errno
                0x1fff8378                . = ALIGN (0x4)
                0x1fff8378                __END_BSS = .
                0x1fff8378                PROVIDE (__bss_end__, __END_BSS)
                0x000045d8                _romp_at = ((___ROM_AT + SIZEOF (.data)) + SIZEOF (.m_data_20000000))

.romp           0x1fff8378       0x24 load address 0x000045d8
                0x000045d8                __S_romp = _romp_at
                0x1fff8378        0x4 LONG 0x4564 ___ROM_AT
                0x1fff837c        0x4 LONG 0x1fff8000 _sdata
                0x1fff8380        0x4 LONG 0x74 ___data_size
                0x1fff8384        0x4 LONG 0x45d8 ___m_data_20000000_ROMStart
                0x1fff8388        0x4 LONG 0x20000000 ___m_data_20000000_RAMStart
                0x1fff838c        0x4 LONG 0x0 ___m_data_20000000_ROMSize
                0x1fff8390        0x4 LONG 0x0
                0x1fff8394        0x4 LONG 0x0
                0x1fff8398        0x4 LONG 0x0
                0x00040000                text_end = (ORIGIN (m_text) + 0x3fbf0)
                0x000045fc                data_init_end = ((___m_data_20000000_ROMStart + SIZEOF (.m_data_20000000)) + SIZEOF (.romp))
                0x00000001                ASSERT ((data_init_end <= text_end), region m_text overflowed with text and data)

._user_heap_stack
                0x1fff839c      0x400 load address 0x000045fc
                0x1fff839c                . = ALIGN (0x4)
                0x1fff839c                PROVIDE (end, .)
                0x1fff839c                PROVIDE (_end, .)
                0x1fff839c                PROVIDE (__end__, .)
                0x1fff839c                __heap_addr = .
                0x1fff839c                __HeapBase = .
                0x1fff839c                . = (. + __heap_size)
                0x1fff839c                __HeapLimit = .
                0x1fff879c                . = (. + __stack_size)
 *fill*         0x1fff839c      0x400 
                0x1fff879c                . = ALIGN (0x4)

.ARM.attributes
                0x00000000       0x2a
 *(.ARM.attributes)
 .ARM.attributes
                0x00000000       0x1e c:/freescale/kds_v3/toolchain/bin/../lib/gcc/arm-none-eabi/4.8.4/armv7e-m/crti.o
 .ARM.attributes
                0x0000001e       0x2e c:/freescale/kds_v3/toolchain/bin/../lib/gcc/arm-none-eabi/4.8.4/armv7e-m/crtbegin.o
 .ARM.attributes
                0x0000004c       0x1c c:/freescale/kds_v3/toolchain/bin/../lib/gcc/arm-none-eabi/4.8.4/../../../../arm-none-eabi/lib/armv7e-m/crt0.o
 .ARM.attributes
                0x00000068       0x33 ./Sources/Events.o
 .ARM.attributes
                0x0000009b       0x33 ./Sources/LCD.o
 .ARM.attributes
                0x000000ce       0x33 ./Sources/PCA9670.o
 .ARM.attributes
                0x00000101       0x33 ./Sources/main.o
 .ARM.attributes
                0x00000134       0x33 ./Sources/protocol.o
 .ARM.attributes
                0x00000167       0x33 ./Project_Settings/Startup_Code/startup.o
 .ARM.attributes
                0x0000019a       0x33 ./Generated_Code/AS1.o
 .ARM.attributes
                0x000001cd       0x33 ./Generated_Code/ASerialLdd1.o
 .ARM.attributes
                0x00000200       0x33 ./Generated_Code/BitIoLdd1.o
 .ARM.attributes
                0x00000233       0x33 ./Generated_Code/BitIoLdd2.o
 .ARM.attributes
                0x00000266       0x33 ./Generated_Code/BitIoLdd3.o
 .ARM.attributes
                0x00000299       0x33 ./Generated_Code/BitIoLdd4.o
 .ARM.attributes
                0x000002cc       0x33 ./Generated_Code/BitIoLdd5.o
 .ARM.attributes
                0x000002ff       0x33 ./Generated_Code/BitIoLdd6.o
 .ARM.attributes
                0x00000332       0x33 ./Generated_Code/BitIoLdd7.o
 .ARM.attributes
                0x00000365       0x33 ./Generated_Code/Cpu.o
 .ARM.attributes
                0x00000398       0x33 ./Generated_Code/ENCODER.o
 .ARM.attributes
                0x000003cb       0x33 ./Generated_Code/ENCODER_PUSH.o
 .ARM.attributes
                0x000003fe       0x33 ./Generated_Code/ExtIntLdd1.o
 .ARM.attributes
                0x00000431       0x33 ./Generated_Code/ExtIntLdd2.o
 .ARM.attributes
                0x00000464       0x33 ./Generated_Code/ExtIntLdd3.o
 .ARM.attributes
                0x00000497       0x33 ./Generated_Code/ExtIntLdd4.o
 .ARM.attributes
                0x000004ca       0x33 ./Generated_Code/ExtIntLdd5.o
 .ARM.attributes
                0x000004fd       0x33 ./Generated_Code/I2C0.o
 .ARM.attributes
                0x00000530       0x33 ./Generated_Code/IFsh1.o
 .ARM.attributes
                0x00000563       0x33 ./Generated_Code/IntFlashLdd1.o
 .ARM.attributes
                0x00000596       0x33 ./Generated_Code/IntI2cLdd1.o
 .ARM.attributes
                0x000005c9       0x33 ./Generated_Code/LEVER_DIR1.o
 .ARM.attributes
                0x000005fc       0x33 ./Generated_Code/LEVER_DIR2.o
 .ARM.attributes
                0x0000062f       0x33 ./Generated_Code/PE_LDD.o
 .ARM.attributes
                0x00000662       0x33 ./Generated_Code/PUSH_BUTTON_REC.o
 .ARM.attributes
                0x00000695       0x33 ./Generated_Code/PUSH_BUTTON_SEND.o
 .ARM.attributes
                0x000006c8       0x33 ./Generated_Code/T_100ms.o
 .ARM.attributes
                0x000006fb       0x33 ./Generated_Code/T_500ms.o
 .ARM.attributes
                0x0000072e       0x33 ./Generated_Code/Vectors.o
 .ARM.attributes
                0x00000761       0x33 ./Generated_Code/WAIT1.o
 .ARM.attributes
                0x00000794       0x2e c:/freescale/kds_v3/toolchain/bin/../lib/gcc/arm-none-eabi/4.8.4/../../../../arm-none-eabi/lib/armv7e-m\libg_s.a(lib_a-exit.o)
 .ARM.attributes
                0x000007c2       0x2e c:/freescale/kds_v3/toolchain/bin/../lib/gcc/arm-none-eabi/4.8.4/../../../../arm-none-eabi/lib/armv7e-m\libg_s.a(lib_a-impure.o)
 .ARM.attributes
                0x000007f0       0x2e c:/freescale/kds_v3/toolchain/bin/../lib/gcc/arm-none-eabi/4.8.4/../../../../arm-none-eabi/lib/armv7e-m\libg_s.a(lib_a-init.o)
 .ARM.attributes
                0x0000081e       0x2e c:/freescale/kds_v3/toolchain/bin/../lib/gcc/arm-none-eabi/4.8.4/../../../../arm-none-eabi/lib/armv7e-m\libg_s.a(lib_a-memset.o)
 .ARM.attributes
                0x0000084c       0x1c c:/freescale/kds_v3/toolchain/bin/../lib/gcc/arm-none-eabi/4.8.4/../../../../arm-none-eabi/lib/armv7e-m\libg_s.a(lib_a-strcmp.o)
 .ARM.attributes
                0x00000868       0x2e c:/freescale/kds_v3/toolchain/bin/../lib/gcc/arm-none-eabi/4.8.4/../../../../arm-none-eabi/lib/armv7e-m\libnosys.a(_exit.o)
 .ARM.attributes
                0x00000896       0x1e c:/freescale/kds_v3/toolchain/bin/../lib/gcc/arm-none-eabi/4.8.4/armv7e-m/crtn.o
OUTPUT(varmo_lite.elf elf32-littlearm)

.debug_info     0x00000000     0x9583
 .debug_info    0x00000000      0x599 ./Sources/Events.o
 .debug_info    0x00000599      0x223 ./Sources/LCD.o
 .debug_info    0x000007bc      0x113 ./Sources/PCA9670.o
 .debug_info    0x000008cf      0x425 ./Sources/main.o
 .debug_info    0x00000cf4      0x5f3 ./Sources/protocol.o
 .debug_info    0x000012e7      0x20a ./Project_Settings/Startup_Code/startup.o
 .debug_info    0x000014f1      0x52b ./Generated_Code/AS1.o
 .debug_info    0x00001a1c      0x9dc ./Generated_Code/ASerialLdd1.o
 .debug_info    0x000023f8      0x377 ./Generated_Code/BitIoLdd1.o
 .debug_info    0x0000276f      0x377 ./Generated_Code/BitIoLdd2.o
 .debug_info    0x00002ae6      0x377 ./Generated_Code/BitIoLdd3.o
 .debug_info    0x00002e5d      0x377 ./Generated_Code/BitIoLdd4.o
 .debug_info    0x000031d4      0x377 ./Generated_Code/BitIoLdd5.o
 .debug_info    0x0000354b      0x377 ./Generated_Code/BitIoLdd6.o
 .debug_info    0x000038c2      0x351 ./Generated_Code/BitIoLdd7.o
 .debug_info    0x00003c13      0xa70 ./Generated_Code/Cpu.o
 .debug_info    0x00004683      0x647 ./Generated_Code/ENCODER.o
 .debug_info    0x00004cca       0xb2 ./Generated_Code/ENCODER_PUSH.o
 .debug_info    0x00004d7c      0x43c ./Generated_Code/ExtIntLdd1.o
 .debug_info    0x000051b8      0x43c ./Generated_Code/ExtIntLdd2.o
 .debug_info    0x000055f4      0x43c ./Generated_Code/ExtIntLdd3.o
 .debug_info    0x00005a30      0x43c ./Generated_Code/ExtIntLdd4.o
 .debug_info    0x00005e6c      0x43c ./Generated_Code/ExtIntLdd5.o
 .debug_info    0x000062a8      0x3a1 ./Generated_Code/I2C0.o
 .debug_info    0x00006649      0x438 ./Generated_Code/IFsh1.o
 .debug_info    0x00006a81      0xca0 ./Generated_Code/IntFlashLdd1.o
 .debug_info    0x00007721      0x9e5 ./Generated_Code/IntI2cLdd1.o
 .debug_info    0x00008106       0xb2 ./Generated_Code/LEVER_DIR1.o
 .debug_info    0x000081b8       0xb2 ./Generated_Code/LEVER_DIR2.o
 .debug_info    0x0000826a      0x24d ./Generated_Code/PE_LDD.o
 .debug_info    0x000084b7       0xb2 ./Generated_Code/PUSH_BUTTON_REC.o
 .debug_info    0x00008569       0xb2 ./Generated_Code/PUSH_BUTTON_SEND.o
 .debug_info    0x0000861b      0x6c8 ./Generated_Code/T_100ms.o
 .debug_info    0x00008ce3      0x63b ./Generated_Code/T_500ms.o
 .debug_info    0x0000931e      0x116 ./Generated_Code/Vectors.o
 .debug_info    0x00009434      0x14f ./Generated_Code/WAIT1.o

.debug_abbrev   0x00000000     0x2cb5
 .debug_abbrev  0x00000000      0x204 ./Sources/Events.o
 .debug_abbrev  0x00000204       0xf3 ./Sources/LCD.o
 .debug_abbrev  0x000002f7       0xaa ./Sources/PCA9670.o
 .debug_abbrev  0x000003a1      0x13f ./Sources/main.o
 .debug_abbrev  0x000004e0      0x1ad ./Sources/protocol.o
 .debug_abbrev  0x0000068d      0x11e ./Project_Settings/Startup_Code/startup.o
 .debug_abbrev  0x000007ab      0x1d6 ./Generated_Code/AS1.o
 .debug_abbrev  0x00000981      0x1db ./Generated_Code/ASerialLdd1.o
 .debug_abbrev  0x00000b5c      0x15f ./Generated_Code/BitIoLdd1.o
 .debug_abbrev  0x00000cbb      0x15f ./Generated_Code/BitIoLdd2.o
 .debug_abbrev  0x00000e1a      0x15f ./Generated_Code/BitIoLdd3.o
 .debug_abbrev  0x00000f79      0x15f ./Generated_Code/BitIoLdd4.o
 .debug_abbrev  0x000010d8      0x15f ./Generated_Code/BitIoLdd5.o
 .debug_abbrev  0x00001237      0x15f ./Generated_Code/BitIoLdd6.o
 .debug_abbrev  0x00001396      0x136 ./Generated_Code/BitIoLdd7.o
 .debug_abbrev  0x000014cc      0x178 ./Generated_Code/Cpu.o
 .debug_abbrev  0x00001644      0x1ba ./Generated_Code/ENCODER.o
 .debug_abbrev  0x000017fe       0x68 ./Generated_Code/ENCODER_PUSH.o
 .debug_abbrev  0x00001866      0x15d ./Generated_Code/ExtIntLdd1.o
 .debug_abbrev  0x000019c3      0x15d ./Generated_Code/ExtIntLdd2.o
 .debug_abbrev  0x00001b20      0x15d ./Generated_Code/ExtIntLdd3.o
 .debug_abbrev  0x00001c7d      0x15d ./Generated_Code/ExtIntLdd4.o
 .debug_abbrev  0x00001dda      0x15d ./Generated_Code/ExtIntLdd5.o
 .debug_abbrev  0x00001f37      0x179 ./Generated_Code/I2C0.o
 .debug_abbrev  0x000020b0      0x15c ./Generated_Code/IFsh1.o
 .debug_abbrev  0x0000220c      0x239 ./Generated_Code/IntFlashLdd1.o
 .debug_abbrev  0x00002445      0x18b ./Generated_Code/IntI2cLdd1.o
 .debug_abbrev  0x000025d0       0x68 ./Generated_Code/LEVER_DIR1.o
 .debug_abbrev  0x00002638       0x68 ./Generated_Code/LEVER_DIR2.o
 .debug_abbrev  0x000026a0      0x10d ./Generated_Code/PE_LDD.o
 .debug_abbrev  0x000027ad       0x68 ./Generated_Code/PUSH_BUTTON_REC.o
 .debug_abbrev  0x00002815       0x68 ./Generated_Code/PUSH_BUTTON_SEND.o
 .debug_abbrev  0x0000287d      0x179 ./Generated_Code/T_100ms.o
 .debug_abbrev  0x000029f6      0x16a ./Generated_Code/T_500ms.o
 .debug_abbrev  0x00002b60       0xa4 ./Generated_Code/Vectors.o
 .debug_abbrev  0x00002c04       0xb1 ./Generated_Code/WAIT1.o

.debug_aranges  0x00000000      0x968
 .debug_aranges
                0x00000000       0xb0 ./Sources/Events.o
 .debug_aranges
                0x000000b0       0x60 ./Sources/LCD.o
 .debug_aranges
                0x00000110       0x28 ./Sources/PCA9670.o
 .debug_aranges
                0x00000138       0x20 ./Sources/main.o
 .debug_aranges
                0x00000158       0x48 ./Sources/protocol.o
 .debug_aranges
                0x000001a0       0x50 ./Project_Settings/Startup_Code/startup.o
 .debug_aranges
                0x000001f0       0x90 ./Generated_Code/AS1.o
 .debug_aranges
                0x00000280       0x50 ./Generated_Code/ASerialLdd1.o
 .debug_aranges
                0x000002d0       0x48 ./Generated_Code/BitIoLdd1.o
 .debug_aranges
                0x00000318       0x48 ./Generated_Code/BitIoLdd2.o
 .debug_aranges
                0x00000360       0x48 ./Generated_Code/BitIoLdd3.o
 .debug_aranges
                0x000003a8       0x48 ./Generated_Code/BitIoLdd4.o
 .debug_aranges
                0x000003f0       0x48 ./Generated_Code/BitIoLdd5.o
 .debug_aranges
                0x00000438       0x48 ./Generated_Code/BitIoLdd6.o
 .debug_aranges
                0x00000480       0x40 ./Generated_Code/BitIoLdd7.o
 .debug_aranges
                0x000004c0       0x40 ./Generated_Code/Cpu.o
 .debug_aranges
                0x00000500       0x60 ./Generated_Code/ENCODER.o
 .debug_aranges
                0x00000560       0x20 ./Generated_Code/ENCODER_PUSH.o
 .debug_aranges
                0x00000580       0x30 ./Generated_Code/ExtIntLdd1.o
 .debug_aranges
                0x000005b0       0x30 ./Generated_Code/ExtIntLdd2.o
 .debug_aranges
                0x000005e0       0x30 ./Generated_Code/ExtIntLdd3.o
 .debug_aranges
                0x00000610       0x30 ./Generated_Code/ExtIntLdd4.o
 .debug_aranges
                0x00000640       0x30 ./Generated_Code/ExtIntLdd5.o
 .debug_aranges
                0x00000670       0x68 ./Generated_Code/I2C0.o
 .debug_aranges
                0x000006d8       0x60 ./Generated_Code/IFsh1.o
 .debug_aranges
                0x00000738       0x68 ./Generated_Code/IntFlashLdd1.o
 .debug_aranges
                0x000007a0       0x60 ./Generated_Code/IntI2cLdd1.o
 .debug_aranges
                0x00000800       0x20 ./Generated_Code/LEVER_DIR1.o
 .debug_aranges
                0x00000820       0x20 ./Generated_Code/LEVER_DIR2.o
 .debug_aranges
                0x00000840       0x30 ./Generated_Code/PE_LDD.o
 .debug_aranges
                0x00000870       0x20 ./Generated_Code/PUSH_BUTTON_REC.o
 .debug_aranges
                0x00000890       0x20 ./Generated_Code/PUSH_BUTTON_SEND.o
 .debug_aranges
                0x000008b0       0x38 ./Generated_Code/T_100ms.o
 .debug_aranges
                0x000008e8       0x28 ./Generated_Code/T_500ms.o
 .debug_aranges
                0x00000910       0x18 ./Generated_Code/Vectors.o
 .debug_aranges
                0x00000928       0x40 ./Generated_Code/WAIT1.o

.debug_ranges   0x00000000      0x720
 .debug_ranges  0x00000000       0xa0 ./Sources/Events.o
 .debug_ranges  0x000000a0       0x50 ./Sources/LCD.o
 .debug_ranges  0x000000f0       0x18 ./Sources/PCA9670.o
 .debug_ranges  0x00000108       0x10 ./Sources/main.o
 .debug_ranges  0x00000118       0x38 ./Sources/protocol.o
 .debug_ranges  0x00000150       0x40 ./Project_Settings/Startup_Code/startup.o
 .debug_ranges  0x00000190       0x80 ./Generated_Code/AS1.o
 .debug_ranges  0x00000210       0x40 ./Generated_Code/ASerialLdd1.o
 .debug_ranges  0x00000250       0x38 ./Generated_Code/BitIoLdd1.o
 .debug_ranges  0x00000288       0x38 ./Generated_Code/BitIoLdd2.o
 .debug_ranges  0x000002c0       0x38 ./Generated_Code/BitIoLdd3.o
 .debug_ranges  0x000002f8       0x38 ./Generated_Code/BitIoLdd4.o
 .debug_ranges  0x00000330       0x38 ./Generated_Code/BitIoLdd5.o
 .debug_ranges  0x00000368       0x38 ./Generated_Code/BitIoLdd6.o
 .debug_ranges  0x000003a0       0x30 ./Generated_Code/BitIoLdd7.o
 .debug_ranges  0x000003d0       0x30 ./Generated_Code/Cpu.o
 .debug_ranges  0x00000400       0x50 ./Generated_Code/ENCODER.o
 .debug_ranges  0x00000450       0x10 ./Generated_Code/ENCODER_PUSH.o
 .debug_ranges  0x00000460       0x20 ./Generated_Code/ExtIntLdd1.o
 .debug_ranges  0x00000480       0x20 ./Generated_Code/ExtIntLdd2.o
 .debug_ranges  0x000004a0       0x20 ./Generated_Code/ExtIntLdd3.o
 .debug_ranges  0x000004c0       0x20 ./Generated_Code/ExtIntLdd4.o
 .debug_ranges  0x000004e0       0x20 ./Generated_Code/ExtIntLdd5.o
 .debug_ranges  0x00000500       0x58 ./Generated_Code/I2C0.o
 .debug_ranges  0x00000558       0x50 ./Generated_Code/IFsh1.o
 .debug_ranges  0x000005a8       0x58 ./Generated_Code/IntFlashLdd1.o
 .debug_ranges  0x00000600       0x50 ./Generated_Code/IntI2cLdd1.o
 .debug_ranges  0x00000650       0x10 ./Generated_Code/LEVER_DIR1.o
 .debug_ranges  0x00000660       0x10 ./Generated_Code/LEVER_DIR2.o
 .debug_ranges  0x00000670       0x20 ./Generated_Code/PE_LDD.o
 .debug_ranges  0x00000690       0x10 ./Generated_Code/PUSH_BUTTON_REC.o
 .debug_ranges  0x000006a0       0x10 ./Generated_Code/PUSH_BUTTON_SEND.o
 .debug_ranges  0x000006b0       0x28 ./Generated_Code/T_100ms.o
 .debug_ranges  0x000006d8       0x18 ./Generated_Code/T_500ms.o
 .debug_ranges  0x000006f0       0x30 ./Generated_Code/WAIT1.o

.debug_macro    0x00000000    0x263b7
 .debug_macro   0x00000000      0x414 ./Sources/Events.o
 .debug_macro   0x00000414      0x84a ./Sources/Events.o
 .debug_macro   0x00000c5e       0x16 ./Sources/Events.o
 .debug_macro   0x00000c74       0x44 ./Sources/Events.o
 .debug_macro   0x00000cb8      0x209 ./Sources/Events.o
 .debug_macro   0x00000ec1     0x182b ./Sources/Events.o
 .debug_macro   0x000026ec      0x14e ./Sources/Events.o
 .debug_macro   0x0000283a       0x6a ./Sources/Events.o
 .debug_macro   0x000028a4     0xd4f6 ./Sources/Events.o
 .debug_macro   0x0000fd9a       0x94 ./Sources/Events.o
 .debug_macro   0x0000fe2e       0x94 ./Sources/Events.o
 .debug_macro   0x0000fec2      0x12c ./Sources/Events.o
 .debug_macro   0x0000ffee       0x46 ./Sources/Events.o
 .debug_macro   0x00010034       0x26 ./Sources/Events.o
 .debug_macro   0x0001005a      0x6a6 ./Sources/Events.o
 .debug_macro   0x00010700       0x51 ./Sources/Events.o
 .debug_macro   0x00010751       0x4c ./Sources/Events.o
 .debug_macro   0x0001079d       0x26 ./Sources/Events.o
 .debug_macro   0x000107c3       0x4c ./Sources/Events.o
 .debug_macro   0x0001080f       0x26 ./Sources/Events.o
 .debug_macro   0x00010835       0x4c ./Sources/Events.o
 .debug_macro   0x00010881       0x26 ./Sources/Events.o
 .debug_macro   0x000108a7       0x4c ./Sources/Events.o
 .debug_macro   0x000108f3       0x26 ./Sources/Events.o
 .debug_macro   0x00010919      0x4ea ./Sources/Events.o
 .debug_macro   0x00010e03       0xa5 ./Sources/Events.o
 .debug_macro   0x00010ea8       0x34 ./Sources/Events.o
 .debug_macro   0x00010edc       0x34 ./Sources/Events.o
 .debug_macro   0x00010f10       0x34 ./Sources/Events.o
 .debug_macro   0x00010f44       0x67 ./Sources/Events.o
 .debug_macro   0x00010fab       0x5f ./Sources/Events.o
 .debug_macro   0x0001100a       0x12 ./Sources/Events.o
 .debug_macro   0x0001101c       0x34 ./Sources/Events.o
 .debug_macro   0x00011050       0x34 ./Sources/Events.o
 .debug_macro   0x00011084       0x6c ./Sources/Events.o
 .debug_macro   0x000110f0       0x20 ./Sources/Events.o
 .debug_macro   0x00011110      0x512 ./Sources/Events.o
 .debug_macro   0x00011622      0x1f9 ./Sources/Events.o
 .debug_macro   0x0001181b       0xd1 ./Sources/Events.o
 .debug_macro   0x000118ec       0x1f ./Sources/Events.o
 .debug_macro   0x0001190b       0x4c ./Sources/Events.o
 .debug_macro   0x00011957       0x26 ./Sources/Events.o
 .debug_macro   0x0001197d       0x22 ./Sources/Events.o
 .debug_macro   0x0001199f       0x22 ./Sources/Events.o
 .debug_macro   0x000119c1       0x37 ./Sources/Events.o
 .debug_macro   0x000119f8       0x46 ./Sources/Events.o
 .debug_macro   0x00011a3e       0x1f ./Sources/Events.o
 .debug_macro   0x00011a5d       0x2e ./Sources/Events.o
 .debug_macro   0x00011a8b       0x58 ./Sources/Events.o
 .debug_macro   0x00011ae3       0x35 ./Sources/Events.o
 .debug_macro   0x00011b18       0xa3 ./Sources/Events.o
 .debug_macro   0x00011bbb       0x16 ./Sources/Events.o
 .debug_macro   0x00011bd1       0x97 ./Sources/Events.o
 .debug_macro   0x00011c68       0x10 ./Sources/Events.o
 .debug_macro   0x00011c78       0xef ./Sources/Events.o
 .debug_macro   0x00011d67       0x52 ./Sources/Events.o
 .debug_macro   0x00011db9       0x16 ./Sources/Events.o
 .debug_macro   0x00011dcf       0x43 ./Sources/Events.o
 .debug_macro   0x00011e12      0x180 ./Sources/Events.o
 .debug_macro   0x00011f92       0x10 ./Sources/Events.o
 .debug_macro   0x00011fa2       0x22 ./Sources/Events.o
 .debug_macro   0x00011fc4       0xbd ./Sources/Events.o
 .debug_macro   0x00012081       0x16 ./Sources/Events.o
 .debug_macro   0x00012097      0x14a ./Sources/Events.o
 .debug_macro   0x000121e1      0x2a6 ./Sources/Events.o
 .debug_macro   0x00012487       0x10 ./Sources/Events.o
 .debug_macro   0x00012497       0x35 ./Sources/Events.o
 .debug_macro   0x000124cc       0x52 ./Sources/Events.o
 .debug_macro   0x0001251e      0x1ed ./Sources/LCD.o
 .debug_macro   0x0001270b      0x86e ./Sources/LCD.o
 .debug_macro   0x00012f79       0x1c ./Sources/LCD.o
 .debug_macro   0x00012f95       0x9a ./Sources/LCD.o
 .debug_macro   0x0001302f       0x58 ./Sources/LCD.o
 .debug_macro   0x00013087       0x46 ./Sources/LCD.o
 .debug_macro   0x000130cd       0x28 ./Sources/LCD.o
 .debug_macro   0x000130f5      0x143 ./Sources/PCA9670.o
 .debug_macro   0x00013238      0x449 ./Sources/main.o
 .debug_macro   0x00013681       0x16 ./Sources/main.o
 .debug_macro   0x00013697       0x22 ./Sources/main.o
 .debug_macro   0x000136b9      0x1e0 ./Sources/protocol.o
 .debug_macro   0x00013899       0x46 ./Sources/protocol.o
 .debug_macro   0x000138df      0x121 ./Project_Settings/Startup_Code/startup.o
 .debug_macro   0x00013a00      0x166 ./Project_Settings/Startup_Code/startup.o
 .debug_macro   0x00013b66       0x10 ./Project_Settings/Startup_Code/startup.o
 .debug_macro   0x00013b76      0x20f ./Project_Settings/Startup_Code/startup.o
 .debug_macro   0x00013d85     0xd4ea ./Project_Settings/Startup_Code/startup.o
 .debug_macro   0x0002126f      0x374 ./Generated_Code/AS1.o
 .debug_macro   0x000215e3       0x66 ./Generated_Code/AS1.o
 .debug_macro   0x00021649       0xc5 ./Generated_Code/ASerialLdd1.o
 .debug_macro   0x0002170e       0x26 ./Generated_Code/ASerialLdd1.o
 .debug_macro   0x00021734      0x7ab ./Generated_Code/ASerialLdd1.o
 .debug_macro   0x00021edf      0x9f0 ./Generated_Code/ASerialLdd1.o
 .debug_macro   0x000228cf       0xa6 ./Generated_Code/BitIoLdd1.o
 .debug_macro   0x00022975       0xa6 ./Generated_Code/BitIoLdd2.o
 .debug_macro   0x00022a1b       0xa6 ./Generated_Code/BitIoLdd3.o
 .debug_macro   0x00022ac1       0xa6 ./Generated_Code/BitIoLdd4.o
 .debug_macro   0x00022b67       0x46 ./Generated_Code/BitIoLdd4.o
 .debug_macro   0x00022bad       0xa6 ./Generated_Code/BitIoLdd5.o
 .debug_macro   0x00022c53       0x46 ./Generated_Code/BitIoLdd5.o
 .debug_macro   0x00022c99       0xa6 ./Generated_Code/BitIoLdd6.o
 .debug_macro   0x00022d3f       0x46 ./Generated_Code/BitIoLdd6.o
 .debug_macro   0x00022d85       0xa6 ./Generated_Code/BitIoLdd7.o
 .debug_macro   0x00022e2b       0x40 ./Generated_Code/BitIoLdd7.o
 .debug_macro   0x00022e6b      0x341 ./Generated_Code/Cpu.o
 .debug_macro   0x000231ac       0x3d ./Generated_Code/Cpu.o
 .debug_macro   0x000231e9      0x2e9 ./Generated_Code/ENCODER.o
 .debug_macro   0x000234d2      0x2e5 ./Generated_Code/ENCODER_PUSH.o
 .debug_macro   0x000237b7       0xbf ./Generated_Code/ExtIntLdd1.o
 .debug_macro   0x00023876       0x2e ./Generated_Code/ExtIntLdd1.o
 .debug_macro   0x000238a4       0xbf ./Generated_Code/ExtIntLdd2.o
 .debug_macro   0x00023963       0x2e ./Generated_Code/ExtIntLdd2.o
 .debug_macro   0x00023991       0xbf ./Generated_Code/ExtIntLdd3.o
 .debug_macro   0x00023a50       0x2e ./Generated_Code/ExtIntLdd3.o
 .debug_macro   0x00023a7e       0xbf ./Generated_Code/ExtIntLdd4.o
 .debug_macro   0x00023b3d       0x2e ./Generated_Code/ExtIntLdd4.o
 .debug_macro   0x00023b6b       0xbf ./Generated_Code/ExtIntLdd5.o
 .debug_macro   0x00023c2a       0x2e ./Generated_Code/ExtIntLdd5.o
 .debug_macro   0x00023c58      0x2e7 ./Generated_Code/I2C0.o
 .debug_macro   0x00023f3f      0x342 ./Generated_Code/IFsh1.o
 .debug_macro   0x00024281       0xf4 ./Generated_Code/IntFlashLdd1.o
 .debug_macro   0x00024375       0xfa ./Generated_Code/IntI2cLdd1.o
 .debug_macro   0x0002446f      0x4e4 ./Generated_Code/IntI2cLdd1.o
 .debug_macro   0x00024953      0x29c ./Generated_Code/IntI2cLdd1.o
 .debug_macro   0x00024bef      0x2e5 ./Generated_Code/LEVER_DIR1.o
 .debug_macro   0x00024ed4      0x2e5 ./Generated_Code/LEVER_DIR2.o
 .debug_macro   0x000251b9      0x28b ./Generated_Code/PE_LDD.o
 .debug_macro   0x00025444      0x2e5 ./Generated_Code/PUSH_BUTTON_REC.o
 .debug_macro   0x00025729      0x2e5 ./Generated_Code/PUSH_BUTTON_SEND.o
 .debug_macro   0x00025a0e      0x2ef ./Generated_Code/T_100ms.o
 .debug_macro   0x00025cfd      0x2ef ./Generated_Code/T_500ms.o
 .debug_macro   0x00025fec      0x331 ./Generated_Code/Vectors.o
 .debug_macro   0x0002631d       0x9a ./Generated_Code/WAIT1.o

.debug_line     0x00000000     0xa679
 .debug_line    0x00000000      0x7d9 ./Sources/Events.o
 .debug_line    0x000007d9      0x3d8 ./Sources/LCD.o
 .debug_line    0x00000bb1      0x35e ./Sources/PCA9670.o
 .debug_line    0x00000f0f      0x6bb ./Sources/main.o
 .debug_line    0x000015ca      0x4e8 ./Sources/protocol.o
 .debug_line    0x00001ab2      0x3e1 ./Project_Settings/Startup_Code/startup.o
 .debug_line    0x00001e93      0x7e9 ./Generated_Code/AS1.o
 .debug_line    0x0000267c      0x3a6 ./Generated_Code/ASerialLdd1.o
 .debug_line    0x00002a22      0x2e3 ./Generated_Code/BitIoLdd1.o
 .debug_line    0x00002d05      0x2e3 ./Generated_Code/BitIoLdd2.o
 .debug_line    0x00002fe8      0x2e3 ./Generated_Code/BitIoLdd3.o
 .debug_line    0x000032cb      0x2e3 ./Generated_Code/BitIoLdd4.o
 .debug_line    0x000035ae      0x2e3 ./Generated_Code/BitIoLdd5.o
 .debug_line    0x00003891      0x2e3 ./Generated_Code/BitIoLdd6.o
 .debug_line    0x00003b74      0x2d1 ./Generated_Code/BitIoLdd7.o
 .debug_line    0x00003e45      0x83f ./Generated_Code/Cpu.o
 .debug_line    0x00004684      0x669 ./Generated_Code/ENCODER.o
 .debug_line    0x00004ced      0x57b ./Generated_Code/ENCODER_PUSH.o
 .debug_line    0x00005268      0x2d3 ./Generated_Code/ExtIntLdd1.o
 .debug_line    0x0000553b      0x2d1 ./Generated_Code/ExtIntLdd2.o
 .debug_line    0x0000580c      0x2d1 ./Generated_Code/ExtIntLdd3.o
 .debug_line    0x00005add      0x2d7 ./Generated_Code/ExtIntLdd4.o
 .debug_line    0x00005db4      0x2d6 ./Generated_Code/ExtIntLdd5.o
 .debug_line    0x0000608a      0x650 ./Generated_Code/I2C0.o
 .debug_line    0x000066da      0x630 ./Generated_Code/IFsh1.o
 .debug_line    0x00006d0a      0x47a ./Generated_Code/IntFlashLdd1.o
 .debug_line    0x00007184      0x431 ./Generated_Code/IntI2cLdd1.o
 .debug_line    0x000075b5      0x577 ./Generated_Code/LEVER_DIR1.o
 .debug_line    0x00007b2c      0x577 ./Generated_Code/LEVER_DIR2.o
 .debug_line    0x000080a3      0x51e ./Generated_Code/PE_LDD.o
 .debug_line    0x000085c1      0x581 ./Generated_Code/PUSH_BUTTON_REC.o
 .debug_line    0x00008b42      0x583 ./Generated_Code/PUSH_BUTTON_SEND.o
 .debug_line    0x000090c5      0x5ce ./Generated_Code/T_100ms.o
 .debug_line    0x00009693      0x5ac ./Generated_Code/T_500ms.o
 .debug_line    0x00009c3f      0x7a5 ./Generated_Code/Vectors.o
 .debug_line    0x0000a3e4      0x295 ./Generated_Code/WAIT1.o

.debug_str      0x00000000    0x80b2e
 .debug_str     0x00000000    0x6be7a ./Sources/Events.o
                              0x6c09d (size before relaxing)
 .debug_str     0x0006be7a      0x6d5 ./Sources/LCD.o
                              0x536f1 (size before relaxing)
 .debug_str     0x0006c54f       0x5b ./Sources/PCA9670.o
                              0x535ba (size before relaxing)
 .debug_str     0x0006c5aa       0xeb ./Sources/main.o
                              0x6bf76 (size before relaxing)
 .debug_str     0x0006c695      0x389 ./Sources/protocol.o
                              0x55f15 (size before relaxing)
 .debug_str     0x0006ca1e      0x110 ./Project_Settings/Startup_Code/startup.o
                              0x4c40d (size before relaxing)
 .debug_str     0x0006cb2e      0x320 ./Generated_Code/AS1.o
                              0x690b2 (size before relaxing)
 .debug_str     0x0006ce4e     0xebe4 ./Generated_Code/ASerialLdd1.o
                              0x60bcb (size before relaxing)
 .debug_str     0x0007ba32       0xf3 ./Generated_Code/BitIoLdd1.o
                              0x52870 (size before relaxing)
 .debug_str     0x0007bb25       0xb1 ./Generated_Code/BitIoLdd2.o
                              0x52870 (size before relaxing)
 .debug_str     0x0007bbd6       0xb1 ./Generated_Code/BitIoLdd3.o
                              0x52870 (size before relaxing)
 .debug_str     0x0007bc87       0xb1 ./Generated_Code/BitIoLdd4.o
                              0x52870 (size before relaxing)
 .debug_str     0x0007bd38       0xb1 ./Generated_Code/BitIoLdd5.o
                              0x52870 (size before relaxing)
 .debug_str     0x0007bde9       0xb1 ./Generated_Code/BitIoLdd6.o
                              0x52872 (size before relaxing)
 .debug_str     0x0007be9a       0xa0 ./Generated_Code/BitIoLdd7.o
                              0x5283e (size before relaxing)
 .debug_str     0x0007bf3a      0x23b ./Generated_Code/Cpu.o
                              0x69124 (size before relaxing)
 .debug_str     0x0007c175      0x18a ./Generated_Code/ENCODER.o
                              0x6905d (size before relaxing)
 .debug_str     0x0007c2ff       0x38 ./Generated_Code/ENCODER_PUSH.o
                              0x68d4c (size before relaxing)
 .debug_str     0x0007c337       0x87 ./Generated_Code/ExtIntLdd1.o
                              0x55d75 (size before relaxing)
 .debug_str     0x0007c3be       0x87 ./Generated_Code/ExtIntLdd2.o
                              0x55d6f (size before relaxing)
 .debug_str     0x0007c445       0x87 ./Generated_Code/ExtIntLdd3.o
                              0x55d6f (size before relaxing)
 .debug_str     0x0007c4cc       0x87 ./Generated_Code/ExtIntLdd4.o
                              0x55d7b (size before relaxing)
 .debug_str     0x0007c553       0x87 ./Generated_Code/ExtIntLdd5.o
                              0x55d79 (size before relaxing)
 .debug_str     0x0007c5da      0x1b7 ./Generated_Code/I2C0.o
                              0x68f4c (size before relaxing)
 .debug_str     0x0007c791      0x54d ./Generated_Code/IFsh1.o
                              0x692f6 (size before relaxing)
 .debug_str     0x0007ccde      0x589 ./Generated_Code/IntFlashLdd1.o
                              0x59dd2 (size before relaxing)
 .debug_str     0x0007d267     0x33ac ./Generated_Code/IntI2cLdd1.o
                              0x58af9 (size before relaxing)
 .debug_str     0x00080613       0x36 ./Generated_Code/LEVER_DIR1.o
                              0x68d4a (size before relaxing)
 .debug_str     0x00080649       0x36 ./Generated_Code/LEVER_DIR2.o
                              0x68d4a (size before relaxing)
 .debug_str     0x0008067f      0x177 ./Generated_Code/PE_LDD.o
                              0x68ed1 (size before relaxing)
 .debug_str     0x000807f6       0x3b ./Generated_Code/PUSH_BUTTON_REC.o
                              0x68d4f (size before relaxing)
 .debug_str     0x00080831       0x3c ./Generated_Code/PUSH_BUTTON_SEND.o
                              0x68d50 (size before relaxing)
 .debug_str     0x0008086d      0x19b ./Generated_Code/T_100ms.o
                              0x69095 (size before relaxing)
 .debug_str     0x00080a08       0x86 ./Generated_Code/T_500ms.o
                              0x69042 (size before relaxing)
 .debug_str     0x00080a8e       0x1c ./Generated_Code/Vectors.o
                              0x68d69 (size before relaxing)
 .debug_str     0x00080aaa       0x84 ./Generated_Code/WAIT1.o
                              0x51c81 (size before relaxing)

.comment        0x00000000       0x70
 .comment       0x00000000       0x70 ./Sources/Events.o
                                 0x71 (size before relaxing)
 .comment       0x00000000       0x71 ./Sources/LCD.o
 .comment       0x00000000       0x71 ./Sources/PCA9670.o
 .comment       0x00000000       0x71 ./Sources/main.o
 .comment       0x00000000       0x71 ./Sources/protocol.o
 .comment       0x00000000       0x71 ./Project_Settings/Startup_Code/startup.o
 .comment       0x00000000       0x71 ./Generated_Code/AS1.o
 .comment       0x00000000       0x71 ./Generated_Code/ASerialLdd1.o
 .comment       0x00000000       0x71 ./Generated_Code/BitIoLdd1.o
 .comment       0x00000000       0x71 ./Generated_Code/BitIoLdd2.o
 .comment       0x00000000       0x71 ./Generated_Code/BitIoLdd3.o
 .comment       0x00000000       0x71 ./Generated_Code/BitIoLdd4.o
 .comment       0x00000000       0x71 ./Generated_Code/BitIoLdd5.o
 .comment       0x00000000       0x71 ./Generated_Code/BitIoLdd6.o
 .comment       0x00000000       0x71 ./Generated_Code/BitIoLdd7.o
 .comment       0x00000000       0x71 ./Generated_Code/Cpu.o
 .comment       0x00000000       0x71 ./Generated_Code/ENCODER.o
 .comment       0x00000000       0x71 ./Generated_Code/ENCODER_PUSH.o
 .comment       0x00000000       0x71 ./Generated_Code/ExtIntLdd1.o
 .comment       0x00000000       0x71 ./Generated_Code/ExtIntLdd2.o
 .comment       0x00000000       0x71 ./Generated_Code/ExtIntLdd3.o
 .comment       0x00000000       0x71 ./Generated_Code/ExtIntLdd4.o
 .comment       0x00000000       0x71 ./Generated_Code/ExtIntLdd5.o
 .comment       0x00000000       0x71 ./Generated_Code/I2C0.o
 .comment       0x00000000       0x71 ./Generated_Code/IFsh1.o
 .comment       0x00000000       0x71 ./Generated_Code/IntFlashLdd1.o
 .comment       0x00000000       0x71 ./Generated_Code/IntI2cLdd1.o
 .comment       0x00000000       0x71 ./Generated_Code/LEVER_DIR1.o
 .comment       0x00000000       0x71 ./Generated_Code/LEVER_DIR2.o
 .comment       0x00000000       0x71 ./Generated_Code/PE_LDD.o
 .comment       0x00000000       0x71 ./Generated_Code/PUSH_BUTTON_REC.o
 .comment       0x00000000       0x71 ./Generated_Code/PUSH_BUTTON_SEND.o
 .comment       0x00000000       0x71 ./Generated_Code/T_100ms.o
 .comment       0x00000000       0x71 ./Generated_Code/T_500ms.o
 .comment       0x00000000       0x71 ./Generated_Code/Vectors.o
 .comment       0x00000000       0x71 ./Generated_Code/WAIT1.o

.debug_frame    0x00000000     0x18ac
 .debug_frame   0x00000000      0x200 ./Sources/Events.o
 .debug_frame   0x00000200      0x11c ./Sources/LCD.o
 .debug_frame   0x0000031c       0x4c ./Sources/PCA9670.o
 .debug_frame   0x00000368       0x38 ./Sources/main.o
 .debug_frame   0x000003a0       0xdc ./Sources/protocol.o
 .debug_frame   0x0000047c       0xc0 ./Project_Settings/Startup_Code/startup.o
 .debug_frame   0x0000053c      0x1cc ./Generated_Code/AS1.o
 .debug_frame   0x00000708       0xec ./Generated_Code/ASerialLdd1.o
 .debug_frame   0x000007f4       0xb8 ./Generated_Code/BitIoLdd1.o
 .debug_frame   0x000008ac       0xb8 ./Generated_Code/BitIoLdd2.o
 .debug_frame   0x00000964       0xb8 ./Generated_Code/BitIoLdd3.o
 .debug_frame   0x00000a1c       0xb8 ./Generated_Code/BitIoLdd4.o
 .debug_frame   0x00000ad4       0xb8 ./Generated_Code/BitIoLdd5.o
 .debug_frame   0x00000b8c       0xb8 ./Generated_Code/BitIoLdd6.o
 .debug_frame   0x00000c44       0x9c ./Generated_Code/BitIoLdd7.o
 .debug_frame   0x00000ce0       0xa4 ./Generated_Code/Cpu.o
 .debug_frame   0x00000d84      0x110 ./Generated_Code/ENCODER.o
 .debug_frame   0x00000e94       0x30 ./Generated_Code/ENCODER_PUSH.o
 .debug_frame   0x00000ec4       0x68 ./Generated_Code/ExtIntLdd1.o
 .debug_frame   0x00000f2c       0x68 ./Generated_Code/ExtIntLdd2.o
 .debug_frame   0x00000f94       0x68 ./Generated_Code/ExtIntLdd3.o
 .debug_frame   0x00000ffc       0x68 ./Generated_Code/ExtIntLdd4.o
 .debug_frame   0x00001064       0x68 ./Generated_Code/ExtIntLdd5.o
 .debug_frame   0x000010cc      0x148 ./Generated_Code/I2C0.o
 .debug_frame   0x00001214      0x11c ./Generated_Code/IFsh1.o
 .debug_frame   0x00001330      0x144 ./Generated_Code/IntFlashLdd1.o
 .debug_frame   0x00001474      0x118 ./Generated_Code/IntI2cLdd1.o
 .debug_frame   0x0000158c       0x30 ./Generated_Code/LEVER_DIR1.o
 .debug_frame   0x000015bc       0x30 ./Generated_Code/LEVER_DIR2.o
 .debug_frame   0x000015ec       0x64 ./Generated_Code/PE_LDD.o
 .debug_frame   0x00001650       0x30 ./Generated_Code/PUSH_BUTTON_REC.o
 .debug_frame   0x00001680       0x30 ./Generated_Code/PUSH_BUTTON_SEND.o
 .debug_frame   0x000016b0       0x88 ./Generated_Code/T_100ms.o
 .debug_frame   0x00001738       0x50 ./Generated_Code/T_500ms.o
 .debug_frame   0x00001788       0x90 ./Generated_Code/WAIT1.o
 .debug_frame   0x00001818       0x28 c:/freescale/kds_v3/toolchain/bin/../lib/gcc/arm-none-eabi/4.8.4/../../../../arm-none-eabi/lib/armv7e-m\libg_s.a(lib_a-exit.o)
 .debug_frame   0x00001840       0x2c c:/freescale/kds_v3/toolchain/bin/../lib/gcc/arm-none-eabi/4.8.4/../../../../arm-none-eabi/lib/armv7e-m\libg_s.a(lib_a-init.o)
 .debug_frame   0x0000186c       0x20 c:/freescale/kds_v3/toolchain/bin/../lib/gcc/arm-none-eabi/4.8.4/../../../../arm-none-eabi/lib/armv7e-m\libg_s.a(lib_a-memset.o)
 .debug_frame   0x0000188c       0x20 c:/freescale/kds_v3/toolchain/bin/../lib/gcc/arm-none-eabi/4.8.4/../../../../arm-none-eabi/lib/armv7e-m\libnosys.a(_exit.o)

.stabstr        0x00000000       0x76
 .stabstr       0x00000000       0x76 c:/freescale/kds_v3/toolchain/bin/../lib/gcc/arm-none-eabi/4.8.4/../../../../arm-none-eabi/lib/armv7e-m\libnosys.a(getpid.o)
