Archive member included because of file (symbol)

c:/freescale/kds_v3/toolchain/bin/../lib/gcc/arm-none-eabi/4.8.4/../../../../arm-none-eabi/lib/armv7e-m\libg_s.a(lib_a-exit.o)
                              c:/freescale/kds_v3/toolchain/bin/../lib/gcc/arm-none-eabi/4.8.4/../../../../arm-none-eabi/lib/armv7e-m/crt0.o (exit)
c:/freescale/kds_v3/toolchain/bin/../lib/gcc/arm-none-eabi/4.8.4/../../../../arm-none-eabi/lib/armv7e-m\libg_s.a(lib_a-impure.o)
                              c:/freescale/kds_v3/toolchain/bin/../lib/gcc/arm-none-eabi/4.8.4/../../../../arm-none-eabi/lib/armv7e-m\libg_s.a(lib_a-exit.o) (_global_impure_ptr)
c:/freescale/kds_v3/toolchain/bin/../lib/gcc/arm-none-eabi/4.8.4/../../../../arm-none-eabi/lib/armv7e-m\libg_s.a(lib_a-init.o)
                              c:/freescale/kds_v3/toolchain/bin/../lib/gcc/arm-none-eabi/4.8.4/../../../../arm-none-eabi/lib/armv7e-m/crt0.o (__libc_init_array)
c:/freescale/kds_v3/toolchain/bin/../lib/gcc/arm-none-eabi/4.8.4/../../../../arm-none-eabi/lib/armv7e-m\libg_s.a(lib_a-memset.o)
                              c:/freescale/kds_v3/toolchain/bin/../lib/gcc/arm-none-eabi/4.8.4/../../../../arm-none-eabi/lib/armv7e-m/crt0.o (memset)
c:/freescale/kds_v3/toolchain/bin/../lib/gcc/arm-none-eabi/4.8.4/../../../../arm-none-eabi/lib/armv7e-m\libnosys.a(_exit.o)
                              c:/freescale/kds_v3/toolchain/bin/../lib/gcc/arm-none-eabi/4.8.4/../../../../arm-none-eabi/lib/armv7e-m\libg_s.a(lib_a-exit.o) (_exit)

Allocating common symbols
Common symbol       size              file

i                   0x4               ./Sources/Events.o
SR_reg              0x1               ./Generated_Code/Cpu.o

Discarded input sections

 .text          0x00000000        0x0 c:/freescale/kds_v3/toolchain/bin/../lib/gcc/arm-none-eabi/4.8.4/armv7e-m/crti.o
 .data          0x00000000        0x0 c:/freescale/kds_v3/toolchain/bin/../lib/gcc/arm-none-eabi/4.8.4/armv7e-m/crti.o
 .bss           0x00000000        0x0 c:/freescale/kds_v3/toolchain/bin/../lib/gcc/arm-none-eabi/4.8.4/armv7e-m/crti.o
 .data          0x00000000        0x4 c:/freescale/kds_v3/toolchain/bin/../lib/gcc/arm-none-eabi/4.8.4/armv7e-m/crtbegin.o
 .data          0x00000000        0x0 c:/freescale/kds_v3/toolchain/bin/../lib/gcc/arm-none-eabi/4.8.4/../../../../arm-none-eabi/lib/armv7e-m/crt0.o
 .bss           0x00000000        0x0 c:/freescale/kds_v3/toolchain/bin/../lib/gcc/arm-none-eabi/4.8.4/../../../../arm-none-eabi/lib/armv7e-m/crt0.o
 .ARM.extab     0x00000000        0x0 c:/freescale/kds_v3/toolchain/bin/../lib/gcc/arm-none-eabi/4.8.4/../../../../arm-none-eabi/lib/armv7e-m/crt0.o
 .group         0x00000000        0x8 ./Sources/Events.o
 .group         0x00000000        0x8 ./Sources/Events.o
 .group         0x00000000        0x8 ./Sources/Events.o
 .group         0x00000000        0x8 ./Sources/Events.o
 .group         0x00000000        0x8 ./Sources/Events.o
 .group         0x00000000        0x8 ./Sources/Events.o
 .group         0x00000000        0x8 ./Sources/Events.o
 .group         0x00000000        0x8 ./Sources/Events.o
 .group         0x00000000        0x8 ./Sources/Events.o
 .group         0x00000000        0x8 ./Sources/Events.o
 .group         0x00000000        0x8 ./Sources/Events.o
 .group         0x00000000        0x8 ./Sources/Events.o
 .group         0x00000000        0x8 ./Sources/Events.o
 .group         0x00000000        0x8 ./Sources/Events.o
 .group         0x00000000        0x8 ./Sources/Events.o
 .group         0x00000000        0x8 ./Sources/Events.o
 .group         0x00000000        0x8 ./Sources/Events.o
 .group         0x00000000        0x8 ./Sources/Events.o
 .group         0x00000000        0x8 ./Sources/Events.o
 .group         0x00000000        0x8 ./Sources/Events.o
 .group         0x00000000        0x8 ./Sources/Events.o
 .group         0x00000000        0x8 ./Sources/Events.o
 .group         0x00000000        0x8 ./Sources/Events.o
 .group         0x00000000        0x8 ./Sources/Events.o
 .group         0x00000000        0x8 ./Sources/Events.o
 .text          0x00000000        0x0 ./Sources/Events.o
 .data          0x00000000        0x0 ./Sources/Events.o
 .bss           0x00000000        0x0 ./Sources/Events.o
 COMMON         0x00000000        0x4 ./Sources/Events.o
 .group         0x00000000        0x8 ./Sources/display.o
 .group         0x00000000        0x8 ./Sources/display.o
 .group         0x00000000        0x8 ./Sources/display.o
 .group         0x00000000        0x8 ./Sources/display.o
 .group         0x00000000        0x8 ./Sources/display.o
 .group         0x00000000        0x8 ./Sources/display.o
 .group         0x00000000        0x8 ./Sources/display.o
 .group         0x00000000        0x8 ./Sources/display.o
 .group         0x00000000        0x8 ./Sources/display.o
 .group         0x00000000        0x8 ./Sources/display.o
 .group         0x00000000        0x8 ./Sources/display.o
 .group         0x00000000        0x8 ./Sources/display.o
 .group         0x00000000        0x8 ./Sources/display.o
 .group         0x00000000        0x8 ./Sources/display.o
 .group         0x00000000        0x8 ./Sources/display.o
 .group         0x00000000        0x8 ./Sources/display.o
 .group         0x00000000        0x8 ./Sources/display.o
 .group         0x00000000        0x8 ./Sources/display.o
 .group         0x00000000        0x8 ./Sources/display.o
 .text          0x00000000        0x0 ./Sources/display.o
 .data          0x00000000        0x0 ./Sources/display.o
 .bss           0x00000000        0x0 ./Sources/display.o
 .debug_macro   0x00000000      0x84a ./Sources/display.o
 .debug_macro   0x00000000       0x16 ./Sources/display.o
 .debug_macro   0x00000000       0x44 ./Sources/display.o
 .debug_macro   0x00000000      0x209 ./Sources/display.o
 .debug_macro   0x00000000     0x17de ./Sources/display.o
 .debug_macro   0x00000000      0x14e ./Sources/display.o
 .debug_macro   0x00000000       0x6a ./Sources/display.o
 .debug_macro   0x00000000     0xd4f6 ./Sources/display.o
 .debug_macro   0x00000000       0x94 ./Sources/display.o
 .debug_macro   0x00000000      0x12c ./Sources/display.o
 .debug_macro   0x00000000       0x1f ./Sources/display.o
 .debug_macro   0x00000000       0x46 ./Sources/display.o
 .debug_macro   0x00000000       0x1f ./Sources/display.o
 .debug_macro   0x00000000       0x46 ./Sources/display.o
 .debug_macro   0x00000000       0x1f ./Sources/display.o
 .debug_macro   0x00000000       0x46 ./Sources/display.o
 .debug_macro   0x00000000       0x1f ./Sources/display.o
 .group         0x00000000        0x8 ./Sources/main.o
 .group         0x00000000        0x8 ./Sources/main.o
 .group         0x00000000        0x8 ./Sources/main.o
 .group         0x00000000        0x8 ./Sources/main.o
 .group         0x00000000        0x8 ./Sources/main.o
 .group         0x00000000        0x8 ./Sources/main.o
 .group         0x00000000        0x8 ./Sources/main.o
 .group         0x00000000        0x8 ./Sources/main.o
 .group         0x00000000        0x8 ./Sources/main.o
 .group         0x00000000        0x8 ./Sources/main.o
 .group         0x00000000        0x8 ./Sources/main.o
 .group         0x00000000        0x8 ./Sources/main.o
 .group         0x00000000        0x8 ./Sources/main.o
 .group         0x00000000        0x8 ./Sources/main.o
 .group         0x00000000        0x8 ./Sources/main.o
 .group         0x00000000        0x8 ./Sources/main.o
 .group         0x00000000        0x8 ./Sources/main.o
 .group         0x00000000        0x8 ./Sources/main.o
 .group         0x00000000        0x8 ./Sources/main.o
 .group         0x00000000        0x8 ./Sources/main.o
 .group         0x00000000        0x8 ./Sources/main.o
 .group         0x00000000        0x8 ./Sources/main.o
 .group         0x00000000        0x8 ./Sources/main.o
 .group         0x00000000        0x8 ./Sources/main.o
 .group         0x00000000        0x8 ./Sources/main.o
 .text          0x00000000        0x0 ./Sources/main.o
 .data          0x00000000        0x0 ./Sources/main.o
 .bss           0x00000000        0x0 ./Sources/main.o
 .debug_macro   0x00000000      0x84a ./Sources/main.o
 .debug_macro   0x00000000       0x16 ./Sources/main.o
 .debug_macro   0x00000000       0x44 ./Sources/main.o
 .debug_macro   0x00000000      0x209 ./Sources/main.o
 .debug_macro   0x00000000     0x17de ./Sources/main.o
 .debug_macro   0x00000000      0x14e ./Sources/main.o
 .debug_macro   0x00000000       0x6a ./Sources/main.o
 .debug_macro   0x00000000     0xd4f6 ./Sources/main.o
 .debug_macro   0x00000000       0x9a ./Sources/main.o
 .debug_macro   0x00000000       0x94 ./Sources/main.o
 .debug_macro   0x00000000      0x12c ./Sources/main.o
 .debug_macro   0x00000000       0x46 ./Sources/main.o
 .debug_macro   0x00000000       0x26 ./Sources/main.o
 .debug_macro   0x00000000      0x6a6 ./Sources/main.o
 .debug_macro   0x00000000       0x51 ./Sources/main.o
 .debug_macro   0x00000000       0x46 ./Sources/main.o
 .debug_macro   0x00000000       0x1f ./Sources/main.o
 .debug_macro   0x00000000       0x46 ./Sources/main.o
 .debug_macro   0x00000000       0x1f ./Sources/main.o
 .debug_macro   0x00000000       0x46 ./Sources/main.o
 .debug_macro   0x00000000       0x1f ./Sources/main.o
 .debug_macro   0x00000000       0x46 ./Sources/main.o
 .debug_macro   0x00000000       0x1f ./Sources/main.o
 .debug_macro   0x00000000      0x4ea ./Sources/main.o
 .debug_macro   0x00000000       0x96 ./Sources/main.o
 .group         0x00000000        0x8 ./Project_Settings/Startup_Code/startup.o
 .group         0x00000000        0x8 ./Project_Settings/Startup_Code/startup.o
 .group         0x00000000        0x8 ./Project_Settings/Startup_Code/startup.o
 .group         0x00000000        0x8 ./Project_Settings/Startup_Code/startup.o
 .group         0x00000000        0x8 ./Project_Settings/Startup_Code/startup.o
 .group         0x00000000        0x8 ./Project_Settings/Startup_Code/startup.o
 .group         0x00000000        0x8 ./Project_Settings/Startup_Code/startup.o
 .group         0x00000000        0x8 ./Project_Settings/Startup_Code/startup.o
 .group         0x00000000        0x8 ./Project_Settings/Startup_Code/startup.o
 .group         0x00000000        0x8 ./Project_Settings/Startup_Code/startup.o
 .group         0x00000000        0x8 ./Project_Settings/Startup_Code/startup.o
 .group         0x00000000        0x8 ./Project_Settings/Startup_Code/startup.o
 .group         0x00000000        0x8 ./Project_Settings/Startup_Code/startup.o
 .group         0x00000000        0x8 ./Project_Settings/Startup_Code/startup.o
 .group         0x00000000        0x8 ./Project_Settings/Startup_Code/startup.o
 .group         0x00000000        0x8 ./Project_Settings/Startup_Code/startup.o
 .group         0x00000000        0x8 ./Project_Settings/Startup_Code/startup.o
 .group         0x00000000        0x8 ./Project_Settings/Startup_Code/startup.o
 .group         0x00000000        0x8 ./Project_Settings/Startup_Code/startup.o
 .text          0x00000000        0x0 ./Project_Settings/Startup_Code/startup.o
 .data          0x00000000        0x0 ./Project_Settings/Startup_Code/startup.o
 .bss           0x00000000        0x0 ./Project_Settings/Startup_Code/startup.o
 .text.__init_hardware
                0x00000000        0xc ./Project_Settings/Startup_Code/startup.o
 .text.__iar_program_start
                0x00000000        0xc ./Project_Settings/Startup_Code/startup.o
 .debug_macro   0x00000000      0x84a ./Project_Settings/Startup_Code/startup.o
 .debug_macro   0x00000000       0x16 ./Project_Settings/Startup_Code/startup.o
 .group         0x00000000        0x8 ./Generated_Code/BitIoLdd1.o
 .group         0x00000000        0x8 ./Generated_Code/BitIoLdd1.o
 .group         0x00000000        0x8 ./Generated_Code/BitIoLdd1.o
 .group         0x00000000        0x8 ./Generated_Code/BitIoLdd1.o
 .group         0x00000000        0x8 ./Generated_Code/BitIoLdd1.o
 .group         0x00000000        0x8 ./Generated_Code/BitIoLdd1.o
 .group         0x00000000        0x8 ./Generated_Code/BitIoLdd1.o
 .group         0x00000000        0x8 ./Generated_Code/BitIoLdd1.o
 .group         0x00000000        0x8 ./Generated_Code/BitIoLdd1.o
 .group         0x00000000        0x8 ./Generated_Code/BitIoLdd1.o
 .group         0x00000000        0x8 ./Generated_Code/BitIoLdd1.o
 .group         0x00000000        0x8 ./Generated_Code/BitIoLdd1.o
 .text          0x00000000        0x0 ./Generated_Code/BitIoLdd1.o
 .data          0x00000000        0x0 ./Generated_Code/BitIoLdd1.o
 .bss           0x00000000        0x0 ./Generated_Code/BitIoLdd1.o
 .text.BitIoLdd1_GetVal
                0x00000000       0x30 ./Generated_Code/BitIoLdd1.o
 .text.BitIoLdd1_PutVal
                0x00000000       0x30 ./Generated_Code/BitIoLdd1.o
 .text.BitIoLdd1_ClrVal
                0x00000000       0x1c ./Generated_Code/BitIoLdd1.o
 .text.BitIoLdd1_SetVal
                0x00000000       0x1c ./Generated_Code/BitIoLdd1.o
 .debug_macro   0x00000000      0x84a ./Generated_Code/BitIoLdd1.o
 .debug_macro   0x00000000       0x16 ./Generated_Code/BitIoLdd1.o
 .debug_macro   0x00000000       0x44 ./Generated_Code/BitIoLdd1.o
 .debug_macro   0x00000000      0x209 ./Generated_Code/BitIoLdd1.o
 .debug_macro   0x00000000     0x17de ./Generated_Code/BitIoLdd1.o
 .debug_macro   0x00000000      0x14e ./Generated_Code/BitIoLdd1.o
 .debug_macro   0x00000000       0x6a ./Generated_Code/BitIoLdd1.o
 .debug_macro   0x00000000     0xd4f6 ./Generated_Code/BitIoLdd1.o
 .debug_macro   0x00000000       0x94 ./Generated_Code/BitIoLdd1.o
 .debug_macro   0x00000000      0x12c ./Generated_Code/BitIoLdd1.o
 .debug_macro   0x00000000       0xa0 ./Generated_Code/BitIoLdd1.o
 .debug_macro   0x00000000       0x46 ./Generated_Code/BitIoLdd1.o
 .group         0x00000000        0x8 ./Generated_Code/BitIoLdd2.o
 .group         0x00000000        0x8 ./Generated_Code/BitIoLdd2.o
 .group         0x00000000        0x8 ./Generated_Code/BitIoLdd2.o
 .group         0x00000000        0x8 ./Generated_Code/BitIoLdd2.o
 .group         0x00000000        0x8 ./Generated_Code/BitIoLdd2.o
 .group         0x00000000        0x8 ./Generated_Code/BitIoLdd2.o
 .group         0x00000000        0x8 ./Generated_Code/BitIoLdd2.o
 .group         0x00000000        0x8 ./Generated_Code/BitIoLdd2.o
 .group         0x00000000        0x8 ./Generated_Code/BitIoLdd2.o
 .group         0x00000000        0x8 ./Generated_Code/BitIoLdd2.o
 .group         0x00000000        0x8 ./Generated_Code/BitIoLdd2.o
 .group         0x00000000        0x8 ./Generated_Code/BitIoLdd2.o
 .text          0x00000000        0x0 ./Generated_Code/BitIoLdd2.o
 .data          0x00000000        0x0 ./Generated_Code/BitIoLdd2.o
 .bss           0x00000000        0x0 ./Generated_Code/BitIoLdd2.o
 .text.BitIoLdd2_GetVal
                0x00000000       0x30 ./Generated_Code/BitIoLdd2.o
 .text.BitIoLdd2_ClrVal
                0x00000000       0x1c ./Generated_Code/BitIoLdd2.o
 .text.BitIoLdd2_SetVal
                0x00000000       0x1c ./Generated_Code/BitIoLdd2.o
 .debug_macro   0x00000000      0x84a ./Generated_Code/BitIoLdd2.o
 .debug_macro   0x00000000       0x16 ./Generated_Code/BitIoLdd2.o
 .debug_macro   0x00000000       0x44 ./Generated_Code/BitIoLdd2.o
 .debug_macro   0x00000000      0x209 ./Generated_Code/BitIoLdd2.o
 .debug_macro   0x00000000     0x17de ./Generated_Code/BitIoLdd2.o
 .debug_macro   0x00000000      0x14e ./Generated_Code/BitIoLdd2.o
 .debug_macro   0x00000000       0x6a ./Generated_Code/BitIoLdd2.o
 .debug_macro   0x00000000     0xd4f6 ./Generated_Code/BitIoLdd2.o
 .debug_macro   0x00000000       0x94 ./Generated_Code/BitIoLdd2.o
 .debug_macro   0x00000000      0x12c ./Generated_Code/BitIoLdd2.o
 .debug_macro   0x00000000       0xa0 ./Generated_Code/BitIoLdd2.o
 .debug_macro   0x00000000       0x40 ./Generated_Code/BitIoLdd2.o
 .group         0x00000000        0x8 ./Generated_Code/BitIoLdd3.o
 .group         0x00000000        0x8 ./Generated_Code/BitIoLdd3.o
 .group         0x00000000        0x8 ./Generated_Code/BitIoLdd3.o
 .group         0x00000000        0x8 ./Generated_Code/BitIoLdd3.o
 .group         0x00000000        0x8 ./Generated_Code/BitIoLdd3.o
 .group         0x00000000        0x8 ./Generated_Code/BitIoLdd3.o
 .group         0x00000000        0x8 ./Generated_Code/BitIoLdd3.o
 .group         0x00000000        0x8 ./Generated_Code/BitIoLdd3.o
 .group         0x00000000        0x8 ./Generated_Code/BitIoLdd3.o
 .group         0x00000000        0x8 ./Generated_Code/BitIoLdd3.o
 .group         0x00000000        0x8 ./Generated_Code/BitIoLdd3.o
 .group         0x00000000        0x8 ./Generated_Code/BitIoLdd3.o
 .text          0x00000000        0x0 ./Generated_Code/BitIoLdd3.o
 .data          0x00000000        0x0 ./Generated_Code/BitIoLdd3.o
 .bss           0x00000000        0x0 ./Generated_Code/BitIoLdd3.o
 .text.BitIoLdd3_GetVal
                0x00000000       0x30 ./Generated_Code/BitIoLdd3.o
 .text.BitIoLdd3_ClrVal
                0x00000000       0x1c ./Generated_Code/BitIoLdd3.o
 .text.BitIoLdd3_SetVal
                0x00000000       0x1c ./Generated_Code/BitIoLdd3.o
 .debug_macro   0x00000000      0x84a ./Generated_Code/BitIoLdd3.o
 .debug_macro   0x00000000       0x16 ./Generated_Code/BitIoLdd3.o
 .debug_macro   0x00000000       0x44 ./Generated_Code/BitIoLdd3.o
 .debug_macro   0x00000000      0x209 ./Generated_Code/BitIoLdd3.o
 .debug_macro   0x00000000     0x17de ./Generated_Code/BitIoLdd3.o
 .debug_macro   0x00000000      0x14e ./Generated_Code/BitIoLdd3.o
 .debug_macro   0x00000000       0x6a ./Generated_Code/BitIoLdd3.o
 .debug_macro   0x00000000     0xd4f6 ./Generated_Code/BitIoLdd3.o
 .debug_macro   0x00000000       0x94 ./Generated_Code/BitIoLdd3.o
 .debug_macro   0x00000000      0x12c ./Generated_Code/BitIoLdd3.o
 .debug_macro   0x00000000       0xa0 ./Generated_Code/BitIoLdd3.o
 .group         0x00000000        0x8 ./Generated_Code/BitIoLdd4.o
 .group         0x00000000        0x8 ./Generated_Code/BitIoLdd4.o
 .group         0x00000000        0x8 ./Generated_Code/BitIoLdd4.o
 .group         0x00000000        0x8 ./Generated_Code/BitIoLdd4.o
 .group         0x00000000        0x8 ./Generated_Code/BitIoLdd4.o
 .group         0x00000000        0x8 ./Generated_Code/BitIoLdd4.o
 .group         0x00000000        0x8 ./Generated_Code/BitIoLdd4.o
 .group         0x00000000        0x8 ./Generated_Code/BitIoLdd4.o
 .group         0x00000000        0x8 ./Generated_Code/BitIoLdd4.o
 .group         0x00000000        0x8 ./Generated_Code/BitIoLdd4.o
 .group         0x00000000        0x8 ./Generated_Code/BitIoLdd4.o
 .group         0x00000000        0x8 ./Generated_Code/BitIoLdd4.o
 .text          0x00000000        0x0 ./Generated_Code/BitIoLdd4.o
 .data          0x00000000        0x0 ./Generated_Code/BitIoLdd4.o
 .bss           0x00000000        0x0 ./Generated_Code/BitIoLdd4.o
 .text.BitIoLdd4_GetVal
                0x00000000       0x30 ./Generated_Code/BitIoLdd4.o
 .text.BitIoLdd4_ClrVal
                0x00000000       0x1c ./Generated_Code/BitIoLdd4.o
 .text.BitIoLdd4_SetVal
                0x00000000       0x1c ./Generated_Code/BitIoLdd4.o
 .debug_macro   0x00000000      0x84a ./Generated_Code/BitIoLdd4.o
 .debug_macro   0x00000000       0x16 ./Generated_Code/BitIoLdd4.o
 .debug_macro   0x00000000       0x44 ./Generated_Code/BitIoLdd4.o
 .debug_macro   0x00000000      0x209 ./Generated_Code/BitIoLdd4.o
 .debug_macro   0x00000000     0x17de ./Generated_Code/BitIoLdd4.o
 .debug_macro   0x00000000      0x14e ./Generated_Code/BitIoLdd4.o
 .debug_macro   0x00000000       0x6a ./Generated_Code/BitIoLdd4.o
 .debug_macro   0x00000000     0xd4f6 ./Generated_Code/BitIoLdd4.o
 .debug_macro   0x00000000       0x94 ./Generated_Code/BitIoLdd4.o
 .debug_macro   0x00000000      0x12c ./Generated_Code/BitIoLdd4.o
 .debug_macro   0x00000000       0xa0 ./Generated_Code/BitIoLdd4.o
 .group         0x00000000        0x8 ./Generated_Code/BitIoLdd5.o
 .group         0x00000000        0x8 ./Generated_Code/BitIoLdd5.o
 .group         0x00000000        0x8 ./Generated_Code/BitIoLdd5.o
 .group         0x00000000        0x8 ./Generated_Code/BitIoLdd5.o
 .group         0x00000000        0x8 ./Generated_Code/BitIoLdd5.o
 .group         0x00000000        0x8 ./Generated_Code/BitIoLdd5.o
 .group         0x00000000        0x8 ./Generated_Code/BitIoLdd5.o
 .group         0x00000000        0x8 ./Generated_Code/BitIoLdd5.o
 .group         0x00000000        0x8 ./Generated_Code/BitIoLdd5.o
 .group         0x00000000        0x8 ./Generated_Code/BitIoLdd5.o
 .group         0x00000000        0x8 ./Generated_Code/BitIoLdd5.o
 .group         0x00000000        0x8 ./Generated_Code/BitIoLdd5.o
 .text          0x00000000        0x0 ./Generated_Code/BitIoLdd5.o
 .data          0x00000000        0x0 ./Generated_Code/BitIoLdd5.o
 .bss           0x00000000        0x0 ./Generated_Code/BitIoLdd5.o
 .text.BitIoLdd5_GetVal
                0x00000000       0x30 ./Generated_Code/BitIoLdd5.o
 .text.BitIoLdd5_ClrVal
                0x00000000       0x1c ./Generated_Code/BitIoLdd5.o
 .text.BitIoLdd5_SetVal
                0x00000000       0x1c ./Generated_Code/BitIoLdd5.o
 .debug_macro   0x00000000      0x84a ./Generated_Code/BitIoLdd5.o
 .debug_macro   0x00000000       0x16 ./Generated_Code/BitIoLdd5.o
 .debug_macro   0x00000000       0x44 ./Generated_Code/BitIoLdd5.o
 .debug_macro   0x00000000      0x209 ./Generated_Code/BitIoLdd5.o
 .debug_macro   0x00000000     0x17de ./Generated_Code/BitIoLdd5.o
 .debug_macro   0x00000000      0x14e ./Generated_Code/BitIoLdd5.o
 .debug_macro   0x00000000       0x6a ./Generated_Code/BitIoLdd5.o
 .debug_macro   0x00000000     0xd4f6 ./Generated_Code/BitIoLdd5.o
 .debug_macro   0x00000000       0x94 ./Generated_Code/BitIoLdd5.o
 .debug_macro   0x00000000      0x12c ./Generated_Code/BitIoLdd5.o
 .debug_macro   0x00000000       0xa0 ./Generated_Code/BitIoLdd5.o
 .group         0x00000000        0x8 ./Generated_Code/Cpu.o
 .group         0x00000000        0x8 ./Generated_Code/Cpu.o
 .group         0x00000000        0x8 ./Generated_Code/Cpu.o
 .group         0x00000000        0x8 ./Generated_Code/Cpu.o
 .group         0x00000000        0x8 ./Generated_Code/Cpu.o
 .group         0x00000000        0x8 ./Generated_Code/Cpu.o
 .group         0x00000000        0x8 ./Generated_Code/Cpu.o
 .group         0x00000000        0x8 ./Generated_Code/Cpu.o
 .group         0x00000000        0x8 ./Generated_Code/Cpu.o
 .group         0x00000000        0x8 ./Generated_Code/Cpu.o
 .group         0x00000000        0x8 ./Generated_Code/Cpu.o
 .group         0x00000000        0x8 ./Generated_Code/Cpu.o
 .group         0x00000000        0x8 ./Generated_Code/Cpu.o
 .group         0x00000000        0x8 ./Generated_Code/Cpu.o
 .group         0x00000000        0x8 ./Generated_Code/Cpu.o
 .group         0x00000000        0x8 ./Generated_Code/Cpu.o
 .group         0x00000000        0x8 ./Generated_Code/Cpu.o
 .group         0x00000000        0x8 ./Generated_Code/Cpu.o
 .group         0x00000000        0x8 ./Generated_Code/Cpu.o
 .group         0x00000000        0x8 ./Generated_Code/Cpu.o
 .group         0x00000000        0x8 ./Generated_Code/Cpu.o
 .group         0x00000000        0x8 ./Generated_Code/Cpu.o
 .group         0x00000000        0x8 ./Generated_Code/Cpu.o
 .group         0x00000000        0x8 ./Generated_Code/Cpu.o
 .group         0x00000000        0x8 ./Generated_Code/Cpu.o
 .text          0x00000000        0x0 ./Generated_Code/Cpu.o
 .data          0x00000000        0x0 ./Generated_Code/Cpu.o
 .bss           0x00000000        0x0 ./Generated_Code/Cpu.o
 .bss.SR_lock   0x00000000        0x1 ./Generated_Code/Cpu.o
 .debug_macro   0x00000000      0x84a ./Generated_Code/Cpu.o
 .debug_macro   0x00000000       0x16 ./Generated_Code/Cpu.o
 .debug_macro   0x00000000       0x44 ./Generated_Code/Cpu.o
 .debug_macro   0x00000000      0x209 ./Generated_Code/Cpu.o
 .debug_macro   0x00000000     0x17de ./Generated_Code/Cpu.o
 .debug_macro   0x00000000      0x14e ./Generated_Code/Cpu.o
 .debug_macro   0x00000000       0x6a ./Generated_Code/Cpu.o
 .debug_macro   0x00000000     0xd4f6 ./Generated_Code/Cpu.o
 .debug_macro   0x00000000       0x94 ./Generated_Code/Cpu.o
 .debug_macro   0x00000000      0x12c ./Generated_Code/Cpu.o
 .debug_macro   0x00000000       0xa0 ./Generated_Code/Cpu.o
 .debug_macro   0x00000000       0x46 ./Generated_Code/Cpu.o
 .debug_macro   0x00000000       0x26 ./Generated_Code/Cpu.o
 .debug_macro   0x00000000      0x6a6 ./Generated_Code/Cpu.o
 .debug_macro   0x00000000       0x51 ./Generated_Code/Cpu.o
 .debug_macro   0x00000000       0x46 ./Generated_Code/Cpu.o
 .debug_macro   0x00000000       0x1f ./Generated_Code/Cpu.o
 .debug_macro   0x00000000       0x46 ./Generated_Code/Cpu.o
 .debug_macro   0x00000000       0x1f ./Generated_Code/Cpu.o
 .debug_macro   0x00000000       0x46 ./Generated_Code/Cpu.o
 .debug_macro   0x00000000       0x1f ./Generated_Code/Cpu.o
 .debug_macro   0x00000000       0x46 ./Generated_Code/Cpu.o
 .debug_macro   0x00000000       0x1f ./Generated_Code/Cpu.o
 .debug_macro   0x00000000      0x4ea ./Generated_Code/Cpu.o
 .debug_macro   0x00000000       0x96 ./Generated_Code/Cpu.o
 COMMON         0x00000000        0x1 ./Generated_Code/Cpu.o
 .group         0x00000000        0x8 ./Generated_Code/ENCODER.o
 .group         0x00000000        0x8 ./Generated_Code/ENCODER.o
 .group         0x00000000        0x8 ./Generated_Code/ENCODER.o
 .group         0x00000000        0x8 ./Generated_Code/ENCODER.o
 .group         0x00000000        0x8 ./Generated_Code/ENCODER.o
 .group         0x00000000        0x8 ./Generated_Code/ENCODER.o
 .group         0x00000000        0x8 ./Generated_Code/ENCODER.o
 .group         0x00000000        0x8 ./Generated_Code/ENCODER.o
 .group         0x00000000        0x8 ./Generated_Code/ENCODER.o
 .group         0x00000000        0x8 ./Generated_Code/ENCODER.o
 .group         0x00000000        0x8 ./Generated_Code/ENCODER.o
 .group         0x00000000        0x8 ./Generated_Code/ENCODER.o
 .group         0x00000000        0x8 ./Generated_Code/ENCODER.o
 .group         0x00000000        0x8 ./Generated_Code/ENCODER.o
 .group         0x00000000        0x8 ./Generated_Code/ENCODER.o
 .group         0x00000000        0x8 ./Generated_Code/ENCODER.o
 .group         0x00000000        0x8 ./Generated_Code/ENCODER.o
 .group         0x00000000        0x8 ./Generated_Code/ENCODER.o
 .group         0x00000000        0x8 ./Generated_Code/ENCODER.o
 .group         0x00000000        0x8 ./Generated_Code/ENCODER.o
 .group         0x00000000        0x8 ./Generated_Code/ENCODER.o
 .group         0x00000000        0x8 ./Generated_Code/ENCODER.o
 .group         0x00000000        0x8 ./Generated_Code/ENCODER.o
 .group         0x00000000        0x8 ./Generated_Code/ENCODER.o
 .group         0x00000000        0x8 ./Generated_Code/ENCODER.o
 .text          0x00000000        0x0 ./Generated_Code/ENCODER.o
 .data          0x00000000        0x0 ./Generated_Code/ENCODER.o
 .bss           0x00000000        0x0 ./Generated_Code/ENCODER.o
 .text.ENCODER_SetFieldValue
                0x00000000       0x54 ./Generated_Code/ENCODER.o
 .text.ENCODER_ClearFieldBits
                0x00000000       0x40 ./Generated_Code/ENCODER.o
 .text.ENCODER_SetFieldBits
                0x00000000       0x40 ./Generated_Code/ENCODER.o
 .text.ENCODER_ToggleFieldBits
                0x00000000       0x40 ./Generated_Code/ENCODER.o
 .debug_macro   0x00000000      0x84a ./Generated_Code/ENCODER.o
 .debug_macro   0x00000000       0x16 ./Generated_Code/ENCODER.o
 .debug_macro   0x00000000       0x44 ./Generated_Code/ENCODER.o
 .debug_macro   0x00000000      0x209 ./Generated_Code/ENCODER.o
 .debug_macro   0x00000000     0x17de ./Generated_Code/ENCODER.o
 .debug_macro   0x00000000      0x14e ./Generated_Code/ENCODER.o
 .debug_macro   0x00000000       0x6a ./Generated_Code/ENCODER.o
 .debug_macro   0x00000000     0xd4f6 ./Generated_Code/ENCODER.o
 .debug_macro   0x00000000       0x94 ./Generated_Code/ENCODER.o
 .debug_macro   0x00000000      0x12c ./Generated_Code/ENCODER.o
 .debug_macro   0x00000000       0xa0 ./Generated_Code/ENCODER.o
 .debug_macro   0x00000000       0x46 ./Generated_Code/ENCODER.o
 .debug_macro   0x00000000       0x26 ./Generated_Code/ENCODER.o
 .debug_macro   0x00000000      0x6a6 ./Generated_Code/ENCODER.o
 .debug_macro   0x00000000       0x51 ./Generated_Code/ENCODER.o
 .debug_macro   0x00000000       0x46 ./Generated_Code/ENCODER.o
 .debug_macro   0x00000000       0x1f ./Generated_Code/ENCODER.o
 .debug_macro   0x00000000       0x46 ./Generated_Code/ENCODER.o
 .debug_macro   0x00000000       0x1f ./Generated_Code/ENCODER.o
 .debug_macro   0x00000000       0x46 ./Generated_Code/ENCODER.o
 .debug_macro   0x00000000       0x1f ./Generated_Code/ENCODER.o
 .debug_macro   0x00000000       0x46 ./Generated_Code/ENCODER.o
 .debug_macro   0x00000000       0x1f ./Generated_Code/ENCODER.o
 .debug_macro   0x00000000      0x4ea ./Generated_Code/ENCODER.o
 .debug_macro   0x00000000       0x96 ./Generated_Code/ENCODER.o
 .group         0x00000000        0x8 ./Generated_Code/LED_DEBUG.o
 .group         0x00000000        0x8 ./Generated_Code/LED_DEBUG.o
 .group         0x00000000        0x8 ./Generated_Code/LED_DEBUG.o
 .group         0x00000000        0x8 ./Generated_Code/LED_DEBUG.o
 .group         0x00000000        0x8 ./Generated_Code/LED_DEBUG.o
 .group         0x00000000        0x8 ./Generated_Code/LED_DEBUG.o
 .group         0x00000000        0x8 ./Generated_Code/LED_DEBUG.o
 .group         0x00000000        0x8 ./Generated_Code/LED_DEBUG.o
 .group         0x00000000        0x8 ./Generated_Code/LED_DEBUG.o
 .group         0x00000000        0x8 ./Generated_Code/LED_DEBUG.o
 .group         0x00000000        0x8 ./Generated_Code/LED_DEBUG.o
 .group         0x00000000        0x8 ./Generated_Code/LED_DEBUG.o
 .group         0x00000000        0x8 ./Generated_Code/LED_DEBUG.o
 .text          0x00000000        0x0 ./Generated_Code/LED_DEBUG.o
 .data          0x00000000        0x0 ./Generated_Code/LED_DEBUG.o
 .bss           0x00000000        0x0 ./Generated_Code/LED_DEBUG.o
 .debug_info    0x00000000       0x7d ./Generated_Code/LED_DEBUG.o
 .debug_abbrev  0x00000000       0x29 ./Generated_Code/LED_DEBUG.o
 .debug_aranges
                0x00000000       0x18 ./Generated_Code/LED_DEBUG.o
 .debug_macro   0x00000000       0xb5 ./Generated_Code/LED_DEBUG.o
 .debug_macro   0x00000000      0x84a ./Generated_Code/LED_DEBUG.o
 .debug_macro   0x00000000       0x16 ./Generated_Code/LED_DEBUG.o
 .debug_macro   0x00000000       0x44 ./Generated_Code/LED_DEBUG.o
 .debug_macro   0x00000000      0x209 ./Generated_Code/LED_DEBUG.o
 .debug_macro   0x00000000     0x17de ./Generated_Code/LED_DEBUG.o
 .debug_macro   0x00000000      0x14e ./Generated_Code/LED_DEBUG.o
 .debug_macro   0x00000000       0x6a ./Generated_Code/LED_DEBUG.o
 .debug_macro   0x00000000     0xd4f6 ./Generated_Code/LED_DEBUG.o
 .debug_macro   0x00000000       0x94 ./Generated_Code/LED_DEBUG.o
 .debug_macro   0x00000000      0x12c ./Generated_Code/LED_DEBUG.o
 .debug_macro   0x00000000       0xa0 ./Generated_Code/LED_DEBUG.o
 .debug_macro   0x00000000       0x46 ./Generated_Code/LED_DEBUG.o
 .debug_macro   0x00000000       0x26 ./Generated_Code/LED_DEBUG.o
 .debug_line    0x00000000      0x27d ./Generated_Code/LED_DEBUG.o
 .debug_str     0x00000000    0x52669 ./Generated_Code/LED_DEBUG.o
 .comment       0x00000000       0x71 ./Generated_Code/LED_DEBUG.o
 .ARM.attributes
                0x00000000       0x33 ./Generated_Code/LED_DEBUG.o
 .group         0x00000000        0x8 ./Generated_Code/LED_STATUS_1.o
 .group         0x00000000        0x8 ./Generated_Code/LED_STATUS_1.o
 .group         0x00000000        0x8 ./Generated_Code/LED_STATUS_1.o
 .group         0x00000000        0x8 ./Generated_Code/LED_STATUS_1.o
 .group         0x00000000        0x8 ./Generated_Code/LED_STATUS_1.o
 .group         0x00000000        0x8 ./Generated_Code/LED_STATUS_1.o
 .group         0x00000000        0x8 ./Generated_Code/LED_STATUS_1.o
 .group         0x00000000        0x8 ./Generated_Code/LED_STATUS_1.o
 .group         0x00000000        0x8 ./Generated_Code/LED_STATUS_1.o
 .group         0x00000000        0x8 ./Generated_Code/LED_STATUS_1.o
 .group         0x00000000        0x8 ./Generated_Code/LED_STATUS_1.o
 .group         0x00000000        0x8 ./Generated_Code/LED_STATUS_1.o
 .group         0x00000000        0x8 ./Generated_Code/LED_STATUS_1.o
 .text          0x00000000        0x0 ./Generated_Code/LED_STATUS_1.o
 .data          0x00000000        0x0 ./Generated_Code/LED_STATUS_1.o
 .bss           0x00000000        0x0 ./Generated_Code/LED_STATUS_1.o
 .debug_info    0x00000000       0x7d ./Generated_Code/LED_STATUS_1.o
 .debug_abbrev  0x00000000       0x29 ./Generated_Code/LED_STATUS_1.o
 .debug_aranges
                0x00000000       0x18 ./Generated_Code/LED_STATUS_1.o
 .debug_macro   0x00000000       0xb5 ./Generated_Code/LED_STATUS_1.o
 .debug_macro   0x00000000      0x84a ./Generated_Code/LED_STATUS_1.o
 .debug_macro   0x00000000       0x16 ./Generated_Code/LED_STATUS_1.o
 .debug_macro   0x00000000       0x44 ./Generated_Code/LED_STATUS_1.o
 .debug_macro   0x00000000      0x209 ./Generated_Code/LED_STATUS_1.o
 .debug_macro   0x00000000     0x17de ./Generated_Code/LED_STATUS_1.o
 .debug_macro   0x00000000      0x14e ./Generated_Code/LED_STATUS_1.o
 .debug_macro   0x00000000       0x6a ./Generated_Code/LED_STATUS_1.o
 .debug_macro   0x00000000     0xd4f6 ./Generated_Code/LED_STATUS_1.o
 .debug_macro   0x00000000       0x94 ./Generated_Code/LED_STATUS_1.o
 .debug_macro   0x00000000      0x12c ./Generated_Code/LED_STATUS_1.o
 .debug_macro   0x00000000       0xa0 ./Generated_Code/LED_STATUS_1.o
 .debug_macro   0x00000000       0x40 ./Generated_Code/LED_STATUS_1.o
 .debug_macro   0x00000000       0x1f ./Generated_Code/LED_STATUS_1.o
 .debug_line    0x00000000      0x283 ./Generated_Code/LED_STATUS_1.o
 .debug_str     0x00000000    0x5261e ./Generated_Code/LED_STATUS_1.o
 .comment       0x00000000       0x71 ./Generated_Code/LED_STATUS_1.o
 .ARM.attributes
                0x00000000       0x33 ./Generated_Code/LED_STATUS_1.o
 .group         0x00000000        0x8 ./Generated_Code/LED_STATUS_2.o
 .group         0x00000000        0x8 ./Generated_Code/LED_STATUS_2.o
 .group         0x00000000        0x8 ./Generated_Code/LED_STATUS_2.o
 .group         0x00000000        0x8 ./Generated_Code/LED_STATUS_2.o
 .group         0x00000000        0x8 ./Generated_Code/LED_STATUS_2.o
 .group         0x00000000        0x8 ./Generated_Code/LED_STATUS_2.o
 .group         0x00000000        0x8 ./Generated_Code/LED_STATUS_2.o
 .group         0x00000000        0x8 ./Generated_Code/LED_STATUS_2.o
 .group         0x00000000        0x8 ./Generated_Code/LED_STATUS_2.o
 .group         0x00000000        0x8 ./Generated_Code/LED_STATUS_2.o
 .group         0x00000000        0x8 ./Generated_Code/LED_STATUS_2.o
 .group         0x00000000        0x8 ./Generated_Code/LED_STATUS_2.o
 .group         0x00000000        0x8 ./Generated_Code/LED_STATUS_2.o
 .text          0x00000000        0x0 ./Generated_Code/LED_STATUS_2.o
 .data          0x00000000        0x0 ./Generated_Code/LED_STATUS_2.o
 .bss           0x00000000        0x0 ./Generated_Code/LED_STATUS_2.o
 .debug_info    0x00000000       0x7d ./Generated_Code/LED_STATUS_2.o
 .debug_abbrev  0x00000000       0x29 ./Generated_Code/LED_STATUS_2.o
 .debug_aranges
                0x00000000       0x18 ./Generated_Code/LED_STATUS_2.o
 .debug_macro   0x00000000       0xb5 ./Generated_Code/LED_STATUS_2.o
 .debug_macro   0x00000000      0x84a ./Generated_Code/LED_STATUS_2.o
 .debug_macro   0x00000000       0x16 ./Generated_Code/LED_STATUS_2.o
 .debug_macro   0x00000000       0x44 ./Generated_Code/LED_STATUS_2.o
 .debug_macro   0x00000000      0x209 ./Generated_Code/LED_STATUS_2.o
 .debug_macro   0x00000000     0x17de ./Generated_Code/LED_STATUS_2.o
 .debug_macro   0x00000000      0x14e ./Generated_Code/LED_STATUS_2.o
 .debug_macro   0x00000000       0x6a ./Generated_Code/LED_STATUS_2.o
 .debug_macro   0x00000000     0xd4f6 ./Generated_Code/LED_STATUS_2.o
 .debug_macro   0x00000000       0x94 ./Generated_Code/LED_STATUS_2.o
 .debug_macro   0x00000000      0x12c ./Generated_Code/LED_STATUS_2.o
 .debug_macro   0x00000000       0xa0 ./Generated_Code/LED_STATUS_2.o
 .debug_macro   0x00000000       0x40 ./Generated_Code/LED_STATUS_2.o
 .debug_macro   0x00000000       0x1f ./Generated_Code/LED_STATUS_2.o
 .debug_line    0x00000000      0x283 ./Generated_Code/LED_STATUS_2.o
 .debug_str     0x00000000    0x5261e ./Generated_Code/LED_STATUS_2.o
 .comment       0x00000000       0x71 ./Generated_Code/LED_STATUS_2.o
 .ARM.attributes
                0x00000000       0x33 ./Generated_Code/LED_STATUS_2.o
 .group         0x00000000        0x8 ./Generated_Code/LED_STATUS_3.o
 .group         0x00000000        0x8 ./Generated_Code/LED_STATUS_3.o
 .group         0x00000000        0x8 ./Generated_Code/LED_STATUS_3.o
 .group         0x00000000        0x8 ./Generated_Code/LED_STATUS_3.o
 .group         0x00000000        0x8 ./Generated_Code/LED_STATUS_3.o
 .group         0x00000000        0x8 ./Generated_Code/LED_STATUS_3.o
 .group         0x00000000        0x8 ./Generated_Code/LED_STATUS_3.o
 .group         0x00000000        0x8 ./Generated_Code/LED_STATUS_3.o
 .group         0x00000000        0x8 ./Generated_Code/LED_STATUS_3.o
 .group         0x00000000        0x8 ./Generated_Code/LED_STATUS_3.o
 .group         0x00000000        0x8 ./Generated_Code/LED_STATUS_3.o
 .group         0x00000000        0x8 ./Generated_Code/LED_STATUS_3.o
 .group         0x00000000        0x8 ./Generated_Code/LED_STATUS_3.o
 .text          0x00000000        0x0 ./Generated_Code/LED_STATUS_3.o
 .data          0x00000000        0x0 ./Generated_Code/LED_STATUS_3.o
 .bss           0x00000000        0x0 ./Generated_Code/LED_STATUS_3.o
 .debug_info    0x00000000       0x7d ./Generated_Code/LED_STATUS_3.o
 .debug_abbrev  0x00000000       0x29 ./Generated_Code/LED_STATUS_3.o
 .debug_aranges
                0x00000000       0x18 ./Generated_Code/LED_STATUS_3.o
 .debug_macro   0x00000000       0xb5 ./Generated_Code/LED_STATUS_3.o
 .debug_macro   0x00000000      0x84a ./Generated_Code/LED_STATUS_3.o
 .debug_macro   0x00000000       0x16 ./Generated_Code/LED_STATUS_3.o
 .debug_macro   0x00000000       0x44 ./Generated_Code/LED_STATUS_3.o
 .debug_macro   0x00000000      0x209 ./Generated_Code/LED_STATUS_3.o
 .debug_macro   0x00000000     0x17de ./Generated_Code/LED_STATUS_3.o
 .debug_macro   0x00000000      0x14e ./Generated_Code/LED_STATUS_3.o
 .debug_macro   0x00000000       0x6a ./Generated_Code/LED_STATUS_3.o
 .debug_macro   0x00000000     0xd4f6 ./Generated_Code/LED_STATUS_3.o
 .debug_macro   0x00000000       0x94 ./Generated_Code/LED_STATUS_3.o
 .debug_macro   0x00000000      0x12c ./Generated_Code/LED_STATUS_3.o
 .debug_macro   0x00000000       0xa0 ./Generated_Code/LED_STATUS_3.o
 .debug_macro   0x00000000       0x40 ./Generated_Code/LED_STATUS_3.o
 .debug_macro   0x00000000       0x1f ./Generated_Code/LED_STATUS_3.o
 .debug_line    0x00000000      0x283 ./Generated_Code/LED_STATUS_3.o
 .debug_str     0x00000000    0x5261e ./Generated_Code/LED_STATUS_3.o
 .comment       0x00000000       0x71 ./Generated_Code/LED_STATUS_3.o
 .ARM.attributes
                0x00000000       0x33 ./Generated_Code/LED_STATUS_3.o
 .group         0x00000000        0x8 ./Generated_Code/LED_STATUS_4.o
 .group         0x00000000        0x8 ./Generated_Code/LED_STATUS_4.o
 .group         0x00000000        0x8 ./Generated_Code/LED_STATUS_4.o
 .group         0x00000000        0x8 ./Generated_Code/LED_STATUS_4.o
 .group         0x00000000        0x8 ./Generated_Code/LED_STATUS_4.o
 .group         0x00000000        0x8 ./Generated_Code/LED_STATUS_4.o
 .group         0x00000000        0x8 ./Generated_Code/LED_STATUS_4.o
 .group         0x00000000        0x8 ./Generated_Code/LED_STATUS_4.o
 .group         0x00000000        0x8 ./Generated_Code/LED_STATUS_4.o
 .group         0x00000000        0x8 ./Generated_Code/LED_STATUS_4.o
 .group         0x00000000        0x8 ./Generated_Code/LED_STATUS_4.o
 .group         0x00000000        0x8 ./Generated_Code/LED_STATUS_4.o
 .group         0x00000000        0x8 ./Generated_Code/LED_STATUS_4.o
 .text          0x00000000        0x0 ./Generated_Code/LED_STATUS_4.o
 .data          0x00000000        0x0 ./Generated_Code/LED_STATUS_4.o
 .bss           0x00000000        0x0 ./Generated_Code/LED_STATUS_4.o
 .debug_info    0x00000000       0x7d ./Generated_Code/LED_STATUS_4.o
 .debug_abbrev  0x00000000       0x29 ./Generated_Code/LED_STATUS_4.o
 .debug_aranges
                0x00000000       0x18 ./Generated_Code/LED_STATUS_4.o
 .debug_macro   0x00000000       0xb5 ./Generated_Code/LED_STATUS_4.o
 .debug_macro   0x00000000      0x84a ./Generated_Code/LED_STATUS_4.o
 .debug_macro   0x00000000       0x16 ./Generated_Code/LED_STATUS_4.o
 .debug_macro   0x00000000       0x44 ./Generated_Code/LED_STATUS_4.o
 .debug_macro   0x00000000      0x209 ./Generated_Code/LED_STATUS_4.o
 .debug_macro   0x00000000     0x17de ./Generated_Code/LED_STATUS_4.o
 .debug_macro   0x00000000      0x14e ./Generated_Code/LED_STATUS_4.o
 .debug_macro   0x00000000       0x6a ./Generated_Code/LED_STATUS_4.o
 .debug_macro   0x00000000     0xd4f6 ./Generated_Code/LED_STATUS_4.o
 .debug_macro   0x00000000       0x94 ./Generated_Code/LED_STATUS_4.o
 .debug_macro   0x00000000      0x12c ./Generated_Code/LED_STATUS_4.o
 .debug_macro   0x00000000       0xa0 ./Generated_Code/LED_STATUS_4.o
 .debug_macro   0x00000000       0x40 ./Generated_Code/LED_STATUS_4.o
 .debug_macro   0x00000000       0x1f ./Generated_Code/LED_STATUS_4.o
 .debug_line    0x00000000      0x283 ./Generated_Code/LED_STATUS_4.o
 .debug_str     0x00000000    0x5261e ./Generated_Code/LED_STATUS_4.o
 .comment       0x00000000       0x71 ./Generated_Code/LED_STATUS_4.o
 .ARM.attributes
                0x00000000       0x33 ./Generated_Code/LED_STATUS_4.o
 .group         0x00000000        0x8 ./Generated_Code/PE_LDD.o
 .group         0x00000000        0x8 ./Generated_Code/PE_LDD.o
 .group         0x00000000        0x8 ./Generated_Code/PE_LDD.o
 .group         0x00000000        0x8 ./Generated_Code/PE_LDD.o
 .group         0x00000000        0x8 ./Generated_Code/PE_LDD.o
 .group         0x00000000        0x8 ./Generated_Code/PE_LDD.o
 .group         0x00000000        0x8 ./Generated_Code/PE_LDD.o
 .group         0x00000000        0x8 ./Generated_Code/PE_LDD.o
 .group         0x00000000        0x8 ./Generated_Code/PE_LDD.o
 .group         0x00000000        0x8 ./Generated_Code/PE_LDD.o
 .group         0x00000000        0x8 ./Generated_Code/PE_LDD.o
 .group         0x00000000        0x8 ./Generated_Code/PE_LDD.o
 .group         0x00000000        0x8 ./Generated_Code/PE_LDD.o
 .group         0x00000000        0x8 ./Generated_Code/PE_LDD.o
 .group         0x00000000        0x8 ./Generated_Code/PE_LDD.o
 .group         0x00000000        0x8 ./Generated_Code/PE_LDD.o
 .group         0x00000000        0x8 ./Generated_Code/PE_LDD.o
 .group         0x00000000        0x8 ./Generated_Code/PE_LDD.o
 .group         0x00000000        0x8 ./Generated_Code/PE_LDD.o
 .group         0x00000000        0x8 ./Generated_Code/PE_LDD.o
 .group         0x00000000        0x8 ./Generated_Code/PE_LDD.o
 .group         0x00000000        0x8 ./Generated_Code/PE_LDD.o
 .group         0x00000000        0x8 ./Generated_Code/PE_LDD.o
 .group         0x00000000        0x8 ./Generated_Code/PE_LDD.o
 .group         0x00000000        0x8 ./Generated_Code/PE_LDD.o
 .text          0x00000000        0x0 ./Generated_Code/PE_LDD.o
 .data          0x00000000        0x0 ./Generated_Code/PE_LDD.o
 .bss           0x00000000        0x0 ./Generated_Code/PE_LDD.o
 .rodata.PE_CpuClockConfigurations
                0x00000000       0x28 ./Generated_Code/PE_LDD.o
 .text.PE_FillMemory
                0x00000000       0x24 ./Generated_Code/PE_LDD.o
 .text.PE_PeripheralUsed
                0x00000000       0x54 ./Generated_Code/PE_LDD.o
 .text.LDD_SetClockConfiguration
                0x00000000       0x14 ./Generated_Code/PE_LDD.o
 .debug_macro   0x00000000      0x84a ./Generated_Code/PE_LDD.o
 .debug_macro   0x00000000       0x16 ./Generated_Code/PE_LDD.o
 .debug_macro   0x00000000       0x44 ./Generated_Code/PE_LDD.o
 .debug_macro   0x00000000      0x209 ./Generated_Code/PE_LDD.o
 .debug_macro   0x00000000     0x17de ./Generated_Code/PE_LDD.o
 .debug_macro   0x00000000      0x14e ./Generated_Code/PE_LDD.o
 .debug_macro   0x00000000       0x6a ./Generated_Code/PE_LDD.o
 .debug_macro   0x00000000     0xd4f6 ./Generated_Code/PE_LDD.o
 .debug_macro   0x00000000       0x94 ./Generated_Code/PE_LDD.o
 .debug_macro   0x00000000      0x12c ./Generated_Code/PE_LDD.o
 .debug_macro   0x00000000       0xa0 ./Generated_Code/PE_LDD.o
 .debug_macro   0x00000000       0x46 ./Generated_Code/PE_LDD.o
 .debug_macro   0x00000000       0x26 ./Generated_Code/PE_LDD.o
 .debug_macro   0x00000000      0x6a6 ./Generated_Code/PE_LDD.o
 .debug_macro   0x00000000       0x51 ./Generated_Code/PE_LDD.o
 .debug_macro   0x00000000       0x46 ./Generated_Code/PE_LDD.o
 .debug_macro   0x00000000       0x1f ./Generated_Code/PE_LDD.o
 .debug_macro   0x00000000       0x46 ./Generated_Code/PE_LDD.o
 .debug_macro   0x00000000       0x1f ./Generated_Code/PE_LDD.o
 .debug_macro   0x00000000       0x46 ./Generated_Code/PE_LDD.o
 .debug_macro   0x00000000       0x1f ./Generated_Code/PE_LDD.o
 .debug_macro   0x00000000       0x46 ./Generated_Code/PE_LDD.o
 .debug_macro   0x00000000       0x1f ./Generated_Code/PE_LDD.o
 .debug_macro   0x00000000      0x4ea ./Generated_Code/PE_LDD.o
 .debug_macro   0x00000000       0x96 ./Generated_Code/PE_LDD.o
 .group         0x00000000        0x8 ./Generated_Code/TU1.o
 .group         0x00000000        0x8 ./Generated_Code/TU1.o
 .group         0x00000000        0x8 ./Generated_Code/TU1.o
 .group         0x00000000        0x8 ./Generated_Code/TU1.o
 .group         0x00000000        0x8 ./Generated_Code/TU1.o
 .group         0x00000000        0x8 ./Generated_Code/TU1.o
 .group         0x00000000        0x8 ./Generated_Code/TU1.o
 .group         0x00000000        0x8 ./Generated_Code/TU1.o
 .group         0x00000000        0x8 ./Generated_Code/TU1.o
 .group         0x00000000        0x8 ./Generated_Code/TU1.o
 .group         0x00000000        0x8 ./Generated_Code/TU1.o
 .group         0x00000000        0x8 ./Generated_Code/TU1.o
 .group         0x00000000        0x8 ./Generated_Code/TU1.o
 .group         0x00000000        0x8 ./Generated_Code/TU1.o
 .group         0x00000000        0x8 ./Generated_Code/TU1.o
 .group         0x00000000        0x8 ./Generated_Code/TU1.o
 .group         0x00000000        0x8 ./Generated_Code/TU1.o
 .group         0x00000000        0x8 ./Generated_Code/TU1.o
 .group         0x00000000        0x8 ./Generated_Code/TU1.o
 .group         0x00000000        0x8 ./Generated_Code/TU1.o
 .group         0x00000000        0x8 ./Generated_Code/TU1.o
 .group         0x00000000        0x8 ./Generated_Code/TU1.o
 .group         0x00000000        0x8 ./Generated_Code/TU1.o
 .group         0x00000000        0x8 ./Generated_Code/TU1.o
 .group         0x00000000        0x8 ./Generated_Code/TU1.o
 .text          0x00000000        0x0 ./Generated_Code/TU1.o
 .data          0x00000000        0x0 ./Generated_Code/TU1.o
 .bss           0x00000000        0x0 ./Generated_Code/TU1.o
 .debug_macro   0x00000000      0x84a ./Generated_Code/TU1.o
 .debug_macro   0x00000000       0x16 ./Generated_Code/TU1.o
 .debug_macro   0x00000000       0x44 ./Generated_Code/TU1.o
 .debug_macro   0x00000000      0x209 ./Generated_Code/TU1.o
 .debug_macro   0x00000000     0x17de ./Generated_Code/TU1.o
 .debug_macro   0x00000000      0x14e ./Generated_Code/TU1.o
 .debug_macro   0x00000000       0x6a ./Generated_Code/TU1.o
 .debug_macro   0x00000000     0xd4f6 ./Generated_Code/TU1.o
 .debug_macro   0x00000000       0x94 ./Generated_Code/TU1.o
 .debug_macro   0x00000000      0x12c ./Generated_Code/TU1.o
 .debug_macro   0x00000000       0xa0 ./Generated_Code/TU1.o
 .debug_macro   0x00000000       0x46 ./Generated_Code/TU1.o
 .debug_macro   0x00000000       0x26 ./Generated_Code/TU1.o
 .debug_macro   0x00000000      0x6a6 ./Generated_Code/TU1.o
 .debug_macro   0x00000000       0x51 ./Generated_Code/TU1.o
 .debug_macro   0x00000000       0x46 ./Generated_Code/TU1.o
 .debug_macro   0x00000000       0x1f ./Generated_Code/TU1.o
 .debug_macro   0x00000000       0x46 ./Generated_Code/TU1.o
 .debug_macro   0x00000000       0x1f ./Generated_Code/TU1.o
 .debug_macro   0x00000000       0x46 ./Generated_Code/TU1.o
 .debug_macro   0x00000000       0x1f ./Generated_Code/TU1.o
 .debug_macro   0x00000000       0x46 ./Generated_Code/TU1.o
 .debug_macro   0x00000000       0x1f ./Generated_Code/TU1.o
 .debug_macro   0x00000000      0x4ea ./Generated_Code/TU1.o
 .debug_macro   0x00000000       0x96 ./Generated_Code/TU1.o
 .group         0x00000000        0x8 ./Generated_Code/Vectors.o
 .group         0x00000000        0x8 ./Generated_Code/Vectors.o
 .group         0x00000000        0x8 ./Generated_Code/Vectors.o
 .group         0x00000000        0x8 ./Generated_Code/Vectors.o
 .group         0x00000000        0x8 ./Generated_Code/Vectors.o
 .group         0x00000000        0x8 ./Generated_Code/Vectors.o
 .group         0x00000000        0x8 ./Generated_Code/Vectors.o
 .group         0x00000000        0x8 ./Generated_Code/Vectors.o
 .group         0x00000000        0x8 ./Generated_Code/Vectors.o
 .group         0x00000000        0x8 ./Generated_Code/Vectors.o
 .group         0x00000000        0x8 ./Generated_Code/Vectors.o
 .group         0x00000000        0x8 ./Generated_Code/Vectors.o
 .group         0x00000000        0x8 ./Generated_Code/Vectors.o
 .group         0x00000000        0x8 ./Generated_Code/Vectors.o
 .group         0x00000000        0x8 ./Generated_Code/Vectors.o
 .group         0x00000000        0x8 ./Generated_Code/Vectors.o
 .group         0x00000000        0x8 ./Generated_Code/Vectors.o
 .group         0x00000000        0x8 ./Generated_Code/Vectors.o
 .group         0x00000000        0x8 ./Generated_Code/Vectors.o
 .group         0x00000000        0x8 ./Generated_Code/Vectors.o
 .group         0x00000000        0x8 ./Generated_Code/Vectors.o
 .group         0x00000000        0x8 ./Generated_Code/Vectors.o
 .group         0x00000000        0x8 ./Generated_Code/Vectors.o
 .group         0x00000000        0x8 ./Generated_Code/Vectors.o
 .group         0x00000000        0x8 ./Generated_Code/Vectors.o
 .text          0x00000000        0x0 ./Generated_Code/Vectors.o
 .data          0x00000000        0x0 ./Generated_Code/Vectors.o
 .bss           0x00000000        0x0 ./Generated_Code/Vectors.o
 .debug_macro   0x00000000      0x84a ./Generated_Code/Vectors.o
 .debug_macro   0x00000000       0x16 ./Generated_Code/Vectors.o
 .debug_macro   0x00000000       0x44 ./Generated_Code/Vectors.o
 .debug_macro   0x00000000      0x209 ./Generated_Code/Vectors.o
 .debug_macro   0x00000000     0x17de ./Generated_Code/Vectors.o
 .debug_macro   0x00000000      0x14e ./Generated_Code/Vectors.o
 .debug_macro   0x00000000       0x6a ./Generated_Code/Vectors.o
 .debug_macro   0x00000000     0xd4f6 ./Generated_Code/Vectors.o
 .debug_macro   0x00000000       0x9a ./Generated_Code/Vectors.o
 .debug_macro   0x00000000       0x94 ./Generated_Code/Vectors.o
 .debug_macro   0x00000000      0x12c ./Generated_Code/Vectors.o
 .debug_macro   0x00000000       0x46 ./Generated_Code/Vectors.o
 .debug_macro   0x00000000       0x26 ./Generated_Code/Vectors.o
 .debug_macro   0x00000000      0x6a6 ./Generated_Code/Vectors.o
 .debug_macro   0x00000000       0x51 ./Generated_Code/Vectors.o
 .debug_macro   0x00000000       0x46 ./Generated_Code/Vectors.o
 .debug_macro   0x00000000       0x1f ./Generated_Code/Vectors.o
 .debug_macro   0x00000000       0x46 ./Generated_Code/Vectors.o
 .debug_macro   0x00000000       0x1f ./Generated_Code/Vectors.o
 .debug_macro   0x00000000       0x46 ./Generated_Code/Vectors.o
 .debug_macro   0x00000000       0x1f ./Generated_Code/Vectors.o
 .debug_macro   0x00000000       0x46 ./Generated_Code/Vectors.o
 .debug_macro   0x00000000       0x1f ./Generated_Code/Vectors.o
 .debug_macro   0x00000000      0x4ea ./Generated_Code/Vectors.o
 .debug_macro   0x00000000       0x96 ./Generated_Code/Vectors.o
 .text          0x00000000        0x0 c:/freescale/kds_v3/toolchain/bin/../lib/gcc/arm-none-eabi/4.8.4/../../../../arm-none-eabi/lib/armv7e-m\libg_s.a(lib_a-exit.o)
 .data          0x00000000        0x0 c:/freescale/kds_v3/toolchain/bin/../lib/gcc/arm-none-eabi/4.8.4/../../../../arm-none-eabi/lib/armv7e-m\libg_s.a(lib_a-exit.o)
 .bss           0x00000000        0x0 c:/freescale/kds_v3/toolchain/bin/../lib/gcc/arm-none-eabi/4.8.4/../../../../arm-none-eabi/lib/armv7e-m\libg_s.a(lib_a-exit.o)
 .text          0x00000000        0x0 c:/freescale/kds_v3/toolchain/bin/../lib/gcc/arm-none-eabi/4.8.4/../../../../arm-none-eabi/lib/armv7e-m\libg_s.a(lib_a-impure.o)
 .data          0x00000000        0x0 c:/freescale/kds_v3/toolchain/bin/../lib/gcc/arm-none-eabi/4.8.4/../../../../arm-none-eabi/lib/armv7e-m\libg_s.a(lib_a-impure.o)
 .bss           0x00000000        0x0 c:/freescale/kds_v3/toolchain/bin/../lib/gcc/arm-none-eabi/4.8.4/../../../../arm-none-eabi/lib/armv7e-m\libg_s.a(lib_a-impure.o)
 .data._impure_ptr
                0x00000000        0x4 c:/freescale/kds_v3/toolchain/bin/../lib/gcc/arm-none-eabi/4.8.4/../../../../arm-none-eabi/lib/armv7e-m\libg_s.a(lib_a-impure.o)
 .text          0x00000000        0x0 c:/freescale/kds_v3/toolchain/bin/../lib/gcc/arm-none-eabi/4.8.4/../../../../arm-none-eabi/lib/armv7e-m\libg_s.a(lib_a-init.o)
 .data          0x00000000        0x0 c:/freescale/kds_v3/toolchain/bin/../lib/gcc/arm-none-eabi/4.8.4/../../../../arm-none-eabi/lib/armv7e-m\libg_s.a(lib_a-init.o)
 .bss           0x00000000        0x0 c:/freescale/kds_v3/toolchain/bin/../lib/gcc/arm-none-eabi/4.8.4/../../../../arm-none-eabi/lib/armv7e-m\libg_s.a(lib_a-init.o)
 .text          0x00000000        0x0 c:/freescale/kds_v3/toolchain/bin/../lib/gcc/arm-none-eabi/4.8.4/../../../../arm-none-eabi/lib/armv7e-m\libg_s.a(lib_a-memset.o)
 .data          0x00000000        0x0 c:/freescale/kds_v3/toolchain/bin/../lib/gcc/arm-none-eabi/4.8.4/../../../../arm-none-eabi/lib/armv7e-m\libg_s.a(lib_a-memset.o)
 .bss           0x00000000        0x0 c:/freescale/kds_v3/toolchain/bin/../lib/gcc/arm-none-eabi/4.8.4/../../../../arm-none-eabi/lib/armv7e-m\libg_s.a(lib_a-memset.o)
 .text          0x00000000        0x0 c:/freescale/kds_v3/toolchain/bin/../lib/gcc/arm-none-eabi/4.8.4/../../../../arm-none-eabi/lib/armv7e-m\libnosys.a(_exit.o)
 .data          0x00000000        0x0 c:/freescale/kds_v3/toolchain/bin/../lib/gcc/arm-none-eabi/4.8.4/../../../../arm-none-eabi/lib/armv7e-m\libnosys.a(_exit.o)
 .bss           0x00000000        0x0 c:/freescale/kds_v3/toolchain/bin/../lib/gcc/arm-none-eabi/4.8.4/../../../../arm-none-eabi/lib/armv7e-m\libnosys.a(_exit.o)
 .text          0x00000000        0x0 c:/freescale/kds_v3/toolchain/bin/../lib/gcc/arm-none-eabi/4.8.4/armv7e-m/crtend.o
 .data          0x00000000        0x0 c:/freescale/kds_v3/toolchain/bin/../lib/gcc/arm-none-eabi/4.8.4/armv7e-m/crtend.o
 .bss           0x00000000        0x0 c:/freescale/kds_v3/toolchain/bin/../lib/gcc/arm-none-eabi/4.8.4/armv7e-m/crtend.o
 .eh_frame      0x00000000        0x4 c:/freescale/kds_v3/toolchain/bin/../lib/gcc/arm-none-eabi/4.8.4/armv7e-m/crtend.o
 .jcr           0x00000000        0x4 c:/freescale/kds_v3/toolchain/bin/../lib/gcc/arm-none-eabi/4.8.4/armv7e-m/crtend.o
 .ARM.attributes
                0x00000000       0x2e c:/freescale/kds_v3/toolchain/bin/../lib/gcc/arm-none-eabi/4.8.4/armv7e-m/crtend.o
 .text          0x00000000        0x0 c:/freescale/kds_v3/toolchain/bin/../lib/gcc/arm-none-eabi/4.8.4/armv7e-m/crtn.o
 .data          0x00000000        0x0 c:/freescale/kds_v3/toolchain/bin/../lib/gcc/arm-none-eabi/4.8.4/armv7e-m/crtn.o
 .bss           0x00000000        0x0 c:/freescale/kds_v3/toolchain/bin/../lib/gcc/arm-none-eabi/4.8.4/armv7e-m/crtn.o

Memory Configuration

Name             Origin             Length             Attributes
m_interrupts     0x00000000         0x000001bc         xr
m_text           0x00000410         0x0003fbf0         xr
m_data           0x1fff8000         0x00008000         rw
m_data_20000000  0x20000000         0x00008000         rw
m_cfmprotrom     0x00000400         0x00000010         xr
*default*        0x00000000         0xffffffff

Linker script and memory map

LOAD c:/freescale/kds_v3/toolchain/bin/../lib/gcc/arm-none-eabi/4.8.4/armv7e-m/crti.o
LOAD c:/freescale/kds_v3/toolchain/bin/../lib/gcc/arm-none-eabi/4.8.4/armv7e-m/crtbegin.o
LOAD c:/freescale/kds_v3/toolchain/bin/../lib/gcc/arm-none-eabi/4.8.4/../../../../arm-none-eabi/lib/armv7e-m/crt0.o
LOAD ./Sources/Events.o
LOAD ./Sources/display.o
LOAD ./Sources/main.o
LOAD ./Project_Settings/Startup_Code/startup.o
LOAD ./Generated_Code/BitIoLdd1.o
LOAD ./Generated_Code/BitIoLdd2.o
LOAD ./Generated_Code/BitIoLdd3.o
LOAD ./Generated_Code/BitIoLdd4.o
LOAD ./Generated_Code/BitIoLdd5.o
LOAD ./Generated_Code/Cpu.o
LOAD ./Generated_Code/ENCODER.o
LOAD ./Generated_Code/LED_DEBUG.o
LOAD ./Generated_Code/LED_STATUS_1.o
LOAD ./Generated_Code/LED_STATUS_2.o
LOAD ./Generated_Code/LED_STATUS_3.o
LOAD ./Generated_Code/LED_STATUS_4.o
LOAD ./Generated_Code/PE_LDD.o
LOAD ./Generated_Code/TU1.o
LOAD ./Generated_Code/Vectors.o
LOAD c:/freescale/kds_v3/toolchain/bin/../lib/gcc/arm-none-eabi/4.8.4/../../../../arm-none-eabi/lib/armv7e-m\libstdc++_s.a
LOAD c:/freescale/kds_v3/toolchain/bin/../lib/gcc/arm-none-eabi/4.8.4/../../../../arm-none-eabi/lib/armv7e-m\libm.a
START GROUP
LOAD c:/freescale/kds_v3/toolchain/bin/../lib/gcc/arm-none-eabi/4.8.4/armv7e-m\libgcc.a
LOAD c:/freescale/kds_v3/toolchain/bin/../lib/gcc/arm-none-eabi/4.8.4/../../../../arm-none-eabi/lib/armv7e-m\libg_s.a
LOAD c:/freescale/kds_v3/toolchain/bin/../lib/gcc/arm-none-eabi/4.8.4/../../../../arm-none-eabi/lib/armv7e-m\libc_s.a
END GROUP
START GROUP
LOAD c:/freescale/kds_v3/toolchain/bin/../lib/gcc/arm-none-eabi/4.8.4/armv7e-m\libgcc.a
LOAD c:/freescale/kds_v3/toolchain/bin/../lib/gcc/arm-none-eabi/4.8.4/../../../../arm-none-eabi/lib/armv7e-m\libc_s.a
LOAD c:/freescale/kds_v3/toolchain/bin/../lib/gcc/arm-none-eabi/4.8.4/../../../../arm-none-eabi/lib/armv7e-m\libnosys.a
END GROUP
START GROUP
LOAD c:/freescale/kds_v3/toolchain/bin/../lib/gcc/arm-none-eabi/4.8.4/armv7e-m\libgcc.a
LOAD c:/freescale/kds_v3/toolchain/bin/../lib/gcc/arm-none-eabi/4.8.4/../../../../arm-none-eabi/lib/armv7e-m\libc_s.a
LOAD c:/freescale/kds_v3/toolchain/bin/../lib/gcc/arm-none-eabi/4.8.4/../../../../arm-none-eabi/lib/armv7e-m\libnosys.a
END GROUP
LOAD c:/freescale/kds_v3/toolchain/bin/../lib/gcc/arm-none-eabi/4.8.4/armv7e-m/crtend.o
LOAD c:/freescale/kds_v3/toolchain/bin/../lib/gcc/arm-none-eabi/4.8.4/armv7e-m/crtn.o
                0x20000000                _estack = 0x20000000
                0x20000000                __SP_INIT = _estack
                0x20000000                __stack = _estack
                0x00000000                __heap_size = 0x0
                0x00000400                __stack_size = 0x400

.interrupts     0x00000000      0x1bc
                0x00000000                __vector_table = .
                0x00000000                . = ALIGN (0x4)
 *(.vectortable)
 .vectortable   0x00000000      0x1bc ./Generated_Code/Vectors.o
                0x00000000                __vect_table
                0x000001bc                . = ALIGN (0x4)

.cfmprotect     0x00000400       0x10
                0x00000400                . = ALIGN (0x4)
 *(.cfmconfig)
 .cfmconfig     0x00000400       0x10 ./Generated_Code/Cpu.o
                0x00000400                _cfm
                0x00000410                . = ALIGN (0x4)

.text           0x00000410      0xc90
                0x00000410                . = ALIGN (0x4)
 *(.text)
 .text          0x00000410       0x54 c:/freescale/kds_v3/toolchain/bin/../lib/gcc/arm-none-eabi/4.8.4/armv7e-m/crtbegin.o
 .text          0x00000464       0x74 c:/freescale/kds_v3/toolchain/bin/../lib/gcc/arm-none-eabi/4.8.4/../../../../arm-none-eabi/lib/armv7e-m/crt0.o
                0x00000464                _start
                0x00000464                _mainCRTStartup
 *(.text*)
 .text.Cpu_OnNMIINT
                0x000004d8        0xc ./Sources/Events.o
                0x000004d8                Cpu_OnNMIINT
 .text.TU1_OnCounterRestart
                0x000004e4       0x1c ./Sources/Events.o
                0x000004e4                TU1_OnCounterRestart
 .text.ENCODER_OnPortEvent
                0x00000500       0x54 ./Sources/Events.o
                0x00000500                ENCODER_OnPortEvent
 .text.led_init
                0x00000554      0x128 ./Sources/display.o
                0x00000554                led_init
 .text.main     0x0000067c        0xc ./Sources/main.o
                0x0000067c                main
 .text.__copy_rom_section
                0x00000688       0xe4 ./Project_Settings/Startup_Code/startup.o
                0x00000688                __copy_rom_section
 .text.__copy_rom_sections_to_ram
                0x0000076c       0x9c ./Project_Settings/Startup_Code/startup.o
                0x0000076c                __copy_rom_sections_to_ram
 .text.__init_registers
                0x00000808        0xc ./Project_Settings/Startup_Code/startup.o
                0x00000808                __init_registers
 .text.__init_user
                0x00000814        0xc ./Project_Settings/Startup_Code/startup.o
                0x00000814                __init_user
 .text.__thumb_startup
                0x00000820       0x34 ./Project_Settings/Startup_Code/startup.o
                0x00000820                __thumb_startup
 .text.BitIoLdd1_Init
                0x00000854       0x64 ./Generated_Code/BitIoLdd1.o
                0x00000854                BitIoLdd1_Init
 .text.BitIoLdd1_NegVal
                0x000008b8       0x1c ./Generated_Code/BitIoLdd1.o
                0x000008b8                BitIoLdd1_NegVal
 .text.BitIoLdd2_Init
                0x000008d4       0x64 ./Generated_Code/BitIoLdd2.o
                0x000008d4                BitIoLdd2_Init
 .text.BitIoLdd2_PutVal
                0x00000938       0x30 ./Generated_Code/BitIoLdd2.o
                0x00000938                BitIoLdd2_PutVal
 .text.BitIoLdd3_Init
                0x00000968       0x64 ./Generated_Code/BitIoLdd3.o
                0x00000968                BitIoLdd3_Init
 .text.BitIoLdd3_PutVal
                0x000009cc       0x30 ./Generated_Code/BitIoLdd3.o
                0x000009cc                BitIoLdd3_PutVal
 .text.BitIoLdd4_Init
                0x000009fc       0x64 ./Generated_Code/BitIoLdd4.o
                0x000009fc                BitIoLdd4_Init
 .text.BitIoLdd4_PutVal
                0x00000a60       0x30 ./Generated_Code/BitIoLdd4.o
                0x00000a60                BitIoLdd4_PutVal
 .text.BitIoLdd5_Init
                0x00000a90       0x64 ./Generated_Code/BitIoLdd5.o
                0x00000a90                BitIoLdd5_Init
 .text.BitIoLdd5_PutVal
                0x00000af4       0x30 ./Generated_Code/BitIoLdd5.o
                0x00000af4                BitIoLdd5_PutVal
 .text.Cpu_INT_NMIInterrupt
                0x00000b24       0x1c ./Generated_Code/Cpu.o
                0x00000b24                Cpu_INT_NMIInterrupt
 .text.Cpu_Interrupt
                0x00000b40       0x18 ./Generated_Code/Cpu.o
                0x00000b40                Cpu_Interrupt
 .text.__init_hardware
                0x00000b58      0x140 ./Generated_Code/Cpu.o
                0x00000b58                __init_hardware
 .text.Cpu_SetBASEPRI
                0x00000c98       0x18 ./Generated_Code/Cpu.o
                0x00000c98                Cpu_SetBASEPRI
 .text.PE_low_level_init
                0x00000cb0       0xd0 ./Generated_Code/Cpu.o
                0x00000cb0                PE_low_level_init
 .text.ENCODER_Init
                0x00000d80       0xac ./Generated_Code/ENCODER.o
                0x00000d80                ENCODER_Init
 .text.ENCODER_GetFieldValue
                0x00000e2c       0x40 ./Generated_Code/ENCODER.o
                0x00000e2c                ENCODER_GetFieldValue
 .text.ENCODER_Interrupt
                0x00000e6c       0x54 ./Generated_Code/ENCODER.o
                0x00000e6c                ENCODER_Interrupt
 .text.TU1_Init
                0x00000ec0       0xcc ./Generated_Code/TU1.o
                0x00000ec0                TU1_Init
 .text.TU1_Interrupt
                0x00000f8c       0x6c ./Generated_Code/TU1.o
                0x00000f8c                TU1_Interrupt
 .text.exit     0x00000ff8       0x28 c:/freescale/kds_v3/toolchain/bin/../lib/gcc/arm-none-eabi/4.8.4/../../../../arm-none-eabi/lib/armv7e-m\libg_s.a(lib_a-exit.o)
                0x00000ff8                exit
 .text.__libc_init_array
                0x00001020       0x4c c:/freescale/kds_v3/toolchain/bin/../lib/gcc/arm-none-eabi/4.8.4/../../../../arm-none-eabi/lib/armv7e-m\libg_s.a(lib_a-init.o)
                0x00001020                __libc_init_array
 .text.memset   0x0000106c       0x10 c:/freescale/kds_v3/toolchain/bin/../lib/gcc/arm-none-eabi/4.8.4/../../../../arm-none-eabi/lib/armv7e-m\libg_s.a(lib_a-memset.o)
                0x0000106c                memset
 .text._exit    0x0000107c        0x4 c:/freescale/kds_v3/toolchain/bin/../lib/gcc/arm-none-eabi/4.8.4/../../../../arm-none-eabi/lib/armv7e-m\libnosys.a(_exit.o)
                0x0000107c                _exit
 *(.rodata)
 *(.rodata*)
 .rodata.str1.1
                0x00001080        0x2 c:/freescale/kds_v3/toolchain/bin/../lib/gcc/arm-none-eabi/4.8.4/../../../../arm-none-eabi/lib/armv7e-m\libg_s.a(lib_a-impure.o)
 *fill*         0x00001082        0x2 
 .rodata._global_impure_ptr
                0x00001084        0x4 c:/freescale/kds_v3/toolchain/bin/../lib/gcc/arm-none-eabi/4.8.4/../../../../arm-none-eabi/lib/armv7e-m\libg_s.a(lib_a-impure.o)
                0x00001084                _global_impure_ptr
 *(.glue_7)
 .glue_7        0x00000000        0x0 linker stubs
 *(.glue_7t)
 .glue_7t       0x00000000        0x0 linker stubs
 *(.eh_frame)
 .eh_frame      0x00001088        0x0 c:/freescale/kds_v3/toolchain/bin/../lib/gcc/arm-none-eabi/4.8.4/armv7e-m/crtbegin.o
 *(.init)
 .init          0x00001088        0x4 c:/freescale/kds_v3/toolchain/bin/../lib/gcc/arm-none-eabi/4.8.4/armv7e-m/crti.o
                0x00001088                _init
 .init          0x0000108c        0x8 c:/freescale/kds_v3/toolchain/bin/../lib/gcc/arm-none-eabi/4.8.4/armv7e-m/crtn.o
 *(.fini)
 .fini          0x00001094        0x4 c:/freescale/kds_v3/toolchain/bin/../lib/gcc/arm-none-eabi/4.8.4/armv7e-m/crti.o
                0x00001094                _fini
 .fini          0x00001098        0x8 c:/freescale/kds_v3/toolchain/bin/../lib/gcc/arm-none-eabi/4.8.4/armv7e-m/crtn.o
                0x000010a0                . = ALIGN (0x4)
                0x000010a0                _etext = .

.vfp11_veneer   0x000010a0        0x0
 .vfp11_veneer  0x00000000        0x0 linker stubs

.v4_bx          0x000010a0        0x0
 .v4_bx         0x00000000        0x0 linker stubs

.iplt           0x000010a0        0x0
 .iplt          0x00000000        0x0 c:/freescale/kds_v3/toolchain/bin/../lib/gcc/arm-none-eabi/4.8.4/armv7e-m/crtbegin.o

.ARM.extab
 *(.ARM.extab* .gnu.linkonce.armextab.*)

.ARM            0x000010a0        0x8
                0x000010a0                __exidx_start = .
 *(.ARM.exidx*)
 .ARM.exidx     0x000010a0        0x8 c:/freescale/kds_v3/toolchain/bin/../lib/gcc/arm-none-eabi/4.8.4/../../../../arm-none-eabi/lib/armv7e-m/crt0.o
                0x000010a8                __exidx_end = .

.rel.dyn        0x000010a8        0x0
 .rel.iplt      0x00000000        0x0 c:/freescale/kds_v3/toolchain/bin/../lib/gcc/arm-none-eabi/4.8.4/armv7e-m/crtbegin.o

.ctors          0x000010a8        0x0
                0x000010a8                __CTOR_LIST__ = .
 *crtbegin.o(.ctors)
 *(EXCLUDE_FILE(*crtend.o) .ctors)
 *(SORT(.ctors.*))
 *(.ctors)
                0x000010a8                __CTOR_END__ = .

.dtors          0x000010a8        0x0
                0x000010a8                __DTOR_LIST__ = .
 *crtbegin.o(.dtors)
 *(EXCLUDE_FILE(*crtend.o) .dtors)
 *(SORT(.dtors.*))
 *(.dtors)
                0x000010a8                __DTOR_END__ = .

.preinit_array  0x000010a8        0x0
                0x000010a8                PROVIDE (__preinit_array_start, .)
 *(.preinit_array*)
                0x000010a8                PROVIDE (__preinit_array_end, .)

.init_array     0x000010a8        0x4
                0x000010a8                PROVIDE (__init_array_start, .)
 *(SORT(.init_array.*))
 *(.init_array*)
 .init_array    0x000010a8        0x4 c:/freescale/kds_v3/toolchain/bin/../lib/gcc/arm-none-eabi/4.8.4/armv7e-m/crtbegin.o
                0x000010ac                PROVIDE (__init_array_end, .)

.fini_array     0x000010ac        0x4
                0x000010ac                PROVIDE (__fini_array_start, .)
 *(SORT(.fini_array.*))
 *(.fini_array*)
 .fini_array    0x000010ac        0x4 c:/freescale/kds_v3/toolchain/bin/../lib/gcc/arm-none-eabi/4.8.4/armv7e-m/crtbegin.o
                0x000010b0                PROVIDE (__fini_array_end, .)
                0x000010b0                ___ROM_AT = .

.data           0x1fff8000       0x64 load address 0x000010b0
                0x1fff8000                . = ALIGN (0x4)
                0x1fff8000                _sdata = .
 *(.data)
 *(.data*)
 .data.encoder  0x1fff8000        0x4 ./Sources/Events.o
                0x1fff8000                encoder
 .data.impure_data
                0x1fff8004       0x60 c:/freescale/kds_v3/toolchain/bin/../lib/gcc/arm-none-eabi/4.8.4/../../../../arm-none-eabi/lib/armv7e-m\libg_s.a(lib_a-impure.o)
                0x1fff8064                . = ALIGN (0x4)
                0x1fff8064                _edata = .
                0x00000064                ___data_size = (_edata - _sdata)
                0x00001114                ___m_data_20000000_ROMStart = (___ROM_AT + SIZEOF (.data))

.jcr            0x1fff8064        0x0 load address 0x00001114
 .jcr           0x1fff8064        0x0 c:/freescale/kds_v3/toolchain/bin/../lib/gcc/arm-none-eabi/4.8.4/armv7e-m/crtbegin.o

.igot.plt       0x1fff8064        0x0 load address 0x00001114
 .igot.plt      0x00000000        0x0 c:/freescale/kds_v3/toolchain/bin/../lib/gcc/arm-none-eabi/4.8.4/armv7e-m/crtbegin.o

.m_data_20000000
                0x20000000        0x0 load address 0x00001114
                0x20000000                . = ALIGN (0x4)
                0x20000000                ___m_data_20000000_RAMStart = .
 *(.m_data_20000000)
                0x20000000                ___m_data_20000000_RAMEnd = .
                0x20000000                . = ALIGN (0x4)
                0x00000000                ___m_data_20000000_ROMSize = (___m_data_20000000_RAMEnd - ___m_data_20000000_RAMStart)
                0x20000000                . = ALIGN (0x4)

.bss            0x1fff8064       0x64 load address 0x00001114
                0x1fff8064                __START_BSS = .
                0x1fff8064                PROVIDE (__bss_start__, __START_BSS)
 *(.bss)
 .bss           0x1fff8064       0x1c c:/freescale/kds_v3/toolchain/bin/../lib/gcc/arm-none-eabi/4.8.4/armv7e-m/crtbegin.o
 *(.bss*)
 .bss.DeviceDataPrv__DEFAULT_RTOS_ALLOC
                0x1fff8080        0x4 ./Generated_Code/BitIoLdd1.o
 .bss.DeviceDataPrv__DEFAULT_RTOS_ALLOC
                0x1fff8084        0x4 ./Generated_Code/BitIoLdd2.o
 .bss.DeviceDataPrv__DEFAULT_RTOS_ALLOC
                0x1fff8088        0x4 ./Generated_Code/BitIoLdd3.o
 .bss.DeviceDataPrv__DEFAULT_RTOS_ALLOC
                0x1fff808c        0x4 ./Generated_Code/BitIoLdd4.o
 .bss.DeviceDataPrv__DEFAULT_RTOS_ALLOC
                0x1fff8090        0x4 ./Generated_Code/BitIoLdd5.o
 .bss.DeviceDataPrv__DEFAULT_RTOS_ALLOC
                0x1fff8094        0x8 ./Generated_Code/ENCODER.o
 .bss.INT_PORTC__DEFAULT_RTOS_ISRPARAM
                0x1fff809c        0x4 ./Generated_Code/ENCODER.o
 .bss.PE_LDD_DeviceDataList
                0x1fff80a0       0x1c ./Generated_Code/PE_LDD.o
                0x1fff80a0                PE_LDD_DeviceDataList
 .bss.DeviceDataPrv__DEFAULT_RTOS_ALLOC
                0x1fff80bc        0x8 ./Generated_Code/TU1.o
 .bss.INT_FTM0__DEFAULT_RTOS_ISRPARAM
                0x1fff80c4        0x4 ./Generated_Code/TU1.o
 *(COMMON)
                0x1fff80c8                . = ALIGN (0x4)
                0x1fff80c8                __END_BSS = .
                0x1fff80c8                PROVIDE (__bss_end__, __END_BSS)
                0x00001114                _romp_at = ((___ROM_AT + SIZEOF (.data)) + SIZEOF (.m_data_20000000))

.romp           0x1fff80c8       0x24 load address 0x00001114
                0x00001114                __S_romp = _romp_at
                0x1fff80c8        0x4 LONG 0x10b0 ___ROM_AT
                0x1fff80cc        0x4 LONG 0x1fff8000 _sdata
                0x1fff80d0        0x4 LONG 0x64 ___data_size
                0x1fff80d4        0x4 LONG 0x1114 ___m_data_20000000_ROMStart
                0x1fff80d8        0x4 LONG 0x20000000 ___m_data_20000000_RAMStart
                0x1fff80dc        0x4 LONG 0x0 ___m_data_20000000_ROMSize
                0x1fff80e0        0x4 LONG 0x0
                0x1fff80e4        0x4 LONG 0x0
                0x1fff80e8        0x4 LONG 0x0
                0x00040000                text_end = (ORIGIN (m_text) + 0x3fbf0)
                0x00001138                data_init_end = ((___m_data_20000000_ROMStart + SIZEOF (.m_data_20000000)) + SIZEOF (.romp))
                0x00000001                ASSERT ((data_init_end <= text_end), region m_text overflowed with text and data)

._user_heap_stack
                0x1fff80ec      0x400 load address 0x00001138
                0x1fff80ec                . = ALIGN (0x4)
                0x1fff80ec                PROVIDE (end, .)
                0x1fff80ec                PROVIDE (_end, .)
                0x1fff80ec                PROVIDE (__end__, .)
                0x1fff80ec                __heap_addr = .
                0x1fff80ec                __HeapBase = .
                0x1fff80ec                . = (. + __heap_size)
                0x1fff80ec                __HeapLimit = .
                0x1fff84ec                . = (. + __stack_size)
 *fill*         0x1fff80ec      0x400 
                0x1fff84ec                . = ALIGN (0x4)

.ARM.attributes
                0x00000000       0x2a
 *(.ARM.attributes)
 .ARM.attributes
                0x00000000       0x1e c:/freescale/kds_v3/toolchain/bin/../lib/gcc/arm-none-eabi/4.8.4/armv7e-m/crti.o
 .ARM.attributes
                0x0000001e       0x2e c:/freescale/kds_v3/toolchain/bin/../lib/gcc/arm-none-eabi/4.8.4/armv7e-m/crtbegin.o
 .ARM.attributes
                0x0000004c       0x1c c:/freescale/kds_v3/toolchain/bin/../lib/gcc/arm-none-eabi/4.8.4/../../../../arm-none-eabi/lib/armv7e-m/crt0.o
 .ARM.attributes
                0x00000068       0x33 ./Sources/Events.o
 .ARM.attributes
                0x0000009b       0x33 ./Sources/display.o
 .ARM.attributes
                0x000000ce       0x33 ./Sources/main.o
 .ARM.attributes
                0x00000101       0x33 ./Project_Settings/Startup_Code/startup.o
 .ARM.attributes
                0x00000134       0x33 ./Generated_Code/BitIoLdd1.o
 .ARM.attributes
                0x00000167       0x33 ./Generated_Code/BitIoLdd2.o
 .ARM.attributes
                0x0000019a       0x33 ./Generated_Code/BitIoLdd3.o
 .ARM.attributes
                0x000001cd       0x33 ./Generated_Code/BitIoLdd4.o
 .ARM.attributes
                0x00000200       0x33 ./Generated_Code/BitIoLdd5.o
 .ARM.attributes
                0x00000233       0x33 ./Generated_Code/Cpu.o
 .ARM.attributes
                0x00000266       0x33 ./Generated_Code/ENCODER.o
 .ARM.attributes
                0x00000299       0x33 ./Generated_Code/PE_LDD.o
 .ARM.attributes
                0x000002cc       0x33 ./Generated_Code/TU1.o
 .ARM.attributes
                0x000002ff       0x33 ./Generated_Code/Vectors.o
 .ARM.attributes
                0x00000332       0x2e c:/freescale/kds_v3/toolchain/bin/../lib/gcc/arm-none-eabi/4.8.4/../../../../arm-none-eabi/lib/armv7e-m\libg_s.a(lib_a-exit.o)
 .ARM.attributes
                0x00000360       0x2e c:/freescale/kds_v3/toolchain/bin/../lib/gcc/arm-none-eabi/4.8.4/../../../../arm-none-eabi/lib/armv7e-m\libg_s.a(lib_a-impure.o)
 .ARM.attributes
                0x0000038e       0x2e c:/freescale/kds_v3/toolchain/bin/../lib/gcc/arm-none-eabi/4.8.4/../../../../arm-none-eabi/lib/armv7e-m\libg_s.a(lib_a-init.o)
 .ARM.attributes
                0x000003bc       0x2e c:/freescale/kds_v3/toolchain/bin/../lib/gcc/arm-none-eabi/4.8.4/../../../../arm-none-eabi/lib/armv7e-m\libg_s.a(lib_a-memset.o)
 .ARM.attributes
                0x000003ea       0x2e c:/freescale/kds_v3/toolchain/bin/../lib/gcc/arm-none-eabi/4.8.4/../../../../arm-none-eabi/lib/armv7e-m\libnosys.a(_exit.o)
 .ARM.attributes
                0x00000418       0x1e c:/freescale/kds_v3/toolchain/bin/../lib/gcc/arm-none-eabi/4.8.4/armv7e-m/crtn.o
OUTPUT(varmo_lite.elf elf32-littlearm)

.debug_info     0x00000000     0x2ea4
 .debug_info    0x00000000      0x15d ./Sources/Events.o
 .debug_info    0x0000015d       0xca ./Sources/display.o
 .debug_info    0x00000227       0x9a ./Sources/main.o
 .debug_info    0x000002c1      0x20a ./Project_Settings/Startup_Code/startup.o
 .debug_info    0x000004cb      0x377 ./Generated_Code/BitIoLdd1.o
 .debug_info    0x00000842      0x351 ./Generated_Code/BitIoLdd2.o
 .debug_info    0x00000b93      0x351 ./Generated_Code/BitIoLdd3.o
 .debug_info    0x00000ee4      0x351 ./Generated_Code/BitIoLdd4.o
 .debug_info    0x00001235      0x351 ./Generated_Code/BitIoLdd5.o
 .debug_info    0x00001586      0x9f6 ./Generated_Code/Cpu.o
 .debug_info    0x00001f7c      0x58d ./Generated_Code/ENCODER.o
 .debug_info    0x00002509      0x251 ./Generated_Code/PE_LDD.o
 .debug_info    0x0000275a      0x63b ./Generated_Code/TU1.o
 .debug_info    0x00002d95      0x10f ./Generated_Code/Vectors.o

.debug_abbrev   0x00000000      0xf76
 .debug_abbrev  0x00000000       0xf3 ./Sources/Events.o
 .debug_abbrev  0x000000f3       0x89 ./Sources/display.o
 .debug_abbrev  0x0000017c       0x47 ./Sources/main.o
 .debug_abbrev  0x000001c3      0x11e ./Project_Settings/Startup_Code/startup.o
 .debug_abbrev  0x000002e1      0x15f ./Generated_Code/BitIoLdd1.o
 .debug_abbrev  0x00000440      0x136 ./Generated_Code/BitIoLdd2.o
 .debug_abbrev  0x00000576      0x136 ./Generated_Code/BitIoLdd3.o
 .debug_abbrev  0x000006ac      0x136 ./Generated_Code/BitIoLdd4.o
 .debug_abbrev  0x000007e2      0x136 ./Generated_Code/BitIoLdd5.o
 .debug_abbrev  0x00000918      0x178 ./Generated_Code/Cpu.o
 .debug_abbrev  0x00000a90      0x1cb ./Generated_Code/ENCODER.o
 .debug_abbrev  0x00000c5b      0x10d ./Generated_Code/PE_LDD.o
 .debug_abbrev  0x00000d68      0x16a ./Generated_Code/TU1.o
 .debug_abbrev  0x00000ed2       0xa4 ./Generated_Code/Vectors.o

.debug_aranges  0x00000000      0x308
 .debug_aranges
                0x00000000       0x30 ./Sources/Events.o
 .debug_aranges
                0x00000030       0x20 ./Sources/display.o
 .debug_aranges
                0x00000050       0x20 ./Sources/main.o
 .debug_aranges
                0x00000070       0x50 ./Project_Settings/Startup_Code/startup.o
 .debug_aranges
                0x000000c0       0x48 ./Generated_Code/BitIoLdd1.o
 .debug_aranges
                0x00000108       0x40 ./Generated_Code/BitIoLdd2.o
 .debug_aranges
                0x00000148       0x40 ./Generated_Code/BitIoLdd3.o
 .debug_aranges
                0x00000188       0x40 ./Generated_Code/BitIoLdd4.o
 .debug_aranges
                0x000001c8       0x40 ./Generated_Code/BitIoLdd5.o
 .debug_aranges
                0x00000208       0x40 ./Generated_Code/Cpu.o
 .debug_aranges
                0x00000248       0x50 ./Generated_Code/ENCODER.o
 .debug_aranges
                0x00000298       0x30 ./Generated_Code/PE_LDD.o
 .debug_aranges
                0x000002c8       0x28 ./Generated_Code/TU1.o
 .debug_aranges
                0x000002f0       0x18 ./Generated_Code/Vectors.o

.debug_ranges   0x00000000      0x220
 .debug_ranges  0x00000000       0x20 ./Sources/Events.o
 .debug_ranges  0x00000020       0x10 ./Sources/display.o
 .debug_ranges  0x00000030       0x10 ./Sources/main.o
 .debug_ranges  0x00000040       0x40 ./Project_Settings/Startup_Code/startup.o
 .debug_ranges  0x00000080       0x38 ./Generated_Code/BitIoLdd1.o
 .debug_ranges  0x000000b8       0x30 ./Generated_Code/BitIoLdd2.o
 .debug_ranges  0x000000e8       0x30 ./Generated_Code/BitIoLdd3.o
 .debug_ranges  0x00000118       0x30 ./Generated_Code/BitIoLdd4.o
 .debug_ranges  0x00000148       0x30 ./Generated_Code/BitIoLdd5.o
 .debug_ranges  0x00000178       0x30 ./Generated_Code/Cpu.o
 .debug_ranges  0x000001a8       0x40 ./Generated_Code/ENCODER.o
 .debug_ranges  0x000001e8       0x20 ./Generated_Code/PE_LDD.o
 .debug_ranges  0x00000208       0x18 ./Generated_Code/TU1.o

.debug_macro    0x00000000    0x1faae
 .debug_macro   0x00000000      0x17d ./Sources/Events.o
 .debug_macro   0x0000017d      0x84a ./Sources/Events.o
 .debug_macro   0x000009c7       0x16 ./Sources/Events.o
 .debug_macro   0x000009dd       0x44 ./Sources/Events.o
 .debug_macro   0x00000a21      0x209 ./Sources/Events.o
 .debug_macro   0x00000c2a     0x17de ./Sources/Events.o
 .debug_macro   0x00002408      0x14e ./Sources/Events.o
 .debug_macro   0x00002556       0x6a ./Sources/Events.o
 .debug_macro   0x000025c0     0xd4f6 ./Sources/Events.o
 .debug_macro   0x0000fab6       0x9a ./Sources/Events.o
 .debug_macro   0x0000fb50       0x94 ./Sources/Events.o
 .debug_macro   0x0000fbe4      0x12c ./Sources/Events.o
 .debug_macro   0x0000fd10       0x46 ./Sources/Events.o
 .debug_macro   0x0000fd56       0x26 ./Sources/Events.o
 .debug_macro   0x0000fd7c      0x6a6 ./Sources/Events.o
 .debug_macro   0x00010422       0x51 ./Sources/Events.o
 .debug_macro   0x00010473       0x46 ./Sources/Events.o
 .debug_macro   0x000104b9       0x1f ./Sources/Events.o
 .debug_macro   0x000104d8       0x46 ./Sources/Events.o
 .debug_macro   0x0001051e       0x1f ./Sources/Events.o
 .debug_macro   0x0001053d       0x46 ./Sources/Events.o
 .debug_macro   0x00010583       0x1f ./Sources/Events.o
 .debug_macro   0x000105a2       0x46 ./Sources/Events.o
 .debug_macro   0x000105e8       0x1f ./Sources/Events.o
 .debug_macro   0x00010607      0x4ea ./Sources/Events.o
 .debug_macro   0x00010af1       0x96 ./Sources/Events.o
 .debug_macro   0x00010b87       0xfd ./Sources/display.o
 .debug_macro   0x00010c84       0xa0 ./Sources/display.o
 .debug_macro   0x00010d24       0x40 ./Sources/display.o
 .debug_macro   0x00010d64      0x17d ./Sources/main.o
 .debug_macro   0x00010ee1      0x121 ./Project_Settings/Startup_Code/startup.o
 .debug_macro   0x00011002       0x58 ./Project_Settings/Startup_Code/startup.o
 .debug_macro   0x0001105a       0x35 ./Project_Settings/Startup_Code/startup.o
 .debug_macro   0x0001108f       0xa3 ./Project_Settings/Startup_Code/startup.o
 .debug_macro   0x00011132      0x166 ./Project_Settings/Startup_Code/startup.o
 .debug_macro   0x00011298       0x4a ./Project_Settings/Startup_Code/startup.o
 .debug_macro   0x000112e2       0x52 ./Project_Settings/Startup_Code/startup.o
 .debug_macro   0x00011334       0x16 ./Project_Settings/Startup_Code/startup.o
 .debug_macro   0x0001134a       0x43 ./Project_Settings/Startup_Code/startup.o
 .debug_macro   0x0001138d      0x180 ./Project_Settings/Startup_Code/startup.o
 .debug_macro   0x0001150d      0x2a6 ./Project_Settings/Startup_Code/startup.o
 .debug_macro   0x000117b3       0x10 ./Project_Settings/Startup_Code/startup.o
 .debug_macro   0x000117c3       0x35 ./Project_Settings/Startup_Code/startup.o
 .debug_macro   0x000117f8       0x16 ./Project_Settings/Startup_Code/startup.o
 .debug_macro   0x0001180e       0x22 ./Project_Settings/Startup_Code/startup.o
 .debug_macro   0x00011830       0x10 ./Project_Settings/Startup_Code/startup.o
 .debug_macro   0x00011840      0x20f ./Project_Settings/Startup_Code/startup.o
 .debug_macro   0x00011a4f     0xd4ea ./Project_Settings/Startup_Code/startup.o
 .debug_macro   0x0001ef39       0xa6 ./Generated_Code/BitIoLdd1.o
 .debug_macro   0x0001efdf       0xa6 ./Generated_Code/BitIoLdd2.o
 .debug_macro   0x0001f085       0xa6 ./Generated_Code/BitIoLdd3.o
 .debug_macro   0x0001f12b       0x40 ./Generated_Code/BitIoLdd3.o
 .debug_macro   0x0001f16b       0xa6 ./Generated_Code/BitIoLdd4.o
 .debug_macro   0x0001f211       0x40 ./Generated_Code/BitIoLdd4.o
 .debug_macro   0x0001f251       0xa6 ./Generated_Code/BitIoLdd5.o
 .debug_macro   0x0001f2f7       0x40 ./Generated_Code/BitIoLdd5.o
 .debug_macro   0x0001f337      0x197 ./Generated_Code/Cpu.o
 .debug_macro   0x0001f4ce      0x17b ./Generated_Code/ENCODER.o
 .debug_macro   0x0001f649      0x14f ./Generated_Code/PE_LDD.o
 .debug_macro   0x0001f798      0x181 ./Generated_Code/TU1.o
 .debug_macro   0x0001f919      0x195 ./Generated_Code/Vectors.o

.debug_line     0x00000000     0x32c0
 .debug_line    0x00000000      0x3b4 ./Sources/Events.o
 .debug_line    0x000003b4      0x346 ./Sources/display.o
 .debug_line    0x000006fa      0x38f ./Sources/main.o
 .debug_line    0x00000a89      0x3e1 ./Project_Settings/Startup_Code/startup.o
 .debug_line    0x00000e6a      0x2e3 ./Generated_Code/BitIoLdd1.o
 .debug_line    0x0000114d      0x2d1 ./Generated_Code/BitIoLdd2.o
 .debug_line    0x0000141e      0x2d1 ./Generated_Code/BitIoLdd3.o
 .debug_line    0x000016ef      0x2d1 ./Generated_Code/BitIoLdd4.o
 .debug_line    0x000019c0      0x2d1 ./Generated_Code/BitIoLdd5.o
 .debug_line    0x00001c91      0x53d ./Generated_Code/Cpu.o
 .debug_line    0x000021ce      0x4a3 ./Generated_Code/ENCODER.o
 .debug_line    0x00002671      0x385 ./Generated_Code/PE_LDD.o
 .debug_line    0x000029f6      0x417 ./Generated_Code/TU1.o
 .debug_line    0x00002e0d      0x4b3 ./Generated_Code/Vectors.o

.debug_str      0x00000000    0x62927
 .debug_str     0x00000000    0x5f762 ./Sources/Events.o
                              0x5f8b5 (size before relaxing)
 .debug_str     0x0005f762       0x15 ./Sources/display.o
                              0x52ea5 (size before relaxing)
 .debug_str     0x0005f777       0x17 ./Sources/main.o
                              0x5f80a (size before relaxing)
 .debug_str     0x0005f78e     0x25f6 ./Project_Settings/Startup_Code/startup.o
                              0x4c40d (size before relaxing)
 .debug_str     0x00061d84      0x183 ./Generated_Code/BitIoLdd1.o
                              0x526f3 (size before relaxing)
 .debug_str     0x00061f07       0xa0 ./Generated_Code/BitIoLdd2.o
                              0x526c1 (size before relaxing)
 .debug_str     0x00061fa7       0xa0 ./Generated_Code/BitIoLdd3.o
                              0x526c1 (size before relaxing)
 .debug_str     0x00062047       0xa0 ./Generated_Code/BitIoLdd4.o
                              0x526c1 (size before relaxing)
 .debug_str     0x000620e7       0xa0 ./Generated_Code/BitIoLdd5.o
                              0x526c1 (size before relaxing)
 .debug_str     0x00062187      0x360 ./Generated_Code/Cpu.o
                              0x5fbe3 (size before relaxing)
 .debug_str     0x000624e7      0x12f ./Generated_Code/ENCODER.o
                              0x5fae2 (size before relaxing)
 .debug_str     0x00062616      0x17e ./Generated_Code/PE_LDD.o
                              0x5f9c9 (size before relaxing)
 .debug_str     0x00062794      0x177 ./Generated_Code/TU1.o
                              0x5fb27 (size before relaxing)
 .debug_str     0x0006290b       0x1c ./Generated_Code/Vectors.o
                              0x5f85c (size before relaxing)

.comment        0x00000000       0x70
 .comment       0x00000000       0x70 ./Sources/Events.o
                                 0x71 (size before relaxing)
 .comment       0x00000000       0x71 ./Sources/display.o
 .comment       0x00000000       0x71 ./Sources/main.o
 .comment       0x00000000       0x71 ./Project_Settings/Startup_Code/startup.o
 .comment       0x00000000       0x71 ./Generated_Code/BitIoLdd1.o
 .comment       0x00000000       0x71 ./Generated_Code/BitIoLdd2.o
 .comment       0x00000000       0x71 ./Generated_Code/BitIoLdd3.o
 .comment       0x00000000       0x71 ./Generated_Code/BitIoLdd4.o
 .comment       0x00000000       0x71 ./Generated_Code/BitIoLdd5.o
 .comment       0x00000000       0x71 ./Generated_Code/Cpu.o
 .comment       0x00000000       0x71 ./Generated_Code/ENCODER.o
 .comment       0x00000000       0x71 ./Generated_Code/PE_LDD.o
 .comment       0x00000000       0x71 ./Generated_Code/TU1.o
 .comment       0x00000000       0x71 ./Generated_Code/Vectors.o

.debug_frame    0x00000000      0x774
 .debug_frame   0x00000000       0x68 ./Sources/Events.o
 .debug_frame   0x00000068       0x30 ./Sources/display.o
 .debug_frame   0x00000098       0x2c ./Sources/main.o
 .debug_frame   0x000000c4       0xc0 ./Project_Settings/Startup_Code/startup.o
 .debug_frame   0x00000184       0xb8 ./Generated_Code/BitIoLdd1.o
 .debug_frame   0x0000023c       0x9c ./Generated_Code/BitIoLdd2.o
 .debug_frame   0x000002d8       0x9c ./Generated_Code/BitIoLdd3.o
 .debug_frame   0x00000374       0x9c ./Generated_Code/BitIoLdd4.o
 .debug_frame   0x00000410       0x9c ./Generated_Code/BitIoLdd5.o
 .debug_frame   0x000004ac       0xa4 ./Generated_Code/Cpu.o
 .debug_frame   0x00000550       0xdc ./Generated_Code/ENCODER.o
 .debug_frame   0x0000062c       0x64 ./Generated_Code/PE_LDD.o
 .debug_frame   0x00000690       0x50 ./Generated_Code/TU1.o
 .debug_frame   0x000006e0       0x28 c:/freescale/kds_v3/toolchain/bin/../lib/gcc/arm-none-eabi/4.8.4/../../../../arm-none-eabi/lib/armv7e-m\libg_s.a(lib_a-exit.o)
 .debug_frame   0x00000708       0x2c c:/freescale/kds_v3/toolchain/bin/../lib/gcc/arm-none-eabi/4.8.4/../../../../arm-none-eabi/lib/armv7e-m\libg_s.a(lib_a-init.o)
 .debug_frame   0x00000734       0x20 c:/freescale/kds_v3/toolchain/bin/../lib/gcc/arm-none-eabi/4.8.4/../../../../arm-none-eabi/lib/armv7e-m\libg_s.a(lib_a-memset.o)
 .debug_frame   0x00000754       0x20 c:/freescale/kds_v3/toolchain/bin/../lib/gcc/arm-none-eabi/4.8.4/../../../../arm-none-eabi/lib/armv7e-m\libnosys.a(_exit.o)
