Archive member included because of file (symbol)

c:/freescale/kds_v3/toolchain/bin/../lib/gcc/arm-none-eabi/4.8.4/../../../../arm-none-eabi/lib/armv7e-m\libg_s.a(lib_a-exit.o)
                              c:/freescale/kds_v3/toolchain/bin/../lib/gcc/arm-none-eabi/4.8.4/../../../../arm-none-eabi/lib/armv7e-m/crt0.o (exit)
c:/freescale/kds_v3/toolchain/bin/../lib/gcc/arm-none-eabi/4.8.4/../../../../arm-none-eabi/lib/armv7e-m\libg_s.a(lib_a-impure.o)
                              c:/freescale/kds_v3/toolchain/bin/../lib/gcc/arm-none-eabi/4.8.4/../../../../arm-none-eabi/lib/armv7e-m\libg_s.a(lib_a-exit.o) (_global_impure_ptr)
c:/freescale/kds_v3/toolchain/bin/../lib/gcc/arm-none-eabi/4.8.4/../../../../arm-none-eabi/lib/armv7e-m\libg_s.a(lib_a-init.o)
                              c:/freescale/kds_v3/toolchain/bin/../lib/gcc/arm-none-eabi/4.8.4/../../../../arm-none-eabi/lib/armv7e-m/crt0.o (__libc_init_array)
c:/freescale/kds_v3/toolchain/bin/../lib/gcc/arm-none-eabi/4.8.4/../../../../arm-none-eabi/lib/armv7e-m\libg_s.a(lib_a-memset.o)
                              c:/freescale/kds_v3/toolchain/bin/../lib/gcc/arm-none-eabi/4.8.4/../../../../arm-none-eabi/lib/armv7e-m/crt0.o (memset)
c:/freescale/kds_v3/toolchain/bin/../lib/gcc/arm-none-eabi/4.8.4/../../../../arm-none-eabi/lib/armv7e-m\libnosys.a(_exit.o)
                              c:/freescale/kds_v3/toolchain/bin/../lib/gcc/arm-none-eabi/4.8.4/../../../../arm-none-eabi/lib/armv7e-m\libg_s.a(lib_a-exit.o) (_exit)

Allocating common symbols
Common symbol       size              file

SR_reg              0x1               ./Generated_Code/Cpu.o

Discarded input sections

 .text          0x00000000        0x0 c:/freescale/kds_v3/toolchain/bin/../lib/gcc/arm-none-eabi/4.8.4/armv7e-m/crti.o
 .data          0x00000000        0x0 c:/freescale/kds_v3/toolchain/bin/../lib/gcc/arm-none-eabi/4.8.4/armv7e-m/crti.o
 .bss           0x00000000        0x0 c:/freescale/kds_v3/toolchain/bin/../lib/gcc/arm-none-eabi/4.8.4/armv7e-m/crti.o
 .data          0x00000000        0x4 c:/freescale/kds_v3/toolchain/bin/../lib/gcc/arm-none-eabi/4.8.4/armv7e-m/crtbegin.o
 .data          0x00000000        0x0 c:/freescale/kds_v3/toolchain/bin/../lib/gcc/arm-none-eabi/4.8.4/../../../../arm-none-eabi/lib/armv7e-m/crt0.o
 .bss           0x00000000        0x0 c:/freescale/kds_v3/toolchain/bin/../lib/gcc/arm-none-eabi/4.8.4/../../../../arm-none-eabi/lib/armv7e-m/crt0.o
 .ARM.extab     0x00000000        0x0 c:/freescale/kds_v3/toolchain/bin/../lib/gcc/arm-none-eabi/4.8.4/../../../../arm-none-eabi/lib/armv7e-m/crt0.o
 .group         0x00000000        0x8 ./Sources/Events.o
 .group         0x00000000        0x8 ./Sources/Events.o
 .group         0x00000000        0x8 ./Sources/Events.o
 .group         0x00000000        0x8 ./Sources/Events.o
 .group         0x00000000        0x8 ./Sources/Events.o
 .group         0x00000000        0x8 ./Sources/Events.o
 .group         0x00000000        0x8 ./Sources/Events.o
 .group         0x00000000        0x8 ./Sources/Events.o
 .group         0x00000000        0x8 ./Sources/Events.o
 .group         0x00000000        0x8 ./Sources/Events.o
 .group         0x00000000        0x8 ./Sources/Events.o
 .group         0x00000000        0x8 ./Sources/Events.o
 .group         0x00000000        0x8 ./Sources/Events.o
 .group         0x00000000        0x8 ./Sources/Events.o
 .group         0x00000000        0x8 ./Sources/Events.o
 .text          0x00000000        0x0 ./Sources/Events.o
 .data          0x00000000        0x0 ./Sources/Events.o
 .bss           0x00000000        0x0 ./Sources/Events.o
 .group         0x00000000        0x8 ./Sources/main.o
 .group         0x00000000        0x8 ./Sources/main.o
 .group         0x00000000        0x8 ./Sources/main.o
 .group         0x00000000        0x8 ./Sources/main.o
 .group         0x00000000        0x8 ./Sources/main.o
 .group         0x00000000        0x8 ./Sources/main.o
 .group         0x00000000        0x8 ./Sources/main.o
 .group         0x00000000        0x8 ./Sources/main.o
 .group         0x00000000        0x8 ./Sources/main.o
 .group         0x00000000        0x8 ./Sources/main.o
 .group         0x00000000        0x8 ./Sources/main.o
 .group         0x00000000        0x8 ./Sources/main.o
 .group         0x00000000        0x8 ./Sources/main.o
 .group         0x00000000        0x8 ./Sources/main.o
 .group         0x00000000        0x8 ./Sources/main.o
 .text          0x00000000        0x0 ./Sources/main.o
 .data          0x00000000        0x0 ./Sources/main.o
 .bss           0x00000000        0x0 ./Sources/main.o
 .debug_macro   0x00000000      0x84a ./Sources/main.o
 .debug_macro   0x00000000       0x16 ./Sources/main.o
 .debug_macro   0x00000000       0x44 ./Sources/main.o
 .debug_macro   0x00000000      0x209 ./Sources/main.o
 .debug_macro   0x00000000     0x17bb ./Sources/main.o
 .debug_macro   0x00000000      0x14e ./Sources/main.o
 .debug_macro   0x00000000       0x6a ./Sources/main.o
 .debug_macro   0x00000000     0xd4f6 ./Sources/main.o
 .debug_macro   0x00000000       0x9a ./Sources/main.o
 .debug_macro   0x00000000       0x94 ./Sources/main.o
 .debug_macro   0x00000000      0x12c ./Sources/main.o
 .debug_macro   0x00000000       0x46 ./Sources/main.o
 .debug_macro   0x00000000       0x26 ./Sources/main.o
 .debug_macro   0x00000000      0x6a6 ./Sources/main.o
 .debug_macro   0x00000000       0x51 ./Sources/main.o
 .group         0x00000000        0x8 ./Project_Settings/Startup_Code/startup.o
 .group         0x00000000        0x8 ./Project_Settings/Startup_Code/startup.o
 .group         0x00000000        0x8 ./Project_Settings/Startup_Code/startup.o
 .group         0x00000000        0x8 ./Project_Settings/Startup_Code/startup.o
 .group         0x00000000        0x8 ./Project_Settings/Startup_Code/startup.o
 .group         0x00000000        0x8 ./Project_Settings/Startup_Code/startup.o
 .group         0x00000000        0x8 ./Project_Settings/Startup_Code/startup.o
 .group         0x00000000        0x8 ./Project_Settings/Startup_Code/startup.o
 .group         0x00000000        0x8 ./Project_Settings/Startup_Code/startup.o
 .group         0x00000000        0x8 ./Project_Settings/Startup_Code/startup.o
 .group         0x00000000        0x8 ./Project_Settings/Startup_Code/startup.o
 .group         0x00000000        0x8 ./Project_Settings/Startup_Code/startup.o
 .group         0x00000000        0x8 ./Project_Settings/Startup_Code/startup.o
 .group         0x00000000        0x8 ./Project_Settings/Startup_Code/startup.o
 .group         0x00000000        0x8 ./Project_Settings/Startup_Code/startup.o
 .group         0x00000000        0x8 ./Project_Settings/Startup_Code/startup.o
 .group         0x00000000        0x8 ./Project_Settings/Startup_Code/startup.o
 .group         0x00000000        0x8 ./Project_Settings/Startup_Code/startup.o
 .group         0x00000000        0x8 ./Project_Settings/Startup_Code/startup.o
 .text          0x00000000        0x0 ./Project_Settings/Startup_Code/startup.o
 .data          0x00000000        0x0 ./Project_Settings/Startup_Code/startup.o
 .bss           0x00000000        0x0 ./Project_Settings/Startup_Code/startup.o
 .text.__init_hardware
                0x00000000        0xc ./Project_Settings/Startup_Code/startup.o
 .text.__iar_program_start
                0x00000000        0xc ./Project_Settings/Startup_Code/startup.o
 .debug_macro   0x00000000      0x84a ./Project_Settings/Startup_Code/startup.o
 .debug_macro   0x00000000       0x16 ./Project_Settings/Startup_Code/startup.o
 .group         0x00000000        0x8 ./Generated_Code/BitIoLdd1.o
 .group         0x00000000        0x8 ./Generated_Code/BitIoLdd1.o
 .group         0x00000000        0x8 ./Generated_Code/BitIoLdd1.o
 .group         0x00000000        0x8 ./Generated_Code/BitIoLdd1.o
 .group         0x00000000        0x8 ./Generated_Code/BitIoLdd1.o
 .group         0x00000000        0x8 ./Generated_Code/BitIoLdd1.o
 .group         0x00000000        0x8 ./Generated_Code/BitIoLdd1.o
 .group         0x00000000        0x8 ./Generated_Code/BitIoLdd1.o
 .group         0x00000000        0x8 ./Generated_Code/BitIoLdd1.o
 .group         0x00000000        0x8 ./Generated_Code/BitIoLdd1.o
 .group         0x00000000        0x8 ./Generated_Code/BitIoLdd1.o
 .group         0x00000000        0x8 ./Generated_Code/BitIoLdd1.o
 .text          0x00000000        0x0 ./Generated_Code/BitIoLdd1.o
 .data          0x00000000        0x0 ./Generated_Code/BitIoLdd1.o
 .bss           0x00000000        0x0 ./Generated_Code/BitIoLdd1.o
 .text.BitIoLdd1_GetVal
                0x00000000       0x30 ./Generated_Code/BitIoLdd1.o
 .text.BitIoLdd1_PutVal
                0x00000000       0x30 ./Generated_Code/BitIoLdd1.o
 .text.BitIoLdd1_ClrVal
                0x00000000       0x1c ./Generated_Code/BitIoLdd1.o
 .text.BitIoLdd1_SetVal
                0x00000000       0x1c ./Generated_Code/BitIoLdd1.o
 .debug_macro   0x00000000      0x84a ./Generated_Code/BitIoLdd1.o
 .debug_macro   0x00000000       0x16 ./Generated_Code/BitIoLdd1.o
 .debug_macro   0x00000000       0x44 ./Generated_Code/BitIoLdd1.o
 .debug_macro   0x00000000      0x209 ./Generated_Code/BitIoLdd1.o
 .debug_macro   0x00000000     0x17bb ./Generated_Code/BitIoLdd1.o
 .debug_macro   0x00000000      0x14e ./Generated_Code/BitIoLdd1.o
 .debug_macro   0x00000000       0x6a ./Generated_Code/BitIoLdd1.o
 .debug_macro   0x00000000     0xd4f6 ./Generated_Code/BitIoLdd1.o
 .debug_macro   0x00000000       0x94 ./Generated_Code/BitIoLdd1.o
 .debug_macro   0x00000000      0x12c ./Generated_Code/BitIoLdd1.o
 .debug_macro   0x00000000       0x46 ./Generated_Code/BitIoLdd1.o
 .group         0x00000000        0x8 ./Generated_Code/Cpu.o
 .group         0x00000000        0x8 ./Generated_Code/Cpu.o
 .group         0x00000000        0x8 ./Generated_Code/Cpu.o
 .group         0x00000000        0x8 ./Generated_Code/Cpu.o
 .group         0x00000000        0x8 ./Generated_Code/Cpu.o
 .group         0x00000000        0x8 ./Generated_Code/Cpu.o
 .group         0x00000000        0x8 ./Generated_Code/Cpu.o
 .group         0x00000000        0x8 ./Generated_Code/Cpu.o
 .group         0x00000000        0x8 ./Generated_Code/Cpu.o
 .group         0x00000000        0x8 ./Generated_Code/Cpu.o
 .group         0x00000000        0x8 ./Generated_Code/Cpu.o
 .group         0x00000000        0x8 ./Generated_Code/Cpu.o
 .group         0x00000000        0x8 ./Generated_Code/Cpu.o
 .group         0x00000000        0x8 ./Generated_Code/Cpu.o
 .group         0x00000000        0x8 ./Generated_Code/Cpu.o
 .text          0x00000000        0x0 ./Generated_Code/Cpu.o
 .data          0x00000000        0x0 ./Generated_Code/Cpu.o
 .bss           0x00000000        0x0 ./Generated_Code/Cpu.o
 .bss.SR_lock   0x00000000        0x1 ./Generated_Code/Cpu.o
 .debug_macro   0x00000000      0x84a ./Generated_Code/Cpu.o
 .debug_macro   0x00000000       0x16 ./Generated_Code/Cpu.o
 .debug_macro   0x00000000       0x44 ./Generated_Code/Cpu.o
 .debug_macro   0x00000000      0x209 ./Generated_Code/Cpu.o
 .debug_macro   0x00000000     0x17bb ./Generated_Code/Cpu.o
 .debug_macro   0x00000000      0x14e ./Generated_Code/Cpu.o
 .debug_macro   0x00000000       0x6a ./Generated_Code/Cpu.o
 .debug_macro   0x00000000     0xd4f6 ./Generated_Code/Cpu.o
 .debug_macro   0x00000000       0x94 ./Generated_Code/Cpu.o
 .debug_macro   0x00000000      0x12c ./Generated_Code/Cpu.o
 .debug_macro   0x00000000       0xa0 ./Generated_Code/Cpu.o
 .debug_macro   0x00000000       0x46 ./Generated_Code/Cpu.o
 .debug_macro   0x00000000       0x26 ./Generated_Code/Cpu.o
 .debug_macro   0x00000000      0x6a6 ./Generated_Code/Cpu.o
 .debug_macro   0x00000000       0x51 ./Generated_Code/Cpu.o
 COMMON         0x00000000        0x1 ./Generated_Code/Cpu.o
 .group         0x00000000        0x8 ./Generated_Code/LED_DEBUG.o
 .group         0x00000000        0x8 ./Generated_Code/LED_DEBUG.o
 .group         0x00000000        0x8 ./Generated_Code/LED_DEBUG.o
 .group         0x00000000        0x8 ./Generated_Code/LED_DEBUG.o
 .group         0x00000000        0x8 ./Generated_Code/LED_DEBUG.o
 .group         0x00000000        0x8 ./Generated_Code/LED_DEBUG.o
 .group         0x00000000        0x8 ./Generated_Code/LED_DEBUG.o
 .group         0x00000000        0x8 ./Generated_Code/LED_DEBUG.o
 .group         0x00000000        0x8 ./Generated_Code/LED_DEBUG.o
 .group         0x00000000        0x8 ./Generated_Code/LED_DEBUG.o
 .group         0x00000000        0x8 ./Generated_Code/LED_DEBUG.o
 .group         0x00000000        0x8 ./Generated_Code/LED_DEBUG.o
 .group         0x00000000        0x8 ./Generated_Code/LED_DEBUG.o
 .text          0x00000000        0x0 ./Generated_Code/LED_DEBUG.o
 .data          0x00000000        0x0 ./Generated_Code/LED_DEBUG.o
 .bss           0x00000000        0x0 ./Generated_Code/LED_DEBUG.o
 .debug_info    0x00000000       0x7d ./Generated_Code/LED_DEBUG.o
 .debug_abbrev  0x00000000       0x29 ./Generated_Code/LED_DEBUG.o
 .debug_aranges
                0x00000000       0x18 ./Generated_Code/LED_DEBUG.o
 .debug_macro   0x00000000       0xb5 ./Generated_Code/LED_DEBUG.o
 .debug_macro   0x00000000      0x84a ./Generated_Code/LED_DEBUG.o
 .debug_macro   0x00000000       0x16 ./Generated_Code/LED_DEBUG.o
 .debug_macro   0x00000000       0x44 ./Generated_Code/LED_DEBUG.o
 .debug_macro   0x00000000      0x209 ./Generated_Code/LED_DEBUG.o
 .debug_macro   0x00000000     0x17bb ./Generated_Code/LED_DEBUG.o
 .debug_macro   0x00000000      0x14e ./Generated_Code/LED_DEBUG.o
 .debug_macro   0x00000000       0x6a ./Generated_Code/LED_DEBUG.o
 .debug_macro   0x00000000     0xd4f6 ./Generated_Code/LED_DEBUG.o
 .debug_macro   0x00000000       0x94 ./Generated_Code/LED_DEBUG.o
 .debug_macro   0x00000000      0x12c ./Generated_Code/LED_DEBUG.o
 .debug_macro   0x00000000       0xa0 ./Generated_Code/LED_DEBUG.o
 .debug_macro   0x00000000       0x46 ./Generated_Code/LED_DEBUG.o
 .debug_macro   0x00000000       0x26 ./Generated_Code/LED_DEBUG.o
 .debug_line    0x00000000      0x27d ./Generated_Code/LED_DEBUG.o
 .debug_str     0x00000000    0x525c5 ./Generated_Code/LED_DEBUG.o
 .comment       0x00000000       0x71 ./Generated_Code/LED_DEBUG.o
 .ARM.attributes
                0x00000000       0x33 ./Generated_Code/LED_DEBUG.o
 .group         0x00000000        0x8 ./Generated_Code/PE_LDD.o
 .group         0x00000000        0x8 ./Generated_Code/PE_LDD.o
 .group         0x00000000        0x8 ./Generated_Code/PE_LDD.o
 .group         0x00000000        0x8 ./Generated_Code/PE_LDD.o
 .group         0x00000000        0x8 ./Generated_Code/PE_LDD.o
 .group         0x00000000        0x8 ./Generated_Code/PE_LDD.o
 .group         0x00000000        0x8 ./Generated_Code/PE_LDD.o
 .group         0x00000000        0x8 ./Generated_Code/PE_LDD.o
 .group         0x00000000        0x8 ./Generated_Code/PE_LDD.o
 .group         0x00000000        0x8 ./Generated_Code/PE_LDD.o
 .group         0x00000000        0x8 ./Generated_Code/PE_LDD.o
 .group         0x00000000        0x8 ./Generated_Code/PE_LDD.o
 .group         0x00000000        0x8 ./Generated_Code/PE_LDD.o
 .group         0x00000000        0x8 ./Generated_Code/PE_LDD.o
 .group         0x00000000        0x8 ./Generated_Code/PE_LDD.o
 .text          0x00000000        0x0 ./Generated_Code/PE_LDD.o
 .data          0x00000000        0x0 ./Generated_Code/PE_LDD.o
 .bss           0x00000000        0x0 ./Generated_Code/PE_LDD.o
 .rodata.PE_CpuClockConfigurations
                0x00000000       0x28 ./Generated_Code/PE_LDD.o
 .text.PE_FillMemory
                0x00000000       0x24 ./Generated_Code/PE_LDD.o
 .text.PE_PeripheralUsed
                0x00000000       0x38 ./Generated_Code/PE_LDD.o
 .text.LDD_SetClockConfiguration
                0x00000000       0x14 ./Generated_Code/PE_LDD.o
 .debug_macro   0x00000000      0x84a ./Generated_Code/PE_LDD.o
 .debug_macro   0x00000000       0x16 ./Generated_Code/PE_LDD.o
 .debug_macro   0x00000000       0x44 ./Generated_Code/PE_LDD.o
 .debug_macro   0x00000000      0x209 ./Generated_Code/PE_LDD.o
 .debug_macro   0x00000000     0x17bb ./Generated_Code/PE_LDD.o
 .debug_macro   0x00000000      0x14e ./Generated_Code/PE_LDD.o
 .debug_macro   0x00000000       0x6a ./Generated_Code/PE_LDD.o
 .debug_macro   0x00000000     0xd4f6 ./Generated_Code/PE_LDD.o
 .debug_macro   0x00000000       0x94 ./Generated_Code/PE_LDD.o
 .debug_macro   0x00000000      0x12c ./Generated_Code/PE_LDD.o
 .debug_macro   0x00000000       0xa0 ./Generated_Code/PE_LDD.o
 .debug_macro   0x00000000       0x46 ./Generated_Code/PE_LDD.o
 .debug_macro   0x00000000       0x26 ./Generated_Code/PE_LDD.o
 .debug_macro   0x00000000      0x6a6 ./Generated_Code/PE_LDD.o
 .debug_macro   0x00000000       0x51 ./Generated_Code/PE_LDD.o
 .group         0x00000000        0x8 ./Generated_Code/TU1.o
 .group         0x00000000        0x8 ./Generated_Code/TU1.o
 .group         0x00000000        0x8 ./Generated_Code/TU1.o
 .group         0x00000000        0x8 ./Generated_Code/TU1.o
 .group         0x00000000        0x8 ./Generated_Code/TU1.o
 .group         0x00000000        0x8 ./Generated_Code/TU1.o
 .group         0x00000000        0x8 ./Generated_Code/TU1.o
 .group         0x00000000        0x8 ./Generated_Code/TU1.o
 .group         0x00000000        0x8 ./Generated_Code/TU1.o
 .group         0x00000000        0x8 ./Generated_Code/TU1.o
 .group         0x00000000        0x8 ./Generated_Code/TU1.o
 .group         0x00000000        0x8 ./Generated_Code/TU1.o
 .group         0x00000000        0x8 ./Generated_Code/TU1.o
 .group         0x00000000        0x8 ./Generated_Code/TU1.o
 .group         0x00000000        0x8 ./Generated_Code/TU1.o
 .text          0x00000000        0x0 ./Generated_Code/TU1.o
 .data          0x00000000        0x0 ./Generated_Code/TU1.o
 .bss           0x00000000        0x0 ./Generated_Code/TU1.o
 .debug_macro   0x00000000      0x84a ./Generated_Code/TU1.o
 .debug_macro   0x00000000       0x16 ./Generated_Code/TU1.o
 .debug_macro   0x00000000       0x44 ./Generated_Code/TU1.o
 .debug_macro   0x00000000      0x209 ./Generated_Code/TU1.o
 .debug_macro   0x00000000     0x17bb ./Generated_Code/TU1.o
 .debug_macro   0x00000000      0x14e ./Generated_Code/TU1.o
 .debug_macro   0x00000000       0x6a ./Generated_Code/TU1.o
 .debug_macro   0x00000000     0xd4f6 ./Generated_Code/TU1.o
 .debug_macro   0x00000000       0x94 ./Generated_Code/TU1.o
 .debug_macro   0x00000000      0x12c ./Generated_Code/TU1.o
 .debug_macro   0x00000000       0xa0 ./Generated_Code/TU1.o
 .debug_macro   0x00000000       0x46 ./Generated_Code/TU1.o
 .debug_macro   0x00000000       0x26 ./Generated_Code/TU1.o
 .debug_macro   0x00000000      0x6a6 ./Generated_Code/TU1.o
 .debug_macro   0x00000000       0x51 ./Generated_Code/TU1.o
 .group         0x00000000        0x8 ./Generated_Code/Vectors.o
 .group         0x00000000        0x8 ./Generated_Code/Vectors.o
 .group         0x00000000        0x8 ./Generated_Code/Vectors.o
 .group         0x00000000        0x8 ./Generated_Code/Vectors.o
 .group         0x00000000        0x8 ./Generated_Code/Vectors.o
 .group         0x00000000        0x8 ./Generated_Code/Vectors.o
 .group         0x00000000        0x8 ./Generated_Code/Vectors.o
 .group         0x00000000        0x8 ./Generated_Code/Vectors.o
 .group         0x00000000        0x8 ./Generated_Code/Vectors.o
 .group         0x00000000        0x8 ./Generated_Code/Vectors.o
 .group         0x00000000        0x8 ./Generated_Code/Vectors.o
 .group         0x00000000        0x8 ./Generated_Code/Vectors.o
 .group         0x00000000        0x8 ./Generated_Code/Vectors.o
 .group         0x00000000        0x8 ./Generated_Code/Vectors.o
 .group         0x00000000        0x8 ./Generated_Code/Vectors.o
 .text          0x00000000        0x0 ./Generated_Code/Vectors.o
 .data          0x00000000        0x0 ./Generated_Code/Vectors.o
 .bss           0x00000000        0x0 ./Generated_Code/Vectors.o
 .debug_macro   0x00000000      0x84a ./Generated_Code/Vectors.o
 .debug_macro   0x00000000       0x16 ./Generated_Code/Vectors.o
 .debug_macro   0x00000000       0x44 ./Generated_Code/Vectors.o
 .debug_macro   0x00000000      0x209 ./Generated_Code/Vectors.o
 .debug_macro   0x00000000     0x17bb ./Generated_Code/Vectors.o
 .debug_macro   0x00000000      0x14e ./Generated_Code/Vectors.o
 .debug_macro   0x00000000       0x6a ./Generated_Code/Vectors.o
 .debug_macro   0x00000000     0xd4f6 ./Generated_Code/Vectors.o
 .debug_macro   0x00000000       0x9a ./Generated_Code/Vectors.o
 .debug_macro   0x00000000       0x94 ./Generated_Code/Vectors.o
 .debug_macro   0x00000000      0x12c ./Generated_Code/Vectors.o
 .debug_macro   0x00000000       0x46 ./Generated_Code/Vectors.o
 .debug_macro   0x00000000       0x26 ./Generated_Code/Vectors.o
 .debug_macro   0x00000000      0x6a6 ./Generated_Code/Vectors.o
 .debug_macro   0x00000000       0x51 ./Generated_Code/Vectors.o
 .text          0x00000000        0x0 c:/freescale/kds_v3/toolchain/bin/../lib/gcc/arm-none-eabi/4.8.4/../../../../arm-none-eabi/lib/armv7e-m\libg_s.a(lib_a-exit.o)
 .data          0x00000000        0x0 c:/freescale/kds_v3/toolchain/bin/../lib/gcc/arm-none-eabi/4.8.4/../../../../arm-none-eabi/lib/armv7e-m\libg_s.a(lib_a-exit.o)
 .bss           0x00000000        0x0 c:/freescale/kds_v3/toolchain/bin/../lib/gcc/arm-none-eabi/4.8.4/../../../../arm-none-eabi/lib/armv7e-m\libg_s.a(lib_a-exit.o)
 .text          0x00000000        0x0 c:/freescale/kds_v3/toolchain/bin/../lib/gcc/arm-none-eabi/4.8.4/../../../../arm-none-eabi/lib/armv7e-m\libg_s.a(lib_a-impure.o)
 .data          0x00000000        0x0 c:/freescale/kds_v3/toolchain/bin/../lib/gcc/arm-none-eabi/4.8.4/../../../../arm-none-eabi/lib/armv7e-m\libg_s.a(lib_a-impure.o)
 .bss           0x00000000        0x0 c:/freescale/kds_v3/toolchain/bin/../lib/gcc/arm-none-eabi/4.8.4/../../../../arm-none-eabi/lib/armv7e-m\libg_s.a(lib_a-impure.o)
 .data._impure_ptr
                0x00000000        0x4 c:/freescale/kds_v3/toolchain/bin/../lib/gcc/arm-none-eabi/4.8.4/../../../../arm-none-eabi/lib/armv7e-m\libg_s.a(lib_a-impure.o)
 .text          0x00000000        0x0 c:/freescale/kds_v3/toolchain/bin/../lib/gcc/arm-none-eabi/4.8.4/../../../../arm-none-eabi/lib/armv7e-m\libg_s.a(lib_a-init.o)
 .data          0x00000000        0x0 c:/freescale/kds_v3/toolchain/bin/../lib/gcc/arm-none-eabi/4.8.4/../../../../arm-none-eabi/lib/armv7e-m\libg_s.a(lib_a-init.o)
 .bss           0x00000000        0x0 c:/freescale/kds_v3/toolchain/bin/../lib/gcc/arm-none-eabi/4.8.4/../../../../arm-none-eabi/lib/armv7e-m\libg_s.a(lib_a-init.o)
 .text          0x00000000        0x0 c:/freescale/kds_v3/toolchain/bin/../lib/gcc/arm-none-eabi/4.8.4/../../../../arm-none-eabi/lib/armv7e-m\libg_s.a(lib_a-memset.o)
 .data          0x00000000        0x0 c:/freescale/kds_v3/toolchain/bin/../lib/gcc/arm-none-eabi/4.8.4/../../../../arm-none-eabi/lib/armv7e-m\libg_s.a(lib_a-memset.o)
 .bss           0x00000000        0x0 c:/freescale/kds_v3/toolchain/bin/../lib/gcc/arm-none-eabi/4.8.4/../../../../arm-none-eabi/lib/armv7e-m\libg_s.a(lib_a-memset.o)
 .text          0x00000000        0x0 c:/freescale/kds_v3/toolchain/bin/../lib/gcc/arm-none-eabi/4.8.4/../../../../arm-none-eabi/lib/armv7e-m\libnosys.a(_exit.o)
 .data          0x00000000        0x0 c:/freescale/kds_v3/toolchain/bin/../lib/gcc/arm-none-eabi/4.8.4/../../../../arm-none-eabi/lib/armv7e-m\libnosys.a(_exit.o)
 .bss           0x00000000        0x0 c:/freescale/kds_v3/toolchain/bin/../lib/gcc/arm-none-eabi/4.8.4/../../../../arm-none-eabi/lib/armv7e-m\libnosys.a(_exit.o)
 .text          0x00000000        0x0 c:/freescale/kds_v3/toolchain/bin/../lib/gcc/arm-none-eabi/4.8.4/armv7e-m/crtend.o
 .data          0x00000000        0x0 c:/freescale/kds_v3/toolchain/bin/../lib/gcc/arm-none-eabi/4.8.4/armv7e-m/crtend.o
 .bss           0x00000000        0x0 c:/freescale/kds_v3/toolchain/bin/../lib/gcc/arm-none-eabi/4.8.4/armv7e-m/crtend.o
 .eh_frame      0x00000000        0x4 c:/freescale/kds_v3/toolchain/bin/../lib/gcc/arm-none-eabi/4.8.4/armv7e-m/crtend.o
 .jcr           0x00000000        0x4 c:/freescale/kds_v3/toolchain/bin/../lib/gcc/arm-none-eabi/4.8.4/armv7e-m/crtend.o
 .ARM.attributes
                0x00000000       0x2e c:/freescale/kds_v3/toolchain/bin/../lib/gcc/arm-none-eabi/4.8.4/armv7e-m/crtend.o
 .text          0x00000000        0x0 c:/freescale/kds_v3/toolchain/bin/../lib/gcc/arm-none-eabi/4.8.4/armv7e-m/crtn.o
 .data          0x00000000        0x0 c:/freescale/kds_v3/toolchain/bin/../lib/gcc/arm-none-eabi/4.8.4/armv7e-m/crtn.o
 .bss           0x00000000        0x0 c:/freescale/kds_v3/toolchain/bin/../lib/gcc/arm-none-eabi/4.8.4/armv7e-m/crtn.o

Memory Configuration

Name             Origin             Length             Attributes
m_interrupts     0x00000000         0x000001bc         xr
m_text           0x00000410         0x0003fbf0         xr
m_data           0x1fff8000         0x00008000         rw
m_data_20000000  0x20000000         0x00008000         rw
m_cfmprotrom     0x00000400         0x00000010         xr
*default*        0x00000000         0xffffffff

Linker script and memory map

LOAD c:/freescale/kds_v3/toolchain/bin/../lib/gcc/arm-none-eabi/4.8.4/armv7e-m/crti.o
LOAD c:/freescale/kds_v3/toolchain/bin/../lib/gcc/arm-none-eabi/4.8.4/armv7e-m/crtbegin.o
LOAD c:/freescale/kds_v3/toolchain/bin/../lib/gcc/arm-none-eabi/4.8.4/../../../../arm-none-eabi/lib/armv7e-m/crt0.o
LOAD ./Sources/Events.o
LOAD ./Sources/main.o
LOAD ./Project_Settings/Startup_Code/startup.o
LOAD ./Generated_Code/BitIoLdd1.o
LOAD ./Generated_Code/Cpu.o
LOAD ./Generated_Code/LED_DEBUG.o
LOAD ./Generated_Code/PE_LDD.o
LOAD ./Generated_Code/TU1.o
LOAD ./Generated_Code/Vectors.o
LOAD c:/freescale/kds_v3/toolchain/bin/../lib/gcc/arm-none-eabi/4.8.4/../../../../arm-none-eabi/lib/armv7e-m\libstdc++_s.a
LOAD c:/freescale/kds_v3/toolchain/bin/../lib/gcc/arm-none-eabi/4.8.4/../../../../arm-none-eabi/lib/armv7e-m\libm.a
START GROUP
LOAD c:/freescale/kds_v3/toolchain/bin/../lib/gcc/arm-none-eabi/4.8.4/armv7e-m\libgcc.a
LOAD c:/freescale/kds_v3/toolchain/bin/../lib/gcc/arm-none-eabi/4.8.4/../../../../arm-none-eabi/lib/armv7e-m\libg_s.a
LOAD c:/freescale/kds_v3/toolchain/bin/../lib/gcc/arm-none-eabi/4.8.4/../../../../arm-none-eabi/lib/armv7e-m\libc_s.a
END GROUP
START GROUP
LOAD c:/freescale/kds_v3/toolchain/bin/../lib/gcc/arm-none-eabi/4.8.4/armv7e-m\libgcc.a
LOAD c:/freescale/kds_v3/toolchain/bin/../lib/gcc/arm-none-eabi/4.8.4/../../../../arm-none-eabi/lib/armv7e-m\libc_s.a
LOAD c:/freescale/kds_v3/toolchain/bin/../lib/gcc/arm-none-eabi/4.8.4/../../../../arm-none-eabi/lib/armv7e-m\libnosys.a
END GROUP
START GROUP
LOAD c:/freescale/kds_v3/toolchain/bin/../lib/gcc/arm-none-eabi/4.8.4/armv7e-m\libgcc.a
LOAD c:/freescale/kds_v3/toolchain/bin/../lib/gcc/arm-none-eabi/4.8.4/../../../../arm-none-eabi/lib/armv7e-m\libc_s.a
LOAD c:/freescale/kds_v3/toolchain/bin/../lib/gcc/arm-none-eabi/4.8.4/../../../../arm-none-eabi/lib/armv7e-m\libnosys.a
END GROUP
LOAD c:/freescale/kds_v3/toolchain/bin/../lib/gcc/arm-none-eabi/4.8.4/armv7e-m/crtend.o
LOAD c:/freescale/kds_v3/toolchain/bin/../lib/gcc/arm-none-eabi/4.8.4/armv7e-m/crtn.o
                0x20000000                _estack = 0x20000000
                0x20000000                __SP_INIT = _estack
                0x20000000                __stack = _estack
                0x00000000                __heap_size = 0x0
                0x00000400                __stack_size = 0x400

.interrupts     0x00000000      0x1bc
                0x00000000                __vector_table = .
                0x00000000                . = ALIGN (0x4)
 *(.vectortable)
 .vectortable   0x00000000      0x1bc ./Generated_Code/Vectors.o
                0x00000000                __vect_table
                0x000001bc                . = ALIGN (0x4)

.cfmprotect     0x00000400       0x10
                0x00000400                . = ALIGN (0x4)
 *(.cfmconfig)
 .cfmconfig     0x00000400       0x10 ./Generated_Code/Cpu.o
                0x00000400                _cfm
                0x00000410                . = ALIGN (0x4)

.text           0x00000410      0x768
                0x00000410                . = ALIGN (0x4)
 *(.text)
 .text          0x00000410       0x54 c:/freescale/kds_v3/toolchain/bin/../lib/gcc/arm-none-eabi/4.8.4/armv7e-m/crtbegin.o
 .text          0x00000464       0x74 c:/freescale/kds_v3/toolchain/bin/../lib/gcc/arm-none-eabi/4.8.4/../../../../arm-none-eabi/lib/armv7e-m/crt0.o
                0x00000464                _start
                0x00000464                _mainCRTStartup
 *(.text*)
 .text.Cpu_OnNMIINT
                0x000004d8        0xc ./Sources/Events.o
                0x000004d8                Cpu_OnNMIINT
 .text.TU1_OnCounterRestart
                0x000004e4       0x1c ./Sources/Events.o
                0x000004e4                TU1_OnCounterRestart
 .text.main     0x00000500        0xc ./Sources/main.o
                0x00000500                main
 .text.__copy_rom_section
                0x0000050c       0xe4 ./Project_Settings/Startup_Code/startup.o
                0x0000050c                __copy_rom_section
 .text.__copy_rom_sections_to_ram
                0x000005f0       0x9c ./Project_Settings/Startup_Code/startup.o
                0x000005f0                __copy_rom_sections_to_ram
 .text.__init_registers
                0x0000068c        0xc ./Project_Settings/Startup_Code/startup.o
                0x0000068c                __init_registers
 .text.__init_user
                0x00000698        0xc ./Project_Settings/Startup_Code/startup.o
                0x00000698                __init_user
 .text.__thumb_startup
                0x000006a4       0x34 ./Project_Settings/Startup_Code/startup.o
                0x000006a4                __thumb_startup
 .text.BitIoLdd1_Init
                0x000006d8       0x64 ./Generated_Code/BitIoLdd1.o
                0x000006d8                BitIoLdd1_Init
 .text.BitIoLdd1_NegVal
                0x0000073c       0x1c ./Generated_Code/BitIoLdd1.o
                0x0000073c                BitIoLdd1_NegVal
 .text.Cpu_INT_NMIInterrupt
                0x00000758       0x1c ./Generated_Code/Cpu.o
                0x00000758                Cpu_INT_NMIInterrupt
 .text.Cpu_Interrupt
                0x00000774       0x18 ./Generated_Code/Cpu.o
                0x00000774                Cpu_Interrupt
 .text.__init_hardware
                0x0000078c      0x140 ./Generated_Code/Cpu.o
                0x0000078c                __init_hardware
 .text.Cpu_SetBASEPRI
                0x000008cc       0x18 ./Generated_Code/Cpu.o
                0x000008cc                Cpu_SetBASEPRI
 .text.PE_low_level_init
                0x000008e4       0xb4 ./Generated_Code/Cpu.o
                0x000008e4                PE_low_level_init
 .text.TU1_Init
                0x00000998       0xcc ./Generated_Code/TU1.o
                0x00000998                TU1_Init
 .text.TU1_Interrupt
                0x00000a64       0x6c ./Generated_Code/TU1.o
                0x00000a64                TU1_Interrupt
 .text.exit     0x00000ad0       0x28 c:/freescale/kds_v3/toolchain/bin/../lib/gcc/arm-none-eabi/4.8.4/../../../../arm-none-eabi/lib/armv7e-m\libg_s.a(lib_a-exit.o)
                0x00000ad0                exit
 .text.__libc_init_array
                0x00000af8       0x4c c:/freescale/kds_v3/toolchain/bin/../lib/gcc/arm-none-eabi/4.8.4/../../../../arm-none-eabi/lib/armv7e-m\libg_s.a(lib_a-init.o)
                0x00000af8                __libc_init_array
 .text.memset   0x00000b44       0x10 c:/freescale/kds_v3/toolchain/bin/../lib/gcc/arm-none-eabi/4.8.4/../../../../arm-none-eabi/lib/armv7e-m\libg_s.a(lib_a-memset.o)
                0x00000b44                memset
 .text._exit    0x00000b54        0x4 c:/freescale/kds_v3/toolchain/bin/../lib/gcc/arm-none-eabi/4.8.4/../../../../arm-none-eabi/lib/armv7e-m\libnosys.a(_exit.o)
                0x00000b54                _exit
 *(.rodata)
 *(.rodata*)
 .rodata.str1.1
                0x00000b58        0x2 c:/freescale/kds_v3/toolchain/bin/../lib/gcc/arm-none-eabi/4.8.4/../../../../arm-none-eabi/lib/armv7e-m\libg_s.a(lib_a-impure.o)
 *fill*         0x00000b5a        0x2 
 .rodata._global_impure_ptr
                0x00000b5c        0x4 c:/freescale/kds_v3/toolchain/bin/../lib/gcc/arm-none-eabi/4.8.4/../../../../arm-none-eabi/lib/armv7e-m\libg_s.a(lib_a-impure.o)
                0x00000b5c                _global_impure_ptr
 *(.glue_7)
 .glue_7        0x00000000        0x0 linker stubs
 *(.glue_7t)
 .glue_7t       0x00000000        0x0 linker stubs
 *(.eh_frame)
 .eh_frame      0x00000b60        0x0 c:/freescale/kds_v3/toolchain/bin/../lib/gcc/arm-none-eabi/4.8.4/armv7e-m/crtbegin.o
 *(.init)
 .init          0x00000b60        0x4 c:/freescale/kds_v3/toolchain/bin/../lib/gcc/arm-none-eabi/4.8.4/armv7e-m/crti.o
                0x00000b60                _init
 .init          0x00000b64        0x8 c:/freescale/kds_v3/toolchain/bin/../lib/gcc/arm-none-eabi/4.8.4/armv7e-m/crtn.o
 *(.fini)
 .fini          0x00000b6c        0x4 c:/freescale/kds_v3/toolchain/bin/../lib/gcc/arm-none-eabi/4.8.4/armv7e-m/crti.o
                0x00000b6c                _fini
 .fini          0x00000b70        0x8 c:/freescale/kds_v3/toolchain/bin/../lib/gcc/arm-none-eabi/4.8.4/armv7e-m/crtn.o
                0x00000b78                . = ALIGN (0x4)
                0x00000b78                _etext = .

.vfp11_veneer   0x00000b78        0x0
 .vfp11_veneer  0x00000000        0x0 linker stubs

.v4_bx          0x00000b78        0x0
 .v4_bx         0x00000000        0x0 linker stubs

.iplt           0x00000b78        0x0
 .iplt          0x00000000        0x0 c:/freescale/kds_v3/toolchain/bin/../lib/gcc/arm-none-eabi/4.8.4/armv7e-m/crtbegin.o

.ARM.extab
 *(.ARM.extab* .gnu.linkonce.armextab.*)

.ARM            0x00000b78        0x8
                0x00000b78                __exidx_start = .
 *(.ARM.exidx*)
 .ARM.exidx     0x00000b78        0x8 c:/freescale/kds_v3/toolchain/bin/../lib/gcc/arm-none-eabi/4.8.4/../../../../arm-none-eabi/lib/armv7e-m/crt0.o
                0x00000b80                __exidx_end = .

.rel.dyn        0x00000b80        0x0
 .rel.iplt      0x00000000        0x0 c:/freescale/kds_v3/toolchain/bin/../lib/gcc/arm-none-eabi/4.8.4/armv7e-m/crtbegin.o

.ctors          0x00000b80        0x0
                0x00000b80                __CTOR_LIST__ = .
 *crtbegin.o(.ctors)
 *(EXCLUDE_FILE(*crtend.o) .ctors)
 *(SORT(.ctors.*))
 *(.ctors)
                0x00000b80                __CTOR_END__ = .

.dtors          0x00000b80        0x0
                0x00000b80                __DTOR_LIST__ = .
 *crtbegin.o(.dtors)
 *(EXCLUDE_FILE(*crtend.o) .dtors)
 *(SORT(.dtors.*))
 *(.dtors)
                0x00000b80                __DTOR_END__ = .

.preinit_array  0x00000b80        0x0
                0x00000b80                PROVIDE (__preinit_array_start, .)
 *(.preinit_array*)
                0x00000b80                PROVIDE (__preinit_array_end, .)

.init_array     0x00000b80        0x4
                0x00000b80                PROVIDE (__init_array_start, .)
 *(SORT(.init_array.*))
 *(.init_array*)
 .init_array    0x00000b80        0x4 c:/freescale/kds_v3/toolchain/bin/../lib/gcc/arm-none-eabi/4.8.4/armv7e-m/crtbegin.o
                0x00000b84                PROVIDE (__init_array_end, .)

.fini_array     0x00000b84        0x4
                0x00000b84                PROVIDE (__fini_array_start, .)
 *(SORT(.fini_array.*))
 *(.fini_array*)
 .fini_array    0x00000b84        0x4 c:/freescale/kds_v3/toolchain/bin/../lib/gcc/arm-none-eabi/4.8.4/armv7e-m/crtbegin.o
                0x00000b88                PROVIDE (__fini_array_end, .)
                0x00000b88                ___ROM_AT = .

.data           0x1fff8000       0x60 load address 0x00000b88
                0x1fff8000                . = ALIGN (0x4)
                0x1fff8000                _sdata = .
 *(.data)
 *(.data*)
 .data.impure_data
                0x1fff8000       0x60 c:/freescale/kds_v3/toolchain/bin/../lib/gcc/arm-none-eabi/4.8.4/../../../../arm-none-eabi/lib/armv7e-m\libg_s.a(lib_a-impure.o)
                0x1fff8060                . = ALIGN (0x4)
                0x1fff8060                _edata = .
                0x00000060                ___data_size = (_edata - _sdata)
                0x00000be8                ___m_data_20000000_ROMStart = (___ROM_AT + SIZEOF (.data))

.jcr            0x1fff8060        0x0 load address 0x00000be8
 .jcr           0x1fff8060        0x0 c:/freescale/kds_v3/toolchain/bin/../lib/gcc/arm-none-eabi/4.8.4/armv7e-m/crtbegin.o

.igot.plt       0x1fff8060        0x0 load address 0x00000be8
 .igot.plt      0x00000000        0x0 c:/freescale/kds_v3/toolchain/bin/../lib/gcc/arm-none-eabi/4.8.4/armv7e-m/crtbegin.o

.m_data_20000000
                0x20000000        0x0 load address 0x00000be8
                0x20000000                . = ALIGN (0x4)
                0x20000000                ___m_data_20000000_RAMStart = .
 *(.m_data_20000000)
                0x20000000                ___m_data_20000000_RAMEnd = .
                0x20000000                . = ALIGN (0x4)
                0x00000000                ___m_data_20000000_ROMSize = (___m_data_20000000_RAMEnd - ___m_data_20000000_RAMStart)
                0x20000000                . = ALIGN (0x4)

.bss            0x1fff8060       0x34 load address 0x00000be8
                0x1fff8060                __START_BSS = .
                0x1fff8060                PROVIDE (__bss_start__, __START_BSS)
 *(.bss)
 .bss           0x1fff8060       0x1c c:/freescale/kds_v3/toolchain/bin/../lib/gcc/arm-none-eabi/4.8.4/armv7e-m/crtbegin.o
 *(.bss*)
 .bss.DeviceDataPrv__DEFAULT_RTOS_ALLOC
                0x1fff807c        0x4 ./Generated_Code/BitIoLdd1.o
 .bss.PE_LDD_DeviceDataList
                0x1fff8080        0x8 ./Generated_Code/PE_LDD.o
                0x1fff8080                PE_LDD_DeviceDataList
 .bss.DeviceDataPrv__DEFAULT_RTOS_ALLOC
                0x1fff8088        0x8 ./Generated_Code/TU1.o
 .bss.INT_FTM0__DEFAULT_RTOS_ISRPARAM
                0x1fff8090        0x4 ./Generated_Code/TU1.o
 *(COMMON)
                0x1fff8094                . = ALIGN (0x4)
                0x1fff8094                __END_BSS = .
                0x1fff8094                PROVIDE (__bss_end__, __END_BSS)
                0x00000be8                _romp_at = ((___ROM_AT + SIZEOF (.data)) + SIZEOF (.m_data_20000000))

.romp           0x1fff8094       0x24 load address 0x00000be8
                0x00000be8                __S_romp = _romp_at
                0x1fff8094        0x4 LONG 0xb88 ___ROM_AT
                0x1fff8098        0x4 LONG 0x1fff8000 _sdata
                0x1fff809c        0x4 LONG 0x60 ___data_size
                0x1fff80a0        0x4 LONG 0xbe8 ___m_data_20000000_ROMStart
                0x1fff80a4        0x4 LONG 0x20000000 ___m_data_20000000_RAMStart
                0x1fff80a8        0x4 LONG 0x0 ___m_data_20000000_ROMSize
                0x1fff80ac        0x4 LONG 0x0
                0x1fff80b0        0x4 LONG 0x0
                0x1fff80b4        0x4 LONG 0x0
                0x00040000                text_end = (ORIGIN (m_text) + 0x3fbf0)
                0x00000c0c                data_init_end = ((___m_data_20000000_ROMStart + SIZEOF (.m_data_20000000)) + SIZEOF (.romp))
                0x00000001                ASSERT ((data_init_end <= text_end), region m_text overflowed with text and data)

._user_heap_stack
                0x1fff80b8      0x400 load address 0x00000c0c
                0x1fff80b8                . = ALIGN (0x4)
                0x1fff80b8                PROVIDE (end, .)
                0x1fff80b8                PROVIDE (_end, .)
                0x1fff80b8                PROVIDE (__end__, .)
                0x1fff80b8                __heap_addr = .
                0x1fff80b8                __HeapBase = .
                0x1fff80b8                . = (. + __heap_size)
                0x1fff80b8                __HeapLimit = .
                0x1fff84b8                . = (. + __stack_size)
 *fill*         0x1fff80b8      0x400 
                0x1fff84b8                . = ALIGN (0x4)

.ARM.attributes
                0x00000000       0x2a
 *(.ARM.attributes)
 .ARM.attributes
                0x00000000       0x1e c:/freescale/kds_v3/toolchain/bin/../lib/gcc/arm-none-eabi/4.8.4/armv7e-m/crti.o
 .ARM.attributes
                0x0000001e       0x2e c:/freescale/kds_v3/toolchain/bin/../lib/gcc/arm-none-eabi/4.8.4/armv7e-m/crtbegin.o
 .ARM.attributes
                0x0000004c       0x1c c:/freescale/kds_v3/toolchain/bin/../lib/gcc/arm-none-eabi/4.8.4/../../../../arm-none-eabi/lib/armv7e-m/crt0.o
 .ARM.attributes
                0x00000068       0x33 ./Sources/Events.o
 .ARM.attributes
                0x0000009b       0x33 ./Sources/main.o
 .ARM.attributes
                0x000000ce       0x33 ./Project_Settings/Startup_Code/startup.o
 .ARM.attributes
                0x00000101       0x33 ./Generated_Code/BitIoLdd1.o
 .ARM.attributes
                0x00000134       0x33 ./Generated_Code/Cpu.o
 .ARM.attributes
                0x00000167       0x33 ./Generated_Code/PE_LDD.o
 .ARM.attributes
                0x0000019a       0x33 ./Generated_Code/TU1.o
 .ARM.attributes
                0x000001cd       0x33 ./Generated_Code/Vectors.o
 .ARM.attributes
                0x00000200       0x2e c:/freescale/kds_v3/toolchain/bin/../lib/gcc/arm-none-eabi/4.8.4/../../../../arm-none-eabi/lib/armv7e-m\libg_s.a(lib_a-exit.o)
 .ARM.attributes
                0x0000022e       0x2e c:/freescale/kds_v3/toolchain/bin/../lib/gcc/arm-none-eabi/4.8.4/../../../../arm-none-eabi/lib/armv7e-m\libg_s.a(lib_a-impure.o)
 .ARM.attributes
                0x0000025c       0x2e c:/freescale/kds_v3/toolchain/bin/../lib/gcc/arm-none-eabi/4.8.4/../../../../arm-none-eabi/lib/armv7e-m\libg_s.a(lib_a-init.o)
 .ARM.attributes
                0x0000028a       0x2e c:/freescale/kds_v3/toolchain/bin/../lib/gcc/arm-none-eabi/4.8.4/../../../../arm-none-eabi/lib/armv7e-m\libg_s.a(lib_a-memset.o)
 .ARM.attributes
                0x000002b8       0x2e c:/freescale/kds_v3/toolchain/bin/../lib/gcc/arm-none-eabi/4.8.4/../../../../arm-none-eabi/lib/armv7e-m\libnosys.a(_exit.o)
 .ARM.attributes
                0x000002e6       0x1e c:/freescale/kds_v3/toolchain/bin/../lib/gcc/arm-none-eabi/4.8.4/armv7e-m/crtn.o
OUTPUT(varmo_lite.elf elf32-littlearm)

.debug_info     0x00000000     0x1a96
 .debug_info    0x00000000       0xea ./Sources/Events.o
 .debug_info    0x000000ea       0x9a ./Sources/main.o
 .debug_info    0x00000184      0x20a ./Project_Settings/Startup_Code/startup.o
 .debug_info    0x0000038e      0x377 ./Generated_Code/BitIoLdd1.o
 .debug_info    0x00000705      0x9f6 ./Generated_Code/Cpu.o
 .debug_info    0x000010fb      0x251 ./Generated_Code/PE_LDD.o
 .debug_info    0x0000134c      0x63b ./Generated_Code/TU1.o
 .debug_info    0x00001987      0x10f ./Generated_Code/Vectors.o

.debug_abbrev   0x00000000      0x7f8
 .debug_abbrev  0x00000000       0xa1 ./Sources/Events.o
 .debug_abbrev  0x000000a1       0x47 ./Sources/main.o
 .debug_abbrev  0x000000e8      0x11e ./Project_Settings/Startup_Code/startup.o
 .debug_abbrev  0x00000206      0x15f ./Generated_Code/BitIoLdd1.o
 .debug_abbrev  0x00000365      0x178 ./Generated_Code/Cpu.o
 .debug_abbrev  0x000004dd      0x10d ./Generated_Code/PE_LDD.o
 .debug_abbrev  0x000005ea      0x16a ./Generated_Code/TU1.o
 .debug_abbrev  0x00000754       0xa4 ./Generated_Code/Vectors.o

.debug_aranges  0x00000000      0x190
 .debug_aranges
                0x00000000       0x28 ./Sources/Events.o
 .debug_aranges
                0x00000028       0x20 ./Sources/main.o
 .debug_aranges
                0x00000048       0x50 ./Project_Settings/Startup_Code/startup.o
 .debug_aranges
                0x00000098       0x48 ./Generated_Code/BitIoLdd1.o
 .debug_aranges
                0x000000e0       0x40 ./Generated_Code/Cpu.o
 .debug_aranges
                0x00000120       0x30 ./Generated_Code/PE_LDD.o
 .debug_aranges
                0x00000150       0x28 ./Generated_Code/TU1.o
 .debug_aranges
                0x00000178       0x18 ./Generated_Code/Vectors.o

.debug_ranges   0x00000000      0x108
 .debug_ranges  0x00000000       0x18 ./Sources/Events.o
 .debug_ranges  0x00000018       0x10 ./Sources/main.o
 .debug_ranges  0x00000028       0x40 ./Project_Settings/Startup_Code/startup.o
 .debug_ranges  0x00000068       0x38 ./Generated_Code/BitIoLdd1.o
 .debug_ranges  0x000000a0       0x30 ./Generated_Code/Cpu.o
 .debug_ranges  0x000000d0       0x20 ./Generated_Code/PE_LDD.o
 .debug_ranges  0x000000f0       0x18 ./Generated_Code/TU1.o

.debug_macro    0x00000000    0x1ea1a
 .debug_macro   0x00000000       0xf5 ./Sources/Events.o
 .debug_macro   0x000000f5      0x84a ./Sources/Events.o
 .debug_macro   0x0000093f       0x16 ./Sources/Events.o
 .debug_macro   0x00000955       0x44 ./Sources/Events.o
 .debug_macro   0x00000999      0x209 ./Sources/Events.o
 .debug_macro   0x00000ba2     0x17bb ./Sources/Events.o
 .debug_macro   0x0000235d      0x14e ./Sources/Events.o
 .debug_macro   0x000024ab       0x6a ./Sources/Events.o
 .debug_macro   0x00002515     0xd4f6 ./Sources/Events.o
 .debug_macro   0x0000fa0b       0x9a ./Sources/Events.o
 .debug_macro   0x0000faa5       0x94 ./Sources/Events.o
 .debug_macro   0x0000fb39      0x12c ./Sources/Events.o
 .debug_macro   0x0000fc65       0x46 ./Sources/Events.o
 .debug_macro   0x0000fcab       0x26 ./Sources/Events.o
 .debug_macro   0x0000fcd1      0x6a6 ./Sources/Events.o
 .debug_macro   0x00010377       0x51 ./Sources/Events.o
 .debug_macro   0x000103c8       0xf5 ./Sources/main.o
 .debug_macro   0x000104bd      0x121 ./Project_Settings/Startup_Code/startup.o
 .debug_macro   0x000105de       0x58 ./Project_Settings/Startup_Code/startup.o
 .debug_macro   0x00010636       0x35 ./Project_Settings/Startup_Code/startup.o
 .debug_macro   0x0001066b       0xa3 ./Project_Settings/Startup_Code/startup.o
 .debug_macro   0x0001070e      0x166 ./Project_Settings/Startup_Code/startup.o
 .debug_macro   0x00010874       0x4a ./Project_Settings/Startup_Code/startup.o
 .debug_macro   0x000108be       0x52 ./Project_Settings/Startup_Code/startup.o
 .debug_macro   0x00010910       0x16 ./Project_Settings/Startup_Code/startup.o
 .debug_macro   0x00010926       0x43 ./Project_Settings/Startup_Code/startup.o
 .debug_macro   0x00010969      0x180 ./Project_Settings/Startup_Code/startup.o
 .debug_macro   0x00010ae9      0x2a6 ./Project_Settings/Startup_Code/startup.o
 .debug_macro   0x00010d8f       0x10 ./Project_Settings/Startup_Code/startup.o
 .debug_macro   0x00010d9f       0x35 ./Project_Settings/Startup_Code/startup.o
 .debug_macro   0x00010dd4       0x16 ./Project_Settings/Startup_Code/startup.o
 .debug_macro   0x00010dea       0x22 ./Project_Settings/Startup_Code/startup.o
 .debug_macro   0x00010e0c       0x10 ./Project_Settings/Startup_Code/startup.o
 .debug_macro   0x00010e1c      0x20f ./Project_Settings/Startup_Code/startup.o
 .debug_macro   0x0001102b     0xd4ea ./Project_Settings/Startup_Code/startup.o
 .debug_macro   0x0001e515       0xa6 ./Generated_Code/BitIoLdd1.o
 .debug_macro   0x0001e5bb       0xa0 ./Generated_Code/BitIoLdd1.o
 .debug_macro   0x0001e65b       0xf6 ./Generated_Code/Cpu.o
 .debug_macro   0x0001e751       0xd7 ./Generated_Code/PE_LDD.o
 .debug_macro   0x0001e828       0xf9 ./Generated_Code/TU1.o
 .debug_macro   0x0001e921       0xf9 ./Generated_Code/Vectors.o

.debug_line     0x00000000     0x1a96
 .debug_line    0x00000000      0x2ff ./Sources/Events.o
 .debug_line    0x000002ff      0x2f2 ./Sources/main.o
 .debug_line    0x000005f1      0x3e1 ./Project_Settings/Startup_Code/startup.o
 .debug_line    0x000009d2      0x2e3 ./Generated_Code/BitIoLdd1.o
 .debug_line    0x00000cb5      0x408 ./Generated_Code/Cpu.o
 .debug_line    0x000010bd      0x2de ./Generated_Code/PE_LDD.o
 .debug_line    0x0000139b      0x378 ./Generated_Code/TU1.o
 .debug_line    0x00001713      0x383 ./Generated_Code/Vectors.o

.debug_str      0x00000000    0x5e123
 .debug_str     0x00000000    0x5b311 ./Sources/Events.o
                              0x5b45b (size before relaxing)
 .debug_str     0x0005b311       0x17 ./Sources/main.o
                              0x5b3fc (size before relaxing)
 .debug_str     0x0005b328     0x25f6 ./Project_Settings/Startup_Code/startup.o
                              0x4c40d (size before relaxing)
 .debug_str     0x0005d91e      0x18e ./Generated_Code/BitIoLdd1.o
                              0x5264f (size before relaxing)
 .debug_str     0x0005daac      0x360 ./Generated_Code/Cpu.o
                              0x5b7d5 (size before relaxing)
 .debug_str     0x0005de0c      0x17e ./Generated_Code/PE_LDD.o
                              0x5b5bb (size before relaxing)
 .debug_str     0x0005df8a      0x17d ./Generated_Code/TU1.o
                              0x5b719 (size before relaxing)
 .debug_str     0x0005e107       0x1c ./Generated_Code/Vectors.o
                              0x5b44e (size before relaxing)

.comment        0x00000000       0x70
 .comment       0x00000000       0x70 ./Sources/Events.o
                                 0x71 (size before relaxing)
 .comment       0x00000000       0x71 ./Sources/main.o
 .comment       0x00000000       0x71 ./Project_Settings/Startup_Code/startup.o
 .comment       0x00000000       0x71 ./Generated_Code/BitIoLdd1.o
 .comment       0x00000000       0x71 ./Generated_Code/Cpu.o
 .comment       0x00000000       0x71 ./Generated_Code/PE_LDD.o
 .comment       0x00000000       0x71 ./Generated_Code/TU1.o
 .comment       0x00000000       0x71 ./Generated_Code/Vectors.o

.debug_frame    0x00000000      0x3d8
 .debug_frame   0x00000000       0x48 ./Sources/Events.o
 .debug_frame   0x00000048       0x2c ./Sources/main.o
 .debug_frame   0x00000074       0xc0 ./Project_Settings/Startup_Code/startup.o
 .debug_frame   0x00000134       0xb8 ./Generated_Code/BitIoLdd1.o
 .debug_frame   0x000001ec       0xa4 ./Generated_Code/Cpu.o
 .debug_frame   0x00000290       0x64 ./Generated_Code/PE_LDD.o
 .debug_frame   0x000002f4       0x50 ./Generated_Code/TU1.o
 .debug_frame   0x00000344       0x28 c:/freescale/kds_v3/toolchain/bin/../lib/gcc/arm-none-eabi/4.8.4/../../../../arm-none-eabi/lib/armv7e-m\libg_s.a(lib_a-exit.o)
 .debug_frame   0x0000036c       0x2c c:/freescale/kds_v3/toolchain/bin/../lib/gcc/arm-none-eabi/4.8.4/../../../../arm-none-eabi/lib/armv7e-m\libg_s.a(lib_a-init.o)
 .debug_frame   0x00000398       0x20 c:/freescale/kds_v3/toolchain/bin/../lib/gcc/arm-none-eabi/4.8.4/../../../../arm-none-eabi/lib/armv7e-m\libg_s.a(lib_a-memset.o)
 .debug_frame   0x000003b8       0x20 c:/freescale/kds_v3/toolchain/bin/../lib/gcc/arm-none-eabi/4.8.4/../../../../arm-none-eabi/lib/armv7e-m\libnosys.a(_exit.o)
