Archive member included because of file (symbol)

c:/freescale/kds_v3/toolchain/bin/../lib/gcc/arm-none-eabi/4.8.4/armv7e-m\libgcc.a(unwind-arm.o)
                              ./Sources/LCD.o (__aeabi_unwind_cpp_pr0)
c:/freescale/kds_v3/toolchain/bin/../lib/gcc/arm-none-eabi/4.8.4/armv7e-m\libgcc.a(libunwind.o)
                              c:/freescale/kds_v3/toolchain/bin/../lib/gcc/arm-none-eabi/4.8.4/armv7e-m\libgcc.a(unwind-arm.o) (restore_core_regs)
c:/freescale/kds_v3/toolchain/bin/../lib/gcc/arm-none-eabi/4.8.4/armv7e-m\libgcc.a(pr-support.o)
                              c:/freescale/kds_v3/toolchain/bin/../lib/gcc/arm-none-eabi/4.8.4/armv7e-m\libgcc.a(unwind-arm.o) (__gnu_unwind_execute)
c:/freescale/kds_v3/toolchain/bin/../lib/gcc/arm-none-eabi/4.8.4/../../../../arm-none-eabi/lib/armv7e-m\libg_s.a(lib_a-abort.o)
                              c:/freescale/kds_v3/toolchain/bin/../lib/gcc/arm-none-eabi/4.8.4/armv7e-m\libgcc.a(unwind-arm.o) (abort)
c:/freescale/kds_v3/toolchain/bin/../lib/gcc/arm-none-eabi/4.8.4/../../../../arm-none-eabi/lib/armv7e-m\libg_s.a(lib_a-exit.o)
                              c:/freescale/kds_v3/toolchain/bin/../lib/gcc/arm-none-eabi/4.8.4/../../../../arm-none-eabi/lib/armv7e-m/crt0.o (exit)
c:/freescale/kds_v3/toolchain/bin/../lib/gcc/arm-none-eabi/4.8.4/../../../../arm-none-eabi/lib/armv7e-m\libg_s.a(lib_a-impure.o)
                              c:/freescale/kds_v3/toolchain/bin/../lib/gcc/arm-none-eabi/4.8.4/../../../../arm-none-eabi/lib/armv7e-m\libg_s.a(lib_a-exit.o) (_global_impure_ptr)
c:/freescale/kds_v3/toolchain/bin/../lib/gcc/arm-none-eabi/4.8.4/../../../../arm-none-eabi/lib/armv7e-m\libg_s.a(lib_a-init.o)
                              c:/freescale/kds_v3/toolchain/bin/../lib/gcc/arm-none-eabi/4.8.4/../../../../arm-none-eabi/lib/armv7e-m/crt0.o (__libc_init_array)
c:/freescale/kds_v3/toolchain/bin/../lib/gcc/arm-none-eabi/4.8.4/../../../../arm-none-eabi/lib/armv7e-m\libg_s.a(lib_a-memcpy-stub.o)
                              c:/freescale/kds_v3/toolchain/bin/../lib/gcc/arm-none-eabi/4.8.4/armv7e-m\libgcc.a(unwind-arm.o) (memcpy)
c:/freescale/kds_v3/toolchain/bin/../lib/gcc/arm-none-eabi/4.8.4/../../../../arm-none-eabi/lib/armv7e-m\libg_s.a(lib_a-memset.o)
                              c:/freescale/kds_v3/toolchain/bin/../lib/gcc/arm-none-eabi/4.8.4/../../../../arm-none-eabi/lib/armv7e-m/crt0.o (memset)
c:/freescale/kds_v3/toolchain/bin/../lib/gcc/arm-none-eabi/4.8.4/../../../../arm-none-eabi/lib/armv7e-m\libg_s.a(lib_a-signal.o)
                              c:/freescale/kds_v3/toolchain/bin/../lib/gcc/arm-none-eabi/4.8.4/../../../../arm-none-eabi/lib/armv7e-m\libg_s.a(lib_a-abort.o) (raise)
c:/freescale/kds_v3/toolchain/bin/../lib/gcc/arm-none-eabi/4.8.4/../../../../arm-none-eabi/lib/armv7e-m\libg_s.a(lib_a-signalr.o)
                              c:/freescale/kds_v3/toolchain/bin/../lib/gcc/arm-none-eabi/4.8.4/../../../../arm-none-eabi/lib/armv7e-m\libg_s.a(lib_a-signal.o) (_kill_r)
c:/freescale/kds_v3/toolchain/bin/../lib/gcc/arm-none-eabi/4.8.4/../../../../arm-none-eabi/lib/armv7e-m\libg_s.a(lib_a-strlen.o)
                              ./Sources/protocol.o (strlen)
c:/freescale/kds_v3/toolchain/bin/../lib/gcc/arm-none-eabi/4.8.4/../../../../arm-none-eabi/lib/armv7e-m\libg_s.a(lib_a-nano-mallocr.o)
                              c:/freescale/kds_v3/toolchain/bin/../lib/gcc/arm-none-eabi/4.8.4/../../../../arm-none-eabi/lib/armv7e-m\libg_s.a(lib_a-signal.o) (_malloc_r)
c:/freescale/kds_v3/toolchain/bin/../lib/gcc/arm-none-eabi/4.8.4/../../../../arm-none-eabi/lib/armv7e-m\libg_s.a(lib_a-reent.o)
                              c:/freescale/kds_v3/toolchain/bin/../lib/gcc/arm-none-eabi/4.8.4/../../../../arm-none-eabi/lib/armv7e-m\libg_s.a(lib_a-signalr.o) (errno)
c:/freescale/kds_v3/toolchain/bin/../lib/gcc/arm-none-eabi/4.8.4/../../../../arm-none-eabi/lib/armv7e-m\libg_s.a(lib_a-sbrkr.o)
                              c:/freescale/kds_v3/toolchain/bin/../lib/gcc/arm-none-eabi/4.8.4/../../../../arm-none-eabi/lib/armv7e-m\libg_s.a(lib_a-nano-mallocr.o) (_sbrk_r)
c:/freescale/kds_v3/toolchain/bin/../lib/gcc/arm-none-eabi/4.8.4/../../../../arm-none-eabi/lib/armv7e-m\libg_s.a(lib_a-nano-freer.o)
                              c:/freescale/kds_v3/toolchain/bin/../lib/gcc/arm-none-eabi/4.8.4/../../../../arm-none-eabi/lib/armv7e-m\libg_s.a(lib_a-reent.o) (_free_r)
c:/freescale/kds_v3/toolchain/bin/../lib/gcc/arm-none-eabi/4.8.4/../../../../arm-none-eabi/lib/armv7e-m\libnosys.a(getpid.o)
                              c:/freescale/kds_v3/toolchain/bin/../lib/gcc/arm-none-eabi/4.8.4/../../../../arm-none-eabi/lib/armv7e-m\libg_s.a(lib_a-signalr.o) (_getpid)
c:/freescale/kds_v3/toolchain/bin/../lib/gcc/arm-none-eabi/4.8.4/../../../../arm-none-eabi/lib/armv7e-m\libnosys.a(kill.o)
                              c:/freescale/kds_v3/toolchain/bin/../lib/gcc/arm-none-eabi/4.8.4/../../../../arm-none-eabi/lib/armv7e-m\libg_s.a(lib_a-signalr.o) (_kill)
[...]
Memory Configuration

Name             Origin             Length             Attributes
m_interrupts     0x00000000         0x000001bc         xr
m_text           0x00000410         0x0003fbf0         xr
m_data           0x1fff8000         0x00008000         rw
m_data_20000000  0x20000000         0x00008000         rw
m_cfmprotrom     0x00000400         0x00000010         xr
*default*        0x00000000         0xffffffff

Linker script and memory map

LOAD c:/freescale/kds_v3/toolchain/bin/../lib/gcc/arm-none-eabi/4.8.4/armv7e-m/crti.o
LOAD c:/freescale/kds_v3/toolchain/bin/../lib/gcc/arm-none-eabi/4.8.4/armv7e-m/crtbegin.o
LOAD c:/freescale/kds_v3/toolchain/bin/../lib/gcc/arm-none-eabi/4.8.4/../../../../arm-none-eabi/lib/armv7e-m/crt0.o
LOAD ./Sources/Events.o
LOAD ./Sources/LCD.o
LOAD ./Sources/PCA9670.o
LOAD ./Sources/display.o
LOAD ./Sources/main.o
LOAD ./Sources/menu.o
LOAD ./Sources/protocol.o
LOAD ./Project_Settings/Startup_Code/startup.o
LOAD ./Generated_Code/AS1.o
LOAD ./Generated_Code/ASerialLdd1.o
LOAD ./Generated_Code/BitIoLdd1.o
LOAD ./Generated_Code/BitIoLdd2.o
LOAD ./Generated_Code/BitIoLdd3.o
LOAD ./Generated_Code/BitIoLdd4.o
LOAD ./Generated_Code/BitIoLdd5.o
LOAD ./Generated_Code/CS1.o
LOAD ./Generated_Code/Cpu.o
LOAD ./Generated_Code/ENCODER.o
LOAD ./Generated_Code/ENCODER_PUSH.o
LOAD ./Generated_Code/ExtIntLdd1.o
LOAD ./Generated_Code/ExtIntLdd2.o
LOAD ./Generated_Code/ExtIntLdd3.o
LOAD ./Generated_Code/ExtIntLdd4.o
LOAD ./Generated_Code/ExtIntLdd5.o
LOAD ./Generated_Code/I2C0.o
LOAD ./Generated_Code/IntI2cLdd1.o
LOAD ./Generated_Code/KSDK1.o
LOAD ./Generated_Code/LED_DEBUG.o
LOAD ./Generated_Code/LED_STATUS_1.o
LOAD ./Generated_Code/LED_STATUS_2.o
LOAD ./Generated_Code/LED_STATUS_3.o
LOAD ./Generated_Code/LED_STATUS_4.o
LOAD ./Generated_Code/LEVER_DIR1.o
LOAD ./Generated_Code/LEVER_DIR2.o
LOAD ./Generated_Code/PCA.o
LOAD ./Generated_Code/PE_LDD.o
LOAD ./Generated_Code/PUSH_BUTTON_REC.o
LOAD ./Generated_Code/PUSH_BUTTON_SEND.o
LOAD ./Generated_Code/T_100ms.o
LOAD ./Generated_Code/T_500ms.o
LOAD ./Generated_Code/Vectors.o
LOAD ./Generated_Code/WAIT1.o
LOAD c:/freescale/kds_v3/toolchain/bin/../lib/gcc/arm-none-eabi/4.8.4/../../../../arm-none-eabi/lib/armv7e-m\libstdc++_s.a
LOAD c:/freescale/kds_v3/toolchain/bin/../lib/gcc/arm-none-eabi/4.8.4/../../../../arm-none-eabi/lib/armv7e-m\libm.a
START GROUP
LOAD c:/freescale/kds_v3/toolchain/bin/../lib/gcc/arm-none-eabi/4.8.4/armv7e-m\libgcc.a
LOAD c:/freescale/kds_v3/toolchain/bin/../lib/gcc/arm-none-eabi/4.8.4/../../../../arm-none-eabi/lib/armv7e-m\libg_s.a
LOAD c:/freescale/kds_v3/toolchain/bin/../lib/gcc/arm-none-eabi/4.8.4/../../../../arm-none-eabi/lib/armv7e-m\libc_s.a
END GROUP
START GROUP
LOAD c:/freescale/kds_v3/toolchain/bin/../lib/gcc/arm-none-eabi/4.8.4/armv7e-m\libgcc.a
LOAD c:/freescale/kds_v3/toolchain/bin/../lib/gcc/arm-none-eabi/4.8.4/../../../../arm-none-eabi/lib/armv7e-m\libc_s.a
LOAD c:/freescale/kds_v3/toolchain/bin/../lib/gcc/arm-none-eabi/4.8.4/../../../../arm-none-eabi/lib/armv7e-m\libnosys.a
END GROUP
START GROUP
LOAD c:/freescale/kds_v3/toolchain/bin/../lib/gcc/arm-none-eabi/4.8.4/armv7e-m\libgcc.a
LOAD c:/freescale/kds_v3/toolchain/bin/../lib/gcc/arm-none-eabi/4.8.4/../../../../arm-none-eabi/lib/armv7e-m\libc_s.a
LOAD c:/freescale/kds_v3/toolchain/bin/../lib/gcc/arm-none-eabi/4.8.4/../../../../arm-none-eabi/lib/armv7e-m\libnosys.a
END GROUP
LOAD c:/freescale/kds_v3/toolchain/bin/../lib/gcc/arm-none-eabi/4.8.4/armv7e-m/crtend.o
LOAD c:/freescale/kds_v3/toolchain/bin/../lib/gcc/arm-none-eabi/4.8.4/armv7e-m/crtn.o
                0x20000000                _estack = 0x20000000
                0x20000000                __SP_INIT = _estack
                0x20000000                __stack = _estack
                0x00000000                __heap_size = 0x0
                0x00000400                __stack_size = 0x400

.interrupts     0x00000000      0x1bc
                0x00000000                __vector_table = .
                0x00000000                . = ALIGN (0x4)
 *(.vectortable)
 .vectortable   0x00000000      0x1bc ./Generated_Code/Vectors.o
                0x00000000                __vect_table
                0x000001bc                . = ALIGN (0x4)

.cfmprotect     0x00000400       0x10
                0x00000400                . = ALIGN (0x4)
 *(.cfmconfig)
 .cfmconfig     0x00000400       0x10 ./Generated_Code/Cpu.o
                0x00000400                _cfm
                0x00000410                . = ALIGN (0x4)

.text           0x00000410     0x3264
                0x00000410                . = ALIGN (0x4)
 *(.text)
 .text          0x00000410       0x54 c:/freescale/kds_v3/toolchain/bin/../lib/gcc/arm-none-eabi/4.8.4/armv7e-m/crtbegin.o
 .text          0x00000464       0x74 c:/freescale/kds_v3/toolchain/bin/../lib/gcc/arm-none-eabi/4.8.4/../../../../arm-none-eabi/lib/armv7e-m/crt0.o
                0x00000464                _start
                0x00000464                _mainCRTStartup
 .text          0x000004d8       0x90 ./Generated_Code/BitIoLdd1.o
                0x000004d8                BitIoLdd1_Init
                0x00000520                BitIoLdd1_GetVal
                0x00000530                BitIoLdd1_PutVal
                0x00000544                BitIoLdd1_ClrVal
                0x00000550                BitIoLdd1_SetVal
                0x0000055c                BitIoLdd1_NegVal
 .text          0x00000568       0x90 ./Generated_Code/BitIoLdd2.o
                0x00000568                BitIoLdd2_Init
                0x000005b0                BitIoLdd2_GetVal
                0x000005c0                BitIoLdd2_PutVal
                0x000005d4                BitIoLdd2_ClrVal
                0x000005e0                BitIoLdd2_SetVal
                0x000005ec                BitIoLdd2_NegVal
 .text          0x000005f8       0x90 ./Generated_Code/BitIoLdd3.o
                0x000005f8                BitIoLdd3_Init
                0x00000640                BitIoLdd3_GetVal
                0x00000650                BitIoLdd3_PutVal
                0x00000664                BitIoLdd3_ClrVal
                0x00000670                BitIoLdd3_SetVal
                0x0000067c                BitIoLdd3_NegVal
 .text          0x00000688       0x90 ./Generated_Code/ExtIntLdd1.o
                0x00000688                ExtIntLdd1_Init
                0x000006e4                ExtIntLdd1_Interrupt
                0x00000708                ExtIntLdd1_GetVal
 .text          0x00000718       0x90 ./Generated_Code/ExtIntLdd2.o
                0x00000718                ExtIntLdd2_Init
                0x00000774                ExtIntLdd2_Interrupt
                0x00000798                ExtIntLdd2_GetVal
 .text          0x000007a8       0x90 ./Generated_Code/ExtIntLdd3.o
                0x000007a8                ExtIntLdd3_Init
                0x00000804                ExtIntLdd3_Interrupt
                0x00000828                ExtIntLdd3_GetVal
 .text          0x00000838       0x8c ./Generated_Code/ExtIntLdd4.o
                0x00000838                ExtIntLdd4_Init
                0x00000890                ExtIntLdd4_Interrupt
                0x000008b4                ExtIntLdd4_GetVal
 .text          0x000008c4       0x8c ./Generated_Code/ExtIntLdd5.o
                0x000008c4                ExtIntLdd5_Init
                0x0000091c                ExtIntLdd5_Interrupt
                0x00000940                ExtIntLdd5_GetVal
 .text          0x00000950      0x524 ./Generated_Code/IntI2cLdd1.o
                0x00000950                IntI2cLdd1_Interrupt
                0x00000ad4                IntI2cLdd1_Init
                0x00000bb8                IntI2cLdd1_MasterSendBlock
                0x00000ca4                IntI2cLdd1_MasterGetSentDataNum
                0x00000ca8                IntI2cLdd1_MasterReceiveBlock
                0x00000d94                IntI2cLdd1_MasterGetReceivedDataNum
                0x00000d98                IntI2cLdd1_SelectSlaveDevice
                0x00000e08                IntI2cLdd1_GetError
                0x00000e5c                IntI2cLdd1_CheckBus
 .text          0x00000e74      0xa1c c:/freescale/kds_v3/toolchain/bin/../lib/gcc/arm-none-eabi/4.8.4/armv7e-m\libgcc.a(unwind-arm.o)
                0x00001158                _Unwind_GetCFA
                0x0000115c                __gnu_Unwind_RaiseException
                0x000011bc                __gnu_Unwind_ForcedUnwind
                0x000011d0                __gnu_Unwind_Resume
                0x00001214                __gnu_Unwind_Resume_or_Rethrow
                0x00001224                _Unwind_Complete
                0x00001228                _Unwind_DeleteException
                0x00001238                _Unwind_VRS_Get
                0x00001288                _Unwind_VRS_Set
                0x000012d8                __gnu_Unwind_Backtrace
                0x0000162c                __aeabi_unwind_cpp_pr0
                0x00001634                __aeabi_unwind_cpp_pr1
                0x0000163c                __aeabi_unwind_cpp_pr2
                0x00001644                _Unwind_VRS_Pop
 .text          0x00001890      0x1ac c:/freescale/kds_v3/toolchain/bin/../lib/gcc/arm-none-eabi/4.8.4/armv7e-m\libgcc.a(libunwind.o)
                0x00001890                __restore_core_regs
                0x00001890                restore_core_regs
                0x000018a8                __gnu_Unwind_Restore_VFP
                0x000018b0                __gnu_Unwind_Save_VFP
                0x000018b8                __gnu_Unwind_Restore_VFP_D
                0x000018c0                __gnu_Unwind_Save_VFP_D
                0x000018c8                __gnu_Unwind_Restore_VFP_D_16_to_31
                0x000018d0                __gnu_Unwind_Save_VFP_D_16_to_31
                0x000018d8                __gnu_Unwind_Restore_WMMXD
                0x0000191c                __gnu_Unwind_Save_WMMXD
                0x00001960                __gnu_Unwind_Restore_WMMXC
                0x00001974                __gnu_Unwind_Save_WMMXC
                0x00001988                ___Unwind_RaiseException
                0x00001988                _Unwind_RaiseException
                0x000019ac                _Unwind_Resume
                0x000019ac                ___Unwind_Resume
                0x000019d0                _Unwind_Resume_or_Rethrow
                0x000019d0                ___Unwind_Resume_or_Rethrow
                0x000019f4                _Unwind_ForcedUnwind
                0x000019f4                ___Unwind_ForcedUnwind
                0x00001a18                ___Unwind_Backtrace
                0x00001a18                _Unwind_Backtrace
 .text          0x00001a3c      0x33c c:/freescale/kds_v3/toolchain/bin/../lib/gcc/arm-none-eabi/4.8.4/armv7e-m\libgcc.a(pr-support.o)
                0x00001a90                __gnu_unwind_execute
                0x00001d1c                __gnu_unwind_frame
                0x00001d48                _Unwind_GetRegionStart
                0x00001d54                _Unwind_GetLanguageSpecificData
                0x00001d68                _Unwind_GetDataRelBase
                0x00001d70                _Unwind_GetTextRelBase
 *(.text*)
 .text.PUSH_BUTTON_REC_OnInterrupt
                0x00001d78        0xc ./Sources/Events.o
                0x00001d78                PUSH_BUTTON_REC_OnInterrupt
 .text.PUSH_BUTTON_SEND_OnInterrupt
                0x00001d84        0xc ./Sources/Events.o
                0x00001d84                PUSH_BUTTON_SEND_OnInterrupt
 .text.I2C0_OnReceiveData
                0x00001d90        0xc ./Sources/Events.o
                0x00001d90                I2C0_OnReceiveData
 .text.I2C0_OnTransmitData
                0x00001d9c        0xc ./Sources/Events.o
                0x00001d9c                I2C0_OnTransmitData
 .text.T_100ms_OnCounterRestart
                0x00001da8       0x14 ./Sources/Events.o
                0x00001da8                T_100ms_OnCounterRestart
 .text.LEVER_DIR2_OnInterrupt
                0x00001dbc        0xc ./Sources/Events.o
                0x00001dbc                LEVER_DIR2_OnInterrupt
 .text.LEVER_DIR1_OnInterrupt
                0x00001dc8        0xc ./Sources/Events.o
                0x00001dc8                LEVER_DIR1_OnInterrupt
 .text.ENCODER_PUSH_OnInterrupt
                0x00001dd4        0xc ./Sources/Events.o
                0x00001dd4                ENCODER_PUSH_OnInterrupt
 .text.ENCODER_OnPortEvent
                0x00001de0       0x14 ./Sources/Events.o
                0x00001de0                ENCODER_OnPortEvent
 .text.T_500ms_OnCounterRestart
                0x00001df4       0x14 ./Sources/Events.o
                0x00001df4                T_500ms_OnCounterRestart
 .text.Cpu_OnNMIINT
                0x00001e08        0xc ./Sources/Events.o
                0x00001e08                Cpu_OnNMIINT
 .text.I2C0_OnArbitLost
                0x00001e14        0xc ./Sources/Events.o
                0x00001e14                I2C0_OnArbitLost
 .text.AS1_OnTxComplete
                0x00001e20       0x14 ./Sources/Events.o
                0x00001e20                AS1_OnTxComplete
 .text.AS1_OnError
                0x00001e34        0xc ./Sources/Events.o
                0x00001e34                AS1_OnError
 .text.AS1_OnRxChar
                0x00001e40        0xc ./Sources/Events.o
                0x00001e40                AS1_OnRxChar
 .text.AS1_OnRxCharExt
                0x00001e4c       0x14 ./Sources/Events.o
                0x00001e4c                AS1_OnRxCharExt
 .text.AS1_OnTxChar
                0x00001e60       0x14 ./Sources/Events.o
                0x00001e60                AS1_OnTxChar
 .text.AS1_OnFullRxBuf
                0x00001e74        0xc ./Sources/Events.o
                0x00001e74                AS1_OnFullRxBuf
 .text.AS1_OnFreeTxBuf
                0x00001e80        0xc ./Sources/Events.o
                0x00001e80                AS1_OnFreeTxBuf
 .text.main     0x00001e8c        0xc ./Sources/main.o
                0x00001e8c                main
 .text.serial_send_block
                0x00001e98       0xd0 ./Sources/protocol.o
                0x00001e98                serial_send_block
 .text.serial_send_string
                0x00001f68       0x50 ./Sources/protocol.o
                0x00001f68                serial_send_string
 .text.serial_send_char
                0x00001fb8       0x18 ./Sources/protocol.o
                0x00001fb8                serial_send_char
 .text.test_protocol
                0x00001fd0       0x20 ./Sources/protocol.o
                0x00001fd0                test_protocol
 .text.__copy_rom_section
                0x00001ff0       0xe4 ./Project_Settings/Startup_Code/startup.o
                0x00001ff0                __copy_rom_section
 .text.__copy_rom_sections_to_ram
                0x000020d4       0x9c ./Project_Settings/Startup_Code/startup.o
                0x000020d4                __copy_rom_sections_to_ram
 .text.__init_registers
                0x00002170        0xc ./Project_Settings/Startup_Code/startup.o
                0x00002170                __init_registers
 .text.__init_user
                0x0000217c        0xc ./Project_Settings/Startup_Code/startup.o
                0x0000217c                __init_user
 .text.__thumb_startup
                0x00002188       0x34 ./Project_Settings/Startup_Code/startup.o
                0x00002188                __thumb_startup
 .text.HWEnDi   0x000021bc       0x1c ./Generated_Code/AS1.o
 .text.AS1_SendChar
                0x000021d8       0xdc ./Generated_Code/AS1.o
                0x000021d8                AS1_SendChar
 .text.AS1_Init
                0x000022b4       0x60 ./Generated_Code/AS1.o
                0x000022b4                AS1_Init
 .text.ASerialLdd1_OnBlockReceived
                0x00002314       0xcc ./Generated_Code/AS1.o
                0x00002314                ASerialLdd1_OnBlockReceived
 .text.ASerialLdd1_OnBlockSent
                0x000023e0       0xd4 ./Generated_Code/AS1.o
                0x000023e0                ASerialLdd1_OnBlockSent
 .text.ASerialLdd1_OnError
                0x000024b4       0x9c ./Generated_Code/AS1.o
                0x000024b4                ASerialLdd1_OnError
 .text.ASerialLdd1_OnTxComplete
                0x00002550       0x14 ./Generated_Code/AS1.o
                0x00002550                ASerialLdd1_OnTxComplete
 .text.ASerialLdd1_OnBreak
                0x00002564       0x24 ./Generated_Code/AS1.o
                0x00002564                ASerialLdd1_OnBreak
 .text.ASerialLdd1_Init
                0x00002588      0x1c0 ./Generated_Code/ASerialLdd1.o
                0x00002588                ASerialLdd1_Init
 .text.ASerialLdd1_ReceiveBlock
                0x00002748       0x90 ./Generated_Code/ASerialLdd1.o
                0x00002748                ASerialLdd1_ReceiveBlock
 .text.ASerialLdd1_SendBlock
                0x000027d8       0xbc ./Generated_Code/ASerialLdd1.o
                0x000027d8                ASerialLdd1_SendBlock
 .text.InterruptRx
                0x00002894       0x58 ./Generated_Code/ASerialLdd1.o
 .text.InterruptTx
                0x000028ec       0x9c ./Generated_Code/ASerialLdd1.o
 .text.ASerialLdd1_Interrupt
                0x00002988      0x130 ./Generated_Code/ASerialLdd1.o
                0x00002988                ASerialLdd1_Interrupt
 .text.ASerialLdd1_GetError
                0x00002ab8       0x70 ./Generated_Code/ASerialLdd1.o
                0x00002ab8                ASerialLdd1_GetError
 .text.BitIoLdd4_Init
                0x00002b28       0x64 ./Generated_Code/BitIoLdd4.o
                0x00002b28                BitIoLdd4_Init
 .text.BitIoLdd5_Init
                0x00002b8c       0x64 ./Generated_Code/BitIoLdd5.o
                0x00002b8c                BitIoLdd5_Init
 .text.BitIoLdd5_ClrVal
                0x00002bf0       0x1c ./Generated_Code/BitIoLdd5.o
                0x00002bf0                BitIoLdd5_ClrVal
 .text.BitIoLdd5_SetVal
                0x00002c0c       0x1c ./Generated_Code/BitIoLdd5.o
                0x00002c0c                BitIoLdd5_SetVal
 .text.Cpu_ivINT_PORTC
                0x00002c28       0x30 ./Generated_Code/Cpu.o
                0x00002c28                Cpu_ivINT_PORTC
 .text.Cpu_INT_NMIInterrupt
                0x00002c58       0x1c ./Generated_Code/Cpu.o
                0x00002c58                Cpu_INT_NMIInterrupt
 .text.Cpu_Interrupt
                0x00002c74       0x18 ./Generated_Code/Cpu.o
                0x00002c74                Cpu_Interrupt
 .text.__init_hardware
                0x00002c8c      0x140 ./Generated_Code/Cpu.o
                0x00002c8c                __init_hardware
 .text.Cpu_SetBASEPRI
                0x00002dcc       0x18 ./Generated_Code/Cpu.o
                0x00002dcc                Cpu_SetBASEPRI
 .text.PE_low_level_init
                0x00002de4      0x10c ./Generated_Code/Cpu.o
                0x00002de4                PE_low_level_init
 .text.ENCODER_Init
                0x00002ef0       0xb0 ./Generated_Code/ENCODER.o
                0x00002ef0                ENCODER_Init
 .text.ENCODER_Interrupt
                0x00002fa0       0x4c ./Generated_Code/ENCODER.o
                0x00002fa0                ENCODER_Interrupt
 .text.ExtIntLdd1_OnInterrupt
                0x00002fec       0x14 ./Generated_Code/ENCODER_PUSH.o
                0x00002fec                ExtIntLdd1_OnInterrupt
 .text.I2C0_SendStop
                0x00003000       0x48 ./Generated_Code/I2C0.o
                0x00003000                I2C0_SendStop
 .text.I2C0_Init
                0x00003048       0x20 ./Generated_Code/I2C0.o
                0x00003048                I2C0_Init
 .text.IntI2cLdd1_OnMasterBlockSent
                0x00003068       0x24 ./Generated_Code/I2C0.o
                0x00003068                IntI2cLdd1_OnMasterBlockSent
 .text.IntI2cLdd1_OnMasterBlockReceived
                0x0000308c       0x24 ./Generated_Code/I2C0.o
                0x0000308c                IntI2cLdd1_OnMasterBlockReceived
 .text.IntI2cLdd1_OnError
                0x000030b0       0x30 ./Generated_Code/I2C0.o
                0x000030b0                IntI2cLdd1_OnError
 .text.ExtIntLdd2_OnInterrupt
                0x000030e0       0x14 ./Generated_Code/LEVER_DIR1.o
                0x000030e0                ExtIntLdd2_OnInterrupt
 .text.ExtIntLdd3_OnInterrupt
                0x000030f4       0x14 ./Generated_Code/LEVER_DIR2.o
                0x000030f4                ExtIntLdd3_OnInterrupt
 .text.ExtIntLdd5_OnInterrupt
                0x00003108       0x14 ./Generated_Code/PUSH_BUTTON_REC.o
                0x00003108                ExtIntLdd5_OnInterrupt
 .text.ExtIntLdd4_OnInterrupt
                0x0000311c       0x14 ./Generated_Code/PUSH_BUTTON_SEND.o
                0x0000311c                ExtIntLdd4_OnInterrupt
 .text.T_100ms_Init
                0x00003130       0xb0 ./Generated_Code/T_100ms.o
                0x00003130                T_100ms_Init
 .text.T_100ms_Interrupt
                0x000031e0       0x6c ./Generated_Code/T_100ms.o
                0x000031e0                T_100ms_Interrupt
 .text.T_500ms_Init
                0x0000324c       0xcc ./Generated_Code/T_500ms.o
                0x0000324c                T_500ms_Init
 .text.T_500ms_Interrupt
                0x00003318       0x6c ./Generated_Code/T_500ms.o
                0x00003318                T_500ms_Interrupt
 .text.abort    0x00003384        0xe c:/freescale/kds_v3/toolchain/bin/../lib/gcc/arm-none-eabi/4.8.4/../../../../arm-none-eabi/lib/armv7e-m\libg_s.a(lib_a-abort.o)
                0x00003384                abort
 *fill*         0x00003392        0x2 
 .text.exit     0x00003394       0x28 c:/freescale/kds_v3/toolchain/bin/../lib/gcc/arm-none-eabi/4.8.4/../../../../arm-none-eabi/lib/armv7e-m\libg_s.a(lib_a-exit.o)
                0x00003394                exit
 .text.__libc_init_array
                0x000033bc       0x4c c:/freescale/kds_v3/toolchain/bin/../lib/gcc/arm-none-eabi/4.8.4/../../../../arm-none-eabi/lib/armv7e-m\libg_s.a(lib_a-init.o)
                0x000033bc                __libc_init_array
 .text.memcpy   0x00003408       0x12 c:/freescale/kds_v3/toolchain/bin/../lib/gcc/arm-none-eabi/4.8.4/../../../../arm-none-eabi/lib/armv7e-m\libg_s.a(lib_a-memcpy-stub.o)
                0x00003408                memcpy
 .text.memset   0x0000341a       0x10 c:/freescale/kds_v3/toolchain/bin/../lib/gcc/arm-none-eabi/4.8.4/../../../../arm-none-eabi/lib/armv7e-m\libg_s.a(lib_a-memset.o)
                0x0000341a                memset
 .text._raise_r
                0x0000342a       0x50 c:/freescale/kds_v3/toolchain/bin/../lib/gcc/arm-none-eabi/4.8.4/../../../../arm-none-eabi/lib/armv7e-m\libg_s.a(lib_a-signal.o)
                0x0000342a                _raise_r
 *fill*         0x0000347a        0x2 
 .text.raise    0x0000347c       0x10 c:/freescale/kds_v3/toolchain/bin/../lib/gcc/arm-none-eabi/4.8.4/../../../../arm-none-eabi/lib/armv7e-m\libg_s.a(lib_a-signal.o)
                0x0000347c                raise
 .text._kill_r  0x0000348c       0x24 c:/freescale/kds_v3/toolchain/bin/../lib/gcc/arm-none-eabi/4.8.4/../../../../arm-none-eabi/lib/armv7e-m\libg_s.a(lib_a-signalr.o)
                0x0000348c                _kill_r
 .text._getpid_r
                0x000034b0        0x4 c:/freescale/kds_v3/toolchain/bin/../lib/gcc/arm-none-eabi/4.8.4/../../../../arm-none-eabi/lib/armv7e-m\libg_s.a(lib_a-signalr.o)
                0x000034b0                _getpid_r
 .text.strlen   0x000034b4       0x10 c:/freescale/kds_v3/toolchain/bin/../lib/gcc/arm-none-eabi/4.8.4/../../../../arm-none-eabi/lib/armv7e-m\libg_s.a(lib_a-strlen.o)
                0x000034b4                strlen
 .text._getpid  0x000034c4       0x10 c:/freescale/kds_v3/toolchain/bin/../lib/gcc/arm-none-eabi/4.8.4/../../../../arm-none-eabi/lib/armv7e-m\libnosys.a(getpid.o)
                0x000034c4                _getpid
 .text._kill    0x000034d4       0x10 c:/freescale/kds_v3/toolchain/bin/../lib/gcc/arm-none-eabi/4.8.4/../../../../arm-none-eabi/lib/armv7e-m\libnosys.a(kill.o)
                0x000034d4                _kill
 .text._exit    0x000034e4        0x4 c:/freescale/kds_v3/toolchain/bin/../lib/gcc/arm-none-eabi/4.8.4/../../../../arm-none-eabi/lib/armv7e-m\libnosys.a(_exit.o)
                0x000034e4                _exit
 *(.rodata)
 .rodata        0x000034e8      0x16c ./Sources/protocol.o
 *(.rodata*)
 .rodata.str1.1
                0x00003654        0x2 c:/freescale/kds_v3/toolchain/bin/../lib/gcc/arm-none-eabi/4.8.4/../../../../arm-none-eabi/lib/armv7e-m\libg_s.a(lib_a-impure.o)
 *fill*         0x00003656        0x2 
 .rodata._global_impure_ptr
                0x00003658        0x4 c:/freescale/kds_v3/toolchain/bin/../lib/gcc/arm-none-eabi/4.8.4/../../../../arm-none-eabi/lib/armv7e-m\libg_s.a(lib_a-impure.o)
                0x00003658                _global_impure_ptr
 *(.glue_7)
 .glue_7        0x00000000        0x0 linker stubs
 *(.glue_7t)
 .glue_7t       0x00000000        0x0 linker stubs
 *(.eh_frame)
 .eh_frame      0x0000365c        0x0 c:/freescale/kds_v3/toolchain/bin/../lib/gcc/arm-none-eabi/4.8.4/armv7e-m/crtbegin.o
 *(.init)
 .init          0x0000365c        0x4 c:/freescale/kds_v3/toolchain/bin/../lib/gcc/arm-none-eabi/4.8.4/armv7e-m/crti.o
                0x0000365c                _init
 .init          0x00003660        0x8 c:/freescale/kds_v3/toolchain/bin/../lib/gcc/arm-none-eabi/4.8.4/armv7e-m/crtn.o
 *(.fini)
 .fini          0x00003668        0x4 c:/freescale/kds_v3/toolchain/bin/../lib/gcc/arm-none-eabi/4.8.4/armv7e-m/crti.o
                0x00003668                _fini
 .fini          0x0000366c        0x8 c:/freescale/kds_v3/toolchain/bin/../lib/gcc/arm-none-eabi/4.8.4/armv7e-m/crtn.o
                0x00003674                . = ALIGN (0x4)
                0x00003674                _etext = .

.vfp11_veneer   0x00003674        0x0
 .vfp11_veneer  0x00000000        0x0 linker stubs

.v4_bx          0x00003674        0x0
 .v4_bx         0x00000000        0x0 linker stubs

.iplt           0x00003674        0x0
 .iplt          0x00000000        0x0 c:/freescale/kds_v3/toolchain/bin/../lib/gcc/arm-none-eabi/4.8.4/armv7e-m/crtbegin.o

.ARM.extab      0x00003674       0x48
 *(.ARM.extab* .gnu.linkonce.armextab.*)
 .ARM.extab.text.serial_send_block
                0x00003674        0xc ./Sources/protocol.o
 .ARM.extab.text.serial_send_string
                0x00003680        0xc ./Sources/protocol.o
 .ARM.extab.text.serial_send_char
                0x0000368c        0xc ./Sources/protocol.o
 .ARM.extab     0x00003698        0xc c:/freescale/kds_v3/toolchain/bin/../lib/gcc/arm-none-eabi/4.8.4/armv7e-m\libgcc.a(unwind-arm.o)
 .ARM.extab     0x000036a4       0x18 c:/freescale/kds_v3/toolchain/bin/../lib/gcc/arm-none-eabi/4.8.4/armv7e-m\libgcc.a(pr-support.o)

.ARM            0x000036bc       0xf0
                0x000036bc                __exidx_start = .
 *(.ARM.exidx*)
 .ARM.exidx     0x000036bc        0x8 c:/freescale/kds_v3/toolchain/bin/../lib/gcc/arm-none-eabi/4.8.4/../../../../arm-none-eabi/lib/armv7e-m/crt0.o
 .ARM.exidx.text.serial_send_block
                0x00003784        0x8 ./Sources/protocol.o
 .ARM.exidx.text.serial_send_string
                0x0000378c        0x8 ./Sources/protocol.o
 .ARM.exidx.text.serial_send_char
                0x00003794        0x8 ./Sources/protocol.o
 .ARM.exidx.text.test_protocol
                0x0000379c       0x10 ./Sources/protocol.o
                                  0x8 (size before relaxing)
 .ARM.exidx     0x000036c4       0x88 c:/freescale/kds_v3/toolchain/bin/../lib/gcc/arm-none-eabi/4.8.4/armv7e-m\libgcc.a(unwind-arm.o)
                                 0xd8 (size before relaxing)
 .ARM.exidx     0x0000374c       0x38 c:/freescale/kds_v3/toolchain/bin/../lib/gcc/arm-none-eabi/4.8.4/armv7e-m\libgcc.a(pr-support.o)
                                 0x48 (size before relaxing)
                0x000037ac                __exidx_end = .

.rel.dyn        0x000037ac        0x0
 .rel.iplt      0x00000000        0x0 c:/freescale/kds_v3/toolchain/bin/../lib/gcc/arm-none-eabi/4.8.4/armv7e-m/crtbegin.o

.ctors          0x000037ac        0x0
                0x000037ac                __CTOR_LIST__ = .
 *crtbegin.o(.ctors)
 *(EXCLUDE_FILE(*crtend.o) .ctors)
 *(SORT(.ctors.*))
 *(.ctors)
                0x000037ac                __CTOR_END__ = .

.dtors          0x000037ac        0x0
                0x000037ac                __DTOR_LIST__ = .
 *crtbegin.o(.dtors)
 *(EXCLUDE_FILE(*crtend.o) .dtors)
 *(SORT(.dtors.*))
 *(.dtors)
                0x000037ac                __DTOR_END__ = .

.preinit_array  0x000037ac        0x0
                0x000037ac                PROVIDE (__preinit_array_start, .)
 *(.preinit_array*)
                0x000037ac                PROVIDE (__preinit_array_end, .)

.init_array     0x000037ac        0x4
                0x000037ac                PROVIDE (__init_array_start, .)
 *(SORT(.init_array.*))
 *(.init_array*)
 .init_array    0x000037ac        0x4 c:/freescale/kds_v3/toolchain/bin/../lib/gcc/arm-none-eabi/4.8.4/armv7e-m/crtbegin.o
                0x000037b0                PROVIDE (__init_array_end, .)

.fini_array     0x000037b0        0x4
                0x000037b0                PROVIDE (__fini_array_start, .)
 *(SORT(.fini_array.*))
 *(.fini_array*)
 .fini_array    0x000037b0        0x4 c:/freescale/kds_v3/toolchain/bin/../lib/gcc/arm-none-eabi/4.8.4/armv7e-m/crtbegin.o
                0x000037b4                PROVIDE (__fini_array_end, .)
                0x000037b4                ___ROM_AT = .

.data           0x1fff8000       0x6c load address 0x000037b4
                0x1fff8000                . = ALIGN (0x4)
                0x1fff8000                _sdata = .
 *(.data)
 *(.data*)
 .data._ZL3Get  0x1fff8000        0x4 ./Sources/protocol.o
 .data._ZL8Velocity
                0x1fff8004        0x4 ./Sources/protocol.o
 .data.impure_data
                0x1fff8008       0x60 c:/freescale/kds_v3/toolchain/bin/../lib/gcc/arm-none-eabi/4.8.4/../../../../arm-none-eabi/lib/armv7e-m\libg_s.a(lib_a-impure.o)
 .data._impure_ptr
                0x1fff8068        0x4 c:/freescale/kds_v3/toolchain/bin/../lib/gcc/arm-none-eabi/4.8.4/../../../../arm-none-eabi/lib/armv7e-m\libg_s.a(lib_a-impure.o)
                0x1fff8068                _impure_ptr
                0x1fff806c                . = ALIGN (0x4)
                0x1fff806c                _edata = .
                0x0000006c                ___data_size = (_edata - _sdata)
                0x00003820                ___m_data_20000000_ROMStart = (___ROM_AT + SIZEOF (.data))

.jcr            0x1fff806c        0x0 load address 0x00003820
 .jcr           0x1fff806c        0x0 c:/freescale/kds_v3/toolchain/bin/../lib/gcc/arm-none-eabi/4.8.4/armv7e-m/crtbegin.o

.igot.plt       0x1fff806c        0x0 load address 0x00003820
 .igot.plt      0x00000000        0x0 c:/freescale/kds_v3/toolchain/bin/../lib/gcc/arm-none-eabi/4.8.4/armv7e-m/crtbegin.o

.m_data_20000000
                0x20000000        0x0 load address 0x00003820
                0x20000000                . = ALIGN (0x4)
                0x20000000                ___m_data_20000000_RAMStart = .
 *(.m_data_20000000)
                0x20000000                ___m_data_20000000_RAMEnd = .
                0x20000000                . = ALIGN (0x4)
                0x00000000                ___m_data_20000000_ROMSize = (___m_data_20000000_RAMEnd - ___m_data_20000000_RAMStart)
                0x20000000                . = ALIGN (0x4)

.bss            0x1fff806c      0x1b8 load address 0x00003820
                0x1fff806c                __START_BSS = .
                0x1fff806c                PROVIDE (__bss_start__, __START_BSS)
 *(.bss)
 .bss           0x1fff806c       0x1c c:/freescale/kds_v3/toolchain/bin/../lib/gcc/arm-none-eabi/4.8.4/armv7e-m/crtbegin.o
 .bss           0x1fff8088        0x4 ./Generated_Code/BitIoLdd1.o
 .bss           0x1fff808c        0x4 ./Generated_Code/BitIoLdd2.o
 .bss           0x1fff8090        0x4 ./Generated_Code/BitIoLdd3.o
 .bss           0x1fff8094        0x8 ./Generated_Code/ExtIntLdd1.o
 .bss           0x1fff809c        0x8 ./Generated_Code/ExtIntLdd2.o
 .bss           0x1fff80a4        0x8 ./Generated_Code/ExtIntLdd3.o
 .bss           0x1fff80ac        0x8 ./Generated_Code/ExtIntLdd4.o
 .bss           0x1fff80b4        0x8 ./Generated_Code/ExtIntLdd5.o
 .bss           0x1fff80bc       0x20 ./Generated_Code/IntI2cLdd1.o
 *(.bss*)
 .bss.SerFlag   0x1fff80dc        0x2 ./Generated_Code/AS1.o
 .bss.AS1_InpLen
                0x1fff80de        0x2 ./Generated_Code/AS1.o
 .bss.InpIndexR
                0x1fff80e0        0x2 ./Generated_Code/AS1.o
 .bss.InpIndexW
                0x1fff80e2        0x2 ./Generated_Code/AS1.o
 .bss.InpBuffer
                0x1fff80e4       0x40 ./Generated_Code/AS1.o
 .bss.BufferRead
                0x1fff8124        0x1 ./Generated_Code/AS1.o
 *fill*         0x1fff8125        0x1 
 .bss.AS1_OutLen
                0x1fff8126        0x2 ./Generated_Code/AS1.o
 .bss.OutIndexR
                0x1fff8128        0x2 ./Generated_Code/AS1.o
 .bss.OutIndexW
                0x1fff812a        0x2 ./Generated_Code/AS1.o
 .bss.OutBuffer
                0x1fff812c       0x40 ./Generated_Code/AS1.o
 .bss.OnFreeTxBufSemaphore
                0x1fff816c        0x1 ./Generated_Code/AS1.o
 *fill*         0x1fff816d        0x3 
 .bss.DeviceDataPrv__DEFAULT_RTOS_ALLOC
                0x1fff8170       0x20 ./Generated_Code/ASerialLdd1.o
 .bss.INT_UART0_RX_TX__DEFAULT_RTOS_ISRPARAM
                0x1fff8190        0x4 ./Generated_Code/ASerialLdd1.o
 .bss.INT_UART0_ERR__DEFAULT_RTOS_ISRPARAM
                0x1fff8194        0x4 ./Generated_Code/ASerialLdd1.o
 .bss.DeviceDataPrv__DEFAULT_RTOS_ALLOC
                0x1fff8198        0x4 ./Generated_Code/BitIoLdd4.o
 .bss.DeviceDataPrv__DEFAULT_RTOS_ALLOC
                0x1fff819c        0x4 ./Generated_Code/BitIoLdd5.o
 .bss.SR_lock   0x1fff81a0        0x1 ./Generated_Code/Cpu.o
                0x1fff81a0                SR_lock
 *fill*         0x1fff81a1        0x3 
 .bss.DeviceDataPrv__DEFAULT_RTOS_ALLOC
                0x1fff81a4        0xc ./Generated_Code/ENCODER.o
 .bss.INT_PORTC__DEFAULT_RTOS_ISRPARAM
                0x1fff81b0        0x4 ./Generated_Code/ENCODER.o
 .bss.OutLenM   0x1fff81b4        0x2 ./Generated_Code/I2C0.o
 .bss.I2C0_SerFlag
                0x1fff81b6        0x1 ./Generated_Code/I2C0.o
 *fill*         0x1fff81b7        0x1 
 .bss.PE_LDD_DeviceDataList
                0x1fff81b8       0x3c ./Generated_Code/PE_LDD.o
                0x1fff81b8                PE_LDD_DeviceDataList
 .bss.DeviceDataPrv__DEFAULT_RTOS_ALLOC
                0x1fff81f4        0xc ./Generated_Code/T_100ms.o
 .bss.INT_FTM1__DEFAULT_RTOS_ISRPARAM
                0x1fff8200        0x4 ./Generated_Code/T_100ms.o
 .bss.DeviceDataPrv__DEFAULT_RTOS_ALLOC
                0x1fff8204        0x8 ./Generated_Code/T_500ms.o
 .bss.INT_FTM0__DEFAULT_RTOS_ISRPARAM
                0x1fff820c        0x4 ./Generated_Code/T_500ms.o
 *(COMMON)
 COMMON         0x1fff8210        0x4 ./Generated_Code/AS1.o
                0x1fff8210                ASerialLdd1_DeviceDataPtr
 COMMON         0x1fff8214        0x1 ./Generated_Code/Cpu.o
                0x1fff8214                SR_reg
 *fill*         0x1fff8215        0x3 
 COMMON         0x1fff8218        0x8 ./Generated_Code/I2C0.o
                0x1fff8218                I2C0_SndRcvTemp
                0x1fff821c                IntI2cLdd1_DeviceDataPtr
 COMMON         0x1fff8220        0x4 c:/freescale/kds_v3/toolchain/bin/../lib/gcc/arm-none-eabi/4.8.4/../../../../arm-none-eabi/lib/armv7e-m\libg_s.a(lib_a-reent.o)
                0x1fff8220                errno
                0x1fff8224                . = ALIGN (0x4)
                0x1fff8224                __END_BSS = .
                0x1fff8224                PROVIDE (__bss_end__, __END_BSS)
                0x00003820                _romp_at = ((___ROM_AT + SIZEOF (.data)) + SIZEOF (.m_data_20000000))

.romp           0x1fff8224       0x24 load address 0x00003820
                0x00003820                __S_romp = _romp_at
                0x1fff8224        0x4 LONG 0x37b4 ___ROM_AT
                0x1fff8228        0x4 LONG 0x1fff8000 _sdata
                0x1fff822c        0x4 LONG 0x6c ___data_size
                0x1fff8230        0x4 LONG 0x3820 ___m_data_20000000_ROMStart
                0x1fff8234        0x4 LONG 0x20000000 ___m_data_20000000_RAMStart
                0x1fff8238        0x4 LONG 0x0 ___m_data_20000000_ROMSize
                0x1fff823c        0x4 LONG 0x0
                0x1fff8240        0x4 LONG 0x0
                0x1fff8244        0x4 LONG 0x0
                0x00040000                text_end = (ORIGIN (m_text) + 0x3fbf0)
                0x00003844                data_init_end = ((___m_data_20000000_ROMStart + SIZEOF (.m_data_20000000)) + SIZEOF (.romp))
                0x00000001                ASSERT ((data_init_end <= text_end), region m_text overflowed with text and data)

._user_heap_stack
                0x1fff8248      0x400 load address 0x00003844
                0x1fff8248                . = ALIGN (0x4)
                0x1fff8248                PROVIDE (end, .)
                0x1fff8248                PROVIDE (_end, .)
                0x1fff8248                PROVIDE (__end__, .)
                0x1fff8248                __heap_addr = .
                0x1fff8248                __HeapBase = .
                0x1fff8248                . = (. + __heap_size)
                0x1fff8248                __HeapLimit = .
                0x1fff8648                . = (. + __stack_size)
 *fill*         0x1fff8248      0x400 
                0x1fff8648                . = ALIGN (0x4)

.ARM.attributes
                0x00000000       0x2a
 *(.ARM.attributes)
 .ARM.attributes
                0x00000000       0x1e c:/freescale/kds_v3/toolchain/bin/../lib/gcc/arm-none-eabi/4.8.4/armv7e-m/crti.o
 .ARM.attributes
                0x0000001e       0x2e c:/freescale/kds_v3/toolchain/bin/../lib/gcc/arm-none-eabi/4.8.4/armv7e-m/crtbegin.o
 .ARM.attributes
                0x0000004c       0x1c c:/freescale/kds_v3/toolchain/bin/../lib/gcc/arm-none-eabi/4.8.4/../../../../arm-none-eabi/lib/armv7e-m/crt0.o
 .ARM.attributes
                0x00000068       0x33 ./Sources/Events.o
 .ARM.attributes
                0x0000009b       0x33 ./Sources/main.o
 .ARM.attributes
                0x000000ce       0x33 ./Sources/protocol.o
 .ARM.attributes
                0x00000101       0x33 ./Project_Settings/Startup_Code/startup.o
 .ARM.attributes
                0x00000134       0x33 ./Generated_Code/AS1.o
 .ARM.attributes
                0x00000167       0x33 ./Generated_Code/ASerialLdd1.o
 .ARM.attributes
                0x0000019a       0x33 ./Generated_Code/BitIoLdd1.o
 .ARM.attributes
                0x000001cd       0x33 ./Generated_Code/BitIoLdd2.o
 .ARM.attributes
                0x00000200       0x33 ./Generated_Code/BitIoLdd3.o
 .ARM.attributes
                0x00000233       0x33 ./Generated_Code/BitIoLdd4.o
 .ARM.attributes
                0x00000266       0x33 ./Generated_Code/BitIoLdd5.o
 .ARM.attributes
                0x00000299       0x33 ./Generated_Code/Cpu.o
 .ARM.attributes
                0x000002cc       0x33 ./Generated_Code/ENCODER.o
 .ARM.attributes
                0x000002ff       0x33 ./Generated_Code/ENCODER_PUSH.o
 .ARM.attributes
                0x00000332       0x33 ./Generated_Code/ExtIntLdd1.o
 .ARM.attributes
                0x00000365       0x33 ./Generated_Code/ExtIntLdd2.o
 .ARM.attributes
                0x00000398       0x33 ./Generated_Code/ExtIntLdd3.o
 .ARM.attributes
                0x000003cb       0x33 ./Generated_Code/ExtIntLdd4.o
 .ARM.attributes
                0x000003fe       0x33 ./Generated_Code/ExtIntLdd5.o
 .ARM.attributes
                0x00000431       0x33 ./Generated_Code/I2C0.o
 .ARM.attributes
                0x00000464       0x33 ./Generated_Code/IntI2cLdd1.o
 .ARM.attributes
                0x00000497       0x33 ./Generated_Code/LEVER_DIR1.o
 .ARM.attributes
                0x000004ca       0x33 ./Generated_Code/LEVER_DIR2.o
 .ARM.attributes
                0x000004fd       0x33 ./Generated_Code/PE_LDD.o
 .ARM.attributes
                0x00000530       0x33 ./Generated_Code/PUSH_BUTTON_REC.o
 .ARM.attributes
                0x00000563       0x33 ./Generated_Code/PUSH_BUTTON_SEND.o
 .ARM.attributes
                0x00000596       0x33 ./Generated_Code/T_100ms.o
 .ARM.attributes
                0x000005c9       0x33 ./Generated_Code/T_500ms.o
 .ARM.attributes
                0x000005fc       0x33 ./Generated_Code/Vectors.o
 .ARM.attributes
                0x0000062f       0x2e c:/freescale/kds_v3/toolchain/bin/../lib/gcc/arm-none-eabi/4.8.4/../../../../arm-none-eabi/lib/armv7e-m\libg_s.a(lib_a-exit.o)
 .ARM.attributes
                0x0000065d       0x2e c:/freescale/kds_v3/toolchain/bin/../lib/gcc/arm-none-eabi/4.8.4/../../../../arm-none-eabi/lib/armv7e-m\libg_s.a(lib_a-impure.o)
 .ARM.attributes
                0x0000068b       0x2e c:/freescale/kds_v3/toolchain/bin/../lib/gcc/arm-none-eabi/4.8.4/../../../../arm-none-eabi/lib/armv7e-m\libg_s.a(lib_a-init.o)
 .ARM.attributes
                0x000006b9       0x2e c:/freescale/kds_v3/toolchain/bin/../lib/gcc/arm-none-eabi/4.8.4/../../../../arm-none-eabi/lib/armv7e-m\libg_s.a(lib_a-memset.o)
 .ARM.attributes
                0x000006e7       0x2e c:/freescale/kds_v3/toolchain/bin/../lib/gcc/arm-none-eabi/4.8.4/../../../../arm-none-eabi/lib/armv7e-m\libg_s.a(lib_a-strlen.o)
 .ARM.attributes
                0x00000715       0x2e c:/freescale/kds_v3/toolchain/bin/../lib/gcc/arm-none-eabi/4.8.4/../../../../arm-none-eabi/lib/armv7e-m\libnosys.a(_exit.o)
 .ARM.attributes
                0x00000743       0x1e c:/freescale/kds_v3/toolchain/bin/../lib/gcc/arm-none-eabi/4.8.4/armv7e-m/crtn.o
OUTPUT(varmo_lite.elf elf32-littlearm)

.debug_info     0x00000000     0x75bb
 .debug_info    0x00000000      0x434 ./Sources/Events.o
 .debug_info    0x00000434      0x271 ./Sources/main.o
 .debug_info    0x000006a5      0x3a9 ./Sources/protocol.o
 .debug_info    0x00000a4e      0x20a ./Project_Settings/Startup_Code/startup.o
 .debug_info    0x00000c58      0x52b ./Generated_Code/AS1.o
 .debug_info    0x00001183      0x9dc ./Generated_Code/ASerialLdd1.o
 .debug_info    0x00001b5f      0x375 ./Generated_Code/BitIoLdd1.o
 .debug_info    0x00001ed4      0x375 ./Generated_Code/BitIoLdd2.o
 .debug_info    0x00002249      0x375 ./Generated_Code/BitIoLdd3.o
 .debug_info    0x000025be      0x377 ./Generated_Code/BitIoLdd4.o
 .debug_info    0x00002935      0x377 ./Generated_Code/BitIoLdd5.o
 .debug_info    0x00002cac      0xa82 ./Generated_Code/Cpu.o
 .debug_info    0x0000372e      0x647 ./Generated_Code/ENCODER.o
 .debug_info    0x00003d75       0xb2 ./Generated_Code/ENCODER_PUSH.o
 .debug_info    0x00003e27      0x455 ./Generated_Code/ExtIntLdd1.o
 .debug_info    0x0000427c      0x455 ./Generated_Code/ExtIntLdd2.o
 .debug_info    0x000046d1      0x455 ./Generated_Code/ExtIntLdd3.o
 .debug_info    0x00004b26      0x455 ./Generated_Code/ExtIntLdd4.o
 .debug_info    0x00004f7b      0x455 ./Generated_Code/ExtIntLdd5.o
 .debug_info    0x000053d0      0x47e ./Generated_Code/I2C0.o
 .debug_info    0x0000584e      0xa3f ./Generated_Code/IntI2cLdd1.o
 .debug_info    0x0000628d       0xb2 ./Generated_Code/LEVER_DIR1.o
 .debug_info    0x0000633f       0xb2 ./Generated_Code/LEVER_DIR2.o
 .debug_info    0x000063f1      0x24d ./Generated_Code/PE_LDD.o
 .debug_info    0x0000663e       0xb2 ./Generated_Code/PUSH_BUTTON_REC.o
 .debug_info    0x000066f0       0xb2 ./Generated_Code/PUSH_BUTTON_SEND.o
 .debug_info    0x000067a2      0x6c8 ./Generated_Code/T_100ms.o
 .debug_info    0x00006e6a      0x63b ./Generated_Code/T_500ms.o
 .debug_info    0x000074a5      0x116 ./Generated_Code/Vectors.o

.debug_abbrev   0x00000000     0x24eb
 .debug_abbrev  0x00000000      0x19a ./Sources/Events.o
 .debug_abbrev  0x0000019a       0xd6 ./Sources/main.o
 .debug_abbrev  0x00000270      0x13e ./Sources/protocol.o
 .debug_abbrev  0x000003ae      0x11e ./Project_Settings/Startup_Code/startup.o
 .debug_abbrev  0x000004cc      0x1d6 ./Generated_Code/AS1.o
 .debug_abbrev  0x000006a2      0x1db ./Generated_Code/ASerialLdd1.o
 .debug_abbrev  0x0000087d      0x17a ./Generated_Code/BitIoLdd1.o
 .debug_abbrev  0x000009f7      0x17a ./Generated_Code/BitIoLdd2.o
 .debug_abbrev  0x00000b71      0x17a ./Generated_Code/BitIoLdd3.o
 .debug_abbrev  0x00000ceb      0x15f ./Generated_Code/BitIoLdd4.o
 .debug_abbrev  0x00000e4a      0x15f ./Generated_Code/BitIoLdd5.o
 .debug_abbrev  0x00000fa9      0x178 ./Generated_Code/Cpu.o
 .debug_abbrev  0x00001121      0x1ba ./Generated_Code/ENCODER.o
 .debug_abbrev  0x000012db       0x68 ./Generated_Code/ENCODER_PUSH.o
 .debug_abbrev  0x00001343      0x18f ./Generated_Code/ExtIntLdd1.o
 .debug_abbrev  0x000014d2      0x18f ./Generated_Code/ExtIntLdd2.o
 .debug_abbrev  0x00001661      0x18f ./Generated_Code/ExtIntLdd3.o
 .debug_abbrev  0x000017f0      0x18f ./Generated_Code/ExtIntLdd4.o
 .debug_abbrev  0x0000197f      0x18f ./Generated_Code/ExtIntLdd5.o
 .debug_abbrev  0x00001b0e      0x1c0 ./Generated_Code/I2C0.o
 .debug_abbrev  0x00001cce      0x1e9 ./Generated_Code/IntI2cLdd1.o
 .debug_abbrev  0x00001eb7       0x68 ./Generated_Code/LEVER_DIR1.o
 .debug_abbrev  0x00001f1f       0x68 ./Generated_Code/LEVER_DIR2.o
 .debug_abbrev  0x00001f87      0x10d ./Generated_Code/PE_LDD.o
 .debug_abbrev  0x00002094       0x68 ./Generated_Code/PUSH_BUTTON_REC.o
 .debug_abbrev  0x000020fc       0x68 ./Generated_Code/PUSH_BUTTON_SEND.o
 .debug_abbrev  0x00002164      0x179 ./Generated_Code/T_100ms.o
 .debug_abbrev  0x000022dd      0x16a ./Generated_Code/T_500ms.o
 .debug_abbrev  0x00002447       0xa4 ./Generated_Code/Vectors.o

.debug_aranges  0x00000000      0x648
 .debug_aranges
                0x00000000       0xb0 ./Sources/Events.o
 .debug_aranges
                0x000000b0       0x20 ./Sources/main.o
 .debug_aranges
                0x000000d0       0x38 ./Sources/protocol.o
 .debug_aranges
                0x00000108       0x50 ./Project_Settings/Startup_Code/startup.o
 .debug_aranges
                0x00000158       0x90 ./Generated_Code/AS1.o
 .debug_aranges
                0x000001e8       0x50 ./Generated_Code/ASerialLdd1.o
 .debug_aranges
                0x00000238       0x20 ./Generated_Code/BitIoLdd1.o
 .debug_aranges
                0x00000258       0x20 ./Generated_Code/BitIoLdd2.o
 .debug_aranges
                0x00000278       0x20 ./Generated_Code/BitIoLdd3.o
 .debug_aranges
                0x00000298       0x48 ./Generated_Code/BitIoLdd4.o
 .debug_aranges
                0x000002e0       0x48 ./Generated_Code/BitIoLdd5.o
 .debug_aranges
                0x00000328       0x48 ./Generated_Code/Cpu.o
 .debug_aranges
                0x00000370       0x60 ./Generated_Code/ENCODER.o
 .debug_aranges
                0x000003d0       0x20 ./Generated_Code/ENCODER_PUSH.o
 .debug_aranges
                0x000003f0       0x20 ./Generated_Code/ExtIntLdd1.o
 .debug_aranges
                0x00000410       0x20 ./Generated_Code/ExtIntLdd2.o
 .debug_aranges
                0x00000430       0x20 ./Generated_Code/ExtIntLdd3.o
 .debug_aranges
                0x00000450       0x20 ./Generated_Code/ExtIntLdd4.o
 .debug_aranges
                0x00000470       0x20 ./Generated_Code/ExtIntLdd5.o
 .debug_aranges
                0x00000490       0x70 ./Generated_Code/I2C0.o
 .debug_aranges
                0x00000500       0x20 ./Generated_Code/IntI2cLdd1.o
 .debug_aranges
                0x00000520       0x20 ./Generated_Code/LEVER_DIR1.o
 .debug_aranges
                0x00000540       0x20 ./Generated_Code/LEVER_DIR2.o
 .debug_aranges
                0x00000560       0x30 ./Generated_Code/PE_LDD.o
 .debug_aranges
                0x00000590       0x20 ./Generated_Code/PUSH_BUTTON_REC.o
 .debug_aranges
                0x000005b0       0x20 ./Generated_Code/PUSH_BUTTON_SEND.o
 .debug_aranges
                0x000005d0       0x38 ./Generated_Code/T_100ms.o
 .debug_aranges
                0x00000608       0x28 ./Generated_Code/T_500ms.o
 .debug_aranges
                0x00000630       0x18 ./Generated_Code/Vectors.o

.debug_ranges   0x00000000      0x438
 .debug_ranges  0x00000000       0xa0 ./Sources/Events.o
 .debug_ranges  0x000000a0       0x10 ./Sources/main.o
 .debug_ranges  0x000000b0       0x28 ./Sources/protocol.o
 .debug_ranges  0x000000d8       0x40 ./Project_Settings/Startup_Code/startup.o
 .debug_ranges  0x00000118       0x80 ./Generated_Code/AS1.o
 .debug_ranges  0x00000198       0x40 ./Generated_Code/ASerialLdd1.o
 .debug_ranges  0x000001d8       0x38 ./Generated_Code/BitIoLdd4.o
 .debug_ranges  0x00000210       0x38 ./Generated_Code/BitIoLdd5.o
 .debug_ranges  0x00000248       0x38 ./Generated_Code/Cpu.o
 .debug_ranges  0x00000280       0x50 ./Generated_Code/ENCODER.o
 .debug_ranges  0x000002d0       0x10 ./Generated_Code/ENCODER_PUSH.o
 .debug_ranges  0x000002e0       0x60 ./Generated_Code/I2C0.o
 .debug_ranges  0x00000340       0x58 ./Generated_Code/IntI2cLdd1.o
 .debug_ranges  0x00000398       0x10 ./Generated_Code/LEVER_DIR1.o
 .debug_ranges  0x000003a8       0x10 ./Generated_Code/LEVER_DIR2.o
 .debug_ranges  0x000003b8       0x20 ./Generated_Code/PE_LDD.o
 .debug_ranges  0x000003d8       0x10 ./Generated_Code/PUSH_BUTTON_REC.o
 .debug_ranges  0x000003e8       0x10 ./Generated_Code/PUSH_BUTTON_SEND.o
 .debug_ranges  0x000003f8       0x28 ./Generated_Code/T_100ms.o
 .debug_ranges  0x00000420       0x18 ./Generated_Code/T_500ms.o

.debug_macro    0x00000000    0x24df6
 .debug_macro   0x00000000      0x381 ./Sources/Events.o
 .debug_macro   0x00000381      0x84a ./Sources/Events.o
 .debug_macro   0x00000bcb       0x16 ./Sources/Events.o
 .debug_macro   0x00000be1       0x44 ./Sources/Events.o
 .debug_macro   0x00000c25      0x209 ./Sources/Events.o
 .debug_macro   0x00000e2e     0x1816 ./Sources/Events.o
 .debug_macro   0x00002644      0x14e ./Sources/Events.o
 .debug_macro   0x00002792       0x6a ./Sources/Events.o
 .debug_macro   0x000027fc     0xd4f6 ./Sources/Events.o
 .debug_macro   0x0000fcf2       0x9a ./Sources/Events.o
 .debug_macro   0x0000fd8c       0x94 ./Sources/Events.o
 .debug_macro   0x0000fe20      0x12c ./Sources/Events.o
 .debug_macro   0x0000ff4c       0x46 ./Sources/Events.o
 .debug_macro   0x0000ff92       0x26 ./Sources/Events.o
 .debug_macro   0x0000ffb8      0x6a6 ./Sources/Events.o
 .debug_macro   0x0001065e       0x51 ./Sources/Events.o
 .debug_macro   0x000106af       0x4c ./Sources/Events.o
 .debug_macro   0x000106fb       0x26 ./Sources/Events.o
 .debug_macro   0x00010721       0x4c ./Sources/Events.o
 .debug_macro   0x0001076d       0x26 ./Sources/Events.o
 .debug_macro   0x00010793       0x4c ./Sources/Events.o
 .debug_macro   0x000107df       0x26 ./Sources/Events.o
 .debug_macro   0x00010805       0x4c ./Sources/Events.o
 .debug_macro   0x00010851       0x26 ./Sources/Events.o
 .debug_macro   0x00010877      0x4ea ./Sources/Events.o
 .debug_macro   0x00010d61       0xa5 ./Sources/Events.o
 .debug_macro   0x00010e06       0x34 ./Sources/Events.o
 .debug_macro   0x00010e3a       0x34 ./Sources/Events.o
 .debug_macro   0x00010e6e       0x34 ./Sources/Events.o
 .debug_macro   0x00010ea2       0x67 ./Sources/Events.o
 .debug_macro   0x00010f09       0x5f ./Sources/Events.o
 .debug_macro   0x00010f68       0x12 ./Sources/Events.o
 .debug_macro   0x00010f7a       0x34 ./Sources/Events.o
 .debug_macro   0x00010fae       0x34 ./Sources/Events.o
 .debug_macro   0x00010fe2       0x6c ./Sources/Events.o
 .debug_macro   0x0001104e       0x20 ./Sources/Events.o
 .debug_macro   0x0001106e       0x22 ./Sources/Events.o
 .debug_macro   0x00011090       0x22 ./Sources/Events.o
 .debug_macro   0x000110b2       0x28 ./Sources/Events.o
 .debug_macro   0x000110da       0x58 ./Sources/Events.o
 .debug_macro   0x00011132       0x35 ./Sources/Events.o
 .debug_macro   0x00011167       0xa3 ./Sources/Events.o
 .debug_macro   0x0001120a       0x16 ./Sources/Events.o
 .debug_macro   0x00011220       0x97 ./Sources/Events.o
 .debug_macro   0x000112b7       0x10 ./Sources/Events.o
 .debug_macro   0x000112c7       0xef ./Sources/Events.o
 .debug_macro   0x000113b6       0x52 ./Sources/Events.o
 .debug_macro   0x00011408       0x16 ./Sources/Events.o
 .debug_macro   0x0001141e       0x43 ./Sources/Events.o
 .debug_macro   0x00011461      0x180 ./Sources/Events.o
 .debug_macro   0x000115e1       0x10 ./Sources/Events.o
 .debug_macro   0x000115f1       0x22 ./Sources/Events.o
 .debug_macro   0x00011613       0xbd ./Sources/Events.o
 .debug_macro   0x000116d0       0x16 ./Sources/Events.o
 .debug_macro   0x000116e6      0x14a ./Sources/Events.o
 .debug_macro   0x00011830      0x2a6 ./Sources/Events.o
 .debug_macro   0x00011ad6       0x10 ./Sources/Events.o
 .debug_macro   0x00011ae6       0x35 ./Sources/Events.o
 .debug_macro   0x00011b1b       0x52 ./Sources/Events.o
 .debug_macro   0x00011b6d      0x395 ./Sources/main.o
 .debug_macro   0x00011f02      0x1b2 ./Sources/protocol.o
 .debug_macro   0x000120b4      0x2ad ./Sources/protocol.o
 .debug_macro   0x00012361       0x35 ./Sources/protocol.o
 .debug_macro   0x00012396       0x1f ./Sources/protocol.o
 .debug_macro   0x000123b5     0x1816 ./Sources/protocol.o
 .debug_macro   0x00013bcb       0x66 ./Sources/protocol.o
 .debug_macro   0x00013c31      0x121 ./Project_Settings/Startup_Code/startup.o
 .debug_macro   0x00013d52      0x166 ./Project_Settings/Startup_Code/startup.o
 .debug_macro   0x00013eb8       0x4a ./Project_Settings/Startup_Code/startup.o
 .debug_macro   0x00013f02       0x16 ./Project_Settings/Startup_Code/startup.o
 .debug_macro   0x00013f18       0x22 ./Project_Settings/Startup_Code/startup.o
 .debug_macro   0x00013f3a       0x10 ./Project_Settings/Startup_Code/startup.o
 .debug_macro   0x00013f4a      0x20f ./Project_Settings/Startup_Code/startup.o
 .debug_macro   0x00014159     0xd4ea ./Project_Settings/Startup_Code/startup.o
 .debug_macro   0x00021643      0x2ff ./Generated_Code/AS1.o
 .debug_macro   0x00021942       0xc5 ./Generated_Code/ASerialLdd1.o
 .debug_macro   0x00021a07       0x26 ./Generated_Code/ASerialLdd1.o
 .debug_macro   0x00021a2d      0x7ab ./Generated_Code/ASerialLdd1.o
 .debug_macro   0x000221d8      0x9f0 ./Generated_Code/ASerialLdd1.o
 .debug_macro   0x00022bc8       0xa6 ./Generated_Code/BitIoLdd4.o
 .debug_macro   0x00022c6e       0xa6 ./Generated_Code/BitIoLdd5.o
 .debug_macro   0x00022d14       0x46 ./Generated_Code/BitIoLdd5.o
 .debug_macro   0x00022d5a      0x2b8 ./Generated_Code/Cpu.o
 .debug_macro   0x00023012       0x2e ./Generated_Code/Cpu.o
 .debug_macro   0x00023040      0x274 ./Generated_Code/ENCODER.o
 .debug_macro   0x000232b4      0x270 ./Generated_Code/ENCODER_PUSH.o
 .debug_macro   0x00023524      0x2b4 ./Generated_Code/I2C0.o
 .debug_macro   0x000237d8      0x29c ./Generated_Code/I2C0.o
 .debug_macro   0x00023a74      0x270 ./Generated_Code/LEVER_DIR1.o
 .debug_macro   0x00023ce4      0x270 ./Generated_Code/LEVER_DIR2.o
 .debug_macro   0x00023f54      0x222 ./Generated_Code/PE_LDD.o
 .debug_macro   0x00024176      0x270 ./Generated_Code/PUSH_BUTTON_REC.o
 .debug_macro   0x000243e6      0x270 ./Generated_Code/PUSH_BUTTON_SEND.o
 .debug_macro   0x00024656      0x27a ./Generated_Code/T_100ms.o
 .debug_macro   0x000248d0      0x27a ./Generated_Code/T_500ms.o
 .debug_macro   0x00024b4a      0x2ac ./Generated_Code/Vectors.o

.debug_line     0x00000000     0x7737
 .debug_line    0x00000000      0x6f2 ./Sources/Events.o
 .debug_line    0x000006f2      0x5d9 ./Sources/main.o
 .debug_line    0x00000ccb      0x406 ./Sources/protocol.o
 .debug_line    0x000010d1      0x3e1 ./Project_Settings/Startup_Code/startup.o
 .debug_line    0x000014b2      0x76f ./Generated_Code/AS1.o
 .debug_line    0x00001c21      0x3a6 ./Generated_Code/ASerialLdd1.o
 .debug_line    0x00001fc7      0x179 ./Generated_Code/BitIoLdd1.o
 .debug_line    0x00002140      0x17f ./Generated_Code/BitIoLdd2.o
 .debug_line    0x000022bf      0x17f ./Generated_Code/BitIoLdd3.o
 .debug_line    0x0000243e      0x2e3 ./Generated_Code/BitIoLdd4.o
 .debug_line    0x00002721      0x2e3 ./Generated_Code/BitIoLdd5.o
 .debug_line    0x00002a04      0x776 ./Generated_Code/Cpu.o
 .debug_line    0x0000317a      0x5ef ./Generated_Code/ENCODER.o
 .debug_line    0x00003769      0x501 ./Generated_Code/ENCODER_PUSH.o
 .debug_line    0x00003c6a      0x18b ./Generated_Code/ExtIntLdd1.o
 .debug_line    0x00003df5      0x189 ./Generated_Code/ExtIntLdd2.o
 .debug_line    0x00003f7e      0x189 ./Generated_Code/ExtIntLdd3.o
 .debug_line    0x00004107      0x18f ./Generated_Code/ExtIntLdd4.o
 .debug_line    0x00004296      0x18e ./Generated_Code/ExtIntLdd5.o
 .debug_line    0x00004424      0x5fd ./Generated_Code/I2C0.o
 .debug_line    0x00004a21      0x322 ./Generated_Code/IntI2cLdd1.o
 .debug_line    0x00004d43      0x4fd ./Generated_Code/LEVER_DIR1.o
 .debug_line    0x00005240      0x4fd ./Generated_Code/LEVER_DIR2.o
 .debug_line    0x0000573d      0x498 ./Generated_Code/PE_LDD.o
 .debug_line    0x00005bd5      0x507 ./Generated_Code/PUSH_BUTTON_REC.o
 .debug_line    0x000060dc      0x509 ./Generated_Code/PUSH_BUTTON_SEND.o
 .debug_line    0x000065e5      0x554 ./Generated_Code/T_100ms.o
 .debug_line    0x00006b39      0x532 ./Generated_Code/T_500ms.o
 .debug_line    0x0000706b      0x6cc ./Generated_Code/Vectors.o

.debug_str      0x00000000    0x77859
 .debug_str     0x00000000    0x63d1e ./Sources/Events.o
                              0x63f34 (size before relaxing)
 .debug_str     0x00063d1e       0x3c ./Sources/main.o
                              0x63d9e (size before relaxing)
 .debug_str     0x00063d5a      0x5e9 ./Sources/protocol.o
                              0x54db6 (size before relaxing)
 .debug_str     0x00064343      0x1ab ./Project_Settings/Startup_Code/startup.o
                              0x4c40d (size before relaxing)
 .debug_str     0x000644ee      0x324 ./Generated_Code/AS1.o
                              0x6102f (size before relaxing)
 .debug_str     0x00064812     0xebef ./Generated_Code/ASerialLdd1.o
                              0x60b78 (size before relaxing)
 .debug_str     0x00073401      0x166 ./Generated_Code/BitIoLdd1.o
                                0x337 (size before relaxing)
 .debug_str     0x00073567       0xb1 ./Generated_Code/BitIoLdd2.o
                                0x337 (size before relaxing)
 .debug_str     0x00073618       0xb1 ./Generated_Code/BitIoLdd3.o
                                0x337 (size before relaxing)
 .debug_str     0x000736c9       0xb1 ./Generated_Code/BitIoLdd4.o
                              0x5281d (size before relaxing)
 .debug_str     0x0007377a       0xb1 ./Generated_Code/BitIoLdd5.o
                              0x5281d (size before relaxing)
 .debug_str     0x0007382b      0x250 ./Generated_Code/Cpu.o
                              0x610b6 (size before relaxing)
 .debug_str     0x00073a7b      0x18a ./Generated_Code/ENCODER.o
                              0x60fda (size before relaxing)
 .debug_str     0x00073c05       0x38 ./Generated_Code/ENCODER_PUSH.o
                              0x60cc9 (size before relaxing)
 .debug_str     0x00073c3d       0x87 ./Generated_Code/ExtIntLdd1.o
                                0x3aa (size before relaxing)
 .debug_str     0x00073cc4       0x9e ./Generated_Code/ExtIntLdd2.o
                                0x3aa (size before relaxing)
 .debug_str     0x00073d62       0x9e ./Generated_Code/ExtIntLdd3.o
                                0x3aa (size before relaxing)
 .debug_str     0x00073e00       0x9e ./Generated_Code/ExtIntLdd4.o
                                0x3aa (size before relaxing)
 .debug_str     0x00073e9e       0x9e ./Generated_Code/ExtIntLdd5.o
                                0x3aa (size before relaxing)
 .debug_str     0x00073f3c     0x32da ./Generated_Code/I2C0.o
                              0x6402b (size before relaxing)
 .debug_str     0x00077216      0x208 ./Generated_Code/IntI2cLdd1.o
                                0x6f9 (size before relaxing)
 .debug_str     0x0007741e       0x1f ./Generated_Code/LEVER_DIR1.o
                              0x60cc7 (size before relaxing)
 .debug_str     0x0007743d       0x1f ./Generated_Code/LEVER_DIR2.o
                              0x60cc7 (size before relaxing)
 .debug_str     0x0007745c      0x177 ./Generated_Code/PE_LDD.o
                              0x60e4e (size before relaxing)
 .debug_str     0x000775d3       0x24 ./Generated_Code/PUSH_BUTTON_REC.o
                              0x60ccc (size before relaxing)
 .debug_str     0x000775f7       0x25 ./Generated_Code/PUSH_BUTTON_SEND.o
                              0x60ccd (size before relaxing)
 .debug_str     0x0007761c      0x19b ./Generated_Code/T_100ms.o
                              0x61012 (size before relaxing)
 .debug_str     0x000777b7       0x86 ./Generated_Code/T_500ms.o
                              0x60fbf (size before relaxing)
 .debug_str     0x0007783d       0x1c ./Generated_Code/Vectors.o
                              0x60ce6 (size before relaxing)

.comment        0x00000000       0x70
 .comment       0x00000000       0x70 ./Sources/Events.o
                                 0x71 (size before relaxing)
 .comment       0x00000000       0x71 ./Sources/main.o
 .comment       0x00000000       0x71 ./Sources/protocol.o
 .comment       0x00000000       0x71 ./Project_Settings/Startup_Code/startup.o
 .comment       0x00000000       0x71 ./Generated_Code/AS1.o
 .comment       0x00000000       0x71 ./Generated_Code/ASerialLdd1.o
 .comment       0x00000000       0x71 ./Generated_Code/BitIoLdd1.o
 .comment       0x00000000       0x71 ./Generated_Code/BitIoLdd2.o
 .comment       0x00000000       0x71 ./Generated_Code/BitIoLdd3.o
 .comment       0x00000000       0x71 ./Generated_Code/BitIoLdd4.o
 .comment       0x00000000       0x71 ./Generated_Code/BitIoLdd5.o
 .comment       0x00000000       0x71 ./Generated_Code/Cpu.o
 .comment       0x00000000       0x71 ./Generated_Code/ENCODER.o
 .comment       0x00000000       0x71 ./Generated_Code/ENCODER_PUSH.o
 .comment       0x00000000       0x71 ./Generated_Code/ExtIntLdd1.o
 .comment       0x00000000       0x71 ./Generated_Code/ExtIntLdd2.o
 .comment       0x00000000       0x71 ./Generated_Code/ExtIntLdd3.o
 .comment       0x00000000       0x71 ./Generated_Code/ExtIntLdd4.o
 .comment       0x00000000       0x71 ./Generated_Code/ExtIntLdd5.o
 .comment       0x00000000       0x71 ./Generated_Code/I2C0.o
 .comment       0x00000000       0x71 ./Generated_Code/IntI2cLdd1.o
 .comment       0x00000000       0x71 ./Generated_Code/LEVER_DIR1.o
 .comment       0x00000000       0x71 ./Generated_Code/LEVER_DIR2.o
 .comment       0x00000000       0x71 ./Generated_Code/PE_LDD.o
 .comment       0x00000000       0x71 ./Generated_Code/PUSH_BUTTON_REC.o
 .comment       0x00000000       0x71 ./Generated_Code/PUSH_BUTTON_SEND.o
 .comment       0x00000000       0x71 ./Generated_Code/T_100ms.o
 .comment       0x00000000       0x71 ./Generated_Code/T_500ms.o
 .comment       0x00000000       0x71 ./Generated_Code/Vectors.o

.debug_frame    0x00000000     0x1178
 .debug_frame   0x00000000      0x1f8 ./Sources/Events.o
 .debug_frame   0x000001f8       0x2c ./Sources/main.o
 .debug_frame   0x00000224       0x94 ./Sources/protocol.o
 .debug_frame   0x000002b8       0xc0 ./Project_Settings/Startup_Code/startup.o
 .debug_frame   0x00000378      0x1cc ./Generated_Code/AS1.o
 .debug_frame   0x00000544       0xec ./Generated_Code/ASerialLdd1.o
 .debug_frame   0x00000630       0x78 ./Generated_Code/BitIoLdd1.o
 .debug_frame   0x000006a8       0x78 ./Generated_Code/BitIoLdd2.o
 .debug_frame   0x00000720       0x78 ./Generated_Code/BitIoLdd3.o
 .debug_frame   0x00000798       0xb8 ./Generated_Code/BitIoLdd4.o
 .debug_frame   0x00000850       0xb8 ./Generated_Code/BitIoLdd5.o
 .debug_frame   0x00000908       0xc8 ./Generated_Code/Cpu.o
 .debug_frame   0x000009d0      0x110 ./Generated_Code/ENCODER.o
 .debug_frame   0x00000ae0       0x30 ./Generated_Code/ENCODER_PUSH.o
 .debug_frame   0x00000b10       0x48 ./Generated_Code/ExtIntLdd1.o
 .debug_frame   0x00000b58       0x48 ./Generated_Code/ExtIntLdd2.o
 .debug_frame   0x00000ba0       0x48 ./Generated_Code/ExtIntLdd3.o
 .debug_frame   0x00000be8       0x48 ./Generated_Code/ExtIntLdd4.o
 .debug_frame   0x00000c30       0x48 ./Generated_Code/ExtIntLdd5.o
 .debug_frame   0x00000c78      0x160 ./Generated_Code/I2C0.o
 .debug_frame   0x00000dd8       0xf0 ./Generated_Code/IntI2cLdd1.o
 .debug_frame   0x00000ec8       0x30 ./Generated_Code/LEVER_DIR1.o
 .debug_frame   0x00000ef8       0x30 ./Generated_Code/LEVER_DIR2.o
 .debug_frame   0x00000f28       0x64 ./Generated_Code/PE_LDD.o
 .debug_frame   0x00000f8c       0x30 ./Generated_Code/PUSH_BUTTON_REC.o
 .debug_frame   0x00000fbc       0x30 ./Generated_Code/PUSH_BUTTON_SEND.o
 .debug_frame   0x00000fec       0x88 ./Generated_Code/T_100ms.o
 .debug_frame   0x00001074       0x50 ./Generated_Code/T_500ms.o
 .debug_frame   0x000010c4       0x28 c:/freescale/kds_v3/toolchain/bin/../lib/gcc/arm-none-eabi/4.8.4/../../../../arm-none-eabi/lib/armv7e-m\libg_s.a(lib_a-exit.o)
 .debug_frame   0x000010ec       0x2c c:/freescale/kds_v3/toolchain/bin/../lib/gcc/arm-none-eabi/4.8.4/../../../../arm-none-eabi/lib/armv7e-m\libg_s.a(lib_a-init.o)
 .debug_frame   0x00001118       0x20 c:/freescale/kds_v3/toolchain/bin/../lib/gcc/arm-none-eabi/4.8.4/../../../../arm-none-eabi/lib/armv7e-m\libg_s.a(lib_a-memset.o)
 .debug_frame   0x00001138       0x20 c:/freescale/kds_v3/toolchain/bin/../lib/gcc/arm-none-eabi/4.8.4/../../../../arm-none-eabi/lib/armv7e-m\libg_s.a(lib_a-strlen.o)
 .debug_frame   0x00001158       0x20 c:/freescale/kds_v3/toolchain/bin/../lib/gcc/arm-none-eabi/4.8.4/../../../../arm-none-eabi/lib/armv7e-m\libnosys.a(_exit.o)

.debug_loc      0x00000000      0xa1b
 .debug_loc     0x00000000       0x68 ./Generated_Code/BitIoLdd1.o
 .debug_loc     0x00000068       0x69 ./Generated_Code/BitIoLdd2.o
 .debug_loc     0x000000d1       0x69 ./Generated_Code/BitIoLdd3.o
 .debug_loc     0x0000013a       0x64 ./Generated_Code/ExtIntLdd1.o
 .debug_loc     0x0000019e       0x64 ./Generated_Code/ExtIntLdd2.o
 .debug_loc     0x00000202       0x64 ./Generated_Code/ExtIntLdd3.o
 .debug_loc     0x00000266       0x64 ./Generated_Code/ExtIntLdd4.o
 .debug_loc     0x000002ca       0x64 ./Generated_Code/ExtIntLdd5.o
 .debug_loc     0x0000032e      0x6ed ./Generated_Code/IntI2cLdd1.o

.stabstr        0x00000000       0x76
 .stabstr       0x00000000       0x76 c:/freescale/kds_v3/toolchain/bin/../lib/gcc/arm-none-eabi/4.8.4/../../../../arm-none-eabi/lib/armv7e-m\libnosys.a(getpid.o)
