Archive member included because of file (symbol)

c:/freescale/kds_v3/toolchain/bin/../lib/gcc/arm-none-eabi/4.8.4/../../../../arm-none-eabi/lib/armv7e-m\libm.a(lib_a-s_round.o)
                              ./Sources/display.o (round)
c:/freescale/kds_v3/toolchain/bin/../lib/gcc/arm-none-eabi/4.8.4/../../../../arm-none-eabi/lib/armv7e-m\libm.a(lib_a-w_pow.o)
                              ./Sources/display.o (pow)
c:/freescale/kds_v3/toolchain/bin/../lib/gcc/arm-none-eabi/4.8.4/../../../../arm-none-eabi/lib/armv7e-m\libm.a(lib_a-e_pow.o)
                              c:/freescale/kds_v3/toolchain/bin/../lib/gcc/arm-none-eabi/4.8.4/../../../../arm-none-eabi/lib/armv7e-m\libm.a(lib_a-w_pow.o) (__ieee754_pow)
c:/freescale/kds_v3/toolchain/bin/../lib/gcc/arm-none-eabi/4.8.4/../../../../arm-none-eabi/lib/armv7e-m\libm.a(lib_a-e_sqrt.o)
                              c:/freescale/kds_v3/toolchain/bin/../lib/gcc/arm-none-eabi/4.8.4/../../../../arm-none-eabi/lib/armv7e-m\libm.a(lib_a-e_pow.o) (__ieee754_sqrt)
c:/freescale/kds_v3/toolchain/bin/../lib/gcc/arm-none-eabi/4.8.4/../../../../arm-none-eabi/lib/armv7e-m\libm.a(lib_a-s_fabs.o)
                              c:/freescale/kds_v3/toolchain/bin/../lib/gcc/arm-none-eabi/4.8.4/../../../../arm-none-eabi/lib/armv7e-m\libm.a(lib_a-e_pow.o) (fabs)
c:/freescale/kds_v3/toolchain/bin/../lib/gcc/arm-none-eabi/4.8.4/../../../../arm-none-eabi/lib/armv7e-m\libm.a(lib_a-s_finite.o)
                              c:/freescale/kds_v3/toolchain/bin/../lib/gcc/arm-none-eabi/4.8.4/../../../../arm-none-eabi/lib/armv7e-m\libm.a(lib_a-w_pow.o) (finite)
c:/freescale/kds_v3/toolchain/bin/../lib/gcc/arm-none-eabi/4.8.4/../../../../arm-none-eabi/lib/armv7e-m\libm.a(lib_a-s_fpclassify.o)
                              c:/freescale/kds_v3/toolchain/bin/../lib/gcc/arm-none-eabi/4.8.4/../../../../arm-none-eabi/lib/armv7e-m\libm.a(lib_a-w_pow.o) (__fpclassifyd)
c:/freescale/kds_v3/toolchain/bin/../lib/gcc/arm-none-eabi/4.8.4/../../../../arm-none-eabi/lib/armv7e-m\libm.a(lib_a-s_lib_ver.o)
                              c:/freescale/kds_v3/toolchain/bin/../lib/gcc/arm-none-eabi/4.8.4/../../../../arm-none-eabi/lib/armv7e-m\libm.a(lib_a-w_pow.o) (__fdlib_version)
c:/freescale/kds_v3/toolchain/bin/../lib/gcc/arm-none-eabi/4.8.4/../../../../arm-none-eabi/lib/armv7e-m\libm.a(lib_a-s_matherr.o)
                              c:/freescale/kds_v3/toolchain/bin/../lib/gcc/arm-none-eabi/4.8.4/../../../../arm-none-eabi/lib/armv7e-m\libm.a(lib_a-w_pow.o) (matherr)
c:/freescale/kds_v3/toolchain/bin/../lib/gcc/arm-none-eabi/4.8.4/../../../../arm-none-eabi/lib/armv7e-m\libm.a(lib_a-s_nan.o)
                              c:/freescale/kds_v3/toolchain/bin/../lib/gcc/arm-none-eabi/4.8.4/../../../../arm-none-eabi/lib/armv7e-m\libm.a(lib_a-e_pow.o) (nan)
c:/freescale/kds_v3/toolchain/bin/../lib/gcc/arm-none-eabi/4.8.4/../../../../arm-none-eabi/lib/armv7e-m\libm.a(lib_a-s_rint.o)
                              c:/freescale/kds_v3/toolchain/bin/../lib/gcc/arm-none-eabi/4.8.4/../../../../arm-none-eabi/lib/armv7e-m\libm.a(lib_a-w_pow.o) (rint)
c:/freescale/kds_v3/toolchain/bin/../lib/gcc/arm-none-eabi/4.8.4/../../../../arm-none-eabi/lib/armv7e-m\libm.a(lib_a-s_scalbn.o)
                              c:/freescale/kds_v3/toolchain/bin/../lib/gcc/arm-none-eabi/4.8.4/../../../../arm-none-eabi/lib/armv7e-m\libm.a(lib_a-e_pow.o) (scalbn)
c:/freescale/kds_v3/toolchain/bin/../lib/gcc/arm-none-eabi/4.8.4/../../../../arm-none-eabi/lib/armv7e-m\libm.a(lib_a-s_copysign.o)
                              c:/freescale/kds_v3/toolchain/bin/../lib/gcc/arm-none-eabi/4.8.4/../../../../arm-none-eabi/lib/armv7e-m\libm.a(lib_a-s_scalbn.o) (copysign)
c:/freescale/kds_v3/toolchain/bin/../lib/gcc/arm-none-eabi/4.8.4/armv7e-m\libgcc.a(_arm_addsubdf3.o)
                              c:/freescale/kds_v3/toolchain/bin/../lib/gcc/arm-none-eabi/4.8.4/../../../../arm-none-eabi/lib/armv7e-m\libm.a(lib_a-e_pow.o) (__aeabi_dsub)
c:/freescale/kds_v3/toolchain/bin/../lib/gcc/arm-none-eabi/4.8.4/armv7e-m\libgcc.a(_arm_muldivdf3.o)
                              ./Sources/display.o (__aeabi_dmul)
c:/freescale/kds_v3/toolchain/bin/../lib/gcc/arm-none-eabi/4.8.4/armv7e-m\libgcc.a(_arm_cmpdf2.o)
                              c:/freescale/kds_v3/toolchain/bin/../lib/gcc/arm-none-eabi/4.8.4/../../../../arm-none-eabi/lib/armv7e-m\libm.a(lib_a-w_pow.o) (__aeabi_dcmpeq)
c:/freescale/kds_v3/toolchain/bin/../lib/gcc/arm-none-eabi/4.8.4/armv7e-m\libgcc.a(_arm_fixdfsi.o)
                              ./Sources/display.o (__aeabi_d2iz)
c:/freescale/kds_v3/toolchain/bin/../lib/gcc/arm-none-eabi/4.8.4/armv7e-m\libgcc.a(_arm_addsubsf3.o)
                              ./Sources/Events.o (__aeabi_fsub)
c:/freescale/kds_v3/toolchain/bin/../lib/gcc/arm-none-eabi/4.8.4/armv7e-m\libgcc.a(_arm_cmpsf2.o)
                              ./Sources/display.o (__aeabi_fcmpeq)
c:/freescale/kds_v3/toolchain/bin/../lib/gcc/arm-none-eabi/4.8.4/armv7e-m\libgcc.a(_arm_fixsfsi.o)
[...]
Memory Configuration

Name             Origin             Length             Attributes
m_interrupts     0x00000000         0x000001bc         xr
m_text           0x00000410         0x00030000         xr
m_data           0x1fff8000         0x00008000         rw
m_data_20000000  0x20000000         0x00008000         rw
m_cfmprotrom     0x00000400         0x00000010         xr
*default*        0x00000000         0xffffffff

Linker script and memory map

LOAD c:/freescale/kds_v3/toolchain/bin/../lib/gcc/arm-none-eabi/4.8.4/armv7e-m/crti.o
LOAD c:/freescale/kds_v3/toolchain/bin/../lib/gcc/arm-none-eabi/4.8.4/armv7e-m/crtbegin.o
LOAD c:/freescale/kds_v3/toolchain/bin/../lib/gcc/arm-none-eabi/4.8.4/../../../../arm-none-eabi/lib/armv7e-m/crt0.o
LOAD ./Sources/Events.o
LOAD ./Sources/LCD.o
LOAD ./Sources/PCA9670.o
LOAD ./Sources/cue.o
LOAD ./Sources/display.o
LOAD ./Sources/eeprom.o
LOAD ./Sources/encoder_variable.o
LOAD ./Sources/main.o
LOAD ./Sources/menu.o
LOAD ./Sources/parameters.o
LOAD ./Sources/protocol.o
LOAD ./Sources/send.o
LOAD ./Project_Settings/Startup_Code/startup.o
LOAD ./Generated_Code/AS1.o
LOAD ./Generated_Code/ASerialLdd1.o
LOAD ./Generated_Code/BitIoLdd1.o
LOAD ./Generated_Code/BitIoLdd2.o
LOAD ./Generated_Code/BitIoLdd3.o
LOAD ./Generated_Code/BitIoLdd4.o
LOAD ./Generated_Code/BitIoLdd5.o
LOAD ./Generated_Code/BitIoLdd6.o
LOAD ./Generated_Code/BitIoLdd7.o
LOAD ./Generated_Code/BitIoLdd8.o
LOAD ./Generated_Code/CS1.o
LOAD ./Generated_Code/Cpu.o
LOAD ./Generated_Code/ENCODER.o
LOAD ./Generated_Code/ENCODER_PUSH.o
LOAD ./Generated_Code/ExtIntLdd1.o
LOAD ./Generated_Code/ExtIntLdd2.o
LOAD ./Generated_Code/ExtIntLdd3.o
LOAD ./Generated_Code/ExtIntLdd4.o
LOAD ./Generated_Code/ExtIntLdd5.o
LOAD ./Generated_Code/I2C0.o
LOAD ./Generated_Code/IFsh1.o
LOAD ./Generated_Code/IntFlashLdd1.o
LOAD ./Generated_Code/IntI2cLdd1.o
LOAD ./Generated_Code/KSDK1.o
LOAD ./Generated_Code/LCD_CTR.o
LOAD ./Generated_Code/LCD_EN.o
LOAD ./Generated_Code/LED_DEBUG.o
LOAD ./Generated_Code/LED_MOTOR_MOVE.o
LOAD ./Generated_Code/LED_STATUS_1.o
LOAD ./Generated_Code/LED_STATUS_2.o
LOAD ./Generated_Code/LED_STATUS_3.o
LOAD ./Generated_Code/LED_STATUS_4.o
LOAD ./Generated_Code/LEVER_DIR1.o
LOAD ./Generated_Code/LEVER_DIR2.o
LOAD ./Generated_Code/PCA.o
LOAD ./Generated_Code/PE_LDD.o
LOAD ./Generated_Code/PUSH_BUTTON_REC.o
LOAD ./Generated_Code/PUSH_BUTTON_SEND.o
LOAD ./Generated_Code/TU1.o
LOAD ./Generated_Code/T_100ms.o
LOAD ./Generated_Code/T_500ms.o
LOAD ./Generated_Code/Vectors.o
LOAD ./Generated_Code/WAIT1.o
LOAD ./.metadata/.plugins/org.eclipse.cdt.make.core/specs.o
LOAD c:/freescale/kds_v3/toolchain/bin/../lib/gcc/arm-none-eabi/4.8.4/../../../../arm-none-eabi/lib/armv7e-m\libstdc++_s.a
LOAD c:/freescale/kds_v3/toolchain/bin/../lib/gcc/arm-none-eabi/4.8.4/../../../../arm-none-eabi/lib/armv7e-m\libm.a
START GROUP
LOAD c:/freescale/kds_v3/toolchain/bin/../lib/gcc/arm-none-eabi/4.8.4/armv7e-m\libgcc.a
LOAD c:/freescale/kds_v3/toolchain/bin/../lib/gcc/arm-none-eabi/4.8.4/../../../../arm-none-eabi/lib/armv7e-m\libg_s.a
LOAD c:/freescale/kds_v3/toolchain/bin/../lib/gcc/arm-none-eabi/4.8.4/../../../../arm-none-eabi/lib/armv7e-m\libc_s.a
END GROUP
START GROUP
LOAD c:/freescale/kds_v3/toolchain/bin/../lib/gcc/arm-none-eabi/4.8.4/armv7e-m\libgcc.a
LOAD c:/freescale/kds_v3/toolchain/bin/../lib/gcc/arm-none-eabi/4.8.4/../../../../arm-none-eabi/lib/armv7e-m\libc_s.a
LOAD c:/freescale/kds_v3/toolchain/bin/../lib/gcc/arm-none-eabi/4.8.4/../../../../arm-none-eabi/lib/armv7e-m\libnosys.a
END GROUP
START GROUP
LOAD c:/freescale/kds_v3/toolchain/bin/../lib/gcc/arm-none-eabi/4.8.4/armv7e-m\libgcc.a
LOAD c:/freescale/kds_v3/toolchain/bin/../lib/gcc/arm-none-eabi/4.8.4/../../../../arm-none-eabi/lib/armv7e-m\libc_s.a
LOAD c:/freescale/kds_v3/toolchain/bin/../lib/gcc/arm-none-eabi/4.8.4/../../../../arm-none-eabi/lib/armv7e-m\libnosys.a
END GROUP
LOAD c:/freescale/kds_v3/toolchain/bin/../lib/gcc/arm-none-eabi/4.8.4/armv7e-m/crtend.o
LOAD c:/freescale/kds_v3/toolchain/bin/../lib/gcc/arm-none-eabi/4.8.4/armv7e-m/crtn.o
                0x20000000                _estack = 0x20000000
                0x20000000                __SP_INIT = _estack
                0x20000000                __stack = _estack
                0x00000000                __heap_size = 0x0
                0x00000400                __stack_size = 0x400

.interrupts     0x00000000      0x1bc
                0x00000000                __vector_table = .
                0x00000000                . = ALIGN (0x4)
 *(.vectortable)
 .vectortable   0x00000000      0x1bc ./Generated_Code/Vectors.o
                0x00000000                __vect_table
                0x000001bc                . = ALIGN (0x4)

.cfmprotect     0x00000400       0x10
                0x00000400                . = ALIGN (0x4)
 *(.cfmconfig)
 .cfmconfig     0x00000400       0x10 ./Generated_Code/Cpu.o
                0x00000400                _cfm
                0x00000410                . = ALIGN (0x4)

.text           0x00000410     0xf01c
                0x00000410                . = ALIGN (0x4)
 *(.text)
 .text          0x00000410       0x54 c:/freescale/kds_v3/toolchain/bin/../lib/gcc/arm-none-eabi/4.8.4/armv7e-m/crtbegin.o
 .text          0x00000464       0x74 c:/freescale/kds_v3/toolchain/bin/../lib/gcc/arm-none-eabi/4.8.4/../../../../arm-none-eabi/lib/armv7e-m/crt0.o
                0x00000464                _start
                0x00000464                _mainCRTStartup
 .text          0x000004d8      0x370 c:/freescale/kds_v3/toolchain/bin/../lib/gcc/arm-none-eabi/4.8.4/armv7e-m\libgcc.a(_arm_addsubdf3.o)
                0x000004d8                __aeabi_drsub
                0x000004e0                __aeabi_dsub
                0x000004e0                __subdf3
                0x000004e4                __aeabi_dadd
                0x000004e4                __adddf3
                0x0000075c                __floatunsidf
                0x0000075c                __aeabi_ui2d
                0x0000077c                __floatsidf
                0x0000077c                __aeabi_i2d
                0x000007a0                __aeabi_f2d
                0x000007a0                __extendsfdf2
                0x000007dc                __floatundidf
                0x000007dc                __aeabi_ul2d
                0x000007ec                __floatdidf
                0x000007ec                __aeabi_l2d
 .text          0x00000848      0x424 c:/freescale/kds_v3/toolchain/bin/../lib/gcc/arm-none-eabi/4.8.4/armv7e-m\libgcc.a(_arm_muldivdf3.o)
                0x00000848                __aeabi_dmul
                0x00000848                __muldf3
                0x00000a9c                __divdf3
                0x00000a9c                __aeabi_ddiv
 .text          0x00000c6c      0x110 c:/freescale/kds_v3/toolchain/bin/../lib/gcc/arm-none-eabi/4.8.4/armv7e-m\libgcc.a(_arm_cmpdf2.o)
                0x00000c6c                __gtdf2
                0x00000c6c                __gedf2
                0x00000c74                __ltdf2
                0x00000c74                __ledf2
                0x00000c7c                __nedf2
                0x00000c7c                __eqdf2
                0x00000c7c                __cmpdf2
                0x00000cf8                __aeabi_cdrcmple
                0x00000d08                __aeabi_cdcmpeq
                0x00000d08                __aeabi_cdcmple
                0x00000d18                __aeabi_dcmpeq
                0x00000d2c                __aeabi_dcmplt
                0x00000d40                __aeabi_dcmple
                0x00000d54                __aeabi_dcmpge
                0x00000d68                __aeabi_dcmpgt
 .text          0x00000d7c       0x50 c:/freescale/kds_v3/toolchain/bin/../lib/gcc/arm-none-eabi/4.8.4/armv7e-m\libgcc.a(_arm_fixdfsi.o)
                0x00000d7c                __aeabi_d2iz
                0x00000d7c                __fixdfsi
 .text          0x00000dcc      0x21c c:/freescale/kds_v3/toolchain/bin/../lib/gcc/arm-none-eabi/4.8.4/armv7e-m\libgcc.a(_arm_addsubsf3.o)
                0x00000dcc                __aeabi_frsub
                0x00000dd4                __subsf3
                0x00000dd4                __aeabi_fsub
                0x00000dd8                __aeabi_fadd
                0x00000dd8                __addsf3
                0x00000f38                __aeabi_ui2f
                0x00000f38                __floatunsisf
                0x00000f40                __aeabi_i2f
                0x00000f40                __floatsisf
                0x00000f5c                __aeabi_ul2f
                0x00000f5c                __floatundisf
                0x00000f6c                __aeabi_l2f
                0x00000f6c                __floatdisf
 .text          0x00000fe8       0xec c:/freescale/kds_v3/toolchain/bin/../lib/gcc/arm-none-eabi/4.8.4/armv7e-m\libgcc.a(_arm_cmpsf2.o)
                0x00000fe8                __gesf2
                0x00000fe8                __gtsf2
                0x00000ff0                __lesf2
                0x00000ff0                __ltsf2
                0x00000ff8                __nesf2
                0x00000ff8                __eqsf2
                0x00000ff8                __cmpsf2
                0x00001058                __aeabi_cfrcmple
                0x00001060                __aeabi_cfcmpeq
                0x00001060                __aeabi_cfcmple
                0x00001070                __aeabi_fcmpeq
                0x00001084                __aeabi_fcmplt
                0x00001098                __aeabi_fcmple
                0x000010ac                __aeabi_fcmpge
                0x000010c0                __aeabi_fcmpgt
 .text          0x000010d4       0x4c c:/freescale/kds_v3/toolchain/bin/../lib/gcc/arm-none-eabi/4.8.4/armv7e-m\libgcc.a(_arm_fixsfsi.o)
                0x000010d4                __aeabi_f2iz
                0x000010d4                __fixsfsi
 .text          0x00001120       0x40 c:/freescale/kds_v3/toolchain/bin/../lib/gcc/arm-none-eabi/4.8.4/armv7e-m\libgcc.a(_arm_fixunssfsi.o)
                0x00001120                __fixunssfsi
                0x00001120                __aeabi_f2uiz
 .text          0x00001160      0xa1c c:/freescale/kds_v3/toolchain/bin/../lib/gcc/arm-none-eabi/4.8.4/armv7e-m\libgcc.a(unwind-arm.o)
                0x00001444                _Unwind_GetCFA
                0x00001448                __gnu_Unwind_RaiseException
                0x000014a8                __gnu_Unwind_ForcedUnwind
                0x000014bc                __gnu_Unwind_Resume
                0x00001500                __gnu_Unwind_Resume_or_Rethrow
                0x00001510                _Unwind_Complete
                0x00001514                _Unwind_DeleteException
                0x00001524                _Unwind_VRS_Get
                0x00001574                _Unwind_VRS_Set
                0x000015c4                __gnu_Unwind_Backtrace
                0x00001918                __aeabi_unwind_cpp_pr0
                0x00001920                __aeabi_unwind_cpp_pr1
                0x00001928                __aeabi_unwind_cpp_pr2
                0x00001930                _Unwind_VRS_Pop
 .text          0x00001b7c      0x1ac c:/freescale/kds_v3/toolchain/bin/../lib/gcc/arm-none-eabi/4.8.4/armv7e-m\libgcc.a(libunwind.o)
                0x00001b7c                __restore_core_regs
                0x00001b7c                restore_core_regs
                0x00001b94                __gnu_Unwind_Restore_VFP
                0x00001b9c                __gnu_Unwind_Save_VFP
                0x00001ba4                __gnu_Unwind_Restore_VFP_D
                0x00001bac                __gnu_Unwind_Save_VFP_D
                0x00001bb4                __gnu_Unwind_Restore_VFP_D_16_to_31
                0x00001bbc                __gnu_Unwind_Save_VFP_D_16_to_31
                0x00001bc4                __gnu_Unwind_Restore_WMMXD
                0x00001c08                __gnu_Unwind_Save_WMMXD
                0x00001c4c                __gnu_Unwind_Restore_WMMXC
                0x00001c60                __gnu_Unwind_Save_WMMXC
                0x00001c74                ___Unwind_RaiseException
                0x00001c74                _Unwind_RaiseException
                0x00001c98                _Unwind_Resume
                0x00001c98                ___Unwind_Resume
                0x00001cbc                _Unwind_Resume_or_Rethrow
                0x00001cbc                ___Unwind_Resume_or_Rethrow
                0x00001ce0                _Unwind_ForcedUnwind
                0x00001ce0                ___Unwind_ForcedUnwind
                0x00001d04                ___Unwind_Backtrace
                0x00001d04                _Unwind_Backtrace
 .text          0x00001d28      0x33c c:/freescale/kds_v3/toolchain/bin/../lib/gcc/arm-none-eabi/4.8.4/armv7e-m\libgcc.a(pr-support.o)
                0x00001d7c                __gnu_unwind_execute
                0x00002008                __gnu_unwind_frame
                0x00002034                _Unwind_GetRegionStart
                0x00002040                _Unwind_GetLanguageSpecificData
                0x00002054                _Unwind_GetDataRelBase
                0x0000205c                _Unwind_GetTextRelBase
 .text          0x00002064       0x14 c:/freescale/kds_v3/toolchain/bin/../lib/gcc/arm-none-eabi/4.8.4/../../../../arm-none-eabi/lib/armv7e-m\libg_s.a(lib_a-strcmp.o)
                0x00002064                strcmp
 *(.text*)
 .text.PUSH_BUTTON_REC_OnInterrupt
                0x00002078       0x18 ./Sources/Events.o
                0x00002078                PUSH_BUTTON_REC_OnInterrupt
 .text.PUSH_BUTTON_SEND_OnInterrupt
                0x00002090       0x18 ./Sources/Events.o
                0x00002090                PUSH_BUTTON_SEND_OnInterrupt
 .text.I2C0_OnReceiveData
                0x000020a8        0xc ./Sources/Events.o
                0x000020a8                I2C0_OnReceiveData
 .text.I2C0_OnTransmitData
                0x000020b4        0xc ./Sources/Events.o
                0x000020b4                I2C0_OnTransmitData
 .text.T_100ms_OnCounterRestart
                0x000020c0       0x48 ./Sources/Events.o
                0x000020c0                T_100ms_OnCounterRestart
 .text.LEVER_DIR1_OnInterrupt
                0x00002108       0x40 ./Sources/Events.o
                0x00002108                LEVER_DIR1_OnInterrupt
 .text.LEVER_DIR2_OnInterrupt
                0x00002148       0x40 ./Sources/Events.o
                0x00002148                LEVER_DIR2_OnInterrupt
 .text.ENCODER_PUSH_OnInterrupt
                0x00002188       0xe0 ./Sources/Events.o
                0x00002188                ENCODER_PUSH_OnInterrupt
 .text.ENCODER_OnPortEvent
                0x00002268       0xc0 ./Sources/Events.o
                0x00002268                ENCODER_OnPortEvent
 .text.T_500ms_OnCounterRestart
                0x00002328       0xe0 ./Sources/Events.o
                0x00002328                T_500ms_OnCounterRestart
 .text.I2C0_OnArbitLost
                0x00002408        0xc ./Sources/Events.o
                0x00002408                I2C0_OnArbitLost
 .text.AS1_OnTxComplete
                0x00002414       0x14 ./Sources/Events.o
                0x00002414                AS1_OnTxComplete
 .text.AS1_OnError
                0x00002428        0xc ./Sources/Events.o
                0x00002428                AS1_OnError
 .text.AS1_OnRxChar
                0x00002434        0xc ./Sources/Events.o
                0x00002434                AS1_OnRxChar
 .text.AS1_OnRxCharExt
                0x00002440       0xa8 ./Sources/Events.o
                0x00002440                AS1_OnRxCharExt
 .text.AS1_OnTxChar
                0x000024e8        0xc ./Sources/Events.o
                0x000024e8                AS1_OnTxChar
 .text.AS1_OnFullRxBuf
                0x000024f4       0x14 ./Sources/Events.o
                0x000024f4                AS1_OnFullRxBuf
 .text.AS1_OnFreeTxBuf
                0x00002508        0xc ./Sources/Events.o
                0x00002508                AS1_OnFreeTxBuf
 .text.TU1_OnCounterRestart
                0x00002514       0x1c ./Sources/Events.o
                0x00002514                TU1_OnCounterRestart
 .text.LCD_Init
                0x00002530       0x50 ./Sources/LCD.o
                0x00002530                LCD_Init
 .text.LCD_command
                0x00002580       0x30 ./Sources/LCD.o
                0x00002580                LCD_command
 .text.LCD_Set_Cursor
                0x000025b0       0x58 ./Sources/LCD.o
                0x000025b0                LCD_Set_Cursor
 .text.LCD_Write
                0x00002608       0x28 ./Sources/LCD.o
                0x00002608                LCD_Write
 .text.load_custom_char
                0x00002630       0x50 ./Sources/LCD.o
                0x00002630                load_custom_char
 .text.LCD_Write_At
                0x00002680       0x3c ./Sources/LCD.o
                0x00002680                LCD_Write_At
 .text.LCD_Write_Block
                0x000026bc       0xa0 ./Sources/LCD.o
                0x000026bc                LCD_Write_Block
 .text.PCA9670_Init
                0x0000275c       0x34 ./Sources/PCA9670.o
                0x0000275c                PCA9670_Init
 .text.PCA9670_SendByte
                0x00002790       0x3c ./Sources/PCA9670.o
                0x00002790                PCA9670_SendByte
 .text.select_cue
                0x000027cc      0x180 ./Sources/cue.o
                0x000027cc                select_cue
 .text.vspfunc  0x0000294c       0x30 ./Sources/display.o
                0x0000294c                vspfunc
 .text.print_float_at
                0x0000297c      0x174 ./Sources/display.o
                0x0000297c                print_float_at
 .text.print_int_at
                0x00002af0       0xa0 ./Sources/display.o
                0x00002af0                print_int_at
 .text.print_cue_array
                0x00002b90      0x1d0 ./Sources/display.o
                0x00002b90                print_cue_array
 .text.print_all_cue
                0x00002d60      0x110 ./Sources/display.o
                0x00002d60                print_all_cue
 .text.load_char
                0x00002e70       0xe8 ./Sources/display.o
                0x00002e70                load_char
 .text.menu_init
                0x00002f58       0x1c ./Sources/display.o
                0x00002f58                menu_init
 .text.refresh  0x00002f74       0x24 ./Sources/display.o
                0x00002f74                refresh
 .text.select   0x00002f98       0x24 ./Sources/display.o
                0x00002f98                select
 .text.back     0x00002fbc       0x38 ./Sources/display.o
                0x00002fbc                back
 .text.controle_mode_display
                0x00002ff4       0x4c ./Sources/display.o
                0x00002ff4                controle_mode_display
 .text.control_mode_fct
                0x00003040       0x5c ./Sources/display.o
                0x00003040                control_mode_fct
 .text.update_icon_dir
                0x0000309c       0x74 ./Sources/display.o
                0x0000309c                update_icon_dir
 .text.update_icon_drive_enable
                0x00003110       0x38 ./Sources/display.o
                0x00003110                update_icon_drive_enable
 .text.refresh_fct
                0x00003148       0xdc ./Sources/display.o
                0x00003148                refresh_fct
 .text.velocity_fct
                0x00003224      0x344 ./Sources/display.o
                0x00003224                velocity_fct
 .text.acceleration_fct
                0x00003568      0x16c ./Sources/display.o
                0x00003568                acceleration_fct
 .text.deceleration_fct
                0x000036d4      0x16c ./Sources/display.o
                0x000036d4                deceleration_fct
 .text.back_fct
                0x00003840       0x30 ./Sources/display.o
                0x00003840                back_fct
 .text.pos_position_fct
                0x00003870      0x380 ./Sources/display.o
                0x00003870                pos_position_fct
 .text.pos_velocity_fct
                0x00003bf0      0x114 ./Sources/display.o
                0x00003bf0                pos_velocity_fct
 .text.pos_acceleration_fct
                0x00003d04      0x16c ./Sources/display.o
                0x00003d04                pos_acceleration_fct
 .text.pos_deceleration_fct
                0x00003e70      0x16c ./Sources/display.o
                0x00003e70                pos_deceleration_fct
 .text.pos_set_home_fct
                0x00003fdc       0x8c ./Sources/display.o
                0x00003fdc                pos_set_home_fct
 .text.torque_fct
                0x00004068      0x33c ./Sources/display.o
                0x00004068                torque_fct
 .text.torque_rise_fct
                0x000043a4      0x16c ./Sources/display.o
                0x000043a4                torque_rise_fct
 .text.torque_fall_fct
                0x00004510      0x168 ./Sources/display.o
                0x00004510                torque_fall_fct
 .text.pos_play_cue_fct
                0x00004678      0x320 ./Sources/display.o
                0x00004678                pos_play_cue_fct
 .text.pos_rec_cue_fct
                0x00004998      0x248 ./Sources/display.o
                0x00004998                pos_rec_cue_fct
 .text.pos_mod_cue_fct
                0x00004be0      0x328 ./Sources/display.o
                0x00004be0                pos_mod_cue_fct
 .text.pos_del_cue_fct
                0x00004f08      0x334 ./Sources/display.o
                0x00004f08                pos_del_cue_fct
 .text.vel_play_cue_fct
                0x0000523c      0x2b8 ./Sources/display.o
                0x0000523c                vel_play_cue_fct
 .text.vel_rec_cue_fct
                0x000054f4      0x248 ./Sources/display.o
                0x000054f4                vel_rec_cue_fct
 .text.vel_mod_cue_fct
                0x0000573c      0x2b8 ./Sources/display.o
                0x0000573c                vel_mod_cue_fct
 .text.vel_del_cue_fct
                0x000059f4      0x2c4 ./Sources/display.o
                0x000059f4                vel_del_cue_fct
 .text.short_cut_position_menu
                0x00005cb8       0x68 ./Sources/display.o
                0x00005cb8                short_cut_position_menu
 .text._Z41__static_initialization_and_destruction_0ii
                0x00005d20      0x77c ./Sources/display.o
 .text._GLOBAL__sub_I_buffer
                0x0000649c       0x10 ./Sources/display.o
 .text.load_cue
                0x000064ac      0x10c ./Sources/eeprom.o
                0x000064ac                load_cue
 .text.write_cue
                0x000065b8      0x168 ./Sources/eeprom.o
                0x000065b8                write_cue
 .text.erase_cue
                0x00006720       0x58 ./Sources/eeprom.o
                0x00006720                erase_cue
 .text.get_next_slot_free
                0x00006778       0xd0 ./Sources/eeprom.o
                0x00006778                get_next_slot_free
 .text.get_slot_saved
                0x00006848      0x114 ./Sources/eeprom.o
                0x00006848                get_slot_saved
 .text.get_cue_values
                0x0000695c       0xd4 ./Sources/eeprom.o
                0x0000695c                get_cue_values
 .text.main     0x00006a30      0x718 ./Sources/main.o
                0x00006a30                main
 .text.init_menu
                0x00007148       0x44 ./Sources/menu.o
                0x00007148                init_menu
 .text.init_sub_menu
                0x0000718c       0x68 ./Sources/menu.o
                0x0000718c                init_sub_menu
 .text.init_sub_menu2
                0x000071f4       0x48 ./Sources/menu.o
                0x000071f4                init_sub_menu2
 .text.init_menu_list
                0x0000723c       0x30 ./Sources/menu.o
                0x0000723c                init_menu_list
 .text.init_sub_menu_list
                0x0000726c       0x30 ./Sources/menu.o
                0x0000726c                init_sub_menu_list
 .text.init_sub_menu2_list
                0x0000729c       0x30 ./Sources/menu.o
                0x0000729c                init_sub_menu2_list
 .text.print_menu
                0x000072cc      0x158 ./Sources/menu.o
                0x000072cc                print_menu
 .text.print_sub_menu
                0x00007424      0x178 ./Sources/menu.o
                0x00007424                print_sub_menu
 .text.print_sub_menu2
                0x0000759c      0x178 ./Sources/menu.o
                0x0000759c                print_sub_menu2
 .text.menu_select
                0x00007714      0x2b4 ./Sources/menu.o
                0x00007714                menu_select
 .text.menu_back
                0x000079c8      0x37c ./Sources/menu.o
                0x000079c8                menu_back
 .text.refresh_menu
                0x00007d44      0x174 ./Sources/menu.o
                0x00007d44                refresh_menu
 .text.void_function
                0x00007eb8        0xc ./Sources/menu.o
                0x00007eb8                void_function
 .text.parameters_init
                0x00007ec4       0xc8 ./Sources/parameters.o
                0x00007ec4                parameters_init
 .text.convert  0x00007f8c       0x3c ./Sources/parameters.o
                0x00007f8c                convert
 .text.serial_send_block
                0x00007fc8       0xdc ./Sources/protocol.o
                0x00007fc8                serial_send_block
 .text.serial_send_float
                0x000080a4       0x30 ./Sources/protocol.o
                0x000080a4                serial_send_float
 .text.serial_send_int
                0x000080d4       0x30 ./Sources/protocol.o
                0x000080d4                serial_send_int
 .text.serial_send_string
                0x00008104       0x58 ./Sources/protocol.o
                0x00008104                serial_send_string
 .text.serial_send_char
                0x0000815c       0x30 ./Sources/protocol.o
                0x0000815c                serial_send_char
 .text.serial_send_end
                0x0000818c       0x14 ./Sources/protocol.o
                0x0000818c                serial_send_end
 .text.msg_parse
                0x000081a0      0x1d4 ./Sources/protocol.o
                0x000081a0                msg_parse
 .text.msg_processing
                0x00008374      0x2ac ./Sources/protocol.o
                0x00008374                msg_processing
 .text.Send_Control_Mode
                0x00008620       0x30 ./Sources/send.o
                0x00008620                Send_Control_Mode
 .text.send_fct
                0x00008650      0x3f0 ./Sources/send.o
                0x00008650                send_fct
 .text.get_update_drive_en
                0x00008a40       0x24 ./Sources/send.o
                0x00008a40                get_update_drive_en
 .text.get_update_value
                0x00008a64      0x180 ./Sources/send.o
                0x00008a64                get_update_value
 .text.send_stop
                0x00008be4       0x34 ./Sources/send.o
                0x00008be4                send_stop
 .text.send_velocity_cue
                0x00008c18       0x94 ./Sources/send.o
                0x00008c18                send_velocity_cue
 .text.send_position_cue
                0x00008cac       0xfc ./Sources/send.o
                0x00008cac                send_position_cue
 .text.velocity_processing
                0x00008da8       0x50 ./Sources/send.o
                0x00008da8                velocity_processing
 .text.velocity_ref_processing
                0x00008df8       0x50 ./Sources/send.o
                0x00008df8                velocity_ref_processing
 .text.acceleration_processing
                0x00008e48       0x50 ./Sources/send.o
                0x00008e48                acceleration_processing
 .text.deceleration_processing
                0x00008e98       0x50 ./Sources/send.o
                0x00008e98                deceleration_processing
 .text.torque_processing
                0x00008ee8       0x44 ./Sources/send.o
                0x00008ee8                torque_processing
 .text.torque_rise_processing
                0x00008f2c       0x44 ./Sources/send.o
                0x00008f2c                torque_rise_processing
 .text.torque_fall_processing
                0x00008f70       0x44 ./Sources/send.o
                0x00008f70                torque_fall_processing
 .text.control_mode_processing
                0x00008fb4       0x78 ./Sources/send.o
                0x00008fb4                control_mode_processing
 .text.drive_enable_processing
                0x0000902c       0x24 ./Sources/send.o
                0x0000902c                drive_enable_processing
 .text.__copy_rom_section
                0x00009050       0xe4 ./Project_Settings/Startup_Code/startup.o
                0x00009050                __copy_rom_section
 .text.__copy_rom_sections_to_ram
                0x00009134       0x9c ./Project_Settings/Startup_Code/startup.o
                0x00009134                __copy_rom_sections_to_ram
 .text.__init_registers
                0x000091d0        0xc ./Project_Settings/Startup_Code/startup.o
                0x000091d0                __init_registers
 .text.__init_user
                0x000091dc        0xc ./Project_Settings/Startup_Code/startup.o
                0x000091dc                __init_user
 .text.__thumb_startup
                0x000091e8       0x34 ./Project_Settings/Startup_Code/startup.o
                0x000091e8                __thumb_startup
 .text.HWEnDi   0x0000921c       0x1c ./Generated_Code/AS1.o
 .text.AS1_SendChar
                0x00009238       0xe0 ./Generated_Code/AS1.o
                0x00009238                AS1_SendChar
 .text.AS1_SendBlock
                0x00009318      0x148 ./Generated_Code/AS1.o
                0x00009318                AS1_SendBlock
 .text.AS1_ClearRxBuf
                0x00009460       0x78 ./Generated_Code/AS1.o
                0x00009460                AS1_ClearRxBuf
 .text.AS1_Init
                0x000094d8       0x60 ./Generated_Code/AS1.o
                0x000094d8                AS1_Init
 .text.ASerialLdd1_OnBlockReceived
                0x00009538       0xd4 ./Generated_Code/AS1.o
                0x00009538                ASerialLdd1_OnBlockReceived
 .text.ASerialLdd1_OnBlockSent
                0x0000960c       0xd8 ./Generated_Code/AS1.o
                0x0000960c                ASerialLdd1_OnBlockSent
 .text.ASerialLdd1_OnError
                0x000096e4       0x9c ./Generated_Code/AS1.o
                0x000096e4                ASerialLdd1_OnError
 .text.ASerialLdd1_OnTxComplete
                0x00009780       0x14 ./Generated_Code/AS1.o
                0x00009780                ASerialLdd1_OnTxComplete
 .text.ASerialLdd1_OnBreak
                0x00009794       0x24 ./Generated_Code/AS1.o
                0x00009794                ASerialLdd1_OnBreak
 .text.ASerialLdd1_Init
                0x000097b8      0x1d4 ./Generated_Code/ASerialLdd1.o
                0x000097b8                ASerialLdd1_Init
 .text.ASerialLdd1_ReceiveBlock
                0x0000998c       0x90 ./Generated_Code/ASerialLdd1.o
                0x0000998c                ASerialLdd1_ReceiveBlock
 .text.ASerialLdd1_SendBlock
                0x00009a1c       0xbc ./Generated_Code/ASerialLdd1.o
                0x00009a1c                ASerialLdd1_SendBlock
 .text.InterruptRx
                0x00009ad8       0x58 ./Generated_Code/ASerialLdd1.o
 .text.InterruptTx
                0x00009b30       0x9c ./Generated_Code/ASerialLdd1.o
 .text.ASerialLdd1_Interrupt
                0x00009bcc      0x130 ./Generated_Code/ASerialLdd1.o
                0x00009bcc                ASerialLdd1_Interrupt
 .text.ASerialLdd1_GetError
                0x00009cfc       0x70 ./Generated_Code/ASerialLdd1.o
                0x00009cfc                ASerialLdd1_GetError
 .text.BitIoLdd1_Init
                0x00009d6c       0x64 ./Generated_Code/BitIoLdd1.o
                0x00009d6c                BitIoLdd1_Init
 .text.BitIoLdd2_Init
                0x00009dd0       0x64 ./Generated_Code/BitIoLdd2.o
                0x00009dd0                BitIoLdd2_Init
 .text.BitIoLdd2_ClrVal
                0x00009e34       0x1c ./Generated_Code/BitIoLdd2.o
                0x00009e34                BitIoLdd2_ClrVal
 .text.BitIoLdd2_SetVal
                0x00009e50       0x1c ./Generated_Code/BitIoLdd2.o
                0x00009e50                BitIoLdd2_SetVal
 .text.BitIoLdd3_Init
                0x00009e6c       0x64 ./Generated_Code/BitIoLdd3.o
                0x00009e6c                BitIoLdd3_Init
 .text.BitIoLdd3_ClrVal
                0x00009ed0       0x1c ./Generated_Code/BitIoLdd3.o
                0x00009ed0                BitIoLdd3_ClrVal
 .text.BitIoLdd3_SetVal
                0x00009eec       0x1c ./Generated_Code/BitIoLdd3.o
                0x00009eec                BitIoLdd3_SetVal
 .text.BitIoLdd4_Init
                0x00009f08       0x64 ./Generated_Code/BitIoLdd4.o
                0x00009f08                BitIoLdd4_Init
 .text.BitIoLdd4_ClrVal
                0x00009f6c       0x1c ./Generated_Code/BitIoLdd4.o
                0x00009f6c                BitIoLdd4_ClrVal
 .text.BitIoLdd4_SetVal
                0x00009f88       0x1c ./Generated_Code/BitIoLdd4.o
                0x00009f88                BitIoLdd4_SetVal
 .text.BitIoLdd5_Init
                0x00009fa4       0x64 ./Generated_Code/BitIoLdd5.o
                0x00009fa4                BitIoLdd5_Init
 .text.BitIoLdd5_ClrVal
                0x0000a008       0x1c ./Generated_Code/BitIoLdd5.o
                0x0000a008                BitIoLdd5_ClrVal
 .text.BitIoLdd6_Init
                0x0000a024       0x64 ./Generated_Code/BitIoLdd6.o
                0x0000a024                BitIoLdd6_Init
 .text.BitIoLdd6_ClrVal
                0x0000a088       0x20 ./Generated_Code/BitIoLdd6.o
                0x0000a088                BitIoLdd6_ClrVal
 .text.BitIoLdd6_SetVal
                0x0000a0a8       0x20 ./Generated_Code/BitIoLdd6.o
                0x0000a0a8                BitIoLdd6_SetVal
 .text.BitIoLdd7_Init
                0x0000a0c8       0x64 ./Generated_Code/BitIoLdd7.o
                0x0000a0c8                BitIoLdd7_Init
 .text.BitIoLdd7_ClrVal
                0x0000a12c       0x1c ./Generated_Code/BitIoLdd7.o
                0x0000a12c                BitIoLdd7_ClrVal
 .text.BitIoLdd7_SetVal
                0x0000a148       0x1c ./Generated_Code/BitIoLdd7.o
                0x0000a148                BitIoLdd7_SetVal
 .text.BitIoLdd8_Init
                0x0000a164       0x64 ./Generated_Code/BitIoLdd8.o
                0x0000a164                BitIoLdd8_Init
 .text.BitIoLdd8_ClrVal
                0x0000a1c8       0x1c ./Generated_Code/BitIoLdd8.o
                0x0000a1c8                BitIoLdd8_ClrVal
 .text.BitIoLdd8_SetVal
                0x0000a1e4       0x1c ./Generated_Code/BitIoLdd8.o
                0x0000a1e4                BitIoLdd8_SetVal
 .text.Cpu_ivINT_PORTC
                0x0000a200       0x30 ./Generated_Code/Cpu.o
                0x0000a200                Cpu_ivINT_PORTC
 .text.Cpu_ivINT_NMI
                0x0000a230       0x18 ./Generated_Code/Cpu.o
                0x0000a230                Cpu_ivINT_NMI
 .text.Cpu_ivINT_Hard_Fault
                0x0000a248       0x18 ./Generated_Code/Cpu.o
                0x0000a248                Cpu_ivINT_Hard_Fault
 .text.Cpu_ivINT_Mem_Manage_Fault
                0x0000a260       0x18 ./Generated_Code/Cpu.o
                0x0000a260                Cpu_ivINT_Mem_Manage_Fault
 .text.Cpu_ivINT_Bus_Fault
                0x0000a278       0x18 ./Generated_Code/Cpu.o
                0x0000a278                Cpu_ivINT_Bus_Fault
 .text.Cpu_ivINT_Usage_Fault
                0x0000a290       0x18 ./Generated_Code/Cpu.o
                0x0000a290                Cpu_ivINT_Usage_Fault
 .text.Cpu_ivINT_Reserved7
                0x0000a2a8       0x18 ./Generated_Code/Cpu.o
                0x0000a2a8                Cpu_ivINT_Reserved7
 .text.Cpu_ivINT_Reserved8
                0x0000a2c0       0x18 ./Generated_Code/Cpu.o
                0x0000a2c0                Cpu_ivINT_Reserved8
 .text.Cpu_ivINT_Reserved9
                0x0000a2d8       0x18 ./Generated_Code/Cpu.o
                0x0000a2d8                Cpu_ivINT_Reserved9
 .text.Cpu_ivINT_Reserved10
                0x0000a2f0       0x18 ./Generated_Code/Cpu.o
                0x0000a2f0                Cpu_ivINT_Reserved10
 .text.Cpu_ivINT_SVCall
                0x0000a308       0x18 ./Generated_Code/Cpu.o
                0x0000a308                Cpu_ivINT_SVCall
 .text.Cpu_ivINT_DebugMonitor
                0x0000a320       0x18 ./Generated_Code/Cpu.o
                0x0000a320                Cpu_ivINT_DebugMonitor
 .text.Cpu_ivINT_Reserved13
                0x0000a338       0x18 ./Generated_Code/Cpu.o
                0x0000a338                Cpu_ivINT_Reserved13
 .text.Cpu_ivINT_PendableSrvReq
                0x0000a350       0x18 ./Generated_Code/Cpu.o
                0x0000a350                Cpu_ivINT_PendableSrvReq
 .text.Cpu_ivINT_SysTick
                0x0000a368       0x18 ./Generated_Code/Cpu.o
                0x0000a368                Cpu_ivINT_SysTick
 .text.Cpu_ivINT_DMA0
                0x0000a380       0x18 ./Generated_Code/Cpu.o
                0x0000a380                Cpu_ivINT_DMA0
 .text.Cpu_ivINT_DMA1
                0x0000a398       0x18 ./Generated_Code/Cpu.o
                0x0000a398                Cpu_ivINT_DMA1
 .text.Cpu_ivINT_DMA2
                0x0000a3b0       0x18 ./Generated_Code/Cpu.o
                0x0000a3b0                Cpu_ivINT_DMA2
 .text.Cpu_ivINT_DMA3
                0x0000a3c8       0x18 ./Generated_Code/Cpu.o
                0x0000a3c8                Cpu_ivINT_DMA3
 .text.Cpu_ivINT_DMA4
                0x0000a3e0       0x18 ./Generated_Code/Cpu.o
                0x0000a3e0                Cpu_ivINT_DMA4
 .text.Cpu_ivINT_DMA5
                0x0000a3f8       0x18 ./Generated_Code/Cpu.o
                0x0000a3f8                Cpu_ivINT_DMA5
 .text.Cpu_ivINT_DMA6
                0x0000a410       0x18 ./Generated_Code/Cpu.o
                0x0000a410                Cpu_ivINT_DMA6
 .text.Cpu_ivINT_DMA7
                0x0000a428       0x18 ./Generated_Code/Cpu.o
                0x0000a428                Cpu_ivINT_DMA7
 .text.Cpu_ivINT_DMA8
                0x0000a440       0x18 ./Generated_Code/Cpu.o
                0x0000a440                Cpu_ivINT_DMA8
 .text.Cpu_ivINT_DMA9
                0x0000a458       0x18 ./Generated_Code/Cpu.o
                0x0000a458                Cpu_ivINT_DMA9
 .text.Cpu_ivINT_DMA10
                0x0000a470       0x18 ./Generated_Code/Cpu.o
                0x0000a470                Cpu_ivINT_DMA10
 .text.Cpu_ivINT_DMA11
                0x0000a488       0x18 ./Generated_Code/Cpu.o
                0x0000a488                Cpu_ivINT_DMA11
 .text.Cpu_ivINT_DMA12
                0x0000a4a0       0x18 ./Generated_Code/Cpu.o
                0x0000a4a0                Cpu_ivINT_DMA12
 .text.Cpu_ivINT_DMA13
                0x0000a4b8       0x18 ./Generated_Code/Cpu.o
                0x0000a4b8                Cpu_ivINT_DMA13
 .text.Cpu_ivINT_DMA14
                0x0000a4d0       0x18 ./Generated_Code/Cpu.o
                0x0000a4d0                Cpu_ivINT_DMA14
 .text.Cpu_ivINT_DMA15
                0x0000a4e8       0x18 ./Generated_Code/Cpu.o
                0x0000a4e8                Cpu_ivINT_DMA15
 .text.Cpu_ivINT_DMA_Error
                0x0000a500       0x18 ./Generated_Code/Cpu.o
                0x0000a500                Cpu_ivINT_DMA_Error
 .text.Cpu_ivINT_MCM
                0x0000a518       0x18 ./Generated_Code/Cpu.o
                0x0000a518                Cpu_ivINT_MCM
 .text.Cpu_ivINT_FTFL
                0x0000a530       0x18 ./Generated_Code/Cpu.o
                0x0000a530                Cpu_ivINT_FTFL
 .text.Cpu_ivINT_Read_Collision
                0x0000a548       0x18 ./Generated_Code/Cpu.o
                0x0000a548                Cpu_ivINT_Read_Collision
 .text.Cpu_ivINT_LVD_LVW
                0x0000a560       0x18 ./Generated_Code/Cpu.o
                0x0000a560                Cpu_ivINT_LVD_LVW
 .text.Cpu_ivINT_LLW
                0x0000a578       0x18 ./Generated_Code/Cpu.o
                0x0000a578                Cpu_ivINT_LLW
 .text.Cpu_ivINT_Watchdog
                0x0000a590       0x18 ./Generated_Code/Cpu.o
                0x0000a590                Cpu_ivINT_Watchdog
 .text.Cpu_ivINT_Reserved39
                0x0000a5a8       0x18 ./Generated_Code/Cpu.o
                0x0000a5a8                Cpu_ivINT_Reserved39
 .text.Cpu_ivINT_I2C1
                0x0000a5c0       0x18 ./Generated_Code/Cpu.o
                0x0000a5c0                Cpu_ivINT_I2C1
 .text.Cpu_ivINT_SPI0
                0x0000a5d8       0x18 ./Generated_Code/Cpu.o
                0x0000a5d8                Cpu_ivINT_SPI0
 .text.Cpu_ivINT_SPI1
                0x0000a5f0       0x18 ./Generated_Code/Cpu.o
                0x0000a5f0                Cpu_ivINT_SPI1
 .text.Cpu_ivINT_Reserved44
                0x0000a608       0x18 ./Generated_Code/Cpu.o
                0x0000a608                Cpu_ivINT_Reserved44
 .text.Cpu_ivINT_CAN0_ORed_Message_buffer
                0x0000a620       0x18 ./Generated_Code/Cpu.o
                0x0000a620                Cpu_ivINT_CAN0_ORed_Message_buffer
 .text.Cpu_ivINT_CAN0_Bus_Off
                0x0000a638       0x18 ./Generated_Code/Cpu.o
                0x0000a638                Cpu_ivINT_CAN0_Bus_Off
 .text.Cpu_ivINT_CAN0_Error
                0x0000a650       0x18 ./Generated_Code/Cpu.o
                0x0000a650                Cpu_ivINT_CAN0_Error
 .text.Cpu_ivINT_CAN0_Tx_Warning
                0x0000a668       0x18 ./Generated_Code/Cpu.o
                0x0000a668                Cpu_ivINT_CAN0_Tx_Warning
 .text.Cpu_ivINT_CAN0_Rx_Warning
                0x0000a680       0x18 ./Generated_Code/Cpu.o
                0x0000a680                Cpu_ivINT_CAN0_Rx_Warning
 .text.Cpu_ivINT_CAN0_Wake_Up
                0x0000a698       0x18 ./Generated_Code/Cpu.o
                0x0000a698                Cpu_ivINT_CAN0_Wake_Up
 .text.Cpu_ivINT_I2S0_Tx
                0x0000a6b0       0x18 ./Generated_Code/Cpu.o
                0x0000a6b0                Cpu_ivINT_I2S0_Tx
 .text.Cpu_ivINT_I2S0_Rx
                0x0000a6c8       0x18 ./Generated_Code/Cpu.o
                0x0000a6c8                Cpu_ivINT_I2S0_Rx
 .text.Cpu_ivINT_Reserved53
                0x0000a6e0       0x18 ./Generated_Code/Cpu.o
                0x0000a6e0                Cpu_ivINT_Reserved53
 .text.Cpu_ivINT_Reserved54
                0x0000a6f8       0x18 ./Generated_Code/Cpu.o
                0x0000a6f8                Cpu_ivINT_Reserved54
 .text.Cpu_ivINT_Reserved55
                0x0000a710       0x18 ./Generated_Code/Cpu.o
                0x0000a710                Cpu_ivINT_Reserved55
 .text.Cpu_ivINT_Reserved56
                0x0000a728       0x18 ./Generated_Code/Cpu.o
                0x0000a728                Cpu_ivINT_Reserved56
 .text.Cpu_ivINT_Reserved57
                0x0000a740       0x18 ./Generated_Code/Cpu.o
                0x0000a740                Cpu_ivINT_Reserved57
 .text.Cpu_ivINT_Reserved58
                0x0000a758       0x18 ./Generated_Code/Cpu.o
                0x0000a758                Cpu_ivINT_Reserved58
 .text.Cpu_ivINT_Reserved59
                0x0000a770       0x18 ./Generated_Code/Cpu.o
                0x0000a770                Cpu_ivINT_Reserved59
 .text.Cpu_ivINT_UART0_LON
                0x0000a788       0x18 ./Generated_Code/Cpu.o
                0x0000a788                Cpu_ivINT_UART0_LON
 .text.Cpu_ivINT_UART1_RX_TX
                0x0000a7a0       0x18 ./Generated_Code/Cpu.o
                0x0000a7a0                Cpu_ivINT_UART1_RX_TX
 .text.Cpu_ivINT_UART1_ERR
                0x0000a7b8       0x18 ./Generated_Code/Cpu.o
                0x0000a7b8                Cpu_ivINT_UART1_ERR
 .text.Cpu_ivINT_UART2_RX_TX
                0x0000a7d0       0x18 ./Generated_Code/Cpu.o
                0x0000a7d0                Cpu_ivINT_UART2_RX_TX
 .text.Cpu_ivINT_UART2_ERR
                0x0000a7e8       0x18 ./Generated_Code/Cpu.o
                0x0000a7e8                Cpu_ivINT_UART2_ERR
 .text.Cpu_ivINT_UART3_RX_TX
                0x0000a800       0x18 ./Generated_Code/Cpu.o
                0x0000a800                Cpu_ivINT_UART3_RX_TX
 .text.Cpu_ivINT_UART3_ERR
                0x0000a818       0x18 ./Generated_Code/Cpu.o
                0x0000a818                Cpu_ivINT_UART3_ERR
 .text.Cpu_ivINT_Reserved69
                0x0000a830       0x18 ./Generated_Code/Cpu.o
                0x0000a830                Cpu_ivINT_Reserved69
 .text.Cpu_ivINT_Reserved70
                0x0000a848       0x18 ./Generated_Code/Cpu.o
                0x0000a848                Cpu_ivINT_Reserved70
 .text.Cpu_ivINT_Reserved71
                0x0000a860       0x18 ./Generated_Code/Cpu.o
                0x0000a860                Cpu_ivINT_Reserved71
 .text.Cpu_ivINT_Reserved72
                0x0000a878       0x18 ./Generated_Code/Cpu.o
                0x0000a878                Cpu_ivINT_Reserved72
 .text.Cpu_ivINT_ADC0
                0x0000a890       0x18 ./Generated_Code/Cpu.o
                0x0000a890                Cpu_ivINT_ADC0
 .text.Cpu_ivINT_ADC1
                0x0000a8a8       0x18 ./Generated_Code/Cpu.o
                0x0000a8a8                Cpu_ivINT_ADC1
 .text.Cpu_ivINT_CMP0
                0x0000a8c0       0x18 ./Generated_Code/Cpu.o
                0x0000a8c0                Cpu_ivINT_CMP0
 .text.Cpu_ivINT_CMP1
                0x0000a8d8       0x18 ./Generated_Code/Cpu.o
                0x0000a8d8                Cpu_ivINT_CMP1
 .text.Cpu_ivINT_CMP2
                0x0000a8f0       0x18 ./Generated_Code/Cpu.o
                0x0000a8f0                Cpu_ivINT_CMP2
 .text.Cpu_ivINT_CMT
                0x0000a908       0x18 ./Generated_Code/Cpu.o
                0x0000a908                Cpu_ivINT_CMT
 .text.Cpu_ivINT_RTC
                0x0000a920       0x18 ./Generated_Code/Cpu.o
                0x0000a920                Cpu_ivINT_RTC
 .text.Cpu_ivINT_RTC_Seconds
                0x0000a938       0x18 ./Generated_Code/Cpu.o
                0x0000a938                Cpu_ivINT_RTC_Seconds
 .text.Cpu_ivINT_PIT0
                0x0000a950       0x18 ./Generated_Code/Cpu.o
                0x0000a950                Cpu_ivINT_PIT0
 .text.Cpu_ivINT_PIT1
                0x0000a968       0x18 ./Generated_Code/Cpu.o
                0x0000a968                Cpu_ivINT_PIT1
 .text.Cpu_ivINT_PIT2
                0x0000a980       0x18 ./Generated_Code/Cpu.o
                0x0000a980                Cpu_ivINT_PIT2
 .text.Cpu_ivINT_PIT3
                0x0000a998       0x18 ./Generated_Code/Cpu.o
                0x0000a998                Cpu_ivINT_PIT3
 .text.Cpu_ivINT_PDB0
                0x0000a9b0       0x18 ./Generated_Code/Cpu.o
                0x0000a9b0                Cpu_ivINT_PDB0
 .text.Cpu_ivINT_USB0
                0x0000a9c8       0x18 ./Generated_Code/Cpu.o
                0x0000a9c8                Cpu_ivINT_USB0
 .text.Cpu_ivINT_USBDCD
                0x0000a9e0       0x18 ./Generated_Code/Cpu.o
                0x0000a9e0                Cpu_ivINT_USBDCD
 .text.Cpu_ivINT_Reserved91
                0x0000a9f8       0x18 ./Generated_Code/Cpu.o
                0x0000a9f8                Cpu_ivINT_Reserved91
 .text.Cpu_ivINT_Reserved92
                0x0000aa10       0x18 ./Generated_Code/Cpu.o
                0x0000aa10                Cpu_ivINT_Reserved92
 .text.Cpu_ivINT_Reserved93
                0x0000aa28       0x18 ./Generated_Code/Cpu.o
                0x0000aa28                Cpu_ivINT_Reserved93
 .text.Cpu_ivINT_Reserved94
                0x0000aa40       0x18 ./Generated_Code/Cpu.o
                0x0000aa40                Cpu_ivINT_Reserved94
 .text.Cpu_ivINT_Reserved95
                0x0000aa58       0x18 ./Generated_Code/Cpu.o
                0x0000aa58                Cpu_ivINT_Reserved95
 .text.Cpu_ivINT_Reserved96
                0x0000aa70       0x18 ./Generated_Code/Cpu.o
                0x0000aa70                Cpu_ivINT_Reserved96
 .text.Cpu_ivINT_DAC0
                0x0000aa88       0x18 ./Generated_Code/Cpu.o
                0x0000aa88                Cpu_ivINT_DAC0
 .text.Cpu_ivINT_Reserved98
                0x0000aaa0       0x18 ./Generated_Code/Cpu.o
                0x0000aaa0                Cpu_ivINT_Reserved98
 .text.Cpu_ivINT_TSI0
                0x0000aab8       0x18 ./Generated_Code/Cpu.o
                0x0000aab8                Cpu_ivINT_TSI0
 .text.Cpu_ivINT_MCG
                0x0000aad0       0x18 ./Generated_Code/Cpu.o
                0x0000aad0                Cpu_ivINT_MCG
 .text.Cpu_ivINT_LPTimer
                0x0000aae8       0x18 ./Generated_Code/Cpu.o
                0x0000aae8                Cpu_ivINT_LPTimer
 .text.Cpu_ivINT_Reserved102
                0x0000ab00       0x18 ./Generated_Code/Cpu.o
                0x0000ab00                Cpu_ivINT_Reserved102
 .text.Cpu_ivINT_PORTA
                0x0000ab18       0x18 ./Generated_Code/Cpu.o
                0x0000ab18                Cpu_ivINT_PORTA
 .text.Cpu_ivINT_PORTB
                0x0000ab30       0x18 ./Generated_Code/Cpu.o
                0x0000ab30                Cpu_ivINT_PORTB
 .text.Cpu_ivINT_PORTD
                0x0000ab48       0x18 ./Generated_Code/Cpu.o
                0x0000ab48                Cpu_ivINT_PORTD
 .text.Cpu_ivINT_PORTE
                0x0000ab60       0x18 ./Generated_Code/Cpu.o
                0x0000ab60                Cpu_ivINT_PORTE
 .text.Cpu_ivINT_Reserved108
                0x0000ab78       0x18 ./Generated_Code/Cpu.o
                0x0000ab78                Cpu_ivINT_Reserved108
 .text.Cpu_ivINT_Reserved109
                0x0000ab90       0x18 ./Generated_Code/Cpu.o
                0x0000ab90                Cpu_ivINT_Reserved109
 .text.Cpu_ivINT_SWI
                0x0000aba8       0x18 ./Generated_Code/Cpu.o
                0x0000aba8                Cpu_ivINT_SWI
 .text.__init_hardware
                0x0000abc0      0x140 ./Generated_Code/Cpu.o
                0x0000abc0                __init_hardware
 .text.Cpu_SetBASEPRI
                0x0000ad00       0x18 ./Generated_Code/Cpu.o
                0x0000ad00                Cpu_SetBASEPRI
 .text.PE_low_level_init
                0x0000ad18       0xec ./Generated_Code/Cpu.o
                0x0000ad18                PE_low_level_init
 .text.ENCODER_Init
                0x0000ae04       0xac ./Generated_Code/ENCODER.o
                0x0000ae04                ENCODER_Init
 .text.ENCODER_GetFieldValue
                0x0000aeb0       0x40 ./Generated_Code/ENCODER.o
                0x0000aeb0                ENCODER_GetFieldValue
 .text.ENCODER_Interrupt
                0x0000aef0       0x4c ./Generated_Code/ENCODER.o
                0x0000aef0                ENCODER_Interrupt
 .text.ExtIntLdd1_OnInterrupt
                0x0000af3c       0x14 ./Generated_Code/ENCODER_PUSH.o
                0x0000af3c                ExtIntLdd1_OnInterrupt
 .text.ExtIntLdd1_Init
                0x0000af50       0x80 ./Generated_Code/ExtIntLdd1.o
                0x0000af50                ExtIntLdd1_Init
 .text.ExtIntLdd1_Interrupt
                0x0000afd0       0x3c ./Generated_Code/ExtIntLdd1.o
                0x0000afd0                ExtIntLdd1_Interrupt
 .text.ExtIntLdd1_GetVal
                0x0000b00c       0x2c ./Generated_Code/ExtIntLdd1.o
                0x0000b00c                ExtIntLdd1_GetVal
 .text.ExtIntLdd2_Init
                0x0000b038       0x80 ./Generated_Code/ExtIntLdd2.o
                0x0000b038                ExtIntLdd2_Init
 .text.ExtIntLdd2_Interrupt
                0x0000b0b8       0x3c ./Generated_Code/ExtIntLdd2.o
                0x0000b0b8                ExtIntLdd2_Interrupt
 .text.ExtIntLdd2_GetVal
                0x0000b0f4       0x2c ./Generated_Code/ExtIntLdd2.o
                0x0000b0f4                ExtIntLdd2_GetVal
 .text.ExtIntLdd3_Init
                0x0000b120       0x80 ./Generated_Code/ExtIntLdd3.o
                0x0000b120                ExtIntLdd3_Init
 .text.ExtIntLdd3_Interrupt
                0x0000b1a0       0x3c ./Generated_Code/ExtIntLdd3.o
                0x0000b1a0                ExtIntLdd3_Interrupt
 .text.ExtIntLdd3_GetVal
                0x0000b1dc       0x2c ./Generated_Code/ExtIntLdd3.o
                0x0000b1dc                ExtIntLdd3_GetVal
 .text.ExtIntLdd4_Init
                0x0000b208       0x7c ./Generated_Code/ExtIntLdd4.o
                0x0000b208                ExtIntLdd4_Init
 .text.ExtIntLdd4_Interrupt
                0x0000b284       0x3c ./Generated_Code/ExtIntLdd4.o
                0x0000b284                ExtIntLdd4_Interrupt
 .text.ExtIntLdd5_Init
                0x0000b2c0       0x7c ./Generated_Code/ExtIntLdd5.o
                0x0000b2c0                ExtIntLdd5_Init
 .text.ExtIntLdd5_Interrupt
                0x0000b33c       0x3c ./Generated_Code/ExtIntLdd5.o
                0x0000b33c                ExtIntLdd5_Interrupt
 .text.I2C0_SendChar
                0x0000b378       0x2c ./Generated_Code/I2C0.o
                0x0000b378                I2C0_SendChar
 .text.I2C0_SendBlock
                0x0000b3a4       0xc0 ./Generated_Code/I2C0.o
                0x0000b3a4                I2C0_SendBlock
 .text.I2C0_SelectSlave
                0x0000b464       0x34 ./Generated_Code/I2C0.o
                0x0000b464                I2C0_SelectSlave
 .text.I2C0_Init
                0x0000b498       0x20 ./Generated_Code/I2C0.o
                0x0000b498                I2C0_Init
 .text.IntI2cLdd1_OnMasterBlockSent
                0x0000b4b8       0x14 ./Generated_Code/I2C0.o
                0x0000b4b8                IntI2cLdd1_OnMasterBlockSent
 .text.IntI2cLdd1_OnMasterBlockReceived
                0x0000b4cc       0x14 ./Generated_Code/I2C0.o
                0x0000b4cc                IntI2cLdd1_OnMasterBlockReceived
 .text.IntI2cLdd1_OnError
                0x0000b4e0       0x30 ./Generated_Code/I2C0.o
                0x0000b4e0                IntI2cLdd1_OnError
 .text.IFsh1_GetFlash
                0x0000b510       0x84 ./Generated_Code/IFsh1.o
                0x0000b510                IFsh1_GetFlash
 .text.IFsh1_SetFlash
                0x0000b594      0x1a8 ./Generated_Code/IFsh1.o
                0x0000b594                IFsh1_SetFlash
 .text.IFsh1_Init
                0x0000b73c       0x2c ./Generated_Code/IFsh1.o
                0x0000b73c                IFsh1_Init
 .text.IFsh1_SetByteFlash
                0x0000b768       0x24 ./Generated_Code/IFsh1.o
                0x0000b768                IFsh1_SetByteFlash
 .text.IFsh1_GetByteFlash
                0x0000b78c       0x20 ./Generated_Code/IFsh1.o
                0x0000b78c                IFsh1_GetByteFlash
 .text.IFsh1_SetLongFlash
                0x0000b7ac       0x20 ./Generated_Code/IFsh1.o
                0x0000b7ac                IFsh1_SetLongFlash
 .text.IFsh1_GetLongFlash
                0x0000b7cc       0x20 ./Generated_Code/IFsh1.o
                0x0000b7cc                IFsh1_GetLongFlash
 .text.IntFlashLdd1_OnOperationComplete
                0x0000b7ec      0x190 ./Generated_Code/IFsh1.o
                0x0000b7ec                IntFlashLdd1_OnOperationComplete
 .text.IntFlashLdd1_OnError
                0x0000b97c       0x54 ./Generated_Code/IFsh1.o
                0x0000b97c                IntFlashLdd1_OnError
 .text.IntFlashLdd1_Init
                0x0000b9d0       0x64 ./Generated_Code/IntFlashLdd1.o
                0x0000b9d0                IntFlashLdd1_Init
 .text.IntFlashLdd1_Write
                0x0000ba34       0x74 ./Generated_Code/IntFlashLdd1.o
                0x0000ba34                IntFlashLdd1_Write
 .text.IntFlashLdd1_Read
                0x0000baa8       0x70 ./Generated_Code/IntFlashLdd1.o
                0x0000baa8                IntFlashLdd1_Read
 .text.IntFlashLdd1_Erase
                0x0000bb18       0x94 ./Generated_Code/IntFlashLdd1.o
                0x0000bb18                IntFlashLdd1_Erase
 .text.IntFlashLdd1_Main
                0x0000bbac      0x2f4 ./Generated_Code/IntFlashLdd1.o
                0x0000bbac                IntFlashLdd1_Main
 .text.IntFlashLdd1_GetError
                0x0000bea0       0x90 ./Generated_Code/IntFlashLdd1.o
                0x0000bea0                IntFlashLdd1_GetError
 .text.RangeCheck
                0x0000bf30       0x38 ./Generated_Code/IntFlashLdd1.o
 .text.SafeRoutineCaller
                0x0000bf68       0x94 ./Generated_Code/IntFlashLdd1.o
 .text.IntI2cLdd1_Interrupt
                0x0000bffc      0x2d4 ./Generated_Code/IntI2cLdd1.o
                0x0000bffc                IntI2cLdd1_Interrupt
 .text.IntI2cLdd1_Init
                0x0000c2d0      0x13c ./Generated_Code/IntI2cLdd1.o
                0x0000c2d0                IntI2cLdd1_Init
 .text.IntI2cLdd1_MasterSendBlock
                0x0000c40c      0x190 ./Generated_Code/IntI2cLdd1.o
                0x0000c40c                IntI2cLdd1_MasterSendBlock
 .text.IntI2cLdd1_SelectSlaveDevice
                0x0000c59c       0xf0 ./Generated_Code/IntI2cLdd1.o
                0x0000c59c                IntI2cLdd1_SelectSlaveDevice
 .text.IntI2cLdd1_GetError
                0x0000c68c       0x70 ./Generated_Code/IntI2cLdd1.o
                0x0000c68c                IntI2cLdd1_GetError
 .text.ExtIntLdd3_OnInterrupt
                0x0000c6fc       0x14 ./Generated_Code/LEVER_DIR1.o
                0x0000c6fc                ExtIntLdd3_OnInterrupt
 .text.ExtIntLdd2_OnInterrupt
                0x0000c710       0x14 ./Generated_Code/LEVER_DIR2.o
                0x0000c710                ExtIntLdd2_OnInterrupt
 .text.ExtIntLdd5_OnInterrupt
                0x0000c724       0x14 ./Generated_Code/PUSH_BUTTON_REC.o
                0x0000c724                ExtIntLdd5_OnInterrupt
 .text.ExtIntLdd4_OnInterrupt
                0x0000c738       0x14 ./Generated_Code/PUSH_BUTTON_SEND.o
                0x0000c738                ExtIntLdd4_OnInterrupt
 .text.TU1_Init
                0x0000c74c       0xb0 ./Generated_Code/TU1.o
                0x0000c74c                TU1_Init
 .text.TU1_Enable
                0x0000c7fc       0x30 ./Generated_Code/TU1.o
                0x0000c7fc                TU1_Enable
 .text.TU1_Disable
                0x0000c82c       0x28 ./Generated_Code/TU1.o
                0x0000c82c                TU1_Disable
 .text.TU1_Interrupt
                0x0000c854       0x6c ./Generated_Code/TU1.o
                0x0000c854                TU1_Interrupt
 .text.T_100ms_Init
                0x0000c8c0       0xb0 ./Generated_Code/T_100ms.o
                0x0000c8c0                T_100ms_Init
 .text.T_100ms_Enable
                0x0000c970       0x30 ./Generated_Code/T_100ms.o
                0x0000c970                T_100ms_Enable
 .text.T_100ms_Disable
                0x0000c9a0       0x28 ./Generated_Code/T_100ms.o
                0x0000c9a0                T_100ms_Disable
 .text.T_100ms_Interrupt
                0x0000c9c8       0x6c ./Generated_Code/T_100ms.o
                0x0000c9c8                T_100ms_Interrupt
 .text.T_500ms_Init
                0x0000ca34       0xcc ./Generated_Code/T_500ms.o
                0x0000ca34                T_500ms_Init
 .text.T_500ms_Interrupt
                0x0000cb00       0x6c ./Generated_Code/T_500ms.o
                0x0000cb00                T_500ms_Interrupt
 .text.WAIT1_Wait10Cycles
                0x0000cb6c        0x8 ./Generated_Code/WAIT1.o
                0x0000cb6c                WAIT1_Wait10Cycles
 .text.WAIT1_Wait100Cycles
                0x0000cb74       0x1c ./Generated_Code/WAIT1.o
                0x0000cb74                WAIT1_Wait100Cycles
 .text.WAIT1_WaitCycles
                0x0000cb90       0x34 ./Generated_Code/WAIT1.o
                0x0000cb90                WAIT1_WaitCycles
 .text.WAIT1_WaitLongCycles
                0x0000cbc4       0x38 ./Generated_Code/WAIT1.o
                0x0000cbc4                WAIT1_WaitLongCycles
 .text.WAIT1_Waitms
                0x0000cbfc       0x2c ./Generated_Code/WAIT1.o
                0x0000cbfc                WAIT1_Waitms
 .text.round    0x0000cc28       0x9c c:/freescale/kds_v3/toolchain/bin/../lib/gcc/arm-none-eabi/4.8.4/../../../../arm-none-eabi/lib/armv7e-m\libm.a(lib_a-s_round.o)
                0x0000cc28                round
 .text.pow      0x0000ccc4      0x2f8 c:/freescale/kds_v3/toolchain/bin/../lib/gcc/arm-none-eabi/4.8.4/../../../../arm-none-eabi/lib/armv7e-m\libm.a(lib_a-w_pow.o)
                0x0000ccc4                pow
 *fill*         0x0000cfbc        0x4 
 .text.__ieee754_pow
                0x0000cfc0      0xa78 c:/freescale/kds_v3/toolchain/bin/../lib/gcc/arm-none-eabi/4.8.4/../../../../arm-none-eabi/lib/armv7e-m\libm.a(lib_a-e_pow.o)
                0x0000cfc0                __ieee754_pow
 .text.__ieee754_sqrt
                0x0000da38      0x180 c:/freescale/kds_v3/toolchain/bin/../lib/gcc/arm-none-eabi/4.8.4/../../../../arm-none-eabi/lib/armv7e-m\libm.a(lib_a-e_sqrt.o)
                0x0000da38                __ieee754_sqrt
 .text.fabs     0x0000dbb8        0x8 c:/freescale/kds_v3/toolchain/bin/../lib/gcc/arm-none-eabi/4.8.4/../../../../arm-none-eabi/lib/armv7e-m\libm.a(lib_a-s_fabs.o)
                0x0000dbb8                fabs
 .text.finite   0x0000dbc0        0xc c:/freescale/kds_v3/toolchain/bin/../lib/gcc/arm-none-eabi/4.8.4/../../../../arm-none-eabi/lib/armv7e-m\libm.a(lib_a-s_finite.o)
                0x0000dbc0                finite
 .text.__fpclassifyd
                0x0000dbcc       0x50 c:/freescale/kds_v3/toolchain/bin/../lib/gcc/arm-none-eabi/4.8.4/../../../../arm-none-eabi/lib/armv7e-m\libm.a(lib_a-s_fpclassify.o)
                0x0000dbcc                __fpclassifyd
 .text.matherr  0x0000dc1c        0x4 c:/freescale/kds_v3/toolchain/bin/../lib/gcc/arm-none-eabi/4.8.4/../../../../arm-none-eabi/lib/armv7e-m\libm.a(lib_a-s_matherr.o)
                0x0000dc1c                matherr
 .text.nan      0x0000dc20        0xc c:/freescale/kds_v3/toolchain/bin/../lib/gcc/arm-none-eabi/4.8.4/../../../../arm-none-eabi/lib/armv7e-m\libm.a(lib_a-s_nan.o)
                0x0000dc20                nan
 .text.rint     0x0000dc2c      0x118 c:/freescale/kds_v3/toolchain/bin/../lib/gcc/arm-none-eabi/4.8.4/../../../../arm-none-eabi/lib/armv7e-m\libm.a(lib_a-s_rint.o)
                0x0000dc2c                rint
 *fill*         0x0000dd44        0x4 
 .text.scalbn   0x0000dd48      0x118 c:/freescale/kds_v3/toolchain/bin/../lib/gcc/arm-none-eabi/4.8.4/../../../../arm-none-eabi/lib/armv7e-m\libm.a(lib_a-s_scalbn.o)
                0x0000dd48                scalbn
 .text.copysign
                0x0000de60       0x14 c:/freescale/kds_v3/toolchain/bin/../lib/gcc/arm-none-eabi/4.8.4/../../../../arm-none-eabi/lib/armv7e-m\libm.a(lib_a-s_copysign.o)
                0x0000de60                copysign
 .text.abort    0x0000de74        0xe c:/freescale/kds_v3/toolchain/bin/../lib/gcc/arm-none-eabi/4.8.4/../../../../arm-none-eabi/lib/armv7e-m\libg_s.a(lib_a-abort.o)
                0x0000de74                abort
 *fill*         0x0000de82        0x2 
 .text.__errno  0x0000de84        0xc c:/freescale/kds_v3/toolchain/bin/../lib/gcc/arm-none-eabi/4.8.4/../../../../arm-none-eabi/lib/armv7e-m\libg_s.a(lib_a-errno.o)
                0x0000de84                __errno
 .text.exit     0x0000de90       0x28 c:/freescale/kds_v3/toolchain/bin/../lib/gcc/arm-none-eabi/4.8.4/../../../../arm-none-eabi/lib/armv7e-m\libg_s.a(lib_a-exit.o)
                0x0000de90                exit
 .text.__libc_init_array
                0x0000deb8       0x4c c:/freescale/kds_v3/toolchain/bin/../lib/gcc/arm-none-eabi/4.8.4/../../../../arm-none-eabi/lib/armv7e-m\libg_s.a(lib_a-init.o)
                0x0000deb8                __libc_init_array
 .text.memcpy   0x0000df04       0x12 c:/freescale/kds_v3/toolchain/bin/../lib/gcc/arm-none-eabi/4.8.4/../../../../arm-none-eabi/lib/armv7e-m\libg_s.a(lib_a-memcpy-stub.o)
                0x0000df04                memcpy
 .text.memset   0x0000df16       0x10 c:/freescale/kds_v3/toolchain/bin/../lib/gcc/arm-none-eabi/4.8.4/../../../../arm-none-eabi/lib/armv7e-m\libg_s.a(lib_a-memset.o)
                0x0000df16                memset
 .text._raise_r
                0x0000df26       0x50 c:/freescale/kds_v3/toolchain/bin/../lib/gcc/arm-none-eabi/4.8.4/../../../../arm-none-eabi/lib/armv7e-m\libg_s.a(lib_a-signal.o)
                0x0000df26                _raise_r
 *fill*         0x0000df76        0x2 
 .text.raise    0x0000df78       0x10 c:/freescale/kds_v3/toolchain/bin/../lib/gcc/arm-none-eabi/4.8.4/../../../../arm-none-eabi/lib/armv7e-m\libg_s.a(lib_a-signal.o)
                0x0000df78                raise
 .text._kill_r  0x0000df88       0x24 c:/freescale/kds_v3/toolchain/bin/../lib/gcc/arm-none-eabi/4.8.4/../../../../arm-none-eabi/lib/armv7e-m\libg_s.a(lib_a-signalr.o)
                0x0000df88                _kill_r
 .text._getpid_r
                0x0000dfac        0x4 c:/freescale/kds_v3/toolchain/bin/../lib/gcc/arm-none-eabi/4.8.4/../../../../arm-none-eabi/lib/armv7e-m\libg_s.a(lib_a-signalr.o)
                0x0000dfac                _getpid_r
 .text.strlen   0x0000dfb0       0x10 c:/freescale/kds_v3/toolchain/bin/../lib/gcc/arm-none-eabi/4.8.4/../../../../arm-none-eabi/lib/armv7e-m\libg_s.a(lib_a-strlen.o)
                0x0000dfb0                strlen
 .text._vsprintf_r
                0x0000dfc0       0x30 c:/freescale/kds_v3/toolchain/bin/../lib/gcc/arm-none-eabi/4.8.4/../../../../arm-none-eabi/lib/armv7e-m\libg_s.a(lib_a-vsprintf.o)
                0x0000dfc0                _vsprintf_r
                0x0000dfc0                _vsiprintf_r
 .text.vsprintf
                0x0000dff0       0x1c c:/freescale/kds_v3/toolchain/bin/../lib/gcc/arm-none-eabi/4.8.4/../../../../arm-none-eabi/lib/armv7e-m\libg_s.a(lib_a-vsprintf.o)
                0x0000dff0                vsiprintf
                0x0000dff0                vsprintf
 .text._malloc_r
                0x0000e00c       0xa8 c:/freescale/kds_v3/toolchain/bin/../lib/gcc/arm-none-eabi/4.8.4/../../../../arm-none-eabi/lib/armv7e-m\libg_s.a(lib_a-nano-mallocr.o)
                0x0000e00c                _malloc_r
 .text._sbrk_r  0x0000e0b4       0x20 c:/freescale/kds_v3/toolchain/bin/../lib/gcc/arm-none-eabi/4.8.4/../../../../arm-none-eabi/lib/armv7e-m\libg_s.a(lib_a-sbrkr.o)
                0x0000e0b4                _sbrk_r
 .text.__ssputs_r
                0x0000e0d4       0xb8 c:/freescale/kds_v3/toolchain/bin/../lib/gcc/arm-none-eabi/4.8.4/../../../../arm-none-eabi/lib/armv7e-m\libg_s.a(lib_a-svfprintf.o)
                0x0000e0d4                __ssputs_r
 .text._svfprintf_r
                0x0000e18c      0x1dc c:/freescale/kds_v3/toolchain/bin/../lib/gcc/arm-none-eabi/4.8.4/../../../../arm-none-eabi/lib/armv7e-m\libg_s.a(lib_a-svfprintf.o)
                0x0000e18c                _svfiprintf_r
                0x0000e18c                _svfprintf_r
 .text._printf_common
                0x0000e368       0xe4 c:/freescale/kds_v3/toolchain/bin/../lib/gcc/arm-none-eabi/4.8.4/../../../../arm-none-eabi/lib/armv7e-m\libg_s.a(lib_a-vfprintf_i.o)
                0x0000e368                _printf_common
 .text._printf_i
                0x0000e44c      0x228 c:/freescale/kds_v3/toolchain/bin/../lib/gcc/arm-none-eabi/4.8.4/../../../../arm-none-eabi/lib/armv7e-m\libg_s.a(lib_a-vfprintf_i.o)
                0x0000e44c                _printf_i
 .text.memchr   0x0000e674       0x1e c:/freescale/kds_v3/toolchain/bin/../lib/gcc/arm-none-eabi/4.8.4/../../../../arm-none-eabi/lib/armv7e-m\libg_s.a(lib_a-memchr-stub.o)
                0x0000e674                memchr
 .text.memmove  0x0000e692       0x36 c:/freescale/kds_v3/toolchain/bin/../lib/gcc/arm-none-eabi/4.8.4/../../../../arm-none-eabi/lib/armv7e-m\libg_s.a(lib_a-memmove.o)
                0x0000e692                memmove
 .text._free_r  0x0000e6c8       0x88 c:/freescale/kds_v3/toolchain/bin/../lib/gcc/arm-none-eabi/4.8.4/../../../../arm-none-eabi/lib/armv7e-m\libg_s.a(lib_a-nano-freer.o)
                0x0000e6c8                _free_r
 .text._realloc_r
                0x0000e750       0x4c c:/freescale/kds_v3/toolchain/bin/../lib/gcc/arm-none-eabi/4.8.4/../../../../arm-none-eabi/lib/armv7e-m\libg_s.a(lib_a-nano-reallocr.o)
                0x0000e750                _realloc_r
 .text._malloc_usable_size_r
                0x0000e79c       0x12 c:/freescale/kds_v3/toolchain/bin/../lib/gcc/arm-none-eabi/4.8.4/../../../../arm-none-eabi/lib/armv7e-m\libg_s.a(lib_a-nano-msizer.o)
                0x0000e79c                _malloc_usable_size_r
 *fill*         0x0000e7ae        0x2 
 .text._getpid  0x0000e7b0       0x10 c:/freescale/kds_v3/toolchain/bin/../lib/gcc/arm-none-eabi/4.8.4/../../../../arm-none-eabi/lib/armv7e-m\libnosys.a(getpid.o)
                0x0000e7b0                _getpid
 .text._kill    0x0000e7c0       0x10 c:/freescale/kds_v3/toolchain/bin/../lib/gcc/arm-none-eabi/4.8.4/../../../../arm-none-eabi/lib/armv7e-m\libnosys.a(kill.o)
                0x0000e7c0                _kill
 .text._sbrk    0x0000e7d0       0x34 c:/freescale/kds_v3/toolchain/bin/../lib/gcc/arm-none-eabi/4.8.4/../../../../arm-none-eabi/lib/armv7e-m\libnosys.a(sbrk.o)
                0x0000e7d0                _sbrk
 .text._exit    0x0000e804        0x4 c:/freescale/kds_v3/toolchain/bin/../lib/gcc/arm-none-eabi/4.8.4/../../../../arm-none-eabi/lib/armv7e-m\libnosys.a(_exit.o)
                0x0000e804                _exit
 *(.rodata)
 .rodata        0x0000e808      0x640 ./Sources/display.o
 .rodata        0x0000ee48       0x18 ./Sources/menu.o
 .rodata        0x0000ee60      0x27c ./Sources/protocol.o
 .rodata        0x0000f0dc      0x27c ./Sources/send.o
 *(.rodata*)
 .rodata.SafeRoutine
                0x0000f358       0x30 ./Generated_Code/IntFlashLdd1.o
 .rodata.str1.4
                0x0000f388        0x4 c:/freescale/kds_v3/toolchain/bin/../lib/gcc/arm-none-eabi/4.8.4/../../../../arm-none-eabi/lib/armv7e-m\libm.a(lib_a-w_pow.o)
 *fill*         0x0000f38c        0x4 
 .rodata.dp_h   0x0000f390       0x10 c:/freescale/kds_v3/toolchain/bin/../lib/gcc/arm-none-eabi/4.8.4/../../../../arm-none-eabi/lib/armv7e-m\libm.a(lib_a-e_pow.o)
 .rodata.dp_l   0x0000f3a0       0x10 c:/freescale/kds_v3/toolchain/bin/../lib/gcc/arm-none-eabi/4.8.4/../../../../arm-none-eabi/lib/armv7e-m\libm.a(lib_a-e_pow.o)
 .rodata.bp     0x0000f3b0       0x10 c:/freescale/kds_v3/toolchain/bin/../lib/gcc/arm-none-eabi/4.8.4/../../../../arm-none-eabi/lib/armv7e-m\libm.a(lib_a-e_pow.o)
 .rodata.str1.4
                0x0000f3c0        0x4 c:/freescale/kds_v3/toolchain/bin/../lib/gcc/arm-none-eabi/4.8.4/../../../../arm-none-eabi/lib/armv7e-m\libm.a(lib_a-e_pow.o)
 *fill*         0x0000f3c4        0x4 
 .rodata.TWO52  0x0000f3c8       0x10 c:/freescale/kds_v3/toolchain/bin/../lib/gcc/arm-none-eabi/4.8.4/../../../../arm-none-eabi/lib/armv7e-m\libm.a(lib_a-s_rint.o)
 .rodata.str1.1
                0x0000f3d8        0x2 c:/freescale/kds_v3/toolchain/bin/../lib/gcc/arm-none-eabi/4.8.4/../../../../arm-none-eabi/lib/armv7e-m\libg_s.a(lib_a-impure.o)
 *fill*         0x0000f3da        0x2 
 .rodata._global_impure_ptr
                0x0000f3dc        0x4 c:/freescale/kds_v3/toolchain/bin/../lib/gcc/arm-none-eabi/4.8.4/../../../../arm-none-eabi/lib/armv7e-m\libg_s.a(lib_a-impure.o)
                0x0000f3dc                _global_impure_ptr
 .rodata.str1.1
                0x0000f3e0       0x11 c:/freescale/kds_v3/toolchain/bin/../lib/gcc/arm-none-eabi/4.8.4/../../../../arm-none-eabi/lib/armv7e-m\libg_s.a(lib_a-svfprintf.o)
 .rodata.str1.1
                0x0000f3f1       0x22 c:/freescale/kds_v3/toolchain/bin/../lib/gcc/arm-none-eabi/4.8.4/../../../../arm-none-eabi/lib/armv7e-m\libg_s.a(lib_a-vfprintf_i.o)
 *(.glue_7)
 .glue_7        0x00000000        0x0 linker stubs
 *(.glue_7t)
 .glue_7t       0x00000000        0x0 linker stubs
 *(.eh_frame)
 *fill*         0x0000f413        0x1 
 .eh_frame      0x0000f414        0x0 c:/freescale/kds_v3/toolchain/bin/../lib/gcc/arm-none-eabi/4.8.4/armv7e-m/crtbegin.o
 *(.init)
 .init          0x0000f414        0x4 c:/freescale/kds_v3/toolchain/bin/../lib/gcc/arm-none-eabi/4.8.4/armv7e-m/crti.o
                0x0000f414                _init
 .init          0x0000f418        0x8 c:/freescale/kds_v3/toolchain/bin/../lib/gcc/arm-none-eabi/4.8.4/armv7e-m/crtn.o
 *(.fini)
 .fini          0x0000f420        0x4 c:/freescale/kds_v3/toolchain/bin/../lib/gcc/arm-none-eabi/4.8.4/armv7e-m/crti.o
                0x0000f420                _fini
 .fini          0x0000f424        0x8 c:/freescale/kds_v3/toolchain/bin/../lib/gcc/arm-none-eabi/4.8.4/armv7e-m/crtn.o
                0x0000f42c                . = ALIGN (0x4)
                0x0000f42c                _etext = .

.vfp11_veneer   0x0000f42c        0x0
 .vfp11_veneer  0x00000000        0x0 linker stubs

.v4_bx          0x0000f42c        0x0
 .v4_bx         0x00000000        0x0 linker stubs

.iplt           0x0000f42c        0x0
 .iplt          0x00000000        0x0 c:/freescale/kds_v3/toolchain/bin/../lib/gcc/arm-none-eabi/4.8.4/armv7e-m/crtbegin.o

.ARM.extab      0x0000f42c      0x2a0
 *(.ARM.extab* .gnu.linkonce.armextab.*)
 .ARM.extab.text.LCD_command
                0x0000f42c        0xc ./Sources/LCD.o
 .ARM.extab.text.LCD_Set_Cursor
                0x0000f438        0xc ./Sources/LCD.o
 .ARM.extab.text.LCD_Write
                0x0000f444        0xc ./Sources/LCD.o
 .ARM.extab.text.load_custom_char
                0x0000f450        0xc ./Sources/LCD.o
 .ARM.extab.text.LCD_Write_At
                0x0000f45c        0xc ./Sources/LCD.o
 .ARM.extab.text.LCD_Write_Block
                0x0000f468        0xc ./Sources/LCD.o
 .ARM.extab.text.PCA9670_SendByte
                0x0000f474        0xc ./Sources/PCA9670.o
 .ARM.extab.text.select_cue
                0x0000f480        0xc ./Sources/cue.o
 .ARM.extab.text.print_float_at
                0x0000f48c        0xc ./Sources/display.o
 .ARM.extab.text.print_int_at
                0x0000f498        0xc ./Sources/display.o
 .ARM.extab.text.print_cue_array
                0x0000f4a4        0xc ./Sources/display.o
 .ARM.extab.text.print_all_cue
                0x0000f4b0        0xc ./Sources/display.o
 .ARM.extab.text.load_char
                0x0000f4bc        0xc ./Sources/display.o
 .ARM.extab.text.menu_init
                0x0000f4c8        0xc ./Sources/display.o
 .ARM.extab.text.refresh
                0x0000f4d4        0xc ./Sources/display.o
 .ARM.extab.text.select
                0x0000f4e0        0xc ./Sources/display.o
 .ARM.extab.text.back
                0x0000f4ec        0xc ./Sources/display.o
 .ARM.extab.text.controle_mode_display
                0x0000f4f8        0xc ./Sources/display.o
 .ARM.extab.text.update_icon_dir
                0x0000f504        0xc ./Sources/display.o
 .ARM.extab.text.refresh_fct
                0x0000f510        0xc ./Sources/display.o
 .ARM.extab.text.velocity_fct
                0x0000f51c        0xc ./Sources/display.o
 .ARM.extab.text.pos_position_fct
                0x0000f528        0xc ./Sources/display.o
 .ARM.extab.text.torque_fct
                0x0000f534        0xc ./Sources/display.o
 .ARM.extab.text.pos_play_cue_fct
                0x0000f540        0xc ./Sources/display.o
 .ARM.extab.text.pos_rec_cue_fct
                0x0000f54c        0xc ./Sources/display.o
 .ARM.extab.text.pos_mod_cue_fct
                0x0000f558        0xc ./Sources/display.o
 .ARM.extab.text.pos_del_cue_fct
                0x0000f564        0xc ./Sources/display.o
 .ARM.extab.text.vel_play_cue_fct
                0x0000f570        0xc ./Sources/display.o
 .ARM.extab.text.vel_rec_cue_fct
                0x0000f57c        0xc ./Sources/display.o
 .ARM.extab.text.vel_mod_cue_fct
                0x0000f588        0xc ./Sources/display.o
 .ARM.extab.text.vel_del_cue_fct
                0x0000f594        0xc ./Sources/display.o
 .ARM.extab.text.load_cue
                0x0000f5a0        0xc ./Sources/eeprom.o
 .ARM.extab.text.write_cue
                0x0000f5ac        0xc ./Sources/eeprom.o
 .ARM.extab.text.erase_cue
                0x0000f5b8        0xc ./Sources/eeprom.o
 .ARM.extab.text.get_next_slot_free
                0x0000f5c4        0xc ./Sources/eeprom.o
 .ARM.extab.text.get_slot_saved
                0x0000f5d0        0xc ./Sources/eeprom.o
 .ARM.extab.text.get_cue_values
                0x0000f5dc        0xc ./Sources/eeprom.o
 .ARM.extab.text.print_menu
                0x0000f5e8        0xc ./Sources/menu.o
 .ARM.extab.text.print_sub_menu
                0x0000f5f4        0xc ./Sources/menu.o
 .ARM.extab.text.print_sub_menu2
                0x0000f600        0xc ./Sources/menu.o
 .ARM.extab.text.menu_select
                0x0000f60c        0xc ./Sources/menu.o
 .ARM.extab.text.menu_back
                0x0000f618        0xc ./Sources/menu.o
 .ARM.extab.text.refresh_menu
                0x0000f624        0xc ./Sources/menu.o
 .ARM.extab.text.serial_send_block
                0x0000f630        0xc ./Sources/protocol.o
 .ARM.extab.text.serial_send_float
                0x0000f63c        0xc ./Sources/protocol.o
 .ARM.extab.text.serial_send_int
                0x0000f648        0xc ./Sources/protocol.o
 .ARM.extab.text.serial_send_string
                0x0000f654        0xc ./Sources/protocol.o
 .ARM.extab.text.serial_send_char
                0x0000f660        0xc ./Sources/protocol.o
 .ARM.extab.text.msg_parse
                0x0000f66c        0xc ./Sources/protocol.o
 .ARM.extab.text.msg_processing
                0x0000f678        0xc ./Sources/protocol.o
 .ARM.extab.text.Send_Control_Mode
                0x0000f684        0xc ./Sources/send.o
 .ARM.extab.text.send_fct
                0x0000f690        0xc ./Sources/send.o
 .ARM.extab.text.get_update_value
                0x0000f69c        0xc ./Sources/send.o
 .ARM.extab     0x0000f6a8        0xc c:/freescale/kds_v3/toolchain/bin/../lib/gcc/arm-none-eabi/4.8.4/armv7e-m\libgcc.a(unwind-arm.o)
 .ARM.extab     0x0000f6b4       0x18 c:/freescale/kds_v3/toolchain/bin/../lib/gcc/arm-none-eabi/4.8.4/armv7e-m\libgcc.a(pr-support.o)

.ARM            0x0000f6cc      0x2f0
                0x0000f6cc                __exidx_start = .
 *(.ARM.exidx*)
 .ARM.exidx     0x0000f6cc        0x8 c:/freescale/kds_v3/toolchain/bin/../lib/gcc/arm-none-eabi/4.8.4/../../../../arm-none-eabi/lib/armv7e-m/crt0.o
 .ARM.exidx.text.LCD_Init
                0x0000f794        0x8 ./Sources/LCD.o
 .ARM.exidx.text.LCD_command
                0x0000f79c        0x8 ./Sources/LCD.o
 .ARM.exidx.text.LCD_Set_Cursor
                0x0000f7a4        0x8 ./Sources/LCD.o
 .ARM.exidx.text.LCD_Write
                0x0000f7ac        0x8 ./Sources/LCD.o
 .ARM.exidx.text.load_custom_char
                0x0000f7b4        0x8 ./Sources/LCD.o
 .ARM.exidx.text.LCD_Write_At
                0x0000f7bc        0x8 ./Sources/LCD.o
 .ARM.exidx.text.LCD_Write_Block
                0x0000f7c4        0x8 ./Sources/LCD.o
 .ARM.exidx.text.PCA9670_Init
                0x0000f7cc        0x8 ./Sources/PCA9670.o
 .ARM.exidx.text.PCA9670_SendByte
                0x0000f7d4        0x8 ./Sources/PCA9670.o
 .ARM.exidx.text.select_cue
                0x0000f7dc        0x8 ./Sources/cue.o
 .ARM.exidx.text.vspfunc
                0x0000f7e4        0x8 ./Sources/display.o
 .ARM.exidx.text.print_float_at
                0x0000f7ec        0x8 ./Sources/display.o
 .ARM.exidx.text.print_int_at
                0x0000f7f4        0x8 ./Sources/display.o
 .ARM.exidx.text.print_cue_array
                0x0000f7fc        0x8 ./Sources/display.o
 .ARM.exidx.text.print_all_cue
                0x0000f804        0x8 ./Sources/display.o
 .ARM.exidx.text.load_char
                0x0000f80c        0x8 ./Sources/display.o
 .ARM.exidx.text.menu_init
                0x0000f814        0x8 ./Sources/display.o
 .ARM.exidx.text.refresh
                0x0000f81c        0x8 ./Sources/display.o
 .ARM.exidx.text.select
                0x0000f824        0x8 ./Sources/display.o
 .ARM.exidx.text.back
                0x0000f82c        0x8 ./Sources/display.o
 .ARM.exidx.text.controle_mode_display
                0x0000f834        0x8 ./Sources/display.o
 .ARM.exidx.text.control_mode_fct
                0x0000f83c        0x8 ./Sources/display.o
 .ARM.exidx.text.update_icon_dir
                0x0000f844        0x8 ./Sources/display.o
 .ARM.exidx.text.update_icon_drive_enable
                0x0000f84c        0x8 ./Sources/display.o
 .ARM.exidx.text.refresh_fct
                0x0000f854        0x8 ./Sources/display.o
 .ARM.exidx.text.velocity_fct
                0x0000f85c        0x8 ./Sources/display.o
 .ARM.exidx.text.acceleration_fct
                0x0000f864        0x8 ./Sources/display.o
 .ARM.exidx.text.deceleration_fct
                0x0000f86c        0x0 ./Sources/display.o
                                  0x8 (size before relaxing)
 .ARM.exidx.text.back_fct
                0x0000f86c        0x0 ./Sources/display.o
                                  0x8 (size before relaxing)
 .ARM.exidx.text.pos_position_fct
                0x0000f86c        0x8 ./Sources/display.o
 .ARM.exidx.text.pos_velocity_fct
                0x0000f874        0x8 ./Sources/display.o
 .ARM.exidx.text.pos_acceleration_fct
                0x0000f87c        0x0 ./Sources/display.o
                                  0x8 (size before relaxing)
 .ARM.exidx.text.pos_deceleration_fct
                0x0000f87c        0x0 ./Sources/display.o
                                  0x8 (size before relaxing)
 .ARM.exidx.text.pos_set_home_fct
                0x0000f87c        0x0 ./Sources/display.o
                                  0x8 (size before relaxing)
 .ARM.exidx.text.torque_fct
                0x0000f87c        0x8 ./Sources/display.o
 .ARM.exidx.text.torque_rise_fct
                0x0000f884        0x8 ./Sources/display.o
 .ARM.exidx.text.torque_fall_fct
                0x0000f88c        0x0 ./Sources/display.o
                                  0x8 (size before relaxing)
 .ARM.exidx.text.pos_play_cue_fct
                0x0000f88c        0x8 ./Sources/display.o
 .ARM.exidx.text.pos_rec_cue_fct
                0x0000f894        0x8 ./Sources/display.o
 .ARM.exidx.text.pos_mod_cue_fct
                0x0000f89c        0x8 ./Sources/display.o
 .ARM.exidx.text.pos_del_cue_fct
                0x0000f8a4        0x8 ./Sources/display.o
 .ARM.exidx.text.vel_play_cue_fct
                0x0000f8ac        0x8 ./Sources/display.o
 .ARM.exidx.text.vel_rec_cue_fct
                0x0000f8b4        0x8 ./Sources/display.o
 .ARM.exidx.text.vel_mod_cue_fct
                0x0000f8bc        0x8 ./Sources/display.o
 .ARM.exidx.text.vel_del_cue_fct
                0x0000f8c4        0x8 ./Sources/display.o
 .ARM.exidx.text.short_cut_position_menu
                0x0000f8cc        0x8 ./Sources/display.o
 .ARM.exidx.text._Z41__static_initialization_and_destruction_0ii
                0x0000f8d4        0x8 ./Sources/display.o
 .ARM.exidx.text._GLOBAL__sub_I_buffer
                0x0000f8dc        0x0 ./Sources/display.o
                                  0x8 (size before relaxing)
 .ARM.exidx.text.load_cue
                0x0000f8dc        0x8 ./Sources/eeprom.o
 .ARM.exidx.text.write_cue
                0x0000f8e4        0x8 ./Sources/eeprom.o
 .ARM.exidx.text.erase_cue
                0x0000f8ec        0x8 ./Sources/eeprom.o
 .ARM.exidx.text.get_next_slot_free
                0x0000f8f4        0x8 ./Sources/eeprom.o
 .ARM.exidx.text.get_slot_saved
                0x0000f8fc        0x8 ./Sources/eeprom.o
 .ARM.exidx.text.get_cue_values
                0x0000f904       0x10 ./Sources/eeprom.o
                                  0x8 (size before relaxing)
 .ARM.exidx.text.init_menu
                0x0000f914        0x0 ./Sources/menu.o
                                  0x8 (size before relaxing)
 .ARM.exidx.text.init_sub_menu
                0x0000f914        0x0 ./Sources/menu.o
                                  0x8 (size before relaxing)
 .ARM.exidx.text.init_sub_menu2
                0x0000f914        0x0 ./Sources/menu.o
                                  0x8 (size before relaxing)
 .ARM.exidx.text.init_menu_list
                0x0000f914        0x0 ./Sources/menu.o
                                  0x8 (size before relaxing)
 .ARM.exidx.text.init_sub_menu_list
                0x0000f914        0x0 ./Sources/menu.o
                                  0x8 (size before relaxing)
 .ARM.exidx.text.init_sub_menu2_list
                0x0000f914        0x0 ./Sources/menu.o
                                  0x8 (size before relaxing)
 .ARM.exidx.text.print_menu
                0x0000f914        0x8 ./Sources/menu.o
 .ARM.exidx.text.print_sub_menu
                0x0000f91c        0x8 ./Sources/menu.o
 .ARM.exidx.text.print_sub_menu2
                0x0000f924        0x8 ./Sources/menu.o
 .ARM.exidx.text.menu_select
                0x0000f92c        0x8 ./Sources/menu.o
 .ARM.exidx.text.menu_back
                0x0000f934        0x8 ./Sources/menu.o
 .ARM.exidx.text.refresh_menu
                0x0000f93c        0x8 ./Sources/menu.o
 .ARM.exidx.text.void_function
                0x0000f944        0x8 ./Sources/menu.o
 .ARM.exidx.text.parameters_init
                0x0000f94c        0x0 ./Sources/parameters.o
                                  0x8 (size before relaxing)
 .ARM.exidx.text.convert
                0x0000f94c        0x0 ./Sources/parameters.o
                                  0x8 (size before relaxing)
 .ARM.exidx.text.serial_send_block
                0x0000f94c        0x8 ./Sources/protocol.o
 .ARM.exidx.text.serial_send_float
                0x0000f954        0x8 ./Sources/protocol.o
 .ARM.exidx.text.serial_send_int
                0x0000f95c        0x8 ./Sources/protocol.o
 .ARM.exidx.text.serial_send_string
                0x0000f964        0x8 ./Sources/protocol.o
 .ARM.exidx.text.serial_send_char
                0x0000f96c        0x8 ./Sources/protocol.o
 .ARM.exidx.text.serial_send_end
                0x0000f974        0x8 ./Sources/protocol.o
 .ARM.exidx.text.msg_parse
                0x0000f97c        0x8 ./Sources/protocol.o
 .ARM.exidx.text.msg_processing
                0x0000f984        0x8 ./Sources/protocol.o
 .ARM.exidx.text.Send_Control_Mode
                0x0000f98c        0x8 ./Sources/send.o
 .ARM.exidx.text.send_fct
                0x0000f994        0x8 ./Sources/send.o
 .ARM.exidx.text.get_update_drive_en
                0x0000f99c        0x8 ./Sources/send.o
 .ARM.exidx.text.get_update_value
                0x0000f9a4        0x8 ./Sources/send.o
 .ARM.exidx.text.send_stop
                0x0000f9ac        0x8 ./Sources/send.o
 .ARM.exidx.text.send_velocity_cue
                0x0000f9b4        0x0 ./Sources/send.o
                                  0x8 (size before relaxing)
 .ARM.exidx.text.send_position_cue
                0x0000f9b4        0x0 ./Sources/send.o
                                  0x8 (size before relaxing)
 .ARM.exidx.text.velocity_processing
                0x0000f9b4        0x8 ./Sources/send.o
 .ARM.exidx.text.velocity_ref_processing
                0x0000f9bc        0x0 ./Sources/send.o
                                  0x8 (size before relaxing)
 .ARM.exidx.text.acceleration_processing
                0x0000f9bc        0x0 ./Sources/send.o
                                  0x8 (size before relaxing)
 .ARM.exidx.text.deceleration_processing
                0x0000f9bc        0x0 ./Sources/send.o
                                  0x8 (size before relaxing)
 .ARM.exidx.text.torque_processing
                0x0000f9bc        0x0 ./Sources/send.o
                                  0x8 (size before relaxing)
 .ARM.exidx.text.torque_rise_processing
                0x0000f9bc        0x0 ./Sources/send.o
                                  0x8 (size before relaxing)
 .ARM.exidx.text.torque_fall_processing
                0x0000f9bc        0x0 ./Sources/send.o
                                  0x8 (size before relaxing)
 .ARM.exidx.text.control_mode_processing
                0x0000f9bc        0x0 ./Sources/send.o
                                  0x8 (size before relaxing)
 .ARM.exidx.text.drive_enable_processing
                0x0000f9bc        0x0 ./Sources/send.o
                                  0x8 (size before relaxing)
 .ARM.exidx     0x0000f6d4       0x88 c:/freescale/kds_v3/toolchain/bin/../lib/gcc/arm-none-eabi/4.8.4/armv7e-m\libgcc.a(unwind-arm.o)
                                 0xd8 (size before relaxing)
 .ARM.exidx     0x0000f75c       0x38 c:/freescale/kds_v3/toolchain/bin/../lib/gcc/arm-none-eabi/4.8.4/armv7e-m\libgcc.a(pr-support.o)
                                 0x48 (size before relaxing)
                0x0000f9bc                __exidx_end = .

.rel.dyn        0x0000f9bc        0x0
 .rel.iplt      0x00000000        0x0 c:/freescale/kds_v3/toolchain/bin/../lib/gcc/arm-none-eabi/4.8.4/armv7e-m/crtbegin.o

.ctors          0x0000f9bc        0x0
                0x0000f9bc                __CTOR_LIST__ = .
 *crtbegin.o(.ctors)
 *(EXCLUDE_FILE(*crtend.o) .ctors)
 *(SORT(.ctors.*))
 *(.ctors)
                0x0000f9bc                __CTOR_END__ = .

.dtors          0x0000f9bc        0x0
                0x0000f9bc                __DTOR_LIST__ = .
 *crtbegin.o(.dtors)
 *(EXCLUDE_FILE(*crtend.o) .dtors)
 *(SORT(.dtors.*))
 *(.dtors)
                0x0000f9bc                __DTOR_END__ = .

.preinit_array  0x0000f9bc        0x0
                0x0000f9bc                PROVIDE (__preinit_array_start, .)
 *(.preinit_array*)
                0x0000f9bc                PROVIDE (__preinit_array_end, .)

.init_array     0x0000f9bc        0x8
                0x0000f9bc                PROVIDE (__init_array_start, .)
 *(SORT(.init_array.*))
 *(.init_array*)
 .init_array    0x0000f9bc        0x4 c:/freescale/kds_v3/toolchain/bin/../lib/gcc/arm-none-eabi/4.8.4/armv7e-m/crtbegin.o
 .init_array    0x0000f9c0        0x4 ./Sources/display.o
                0x0000f9c4                PROVIDE (__init_array_end, .)

.fini_array     0x0000f9c4        0x4
                0x0000f9c4                PROVIDE (__fini_array_start, .)
 *(SORT(.fini_array.*))
 *(.fini_array*)
 .fini_array    0x0000f9c4        0x4 c:/freescale/kds_v3/toolchain/bin/../lib/gcc/arm-none-eabi/4.8.4/armv7e-m/crtbegin.o
                0x0000f9c8                PROVIDE (__fini_array_end, .)
                0x0000f9c8                ___ROM_AT = .

.data           0x1fff8000       0xec load address 0x0000f9c8
                0x1fff8000                . = ALIGN (0x4)
                0x1fff8000                _sdata = .
 *(.data)
 *(.data*)
 .data._ZL6Get_OK
                0x1fff8000        0x4 ./Sources/protocol.o
 .data._ZL7Get_ERR
                0x1fff8004        0x4 ./Sources/protocol.o
 .data._ZL6Set_OK
                0x1fff8008        0x4 ./Sources/protocol.o
 .data._ZL7Set_ERR
                0x1fff800c        0x4 ./Sources/protocol.o
 .data._ZL8Velocity
                0x1fff8010        0x4 ./Sources/protocol.o
 .data._ZL12Velocity_ref
                0x1fff8014        0x4 ./Sources/protocol.o
 .data._ZL8Set_Home
                0x1fff8018        0x4 ./Sources/protocol.o
 .data._ZL12Acceleration
                0x1fff801c        0x4 ./Sources/protocol.o
 .data._ZL12Deceleration
                0x1fff8020        0x4 ./Sources/protocol.o
 .data._ZL6Torque
                0x1fff8024        0x4 ./Sources/protocol.o
 .data._ZL11Torque_rise
                0x1fff8028        0x4 ./Sources/protocol.o
 .data._ZL11Torque_fall
                0x1fff802c        0x4 ./Sources/protocol.o
 .data._ZL4Stop
                0x1fff8030        0x4 ./Sources/protocol.o
 .data._ZL12Drive_Enable
                0x1fff8034        0x4 ./Sources/protocol.o
 .data._ZL12Control_Mode
                0x1fff8038        0x4 ./Sources/protocol.o
 .data._ZL3Get  0x1fff803c        0x4 ./Sources/send.o
 .data._ZL3Set  0x1fff8040        0x4 ./Sources/send.o
 .data._ZL8Velocity
                0x1fff8044        0x4 ./Sources/send.o
 .data._ZL12Velocity_ref
                0x1fff8048        0x4 ./Sources/send.o
 .data._ZL8Position
                0x1fff804c        0x4 ./Sources/send.o
 .data._ZL12Position_ref
                0x1fff8050        0x4 ./Sources/send.o
 .data._ZL6Pos_go
                0x1fff8054        0x4 ./Sources/send.o
 .data._ZL8Set_Home
                0x1fff8058        0x4 ./Sources/send.o
 .data._ZL7Go_Home
                0x1fff805c        0x4 ./Sources/send.o
 .data._ZL12Acceleration
                0x1fff8060        0x4 ./Sources/send.o
 .data._ZL12Deceleration
                0x1fff8064        0x4 ./Sources/send.o
 .data._ZL6Torque
                0x1fff8068        0x4 ./Sources/send.o
 .data._ZL10Torque_ref
                0x1fff806c        0x4 ./Sources/send.o
 .data._ZL11Torque_rise
                0x1fff8070        0x4 ./Sources/send.o
 .data._ZL11Torque_fall
                0x1fff8074        0x4 ./Sources/send.o
 .data._ZL4Stop
                0x1fff8078        0x4 ./Sources/send.o
 .data._ZL12Drive_Enable
                0x1fff807c        0x4 ./Sources/send.o
 .data._ZL12Control_Mode
                0x1fff8080        0x4 ./Sources/send.o
 .data.__fdlib_version
                0x1fff8084        0x1 c:/freescale/kds_v3/toolchain/bin/../lib/gcc/arm-none-eabi/4.8.4/../../../../arm-none-eabi/lib/armv7e-m\libm.a(lib_a-s_lib_ver.o)
                0x1fff8084                __fdlib_version
 *fill*         0x1fff8085        0x3 
 .data.impure_data
                0x1fff8088       0x60 c:/freescale/kds_v3/toolchain/bin/../lib/gcc/arm-none-eabi/4.8.4/../../../../arm-none-eabi/lib/armv7e-m\libg_s.a(lib_a-impure.o)
 .data._impure_ptr
                0x1fff80e8        0x4 c:/freescale/kds_v3/toolchain/bin/../lib/gcc/arm-none-eabi/4.8.4/../../../../arm-none-eabi/lib/armv7e-m\libg_s.a(lib_a-impure.o)
                0x1fff80e8                _impure_ptr
                0x1fff80ec                . = ALIGN (0x4)
                0x1fff80ec                _edata = .
                0x000000ec                ___data_size = (_edata - _sdata)
                0x0000fab4                ___m_data_20000000_ROMStart = (___ROM_AT + SIZEOF (.data))

.jcr            0x1fff80ec        0x0 load address 0x0000fab4