Archive member included because of file (symbol)

c:/freescale/kds_v3/toolchain/bin/../lib/gcc/arm-none-eabi/4.8.4/../../../../arm-none-eabi/lib/armv7e-m\libm.a(lib_a-s_round.o)
                              ./Sources/display.o (round)
c:/freescale/kds_v3/toolchain/bin/../lib/gcc/arm-none-eabi/4.8.4/../../../../arm-none-eabi/lib/armv7e-m\libm.a(lib_a-w_pow.o)
                              ./Sources/display.o (pow)
c:/freescale/kds_v3/toolchain/bin/../lib/gcc/arm-none-eabi/4.8.4/../../../../arm-none-eabi/lib/armv7e-m\libm.a(lib_a-e_pow.o)
                              c:/freescale/kds_v3/toolchain/bin/../lib/gcc/arm-none-eabi/4.8.4/../../../../arm-none-eabi/lib/armv7e-m\libm.a(lib_a-w_pow.o) (__ieee754_pow)
c:/freescale/kds_v3/toolchain/bin/../lib/gcc/arm-none-eabi/4.8.4/../../../../arm-none-eabi/lib/armv7e-m\libm.a(lib_a-e_sqrt.o)
                              c:/freescale/kds_v3/toolchain/bin/../lib/gcc/arm-none-eabi/4.8.4/../../../../arm-none-eabi/lib/armv7e-m\libm.a(lib_a-e_pow.o) (__ieee754_sqrt)
c:/freescale/kds_v3/toolchain/bin/../lib/gcc/arm-none-eabi/4.8.4/../../../../arm-none-eabi/lib/armv7e-m\libm.a(lib_a-s_fabs.o)
                              c:/freescale/kds_v3/toolchain/bin/../lib/gcc/arm-none-eabi/4.8.4/../../../../arm-none-eabi/lib/armv7e-m\libm.a(lib_a-e_pow.o) (fabs)
c:/freescale/kds_v3/toolchain/bin/../lib/gcc/arm-none-eabi/4.8.4/../../../../arm-none-eabi/lib/armv7e-m\libm.a(lib_a-s_finite.o)
                              c:/freescale/kds_v3/toolchain/bin/../lib/gcc/arm-none-eabi/4.8.4/../../../../arm-none-eabi/lib/armv7e-m\libm.a(lib_a-w_pow.o) (finite)
c:/freescale/kds_v3/toolchain/bin/../lib/gcc/arm-none-eabi/4.8.4/../../../../arm-none-eabi/lib/armv7e-m\libm.a(lib_a-s_fpclassify.o)
                              c:/freescale/kds_v3/toolchain/bin/../lib/gcc/arm-none-eabi/4.8.4/../../../../arm-none-eabi/lib/armv7e-m\libm.a(lib_a-w_pow.o) (__fpclassifyd)
c:/freescale/kds_v3/toolchain/bin/../lib/gcc/arm-none-eabi/4.8.4/../../../../arm-none-eabi/lib/armv7e-m\libm.a(lib_a-s_lib_ver.o)
                              c:/freescale/kds_v3/toolchain/bin/../lib/gcc/arm-none-eabi/4.8.4/../../../../arm-none-eabi/lib/armv7e-m\libm.a(lib_a-w_pow.o) (__fdlib_version)
c:/freescale/kds_v3/toolchain/bin/../lib/gcc/arm-none-eabi/4.8.4/../../../../arm-none-eabi/lib/armv7e-m\libm.a(lib_a-s_matherr.o)
                              c:/freescale/kds_v3/toolchain/bin/../lib/gcc/arm-none-eabi/4.8.4/../../../../arm-none-eabi/lib/armv7e-m\libm.a(lib_a-w_pow.o) (matherr)
c:/freescale/kds_v3/toolchain/bin/../lib/gcc/arm-none-eabi/4.8.4/../../../../arm-none-eabi/lib/armv7e-m\libm.a(lib_a-s_nan.o)
                              c:/freescale/kds_v3/toolchain/bin/../lib/gcc/arm-none-eabi/4.8.4/../../../../arm-none-eabi/lib/armv7e-m\libm.a(lib_a-e_pow.o) (nan)
c:/freescale/kds_v3/toolchain/bin/../lib/gcc/arm-none-eabi/4.8.4/../../../../arm-none-eabi/lib/armv7e-m\libm.a(lib_a-s_rint.o)
                              c:/freescale/kds_v3/toolchain/bin/../lib/gcc/arm-none-eabi/4.8.4/../../../../arm-none-eabi/lib/armv7e-m\libm.a(lib_a-w_pow.o) (rint)
c:/freescale/kds_v3/toolchain/bin/../lib/gcc/arm-none-eabi/4.8.4/../../../../arm-none-eabi/lib/armv7e-m\libm.a(lib_a-s_scalbn.o)
                              c:/freescale/kds_v3/toolchain/bin/../lib/gcc/arm-none-eabi/4.8.4/../../../../arm-none-eabi/lib/armv7e-m\libm.a(lib_a-e_pow.o) (scalbn)
c:/freescale/kds_v3/toolchain/bin/../lib/gcc/arm-none-eabi/4.8.4/../../../../arm-none-eabi/lib/armv7e-m\libm.a(lib_a-s_copysign.o)
                              c:/freescale/kds_v3/toolchain/bin/../lib/gcc/arm-none-eabi/4.8.4/../../../../arm-none-eabi/lib/armv7e-m\libm.a(lib_a-s_scalbn.o) (copysign)
c:/freescale/kds_v3/toolchain/bin/../lib/gcc/arm-none-eabi/4.8.4/armv7e-m\libgcc.a(_arm_addsubdf3.o)
                              c:/freescale/kds_v3/toolchain/bin/../lib/gcc/arm-none-eabi/4.8.4/../../../../arm-none-eabi/lib/armv7e-m\libm.a(lib_a-e_pow.o) (__aeabi_dsub)
c:/freescale/kds_v3/toolchain/bin/../lib/gcc/arm-none-eabi/4.8.4/armv7e-m\libgcc.a(_arm_muldivdf3.o)
                              ./Sources/display.o (__aeabi_dmul)
c:/freescale/kds_v3/toolchain/bin/../lib/gcc/arm-none-eabi/4.8.4/armv7e-m\libgcc.a(_arm_cmpdf2.o)
                              c:/freescale/kds_v3/toolchain/bin/../lib/gcc/arm-none-eabi/4.8.4/../../../../arm-none-eabi/lib/armv7e-m\libm.a(lib_a-w_pow.o) (__aeabi_dcmpeq)
c:/freescale/kds_v3/toolchain/bin/../lib/gcc/arm-none-eabi/4.8.4/armv7e-m\libgcc.a(_arm_fixdfsi.o)
                              ./Sources/display.o (__aeabi_d2iz)
c:/freescale/kds_v3/toolchain/bin/../lib/gcc/arm-none-eabi/4.8.4/armv7e-m\libgcc.a(_arm_addsubsf3.o)
                              ./Sources/Events.o (__aeabi_fsub)
c:/freescale/kds_v3/toolchain/bin/../lib/gcc/arm-none-eabi/4.8.4/armv7e-m\libgcc.a(_arm_muldivsf3.o)
                              ./Sources/display.o (__aeabi_fmul)
c:/freescale/kds_v3/toolchain/bin/../lib/gcc/arm-none-eabi/4.8.4/armv7e-m\libgcc.a(_arm_cmpsf2.o)
[...]
Memory Configuration

Name             Origin             Length             Attributes
m_interrupts     0x00000000         0x000003fe         xr
m_text           0x00000410         0x0003ebf0         xr
m_data           0x1fff8000         0x00008000         rw
m_data_20000000  0x20000000         0x00008000         rw
m_cue            0x0003f000         0x00000ffe         xrw
m_cfmprotrom     0x00000400         0x00000010         xr
*default*        0x00000000         0xffffffff

Linker script and memory map

LOAD c:/freescale/kds_v3/toolchain/bin/../lib/gcc/arm-none-eabi/4.8.4/armv7e-m/crti.o
LOAD c:/freescale/kds_v3/toolchain/bin/../lib/gcc/arm-none-eabi/4.8.4/armv7e-m/crtbegin.o
LOAD c:/freescale/kds_v3/toolchain/bin/../lib/gcc/arm-none-eabi/4.8.4/../../../../arm-none-eabi/lib/armv7e-m/crt0.o
LOAD ./Sources/Events.o
LOAD ./Sources/LCD.o
LOAD ./Sources/PCA9670.o
LOAD ./Sources/cue.o
LOAD ./Sources/display.o
LOAD ./Sources/eeprom.o
LOAD ./Sources/encoder_variable.o
LOAD ./Sources/main.o
LOAD ./Sources/menu.o
LOAD ./Sources/parameters.o
LOAD ./Sources/protocol.o
LOAD ./Sources/send.o
LOAD ./Project_Settings/Startup_Code/startup.o
LOAD ./Generated_Code/AS1.o
LOAD ./Generated_Code/ASerialLdd1.o
LOAD ./Generated_Code/BitIoLdd1.o
LOAD ./Generated_Code/BitIoLdd2.o
LOAD ./Generated_Code/BitIoLdd3.o
LOAD ./Generated_Code/BitIoLdd4.o
LOAD ./Generated_Code/BitIoLdd5.o
LOAD ./Generated_Code/BitIoLdd6.o
LOAD ./Generated_Code/BitIoLdd7.o
LOAD ./Generated_Code/BitIoLdd8.o
LOAD ./Generated_Code/CS1.o
LOAD ./Generated_Code/Cpu.o
LOAD ./Generated_Code/ENCODER.o
LOAD ./Generated_Code/ENCODER_PUSH.o
LOAD ./Generated_Code/ExtIntLdd1.o
LOAD ./Generated_Code/ExtIntLdd2.o
LOAD ./Generated_Code/ExtIntLdd3.o
LOAD ./Generated_Code/ExtIntLdd4.o
LOAD ./Generated_Code/ExtIntLdd5.o
LOAD ./Generated_Code/I2C0.o
LOAD ./Generated_Code/IFsh1.o
LOAD ./Generated_Code/IntFlashLdd1.o
LOAD ./Generated_Code/IntI2cLdd1.o
LOAD ./Generated_Code/KSDK1.o
LOAD ./Generated_Code/LCD_CTR.o
LOAD ./Generated_Code/LCD_EN.o
LOAD ./Generated_Code/LED_DEBUG.o
LOAD ./Generated_Code/LED_MOTOR_MOVE.o
LOAD ./Generated_Code/LED_STATUS_1.o
LOAD ./Generated_Code/LED_STATUS_2.o
LOAD ./Generated_Code/LED_STATUS_3.o
LOAD ./Generated_Code/LED_STATUS_4.o
LOAD ./Generated_Code/LEVER_DIR1.o
LOAD ./Generated_Code/LEVER_DIR2.o
LOAD ./Generated_Code/PCA.o
LOAD ./Generated_Code/PE_LDD.o
LOAD ./Generated_Code/PUSH_BUTTON_REC.o
LOAD ./Generated_Code/PUSH_BUTTON_SEND.o
LOAD ./Generated_Code/TU1.o
LOAD ./Generated_Code/T_100ms.o
LOAD ./Generated_Code/T_500ms.o
LOAD ./Generated_Code/Vectors.o
LOAD ./Generated_Code/WAIT1.o
LOAD ./.metadata/.plugins/org.eclipse.cdt.make.core/specs.o
LOAD c:/freescale/kds_v3/toolchain/bin/../lib/gcc/arm-none-eabi/4.8.4/../../../../arm-none-eabi/lib/armv7e-m\libstdc++_s.a
LOAD c:/freescale/kds_v3/toolchain/bin/../lib/gcc/arm-none-eabi/4.8.4/../../../../arm-none-eabi/lib/armv7e-m\libm.a
START GROUP
LOAD c:/freescale/kds_v3/toolchain/bin/../lib/gcc/arm-none-eabi/4.8.4/armv7e-m\libgcc.a
LOAD c:/freescale/kds_v3/toolchain/bin/../lib/gcc/arm-none-eabi/4.8.4/../../../../arm-none-eabi/lib/armv7e-m\libg_s.a
LOAD c:/freescale/kds_v3/toolchain/bin/../lib/gcc/arm-none-eabi/4.8.4/../../../../arm-none-eabi/lib/armv7e-m\libc_s.a
END GROUP
START GROUP
LOAD c:/freescale/kds_v3/toolchain/bin/../lib/gcc/arm-none-eabi/4.8.4/armv7e-m\libgcc.a
LOAD c:/freescale/kds_v3/toolchain/bin/../lib/gcc/arm-none-eabi/4.8.4/../../../../arm-none-eabi/lib/armv7e-m\libc_s.a
LOAD c:/freescale/kds_v3/toolchain/bin/../lib/gcc/arm-none-eabi/4.8.4/../../../../arm-none-eabi/lib/armv7e-m\libnosys.a
END GROUP
START GROUP
LOAD c:/freescale/kds_v3/toolchain/bin/../lib/gcc/arm-none-eabi/4.8.4/armv7e-m\libgcc.a
LOAD c:/freescale/kds_v3/toolchain/bin/../lib/gcc/arm-none-eabi/4.8.4/../../../../arm-none-eabi/lib/armv7e-m\libc_s.a
LOAD c:/freescale/kds_v3/toolchain/bin/../lib/gcc/arm-none-eabi/4.8.4/../../../../arm-none-eabi/lib/armv7e-m\libnosys.a
END GROUP
LOAD c:/freescale/kds_v3/toolchain/bin/../lib/gcc/arm-none-eabi/4.8.4/armv7e-m/crtend.o
LOAD c:/freescale/kds_v3/toolchain/bin/../lib/gcc/arm-none-eabi/4.8.4/armv7e-m/crtn.o
                0x20000000                _estack = 0x20000000
                0x20000000                __SP_INIT = _estack
                0x20000000                __stack = _estack
                0x00000000                __heap_size = 0x0
                0x00000400                __stack_size = 0x400

.interrupts     0x00000000      0x1bc
                0x00000000                __vector_table = .
                0x00000000                . = ALIGN (0x4)
 *(.vectortable)
 .vectortable   0x00000000      0x1bc ./Generated_Code/Vectors.o
                0x00000000                __vect_table
                0x000001bc                . = ALIGN (0x4)

.cfmprotect     0x00000400       0x10
                0x00000400                . = ALIGN (0x4)
 *(.cfmconfig)
 .cfmconfig     0x00000400       0x10 ./Generated_Code/Cpu.o
                0x00000400                _cfm
                0x00000410                . = ALIGN (0x4)

.text           0x00000410    0x100e4
                0x00000410                . = ALIGN (0x4)
 *(.text)
 .text          0x00000410       0x54 c:/freescale/kds_v3/toolchain/bin/../lib/gcc/arm-none-eabi/4.8.4/armv7e-m/crtbegin.o
 .text          0x00000464       0x74 c:/freescale/kds_v3/toolchain/bin/../lib/gcc/arm-none-eabi/4.8.4/../../../../arm-none-eabi/lib/armv7e-m/crt0.o
                0x00000464                _start
                0x00000464                _mainCRTStartup
 .text          0x000004d8      0x370 c:/freescale/kds_v3/toolchain/bin/../lib/gcc/arm-none-eabi/4.8.4/armv7e-m\libgcc.a(_arm_addsubdf3.o)
                0x000004d8                __aeabi_drsub
                0x000004e0                __aeabi_dsub
                0x000004e0                __subdf3
                0x000004e4                __aeabi_dadd
                0x000004e4                __adddf3
                0x0000075c                __floatunsidf
                0x0000075c                __aeabi_ui2d
                0x0000077c                __floatsidf
                0x0000077c                __aeabi_i2d
                0x000007a0                __aeabi_f2d
                0x000007a0                __extendsfdf2
                0x000007dc                __floatundidf
                0x000007dc                __aeabi_ul2d
                0x000007ec                __floatdidf
                0x000007ec                __aeabi_l2d
 .text          0x00000848      0x424 c:/freescale/kds_v3/toolchain/bin/../lib/gcc/arm-none-eabi/4.8.4/armv7e-m\libgcc.a(_arm_muldivdf3.o)
                0x00000848                __aeabi_dmul
                0x00000848                __muldf3
                0x00000a9c                __divdf3
                0x00000a9c                __aeabi_ddiv
 .text          0x00000c6c      0x110 c:/freescale/kds_v3/toolchain/bin/../lib/gcc/arm-none-eabi/4.8.4/armv7e-m\libgcc.a(_arm_cmpdf2.o)
                0x00000c6c                __gtdf2
                0x00000c6c                __gedf2
                0x00000c74                __ltdf2
                0x00000c74                __ledf2
                0x00000c7c                __nedf2
                0x00000c7c                __eqdf2
                0x00000c7c                __cmpdf2
                0x00000cf8                __aeabi_cdrcmple
                0x00000d08                __aeabi_cdcmpeq
                0x00000d08                __aeabi_cdcmple
                0x00000d18                __aeabi_dcmpeq
                0x00000d2c                __aeabi_dcmplt
                0x00000d40                __aeabi_dcmple
                0x00000d54                __aeabi_dcmpge
                0x00000d68                __aeabi_dcmpgt
 .text          0x00000d7c       0x50 c:/freescale/kds_v3/toolchain/bin/../lib/gcc/arm-none-eabi/4.8.4/armv7e-m\libgcc.a(_arm_fixdfsi.o)
                0x00000d7c                __aeabi_d2iz
                0x00000d7c                __fixdfsi
 .text          0x00000dcc      0x21c c:/freescale/kds_v3/toolchain/bin/../lib/gcc/arm-none-eabi/4.8.4/armv7e-m\libgcc.a(_arm_addsubsf3.o)
                0x00000dcc                __aeabi_frsub
                0x00000dd4                __subsf3
                0x00000dd4                __aeabi_fsub
                0x00000dd8                __aeabi_fadd
                0x00000dd8                __addsf3
                0x00000f38                __aeabi_ui2f
                0x00000f38                __floatunsisf
                0x00000f40                __aeabi_i2f
                0x00000f40                __floatsisf
                0x00000f5c                __aeabi_ul2f
                0x00000f5c                __floatundisf
                0x00000f6c                __aeabi_l2f
                0x00000f6c                __floatdisf
 .text          0x00000fe8      0x2a0 c:/freescale/kds_v3/toolchain/bin/../lib/gcc/arm-none-eabi/4.8.4/armv7e-m\libgcc.a(_arm_muldivsf3.o)
                0x00000fe8                __mulsf3
                0x00000fe8                __aeabi_fmul
                0x00001150                __aeabi_fdiv
                0x00001150                __divsf3
 .text          0x00001288       0xec c:/freescale/kds_v3/toolchain/bin/../lib/gcc/arm-none-eabi/4.8.4/armv7e-m\libgcc.a(_arm_cmpsf2.o)
                0x00001288                __gesf2
                0x00001288                __gtsf2
                0x00001290                __lesf2
                0x00001290                __ltsf2
                0x00001298                __nesf2
                0x00001298                __eqsf2
                0x00001298                __cmpsf2
                0x000012f8                __aeabi_cfrcmple
                0x00001300                __aeabi_cfcmpeq
                0x00001300                __aeabi_cfcmple
                0x00001310                __aeabi_fcmpeq
                0x00001324                __aeabi_fcmplt
                0x00001338                __aeabi_fcmple
                0x0000134c                __aeabi_fcmpge
                0x00001360                __aeabi_fcmpgt
 .text          0x00001374       0x4c c:/freescale/kds_v3/toolchain/bin/../lib/gcc/arm-none-eabi/4.8.4/armv7e-m\libgcc.a(_arm_fixsfsi.o)
                0x00001374                __aeabi_f2iz
                0x00001374                __fixsfsi
 .text          0x000013c0       0x40 c:/freescale/kds_v3/toolchain/bin/../lib/gcc/arm-none-eabi/4.8.4/armv7e-m\libgcc.a(_arm_fixunssfsi.o)
                0x000013c0                __fixunssfsi
                0x000013c0                __aeabi_f2uiz
 .text          0x00001400      0xa1c c:/freescale/kds_v3/toolchain/bin/../lib/gcc/arm-none-eabi/4.8.4/armv7e-m\libgcc.a(unwind-arm.o)
                0x000016e4                _Unwind_GetCFA
                0x000016e8                __gnu_Unwind_RaiseException
                0x00001748                __gnu_Unwind_ForcedUnwind
                0x0000175c                __gnu_Unwind_Resume
                0x000017a0                __gnu_Unwind_Resume_or_Rethrow
                0x000017b0                _Unwind_Complete
                0x000017b4                _Unwind_DeleteException
                0x000017c4                _Unwind_VRS_Get
                0x00001814                _Unwind_VRS_Set
                0x00001864                __gnu_Unwind_Backtrace
                0x00001bb8                __aeabi_unwind_cpp_pr0
                0x00001bc0                __aeabi_unwind_cpp_pr1
                0x00001bc8                __aeabi_unwind_cpp_pr2
                0x00001bd0                _Unwind_VRS_Pop
 .text          0x00001e1c      0x1ac c:/freescale/kds_v3/toolchain/bin/../lib/gcc/arm-none-eabi/4.8.4/armv7e-m\libgcc.a(libunwind.o)
                0x00001e1c                __restore_core_regs
                0x00001e1c                restore_core_regs
                0x00001e34                __gnu_Unwind_Restore_VFP
                0x00001e3c                __gnu_Unwind_Save_VFP
                0x00001e44                __gnu_Unwind_Restore_VFP_D
                0x00001e4c                __gnu_Unwind_Save_VFP_D
                0x00001e54                __gnu_Unwind_Restore_VFP_D_16_to_31
                0x00001e5c                __gnu_Unwind_Save_VFP_D_16_to_31
                0x00001e64                __gnu_Unwind_Restore_WMMXD
                0x00001ea8                __gnu_Unwind_Save_WMMXD
                0x00001eec                __gnu_Unwind_Restore_WMMXC
                0x00001f00                __gnu_Unwind_Save_WMMXC
                0x00001f14                ___Unwind_RaiseException
                0x00001f14                _Unwind_RaiseException
                0x00001f38                _Unwind_Resume
                0x00001f38                ___Unwind_Resume
                0x00001f5c                _Unwind_Resume_or_Rethrow
                0x00001f5c                ___Unwind_Resume_or_Rethrow
                0x00001f80                _Unwind_ForcedUnwind
                0x00001f80                ___Unwind_ForcedUnwind
                0x00001fa4                ___Unwind_Backtrace
                0x00001fa4                _Unwind_Backtrace
 .text          0x00001fc8      0x33c c:/freescale/kds_v3/toolchain/bin/../lib/gcc/arm-none-eabi/4.8.4/armv7e-m\libgcc.a(pr-support.o)
                0x0000201c                __gnu_unwind_execute
                0x000022a8                __gnu_unwind_frame
                0x000022d4                _Unwind_GetRegionStart
                0x000022e0                _Unwind_GetLanguageSpecificData
                0x000022f4                _Unwind_GetDataRelBase
                0x000022fc                _Unwind_GetTextRelBase
 .text          0x00002304       0x14 c:/freescale/kds_v3/toolchain/bin/../lib/gcc/arm-none-eabi/4.8.4/../../../../arm-none-eabi/lib/armv7e-m\libg_s.a(lib_a-strcmp.o)
                0x00002304                strcmp
 *(.text*)
 .text.PUSH_BUTTON_REC_OnInterrupt
                0x00002318       0x18 ./Sources/Events.o
                0x00002318                PUSH_BUTTON_REC_OnInterrupt
 .text.PUSH_BUTTON_SEND_OnInterrupt
                0x00002330       0x18 ./Sources/Events.o
                0x00002330                PUSH_BUTTON_SEND_OnInterrupt
 .text.I2C0_OnReceiveData
                0x00002348        0xc ./Sources/Events.o
                0x00002348                I2C0_OnReceiveData
 .text.I2C0_OnTransmitData
                0x00002354        0xc ./Sources/Events.o
                0x00002354                I2C0_OnTransmitData
 .text.T_100ms_OnCounterRestart
                0x00002360       0x48 ./Sources/Events.o
                0x00002360                T_100ms_OnCounterRestart
 .text.LEVER_DIR1_OnInterrupt
                0x000023a8       0x48 ./Sources/Events.o
                0x000023a8                LEVER_DIR1_OnInterrupt
 .text.LEVER_DIR2_OnInterrupt
                0x000023f0       0x48 ./Sources/Events.o
                0x000023f0                LEVER_DIR2_OnInterrupt
 .text.ENCODER_PUSH_OnInterrupt
                0x00002438       0xe0 ./Sources/Events.o
                0x00002438                ENCODER_PUSH_OnInterrupt
 .text.ENCODER_OnPortEvent
                0x00002518       0xc0 ./Sources/Events.o
                0x00002518                ENCODER_OnPortEvent
 .text.T_500ms_OnCounterRestart
                0x000025d8      0x14c ./Sources/Events.o
                0x000025d8                T_500ms_OnCounterRestart
 .text.I2C0_OnArbitLost
                0x00002724        0xc ./Sources/Events.o
                0x00002724                I2C0_OnArbitLost
 .text.AS1_OnTxComplete
                0x00002730       0x14 ./Sources/Events.o
                0x00002730                AS1_OnTxComplete
 .text.AS1_OnError
                0x00002744        0xc ./Sources/Events.o
                0x00002744                AS1_OnError
 .text.AS1_OnRxChar
                0x00002750        0xc ./Sources/Events.o
                0x00002750                AS1_OnRxChar
 .text.AS1_OnRxCharExt
                0x0000275c       0xa8 ./Sources/Events.o
                0x0000275c                AS1_OnRxCharExt
 .text.AS1_OnTxChar
                0x00002804        0xc ./Sources/Events.o
                0x00002804                AS1_OnTxChar
 .text.AS1_OnFullRxBuf
                0x00002810       0x14 ./Sources/Events.o
                0x00002810                AS1_OnFullRxBuf
 .text.AS1_OnFreeTxBuf
                0x00002824        0xc ./Sources/Events.o
                0x00002824                AS1_OnFreeTxBuf
 .text.TU1_OnCounterRestart
                0x00002830       0x1c ./Sources/Events.o
                0x00002830                TU1_OnCounterRestart
 .text.LCD_Init
                0x0000284c       0x50 ./Sources/LCD.o
                0x0000284c                LCD_Init
 .text.LCD_command
                0x0000289c       0x30 ./Sources/LCD.o
                0x0000289c                LCD_command
 .text.LCD_Cursor_On
                0x000028cc        0xc ./Sources/LCD.o
                0x000028cc                LCD_Cursor_On
 .text.LCD_Cursor_Off
                0x000028d8        0xc ./Sources/LCD.o
                0x000028d8                LCD_Cursor_Off
 .text.LCD_Set_Cursor
                0x000028e4       0x58 ./Sources/LCD.o
                0x000028e4                LCD_Set_Cursor
 .text.LCD_Cursor_On_At
                0x0000293c       0x24 ./Sources/LCD.o
                0x0000293c                LCD_Cursor_On_At
 .text.LCD_Write
                0x00002960       0x28 ./Sources/LCD.o
                0x00002960                LCD_Write
 .text.load_custom_char
                0x00002988       0x50 ./Sources/LCD.o
                0x00002988                load_custom_char
 .text.LCD_Write_At
                0x000029d8       0x3c ./Sources/LCD.o
                0x000029d8                LCD_Write_At
 .text.LCD_Write_Block
                0x00002a14       0xa0 ./Sources/LCD.o
                0x00002a14                LCD_Write_Block
 .text.PCA9670_Init
                0x00002ab4       0x34 ./Sources/PCA9670.o
                0x00002ab4                PCA9670_Init
 .text.PCA9670_SendByte
                0x00002ae8       0x3c ./Sources/PCA9670.o
                0x00002ae8                PCA9670_SendByte
 .text.select_cue
                0x00002b24      0x180 ./Sources/cue.o
                0x00002b24                select_cue
 .text.vspfunc  0x00002ca4       0x30 ./Sources/display.o
                0x00002ca4                vspfunc
 .text.print_float_at
                0x00002cd4      0x190 ./Sources/display.o
                0x00002cd4                print_float_at
 .text.print_int_at
                0x00002e64       0xa0 ./Sources/display.o
                0x00002e64                print_int_at
 .text.print_cue_array
                0x00002f04      0x1d0 ./Sources/display.o
                0x00002f04                print_cue_array
 .text.print_all_cue
                0x000030d4      0x110 ./Sources/display.o
                0x000030d4                print_all_cue
 .text.load_char
                0x000031e4       0xe8 ./Sources/display.o
                0x000031e4                load_char
 .text.menu_init
                0x000032cc       0x1c ./Sources/display.o
                0x000032cc                menu_init
 .text.refresh  0x000032e8       0x24 ./Sources/display.o
                0x000032e8                refresh
 .text.select   0x0000330c       0x24 ./Sources/display.o
                0x0000330c                select
 .text.back     0x00003330       0x4c ./Sources/display.o
                0x00003330                back
 .text.controle_mode_display
                0x0000337c       0x4c ./Sources/display.o
                0x0000337c                controle_mode_display
 .text.control_mode_fct
                0x000033c8       0x5c ./Sources/display.o
                0x000033c8                control_mode_fct
 .text.update_icon_dir
                0x00003424       0x78 ./Sources/display.o
                0x00003424                update_icon_dir
 .text.update_icon_drive_enable
                0x0000349c       0x3c ./Sources/display.o
                0x0000349c                update_icon_drive_enable
 .text.select_setting
                0x000034d8       0x94 ./Sources/display.o
                0x000034d8                select_setting
 .text.refresh_fct
                0x0000356c       0xf0 ./Sources/display.o
                0x0000356c                refresh_fct
 .text.velocity_fct
                0x0000365c      0x480 ./Sources/display.o
                0x0000365c                velocity_fct
 .text.acceleration_fct
                0x00003adc      0x16c ./Sources/display.o
                0x00003adc                acceleration_fct
 .text.deceleration_fct
                0x00003c48      0x16c ./Sources/display.o
                0x00003c48                deceleration_fct
 .text.back_fct
                0x00003db4       0x30 ./Sources/display.o
                0x00003db4                back_fct
 .text.pos_position_fct
                0x00003de4      0x514 ./Sources/display.o
                0x00003de4                pos_position_fct
 .text.pos_velocity_fct
                0x000042f8      0x114 ./Sources/display.o
                0x000042f8                pos_velocity_fct
 .text.pos_acceleration_fct
                0x0000440c      0x16c ./Sources/display.o
                0x0000440c                pos_acceleration_fct
 .text.pos_deceleration_fct
                0x00004578      0x16c ./Sources/display.o
                0x00004578                pos_deceleration_fct
 .text.pos_set_home_fct
                0x000046e4       0x8c ./Sources/display.o
                0x000046e4                pos_set_home_fct
 .text.torque_fct
                0x00004770      0x370 ./Sources/display.o
                0x00004770                torque_fct
 .text.torque_rise_fct
                0x00004ae0      0x16c ./Sources/display.o
                0x00004ae0                torque_rise_fct
 .text.torque_fall_fct
                0x00004c4c      0x168 ./Sources/display.o
                0x00004c4c                torque_fall_fct
 .text.pos_play_cue_fct
                0x00004db4      0x320 ./Sources/display.o
                0x00004db4                pos_play_cue_fct
 .text.pos_rec_cue_fct
                0x000050d4      0x2ac ./Sources/display.o
                0x000050d4                pos_rec_cue_fct
 .text.pos_mod_cue_fct
                0x00005380      0x328 ./Sources/display.o
                0x00005380                pos_mod_cue_fct
 .text.pos_del_cue_fct
                0x000056a8      0x334 ./Sources/display.o
                0x000056a8                pos_del_cue_fct
 .text.vel_play_cue_fct
                0x000059dc      0x2b8 ./Sources/display.o
                0x000059dc                vel_play_cue_fct
 .text.vel_rec_cue_fct
                0x00005c94      0x248 ./Sources/display.o
                0x00005c94                vel_rec_cue_fct
 .text.vel_mod_cue_fct
                0x00005edc      0x2b8 ./Sources/display.o
                0x00005edc                vel_mod_cue_fct
 .text.vel_del_cue_fct
                0x00006194      0x2c4 ./Sources/display.o
                0x00006194                vel_del_cue_fct
 .text.select_baud_rate_fct
                0x00006458      0x120 ./Sources/display.o
                0x00006458                select_baud_rate_fct
 .text.select_update_menu_fct
                0x00006578      0x120 ./Sources/display.o
                0x00006578                select_update_menu_fct
 .text.short_cut_position_menu
                0x00006698       0x68 ./Sources/display.o
                0x00006698                short_cut_position_menu
 .text.display_resolution
                0x00006700       0x68 ./Sources/display.o
                0x00006700                display_resolution
 .text.get_cursor_resolution_position
                0x00006768       0x4c ./Sources/display.o
                0x00006768                get_cursor_resolution_position
 .text.get_resolution
                0x000067b4       0x50 ./Sources/display.o
                0x000067b4                get_resolution
 .text._Z41__static_initialization_and_destruction_0ii
                0x00006804      0x894 ./Sources/display.o
 .text._GLOBAL__sub_I_buffer
                0x00007098       0x10 ./Sources/display.o
 .text.load_cue
                0x000070a8      0x10c ./Sources/eeprom.o
                0x000070a8                load_cue
 .text.write_cue
                0x000071b4      0x170 ./Sources/eeprom.o
                0x000071b4                write_cue
 .text.erase_cue
                0x00007324       0x58 ./Sources/eeprom.o
                0x00007324                erase_cue
 .text.get_next_slot_free
                0x0000737c       0xd0 ./Sources/eeprom.o
                0x0000737c                get_next_slot_free
 .text.get_slot_saved
                0x0000744c      0x110 ./Sources/eeprom.o
                0x0000744c                get_slot_saved
 .text.get_cue_values
                0x0000755c       0xd4 ./Sources/eeprom.o
                0x0000755c                get_cue_values
 .text.main     0x00007630      0x9c0 ./Sources/main.o
                0x00007630                main
 .text.init_menu
                0x00007ff0       0x44 ./Sources/menu.o
                0x00007ff0                init_menu
 .text.init_sub_menu
                0x00008034       0x68 ./Sources/menu.o
                0x00008034                init_sub_menu
 .text.init_sub_menu2
                0x0000809c       0x48 ./Sources/menu.o
                0x0000809c                init_sub_menu2
 .text.init_menu_list
                0x000080e4       0x30 ./Sources/menu.o
                0x000080e4                init_menu_list
 .text.init_sub_menu_list
                0x00008114       0x30 ./Sources/menu.o
                0x00008114                init_sub_menu_list
 .text.init_sub_menu2_list
                0x00008144       0x30 ./Sources/menu.o
                0x00008144                init_sub_menu2_list
 .text.print_menu
                0x00008174      0x158 ./Sources/menu.o
                0x00008174                print_menu
 .text.print_sub_menu
                0x000082cc      0x178 ./Sources/menu.o
                0x000082cc                print_sub_menu
 .text.print_sub_menu2
                0x00008444      0x178 ./Sources/menu.o
                0x00008444                print_sub_menu2
 .text.menu_select
                0x000085bc      0x2b4 ./Sources/menu.o
                0x000085bc                menu_select
 .text.menu_back
                0x00008870      0x37c ./Sources/menu.o
                0x00008870                menu_back
 .text.refresh_menu
                0x00008bec      0x174 ./Sources/menu.o
                0x00008bec                refresh_menu
 .text.void_function
                0x00008d60        0xc ./Sources/menu.o
                0x00008d60                void_function
 .text.parameters_init
                0x00008d6c       0x94 ./Sources/parameters.o
                0x00008d6c                parameters_init
 .text.convert  0x00008e00       0x3c ./Sources/parameters.o
                0x00008e00                convert
 .text.serial_send_block
                0x00008e3c       0xdc ./Sources/protocol.o
                0x00008e3c                serial_send_block
 .text.serial_send_float
                0x00008f18       0x30 ./Sources/protocol.o
                0x00008f18                serial_send_float
 .text.serial_send_int
                0x00008f48       0x30 ./Sources/protocol.o
                0x00008f48                serial_send_int
 .text.serial_send_string
                0x00008f78       0x58 ./Sources/protocol.o
                0x00008f78                serial_send_string
 .text.serial_send_char
                0x00008fd0       0x30 ./Sources/protocol.o
                0x00008fd0                serial_send_char
 .text.serial_send_end
                0x00009000       0x14 ./Sources/protocol.o
                0x00009000                serial_send_end
 .text.msg_parse
                0x00009014      0x1d4 ./Sources/protocol.o
                0x00009014                msg_parse
 .text.msg_processing
                0x000091e8      0x33c ./Sources/protocol.o
                0x000091e8                msg_processing
 .text.select_baud_rate
                0x00009524       0x1c ./Sources/protocol.o
                0x00009524                select_baud_rate
 .text.Send_Control_Mode
                0x00009540       0x30 ./Sources/send.o
                0x00009540                Send_Control_Mode
 .text.send_fct
                0x00009570      0x434 ./Sources/send.o
                0x00009570                send_fct
 .text.get_update_drive_en
                0x000099a4       0x24 ./Sources/send.o
                0x000099a4                get_update_drive_en
 .text.get_update_value
                0x000099c8      0x180 ./Sources/send.o
                0x000099c8                get_update_value
 .text.send_stop
                0x00009b48       0x34 ./Sources/send.o
                0x00009b48                send_stop
 .text.send_velocity_cue
                0x00009b7c       0x94 ./Sources/send.o
                0x00009b7c                send_velocity_cue
 .text.send_position_cue
                0x00009c10      0x114 ./Sources/send.o
                0x00009c10                send_position_cue
 .text.velocity_processing
                0x00009d24       0x50 ./Sources/send.o
                0x00009d24                velocity_processing
 .text.velocity_ref_processing
                0x00009d74       0x50 ./Sources/send.o
                0x00009d74                velocity_ref_processing
 .text.acceleration_processing
                0x00009dc4       0x50 ./Sources/send.o
                0x00009dc4                acceleration_processing
 .text.deceleration_processing
                0x00009e14       0x50 ./Sources/send.o
                0x00009e14                deceleration_processing
 .text.torque_processing
                0x00009e64       0x48 ./Sources/send.o
                0x00009e64                torque_processing
 .text.torque_ref_processing
                0x00009eac       0x48 ./Sources/send.o
                0x00009eac                torque_ref_processing
 .text.torque_rise_processing
                0x00009ef4       0x48 ./Sources/send.o
                0x00009ef4                torque_rise_processing
 .text.torque_fall_processing
                0x00009f3c       0x48 ./Sources/send.o
                0x00009f3c                torque_fall_processing
 .text.position_ref_processing
                0x00009f84       0x48 ./Sources/send.o
                0x00009f84                position_ref_processing
 .text.position_processing
                0x00009fcc       0x44 ./Sources/send.o
                0x00009fcc                position_processing
 .text.control_mode_processing
                0x0000a010       0x7c ./Sources/send.o
                0x0000a010                control_mode_processing
 .text.drive_enable_processing
                0x0000a08c       0x24 ./Sources/send.o
                0x0000a08c                drive_enable_processing
 .text.__copy_rom_section
                0x0000a0b0       0xe4 ./Project_Settings/Startup_Code/startup.o
                0x0000a0b0                __copy_rom_section
 .text.__copy_rom_sections_to_ram
                0x0000a194       0x9c ./Project_Settings/Startup_Code/startup.o
                0x0000a194                __copy_rom_sections_to_ram
 .text.__init_registers
                0x0000a230        0xc ./Project_Settings/Startup_Code/startup.o
                0x0000a230                __init_registers
 .text.__init_user
                0x0000a23c        0xc ./Project_Settings/Startup_Code/startup.o
                0x0000a23c                __init_user
 .text.__thumb_startup
                0x0000a248       0x34 ./Project_Settings/Startup_Code/startup.o
                0x0000a248                __thumb_startup
 .text.HWEnDi   0x0000a27c       0x1c ./Generated_Code/AS1.o
 .text.AS1_SendChar
                0x0000a298       0xe0 ./Generated_Code/AS1.o
                0x0000a298                AS1_SendChar
 .text.AS1_SendBlock
                0x0000a378      0x148 ./Generated_Code/AS1.o
                0x0000a378                AS1_SendBlock
 .text.AS1_ClearRxBuf
                0x0000a4c0       0x78 ./Generated_Code/AS1.o
                0x0000a4c0                AS1_ClearRxBuf
 .text.AS1_SetBaudRateMode
                0x0000a538       0x38 ./Generated_Code/AS1.o
                0x0000a538                AS1_SetBaudRateMode
 .text.AS1_Init
                0x0000a570       0x60 ./Generated_Code/AS1.o
                0x0000a570                AS1_Init
 .text.ASerialLdd1_OnBlockReceived
                0x0000a5d0       0xd4 ./Generated_Code/AS1.o
                0x0000a5d0                ASerialLdd1_OnBlockReceived
 .text.ASerialLdd1_OnBlockSent
                0x0000a6a4       0xd8 ./Generated_Code/AS1.o
                0x0000a6a4                ASerialLdd1_OnBlockSent
 .text.ASerialLdd1_OnError
                0x0000a77c       0x9c ./Generated_Code/AS1.o
                0x0000a77c                ASerialLdd1_OnError
 .text.ASerialLdd1_OnTxComplete
                0x0000a818       0x14 ./Generated_Code/AS1.o
                0x0000a818                ASerialLdd1_OnTxComplete
 .text.ASerialLdd1_OnBreak
                0x0000a82c       0x24 ./Generated_Code/AS1.o
                0x0000a82c                ASerialLdd1_OnBreak
 .text.ASerialLdd1_Init
                0x0000a850      0x1d4 ./Generated_Code/ASerialLdd1.o
                0x0000a850                ASerialLdd1_Init
 .text.ASerialLdd1_ReceiveBlock
                0x0000aa24       0x90 ./Generated_Code/ASerialLdd1.o
                0x0000aa24                ASerialLdd1_ReceiveBlock
 .text.ASerialLdd1_SendBlock
                0x0000aab4       0xbc ./Generated_Code/ASerialLdd1.o
                0x0000aab4                ASerialLdd1_SendBlock
 .text.ASerialLdd1_SelectBaudRate
                0x0000ab70       0x9c ./Generated_Code/ASerialLdd1.o
                0x0000ab70                ASerialLdd1_SelectBaudRate
 .text.InterruptRx
                0x0000ac0c       0x58 ./Generated_Code/ASerialLdd1.o
 .text.InterruptTx
                0x0000ac64       0x9c ./Generated_Code/ASerialLdd1.o
 .text.ASerialLdd1_Interrupt
                0x0000ad00      0x130 ./Generated_Code/ASerialLdd1.o
                0x0000ad00                ASerialLdd1_Interrupt
 .text.ASerialLdd1_GetError
                0x0000ae30       0x70 ./Generated_Code/ASerialLdd1.o
                0x0000ae30                ASerialLdd1_GetError
 .text.BitIoLdd1_Init
                0x0000aea0       0x64 ./Generated_Code/BitIoLdd1.o
                0x0000aea0                BitIoLdd1_Init
 .text.BitIoLdd2_Init
                0x0000af04       0x64 ./Generated_Code/BitIoLdd2.o
                0x0000af04                BitIoLdd2_Init
 .text.BitIoLdd2_ClrVal
                0x0000af68       0x1c ./Generated_Code/BitIoLdd2.o
                0x0000af68                BitIoLdd2_ClrVal
 .text.BitIoLdd2_SetVal
                0x0000af84       0x1c ./Generated_Code/BitIoLdd2.o
                0x0000af84                BitIoLdd2_SetVal
 .text.BitIoLdd3_Init
                0x0000afa0       0x64 ./Generated_Code/BitIoLdd3.o
                0x0000afa0                BitIoLdd3_Init
 .text.BitIoLdd3_ClrVal
                0x0000b004       0x1c ./Generated_Code/BitIoLdd3.o
                0x0000b004                BitIoLdd3_ClrVal
 .text.BitIoLdd3_SetVal
                0x0000b020       0x1c ./Generated_Code/BitIoLdd3.o
                0x0000b020                BitIoLdd3_SetVal
 .text.BitIoLdd4_Init
                0x0000b03c       0x64 ./Generated_Code/BitIoLdd4.o
                0x0000b03c                BitIoLdd4_Init
 .text.BitIoLdd4_ClrVal
                0x0000b0a0       0x1c ./Generated_Code/BitIoLdd4.o
                0x0000b0a0                BitIoLdd4_ClrVal
 .text.BitIoLdd4_SetVal
                0x0000b0bc       0x1c ./Generated_Code/BitIoLdd4.o
                0x0000b0bc                BitIoLdd4_SetVal
 .text.BitIoLdd5_Init
                0x0000b0d8       0x64 ./Generated_Code/BitIoLdd5.o
                0x0000b0d8                BitIoLdd5_Init
 .text.BitIoLdd5_ClrVal
                0x0000b13c       0x1c ./Generated_Code/BitIoLdd5.o
                0x0000b13c                BitIoLdd5_ClrVal
 .text.BitIoLdd6_Init
                0x0000b158       0x64 ./Generated_Code/BitIoLdd6.o
                0x0000b158                BitIoLdd6_Init
 .text.BitIoLdd6_ClrVal
                0x0000b1bc       0x20 ./Generated_Code/BitIoLdd6.o
                0x0000b1bc                BitIoLdd6_ClrVal
 .text.BitIoLdd6_SetVal
                0x0000b1dc       0x20 ./Generated_Code/BitIoLdd6.o
                0x0000b1dc                BitIoLdd6_SetVal
 .text.BitIoLdd7_Init
                0x0000b1fc       0x64 ./Generated_Code/BitIoLdd7.o
                0x0000b1fc                BitIoLdd7_Init
 .text.BitIoLdd7_ClrVal
                0x0000b260       0x1c ./Generated_Code/BitIoLdd7.o
                0x0000b260                BitIoLdd7_ClrVal
 .text.BitIoLdd7_SetVal
                0x0000b27c       0x1c ./Generated_Code/BitIoLdd7.o
                0x0000b27c                BitIoLdd7_SetVal
 .text.BitIoLdd8_Init
                0x0000b298       0x64 ./Generated_Code/BitIoLdd8.o
                0x0000b298                BitIoLdd8_Init
 .text.BitIoLdd8_ClrVal
                0x0000b2fc       0x1c ./Generated_Code/BitIoLdd8.o
                0x0000b2fc                BitIoLdd8_ClrVal
 .text.BitIoLdd8_SetVal
                0x0000b318       0x1c ./Generated_Code/BitIoLdd8.o
                0x0000b318                BitIoLdd8_SetVal
 .text.Cpu_ivINT_PORTC
                0x0000b334       0x30 ./Generated_Code/Cpu.o
                0x0000b334                Cpu_ivINT_PORTC
 .text.Cpu_ivINT_NMI
                0x0000b364       0x18 ./Generated_Code/Cpu.o
                0x0000b364                Cpu_ivINT_NMI
 .text.Cpu_ivINT_Hard_Fault
                0x0000b37c       0x18 ./Generated_Code/Cpu.o
                0x0000b37c                Cpu_ivINT_Hard_Fault
 .text.Cpu_ivINT_Mem_Manage_Fault
                0x0000b394       0x18 ./Generated_Code/Cpu.o
                0x0000b394                Cpu_ivINT_Mem_Manage_Fault
 .text.Cpu_ivINT_Bus_Fault
                0x0000b3ac       0x18 ./Generated_Code/Cpu.o
                0x0000b3ac                Cpu_ivINT_Bus_Fault
 .text.Cpu_ivINT_Usage_Fault
                0x0000b3c4       0x18 ./Generated_Code/Cpu.o
                0x0000b3c4                Cpu_ivINT_Usage_Fault
 .text.Cpu_ivINT_Reserved7
                0x0000b3dc       0x18 ./Generated_Code/Cpu.o
                0x0000b3dc                Cpu_ivINT_Reserved7
 .text.Cpu_ivINT_Reserved8
                0x0000b3f4       0x18 ./Generated_Code/Cpu.o
                0x0000b3f4                Cpu_ivINT_Reserved8
 .text.Cpu_ivINT_Reserved9
                0x0000b40c       0x18 ./Generated_Code/Cpu.o
                0x0000b40c                Cpu_ivINT_Reserved9
 .text.Cpu_ivINT_Reserved10
                0x0000b424       0x18 ./Generated_Code/Cpu.o
                0x0000b424                Cpu_ivINT_Reserved10
 .text.Cpu_ivINT_SVCall
                0x0000b43c       0x18 ./Generated_Code/Cpu.o
                0x0000b43c                Cpu_ivINT_SVCall
 .text.Cpu_ivINT_DebugMonitor
                0x0000b454       0x18 ./Generated_Code/Cpu.o
                0x0000b454                Cpu_ivINT_DebugMonitor
 .text.Cpu_ivINT_Reserved13
                0x0000b46c       0x18 ./Generated_Code/Cpu.o
                0x0000b46c                Cpu_ivINT_Reserved13
 .text.Cpu_ivINT_PendableSrvReq
                0x0000b484       0x18 ./Generated_Code/Cpu.o
                0x0000b484                Cpu_ivINT_PendableSrvReq
 .text.Cpu_ivINT_SysTick
                0x0000b49c       0x18 ./Generated_Code/Cpu.o
                0x0000b49c                Cpu_ivINT_SysTick
 .text.Cpu_ivINT_DMA0
                0x0000b4b4       0x18 ./Generated_Code/Cpu.o
                0x0000b4b4                Cpu_ivINT_DMA0
 .text.Cpu_ivINT_DMA1
                0x0000b4cc       0x18 ./Generated_Code/Cpu.o
                0x0000b4cc                Cpu_ivINT_DMA1
 .text.Cpu_ivINT_DMA2
                0x0000b4e4       0x18 ./Generated_Code/Cpu.o
                0x0000b4e4                Cpu_ivINT_DMA2
 .text.Cpu_ivINT_DMA3
                0x0000b4fc       0x18 ./Generated_Code/Cpu.o
                0x0000b4fc                Cpu_ivINT_DMA3
 .text.Cpu_ivINT_DMA4
                0x0000b514       0x18 ./Generated_Code/Cpu.o
                0x0000b514                Cpu_ivINT_DMA4
 .text.Cpu_ivINT_DMA5
                0x0000b52c       0x18 ./Generated_Code/Cpu.o
                0x0000b52c                Cpu_ivINT_DMA5
 .text.Cpu_ivINT_DMA6
                0x0000b544       0x18 ./Generated_Code/Cpu.o
                0x0000b544                Cpu_ivINT_DMA6
 .text.Cpu_ivINT_DMA7
                0x0000b55c       0x18 ./Generated_Code/Cpu.o
                0x0000b55c                Cpu_ivINT_DMA7
 .text.Cpu_ivINT_DMA8
                0x0000b574       0x18 ./Generated_Code/Cpu.o
                0x0000b574                Cpu_ivINT_DMA8
 .text.Cpu_ivINT_DMA9
                0x0000b58c       0x18 ./Generated_Code/Cpu.o
                0x0000b58c                Cpu_ivINT_DMA9
 .text.Cpu_ivINT_DMA10
                0x0000b5a4       0x18 ./Generated_Code/Cpu.o
                0x0000b5a4                Cpu_ivINT_DMA10
 .text.Cpu_ivINT_DMA11
                0x0000b5bc       0x18 ./Generated_Code/Cpu.o
                0x0000b5bc                Cpu_ivINT_DMA11
 .text.Cpu_ivINT_DMA12
                0x0000b5d4       0x18 ./Generated_Code/Cpu.o
                0x0000b5d4                Cpu_ivINT_DMA12
 .text.Cpu_ivINT_DMA13
                0x0000b5ec       0x18 ./Generated_Code/Cpu.o
                0x0000b5ec                Cpu_ivINT_DMA13
 .text.Cpu_ivINT_DMA14
                0x0000b604       0x18 ./Generated_Code/Cpu.o
                0x0000b604                Cpu_ivINT_DMA14
 .text.Cpu_ivINT_DMA15
                0x0000b61c       0x18 ./Generated_Code/Cpu.o
                0x0000b61c                Cpu_ivINT_DMA15
 .text.Cpu_ivINT_DMA_Error
                0x0000b634       0x18 ./Generated_Code/Cpu.o
                0x0000b634                Cpu_ivINT_DMA_Error
 .text.Cpu_ivINT_MCM
                0x0000b64c       0x18 ./Generated_Code/Cpu.o
                0x0000b64c                Cpu_ivINT_MCM
 .text.Cpu_ivINT_FTFL
                0x0000b664       0x18 ./Generated_Code/Cpu.o
                0x0000b664                Cpu_ivINT_FTFL
 .text.Cpu_ivINT_Read_Collision
                0x0000b67c       0x18 ./Generated_Code/Cpu.o
                0x0000b67c                Cpu_ivINT_Read_Collision
 .text.Cpu_ivINT_LVD_LVW
                0x0000b694       0x18 ./Generated_Code/Cpu.o
                0x0000b694                Cpu_ivINT_LVD_LVW
 .text.Cpu_ivINT_LLW
                0x0000b6ac       0x18 ./Generated_Code/Cpu.o
                0x0000b6ac                Cpu_ivINT_LLW
 .text.Cpu_ivINT_Watchdog
                0x0000b6c4       0x18 ./Generated_Code/Cpu.o
                0x0000b6c4                Cpu_ivINT_Watchdog
 .text.Cpu_ivINT_Reserved39
                0x0000b6dc       0x18 ./Generated_Code/Cpu.o
                0x0000b6dc                Cpu_ivINT_Reserved39
 .text.Cpu_ivINT_I2C1
                0x0000b6f4       0x18 ./Generated_Code/Cpu.o
                0x0000b6f4                Cpu_ivINT_I2C1
 .text.Cpu_ivINT_SPI0
                0x0000b70c       0x18 ./Generated_Code/Cpu.o
                0x0000b70c                Cpu_ivINT_SPI0
 .text.Cpu_ivINT_SPI1
                0x0000b724       0x18 ./Generated_Code/Cpu.o
                0x0000b724                Cpu_ivINT_SPI1
 .text.Cpu_ivINT_Reserved44
                0x0000b73c       0x18 ./Generated_Code/Cpu.o
                0x0000b73c                Cpu_ivINT_Reserved44
 .text.Cpu_ivINT_CAN0_ORed_Message_buffer
                0x0000b754       0x18 ./Generated_Code/Cpu.o
                0x0000b754                Cpu_ivINT_CAN0_ORed_Message_buffer
 .text.Cpu_ivINT_CAN0_Bus_Off
                0x0000b76c       0x18 ./Generated_Code/Cpu.o
                0x0000b76c                Cpu_ivINT_CAN0_Bus_Off
 .text.Cpu_ivINT_CAN0_Error
                0x0000b784       0x18 ./Generated_Code/Cpu.o
                0x0000b784                Cpu_ivINT_CAN0_Error
 .text.Cpu_ivINT_CAN0_Tx_Warning
                0x0000b79c       0x18 ./Generated_Code/Cpu.o
                0x0000b79c                Cpu_ivINT_CAN0_Tx_Warning
 .text.Cpu_ivINT_CAN0_Rx_Warning
                0x0000b7b4       0x18 ./Generated_Code/Cpu.o
                0x0000b7b4                Cpu_ivINT_CAN0_Rx_Warning
 .text.Cpu_ivINT_CAN0_Wake_Up
                0x0000b7cc       0x18 ./Generated_Code/Cpu.o
                0x0000b7cc                Cpu_ivINT_CAN0_Wake_Up
 .text.Cpu_ivINT_I2S0_Tx
                0x0000b7e4       0x18 ./Generated_Code/Cpu.o
                0x0000b7e4                Cpu_ivINT_I2S0_Tx
 .text.Cpu_ivINT_I2S0_Rx
                0x0000b7fc       0x18 ./Generated_Code/Cpu.o
                0x0000b7fc                Cpu_ivINT_I2S0_Rx
 .text.Cpu_ivINT_Reserved53
                0x0000b814       0x18 ./Generated_Code/Cpu.o
                0x0000b814                Cpu_ivINT_Reserved53
 .text.Cpu_ivINT_Reserved54
                0x0000b82c       0x18 ./Generated_Code/Cpu.o
                0x0000b82c                Cpu_ivINT_Reserved54
 .text.Cpu_ivINT_Reserved55
                0x0000b844       0x18 ./Generated_Code/Cpu.o
                0x0000b844                Cpu_ivINT_Reserved55
 .text.Cpu_ivINT_Reserved56
                0x0000b85c       0x18 ./Generated_Code/Cpu.o
                0x0000b85c                Cpu_ivINT_Reserved56
 .text.Cpu_ivINT_Reserved57
                0x0000b874       0x18 ./Generated_Code/Cpu.o
                0x0000b874                Cpu_ivINT_Reserved57
 .text.Cpu_ivINT_Reserved58
                0x0000b88c       0x18 ./Generated_Code/Cpu.o
                0x0000b88c                Cpu_ivINT_Reserved58
 .text.Cpu_ivINT_Reserved59
                0x0000b8a4       0x18 ./Generated_Code/Cpu.o
                0x0000b8a4                Cpu_ivINT_Reserved59
 .text.Cpu_ivINT_UART0_LON
                0x0000b8bc       0x18 ./Generated_Code/Cpu.o
                0x0000b8bc                Cpu_ivINT_UART0_LON
 .text.Cpu_ivINT_UART1_RX_TX
                0x0000b8d4       0x18 ./Generated_Code/Cpu.o
                0x0000b8d4                Cpu_ivINT_UART1_RX_TX
 .text.Cpu_ivINT_UART1_ERR
                0x0000b8ec       0x18 ./Generated_Code/Cpu.o
                0x0000b8ec                Cpu_ivINT_UART1_ERR
 .text.Cpu_ivINT_UART2_RX_TX
                0x0000b904       0x18 ./Generated_Code/Cpu.o
                0x0000b904                Cpu_ivINT_UART2_RX_TX
 .text.Cpu_ivINT_UART2_ERR
                0x0000b91c       0x18 ./Generated_Code/Cpu.o
                0x0000b91c                Cpu_ivINT_UART2_ERR
 .text.Cpu_ivINT_UART3_RX_TX
                0x0000b934       0x18 ./Generated_Code/Cpu.o
                0x0000b934                Cpu_ivINT_UART3_RX_TX
 .text.Cpu_ivINT_UART3_ERR
                0x0000b94c       0x18 ./Generated_Code/Cpu.o
                0x0000b94c                Cpu_ivINT_UART3_ERR
 .text.Cpu_ivINT_Reserved69
                0x0000b964       0x18 ./Generated_Code/Cpu.o
                0x0000b964                Cpu_ivINT_Reserved69
 .text.Cpu_ivINT_Reserved70
                0x0000b97c       0x18 ./Generated_Code/Cpu.o
                0x0000b97c                Cpu_ivINT_Reserved70
 .text.Cpu_ivINT_Reserved71
                0x0000b994       0x18 ./Generated_Code/Cpu.o
                0x0000b994                Cpu_ivINT_Reserved71
 .text.Cpu_ivINT_Reserved72
                0x0000b9ac       0x18 ./Generated_Code/Cpu.o
                0x0000b9ac                Cpu_ivINT_Reserved72
 .text.Cpu_ivINT_ADC0
                0x0000b9c4       0x18 ./Generated_Code/Cpu.o
                0x0000b9c4                Cpu_ivINT_ADC0
 .text.Cpu_ivINT_ADC1
                0x0000b9dc       0x18 ./Generated_Code/Cpu.o
                0x0000b9dc                Cpu_ivINT_ADC1
 .text.Cpu_ivINT_CMP0
                0x0000b9f4       0x18 ./Generated_Code/Cpu.o
                0x0000b9f4                Cpu_ivINT_CMP0
 .text.Cpu_ivINT_CMP1
                0x0000ba0c       0x18 ./Generated_Code/Cpu.o
                0x0000ba0c                Cpu_ivINT_CMP1
 .text.Cpu_ivINT_CMP2
                0x0000ba24       0x18 ./Generated_Code/Cpu.o
                0x0000ba24                Cpu_ivINT_CMP2
 .text.Cpu_ivINT_CMT
                0x0000ba3c       0x18 ./Generated_Code/Cpu.o
                0x0000ba3c                Cpu_ivINT_CMT
 .text.Cpu_ivINT_RTC
                0x0000ba54       0x18 ./Generated_Code/Cpu.o
                0x0000ba54                Cpu_ivINT_RTC
 .text.Cpu_ivINT_RTC_Seconds
                0x0000ba6c       0x18 ./Generated_Code/Cpu.o
                0x0000ba6c                Cpu_ivINT_RTC_Seconds
 .text.Cpu_ivINT_PIT0
                0x0000ba84       0x18 ./Generated_Code/Cpu.o
                0x0000ba84                Cpu_ivINT_PIT0
 .text.Cpu_ivINT_PIT1
                0x0000ba9c       0x18 ./Generated_Code/Cpu.o
                0x0000ba9c                Cpu_ivINT_PIT1
 .text.Cpu_ivINT_PIT2
                0x0000bab4       0x18 ./Generated_Code/Cpu.o
                0x0000bab4                Cpu_ivINT_PIT2
 .text.Cpu_ivINT_PIT3
                0x0000bacc       0x18 ./Generated_Code/Cpu.o
                0x0000bacc                Cpu_ivINT_PIT3
 .text.Cpu_ivINT_PDB0
                0x0000bae4       0x18 ./Generated_Code/Cpu.o
                0x0000bae4                Cpu_ivINT_PDB0
 .text.Cpu_ivINT_USB0
                0x0000bafc       0x18 ./Generated_Code/Cpu.o
                0x0000bafc                Cpu_ivINT_USB0
 .text.Cpu_ivINT_USBDCD
                0x0000bb14       0x18 ./Generated_Code/Cpu.o
                0x0000bb14                Cpu_ivINT_USBDCD
 .text.Cpu_ivINT_Reserved91
                0x0000bb2c       0x18 ./Generated_Code/Cpu.o
                0x0000bb2c                Cpu_ivINT_Reserved91
 .text.Cpu_ivINT_Reserved92
                0x0000bb44       0x18 ./Generated_Code/Cpu.o
                0x0000bb44                Cpu_ivINT_Reserved92
 .text.Cpu_ivINT_Reserved93
                0x0000bb5c       0x18 ./Generated_Code/Cpu.o
                0x0000bb5c                Cpu_ivINT_Reserved93
 .text.Cpu_ivINT_Reserved94
                0x0000bb74       0x18 ./Generated_Code/Cpu.o
                0x0000bb74                Cpu_ivINT_Reserved94
 .text.Cpu_ivINT_Reserved95
                0x0000bb8c       0x18 ./Generated_Code/Cpu.o
                0x0000bb8c                Cpu_ivINT_Reserved95
 .text.Cpu_ivINT_Reserved96
                0x0000bba4       0x18 ./Generated_Code/Cpu.o
                0x0000bba4                Cpu_ivINT_Reserved96
 .text.Cpu_ivINT_DAC0
                0x0000bbbc       0x18 ./Generated_Code/Cpu.o
                0x0000bbbc                Cpu_ivINT_DAC0
 .text.Cpu_ivINT_Reserved98
                0x0000bbd4       0x18 ./Generated_Code/Cpu.o
                0x0000bbd4                Cpu_ivINT_Reserved98
 .text.Cpu_ivINT_TSI0
                0x0000bbec       0x18 ./Generated_Code/Cpu.o
                0x0000bbec                Cpu_ivINT_TSI0
 .text.Cpu_ivINT_MCG
                0x0000bc04       0x18 ./Generated_Code/Cpu.o
                0x0000bc04                Cpu_ivINT_MCG
 .text.Cpu_ivINT_LPTimer
                0x0000bc1c       0x18 ./Generated_Code/Cpu.o
                0x0000bc1c                Cpu_ivINT_LPTimer
 .text.Cpu_ivINT_Reserved102
                0x0000bc34       0x18 ./Generated_Code/Cpu.o
                0x0000bc34                Cpu_ivINT_Reserved102
 .text.Cpu_ivINT_PORTA
                0x0000bc4c       0x18 ./Generated_Code/Cpu.o
                0x0000bc4c                Cpu_ivINT_PORTA
 .text.Cpu_ivINT_PORTB
                0x0000bc64       0x18 ./Generated_Code/Cpu.o
                0x0000bc64                Cpu_ivINT_PORTB
 .text.Cpu_ivINT_PORTD
                0x0000bc7c       0x18 ./Generated_Code/Cpu.o
                0x0000bc7c                Cpu_ivINT_PORTD
 .text.Cpu_ivINT_PORTE
                0x0000bc94       0x18 ./Generated_Code/Cpu.o
                0x0000bc94                Cpu_ivINT_PORTE
 .text.Cpu_ivINT_Reserved108
                0x0000bcac       0x18 ./Generated_Code/Cpu.o
                0x0000bcac                Cpu_ivINT_Reserved108
 .text.Cpu_ivINT_Reserved109
                0x0000bcc4       0x18 ./Generated_Code/Cpu.o
                0x0000bcc4                Cpu_ivINT_Reserved109
 .text.Cpu_ivINT_SWI
                0x0000bcdc       0x18 ./Generated_Code/Cpu.o
                0x0000bcdc                Cpu_ivINT_SWI
 .text.__init_hardware
                0x0000bcf4      0x140 ./Generated_Code/Cpu.o
                0x0000bcf4                __init_hardware
 .text.Cpu_SetBASEPRI
                0x0000be34       0x18 ./Generated_Code/Cpu.o
                0x0000be34                Cpu_SetBASEPRI
 .text.PE_low_level_init
                0x0000be4c       0xec ./Generated_Code/Cpu.o
                0x0000be4c                PE_low_level_init
 .text.ENCODER_Init
                0x0000bf38       0xac ./Generated_Code/ENCODER.o
                0x0000bf38                ENCODER_Init
 .text.ENCODER_GetFieldValue
                0x0000bfe4       0x40 ./Generated_Code/ENCODER.o
                0x0000bfe4                ENCODER_GetFieldValue
 .text.ENCODER_Interrupt
                0x0000c024       0x4c ./Generated_Code/ENCODER.o
                0x0000c024                ENCODER_Interrupt
 .text.ExtIntLdd1_OnInterrupt
                0x0000c070       0x14 ./Generated_Code/ENCODER_PUSH.o
                0x0000c070                ExtIntLdd1_OnInterrupt
 .text.ExtIntLdd1_Init
                0x0000c084       0x80 ./Generated_Code/ExtIntLdd1.o
                0x0000c084                ExtIntLdd1_Init
 .text.ExtIntLdd1_Interrupt
                0x0000c104       0x3c ./Generated_Code/ExtIntLdd1.o
                0x0000c104                ExtIntLdd1_Interrupt
 .text.ExtIntLdd1_GetVal
                0x0000c140       0x2c ./Generated_Code/ExtIntLdd1.o
                0x0000c140                ExtIntLdd1_GetVal
 .text.ExtIntLdd2_Init
                0x0000c16c       0x80 ./Generated_Code/ExtIntLdd2.o
                0x0000c16c                ExtIntLdd2_Init
 .text.ExtIntLdd2_Interrupt
                0x0000c1ec       0x3c ./Generated_Code/ExtIntLdd2.o
                0x0000c1ec                ExtIntLdd2_Interrupt
 .text.ExtIntLdd2_GetVal
                0x0000c228       0x2c ./Generated_Code/ExtIntLdd2.o
                0x0000c228                ExtIntLdd2_GetVal
 .text.ExtIntLdd3_Init
                0x0000c254       0x80 ./Generated_Code/ExtIntLdd3.o
                0x0000c254                ExtIntLdd3_Init
 .text.ExtIntLdd3_Interrupt
                0x0000c2d4       0x3c ./Generated_Code/ExtIntLdd3.o
                0x0000c2d4                ExtIntLdd3_Interrupt
 .text.ExtIntLdd3_GetVal
                0x0000c310       0x2c ./Generated_Code/ExtIntLdd3.o
                0x0000c310                ExtIntLdd3_GetVal
 .text.ExtIntLdd4_Init
                0x0000c33c       0x7c ./Generated_Code/ExtIntLdd4.o
                0x0000c33c                ExtIntLdd4_Init
 .text.ExtIntLdd4_Interrupt
                0x0000c3b8       0x3c ./Generated_Code/ExtIntLdd4.o
                0x0000c3b8                ExtIntLdd4_Interrupt
 .text.ExtIntLdd5_Init
                0x0000c3f4       0x7c ./Generated_Code/ExtIntLdd5.o
                0x0000c3f4                ExtIntLdd5_Init
 .text.ExtIntLdd5_Interrupt
                0x0000c470       0x3c ./Generated_Code/ExtIntLdd5.o
                0x0000c470                ExtIntLdd5_Interrupt
 .text.I2C0_SendChar
                0x0000c4ac       0x2c ./Generated_Code/I2C0.o
                0x0000c4ac                I2C0_SendChar
 .text.I2C0_SendBlock
                0x0000c4d8       0xc0 ./Generated_Code/I2C0.o
                0x0000c4d8                I2C0_SendBlock
 .text.I2C0_SelectSlave
                0x0000c598       0x34 ./Generated_Code/I2C0.o
                0x0000c598                I2C0_SelectSlave
 .text.I2C0_Init
                0x0000c5cc       0x20 ./Generated_Code/I2C0.o
                0x0000c5cc                I2C0_Init
 .text.IntI2cLdd1_OnMasterBlockSent
                0x0000c5ec       0x14 ./Generated_Code/I2C0.o
                0x0000c5ec                IntI2cLdd1_OnMasterBlockSent
 .text.IntI2cLdd1_OnMasterBlockReceived
                0x0000c600       0x14 ./Generated_Code/I2C0.o
                0x0000c600                IntI2cLdd1_OnMasterBlockReceived
 .text.IntI2cLdd1_OnError
                0x0000c614       0x30 ./Generated_Code/I2C0.o
                0x0000c614                IntI2cLdd1_OnError
 .text.IFsh1_GetFlash
                0x0000c644       0x84 ./Generated_Code/IFsh1.o
                0x0000c644                IFsh1_GetFlash
 .text.IFsh1_SetFlash
                0x0000c6c8      0x1a8 ./Generated_Code/IFsh1.o
                0x0000c6c8                IFsh1_SetFlash
 .text.IFsh1_Init
                0x0000c870       0x2c ./Generated_Code/IFsh1.o
                0x0000c870                IFsh1_Init
 .text.IFsh1_SetByteFlash
                0x0000c89c       0x24 ./Generated_Code/IFsh1.o
                0x0000c89c                IFsh1_SetByteFlash
 .text.IFsh1_GetByteFlash
                0x0000c8c0       0x20 ./Generated_Code/IFsh1.o
                0x0000c8c0                IFsh1_GetByteFlash
 .text.IFsh1_SetLongFlash
                0x0000c8e0       0x20 ./Generated_Code/IFsh1.o
                0x0000c8e0                IFsh1_SetLongFlash
 .text.IFsh1_GetLongFlash
                0x0000c900       0x20 ./Generated_Code/IFsh1.o
                0x0000c900                IFsh1_GetLongFlash
 .text.IntFlashLdd1_OnOperationComplete
                0x0000c920      0x190 ./Generated_Code/IFsh1.o
                0x0000c920                IntFlashLdd1_OnOperationComplete
 .text.IntFlashLdd1_OnError
                0x0000cab0       0x54 ./Generated_Code/IFsh1.o
                0x0000cab0                IntFlashLdd1_OnError
 .text.IntFlashLdd1_Init
                0x0000cb04       0x64 ./Generated_Code/IntFlashLdd1.o
                0x0000cb04                IntFlashLdd1_Init
 .text.IntFlashLdd1_Write
                0x0000cb68       0x74 ./Generated_Code/IntFlashLdd1.o
                0x0000cb68                IntFlashLdd1_Write
 .text.IntFlashLdd1_Read
                0x0000cbdc       0x70 ./Generated_Code/IntFlashLdd1.o
                0x0000cbdc                IntFlashLdd1_Read
 .text.IntFlashLdd1_Erase
                0x0000cc4c       0x94 ./Generated_Code/IntFlashLdd1.o
                0x0000cc4c                IntFlashLdd1_Erase
 .text.IntFlashLdd1_Main
                0x0000cce0      0x2f4 ./Generated_Code/IntFlashLdd1.o
                0x0000cce0                IntFlashLdd1_Main
 .text.IntFlashLdd1_GetError
                0x0000cfd4       0x90 ./Generated_Code/IntFlashLdd1.o
                0x0000cfd4                IntFlashLdd1_GetError
 .text.RangeCheck
                0x0000d064       0x38 ./Generated_Code/IntFlashLdd1.o
 .text.SafeRoutineCaller
                0x0000d09c       0x94 ./Generated_Code/IntFlashLdd1.o
 .text.IntI2cLdd1_Interrupt
                0x0000d130      0x2d4 ./Generated_Code/IntI2cLdd1.o
                0x0000d130                IntI2cLdd1_Interrupt
 .text.IntI2cLdd1_Init
                0x0000d404      0x13c ./Generated_Code/IntI2cLdd1.o
                0x0000d404                IntI2cLdd1_Init
 .text.IntI2cLdd1_MasterSendBlock
                0x0000d540      0x190 ./Generated_Code/IntI2cLdd1.o
                0x0000d540                IntI2cLdd1_MasterSendBlock
 .text.IntI2cLdd1_SelectSlaveDevice
                0x0000d6d0       0xf0 ./Generated_Code/IntI2cLdd1.o
                0x0000d6d0                IntI2cLdd1_SelectSlaveDevice
 .text.IntI2cLdd1_GetError
                0x0000d7c0       0x70 ./Generated_Code/IntI2cLdd1.o
                0x0000d7c0                IntI2cLdd1_GetError
 .text.ExtIntLdd3_OnInterrupt
                0x0000d830       0x14 ./Generated_Code/LEVER_DIR1.o
                0x0000d830                ExtIntLdd3_OnInterrupt
 .text.ExtIntLdd2_OnInterrupt
                0x0000d844       0x14 ./Generated_Code/LEVER_DIR2.o
                0x0000d844                ExtIntLdd2_OnInterrupt
 .text.ExtIntLdd5_OnInterrupt
                0x0000d858       0x14 ./Generated_Code/PUSH_BUTTON_REC.o
                0x0000d858                ExtIntLdd5_OnInterrupt
 .text.ExtIntLdd4_OnInterrupt
                0x0000d86c       0x14 ./Generated_Code/PUSH_BUTTON_SEND.o
                0x0000d86c                ExtIntLdd4_OnInterrupt
 .text.TU1_Init
                0x0000d880       0xb0 ./Generated_Code/TU1.o
                0x0000d880                TU1_Init
 .text.TU1_Enable
                0x0000d930       0x30 ./Generated_Code/TU1.o
                0x0000d930                TU1_Enable
 .text.TU1_Disable
                0x0000d960       0x28 ./Generated_Code/TU1.o
                0x0000d960                TU1_Disable
 .text.TU1_Interrupt
                0x0000d988       0x6c ./Generated_Code/TU1.o
                0x0000d988                TU1_Interrupt
 .text.T_100ms_Init
                0x0000d9f4       0xb0 ./Generated_Code/T_100ms.o
                0x0000d9f4                T_100ms_Init
 .text.T_100ms_Enable
                0x0000daa4       0x30 ./Generated_Code/T_100ms.o
                0x0000daa4                T_100ms_Enable
 .text.T_100ms_Disable
                0x0000dad4       0x28 ./Generated_Code/T_100ms.o
                0x0000dad4                T_100ms_Disable
 .text.T_100ms_Interrupt
                0x0000dafc       0x6c ./Generated_Code/T_100ms.o
                0x0000dafc                T_100ms_Interrupt
 .text.T_500ms_Init
                0x0000db68       0xcc ./Generated_Code/T_500ms.o
                0x0000db68                T_500ms_Init
 .text.T_500ms_Interrupt
                0x0000dc34       0x6c ./Generated_Code/T_500ms.o
                0x0000dc34                T_500ms_Interrupt
 .text.WAIT1_Wait10Cycles
                0x0000dca0        0x8 ./Generated_Code/WAIT1.o
                0x0000dca0                WAIT1_Wait10Cycles
 .text.WAIT1_Wait100Cycles
                0x0000dca8       0x1c ./Generated_Code/WAIT1.o
                0x0000dca8                WAIT1_Wait100Cycles
 .text.WAIT1_WaitCycles
                0x0000dcc4       0x34 ./Generated_Code/WAIT1.o
                0x0000dcc4                WAIT1_WaitCycles
 .text.WAIT1_WaitLongCycles
                0x0000dcf8       0x38 ./Generated_Code/WAIT1.o
                0x0000dcf8                WAIT1_WaitLongCycles
 .text.WAIT1_Waitms
                0x0000dd30       0x2c ./Generated_Code/WAIT1.o
                0x0000dd30                WAIT1_Waitms
 .text.round    0x0000dd5c       0x9c c:/freescale/kds_v3/toolchain/bin/../lib/gcc/arm-none-eabi/4.8.4/../../../../arm-none-eabi/lib/armv7e-m\libm.a(lib_a-s_round.o)
                0x0000dd5c                round
 .text.pow      0x0000ddf8      0x2f8 c:/freescale/kds_v3/toolchain/bin/../lib/gcc/arm-none-eabi/4.8.4/../../../../arm-none-eabi/lib/armv7e-m\libm.a(lib_a-w_pow.o)
                0x0000ddf8                pow
 .text.__ieee754_pow
                0x0000e0f0      0xa78 c:/freescale/kds_v3/toolchain/bin/../lib/gcc/arm-none-eabi/4.8.4/../../../../arm-none-eabi/lib/armv7e-m\libm.a(lib_a-e_pow.o)
                0x0000e0f0                __ieee754_pow
 .text.__ieee754_sqrt
                0x0000eb68      0x180 c:/freescale/kds_v3/toolchain/bin/../lib/gcc/arm-none-eabi/4.8.4/../../../../arm-none-eabi/lib/armv7e-m\libm.a(lib_a-e_sqrt.o)
                0x0000eb68                __ieee754_sqrt
 .text.fabs     0x0000ece8        0x8 c:/freescale/kds_v3/toolchain/bin/../lib/gcc/arm-none-eabi/4.8.4/../../../../arm-none-eabi/lib/armv7e-m\libm.a(lib_a-s_fabs.o)
                0x0000ece8                fabs
 .text.finite   0x0000ecf0        0xc c:/freescale/kds_v3/toolchain/bin/../lib/gcc/arm-none-eabi/4.8.4/../../../../arm-none-eabi/lib/armv7e-m\libm.a(lib_a-s_finite.o)
                0x0000ecf0                finite
 .text.__fpclassifyd
                0x0000ecfc       0x50 c:/freescale/kds_v3/toolchain/bin/../lib/gcc/arm-none-eabi/4.8.4/../../../../arm-none-eabi/lib/armv7e-m\libm.a(lib_a-s_fpclassify.o)
                0x0000ecfc                __fpclassifyd
 .text.matherr  0x0000ed4c        0x4 c:/freescale/kds_v3/toolchain/bin/../lib/gcc/arm-none-eabi/4.8.4/../../../../arm-none-eabi/lib/armv7e-m\libm.a(lib_a-s_matherr.o)
                0x0000ed4c                matherr
 .text.nan      0x0000ed50        0xc c:/freescale/kds_v3/toolchain/bin/../lib/gcc/arm-none-eabi/4.8.4/../../../../arm-none-eabi/lib/armv7e-m\libm.a(lib_a-s_nan.o)
                0x0000ed50                nan
 .text.rint     0x0000ed5c      0x118 c:/freescale/kds_v3/toolchain/bin/../lib/gcc/arm-none-eabi/4.8.4/../../../../arm-none-eabi/lib/armv7e-m\libm.a(lib_a-s_rint.o)
                0x0000ed5c                rint
 *fill*         0x0000ee74        0x4 
 .text.scalbn   0x0000ee78      0x118 c:/freescale/kds_v3/toolchain/bin/../lib/gcc/arm-none-eabi/4.8.4/../../../../arm-none-eabi/lib/armv7e-m\libm.a(lib_a-s_scalbn.o)
                0x0000ee78                scalbn
 .text.copysign
                0x0000ef90       0x14 c:/freescale/kds_v3/toolchain/bin/../lib/gcc/arm-none-eabi/4.8.4/../../../../arm-none-eabi/lib/armv7e-m\libm.a(lib_a-s_copysign.o)
                0x0000ef90                copysign
 .text.abort    0x0000efa4        0xe c:/freescale/kds_v3/toolchain/bin/../lib/gcc/arm-none-eabi/4.8.4/../../../../arm-none-eabi/lib/armv7e-m\libg_s.a(lib_a-abort.o)
                0x0000efa4                abort
 *fill*         0x0000efb2        0x2 
 .text.__errno  0x0000efb4        0xc c:/freescale/kds_v3/toolchain/bin/../lib/gcc/arm-none-eabi/4.8.4/../../../../arm-none-eabi/lib/armv7e-m\libg_s.a(lib_a-errno.o)
                0x0000efb4                __errno
 .text.exit     0x0000efc0       0x28 c:/freescale/kds_v3/toolchain/bin/../lib/gcc/arm-none-eabi/4.8.4/../../../../arm-none-eabi/lib/armv7e-m\libg_s.a(lib_a-exit.o)
                0x0000efc0                exit
 .text.__libc_init_array
                0x0000efe8       0x4c c:/freescale/kds_v3/toolchain/bin/../lib/gcc/arm-none-eabi/4.8.4/../../../../arm-none-eabi/lib/armv7e-m\libg_s.a(lib_a-init.o)
                0x0000efe8                __libc_init_array
 .text.memcpy   0x0000f034       0x12 c:/freescale/kds_v3/toolchain/bin/../lib/gcc/arm-none-eabi/4.8.4/../../../../arm-none-eabi/lib/armv7e-m\libg_s.a(lib_a-memcpy-stub.o)
                0x0000f034                memcpy
 .text.memset   0x0000f046       0x10 c:/freescale/kds_v3/toolchain/bin/../lib/gcc/arm-none-eabi/4.8.4/../../../../arm-none-eabi/lib/armv7e-m\libg_s.a(lib_a-memset.o)
                0x0000f046                memset
 .text._raise_r
                0x0000f056       0x50 c:/freescale/kds_v3/toolchain/bin/../lib/gcc/arm-none-eabi/4.8.4/../../../../arm-none-eabi/lib/armv7e-m\libg_s.a(lib_a-signal.o)
                0x0000f056                _raise_r
 *fill*         0x0000f0a6        0x2 
 .text.raise    0x0000f0a8       0x10 c:/freescale/kds_v3/toolchain/bin/../lib/gcc/arm-none-eabi/4.8.4/../../../../arm-none-eabi/lib/armv7e-m\libg_s.a(lib_a-signal.o)
                0x0000f0a8                raise
 .text._kill_r  0x0000f0b8       0x24 c:/freescale/kds_v3/toolchain/bin/../lib/gcc/arm-none-eabi/4.8.4/../../../../arm-none-eabi/lib/armv7e-m\libg_s.a(lib_a-signalr.o)
                0x0000f0b8                _kill_r
 .text._getpid_r
                0x0000f0dc        0x4 c:/freescale/kds_v3/toolchain/bin/../lib/gcc/arm-none-eabi/4.8.4/../../../../arm-none-eabi/lib/armv7e-m\libg_s.a(lib_a-signalr.o)
                0x0000f0dc                _getpid_r
 .text.strlen   0x0000f0e0       0x10 c:/freescale/kds_v3/toolchain/bin/../lib/gcc/arm-none-eabi/4.8.4/../../../../arm-none-eabi/lib/armv7e-m\libg_s.a(lib_a-strlen.o)
                0x0000f0e0                strlen
 .text._vsprintf_r
                0x0000f0f0       0x30 c:/freescale/kds_v3/toolchain/bin/../lib/gcc/arm-none-eabi/4.8.4/../../../../arm-none-eabi/lib/armv7e-m\libg_s.a(lib_a-vsprintf.o)
                0x0000f0f0                _vsprintf_r
                0x0000f0f0                _vsiprintf_r
 .text.vsprintf
                0x0000f120       0x1c c:/freescale/kds_v3/toolchain/bin/../lib/gcc/arm-none-eabi/4.8.4/../../../../arm-none-eabi/lib/armv7e-m\libg_s.a(lib_a-vsprintf.o)
                0x0000f120                vsiprintf
                0x0000f120                vsprintf
 .text._malloc_r
                0x0000f13c       0xa8 c:/freescale/kds_v3/toolchain/bin/../lib/gcc/arm-none-eabi/4.8.4/../../../../arm-none-eabi/lib/armv7e-m\libg_s.a(lib_a-nano-mallocr.o)
                0x0000f13c                _malloc_r
 .text._sbrk_r  0x0000f1e4       0x20 c:/freescale/kds_v3/toolchain/bin/../lib/gcc/arm-none-eabi/4.8.4/../../../../arm-none-eabi/lib/armv7e-m\libg_s.a(lib_a-sbrkr.o)
                0x0000f1e4                _sbrk_r
 .text.__ssputs_r
                0x0000f204       0xb8 c:/freescale/kds_v3/toolchain/bin/../lib/gcc/arm-none-eabi/4.8.4/../../../../arm-none-eabi/lib/armv7e-m\libg_s.a(lib_a-svfprintf.o)
                0x0000f204                __ssputs_r
 .text._svfprintf_r
                0x0000f2bc      0x1dc c:/freescale/kds_v3/toolchain/bin/../lib/gcc/arm-none-eabi/4.8.4/../../../../arm-none-eabi/lib/armv7e-m\libg_s.a(lib_a-svfprintf.o)
                0x0000f2bc                _svfiprintf_r
                0x0000f2bc                _svfprintf_r
 .text._printf_common
                0x0000f498       0xe4 c:/freescale/kds_v3/toolchain/bin/../lib/gcc/arm-none-eabi/4.8.4/../../../../arm-none-eabi/lib/armv7e-m\libg_s.a(lib_a-vfprintf_i.o)
                0x0000f498                _printf_common
 .text._printf_i
                0x0000f57c      0x228 c:/freescale/kds_v3/toolchain/bin/../lib/gcc/arm-none-eabi/4.8.4/../../../../arm-none-eabi/lib/armv7e-m\libg_s.a(lib_a-vfprintf_i.o)
                0x0000f57c                _printf_i
 .text.memchr   0x0000f7a4       0x1e c:/freescale/kds_v3/toolchain/bin/../lib/gcc/arm-none-eabi/4.8.4/../../../../arm-none-eabi/lib/armv7e-m\libg_s.a(lib_a-memchr-stub.o)
                0x0000f7a4                memchr
 .text.memmove  0x0000f7c2       0x36 c:/freescale/kds_v3/toolchain/bin/../lib/gcc/arm-none-eabi/4.8.4/../../../../arm-none-eabi/lib/armv7e-m\libg_s.a(lib_a-memmove.o)
                0x0000f7c2                memmove
 .text._free_r  0x0000f7f8       0x88 c:/freescale/kds_v3/toolchain/bin/../lib/gcc/arm-none-eabi/4.8.4/../../../../arm-none-eabi/lib/armv7e-m\libg_s.a(lib_a-nano-freer.o)
                0x0000f7f8                _free_r
 .text._realloc_r
                0x0000f880       0x4c c:/freescale/kds_v3/toolchain/bin/../lib/gcc/arm-none-eabi/4.8.4/../../../../arm-none-eabi/lib/armv7e-m\libg_s.a(lib_a-nano-reallocr.o)
                0x0000f880                _realloc_r
 .text._malloc_usable_size_r
                0x0000f8cc       0x12 c:/freescale/kds_v3/toolchain/bin/../lib/gcc/arm-none-eabi/4.8.4/../../../../arm-none-eabi/lib/armv7e-m\libg_s.a(lib_a-nano-msizer.o)
                0x0000f8cc                _malloc_usable_size_r
 *fill*         0x0000f8de        0x2 
 .text._getpid  0x0000f8e0       0x10 c:/freescale/kds_v3/toolchain/bin/../lib/gcc/arm-none-eabi/4.8.4/../../../../arm-none-eabi/lib/armv7e-m\libnosys.a(getpid.o)
                0x0000f8e0                _getpid
 .text._kill    0x0000f8f0       0x10 c:/freescale/kds_v3/toolchain/bin/../lib/gcc/arm-none-eabi/4.8.4/../../../../arm-none-eabi/lib/armv7e-m\libnosys.a(kill.o)
                0x0000f8f0                _kill
 .text._sbrk    0x0000f900       0x34 c:/freescale/kds_v3/toolchain/bin/../lib/gcc/arm-none-eabi/4.8.4/../../../../arm-none-eabi/lib/armv7e-m\libnosys.a(sbrk.o)
                0x0000f900                _sbrk
 .text._exit    0x0000f934        0x4 c:/freescale/kds_v3/toolchain/bin/../lib/gcc/arm-none-eabi/4.8.4/../../../../arm-none-eabi/lib/armv7e-m\libnosys.a(_exit.o)
                0x0000f934                _exit
 *(.rodata)
 .rodata        0x0000f938      0x66c ./Sources/display.o
 .rodata        0x0000ffa4       0x18 ./Sources/menu.o
 .rodata        0x0000ffbc      0x230 ./Sources/protocol.o
 .rodata        0x000101ec      0x230 ./Sources/send.o
 *(.rodata*)
 .rodata.ASerialLdd1_BaudAdjustValueSpeed0.6226
                0x0001041c        0x4 ./Generated_Code/ASerialLdd1.o
 .rodata.ASerialLdd1_BaudDivisorSpeed0.6227
                0x00010420        0x4 ./Generated_Code/ASerialLdd1.o
 .rodata.SafeRoutine
                0x00010424       0x30 ./Generated_Code/IntFlashLdd1.o
 .rodata.str1.4
                0x00010454        0x4 c:/freescale/kds_v3/toolchain/bin/../lib/gcc/arm-none-eabi/4.8.4/../../../../arm-none-eabi/lib/armv7e-m\libm.a(lib_a-w_pow.o)
 .rodata.dp_h   0x00010458       0x10 c:/freescale/kds_v3/toolchain/bin/../lib/gcc/arm-none-eabi/4.8.4/../../../../arm-none-eabi/lib/armv7e-m\libm.a(lib_a-e_pow.o)
 .rodata.dp_l   0x00010468       0x10 c:/freescale/kds_v3/toolchain/bin/../lib/gcc/arm-none-eabi/4.8.4/../../../../arm-none-eabi/lib/armv7e-m\libm.a(lib_a-e_pow.o)
 .rodata.bp     0x00010478       0x10 c:/freescale/kds_v3/toolchain/bin/../lib/gcc/arm-none-eabi/4.8.4/../../../../arm-none-eabi/lib/armv7e-m\libm.a(lib_a-e_pow.o)
 .rodata.str1.4
                0x00010488        0x4 c:/freescale/kds_v3/toolchain/bin/../lib/gcc/arm-none-eabi/4.8.4/../../../../arm-none-eabi/lib/armv7e-m\libm.a(lib_a-e_pow.o)
 *fill*         0x0001048c        0x4 
 .rodata.TWO52  0x00010490       0x10 c:/freescale/kds_v3/toolchain/bin/../lib/gcc/arm-none-eabi/4.8.4/../../../../arm-none-eabi/lib/armv7e-m\libm.a(lib_a-s_rint.o)
 .rodata.str1.1
                0x000104a0        0x2 c:/freescale/kds_v3/toolchain/bin/../lib/gcc/arm-none-eabi/4.8.4/../../../../arm-none-eabi/lib/armv7e-m\libg_s.a(lib_a-impure.o)
 *fill*         0x000104a2        0x2 
 .rodata._global_impure_ptr
                0x000104a4        0x4 c:/freescale/kds_v3/toolchain/bin/../lib/gcc/arm-none-eabi/4.8.4/../../../../arm-none-eabi/lib/armv7e-m\libg_s.a(lib_a-impure.o)
                0x000104a4                _global_impure_ptr
 .rodata.str1.1
                0x000104a8       0x11 c:/freescale/kds_v3/toolchain/bin/../lib/gcc/arm-none-eabi/4.8.4/../../../../arm-none-eabi/lib/armv7e-m\libg_s.a(lib_a-svfprintf.o)
 .rodata.str1.1
                0x000104b9       0x22 c:/freescale/kds_v3/toolchain/bin/../lib/gcc/arm-none-eabi/4.8.4/../../../../arm-none-eabi/lib/armv7e-m\libg_s.a(lib_a-vfprintf_i.o)
 *(.glue_7)
 .glue_7        0x00000000        0x0 linker stubs
 *(.glue_7t)
 .glue_7t       0x00000000        0x0 linker stubs
 *(.eh_frame)
 *fill*         0x000104db        0x1 
 .eh_frame      0x000104dc        0x0 c:/freescale/kds_v3/toolchain/bin/../lib/gcc/arm-none-eabi/4.8.4/armv7e-m/crtbegin.o
 *(.init)
 .init          0x000104dc        0x4 c:/freescale/kds_v3/toolchain/bin/../lib/gcc/arm-none-eabi/4.8.4/armv7e-m/crti.o
                0x000104dc                _init
 .init          0x000104e0        0x8 c:/freescale/kds_v3/toolchain/bin/../lib/gcc/arm-none-eabi/4.8.4/armv7e-m/crtn.o
 *(.fini)
 .fini          0x000104e8        0x4 c:/freescale/kds_v3/toolchain/bin/../lib/gcc/arm-none-eabi/4.8.4/armv7e-m/crti.o
                0x000104e8                _fini
 .fini          0x000104ec        0x8 c:/freescale/kds_v3/toolchain/bin/../lib/gcc/arm-none-eabi/4.8.4/armv7e-m/crtn.o
                0x000104f4                . = ALIGN (0x4)
                0x000104f4                _etext = .

.vfp11_veneer   0x000104f4        0x0
 .vfp11_veneer  0x00000000        0x0 linker stubs

.v4_bx          0x000104f4        0x0
 .v4_bx         0x00000000        0x0 linker stubs

.iplt           0x000104f4        0x0
 .iplt          0x00000000        0x0 c:/freescale/kds_v3/toolchain/bin/../lib/gcc/arm-none-eabi/4.8.4/armv7e-m/crtbegin.o

.ARM.extab      0x000104f4      0x2ac
 *(.ARM.extab* .gnu.linkonce.armextab.*)
 .ARM.extab.text.LCD_command
                0x000104f4        0xc ./Sources/LCD.o
 .ARM.extab.text.LCD_Set_Cursor
                0x00010500        0xc ./Sources/LCD.o
 .ARM.extab.text.LCD_Cursor_On_At
                0x0001050c        0xc ./Sources/LCD.o
 .ARM.extab.text.LCD_Write
                0x00010518        0xc ./Sources/LCD.o
 .ARM.extab.text.load_custom_char
                0x00010524        0xc ./Sources/LCD.o
 .ARM.extab.text.LCD_Write_At
                0x00010530        0xc ./Sources/LCD.o
 .ARM.extab.text.LCD_Write_Block
                0x0001053c        0xc ./Sources/LCD.o
 .ARM.extab.text.PCA9670_SendByte
                0x00010548        0xc ./Sources/PCA9670.o
 .ARM.extab.text.select_cue
                0x00010554        0xc ./Sources/cue.o
 .ARM.extab.text.print_float_at
                0x00010560        0xc ./Sources/display.o
 .ARM.extab.text.print_int_at
                0x0001056c        0xc ./Sources/display.o
 .ARM.extab.text.print_cue_array
                0x00010578        0xc ./Sources/display.o
 .ARM.extab.text.print_all_cue
                0x00010584        0xc ./Sources/display.o
 .ARM.extab.text.load_char
                0x00010590        0xc ./Sources/display.o
 .ARM.extab.text.menu_init
                0x0001059c        0xc ./Sources/display.o
 .ARM.extab.text.refresh
                0x000105a8        0xc ./Sources/display.o
 .ARM.extab.text.select
                0x000105b4        0xc ./Sources/display.o
 .ARM.extab.text.back
                0x000105c0        0xc ./Sources/display.o
 .ARM.extab.text.controle_mode_display
                0x000105cc        0xc ./Sources/display.o
 .ARM.extab.text.update_icon_dir
                0x000105d8        0xc ./Sources/display.o
 .ARM.extab.text.select_setting
                0x000105e4        0xc ./Sources/display.o
 .ARM.extab.text.refresh_fct
                0x000105f0        0xc ./Sources/display.o
 .ARM.extab.text.pos_position_fct
                0x000105fc        0xc ./Sources/display.o
 .ARM.extab.text.pos_play_cue_fct
                0x00010608        0xc ./Sources/display.o
 .ARM.extab.text.pos_rec_cue_fct
                0x00010614        0xc ./Sources/display.o
 .ARM.extab.text.pos_mod_cue_fct
                0x00010620        0xc ./Sources/display.o
 .ARM.extab.text.pos_del_cue_fct
                0x0001062c        0xc ./Sources/display.o
 .ARM.extab.text.vel_play_cue_fct
                0x00010638        0xc ./Sources/display.o
 .ARM.extab.text.vel_rec_cue_fct
                0x00010644        0xc ./Sources/display.o
 .ARM.extab.text.vel_mod_cue_fct
                0x00010650        0xc ./Sources/display.o
 .ARM.extab.text.vel_del_cue_fct
                0x0001065c        0xc ./Sources/display.o
 .ARM.extab.text.load_cue
                0x00010668        0xc ./Sources/eeprom.o
 .ARM.extab.text.write_cue
                0x00010674        0xc ./Sources/eeprom.o
 .ARM.extab.text.erase_cue
                0x00010680        0xc ./Sources/eeprom.o
 .ARM.extab.text.get_next_slot_free
                0x0001068c        0xc ./Sources/eeprom.o
 .ARM.extab.text.get_slot_saved
                0x00010698        0xc ./Sources/eeprom.o
 .ARM.extab.text.get_cue_values
                0x000106a4        0xc ./Sources/eeprom.o
 .ARM.extab.text.print_menu
                0x000106b0        0xc ./Sources/menu.o
 .ARM.extab.text.print_sub_menu
                0x000106bc        0xc ./Sources/menu.o
 .ARM.extab.text.print_sub_menu2
                0x000106c8        0xc ./Sources/menu.o
 .ARM.extab.text.menu_select
                0x000106d4        0xc ./Sources/menu.o
 .ARM.extab.text.menu_back
                0x000106e0        0xc ./Sources/menu.o
 .ARM.extab.text.refresh_menu
                0x000106ec        0xc ./Sources/menu.o
 .ARM.extab.text.serial_send_block
                0x000106f8        0xc ./Sources/protocol.o
 .ARM.extab.text.serial_send_float
                0x00010704        0xc ./Sources/protocol.o
 .ARM.extab.text.serial_send_int
                0x00010710        0xc ./Sources/protocol.o
 .ARM.extab.text.serial_send_string
                0x0001071c        0xc ./Sources/protocol.o
 .ARM.extab.text.serial_send_char
                0x00010728        0xc ./Sources/protocol.o
 .ARM.extab.text.msg_parse
                0x00010734        0xc ./Sources/protocol.o
 .ARM.extab.text.msg_processing
                0x00010740        0xc ./Sources/protocol.o
 .ARM.extab.text.select_baud_rate
                0x0001074c        0xc ./Sources/protocol.o
 .ARM.extab.text.Send_Control_Mode
                0x00010758        0xc ./Sources/send.o
 .ARM.extab.text.send_fct
                0x00010764        0xc ./Sources/send.o
 .ARM.extab.text.get_update_value
                0x00010770        0xc ./Sources/send.o
 .ARM.extab     0x0001077c        0xc c:/freescale/kds_v3/toolchain/bin/../lib/gcc/arm-none-eabi/4.8.4/armv7e-m\libgcc.a(unwind-arm.o)
 .ARM.extab     0x00010788       0x18 c:/freescale/kds_v3/toolchain/bin/../lib/gcc/arm-none-eabi/4.8.4/armv7e-m\libgcc.a(pr-support.o)

.ARM            0x000107a0      0x2f8
                0x000107a0                __exidx_start = .
 *(.ARM.exidx*)
 .ARM.exidx     0x000107a0        0x8 c:/freescale/kds_v3/toolchain/bin/../lib/gcc/arm-none-eabi/4.8.4/../../../../arm-none-eabi/lib/armv7e-m/crt0.o
 .ARM.exidx.text.LCD_Init
                0x00010868        0x8 ./Sources/LCD.o
 .ARM.exidx.text.LCD_command
                0x00010870        0x8 ./Sources/LCD.o
 .ARM.exidx.text.LCD_Cursor_On
                0x00010878        0x8 ./Sources/LCD.o
 .ARM.exidx.text.LCD_Cursor_Off
                0x00010880        0x0 ./Sources/LCD.o
                                  0x8 (size before relaxing)
 .ARM.exidx.text.LCD_Set_Cursor
                0x00010880        0x8 ./Sources/LCD.o
 .ARM.exidx.text.LCD_Cursor_On_At
                0x00010888        0x8 ./Sources/LCD.o
 .ARM.exidx.text.LCD_Write
                0x00010890        0x8 ./Sources/LCD.o
 .ARM.exidx.text.load_custom_char
                0x00010898        0x8 ./Sources/LCD.o
 .ARM.exidx.text.LCD_Write_At
                0x000108a0        0x8 ./Sources/LCD.o
 .ARM.exidx.text.LCD_Write_Block
                0x000108a8        0x8 ./Sources/LCD.o
 .ARM.exidx.text.PCA9670_Init
                0x000108b0        0x8 ./Sources/PCA9670.o
 .ARM.exidx.text.PCA9670_SendByte
                0x000108b8        0x8 ./Sources/PCA9670.o
 .ARM.exidx.text.select_cue
                0x000108c0        0x8 ./Sources/cue.o
 .ARM.exidx.text.vspfunc
                0x000108c8        0x8 ./Sources/display.o
 .ARM.exidx.text.print_float_at
                0x000108d0        0x8 ./Sources/display.o
 .ARM.exidx.text.print_int_at
                0x000108d8        0x8 ./Sources/display.o
 .ARM.exidx.text.print_cue_array
                0x000108e0        0x8 ./Sources/display.o
 .ARM.exidx.text.print_all_cue
                0x000108e8        0x8 ./Sources/display.o
 .ARM.exidx.text.load_char
                0x000108f0        0x8 ./Sources/display.o
 .ARM.exidx.text.menu_init
                0x000108f8        0x8 ./Sources/display.o
 .ARM.exidx.text.refresh
                0x00010900        0x8 ./Sources/display.o
 .ARM.exidx.text.select
                0x00010908        0x8 ./Sources/display.o
 .ARM.exidx.text.back
                0x00010910        0x8 ./Sources/display.o
 .ARM.exidx.text.controle_mode_display
                0x00010918        0x8 ./Sources/display.o
 .ARM.exidx.text.control_mode_fct
                0x00010920        0x8 ./Sources/display.o
 .ARM.exidx.text.update_icon_dir
                0x00010928        0x8 ./Sources/display.o
 .ARM.exidx.text.update_icon_drive_enable
                0x00010930        0x8 ./Sources/display.o
 .ARM.exidx.text.select_setting
                0x00010938        0x8 ./Sources/display.o
 .ARM.exidx.text.refresh_fct
                0x00010940        0x8 ./Sources/display.o
 .ARM.exidx.text.velocity_fct
                0x00010948        0x8 ./Sources/display.o
 .ARM.exidx.text.acceleration_fct
                0x00010950        0x0 ./Sources/display.o
                                  0x8 (size before relaxing)
 .ARM.exidx.text.deceleration_fct
                0x00010950        0x0 ./Sources/display.o
                                  0x8 (size before relaxing)
 .ARM.exidx.text.back_fct
                0x00010950        0x0 ./Sources/display.o
                                  0x8 (size before relaxing)
 .ARM.exidx.text.pos_position_fct
                0x00010950        0x8 ./Sources/display.o
 .ARM.exidx.text.pos_velocity_fct
                0x00010958        0x8 ./Sources/display.o
 .ARM.exidx.text.pos_acceleration_fct
                0x00010960        0x0 ./Sources/display.o
                                  0x8 (size before relaxing)
 .ARM.exidx.text.pos_deceleration_fct
                0x00010960        0x0 ./Sources/display.o
                                  0x8 (size before relaxing)
 .ARM.exidx.text.pos_set_home_fct
                0x00010960        0x0 ./Sources/display.o
                                  0x8 (size before relaxing)
 .ARM.exidx.text.torque_fct
                0x00010960        0x0 ./Sources/display.o
                                  0x8 (size before relaxing)
 .ARM.exidx.text.torque_rise_fct
                0x00010960        0x0 ./Sources/display.o
                                  0x8 (size before relaxing)
 .ARM.exidx.text.torque_fall_fct
                0x00010960        0x0 ./Sources/display.o
                                  0x8 (size before relaxing)
 .ARM.exidx.text.pos_play_cue_fct
                0x00010960        0x8 ./Sources/display.o
 .ARM.exidx.text.pos_rec_cue_fct
                0x00010968        0x8 ./Sources/display.o
 .ARM.exidx.text.pos_mod_cue_fct
                0x00010970        0x8 ./Sources/display.o
 .ARM.exidx.text.pos_del_cue_fct
                0x00010978        0x8 ./Sources/display.o
 .ARM.exidx.text.vel_play_cue_fct
                0x00010980        0x8 ./Sources/display.o
 .ARM.exidx.text.vel_rec_cue_fct
                0x00010988        0x8 ./Sources/display.o
 .ARM.exidx.text.vel_mod_cue_fct
                0x00010990        0x8 ./Sources/display.o
 .ARM.exidx.text.vel_del_cue_fct
                0x00010998        0x8 ./Sources/display.o
 .ARM.exidx.text.select_baud_rate_fct
                0x000109a0        0x8 ./Sources/display.o
 .ARM.exidx.text.select_update_menu_fct
                0x000109a8        0x0 ./Sources/display.o
                                  0x8 (size before relaxing)
 .ARM.exidx.text.short_cut_position_menu
                0x000109a8        0x0 ./Sources/display.o
                                  0x8 (size before relaxing)
 .ARM.exidx.text.display_resolution
                0x000109a8        0x0 ./Sources/display.o
                                  0x8 (size before relaxing)
 .ARM.exidx.text.get_cursor_resolution_position
                0x000109a8        0x8 ./Sources/display.o
 .ARM.exidx.text.get_resolution
                0x000109b0        0x0 ./Sources/display.o
                                  0x8 (size before relaxing)
 .ARM.exidx.text._Z41__static_initialization_and_destruction_0ii
                0x000109b0        0x0 ./Sources/display.o
                                  0x8 (size before relaxing)
 .ARM.exidx.text._GLOBAL__sub_I_buffer
                0x000109b0        0x0 ./Sources/display.o
                                  0x8 (size before relaxing)
 .ARM.exidx.text.load_cue
                0x000109b0        0x8 ./Sources/eeprom.o
 .ARM.exidx.text.write_cue
                0x000109b8        0x8 ./Sources/eeprom.o
 .ARM.exidx.text.erase_cue
                0x000109c0        0x8 ./Sources/eeprom.o
 .ARM.exidx.text.get_next_slot_free
                0x000109c8        0x8 ./Sources/eeprom.o
 .ARM.exidx.text.get_slot_saved
                0x000109d0        0x8 ./Sources/eeprom.o
 .ARM.exidx.text.get_cue_values
                0x000109d8       0x10 ./Sources/eeprom.o
                                  0x8 (size before relaxing)
 .ARM.exidx.text.init_menu
                0x000109e8        0x0 ./Sources/menu.o
                                  0x8 (size before relaxing)
 .ARM.exidx.text.init_sub_menu
                0x000109e8        0x0 ./Sources/menu.o
                                  0x8 (size before relaxing)
 .ARM.exidx.text.init_sub_menu2
                0x000109e8        0x0 ./Sources/menu.o
                                  0x8 (size before relaxing)
 .ARM.exidx.text.init_menu_list
                0x000109e8        0x0 ./Sources/menu.o
                                  0x8 (size before relaxing)
 .ARM.exidx.text.init_sub_menu_list
                0x000109e8        0x0 ./Sources/menu.o
                                  0x8 (size before relaxing)
 .ARM.exidx.text.init_sub_menu2_list
                0x000109e8        0x0 ./Sources/menu.o
                                  0x8 (size before relaxing)
 .ARM.exidx.text.print_menu
                0x000109e8        0x8 ./Sources/menu.o
 .ARM.exidx.text.print_sub_menu
                0x000109f0        0x8 ./Sources/menu.o
 .ARM.exidx.text.print_sub_menu2
                0x000109f8        0x8 ./Sources/menu.o
 .ARM.exidx.text.menu_select
                0x00010a00        0x8 ./Sources/menu.o
 .ARM.exidx.text.menu_back
                0x00010a08        0x8 ./Sources/menu.o
 .ARM.exidx.text.refresh_menu
                0x00010a10        0x8 ./Sources/menu.o
 .ARM.exidx.text.void_function
                0x00010a18        0x8 ./Sources/menu.o
 .ARM.exidx.text.parameters_init
                0x00010a20        0x0 ./Sources/parameters.o
                                  0x8 (size before relaxing)
 .ARM.exidx.text.convert
                0x00010a20        0x0 ./Sources/parameters.o
                                  0x8 (size before relaxing)
 .ARM.exidx.text.serial_send_block
                0x00010a20        0x8 ./Sources/protocol.o
 .ARM.exidx.text.serial_send_float
                0x00010a28        0x8 ./Sources/protocol.o
 .ARM.exidx.text.serial_send_int
                0x00010a30        0x8 ./Sources/protocol.o
 .ARM.exidx.text.serial_send_string
                0x00010a38        0x8 ./Sources/protocol.o
 .ARM.exidx.text.serial_send_char
                0x00010a40        0x8 ./Sources/protocol.o
 .ARM.exidx.text.serial_send_end
                0x00010a48        0x8 ./Sources/protocol.o
 .ARM.exidx.text.msg_parse
                0x00010a50        0x8 ./Sources/protocol.o
 .ARM.exidx.text.msg_processing
                0x00010a58        0x8 ./Sources/protocol.o
 .ARM.exidx.text.select_baud_rate
                0x00010a60        0x8 ./Sources/protocol.o
 .ARM.exidx.text.Send_Control_Mode
                0x00010a68        0x8 ./Sources/send.o
 .ARM.exidx.text.send_fct
                0x00010a70        0x8 ./Sources/send.o
 .ARM.exidx.text.get_update_drive_en
                0x00010a78        0x8 ./Sources/send.o
 .ARM.exidx.text.get_update_value
                0x00010a80        0x8 ./Sources/send.o
 .ARM.exidx.text.send_stop
                0x00010a88        0x8 ./Sources/send.o
 .ARM.exidx.text.send_velocity_cue
                0x00010a90        0x0 ./Sources/send.o
                                  0x8 (size before relaxing)
 .ARM.exidx.text.send_position_cue
                0x00010a90        0x0 ./Sources/send.o
                                  0x8 (size before relaxing)
 .ARM.exidx.text.velocity_processing
                0x00010a90        0x8 ./Sources/send.o
 .ARM.exidx.text.velocity_ref_processing
                0x00010a98        0x0 ./Sources/send.o
                                  0x8 (size before relaxing)
 .ARM.exidx.text.acceleration_processing
                0x00010a98        0x0 ./Sources/send.o
                                  0x8 (size before relaxing)
 .ARM.exidx.text.deceleration_processing
                0x00010a98        0x0 ./Sources/send.o
                                  0x8 (size before relaxing)
 .ARM.exidx.text.torque_processing
                0x00010a98        0x0 ./Sources/send.o
                                  0x8 (size before relaxing)
 .ARM.exidx.text.torque_ref_processing
                0x00010a98        0x0 ./Sources/send.o
                                  0x8 (size before relaxing)
 .ARM.exidx.text.torque_rise_processing
                0x00010a98        0x0 ./Sources/send.o
                                  0x8 (size before relaxing)
 .ARM.exidx.text.torque_fall_processing
                0x00010a98        0x0 ./Sources/send.o
                                  0x8 (size before relaxing)
 .ARM.exidx.text.position_ref_processing
                0x00010a98        0x0 ./Sources/send.o
                                  0x8 (size before relaxing)
 .ARM.exidx.text.position_processing
                0x00010a98        0x0 ./Sources/send.o
                                  0x8 (size before relaxing)
 .ARM.exidx.text.control_mode_processing
                0x00010a98        0x0 ./Sources/send.o
                                  0x8 (size before relaxing)
 .ARM.exidx.text.drive_enable_processing
                0x00010a98        0x0 ./Sources/send.o
                                  0x8 (size before relaxing)
 .ARM.exidx     0x000107a8       0x88 c:/freescale/kds_v3/toolchain/bin/../lib/gcc/arm-none-eabi/4.8.4/armv7e-m\libgcc.a(unwind-arm.o)
                                 0xd8 (size before relaxing)
 .ARM.exidx     0x00010830       0x38 c:/freescale/kds_v3/toolchain/bin/../lib/gcc/arm-none-eabi/4.8.4/armv7e-m\libgcc.a(pr-support.o)
                                 0x48 (size before relaxing)
                0x00010a98                __exidx_end = .

.rel.dyn        0x00010a98        0x0
 .rel.iplt      0x00000000        0x0 c:/freescale/kds_v3/toolchain/bin/../lib/gcc/arm-none-eabi/4.8.4/armv7e-m/crtbegin.o

.ctors          0x00010a98        0x0
                0x00010a98                __CTOR_LIST__ = .
 *crtbegin.o(.ctors)
 *(EXCLUDE_FILE(*crtend.o) .ctors)
 *(SORT(.ctors.*))
 *(.ctors)
                0x00010a98                __CTOR_END__ = .

.dtors          0x00010a98        0x0
                0x00010a98                __DTOR_LIST__ = .
 *crtbegin.o(.dtors)
 *(EXCLUDE_FILE(*crtend.o) .dtors)
 *(SORT(.dtors.*))
 *(.dtors)
                0x00010a98                __DTOR_END__ = .

.preinit_array  0x00010a98        0x0
                0x00010a98                PROVIDE (__preinit_array_start, .)
 *(.preinit_array*)