Archive member included because of file (symbol)

c:/freescale/kds_v3/toolchain/bin/../lib/gcc/arm-none-eabi/4.8.4/../../../../arm-none-eabi/lib/armv7e-m\libm.a(lib_a-s_round.o)
                              ./Sources/display.o (round)
c:/freescale/kds_v3/toolchain/bin/../lib/gcc/arm-none-eabi/4.8.4/../../../../arm-none-eabi/lib/armv7e-m\libm.a(lib_a-w_pow.o)
                              ./Sources/display.o (pow)
c:/freescale/kds_v3/toolchain/bin/../lib/gcc/arm-none-eabi/4.8.4/../../../../arm-none-eabi/lib/armv7e-m\libm.a(lib_a-e_pow.o)
                              c:/freescale/kds_v3/toolchain/bin/../lib/gcc/arm-none-eabi/4.8.4/../../../../arm-none-eabi/lib/armv7e-m\libm.a(lib_a-w_pow.o) (__ieee754_pow)
c:/freescale/kds_v3/toolchain/bin/../lib/gcc/arm-none-eabi/4.8.4/../../../../arm-none-eabi/lib/armv7e-m\libm.a(lib_a-e_sqrt.o)
                              c:/freescale/kds_v3/toolchain/bin/../lib/gcc/arm-none-eabi/4.8.4/../../../../arm-none-eabi/lib/armv7e-m\libm.a(lib_a-e_pow.o) (__ieee754_sqrt)
c:/freescale/kds_v3/toolchain/bin/../lib/gcc/arm-none-eabi/4.8.4/../../../../arm-none-eabi/lib/armv7e-m\libm.a(lib_a-s_fabs.o)
                              c:/freescale/kds_v3/toolchain/bin/../lib/gcc/arm-none-eabi/4.8.4/../../../../arm-none-eabi/lib/armv7e-m\libm.a(lib_a-e_pow.o) (fabs)
c:/freescale/kds_v3/toolchain/bin/../lib/gcc/arm-none-eabi/4.8.4/../../../../arm-none-eabi/lib/armv7e-m\libm.a(lib_a-s_finite.o)
                              c:/freescale/kds_v3/toolchain/bin/../lib/gcc/arm-none-eabi/4.8.4/../../../../arm-none-eabi/lib/armv7e-m\libm.a(lib_a-w_pow.o) (finite)
c:/freescale/kds_v3/toolchain/bin/../lib/gcc/arm-none-eabi/4.8.4/../../../../arm-none-eabi/lib/armv7e-m\libm.a(lib_a-s_fpclassify.o)
                              c:/freescale/kds_v3/toolchain/bin/../lib/gcc/arm-none-eabi/4.8.4/../../../../arm-none-eabi/lib/armv7e-m\libm.a(lib_a-w_pow.o) (__fpclassifyd)
c:/freescale/kds_v3/toolchain/bin/../lib/gcc/arm-none-eabi/4.8.4/../../../../arm-none-eabi/lib/armv7e-m\libm.a(lib_a-s_lib_ver.o)
                              c:/freescale/kds_v3/toolchain/bin/../lib/gcc/arm-none-eabi/4.8.4/../../../../arm-none-eabi/lib/armv7e-m\libm.a(lib_a-w_pow.o) (__fdlib_version)
c:/freescale/kds_v3/toolchain/bin/../lib/gcc/arm-none-eabi/4.8.4/../../../../arm-none-eabi/lib/armv7e-m\libm.a(lib_a-s_matherr.o)
                              c:/freescale/kds_v3/toolchain/bin/../lib/gcc/arm-none-eabi/4.8.4/../../../../arm-none-eabi/lib/armv7e-m\libm.a(lib_a-w_pow.o) (matherr)
c:/freescale/kds_v3/toolchain/bin/../lib/gcc/arm-none-eabi/4.8.4/../../../../arm-none-eabi/lib/armv7e-m\libm.a(lib_a-s_nan.o)
                              c:/freescale/kds_v3/toolchain/bin/../lib/gcc/arm-none-eabi/4.8.4/../../../../arm-none-eabi/lib/armv7e-m\libm.a(lib_a-e_pow.o) (nan)
c:/freescale/kds_v3/toolchain/bin/../lib/gcc/arm-none-eabi/4.8.4/../../../../arm-none-eabi/lib/armv7e-m\libm.a(lib_a-s_rint.o)
                              c:/freescale/kds_v3/toolchain/bin/../lib/gcc/arm-none-eabi/4.8.4/../../../../arm-none-eabi/lib/armv7e-m\libm.a(lib_a-w_pow.o) (rint)
c:/freescale/kds_v3/toolchain/bin/../lib/gcc/arm-none-eabi/4.8.4/../../../../arm-none-eabi/lib/armv7e-m\libm.a(lib_a-s_scalbn.o)
                              c:/freescale/kds_v3/toolchain/bin/../lib/gcc/arm-none-eabi/4.8.4/../../../../arm-none-eabi/lib/armv7e-m\libm.a(lib_a-e_pow.o) (scalbn)
c:/freescale/kds_v3/toolchain/bin/../lib/gcc/arm-none-eabi/4.8.4/../../../../arm-none-eabi/lib/armv7e-m\libm.a(lib_a-s_copysign.o)
                              c:/freescale/kds_v3/toolchain/bin/../lib/gcc/arm-none-eabi/4.8.4/../../../../arm-none-eabi/lib/armv7e-m\libm.a(lib_a-s_scalbn.o) (copysign)
c:/freescale/kds_v3/toolchain/bin/../lib/gcc/arm-none-eabi/4.8.4/armv7e-m\libgcc.a(_arm_addsubdf3.o)
                              c:/freescale/kds_v3/toolchain/bin/../lib/gcc/arm-none-eabi/4.8.4/../../../../arm-none-eabi/lib/armv7e-m\libm.a(lib_a-e_pow.o) (__aeabi_dsub)
c:/freescale/kds_v3/toolchain/bin/../lib/gcc/arm-none-eabi/4.8.4/armv7e-m\libgcc.a(_arm_muldivdf3.o)
                              ./Sources/display.o (__aeabi_dmul)
c:/freescale/kds_v3/toolchain/bin/../lib/gcc/arm-none-eabi/4.8.4/armv7e-m\libgcc.a(_arm_cmpdf2.o)
                              c:/freescale/kds_v3/toolchain/bin/../lib/gcc/arm-none-eabi/4.8.4/../../../../arm-none-eabi/lib/armv7e-m\libm.a(lib_a-w_pow.o) (__aeabi_dcmpeq)
c:/freescale/kds_v3/toolchain/bin/../lib/gcc/arm-none-eabi/4.8.4/armv7e-m\libgcc.a(_arm_fixdfsi.o)
                              ./Sources/display.o (__aeabi_d2iz)
c:/freescale/kds_v3/toolchain/bin/../lib/gcc/arm-none-eabi/4.8.4/armv7e-m\libgcc.a(_arm_addsubsf3.o)
                              ./Sources/Events.o (__aeabi_fsub)
c:/freescale/kds_v3/toolchain/bin/../lib/gcc/arm-none-eabi/4.8.4/armv7e-m\libgcc.a(_arm_muldivsf3.o)
                              ./Sources/display.o (__aeabi_fmul)
c:/freescale/kds_v3/toolchain/bin/../lib/gcc/arm-none-eabi/4.8.4/armv7e-m\libgcc.a(_arm_cmpsf2.o)
[...]
Memory Configuration

Name             Origin             Length             Attributes
m_interrupts     0x00000000         0x000003fe         xr
m_text           0x00000410         0x0003ebf0         xr
m_data           0x1fff8000         0x00008000         rw
m_data_20000000  0x20000000         0x00008000         rw
m_cue            0x0003f000         0x00000ffe         xrw
m_cfmprotrom     0x00000400         0x00000010         xr
*default*        0x00000000         0xffffffff

Linker script and memory map

LOAD c:/freescale/kds_v3/toolchain/bin/../lib/gcc/arm-none-eabi/4.8.4/armv7e-m/crti.o
LOAD c:/freescale/kds_v3/toolchain/bin/../lib/gcc/arm-none-eabi/4.8.4/armv7e-m/crtbegin.o
LOAD c:/freescale/kds_v3/toolchain/bin/../lib/gcc/arm-none-eabi/4.8.4/../../../../arm-none-eabi/lib/armv7e-m/crt0.o
LOAD ./Sources/Events.o
LOAD ./Sources/LCD.o
LOAD ./Sources/PCA9670.o
LOAD ./Sources/cue.o
LOAD ./Sources/display.o
LOAD ./Sources/eeprom.o
LOAD ./Sources/encoder_variable.o
LOAD ./Sources/main.o
LOAD ./Sources/menu.o
LOAD ./Sources/parameters.o
LOAD ./Sources/protocol.o
LOAD ./Sources/send.o
LOAD ./Project_Settings/Startup_Code/startup.o
LOAD ./Generated_Code/AS1.o
LOAD ./Generated_Code/ASerialLdd1.o
LOAD ./Generated_Code/BitIoLdd1.o
LOAD ./Generated_Code/BitIoLdd2.o
LOAD ./Generated_Code/BitIoLdd3.o
LOAD ./Generated_Code/BitIoLdd4.o
LOAD ./Generated_Code/BitIoLdd5.o
LOAD ./Generated_Code/BitIoLdd6.o
LOAD ./Generated_Code/BitIoLdd7.o
LOAD ./Generated_Code/BitIoLdd8.o
LOAD ./Generated_Code/CS1.o
LOAD ./Generated_Code/Cpu.o
LOAD ./Generated_Code/ENCODER.o
LOAD ./Generated_Code/ENCODER_PUSH.o
LOAD ./Generated_Code/ExtIntLdd1.o
LOAD ./Generated_Code/ExtIntLdd2.o
LOAD ./Generated_Code/ExtIntLdd3.o
LOAD ./Generated_Code/ExtIntLdd4.o
LOAD ./Generated_Code/ExtIntLdd5.o
LOAD ./Generated_Code/I2C0.o
LOAD ./Generated_Code/IFsh1.o
LOAD ./Generated_Code/IntFlashLdd1.o
LOAD ./Generated_Code/IntI2cLdd1.o
LOAD ./Generated_Code/KSDK1.o
LOAD ./Generated_Code/LCD_CTR.o
LOAD ./Generated_Code/LCD_EN.o
LOAD ./Generated_Code/LED_DEBUG.o
LOAD ./Generated_Code/LED_MOTOR_MOVE.o
LOAD ./Generated_Code/LED_STATUS_1.o
LOAD ./Generated_Code/LED_STATUS_2.o
LOAD ./Generated_Code/LED_STATUS_3.o
LOAD ./Generated_Code/LED_STATUS_4.o
LOAD ./Generated_Code/LEVER_DIR1.o
LOAD ./Generated_Code/LEVER_DIR2.o
LOAD ./Generated_Code/PCA.o
LOAD ./Generated_Code/PE_LDD.o
LOAD ./Generated_Code/PUSH_BUTTON_REC.o
LOAD ./Generated_Code/PUSH_BUTTON_SEND.o
LOAD ./Generated_Code/TU1.o
LOAD ./Generated_Code/T_100ms.o
LOAD ./Generated_Code/T_500ms.o
LOAD ./Generated_Code/Vectors.o
LOAD ./Generated_Code/WAIT1.o
LOAD ./.metadata/.plugins/org.eclipse.cdt.make.core/specs.o
LOAD c:/freescale/kds_v3/toolchain/bin/../lib/gcc/arm-none-eabi/4.8.4/../../../../arm-none-eabi/lib/armv7e-m\libstdc++_s.a
LOAD c:/freescale/kds_v3/toolchain/bin/../lib/gcc/arm-none-eabi/4.8.4/../../../../arm-none-eabi/lib/armv7e-m\libm.a
START GROUP
LOAD c:/freescale/kds_v3/toolchain/bin/../lib/gcc/arm-none-eabi/4.8.4/armv7e-m\libgcc.a
LOAD c:/freescale/kds_v3/toolchain/bin/../lib/gcc/arm-none-eabi/4.8.4/../../../../arm-none-eabi/lib/armv7e-m\libg_s.a
LOAD c:/freescale/kds_v3/toolchain/bin/../lib/gcc/arm-none-eabi/4.8.4/../../../../arm-none-eabi/lib/armv7e-m\libc_s.a
END GROUP
START GROUP
LOAD c:/freescale/kds_v3/toolchain/bin/../lib/gcc/arm-none-eabi/4.8.4/armv7e-m\libgcc.a
LOAD c:/freescale/kds_v3/toolchain/bin/../lib/gcc/arm-none-eabi/4.8.4/../../../../arm-none-eabi/lib/armv7e-m\libc_s.a
LOAD c:/freescale/kds_v3/toolchain/bin/../lib/gcc/arm-none-eabi/4.8.4/../../../../arm-none-eabi/lib/armv7e-m\libnosys.a
END GROUP
START GROUP
LOAD c:/freescale/kds_v3/toolchain/bin/../lib/gcc/arm-none-eabi/4.8.4/armv7e-m\libgcc.a
LOAD c:/freescale/kds_v3/toolchain/bin/../lib/gcc/arm-none-eabi/4.8.4/../../../../arm-none-eabi/lib/armv7e-m\libc_s.a
LOAD c:/freescale/kds_v3/toolchain/bin/../lib/gcc/arm-none-eabi/4.8.4/../../../../arm-none-eabi/lib/armv7e-m\libnosys.a
END GROUP
LOAD c:/freescale/kds_v3/toolchain/bin/../lib/gcc/arm-none-eabi/4.8.4/armv7e-m/crtend.o
LOAD c:/freescale/kds_v3/toolchain/bin/../lib/gcc/arm-none-eabi/4.8.4/armv7e-m/crtn.o
                0x20000000                _estack = 0x20000000
                0x20000000                __SP_INIT = _estack
                0x20000000                __stack = _estack
                0x00000000                __heap_size = 0x0
                0x00000400                __stack_size = 0x400

.interrupts     0x00000000      0x1bc
                0x00000000                __vector_table = .
                0x00000000                . = ALIGN (0x4)
 *(.vectortable)
 .vectortable   0x00000000      0x1bc ./Generated_Code/Vectors.o
                0x00000000                __vect_table
                0x000001bc                . = ALIGN (0x4)

.cfmprotect     0x00000400       0x10
                0x00000400                . = ALIGN (0x4)
 *(.cfmconfig)
 .cfmconfig     0x00000400       0x10 ./Generated_Code/Cpu.o
                0x00000400                _cfm
                0x00000410                . = ALIGN (0x4)

.text           0x00000410    0x1085c
                0x00000410                . = ALIGN (0x4)
 *(.text)
 .text          0x00000410       0x54 c:/freescale/kds_v3/toolchain/bin/../lib/gcc/arm-none-eabi/4.8.4/armv7e-m/crtbegin.o
 .text          0x00000464       0x74 c:/freescale/kds_v3/toolchain/bin/../lib/gcc/arm-none-eabi/4.8.4/../../../../arm-none-eabi/lib/armv7e-m/crt0.o
                0x00000464                _start
                0x00000464                _mainCRTStartup
 .text          0x000004d8      0x370 c:/freescale/kds_v3/toolchain/bin/../lib/gcc/arm-none-eabi/4.8.4/armv7e-m\libgcc.a(_arm_addsubdf3.o)
                0x000004d8                __aeabi_drsub
                0x000004e0                __aeabi_dsub
                0x000004e0                __subdf3
                0x000004e4                __aeabi_dadd
                0x000004e4                __adddf3
                0x0000075c                __floatunsidf
                0x0000075c                __aeabi_ui2d
                0x0000077c                __floatsidf
                0x0000077c                __aeabi_i2d
                0x000007a0                __aeabi_f2d
                0x000007a0                __extendsfdf2
                0x000007dc                __floatundidf
                0x000007dc                __aeabi_ul2d
                0x000007ec                __floatdidf
                0x000007ec                __aeabi_l2d
 .text          0x00000848      0x424 c:/freescale/kds_v3/toolchain/bin/../lib/gcc/arm-none-eabi/4.8.4/armv7e-m\libgcc.a(_arm_muldivdf3.o)
                0x00000848                __aeabi_dmul
                0x00000848                __muldf3
                0x00000a9c                __divdf3
                0x00000a9c                __aeabi_ddiv
 .text          0x00000c6c      0x110 c:/freescale/kds_v3/toolchain/bin/../lib/gcc/arm-none-eabi/4.8.4/armv7e-m\libgcc.a(_arm_cmpdf2.o)
                0x00000c6c                __gtdf2
                0x00000c6c                __gedf2
                0x00000c74                __ltdf2
                0x00000c74                __ledf2
                0x00000c7c                __nedf2
                0x00000c7c                __eqdf2
                0x00000c7c                __cmpdf2
                0x00000cf8                __aeabi_cdrcmple
                0x00000d08                __aeabi_cdcmpeq
                0x00000d08                __aeabi_cdcmple
                0x00000d18                __aeabi_dcmpeq
                0x00000d2c                __aeabi_dcmplt
                0x00000d40                __aeabi_dcmple
                0x00000d54                __aeabi_dcmpge
                0x00000d68                __aeabi_dcmpgt
 .text          0x00000d7c       0x50 c:/freescale/kds_v3/toolchain/bin/../lib/gcc/arm-none-eabi/4.8.4/armv7e-m\libgcc.a(_arm_fixdfsi.o)
                0x00000d7c                __aeabi_d2iz
                0x00000d7c                __fixdfsi
 .text          0x00000dcc      0x21c c:/freescale/kds_v3/toolchain/bin/../lib/gcc/arm-none-eabi/4.8.4/armv7e-m\libgcc.a(_arm_addsubsf3.o)
                0x00000dcc                __aeabi_frsub
                0x00000dd4                __subsf3
                0x00000dd4                __aeabi_fsub
                0x00000dd8                __aeabi_fadd
                0x00000dd8                __addsf3
                0x00000f38                __aeabi_ui2f
                0x00000f38                __floatunsisf
                0x00000f40                __aeabi_i2f
                0x00000f40                __floatsisf
                0x00000f5c                __aeabi_ul2f
                0x00000f5c                __floatundisf
                0x00000f6c                __aeabi_l2f
                0x00000f6c                __floatdisf
 .text          0x00000fe8      0x2a0 c:/freescale/kds_v3/toolchain/bin/../lib/gcc/arm-none-eabi/4.8.4/armv7e-m\libgcc.a(_arm_muldivsf3.o)
                0x00000fe8                __mulsf3
                0x00000fe8                __aeabi_fmul
                0x00001150                __aeabi_fdiv
                0x00001150                __divsf3
 .text          0x00001288       0xec c:/freescale/kds_v3/toolchain/bin/../lib/gcc/arm-none-eabi/4.8.4/armv7e-m\libgcc.a(_arm_cmpsf2.o)
                0x00001288                __gesf2
                0x00001288                __gtsf2
                0x00001290                __lesf2
                0x00001290                __ltsf2
                0x00001298                __nesf2
                0x00001298                __eqsf2
                0x00001298                __cmpsf2
                0x000012f8                __aeabi_cfrcmple
                0x00001300                __aeabi_cfcmpeq
                0x00001300                __aeabi_cfcmple
                0x00001310                __aeabi_fcmpeq
                0x00001324                __aeabi_fcmplt
                0x00001338                __aeabi_fcmple
                0x0000134c                __aeabi_fcmpge
                0x00001360                __aeabi_fcmpgt
 .text          0x00001374       0x4c c:/freescale/kds_v3/toolchain/bin/../lib/gcc/arm-none-eabi/4.8.4/armv7e-m\libgcc.a(_arm_fixsfsi.o)
                0x00001374                __aeabi_f2iz
                0x00001374                __fixsfsi
 .text          0x000013c0       0x40 c:/freescale/kds_v3/toolchain/bin/../lib/gcc/arm-none-eabi/4.8.4/armv7e-m\libgcc.a(_arm_fixunssfsi.o)
                0x000013c0                __fixunssfsi
                0x000013c0                __aeabi_f2uiz
 .text          0x00001400      0xa1c c:/freescale/kds_v3/toolchain/bin/../lib/gcc/arm-none-eabi/4.8.4/armv7e-m\libgcc.a(unwind-arm.o)
                0x000016e4                _Unwind_GetCFA
                0x000016e8                __gnu_Unwind_RaiseException
                0x00001748                __gnu_Unwind_ForcedUnwind
                0x0000175c                __gnu_Unwind_Resume
                0x000017a0                __gnu_Unwind_Resume_or_Rethrow
                0x000017b0                _Unwind_Complete
                0x000017b4                _Unwind_DeleteException
                0x000017c4                _Unwind_VRS_Get
                0x00001814                _Unwind_VRS_Set
                0x00001864                __gnu_Unwind_Backtrace
                0x00001bb8                __aeabi_unwind_cpp_pr0
                0x00001bc0                __aeabi_unwind_cpp_pr1
                0x00001bc8                __aeabi_unwind_cpp_pr2
                0x00001bd0                _Unwind_VRS_Pop
 .text          0x00001e1c      0x1ac c:/freescale/kds_v3/toolchain/bin/../lib/gcc/arm-none-eabi/4.8.4/armv7e-m\libgcc.a(libunwind.o)
                0x00001e1c                __restore_core_regs
                0x00001e1c                restore_core_regs
                0x00001e34                __gnu_Unwind_Restore_VFP
                0x00001e3c                __gnu_Unwind_Save_VFP
                0x00001e44                __gnu_Unwind_Restore_VFP_D
                0x00001e4c                __gnu_Unwind_Save_VFP_D
                0x00001e54                __gnu_Unwind_Restore_VFP_D_16_to_31
                0x00001e5c                __gnu_Unwind_Save_VFP_D_16_to_31
                0x00001e64                __gnu_Unwind_Restore_WMMXD
                0x00001ea8                __gnu_Unwind_Save_WMMXD
                0x00001eec                __gnu_Unwind_Restore_WMMXC
                0x00001f00                __gnu_Unwind_Save_WMMXC
                0x00001f14                ___Unwind_RaiseException
                0x00001f14                _Unwind_RaiseException
                0x00001f38                _Unwind_Resume
                0x00001f38                ___Unwind_Resume
                0x00001f5c                _Unwind_Resume_or_Rethrow
                0x00001f5c                ___Unwind_Resume_or_Rethrow
                0x00001f80                _Unwind_ForcedUnwind
                0x00001f80                ___Unwind_ForcedUnwind
                0x00001fa4                ___Unwind_Backtrace
                0x00001fa4                _Unwind_Backtrace
 .text          0x00001fc8      0x33c c:/freescale/kds_v3/toolchain/bin/../lib/gcc/arm-none-eabi/4.8.4/armv7e-m\libgcc.a(pr-support.o)
                0x0000201c                __gnu_unwind_execute
                0x000022a8                __gnu_unwind_frame
                0x000022d4                _Unwind_GetRegionStart
                0x000022e0                _Unwind_GetLanguageSpecificData
                0x000022f4                _Unwind_GetDataRelBase
                0x000022fc                _Unwind_GetTextRelBase
 .text          0x00002304       0x14 c:/freescale/kds_v3/toolchain/bin/../lib/gcc/arm-none-eabi/4.8.4/../../../../arm-none-eabi/lib/armv7e-m\libg_s.a(lib_a-strcmp.o)
                0x00002304                strcmp
 *(.text*)
 .text.PUSH_BUTTON_REC_OnInterrupt
                0x00002318       0x18 ./Sources/Events.o
                0x00002318                PUSH_BUTTON_REC_OnInterrupt
 .text.PUSH_BUTTON_SEND_OnInterrupt
                0x00002330       0x18 ./Sources/Events.o
                0x00002330                PUSH_BUTTON_SEND_OnInterrupt
 .text.I2C0_OnReceiveData
                0x00002348        0xc ./Sources/Events.o
                0x00002348                I2C0_OnReceiveData
 .text.I2C0_OnTransmitData
                0x00002354        0xc ./Sources/Events.o
                0x00002354                I2C0_OnTransmitData
 .text.T_100ms_OnCounterRestart
                0x00002360       0x48 ./Sources/Events.o
                0x00002360                T_100ms_OnCounterRestart
 .text.LEVER_DIR1_OnInterrupt
                0x000023a8       0x48 ./Sources/Events.o
                0x000023a8                LEVER_DIR1_OnInterrupt
 .text.LEVER_DIR2_OnInterrupt
                0x000023f0       0x48 ./Sources/Events.o
                0x000023f0                LEVER_DIR2_OnInterrupt
 .text.ENCODER_PUSH_OnInterrupt
                0x00002438       0xe0 ./Sources/Events.o
                0x00002438                ENCODER_PUSH_OnInterrupt
 .text.ENCODER_OnPortEvent
                0x00002518       0xc0 ./Sources/Events.o
                0x00002518                ENCODER_OnPortEvent
 .text.T_500ms_OnCounterRestart
                0x000025d8      0x160 ./Sources/Events.o
                0x000025d8                T_500ms_OnCounterRestart
 .text.I2C0_OnArbitLost
                0x00002738        0xc ./Sources/Events.o
                0x00002738                I2C0_OnArbitLost
 .text.AS1_OnTxComplete
                0x00002744       0x14 ./Sources/Events.o
                0x00002744                AS1_OnTxComplete
 .text.AS1_OnError
                0x00002758        0xc ./Sources/Events.o
                0x00002758                AS1_OnError
 .text.AS1_OnRxChar
                0x00002764        0xc ./Sources/Events.o
                0x00002764                AS1_OnRxChar
 .text.AS1_OnRxCharExt
                0x00002770       0xa8 ./Sources/Events.o
                0x00002770                AS1_OnRxCharExt
 .text.AS1_OnTxChar
                0x00002818        0xc ./Sources/Events.o
                0x00002818                AS1_OnTxChar
 .text.AS1_OnFullRxBuf
                0x00002824       0x14 ./Sources/Events.o
                0x00002824                AS1_OnFullRxBuf
 .text.AS1_OnFreeTxBuf
                0x00002838        0xc ./Sources/Events.o
                0x00002838                AS1_OnFreeTxBuf
 .text.TU1_OnCounterRestart
                0x00002844       0x1c ./Sources/Events.o
                0x00002844                TU1_OnCounterRestart
 .text.LCD_Init
                0x00002860       0x50 ./Sources/LCD.o
                0x00002860                LCD_Init
 .text.LCD_command
                0x000028b0       0x30 ./Sources/LCD.o
                0x000028b0                LCD_command
 .text.LCD_Cursor_On
                0x000028e0        0xc ./Sources/LCD.o
                0x000028e0                LCD_Cursor_On
 .text.LCD_Cursor_Off
                0x000028ec        0xc ./Sources/LCD.o
                0x000028ec                LCD_Cursor_Off
 .text.LCD_Cursor_Blink_On
                0x000028f8        0xc ./Sources/LCD.o
                0x000028f8                LCD_Cursor_Blink_On
 .text.LCD_Set_Cursor
                0x00002904       0x58 ./Sources/LCD.o
                0x00002904                LCD_Set_Cursor
 .text.LCD_Cursor_Blink_On_At
                0x0000295c       0x24 ./Sources/LCD.o
                0x0000295c                LCD_Cursor_Blink_On_At
 .text.LCD_Cursor_On_At
                0x00002980       0x24 ./Sources/LCD.o
                0x00002980                LCD_Cursor_On_At
 .text.LCD_Write
                0x000029a4       0x28 ./Sources/LCD.o
                0x000029a4                LCD_Write
 .text.load_custom_char
                0x000029cc       0x50 ./Sources/LCD.o
                0x000029cc                load_custom_char
 .text.LCD_Write_At
                0x00002a1c       0x3c ./Sources/LCD.o
                0x00002a1c                LCD_Write_At
 .text.LCD_Write_Block
                0x00002a58       0xa0 ./Sources/LCD.o
                0x00002a58                LCD_Write_Block
 .text.PCA9670_Init
                0x00002af8       0x34 ./Sources/PCA9670.o
                0x00002af8                PCA9670_Init
 .text.PCA9670_SendByte
                0x00002b2c       0x3c ./Sources/PCA9670.o
                0x00002b2c                PCA9670_SendByte
 .text.select_cue
                0x00002b68      0x16c ./Sources/cue.o
                0x00002b68                select_cue
 .text.vspfunc  0x00002cd4       0x30 ./Sources/display.o
                0x00002cd4                vspfunc
 .text.print_float_at
                0x00002d04      0x190 ./Sources/display.o
                0x00002d04                print_float_at
 .text.print_int_at
                0x00002e94       0xa0 ./Sources/display.o
                0x00002e94                print_int_at
 .text.print_cue_array
                0x00002f34      0x1d0 ./Sources/display.o
                0x00002f34                print_cue_array
 .text.print_all_cue
                0x00003104      0x110 ./Sources/display.o
                0x00003104                print_all_cue
 .text.load_char
                0x00003214       0xe8 ./Sources/display.o
                0x00003214                load_char
 .text.menu_init
                0x000032fc       0x1c ./Sources/display.o
                0x000032fc                menu_init
 .text.refresh  0x00003318       0x24 ./Sources/display.o
                0x00003318                refresh
 .text.select   0x0000333c       0x24 ./Sources/display.o
                0x0000333c                select
 .text.back     0x00003360       0x54 ./Sources/display.o
                0x00003360                back
 .text.controle_mode_display
                0x000033b4       0x4c ./Sources/display.o
                0x000033b4                controle_mode_display
 .text.control_mode_fct
                0x00003400       0x5c ./Sources/display.o
                0x00003400                control_mode_fct
 .text.update_icon_dir
                0x0000345c       0x78 ./Sources/display.o
                0x0000345c                update_icon_dir
 .text.update_icon_drive_enable
                0x000034d4       0x3c ./Sources/display.o
                0x000034d4                update_icon_drive_enable
 .text.select_setting
                0x00003510       0x94 ./Sources/display.o
                0x00003510                select_setting
 .text.refresh_fct
                0x000035a4       0xfc ./Sources/display.o
                0x000035a4                refresh_fct
 .text.velocity_fct
                0x000036a0      0x480 ./Sources/display.o
                0x000036a0                velocity_fct
 .text.acceleration_fct
                0x00003b20      0x16c ./Sources/display.o
                0x00003b20                acceleration_fct
 .text.velocity_instant_fct
                0x00003c8c      0x4b0 ./Sources/display.o
                0x00003c8c                velocity_instant_fct
 .text.deceleration_fct
                0x0000413c      0x16c ./Sources/display.o
                0x0000413c                deceleration_fct
 .text.back_fct
                0x000042a8       0x30 ./Sources/display.o
                0x000042a8                back_fct
 .text.pos_position_fct
                0x000042d8      0x518 ./Sources/display.o
                0x000042d8                pos_position_fct
 .text.pos_velocity_fct
                0x000047f0      0x118 ./Sources/display.o
                0x000047f0                pos_velocity_fct
 .text.pos_acceleration_fct
                0x00004908      0x16c ./Sources/display.o
                0x00004908                pos_acceleration_fct
 .text.pos_deceleration_fct
                0x00004a74      0x16c ./Sources/display.o
                0x00004a74                pos_deceleration_fct
 .text.pos_set_home_fct
                0x00004be0       0x8c ./Sources/display.o
                0x00004be0                pos_set_home_fct
 .text.torque_fct
                0x00004c6c      0x370 ./Sources/display.o
                0x00004c6c                torque_fct
 .text.torque_rise_fct
                0x00004fdc      0x16c ./Sources/display.o
                0x00004fdc                torque_rise_fct
 .text.torque_fall_fct
                0x00005148      0x168 ./Sources/display.o
                0x00005148                torque_fall_fct
 .text.pos_play_cue_fct
                0x000052b0      0x2f8 ./Sources/display.o
                0x000052b0                pos_play_cue_fct
 .text.pos_rec_cue_fct
                0x000055a8      0x298 ./Sources/display.o
                0x000055a8                pos_rec_cue_fct
 .text.pos_mod_cue_fct
                0x00005840      0x2fc ./Sources/display.o
                0x00005840                pos_mod_cue_fct
 .text.pos_del_cue_fct
                0x00005b3c      0x304 ./Sources/display.o
                0x00005b3c                pos_del_cue_fct
 .text.vel_play_cue_fct
                0x00005e40      0x2b8 ./Sources/display.o
                0x00005e40                vel_play_cue_fct
 .text.vel_rec_cue_fct
                0x000060f8      0x248 ./Sources/display.o
                0x000060f8                vel_rec_cue_fct
 .text.vel_mod_cue_fct
                0x00006340      0x2b8 ./Sources/display.o
                0x00006340                vel_mod_cue_fct
 .text.vel_del_cue_fct
                0x000065f8      0x2c4 ./Sources/display.o
                0x000065f8                vel_del_cue_fct
 .text.select_baud_rate_fct
                0x000068bc      0x120 ./Sources/display.o
                0x000068bc                select_baud_rate_fct
 .text.select_update_menu_fct
                0x000069dc      0x120 ./Sources/display.o
                0x000069dc                select_update_menu_fct
 .text.short_cut_position_menu
                0x00006afc       0x68 ./Sources/display.o
                0x00006afc                short_cut_position_menu
 .text.display_resolution
                0x00006b64       0x9c ./Sources/display.o
                0x00006b64                display_resolution
 .text.get_cursor_resolution_position
                0x00006c00       0x4c ./Sources/display.o
                0x00006c00                get_cursor_resolution_position
 .text.get_resolution
                0x00006c4c       0x50 ./Sources/display.o
                0x00006c4c                get_resolution
 .text._Z41__static_initialization_and_destruction_0ii
                0x00006c9c      0x8a4 ./Sources/display.o
 .text._GLOBAL__sub_I_buffer
                0x00007540       0x10 ./Sources/display.o
 .text.load_cue
                0x00007550      0x10c ./Sources/eeprom.o
                0x00007550                load_cue
 .text.write_cue
                0x0000765c      0x170 ./Sources/eeprom.o
                0x0000765c                write_cue
 .text.erase_cue
                0x000077cc       0x58 ./Sources/eeprom.o
                0x000077cc                erase_cue
 .text.get_next_slot_free
                0x00007824       0xd0 ./Sources/eeprom.o
                0x00007824                get_next_slot_free
 .text.get_slot_saved
                0x000078f4      0x110 ./Sources/eeprom.o
                0x000078f4                get_slot_saved
 .text.get_cues_saved_values
                0x00007a04       0x64 ./Sources/eeprom.o
                0x00007a04                get_cues_saved_values
 .text.get_cue_values
                0x00007a68       0xd4 ./Sources/eeprom.o
                0x00007a68                get_cue_values
 *fill*         0x00007b3c        0x4 
 .text.main     0x00007b40      0xb10 ./Sources/main.o
                0x00007b40                main
 .text.init_menu
                0x00008650       0x44 ./Sources/menu.o
                0x00008650                init_menu
 .text.init_sub_menu
                0x00008694       0x68 ./Sources/menu.o
                0x00008694                init_sub_menu
 .text.init_sub_menu2
                0x000086fc       0x48 ./Sources/menu.o
                0x000086fc                init_sub_menu2
 .text.init_menu_list
                0x00008744       0x30 ./Sources/menu.o
                0x00008744                init_menu_list
 .text.init_sub_menu_list
                0x00008774       0x30 ./Sources/menu.o
                0x00008774                init_sub_menu_list
 .text.init_sub_menu2_list
                0x000087a4       0x30 ./Sources/menu.o
                0x000087a4                init_sub_menu2_list
 .text.print_menu
                0x000087d4      0x158 ./Sources/menu.o
                0x000087d4                print_menu
 .text.print_sub_menu
                0x0000892c      0x178 ./Sources/menu.o
                0x0000892c                print_sub_menu
 .text.print_sub_menu2
                0x00008aa4      0x178 ./Sources/menu.o
                0x00008aa4                print_sub_menu2
 .text.menu_select
                0x00008c1c      0x2b4 ./Sources/menu.o
                0x00008c1c                menu_select
 .text.menu_back
                0x00008ed0      0x37c ./Sources/menu.o
                0x00008ed0                menu_back
 .text.refresh_menu
                0x0000924c      0x174 ./Sources/menu.o
                0x0000924c                refresh_menu
 .text.void_function
                0x000093c0        0xc ./Sources/menu.o
                0x000093c0                void_function
 .text.parameters_init
                0x000093cc       0x94 ./Sources/parameters.o
                0x000093cc                parameters_init
 .text.convert  0x00009460       0x3c ./Sources/parameters.o
                0x00009460                convert
 .text.serial_send_block
                0x0000949c       0xdc ./Sources/protocol.o
                0x0000949c                serial_send_block
 .text.serial_send_float
                0x00009578       0x30 ./Sources/protocol.o
                0x00009578                serial_send_float
 .text.serial_send_int
                0x000095a8       0x30 ./Sources/protocol.o
                0x000095a8                serial_send_int
 .text.serial_send_string
                0x000095d8       0x58 ./Sources/protocol.o
                0x000095d8                serial_send_string
 .text.serial_send_char
                0x00009630       0x30 ./Sources/protocol.o
                0x00009630                serial_send_char
 .text.serial_send_end
                0x00009660       0x14 ./Sources/protocol.o
                0x00009660                serial_send_end
 .text.msg_parse
                0x00009674      0x1d4 ./Sources/protocol.o
                0x00009674                msg_parse
 .text.msg_processing
                0x00009848      0x3b0 ./Sources/protocol.o
                0x00009848                msg_processing
 .text.select_baud_rate
                0x00009bf8       0x1c ./Sources/protocol.o
                0x00009bf8                select_baud_rate
 .text.Send_Control_Mode
                0x00009c14       0x30 ./Sources/send.o
                0x00009c14                Send_Control_Mode
 .text.send_fct
                0x00009c44      0x478 ./Sources/send.o
                0x00009c44                send_fct
 .text.get_update_drive_en
                0x0000a0bc       0x24 ./Sources/send.o
                0x0000a0bc                get_update_drive_en
 .text.get_update_value
                0x0000a0e0      0x1c4 ./Sources/send.o
                0x0000a0e0                get_update_value
 .text.send_stop
                0x0000a2a4       0x34 ./Sources/send.o
                0x0000a2a4                send_stop
 .text.send_velocity_cue
                0x0000a2d8       0xa0 ./Sources/send.o
                0x0000a2d8                send_velocity_cue
 .text.send_position_cue
                0x0000a378      0x114 ./Sources/send.o
                0x0000a378                send_position_cue
 .text.velocity_processing
                0x0000a48c       0x50 ./Sources/send.o
                0x0000a48c                velocity_processing
 .text.velocity_ref_processing
                0x0000a4dc       0x50 ./Sources/send.o
                0x0000a4dc                velocity_ref_processing
 .text.acceleration_processing
                0x0000a52c       0x50 ./Sources/send.o
                0x0000a52c                acceleration_processing
 .text.deceleration_processing
                0x0000a57c       0x50 ./Sources/send.o
                0x0000a57c                deceleration_processing
 .text.torque_processing
                0x0000a5cc       0x48 ./Sources/send.o
                0x0000a5cc                torque_processing
 .text.torque_ref_processing
                0x0000a614       0x48 ./Sources/send.o
                0x0000a614                torque_ref_processing
 .text.torque_rise_processing
                0x0000a65c       0x48 ./Sources/send.o
                0x0000a65c                torque_rise_processing
 .text.torque_fall_processing
                0x0000a6a4       0x48 ./Sources/send.o
                0x0000a6a4                torque_fall_processing
 .text.position_ref_processing
                0x0000a6ec       0x48 ./Sources/send.o
                0x0000a6ec                position_ref_processing
 .text.position_processing
                0x0000a734       0x44 ./Sources/send.o
                0x0000a734                position_processing
 .text.control_mode_processing
                0x0000a778       0x7c ./Sources/send.o
                0x0000a778                control_mode_processing
 .text.drive_enable_processing
                0x0000a7f4       0x24 ./Sources/send.o
                0x0000a7f4                drive_enable_processing
 .text.__copy_rom_section
                0x0000a818       0xe4 ./Project_Settings/Startup_Code/startup.o
                0x0000a818                __copy_rom_section
 .text.__copy_rom_sections_to_ram
                0x0000a8fc       0x9c ./Project_Settings/Startup_Code/startup.o
                0x0000a8fc                __copy_rom_sections_to_ram
 .text.__init_registers
                0x0000a998        0xc ./Project_Settings/Startup_Code/startup.o
                0x0000a998                __init_registers
 .text.__init_user
                0x0000a9a4        0xc ./Project_Settings/Startup_Code/startup.o
                0x0000a9a4                __init_user
 .text.__thumb_startup
                0x0000a9b0       0x34 ./Project_Settings/Startup_Code/startup.o
                0x0000a9b0                __thumb_startup
 .text.HWEnDi   0x0000a9e4       0x1c ./Generated_Code/AS1.o
 .text.AS1_SendChar
                0x0000aa00       0xe0 ./Generated_Code/AS1.o
                0x0000aa00                AS1_SendChar
 .text.AS1_SendBlock
                0x0000aae0      0x148 ./Generated_Code/AS1.o
                0x0000aae0                AS1_SendBlock
 .text.AS1_ClearRxBuf
                0x0000ac28       0x78 ./Generated_Code/AS1.o
                0x0000ac28                AS1_ClearRxBuf
 .text.AS1_SetBaudRateMode
                0x0000aca0       0x38 ./Generated_Code/AS1.o
                0x0000aca0                AS1_SetBaudRateMode
 .text.AS1_Init
                0x0000acd8       0x60 ./Generated_Code/AS1.o
                0x0000acd8                AS1_Init
 .text.ASerialLdd1_OnBlockReceived
                0x0000ad38       0xd4 ./Generated_Code/AS1.o
                0x0000ad38                ASerialLdd1_OnBlockReceived
 .text.ASerialLdd1_OnBlockSent
                0x0000ae0c       0xd8 ./Generated_Code/AS1.o
                0x0000ae0c                ASerialLdd1_OnBlockSent
 .text.ASerialLdd1_OnError
                0x0000aee4       0x9c ./Generated_Code/AS1.o
                0x0000aee4                ASerialLdd1_OnError
 .text.ASerialLdd1_OnTxComplete
                0x0000af80       0x14 ./Generated_Code/AS1.o
                0x0000af80                ASerialLdd1_OnTxComplete
 .text.ASerialLdd1_OnBreak
                0x0000af94       0x24 ./Generated_Code/AS1.o
                0x0000af94                ASerialLdd1_OnBreak
 .text.ASerialLdd1_Init
                0x0000afb8      0x1d4 ./Generated_Code/ASerialLdd1.o
                0x0000afb8                ASerialLdd1_Init
 .text.ASerialLdd1_ReceiveBlock
                0x0000b18c       0x90 ./Generated_Code/ASerialLdd1.o
                0x0000b18c                ASerialLdd1_ReceiveBlock
 .text.ASerialLdd1_SendBlock
                0x0000b21c       0xbc ./Generated_Code/ASerialLdd1.o
                0x0000b21c                ASerialLdd1_SendBlock
 .text.ASerialLdd1_SelectBaudRate
                0x0000b2d8       0x9c ./Generated_Code/ASerialLdd1.o
                0x0000b2d8                ASerialLdd1_SelectBaudRate
 .text.InterruptRx
                0x0000b374       0x58 ./Generated_Code/ASerialLdd1.o
 .text.InterruptTx
                0x0000b3cc       0x9c ./Generated_Code/ASerialLdd1.o
 .text.ASerialLdd1_Interrupt
                0x0000b468      0x130 ./Generated_Code/ASerialLdd1.o
                0x0000b468                ASerialLdd1_Interrupt
 .text.ASerialLdd1_GetError
                0x0000b598       0x70 ./Generated_Code/ASerialLdd1.o
                0x0000b598                ASerialLdd1_GetError
 .text.BitIoLdd1_Init
                0x0000b608       0x64 ./Generated_Code/BitIoLdd1.o
                0x0000b608                BitIoLdd1_Init
 .text.BitIoLdd2_Init
                0x0000b66c       0x64 ./Generated_Code/BitIoLdd2.o
                0x0000b66c                BitIoLdd2_Init
 .text.BitIoLdd2_ClrVal
                0x0000b6d0       0x1c ./Generated_Code/BitIoLdd2.o
                0x0000b6d0                BitIoLdd2_ClrVal
 .text.BitIoLdd2_SetVal
                0x0000b6ec       0x1c ./Generated_Code/BitIoLdd2.o
                0x0000b6ec                BitIoLdd2_SetVal
 .text.BitIoLdd3_Init
                0x0000b708       0x64 ./Generated_Code/BitIoLdd3.o
                0x0000b708                BitIoLdd3_Init
 .text.BitIoLdd3_ClrVal
                0x0000b76c       0x1c ./Generated_Code/BitIoLdd3.o
                0x0000b76c                BitIoLdd3_ClrVal
 .text.BitIoLdd3_SetVal
                0x0000b788       0x1c ./Generated_Code/BitIoLdd3.o
                0x0000b788                BitIoLdd3_SetVal
 .text.BitIoLdd4_Init
                0x0000b7a4       0x64 ./Generated_Code/BitIoLdd4.o
                0x0000b7a4                BitIoLdd4_Init
 .text.BitIoLdd4_ClrVal
                0x0000b808       0x1c ./Generated_Code/BitIoLdd4.o
                0x0000b808                BitIoLdd4_ClrVal
 .text.BitIoLdd4_SetVal
                0x0000b824       0x1c ./Generated_Code/BitIoLdd4.o
                0x0000b824                BitIoLdd4_SetVal
 .text.BitIoLdd5_Init
                0x0000b840       0x64 ./Generated_Code/BitIoLdd5.o
                0x0000b840                BitIoLdd5_Init
 .text.BitIoLdd5_ClrVal
                0x0000b8a4       0x1c ./Generated_Code/BitIoLdd5.o
                0x0000b8a4                BitIoLdd5_ClrVal
 .text.BitIoLdd6_Init
                0x0000b8c0       0x64 ./Generated_Code/BitIoLdd6.o
                0x0000b8c0                BitIoLdd6_Init
 .text.BitIoLdd6_ClrVal
                0x0000b924       0x20 ./Generated_Code/BitIoLdd6.o
                0x0000b924                BitIoLdd6_ClrVal
 .text.BitIoLdd6_SetVal
                0x0000b944       0x20 ./Generated_Code/BitIoLdd6.o
                0x0000b944                BitIoLdd6_SetVal
 .text.BitIoLdd7_Init
                0x0000b964       0x64 ./Generated_Code/BitIoLdd7.o
                0x0000b964                BitIoLdd7_Init
 .text.BitIoLdd7_ClrVal
                0x0000b9c8       0x1c ./Generated_Code/BitIoLdd7.o
                0x0000b9c8                BitIoLdd7_ClrVal
 .text.BitIoLdd7_SetVal
                0x0000b9e4       0x1c ./Generated_Code/BitIoLdd7.o
                0x0000b9e4                BitIoLdd7_SetVal
 .text.BitIoLdd8_Init
                0x0000ba00       0x64 ./Generated_Code/BitIoLdd8.o
                0x0000ba00                BitIoLdd8_Init
 .text.BitIoLdd8_ClrVal
                0x0000ba64       0x1c ./Generated_Code/BitIoLdd8.o
                0x0000ba64                BitIoLdd8_ClrVal
 .text.BitIoLdd8_SetVal
                0x0000ba80       0x1c ./Generated_Code/BitIoLdd8.o
                0x0000ba80                BitIoLdd8_SetVal
 .text.Cpu_ivINT_PORTC
                0x0000ba9c       0x30 ./Generated_Code/Cpu.o
                0x0000ba9c                Cpu_ivINT_PORTC
 .text.Cpu_ivINT_NMI
                0x0000bacc       0x18 ./Generated_Code/Cpu.o
                0x0000bacc                Cpu_ivINT_NMI
 .text.Cpu_ivINT_Hard_Fault
                0x0000bae4       0x18 ./Generated_Code/Cpu.o
                0x0000bae4                Cpu_ivINT_Hard_Fault
 .text.Cpu_ivINT_Mem_Manage_Fault
                0x0000bafc       0x18 ./Generated_Code/Cpu.o
                0x0000bafc                Cpu_ivINT_Mem_Manage_Fault
 .text.Cpu_ivINT_Bus_Fault
                0x0000bb14       0x18 ./Generated_Code/Cpu.o
                0x0000bb14                Cpu_ivINT_Bus_Fault
 .text.Cpu_ivINT_Usage_Fault
                0x0000bb2c       0x18 ./Generated_Code/Cpu.o
                0x0000bb2c                Cpu_ivINT_Usage_Fault
 .text.Cpu_ivINT_Reserved7
                0x0000bb44       0x18 ./Generated_Code/Cpu.o
                0x0000bb44                Cpu_ivINT_Reserved7
 .text.Cpu_ivINT_Reserved8
                0x0000bb5c       0x18 ./Generated_Code/Cpu.o
                0x0000bb5c                Cpu_ivINT_Reserved8
 .text.Cpu_ivINT_Reserved9
                0x0000bb74       0x18 ./Generated_Code/Cpu.o
                0x0000bb74                Cpu_ivINT_Reserved9
 .text.Cpu_ivINT_Reserved10
                0x0000bb8c       0x18 ./Generated_Code/Cpu.o
                0x0000bb8c                Cpu_ivINT_Reserved10
 .text.Cpu_ivINT_SVCall
                0x0000bba4       0x18 ./Generated_Code/Cpu.o
                0x0000bba4                Cpu_ivINT_SVCall
 .text.Cpu_ivINT_DebugMonitor
                0x0000bbbc       0x18 ./Generated_Code/Cpu.o
                0x0000bbbc                Cpu_ivINT_DebugMonitor
 .text.Cpu_ivINT_Reserved13
                0x0000bbd4       0x18 ./Generated_Code/Cpu.o
                0x0000bbd4                Cpu_ivINT_Reserved13
 .text.Cpu_ivINT_PendableSrvReq
                0x0000bbec       0x18 ./Generated_Code/Cpu.o
                0x0000bbec                Cpu_ivINT_PendableSrvReq
 .text.Cpu_ivINT_SysTick
                0x0000bc04       0x18 ./Generated_Code/Cpu.o
                0x0000bc04                Cpu_ivINT_SysTick
 .text.Cpu_ivINT_DMA0
                0x0000bc1c       0x18 ./Generated_Code/Cpu.o
                0x0000bc1c                Cpu_ivINT_DMA0
 .text.Cpu_ivINT_DMA1
                0x0000bc34       0x18 ./Generated_Code/Cpu.o
                0x0000bc34                Cpu_ivINT_DMA1
 .text.Cpu_ivINT_DMA2
                0x0000bc4c       0x18 ./Generated_Code/Cpu.o
                0x0000bc4c                Cpu_ivINT_DMA2
 .text.Cpu_ivINT_DMA3
                0x0000bc64       0x18 ./Generated_Code/Cpu.o
                0x0000bc64                Cpu_ivINT_DMA3
 .text.Cpu_ivINT_DMA4
                0x0000bc7c       0x18 ./Generated_Code/Cpu.o
                0x0000bc7c                Cpu_ivINT_DMA4
 .text.Cpu_ivINT_DMA5
                0x0000bc94       0x18 ./Generated_Code/Cpu.o
                0x0000bc94                Cpu_ivINT_DMA5
 .text.Cpu_ivINT_DMA6
                0x0000bcac       0x18 ./Generated_Code/Cpu.o
                0x0000bcac                Cpu_ivINT_DMA6
 .text.Cpu_ivINT_DMA7
                0x0000bcc4       0x18 ./Generated_Code/Cpu.o
                0x0000bcc4                Cpu_ivINT_DMA7
 .text.Cpu_ivINT_DMA8
                0x0000bcdc       0x18 ./Generated_Code/Cpu.o
                0x0000bcdc                Cpu_ivINT_DMA8
 .text.Cpu_ivINT_DMA9
                0x0000bcf4       0x18 ./Generated_Code/Cpu.o
                0x0000bcf4                Cpu_ivINT_DMA9
 .text.Cpu_ivINT_DMA10
                0x0000bd0c       0x18 ./Generated_Code/Cpu.o
                0x0000bd0c                Cpu_ivINT_DMA10
 .text.Cpu_ivINT_DMA11
                0x0000bd24       0x18 ./Generated_Code/Cpu.o
                0x0000bd24                Cpu_ivINT_DMA11
 .text.Cpu_ivINT_DMA12
                0x0000bd3c       0x18 ./Generated_Code/Cpu.o
                0x0000bd3c                Cpu_ivINT_DMA12
 .text.Cpu_ivINT_DMA13
                0x0000bd54       0x18 ./Generated_Code/Cpu.o
                0x0000bd54                Cpu_ivINT_DMA13
 .text.Cpu_ivINT_DMA14
                0x0000bd6c       0x18 ./Generated_Code/Cpu.o
                0x0000bd6c                Cpu_ivINT_DMA14
 .text.Cpu_ivINT_DMA15
                0x0000bd84       0x18 ./Generated_Code/Cpu.o
                0x0000bd84                Cpu_ivINT_DMA15
 .text.Cpu_ivINT_DMA_Error
                0x0000bd9c       0x18 ./Generated_Code/Cpu.o
                0x0000bd9c                Cpu_ivINT_DMA_Error
 .text.Cpu_ivINT_MCM
                0x0000bdb4       0x18 ./Generated_Code/Cpu.o
                0x0000bdb4                Cpu_ivINT_MCM
 .text.Cpu_ivINT_FTFL
                0x0000bdcc       0x18 ./Generated_Code/Cpu.o
                0x0000bdcc                Cpu_ivINT_FTFL
 .text.Cpu_ivINT_Read_Collision
                0x0000bde4       0x18 ./Generated_Code/Cpu.o
                0x0000bde4                Cpu_ivINT_Read_Collision
 .text.Cpu_ivINT_LVD_LVW
                0x0000bdfc       0x18 ./Generated_Code/Cpu.o
                0x0000bdfc                Cpu_ivINT_LVD_LVW
 .text.Cpu_ivINT_LLW
                0x0000be14       0x18 ./Generated_Code/Cpu.o
                0x0000be14                Cpu_ivINT_LLW
 .text.Cpu_ivINT_Watchdog
                0x0000be2c       0x18 ./Generated_Code/Cpu.o
                0x0000be2c                Cpu_ivINT_Watchdog
 .text.Cpu_ivINT_Reserved39
                0x0000be44       0x18 ./Generated_Code/Cpu.o
                0x0000be44                Cpu_ivINT_Reserved39
 .text.Cpu_ivINT_I2C1
                0x0000be5c       0x18 ./Generated_Code/Cpu.o
                0x0000be5c                Cpu_ivINT_I2C1
 .text.Cpu_ivINT_SPI0
                0x0000be74       0x18 ./Generated_Code/Cpu.o
                0x0000be74                Cpu_ivINT_SPI0
 .text.Cpu_ivINT_SPI1
                0x0000be8c       0x18 ./Generated_Code/Cpu.o
                0x0000be8c                Cpu_ivINT_SPI1
 .text.Cpu_ivINT_Reserved44
                0x0000bea4       0x18 ./Generated_Code/Cpu.o
                0x0000bea4                Cpu_ivINT_Reserved44
 .text.Cpu_ivINT_CAN0_ORed_Message_buffer
                0x0000bebc       0x18 ./Generated_Code/Cpu.o
                0x0000bebc                Cpu_ivINT_CAN0_ORed_Message_buffer
 .text.Cpu_ivINT_CAN0_Bus_Off
                0x0000bed4       0x18 ./Generated_Code/Cpu.o
                0x0000bed4                Cpu_ivINT_CAN0_Bus_Off
 .text.Cpu_ivINT_CAN0_Error
                0x0000beec       0x18 ./Generated_Code/Cpu.o
                0x0000beec                Cpu_ivINT_CAN0_Error
 .text.Cpu_ivINT_CAN0_Tx_Warning
                0x0000bf04       0x18 ./Generated_Code/Cpu.o
                0x0000bf04                Cpu_ivINT_CAN0_Tx_Warning
 .text.Cpu_ivINT_CAN0_Rx_Warning
                0x0000bf1c       0x18 ./Generated_Code/Cpu.o
                0x0000bf1c                Cpu_ivINT_CAN0_Rx_Warning
 .text.Cpu_ivINT_CAN0_Wake_Up
                0x0000bf34       0x18 ./Generated_Code/Cpu.o
                0x0000bf34                Cpu_ivINT_CAN0_Wake_Up
 .text.Cpu_ivINT_I2S0_Tx
                0x0000bf4c       0x18 ./Generated_Code/Cpu.o
                0x0000bf4c                Cpu_ivINT_I2S0_Tx
 .text.Cpu_ivINT_I2S0_Rx
                0x0000bf64       0x18 ./Generated_Code/Cpu.o
                0x0000bf64                Cpu_ivINT_I2S0_Rx
 .text.Cpu_ivINT_Reserved53
                0x0000bf7c       0x18 ./Generated_Code/Cpu.o
                0x0000bf7c                Cpu_ivINT_Reserved53
 .text.Cpu_ivINT_Reserved54
                0x0000bf94       0x18 ./Generated_Code/Cpu.o
                0x0000bf94                Cpu_ivINT_Reserved54
 .text.Cpu_ivINT_Reserved55
                0x0000bfac       0x18 ./Generated_Code/Cpu.o
                0x0000bfac                Cpu_ivINT_Reserved55
 .text.Cpu_ivINT_Reserved56
                0x0000bfc4       0x18 ./Generated_Code/Cpu.o
                0x0000bfc4                Cpu_ivINT_Reserved56
 .text.Cpu_ivINT_Reserved57
                0x0000bfdc       0x18 ./Generated_Code/Cpu.o
                0x0000bfdc                Cpu_ivINT_Reserved57
 .text.Cpu_ivINT_Reserved58
                0x0000bff4       0x18 ./Generated_Code/Cpu.o
                0x0000bff4                Cpu_ivINT_Reserved58
 .text.Cpu_ivINT_Reserved59
                0x0000c00c       0x18 ./Generated_Code/Cpu.o
                0x0000c00c                Cpu_ivINT_Reserved59
 .text.Cpu_ivINT_UART0_LON
                0x0000c024       0x18 ./Generated_Code/Cpu.o
                0x0000c024                Cpu_ivINT_UART0_LON
 .text.Cpu_ivINT_UART1_RX_TX
                0x0000c03c       0x18 ./Generated_Code/Cpu.o
                0x0000c03c                Cpu_ivINT_UART1_RX_TX
 .text.Cpu_ivINT_UART1_ERR
                0x0000c054       0x18 ./Generated_Code/Cpu.o
                0x0000c054                Cpu_ivINT_UART1_ERR
 .text.Cpu_ivINT_UART2_RX_TX
                0x0000c06c       0x18 ./Generated_Code/Cpu.o
                0x0000c06c                Cpu_ivINT_UART2_RX_TX
 .text.Cpu_ivINT_UART2_ERR
                0x0000c084       0x18 ./Generated_Code/Cpu.o
                0x0000c084                Cpu_ivINT_UART2_ERR
 .text.Cpu_ivINT_UART3_RX_TX
                0x0000c09c       0x18 ./Generated_Code/Cpu.o
                0x0000c09c                Cpu_ivINT_UART3_RX_TX
 .text.Cpu_ivINT_UART3_ERR
                0x0000c0b4       0x18 ./Generated_Code/Cpu.o
                0x0000c0b4                Cpu_ivINT_UART3_ERR
 .text.Cpu_ivINT_Reserved69
                0x0000c0cc       0x18 ./Generated_Code/Cpu.o
                0x0000c0cc                Cpu_ivINT_Reserved69
 .text.Cpu_ivINT_Reserved70
                0x0000c0e4       0x18 ./Generated_Code/Cpu.o
                0x0000c0e4                Cpu_ivINT_Reserved70
 .text.Cpu_ivINT_Reserved71
                0x0000c0fc       0x18 ./Generated_Code/Cpu.o
                0x0000c0fc                Cpu_ivINT_Reserved71
 .text.Cpu_ivINT_Reserved72
                0x0000c114       0x18 ./Generated_Code/Cpu.o
                0x0000c114                Cpu_ivINT_Reserved72
 .text.Cpu_ivINT_ADC0
                0x0000c12c       0x18 ./Generated_Code/Cpu.o
                0x0000c12c                Cpu_ivINT_ADC0
 .text.Cpu_ivINT_ADC1
                0x0000c144       0x18 ./Generated_Code/Cpu.o
                0x0000c144                Cpu_ivINT_ADC1
 .text.Cpu_ivINT_CMP0
                0x0000c15c       0x18 ./Generated_Code/Cpu.o
                0x0000c15c                Cpu_ivINT_CMP0
 .text.Cpu_ivINT_CMP1
                0x0000c174       0x18 ./Generated_Code/Cpu.o
                0x0000c174                Cpu_ivINT_CMP1
 .text.Cpu_ivINT_CMP2
                0x0000c18c       0x18 ./Generated_Code/Cpu.o
                0x0000c18c                Cpu_ivINT_CMP2
 .text.Cpu_ivINT_CMT
                0x0000c1a4       0x18 ./Generated_Code/Cpu.o
                0x0000c1a4                Cpu_ivINT_CMT
 .text.Cpu_ivINT_RTC
                0x0000c1bc       0x18 ./Generated_Code/Cpu.o
                0x0000c1bc                Cpu_ivINT_RTC
 .text.Cpu_ivINT_RTC_Seconds
                0x0000c1d4       0x18 ./Generated_Code/Cpu.o
                0x0000c1d4                Cpu_ivINT_RTC_Seconds
 .text.Cpu_ivINT_PIT0
                0x0000c1ec       0x18 ./Generated_Code/Cpu.o
                0x0000c1ec                Cpu_ivINT_PIT0
 .text.Cpu_ivINT_PIT1
                0x0000c204       0x18 ./Generated_Code/Cpu.o
                0x0000c204                Cpu_ivINT_PIT1
 .text.Cpu_ivINT_PIT2
                0x0000c21c       0x18 ./Generated_Code/Cpu.o
                0x0000c21c                Cpu_ivINT_PIT2
 .text.Cpu_ivINT_PIT3
                0x0000c234       0x18 ./Generated_Code/Cpu.o
                0x0000c234                Cpu_ivINT_PIT3
 .text.Cpu_ivINT_PDB0
                0x0000c24c       0x18 ./Generated_Code/Cpu.o
                0x0000c24c                Cpu_ivINT_PDB0
 .text.Cpu_ivINT_USB0
                0x0000c264       0x18 ./Generated_Code/Cpu.o
                0x0000c264                Cpu_ivINT_USB0
 .text.Cpu_ivINT_USBDCD
                0x0000c27c       0x18 ./Generated_Code/Cpu.o
                0x0000c27c                Cpu_ivINT_USBDCD
 .text.Cpu_ivINT_Reserved91
                0x0000c294       0x18 ./Generated_Code/Cpu.o
                0x0000c294                Cpu_ivINT_Reserved91
 .text.Cpu_ivINT_Reserved92
                0x0000c2ac       0x18 ./Generated_Code/Cpu.o
                0x0000c2ac                Cpu_ivINT_Reserved92
 .text.Cpu_ivINT_Reserved93
                0x0000c2c4       0x18 ./Generated_Code/Cpu.o
                0x0000c2c4                Cpu_ivINT_Reserved93
 .text.Cpu_ivINT_Reserved94
                0x0000c2dc       0x18 ./Generated_Code/Cpu.o
                0x0000c2dc                Cpu_ivINT_Reserved94
 .text.Cpu_ivINT_Reserved95
                0x0000c2f4       0x18 ./Generated_Code/Cpu.o
                0x0000c2f4                Cpu_ivINT_Reserved95
 .text.Cpu_ivINT_Reserved96
                0x0000c30c       0x18 ./Generated_Code/Cpu.o
                0x0000c30c                Cpu_ivINT_Reserved96
 .text.Cpu_ivINT_DAC0
                0x0000c324       0x18 ./Generated_Code/Cpu.o
                0x0000c324                Cpu_ivINT_DAC0
 .text.Cpu_ivINT_Reserved98
                0x0000c33c       0x18 ./Generated_Code/Cpu.o
                0x0000c33c                Cpu_ivINT_Reserved98
 .text.Cpu_ivINT_TSI0
                0x0000c354       0x18 ./Generated_Code/Cpu.o
                0x0000c354                Cpu_ivINT_TSI0
 .text.Cpu_ivINT_MCG
                0x0000c36c       0x18 ./Generated_Code/Cpu.o
                0x0000c36c                Cpu_ivINT_MCG
 .text.Cpu_ivINT_LPTimer
                0x0000c384       0x18 ./Generated_Code/Cpu.o
                0x0000c384                Cpu_ivINT_LPTimer
 .text.Cpu_ivINT_Reserved102
                0x0000c39c       0x18 ./Generated_Code/Cpu.o
                0x0000c39c                Cpu_ivINT_Reserved102
 .text.Cpu_ivINT_PORTA
                0x0000c3b4       0x18 ./Generated_Code/Cpu.o
                0x0000c3b4                Cpu_ivINT_PORTA
 .text.Cpu_ivINT_PORTB
                0x0000c3cc       0x18 ./Generated_Code/Cpu.o
                0x0000c3cc                Cpu_ivINT_PORTB
 .text.Cpu_ivINT_PORTD
                0x0000c3e4       0x18 ./Generated_Code/Cpu.o
                0x0000c3e4                Cpu_ivINT_PORTD
 .text.Cpu_ivINT_PORTE
                0x0000c3fc       0x18 ./Generated_Code/Cpu.o
                0x0000c3fc                Cpu_ivINT_PORTE
 .text.Cpu_ivINT_Reserved108
                0x0000c414       0x18 ./Generated_Code/Cpu.o
                0x0000c414                Cpu_ivINT_Reserved108
 .text.Cpu_ivINT_Reserved109
                0x0000c42c       0x18 ./Generated_Code/Cpu.o
                0x0000c42c                Cpu_ivINT_Reserved109
 .text.Cpu_ivINT_SWI
                0x0000c444       0x18 ./Generated_Code/Cpu.o
                0x0000c444                Cpu_ivINT_SWI
 .text.__init_hardware
                0x0000c45c      0x140 ./Generated_Code/Cpu.o
                0x0000c45c                __init_hardware
 .text.Cpu_SetBASEPRI
                0x0000c59c       0x18 ./Generated_Code/Cpu.o
                0x0000c59c                Cpu_SetBASEPRI
 .text.PE_low_level_init
                0x0000c5b4       0xec ./Generated_Code/Cpu.o
                0x0000c5b4                PE_low_level_init
 .text.ENCODER_Init
                0x0000c6a0       0xac ./Generated_Code/ENCODER.o
                0x0000c6a0                ENCODER_Init
 .text.ENCODER_GetFieldValue
                0x0000c74c       0x40 ./Generated_Code/ENCODER.o
                0x0000c74c                ENCODER_GetFieldValue
 .text.ENCODER_Interrupt
                0x0000c78c       0x4c ./Generated_Code/ENCODER.o
                0x0000c78c                ENCODER_Interrupt
 .text.ExtIntLdd1_OnInterrupt
                0x0000c7d8       0x14 ./Generated_Code/ENCODER_PUSH.o
                0x0000c7d8                ExtIntLdd1_OnInterrupt
 .text.ExtIntLdd1_Init
                0x0000c7ec       0x80 ./Generated_Code/ExtIntLdd1.o
                0x0000c7ec                ExtIntLdd1_Init
 .text.ExtIntLdd1_Interrupt
                0x0000c86c       0x3c ./Generated_Code/ExtIntLdd1.o
                0x0000c86c                ExtIntLdd1_Interrupt
 .text.ExtIntLdd1_GetVal
                0x0000c8a8       0x2c ./Generated_Code/ExtIntLdd1.o
                0x0000c8a8                ExtIntLdd1_GetVal
 .text.ExtIntLdd2_Init
                0x0000c8d4       0x80 ./Generated_Code/ExtIntLdd2.o
                0x0000c8d4                ExtIntLdd2_Init
 .text.ExtIntLdd2_Interrupt
                0x0000c954       0x3c ./Generated_Code/ExtIntLdd2.o
                0x0000c954                ExtIntLdd2_Interrupt
 .text.ExtIntLdd2_GetVal
                0x0000c990       0x2c ./Generated_Code/ExtIntLdd2.o
                0x0000c990                ExtIntLdd2_GetVal
 .text.ExtIntLdd3_Init
                0x0000c9bc       0x80 ./Generated_Code/ExtIntLdd3.o
                0x0000c9bc                ExtIntLdd3_Init
 .text.ExtIntLdd3_Interrupt
                0x0000ca3c       0x3c ./Generated_Code/ExtIntLdd3.o
                0x0000ca3c                ExtIntLdd3_Interrupt
 .text.ExtIntLdd3_GetVal
                0x0000ca78       0x2c ./Generated_Code/ExtIntLdd3.o
                0x0000ca78                ExtIntLdd3_GetVal
 .text.ExtIntLdd4_Init
                0x0000caa4       0x7c ./Generated_Code/ExtIntLdd4.o
                0x0000caa4                ExtIntLdd4_Init
 .text.ExtIntLdd4_Interrupt
                0x0000cb20       0x3c ./Generated_Code/ExtIntLdd4.o
                0x0000cb20                ExtIntLdd4_Interrupt
 .text.ExtIntLdd5_Init
                0x0000cb5c       0x7c ./Generated_Code/ExtIntLdd5.o
                0x0000cb5c                ExtIntLdd5_Init
 .text.ExtIntLdd5_Interrupt
                0x0000cbd8       0x3c ./Generated_Code/ExtIntLdd5.o
                0x0000cbd8                ExtIntLdd5_Interrupt
 .text.I2C0_SendChar
                0x0000cc14       0x2c ./Generated_Code/I2C0.o
                0x0000cc14                I2C0_SendChar
 .text.I2C0_SendBlock
                0x0000cc40       0xc0 ./Generated_Code/I2C0.o
                0x0000cc40                I2C0_SendBlock
 .text.I2C0_SelectSlave
                0x0000cd00       0x34 ./Generated_Code/I2C0.o
                0x0000cd00                I2C0_SelectSlave
 .text.I2C0_Init
                0x0000cd34       0x20 ./Generated_Code/I2C0.o
                0x0000cd34                I2C0_Init
 .text.IntI2cLdd1_OnMasterBlockSent
                0x0000cd54       0x14 ./Generated_Code/I2C0.o
                0x0000cd54                IntI2cLdd1_OnMasterBlockSent
 .text.IntI2cLdd1_OnMasterBlockReceived
                0x0000cd68       0x14 ./Generated_Code/I2C0.o
                0x0000cd68                IntI2cLdd1_OnMasterBlockReceived
 .text.IntI2cLdd1_OnError
                0x0000cd7c       0x30 ./Generated_Code/I2C0.o
                0x0000cd7c                IntI2cLdd1_OnError
 .text.IFsh1_GetFlash
                0x0000cdac       0x84 ./Generated_Code/IFsh1.o
                0x0000cdac                IFsh1_GetFlash
 .text.IFsh1_SetFlash
                0x0000ce30      0x1a8 ./Generated_Code/IFsh1.o
                0x0000ce30                IFsh1_SetFlash
 .text.IFsh1_Init
                0x0000cfd8       0x2c ./Generated_Code/IFsh1.o
                0x0000cfd8                IFsh1_Init
 .text.IFsh1_SetByteFlash
                0x0000d004       0x24 ./Generated_Code/IFsh1.o
                0x0000d004                IFsh1_SetByteFlash
 .text.IFsh1_GetByteFlash
                0x0000d028       0x20 ./Generated_Code/IFsh1.o
                0x0000d028                IFsh1_GetByteFlash
 .text.IFsh1_SetLongFlash
                0x0000d048       0x20 ./Generated_Code/IFsh1.o
                0x0000d048                IFsh1_SetLongFlash
 .text.IFsh1_GetLongFlash
                0x0000d068       0x20 ./Generated_Code/IFsh1.o
                0x0000d068                IFsh1_GetLongFlash
 .text.IntFlashLdd1_OnOperationComplete
                0x0000d088      0x190 ./Generated_Code/IFsh1.o
                0x0000d088                IntFlashLdd1_OnOperationComplete
 .text.IntFlashLdd1_OnError
                0x0000d218       0x54 ./Generated_Code/IFsh1.o
                0x0000d218                IntFlashLdd1_OnError
 .text.IntFlashLdd1_Init
                0x0000d26c       0x64 ./Generated_Code/IntFlashLdd1.o
                0x0000d26c                IntFlashLdd1_Init
 .text.IntFlashLdd1_Write
                0x0000d2d0       0x74 ./Generated_Code/IntFlashLdd1.o
                0x0000d2d0                IntFlashLdd1_Write
 .text.IntFlashLdd1_Read
                0x0000d344       0x70 ./Generated_Code/IntFlashLdd1.o
                0x0000d344                IntFlashLdd1_Read
 .text.IntFlashLdd1_Erase
                0x0000d3b4       0x94 ./Generated_Code/IntFlashLdd1.o
                0x0000d3b4                IntFlashLdd1_Erase
 .text.IntFlashLdd1_Main
                0x0000d448      0x2f4 ./Generated_Code/IntFlashLdd1.o
                0x0000d448                IntFlashLdd1_Main
 .text.IntFlashLdd1_GetError
                0x0000d73c       0x90 ./Generated_Code/IntFlashLdd1.o
                0x0000d73c                IntFlashLdd1_GetError
 .text.RangeCheck
                0x0000d7cc       0x38 ./Generated_Code/IntFlashLdd1.o
 .text.SafeRoutineCaller
                0x0000d804       0x94 ./Generated_Code/IntFlashLdd1.o
 .text.IntI2cLdd1_Interrupt
                0x0000d898      0x2d4 ./Generated_Code/IntI2cLdd1.o
                0x0000d898                IntI2cLdd1_Interrupt
 .text.IntI2cLdd1_Init
                0x0000db6c      0x13c ./Generated_Code/IntI2cLdd1.o
                0x0000db6c                IntI2cLdd1_Init
 .text.IntI2cLdd1_MasterSendBlock
                0x0000dca8      0x190 ./Generated_Code/IntI2cLdd1.o
                0x0000dca8                IntI2cLdd1_MasterSendBlock
 .text.IntI2cLdd1_SelectSlaveDevice
                0x0000de38       0xf0 ./Generated_Code/IntI2cLdd1.o
                0x0000de38                IntI2cLdd1_SelectSlaveDevice
 .text.IntI2cLdd1_GetError
                0x0000df28       0x70 ./Generated_Code/IntI2cLdd1.o
                0x0000df28                IntI2cLdd1_GetError
 .text.ExtIntLdd3_OnInterrupt
                0x0000df98       0x14 ./Generated_Code/LEVER_DIR1.o
                0x0000df98                ExtIntLdd3_OnInterrupt
 .text.ExtIntLdd2_OnInterrupt
                0x0000dfac       0x14 ./Generated_Code/LEVER_DIR2.o
                0x0000dfac                ExtIntLdd2_OnInterrupt
 .text.ExtIntLdd5_OnInterrupt
                0x0000dfc0       0x14 ./Generated_Code/PUSH_BUTTON_REC.o
                0x0000dfc0                ExtIntLdd5_OnInterrupt
 .text.ExtIntLdd4_OnInterrupt
                0x0000dfd4       0x14 ./Generated_Code/PUSH_BUTTON_SEND.o
                0x0000dfd4                ExtIntLdd4_OnInterrupt
 .text.TU1_Init
                0x0000dfe8       0xb0 ./Generated_Code/TU1.o
                0x0000dfe8                TU1_Init
 .text.TU1_Enable
                0x0000e098       0x30 ./Generated_Code/TU1.o
                0x0000e098                TU1_Enable
 .text.TU1_Disable
                0x0000e0c8       0x28 ./Generated_Code/TU1.o
                0x0000e0c8                TU1_Disable
 .text.TU1_Interrupt
                0x0000e0f0       0x6c ./Generated_Code/TU1.o
                0x0000e0f0                TU1_Interrupt
 .text.T_100ms_Init
                0x0000e15c       0xb0 ./Generated_Code/T_100ms.o
                0x0000e15c                T_100ms_Init
 .text.T_100ms_Enable
                0x0000e20c       0x30 ./Generated_Code/T_100ms.o
                0x0000e20c                T_100ms_Enable
 .text.T_100ms_Disable
                0x0000e23c       0x28 ./Generated_Code/T_100ms.o
                0x0000e23c                T_100ms_Disable
 .text.T_100ms_Interrupt
                0x0000e264       0x6c ./Generated_Code/T_100ms.o
                0x0000e264                T_100ms_Interrupt
 .text.T_500ms_Init
                0x0000e2d0       0xcc ./Generated_Code/T_500ms.o
                0x0000e2d0                T_500ms_Init
 .text.T_500ms_Interrupt
                0x0000e39c       0x6c ./Generated_Code/T_500ms.o
                0x0000e39c                T_500ms_Interrupt
 .text.WAIT1_Wait10Cycles
                0x0000e408        0x8 ./Generated_Code/WAIT1.o
                0x0000e408                WAIT1_Wait10Cycles
 .text.WAIT1_Wait100Cycles
                0x0000e410       0x1c ./Generated_Code/WAIT1.o
                0x0000e410                WAIT1_Wait100Cycles
 .text.WAIT1_WaitCycles
                0x0000e42c       0x34 ./Generated_Code/WAIT1.o
                0x0000e42c                WAIT1_WaitCycles
 .text.WAIT1_WaitLongCycles
                0x0000e460       0x38 ./Generated_Code/WAIT1.o
                0x0000e460                WAIT1_WaitLongCycles
 .text.WAIT1_Waitms
                0x0000e498       0x2c ./Generated_Code/WAIT1.o
                0x0000e498                WAIT1_Waitms
 .text.round    0x0000e4c4       0x9c c:/freescale/kds_v3/toolchain/bin/../lib/gcc/arm-none-eabi/4.8.4/../../../../arm-none-eabi/lib/armv7e-m\libm.a(lib_a-s_round.o)
                0x0000e4c4                round
 .text.pow      0x0000e560      0x2f8 c:/freescale/kds_v3/toolchain/bin/../lib/gcc/arm-none-eabi/4.8.4/../../../../arm-none-eabi/lib/armv7e-m\libm.a(lib_a-w_pow.o)
                0x0000e560                pow
 .text.__ieee754_pow
                0x0000e858      0xa78 c:/freescale/kds_v3/toolchain/bin/../lib/gcc/arm-none-eabi/4.8.4/../../../../arm-none-eabi/lib/armv7e-m\libm.a(lib_a-e_pow.o)
                0x0000e858                __ieee754_pow
 .text.__ieee754_sqrt
                0x0000f2d0      0x180 c:/freescale/kds_v3/toolchain/bin/../lib/gcc/arm-none-eabi/4.8.4/../../../../arm-none-eabi/lib/armv7e-m\libm.a(lib_a-e_sqrt.o)
                0x0000f2d0                __ieee754_sqrt
 .text.fabs     0x0000f450        0x8 c:/freescale/kds_v3/toolchain/bin/../lib/gcc/arm-none-eabi/4.8.4/../../../../arm-none-eabi/lib/armv7e-m\libm.a(lib_a-s_fabs.o)
                0x0000f450                fabs
 .text.finite   0x0000f458        0xc c:/freescale/kds_v3/toolchain/bin/../lib/gcc/arm-none-eabi/4.8.4/../../../../arm-none-eabi/lib/armv7e-m\libm.a(lib_a-s_finite.o)
                0x0000f458                finite
 .text.__fpclassifyd
                0x0000f464       0x50 c:/freescale/kds_v3/toolchain/bin/../lib/gcc/arm-none-eabi/4.8.4/../../../../arm-none-eabi/lib/armv7e-m\libm.a(lib_a-s_fpclassify.o)
                0x0000f464                __fpclassifyd
 .text.matherr  0x0000f4b4        0x4 c:/freescale/kds_v3/toolchain/bin/../lib/gcc/arm-none-eabi/4.8.4/../../../../arm-none-eabi/lib/armv7e-m\libm.a(lib_a-s_matherr.o)
                0x0000f4b4                matherr
 .text.nan      0x0000f4b8        0xc c:/freescale/kds_v3/toolchain/bin/../lib/gcc/arm-none-eabi/4.8.4/../../../../arm-none-eabi/lib/armv7e-m\libm.a(lib_a-s_nan.o)
                0x0000f4b8                nan
 .text.rint     0x0000f4c4      0x118 c:/freescale/kds_v3/toolchain/bin/../lib/gcc/arm-none-eabi/4.8.4/../../../../arm-none-eabi/lib/armv7e-m\libm.a(lib_a-s_rint.o)
                0x0000f4c4                rint
 *fill*         0x0000f5dc        0x4 
 .text.scalbn   0x0000f5e0      0x118 c:/freescale/kds_v3/toolchain/bin/../lib/gcc/arm-none-eabi/4.8.4/../../../../arm-none-eabi/lib/armv7e-m\libm.a(lib_a-s_scalbn.o)
                0x0000f5e0                scalbn
 .text.copysign
                0x0000f6f8       0x14 c:/freescale/kds_v3/toolchain/bin/../lib/gcc/arm-none-eabi/4.8.4/../../../../arm-none-eabi/lib/armv7e-m\libm.a(lib_a-s_copysign.o)
                0x0000f6f8                copysign
 .text.abort    0x0000f70c        0xe c:/freescale/kds_v3/toolchain/bin/../lib/gcc/arm-none-eabi/4.8.4/../../../../arm-none-eabi/lib/armv7e-m\libg_s.a(lib_a-abort.o)
                0x0000f70c                abort
 *fill*         0x0000f71a        0x2 
 .text.__errno  0x0000f71c        0xc c:/freescale/kds_v3/toolchain/bin/../lib/gcc/arm-none-eabi/4.8.4/../../../../arm-none-eabi/lib/armv7e-m\libg_s.a(lib_a-errno.o)
                0x0000f71c                __errno
 .text.exit     0x0000f728       0x28 c:/freescale/kds_v3/toolchain/bin/../lib/gcc/arm-none-eabi/4.8.4/../../../../arm-none-eabi/lib/armv7e-m\libg_s.a(lib_a-exit.o)
                0x0000f728                exit
 .text.__libc_init_array
                0x0000f750       0x4c c:/freescale/kds_v3/toolchain/bin/../lib/gcc/arm-none-eabi/4.8.4/../../../../arm-none-eabi/lib/armv7e-m\libg_s.a(lib_a-init.o)
                0x0000f750                __libc_init_array
 .text.memcpy   0x0000f79c       0x12 c:/freescale/kds_v3/toolchain/bin/../lib/gcc/arm-none-eabi/4.8.4/../../../../arm-none-eabi/lib/armv7e-m\libg_s.a(lib_a-memcpy-stub.o)
                0x0000f79c                memcpy
 .text.memset   0x0000f7ae       0x10 c:/freescale/kds_v3/toolchain/bin/../lib/gcc/arm-none-eabi/4.8.4/../../../../arm-none-eabi/lib/armv7e-m\libg_s.a(lib_a-memset.o)
                0x0000f7ae                memset
 .text._raise_r
                0x0000f7be       0x50 c:/freescale/kds_v3/toolchain/bin/../lib/gcc/arm-none-eabi/4.8.4/../../../../arm-none-eabi/lib/armv7e-m\libg_s.a(lib_a-signal.o)
                0x0000f7be                _raise_r
 *fill*         0x0000f80e        0x2 
 .text.raise    0x0000f810       0x10 c:/freescale/kds_v3/toolchain/bin/../lib/gcc/arm-none-eabi/4.8.4/../../../../arm-none-eabi/lib/armv7e-m\libg_s.a(lib_a-signal.o)
                0x0000f810                raise
 .text._kill_r  0x0000f820       0x24 c:/freescale/kds_v3/toolchain/bin/../lib/gcc/arm-none-eabi/4.8.4/../../../../arm-none-eabi/lib/armv7e-m\libg_s.a(lib_a-signalr.o)
                0x0000f820                _kill_r
 .text._getpid_r
                0x0000f844        0x4 c:/freescale/kds_v3/toolchain/bin/../lib/gcc/arm-none-eabi/4.8.4/../../../../arm-none-eabi/lib/armv7e-m\libg_s.a(lib_a-signalr.o)
                0x0000f844                _getpid_r
 .text.strlen   0x0000f848       0x10 c:/freescale/kds_v3/toolchain/bin/../lib/gcc/arm-none-eabi/4.8.4/../../../../arm-none-eabi/lib/armv7e-m\libg_s.a(lib_a-strlen.o)
                0x0000f848                strlen
 .text._vsprintf_r
                0x0000f858       0x30 c:/freescale/kds_v3/toolchain/bin/../lib/gcc/arm-none-eabi/4.8.4/../../../../arm-none-eabi/lib/armv7e-m\libg_s.a(lib_a-vsprintf.o)
                0x0000f858                _vsprintf_r
                0x0000f858                _vsiprintf_r
 .text.vsprintf
                0x0000f888       0x1c c:/freescale/kds_v3/toolchain/bin/../lib/gcc/arm-none-eabi/4.8.4/../../../../arm-none-eabi/lib/armv7e-m\libg_s.a(lib_a-vsprintf.o)
                0x0000f888                vsiprintf
                0x0000f888                vsprintf
 .text._malloc_r
                0x0000f8a4       0xa8 c:/freescale/kds_v3/toolchain/bin/../lib/gcc/arm-none-eabi/4.8.4/../../../../arm-none-eabi/lib/armv7e-m\libg_s.a(lib_a-nano-mallocr.o)
                0x0000f8a4                _malloc_r
 .text._sbrk_r  0x0000f94c       0x20 c:/freescale/kds_v3/toolchain/bin/../lib/gcc/arm-none-eabi/4.8.4/../../../../arm-none-eabi/lib/armv7e-m\libg_s.a(lib_a-sbrkr.o)
                0x0000f94c                _sbrk_r
 .text.__ssputs_r
                0x0000f96c       0xb8 c:/freescale/kds_v3/toolchain/bin/../lib/gcc/arm-none-eabi/4.8.4/../../../../arm-none-eabi/lib/armv7e-m\libg_s.a(lib_a-svfprintf.o)
                0x0000f96c                __ssputs_r
 .text._svfprintf_r
                0x0000fa24      0x1dc c:/freescale/kds_v3/toolchain/bin/../lib/gcc/arm-none-eabi/4.8.4/../../../../arm-none-eabi/lib/armv7e-m\libg_s.a(lib_a-svfprintf.o)
                0x0000fa24                _svfiprintf_r
                0x0000fa24                _svfprintf_r
 .text._printf_common
                0x0000fc00       0xe4 c:/freescale/kds_v3/toolchain/bin/../lib/gcc/arm-none-eabi/4.8.4/../../../../arm-none-eabi/lib/armv7e-m\libg_s.a(lib_a-vfprintf_i.o)
                0x0000fc00                _printf_common
 .text._printf_i
                0x0000fce4      0x228 c:/freescale/kds_v3/toolchain/bin/../lib/gcc/arm-none-eabi/4.8.4/../../../../arm-none-eabi/lib/armv7e-m\libg_s.a(lib_a-vfprintf_i.o)
                0x0000fce4                _printf_i
 .text.memchr   0x0000ff0c       0x1e c:/freescale/kds_v3/toolchain/bin/../lib/gcc/arm-none-eabi/4.8.4/../../../../arm-none-eabi/lib/armv7e-m\libg_s.a(lib_a-memchr-stub.o)
                0x0000ff0c                memchr
 .text.memmove  0x0000ff2a       0x36 c:/freescale/kds_v3/toolchain/bin/../lib/gcc/arm-none-eabi/4.8.4/../../../../arm-none-eabi/lib/armv7e-m\libg_s.a(lib_a-memmove.o)
                0x0000ff2a                memmove
 .text._free_r  0x0000ff60       0x88 c:/freescale/kds_v3/toolchain/bin/../lib/gcc/arm-none-eabi/4.8.4/../../../../arm-none-eabi/lib/armv7e-m\libg_s.a(lib_a-nano-freer.o)
                0x0000ff60                _free_r
 .text._realloc_r
                0x0000ffe8       0x4c c:/freescale/kds_v3/toolchain/bin/../lib/gcc/arm-none-eabi/4.8.4/../../../../arm-none-eabi/lib/armv7e-m\libg_s.a(lib_a-nano-reallocr.o)
                0x0000ffe8                _realloc_r
 .text._malloc_usable_size_r
                0x00010034       0x12 c:/freescale/kds_v3/toolchain/bin/../lib/gcc/arm-none-eabi/4.8.4/../../../../arm-none-eabi/lib/armv7e-m\libg_s.a(lib_a-nano-msizer.o)
                0x00010034                _malloc_usable_size_r
 *fill*         0x00010046        0x2 
 .text._getpid  0x00010048       0x10 c:/freescale/kds_v3/toolchain/bin/../lib/gcc/arm-none-eabi/4.8.4/../../../../arm-none-eabi/lib/armv7e-m\libnosys.a(getpid.o)
                0x00010048                _getpid
 .text._kill    0x00010058       0x10 c:/freescale/kds_v3/toolchain/bin/../lib/gcc/arm-none-eabi/4.8.4/../../../../arm-none-eabi/lib/armv7e-m\libnosys.a(kill.o)
                0x00010058                _kill
 .text._sbrk    0x00010068       0x34 c:/freescale/kds_v3/toolchain/bin/../lib/gcc/arm-none-eabi/4.8.4/../../../../arm-none-eabi/lib/armv7e-m\libnosys.a(sbrk.o)
                0x00010068                _sbrk
 .text._exit    0x0001009c        0x4 c:/freescale/kds_v3/toolchain/bin/../lib/gcc/arm-none-eabi/4.8.4/../../../../arm-none-eabi/lib/armv7e-m\libnosys.a(_exit.o)
                0x0001009c                _exit
 *(.rodata)
 .rodata        0x000100a0      0x67c ./Sources/display.o
 .rodata        0x0001071c       0x18 ./Sources/menu.o
 .rodata        0x00010734      0x230 ./Sources/protocol.o
 .rodata        0x00010964      0x230 ./Sources/send.o
 *(.rodata*)
 .rodata.ASerialLdd1_BaudAdjustValueSpeed0.6226
                0x00010b94        0x4 ./Generated_Code/ASerialLdd1.o
 .rodata.ASerialLdd1_BaudDivisorSpeed0.6227
                0x00010b98        0x4 ./Generated_Code/ASerialLdd1.o
 .rodata.SafeRoutine
                0x00010b9c       0x30 ./Generated_Code/IntFlashLdd1.o
 .rodata.str1.4
                0x00010bcc        0x4 c:/freescale/kds_v3/toolchain/bin/../lib/gcc/arm-none-eabi/4.8.4/../../../../arm-none-eabi/lib/armv7e-m\libm.a(lib_a-w_pow.o)
 .rodata.dp_h   0x00010bd0       0x10 c:/freescale/kds_v3/toolchain/bin/../lib/gcc/arm-none-eabi/4.8.4/../../../../arm-none-eabi/lib/armv7e-m\libm.a(lib_a-e_pow.o)
 .rodata.dp_l   0x00010be0       0x10 c:/freescale/kds_v3/toolchain/bin/../lib/gcc/arm-none-eabi/4.8.4/../../../../arm-none-eabi/lib/armv7e-m\libm.a(lib_a-e_pow.o)
 .rodata.bp     0x00010bf0       0x10 c:/freescale/kds_v3/toolchain/bin/../lib/gcc/arm-none-eabi/4.8.4/../../../../arm-none-eabi/lib/armv7e-m\libm.a(lib_a-e_pow.o)
 .rodata.str1.4
                0x00010c00        0x4 c:/freescale/kds_v3/toolchain/bin/../lib/gcc/arm-none-eabi/4.8.4/../../../../arm-none-eabi/lib/armv7e-m\libm.a(lib_a-e_pow.o)
 *fill*         0x00010c04        0x4 
 .rodata.TWO52  0x00010c08       0x10 c:/freescale/kds_v3/toolchain/bin/../lib/gcc/arm-none-eabi/4.8.4/../../../../arm-none-eabi/lib/armv7e-m\libm.a(lib_a-s_rint.o)
 .rodata.str1.1
                0x00010c18        0x2 c:/freescale/kds_v3/toolchain/bin/../lib/gcc/arm-none-eabi/4.8.4/../../../../arm-none-eabi/lib/armv7e-m\libg_s.a(lib_a-impure.o)
 *fill*         0x00010c1a        0x2 
 .rodata._global_impure_ptr
                0x00010c1c        0x4 c:/freescale/kds_v3/toolchain/bin/../lib/gcc/arm-none-eabi/4.8.4/../../../../arm-none-eabi/lib/armv7e-m\libg_s.a(lib_a-impure.o)
                0x00010c1c                _global_impure_ptr
 .rodata.str1.1
                0x00010c20       0x11 c:/freescale/kds_v3/toolchain/bin/../lib/gcc/arm-none-eabi/4.8.4/../../../../arm-none-eabi/lib/armv7e-m\libg_s.a(lib_a-svfprintf.o)
 .rodata.str1.1
                0x00010c31       0x22 c:/freescale/kds_v3/toolchain/bin/../lib/gcc/arm-none-eabi/4.8.4/../../../../arm-none-eabi/lib/armv7e-m\libg_s.a(lib_a-vfprintf_i.o)
 *(.glue_7)
 .glue_7        0x00000000        0x0 linker stubs
 *(.glue_7t)
 .glue_7t       0x00000000        0x0 linker stubs
 *(.eh_frame)
 *fill*         0x00010c53        0x1 
 .eh_frame      0x00010c54        0x0 c:/freescale/kds_v3/toolchain/bin/../lib/gcc/arm-none-eabi/4.8.4/armv7e-m/crtbegin.o
 *(.init)
 .init          0x00010c54        0x4 c:/freescale/kds_v3/toolchain/bin/../lib/gcc/arm-none-eabi/4.8.4/armv7e-m/crti.o
                0x00010c54                _init
 .init          0x00010c58        0x8 c:/freescale/kds_v3/toolchain/bin/../lib/gcc/arm-none-eabi/4.8.4/armv7e-m/crtn.o
 *(.fini)
 .fini          0x00010c60        0x4 c:/freescale/kds_v3/toolchain/bin/../lib/gcc/arm-none-eabi/4.8.4/armv7e-m/crti.o
                0x00010c60                _fini
 .fini          0x00010c64        0x8 c:/freescale/kds_v3/toolchain/bin/../lib/gcc/arm-none-eabi/4.8.4/armv7e-m/crtn.o
                0x00010c6c                . = ALIGN (0x4)
                0x00010c6c                _etext = .

.vfp11_veneer   0x00010c6c        0x0
 .vfp11_veneer  0x00000000        0x0 linker stubs

.v4_bx          0x00010c6c        0x0
 .v4_bx         0x00000000        0x0 linker stubs

.iplt           0x00010c6c        0x0
 .iplt          0x00000000        0x0 c:/freescale/kds_v3/toolchain/bin/../lib/gcc/arm-none-eabi/4.8.4/armv7e-m/crtbegin.o

.ARM.extab      0x00010c6c      0x2c4
 *(.ARM.extab* .gnu.linkonce.armextab.*)
 .ARM.extab.text.LCD_command
                0x00010c6c        0xc ./Sources/LCD.o
 .ARM.extab.text.LCD_Set_Cursor
                0x00010c78        0xc ./Sources/LCD.o
 .ARM.extab.text.LCD_Cursor_Blink_On_At
                0x00010c84        0xc ./Sources/LCD.o
 .ARM.extab.text.LCD_Cursor_On_At
                0x00010c90        0xc ./Sources/LCD.o
 .ARM.extab.text.LCD_Write
                0x00010c9c        0xc ./Sources/LCD.o
 .ARM.extab.text.load_custom_char
                0x00010ca8        0xc ./Sources/LCD.o
 .ARM.extab.text.LCD_Write_At
                0x00010cb4        0xc ./Sources/LCD.o
 .ARM.extab.text.LCD_Write_Block
                0x00010cc0        0xc ./Sources/LCD.o
 .ARM.extab.text.PCA9670_SendByte
                0x00010ccc        0xc ./Sources/PCA9670.o
 .ARM.extab.text.select_cue
                0x00010cd8        0xc ./Sources/cue.o
 .ARM.extab.text.print_float_at
                0x00010ce4        0xc ./Sources/display.o
 .ARM.extab.text.print_int_at
                0x00010cf0        0xc ./Sources/display.o
 .ARM.extab.text.print_cue_array
                0x00010cfc        0xc ./Sources/display.o
 .ARM.extab.text.print_all_cue
                0x00010d08        0xc ./Sources/display.o
 .ARM.extab.text.load_char
                0x00010d14        0xc ./Sources/display.o
 .ARM.extab.text.menu_init
                0x00010d20        0xc ./Sources/display.o
 .ARM.extab.text.refresh
                0x00010d2c        0xc ./Sources/display.o
 .ARM.extab.text.select
                0x00010d38        0xc ./Sources/display.o
 .ARM.extab.text.back
                0x00010d44        0xc ./Sources/display.o
 .ARM.extab.text.controle_mode_display
                0x00010d50        0xc ./Sources/display.o
 .ARM.extab.text.update_icon_dir
                0x00010d5c        0xc ./Sources/display.o
 .ARM.extab.text.select_setting
                0x00010d68        0xc ./Sources/display.o
 .ARM.extab.text.refresh_fct
                0x00010d74        0xc ./Sources/display.o
 .ARM.extab.text.pos_position_fct
                0x00010d80        0xc ./Sources/display.o
 .ARM.extab.text.pos_play_cue_fct
                0x00010d8c        0xc ./Sources/display.o
 .ARM.extab.text.pos_rec_cue_fct
                0x00010d98        0xc ./Sources/display.o
 .ARM.extab.text.pos_mod_cue_fct
                0x00010da4        0xc ./Sources/display.o
 .ARM.extab.text.pos_del_cue_fct
                0x00010db0        0xc ./Sources/display.o
 .ARM.extab.text.vel_play_cue_fct
                0x00010dbc        0xc ./Sources/display.o
 .ARM.extab.text.vel_rec_cue_fct
                0x00010dc8        0xc ./Sources/display.o
 .ARM.extab.text.vel_mod_cue_fct
                0x00010dd4        0xc ./Sources/display.o
 .ARM.extab.text.vel_del_cue_fct
                0x00010de0        0xc ./Sources/display.o
 .ARM.extab.text.load_cue
                0x00010dec        0xc ./Sources/eeprom.o
 .ARM.extab.text.write_cue
                0x00010df8        0xc ./Sources/eeprom.o
 .ARM.extab.text.erase_cue
                0x00010e04        0xc ./Sources/eeprom.o
 .ARM.extab.text.get_next_slot_free
                0x00010e10        0xc ./Sources/eeprom.o
 .ARM.extab.text.get_slot_saved
                0x00010e1c        0xc ./Sources/eeprom.o
 .ARM.extab.text.get_cues_saved_values
                0x00010e28        0xc ./Sources/eeprom.o
 .ARM.extab.text.get_cue_values
                0x00010e34        0xc ./Sources/eeprom.o
 .ARM.extab.text.print_menu
                0x00010e40        0xc ./Sources/menu.o
 .ARM.extab.text.print_sub_menu
                0x00010e4c        0xc ./Sources/menu.o
 .ARM.extab.text.print_sub_menu2
                0x00010e58        0xc ./Sources/menu.o
 .ARM.extab.text.menu_select
                0x00010e64        0xc ./Sources/menu.o
 .ARM.extab.text.menu_back
                0x00010e70        0xc ./Sources/menu.o
 .ARM.extab.text.refresh_menu
                0x00010e7c        0xc ./Sources/menu.o
 .ARM.extab.text.serial_send_block
                0x00010e88        0xc ./Sources/protocol.o
 .ARM.extab.text.serial_send_float
                0x00010e94        0xc ./Sources/protocol.o
 .ARM.extab.text.serial_send_int
                0x00010ea0        0xc ./Sources/protocol.o
 .ARM.extab.text.serial_send_string
                0x00010eac        0xc ./Sources/protocol.o
 .ARM.extab.text.serial_send_char
                0x00010eb8        0xc ./Sources/protocol.o
 .ARM.extab.text.msg_parse
                0x00010ec4        0xc ./Sources/protocol.o
 .ARM.extab.text.msg_processing
                0x00010ed0        0xc ./Sources/protocol.o
 .ARM.extab.text.select_baud_rate
                0x00010edc        0xc ./Sources/protocol.o
 .ARM.extab.text.Send_Control_Mode
                0x00010ee8        0xc ./Sources/send.o
 .ARM.extab.text.send_fct
                0x00010ef4        0xc ./Sources/send.o
 .ARM.extab.text.get_update_value
                0x00010f00        0xc ./Sources/send.o
 .ARM.extab     0x00010f0c        0xc c:/freescale/kds_v3/toolchain/bin/../lib/gcc/arm-none-eabi/4.8.4/armv7e-m\libgcc.a(unwind-arm.o)
 .ARM.extab     0x00010f18       0x18 c:/freescale/kds_v3/toolchain/bin/../lib/gcc/arm-none-eabi/4.8.4/armv7e-m\libgcc.a(pr-support.o)

.ARM            0x00010f30      0x308
                0x00010f30                __exidx_start = .
 *(.ARM.exidx*)
 .ARM.exidx     0x00010f30        0x8 c:/freescale/kds_v3/toolchain/bin/../lib/gcc/arm-none-eabi/4.8.4/../../../../arm-none-eabi/lib/armv7e-m/crt0.o
 .ARM.exidx.text.LCD_Init
                0x00010ff8        0x8 ./Sources/LCD.o
 .ARM.exidx.text.LCD_command
                0x00011000        0x8 ./Sources/LCD.o
 .ARM.exidx.text.LCD_Cursor_On
                0x00011008        0x8 ./Sources/LCD.o
 .ARM.exidx.text.LCD_Cursor_Off
                0x00011010        0x0 ./Sources/LCD.o
                                  0x8 (size before relaxing)
 .ARM.exidx.text.LCD_Cursor_Blink_On
                0x00011010        0x0 ./Sources/LCD.o
                                  0x8 (size before relaxing)
 .ARM.exidx.text.LCD_Set_Cursor
                0x00011010        0x8 ./Sources/LCD.o
 .ARM.exidx.text.LCD_Cursor_Blink_On_At
                0x00011018        0x8 ./Sources/LCD.o
 .ARM.exidx.text.LCD_Cursor_On_At
                0x00011020        0x8 ./Sources/LCD.o
 .ARM.exidx.text.LCD_Write
                0x00011028        0x8 ./Sources/LCD.o
 .ARM.exidx.text.load_custom_char
                0x00011030        0x8 ./Sources/LCD.o
 .ARM.exidx.text.LCD_Write_At
                0x00011038        0x8 ./Sources/LCD.o
 .ARM.exidx.text.LCD_Write_Block
                0x00011040        0x8 ./Sources/LCD.o
 .ARM.exidx.text.PCA9670_Init
                0x00011048        0x8 ./Sources/PCA9670.o
 .ARM.exidx.text.PCA9670_SendByte
                0x00011050        0x8 ./Sources/PCA9670.o
 .ARM.exidx.text.select_cue
                0x00011058        0x8 ./Sources/cue.o
 .ARM.exidx.text.vspfunc
                0x00011060        0x8 ./Sources/display.o
 .ARM.exidx.text.print_float_at
                0x00011068        0x8 ./Sources/display.o
 .ARM.exidx.text.print_int_at
                0x00011070        0x8 ./Sources/display.o
 .ARM.exidx.text.print_cue_array
                0x00011078        0x8 ./Sources/display.o
 .ARM.exidx.text.print_all_cue
                0x00011080        0x8 ./Sources/display.o
 .ARM.exidx.text.load_char
                0x00011088        0x8 ./Sources/display.o
 .ARM.exidx.text.menu_init
                0x00011090        0x8 ./Sources/display.o
 .ARM.exidx.text.refresh
                0x00011098        0x8 ./Sources/display.o
 .ARM.exidx.text.select
                0x000110a0        0x8 ./Sources/display.o
 .ARM.exidx.text.back
                0x000110a8        0x8 ./Sources/display.o
 .ARM.exidx.text.controle_mode_display
                0x000110b0        0x8 ./Sources/display.o
 .ARM.exidx.text.control_mode_fct
                0x000110b8        0x8 ./Sources/display.o
 .ARM.exidx.text.update_icon_dir
                0x000110c0        0x8 ./Sources/display.o
 .ARM.exidx.text.update_icon_drive_enable
                0x000110c8        0x8 ./Sources/display.o
 .ARM.exidx.text.select_setting
                0x000110d0        0x8 ./Sources/display.o
 .ARM.exidx.text.refresh_fct
                0x000110d8        0x8 ./Sources/display.o
 .ARM.exidx.text.velocity_fct
                0x000110e0        0x8 ./Sources/display.o
 .ARM.exidx.text.acceleration_fct
                0x000110e8        0x0 ./Sources/display.o
                                  0x8 (size before relaxing)
 .ARM.exidx.text.velocity_instant_fct
                0x000110e8        0x0 ./Sources/display.o
                                  0x8 (size before relaxing)
 .ARM.exidx.text.deceleration_fct
                0x000110e8        0x0 ./Sources/display.o
                                  0x8 (size before relaxing)
 .ARM.exidx.text.back_fct
                0x000110e8        0x0 ./Sources/display.o
                                  0x8 (size before relaxing)
 .ARM.exidx.text.pos_position_fct
                0x000110e8        0x8 ./Sources/display.o
 .ARM.exidx.text.pos_velocity_fct
                0x000110f0        0x8 ./Sources/display.o
 .ARM.exidx.text.pos_acceleration_fct
                0x000110f8        0x0 ./Sources/display.o
                                  0x8 (size before relaxing)
 .ARM.exidx.text.pos_deceleration_fct
                0x000110f8        0x0 ./Sources/display.o
                                  0x8 (size before relaxing)
 .ARM.exidx.text.pos_set_home_fct
                0x000110f8        0x0 ./Sources/display.o
                                  0x8 (size before relaxing)
 .ARM.exidx.text.torque_fct
                0x000110f8        0x0 ./Sources/display.o
                                  0x8 (size before relaxing)
 .ARM.exidx.text.torque_rise_fct
                0x000110f8        0x0 ./Sources/display.o
                                  0x8 (size before relaxing)
 .ARM.exidx.text.torque_fall_fct
                0x000110f8        0x0 ./Sources/display.o
                                  0x8 (size before relaxing)
 .ARM.exidx.text.pos_play_cue_fct
                0x000110f8        0x8 ./Sources/display.o
 .ARM.exidx.text.pos_rec_cue_fct
                0x00011100        0x8 ./Sources/display.o
 .ARM.exidx.text.pos_mod_cue_fct
                0x00011108        0x8 ./Sources/display.o
 .ARM.exidx.text.pos_del_cue_fct
                0x00011110        0x8 ./Sources/display.o
 .ARM.exidx.text.vel_play_cue_fct
                0x00011118        0x8 ./Sources/display.o
 .ARM.exidx.text.vel_rec_cue_fct
                0x00011120        0x8 ./Sources/display.o
 .ARM.exidx.text.vel_mod_cue_fct
                0x00011128        0x8 ./Sources/display.o
 .ARM.exidx.text.vel_del_cue_fct
                0x00011130        0x8 ./Sources/display.o
 .ARM.exidx.text.select_baud_rate_fct
                0x00011138        0x8 ./Sources/display.o
 .ARM.exidx.text.select_update_menu_fct
                0x00011140        0x0 ./Sources/display.o
                                  0x8 (size before relaxing)
 .ARM.exidx.text.short_cut_position_menu
                0x00011140        0x0 ./Sources/display.o
                                  0x8 (size before relaxing)
 .ARM.exidx.text.display_resolution
                0x00011140        0x0 ./Sources/display.o
                                  0x8 (size before relaxing)
 .ARM.exidx.text.get_cursor_resolution_position
                0x00011140        0x8 ./Sources/display.o
 .ARM.exidx.text.get_resolution
                0x00011148        0x0 ./Sources/display.o
                                  0x8 (size before relaxing)
 .ARM.exidx.text._Z41__static_initialization_and_destruction_0ii
                0x00011148        0x0 ./Sources/display.o
                                  0x8 (size before relaxing)
 .ARM.exidx.text._GLOBAL__sub_I_buffer
                0x00011148        0x0 ./Sources/display.o
                                  0x8 (size before relaxing)
 .ARM.exidx.text.load_cue
                0x00011148        0x8 ./Sources/eeprom.o
 .ARM.exidx.text.write_cue
                0x00011150        0x8 ./Sources/eeprom.o
 .ARM.exidx.text.erase_cue
                0x00011158        0x8 ./Sources/eeprom.o
 .ARM.exidx.text.get_next_slot_free
                0x00011160        0x8 ./Sources/eeprom.o
 .ARM.exidx.text.get_slot_saved
                0x00011168        0x8 ./Sources/eeprom.o
 .ARM.exidx.text.get_cues_saved_values
                0x00011170        0x8 ./Sources/eeprom.o
 .ARM.exidx.text.get_cue_values
                0x00011178       0x10 ./Sources/eeprom.o
                                  0x8 (size before relaxing)
 .ARM.exidx.text.init_menu
                0x00011188        0x0 ./Sources/menu.o
                                  0x8 (size before relaxing)
 .ARM.exidx.text.init_sub_menu
                0x00011188        0x0 ./Sources/menu.o
                                  0x8 (size before relaxing)
 .ARM.exidx.text.init_sub_menu2
                0x00011188        0x0 ./Sources/menu.o
                                  0x8 (size before relaxing)
 .ARM.exidx.text.init_menu_list
                0x00011188        0x0 ./Sources/menu.o
                                  0x8 (size before relaxing)
 .ARM.exidx.text.init_sub_menu_list
                0x00011188        0x0 ./Sources/menu.o
                                  0x8 (size before relaxing)
 .ARM.exidx.text.init_sub_menu2_list
                0x00011188        0x0 ./Sources/menu.o
                                  0x8 (size before relaxing)
 .ARM.exidx.text.print_menu
                0x00011188        0x8 ./Sources/menu.o
 .ARM.exidx.text.print_sub_menu
                0x00011190        0x8 ./Sources/menu.o
 .ARM.exidx.text.print_sub_menu2
                0x00011198        0x8 ./Sources/menu.o
 .ARM.exidx.text.menu_select
                0x000111a0        0x8 ./Sources/menu.o
 .ARM.exidx.text.menu_back
                0x000111a8        0x8 ./Sources/menu.o
 .ARM.exidx.text.refresh_menu
                0x000111b0        0x8 ./Sources/menu.o
 .ARM.exidx.text.void_function
                0x000111b8        0x8 ./Sources/menu.o
 .ARM.exidx.text.parameters_init
                0x000111c0        0x0 ./Sources/parameters.o
                                  0x8 (size before relaxing)
 .ARM.exidx.text.convert
                0x000111c0        0x0 ./Sources/parameters.o
                                  0x8 (size before relaxing)
 .ARM.exidx.text.serial_send_block
                0x000111c0        0x8 ./Sources/protocol.o
 .ARM.exidx.text.serial_send_float
                0x000111c8        0x8 ./Sources/protocol.o
 .ARM.exidx.text.serial_send_int
                0x000111d0        0x8 ./Sources/protocol.o
 .ARM.exidx.text.serial_send_string
                0x000111d8        0x8 ./Sources/protocol.o
 .ARM.exidx.text.serial_send_char
                0x000111e0        0x8 ./Sources/protocol.o
 .ARM.exidx.text.serial_send_end
                0x000111e8        0x8 ./Sources/protocol.o
 .ARM.exidx.text.msg_parse
                0x000111f0        0x8 ./Sources/protocol.o
 .ARM.exidx.text.msg_processing
                0x000111f8        0x8 ./Sources/protocol.o
 .ARM.exidx.text.select_baud_rate
                0x00011200        0x8 ./Sources/protocol.o
 .ARM.exidx.text.Send_Control_Mode
                0x00011208        0x8 ./Sources/send.o
 .ARM.exidx.text.send_fct
                0x00011210        0x8 ./Sources/send.o
 .ARM.exidx.text.get_update_drive_en
                0x00011218        0x8 ./Sources/send.o
 .ARM.exidx.text.get_update_value
                0x00011220        0x8 ./Sources/send.o
 .ARM.exidx.text.send_stop
                0x00011228        0x8 ./Sources/send.o
 .ARM.exidx.text.send_velocity_cue
                0x00011230        0x0 ./Sources/send.o
                                  0x8 (size before relaxing)
 .ARM.exidx.text.send_position_cue
                0x00011230        0x0 ./Sources/send.o
                                  0x8 (size before relaxing)
 .ARM.exidx.text.velocity_processing
                0x00011230        0x8 ./Sources/send.o
 .ARM.exidx.text.velocity_ref_processing
                0x00011238        0x0 ./Sources/send.o
                                  0x8 (size before relaxing)
 .ARM.exidx.text.acceleration_processing
                0x00011238        0x0 ./Sources/send.o
                                  0x8 (size before relaxing)
 .ARM.exidx.text.deceleration_processing
                0x00011238        0x0 ./Sources/send.o
                                  0x8 (size before relaxing)
 .ARM.exidx.text.torque_processing
                0x00011238        0x0 ./Sources/send.o
                                  0x8 (size before relaxing)
 .ARM.exidx.text.torque_ref_processing
                0x00011238        0x0 ./Sources/send.o
                                  0x8 (size before relaxing)
 .ARM.exidx.text.torque_rise_processing
                0x00011238        0x0 ./Sources/send.o
                                  0x8 (size before relaxing)
 .ARM.exidx.text.torque_fall_processing
                0x00011238        0x0 ./Sources/send.o
                                  0x8 (size before relaxing)
 .ARM.exidx.text.position_ref_processing
                0x00011238        0x0 ./Sources/send.o
                                  0x8 (size before relaxing)
 .ARM.exidx.text.position_processing
                0x00011238        0x0 ./Sources/send.o
                                  0x8 (size before relaxing)
 .ARM.exidx.text.control_mode_processing
                0x00011238        0x0 ./Sources/send.o
                                  0x8 (size before relaxing)
 .ARM.exidx.text.drive_enable_processing