Archive member included because of file (symbol)

c:/freescale/kds_v3/toolchain/bin/../lib/gcc/arm-none-eabi/4.8.4/armv7e-m\libgcc.a(unwind-arm.o)
                              ./Sources/LCD.o (__aeabi_unwind_cpp_pr0)
c:/freescale/kds_v3/toolchain/bin/../lib/gcc/arm-none-eabi/4.8.4/armv7e-m\libgcc.a(libunwind.o)
                              c:/freescale/kds_v3/toolchain/bin/../lib/gcc/arm-none-eabi/4.8.4/armv7e-m\libgcc.a(unwind-arm.o) (restore_core_regs)
c:/freescale/kds_v3/toolchain/bin/../lib/gcc/arm-none-eabi/4.8.4/armv7e-m\libgcc.a(pr-support.o)
                              c:/freescale/kds_v3/toolchain/bin/../lib/gcc/arm-none-eabi/4.8.4/armv7e-m\libgcc.a(unwind-arm.o) (__gnu_unwind_execute)
c:/freescale/kds_v3/toolchain/bin/../lib/gcc/arm-none-eabi/4.8.4/../../../../arm-none-eabi/lib/armv7e-m\libg_s.a(lib_a-abort.o)
                              c:/freescale/kds_v3/toolchain/bin/../lib/gcc/arm-none-eabi/4.8.4/armv7e-m\libgcc.a(unwind-arm.o) (abort)
c:/freescale/kds_v3/toolchain/bin/../lib/gcc/arm-none-eabi/4.8.4/../../../../arm-none-eabi/lib/armv7e-m\libg_s.a(lib_a-exit.o)
                              c:/freescale/kds_v3/toolchain/bin/../lib/gcc/arm-none-eabi/4.8.4/../../../../arm-none-eabi/lib/armv7e-m/crt0.o (exit)
c:/freescale/kds_v3/toolchain/bin/../lib/gcc/arm-none-eabi/4.8.4/../../../../arm-none-eabi/lib/armv7e-m\libg_s.a(lib_a-impure.o)
                              c:/freescale/kds_v3/toolchain/bin/../lib/gcc/arm-none-eabi/4.8.4/../../../../arm-none-eabi/lib/armv7e-m\libg_s.a(lib_a-exit.o) (_global_impure_ptr)
c:/freescale/kds_v3/toolchain/bin/../lib/gcc/arm-none-eabi/4.8.4/../../../../arm-none-eabi/lib/armv7e-m\libg_s.a(lib_a-init.o)
                              c:/freescale/kds_v3/toolchain/bin/../lib/gcc/arm-none-eabi/4.8.4/../../../../arm-none-eabi/lib/armv7e-m/crt0.o (__libc_init_array)
c:/freescale/kds_v3/toolchain/bin/../lib/gcc/arm-none-eabi/4.8.4/../../../../arm-none-eabi/lib/armv7e-m\libg_s.a(lib_a-memcpy-stub.o)
                              c:/freescale/kds_v3/toolchain/bin/../lib/gcc/arm-none-eabi/4.8.4/armv7e-m\libgcc.a(unwind-arm.o) (memcpy)
c:/freescale/kds_v3/toolchain/bin/../lib/gcc/arm-none-eabi/4.8.4/../../../../arm-none-eabi/lib/armv7e-m\libg_s.a(lib_a-memset.o)
                              c:/freescale/kds_v3/toolchain/bin/../lib/gcc/arm-none-eabi/4.8.4/../../../../arm-none-eabi/lib/armv7e-m/crt0.o (memset)
c:/freescale/kds_v3/toolchain/bin/../lib/gcc/arm-none-eabi/4.8.4/../../../../arm-none-eabi/lib/armv7e-m\libg_s.a(lib_a-signal.o)
                              c:/freescale/kds_v3/toolchain/bin/../lib/gcc/arm-none-eabi/4.8.4/../../../../arm-none-eabi/lib/armv7e-m\libg_s.a(lib_a-abort.o) (raise)
c:/freescale/kds_v3/toolchain/bin/../lib/gcc/arm-none-eabi/4.8.4/../../../../arm-none-eabi/lib/armv7e-m\libg_s.a(lib_a-signalr.o)
                              c:/freescale/kds_v3/toolchain/bin/../lib/gcc/arm-none-eabi/4.8.4/../../../../arm-none-eabi/lib/armv7e-m\libg_s.a(lib_a-signal.o) (_kill_r)
c:/freescale/kds_v3/toolchain/bin/../lib/gcc/arm-none-eabi/4.8.4/../../../../arm-none-eabi/lib/armv7e-m\libg_s.a(lib_a-nano-mallocr.o)
                              c:/freescale/kds_v3/toolchain/bin/../lib/gcc/arm-none-eabi/4.8.4/../../../../arm-none-eabi/lib/armv7e-m\libg_s.a(lib_a-signal.o) (_malloc_r)
c:/freescale/kds_v3/toolchain/bin/../lib/gcc/arm-none-eabi/4.8.4/../../../../arm-none-eabi/lib/armv7e-m\libg_s.a(lib_a-reent.o)
                              c:/freescale/kds_v3/toolchain/bin/../lib/gcc/arm-none-eabi/4.8.4/../../../../arm-none-eabi/lib/armv7e-m\libg_s.a(lib_a-signalr.o) (errno)
c:/freescale/kds_v3/toolchain/bin/../lib/gcc/arm-none-eabi/4.8.4/../../../../arm-none-eabi/lib/armv7e-m\libg_s.a(lib_a-sbrkr.o)
                              c:/freescale/kds_v3/toolchain/bin/../lib/gcc/arm-none-eabi/4.8.4/../../../../arm-none-eabi/lib/armv7e-m\libg_s.a(lib_a-nano-mallocr.o) (_sbrk_r)
c:/freescale/kds_v3/toolchain/bin/../lib/gcc/arm-none-eabi/4.8.4/../../../../arm-none-eabi/lib/armv7e-m\libg_s.a(lib_a-nano-freer.o)
                              c:/freescale/kds_v3/toolchain/bin/../lib/gcc/arm-none-eabi/4.8.4/../../../../arm-none-eabi/lib/armv7e-m\libg_s.a(lib_a-reent.o) (_free_r)
c:/freescale/kds_v3/toolchain/bin/../lib/gcc/arm-none-eabi/4.8.4/../../../../arm-none-eabi/lib/armv7e-m\libnosys.a(getpid.o)
                              c:/freescale/kds_v3/toolchain/bin/../lib/gcc/arm-none-eabi/4.8.4/../../../../arm-none-eabi/lib/armv7e-m\libg_s.a(lib_a-signalr.o) (_getpid)
c:/freescale/kds_v3/toolchain/bin/../lib/gcc/arm-none-eabi/4.8.4/../../../../arm-none-eabi/lib/armv7e-m\libnosys.a(kill.o)
                              c:/freescale/kds_v3/toolchain/bin/../lib/gcc/arm-none-eabi/4.8.4/../../../../arm-none-eabi/lib/armv7e-m\libg_s.a(lib_a-signalr.o) (_kill)
c:/freescale/kds_v3/toolchain/bin/../lib/gcc/arm-none-eabi/4.8.4/../../../../arm-none-eabi/lib/armv7e-m\libnosys.a(sbrk.o)
[...]
Memory Configuration

Name             Origin             Length             Attributes
m_interrupts     0x00000000         0x000001bc         xr
m_text           0x00000410         0x0003fbf0         xr
m_data           0x1fff8000         0x00008000         rw
m_data_20000000  0x20000000         0x00008000         rw
m_cfmprotrom     0x00000400         0x00000010         xr
*default*        0x00000000         0xffffffff

Linker script and memory map

LOAD c:/freescale/kds_v3/toolchain/bin/../lib/gcc/arm-none-eabi/4.8.4/armv7e-m/crti.o
LOAD c:/freescale/kds_v3/toolchain/bin/../lib/gcc/arm-none-eabi/4.8.4/armv7e-m/crtbegin.o
LOAD c:/freescale/kds_v3/toolchain/bin/../lib/gcc/arm-none-eabi/4.8.4/../../../../arm-none-eabi/lib/armv7e-m/crt0.o
LOAD ./Sources/Events.o
LOAD ./Sources/LCD.o
LOAD ./Sources/PCA9670.o
LOAD ./Sources/display.o
LOAD ./Sources/exit.o
LOAD ./Sources/main.o
LOAD ./Project_Settings/Startup_Code/startup.o
LOAD ./Generated_Code/BitIoLdd1.o
LOAD ./Generated_Code/BitIoLdd2.o
LOAD ./Generated_Code/BitIoLdd3.o
LOAD ./Generated_Code/BitIoLdd4.o
LOAD ./Generated_Code/BitIoLdd5.o
LOAD ./Generated_Code/Cpu.o
LOAD ./Generated_Code/ENCODER.o
LOAD ./Generated_Code/ENCODER_PUSH.o
LOAD ./Generated_Code/ExtIntLdd1.o
LOAD ./Generated_Code/ExtIntLdd2.o
LOAD ./Generated_Code/ExtIntLdd3.o
LOAD ./Generated_Code/ExtIntLdd4.o
LOAD ./Generated_Code/ExtIntLdd5.o
LOAD ./Generated_Code/I2C0.o
LOAD ./Generated_Code/IntI2cLdd1.o
LOAD ./Generated_Code/KSDK1.o
LOAD ./Generated_Code/LED_DEBUG.o
LOAD ./Generated_Code/LED_STATUS_1.o
LOAD ./Generated_Code/LED_STATUS_2.o
LOAD ./Generated_Code/LED_STATUS_3.o
LOAD ./Generated_Code/LED_STATUS_4.o
LOAD ./Generated_Code/LEVER_DIR1.o
LOAD ./Generated_Code/LEVER_DIR2.o
LOAD ./Generated_Code/PCA.o
LOAD ./Generated_Code/PE_LDD.o
LOAD ./Generated_Code/PUSH_BUTTON_REC.o
LOAD ./Generated_Code/PUSH_BUTTON_SEND.o
LOAD ./Generated_Code/T_100ms.o
LOAD ./Generated_Code/T_500ms.o
LOAD ./Generated_Code/Vectors.o
LOAD ./Generated_Code/WAIT1.o
LOAD c:/freescale/kds_v3/toolchain/bin/../lib/gcc/arm-none-eabi/4.8.4/../../../../arm-none-eabi/lib/armv7e-m\libstdc++_s.a
LOAD c:/freescale/kds_v3/toolchain/bin/../lib/gcc/arm-none-eabi/4.8.4/../../../../arm-none-eabi/lib/armv7e-m\libm.a
START GROUP
LOAD c:/freescale/kds_v3/toolchain/bin/../lib/gcc/arm-none-eabi/4.8.4/armv7e-m\libgcc.a
LOAD c:/freescale/kds_v3/toolchain/bin/../lib/gcc/arm-none-eabi/4.8.4/../../../../arm-none-eabi/lib/armv7e-m\libg_s.a
LOAD c:/freescale/kds_v3/toolchain/bin/../lib/gcc/arm-none-eabi/4.8.4/../../../../arm-none-eabi/lib/armv7e-m\libc_s.a
END GROUP
START GROUP
LOAD c:/freescale/kds_v3/toolchain/bin/../lib/gcc/arm-none-eabi/4.8.4/armv7e-m\libgcc.a
LOAD c:/freescale/kds_v3/toolchain/bin/../lib/gcc/arm-none-eabi/4.8.4/../../../../arm-none-eabi/lib/armv7e-m\libc_s.a
LOAD c:/freescale/kds_v3/toolchain/bin/../lib/gcc/arm-none-eabi/4.8.4/../../../../arm-none-eabi/lib/armv7e-m\libnosys.a
END GROUP
START GROUP
LOAD c:/freescale/kds_v3/toolchain/bin/../lib/gcc/arm-none-eabi/4.8.4/armv7e-m\libgcc.a
LOAD c:/freescale/kds_v3/toolchain/bin/../lib/gcc/arm-none-eabi/4.8.4/../../../../arm-none-eabi/lib/armv7e-m\libc_s.a
LOAD c:/freescale/kds_v3/toolchain/bin/../lib/gcc/arm-none-eabi/4.8.4/../../../../arm-none-eabi/lib/armv7e-m\libnosys.a
END GROUP
LOAD c:/freescale/kds_v3/toolchain/bin/../lib/gcc/arm-none-eabi/4.8.4/armv7e-m/crtend.o
LOAD c:/freescale/kds_v3/toolchain/bin/../lib/gcc/arm-none-eabi/4.8.4/armv7e-m/crtn.o
                0x20000000                _estack = 0x20000000
                0x20000000                __SP_INIT = _estack
                0x20000000                __stack = _estack
                0x00000000                __heap_size = 0x0
                0x00000400                __stack_size = 0x400

.interrupts     0x00000000      0x1bc
                0x00000000                __vector_table = .
                0x00000000                . = ALIGN (0x4)
 *(.vectortable)
 .vectortable   0x00000000      0x1bc ./Generated_Code/Vectors.o
                0x00000000                __vect_table
                0x000001bc                . = ALIGN (0x4)

.cfmprotect     0x00000400       0x10
                0x00000400                . = ALIGN (0x4)
 *(.cfmconfig)
 .cfmconfig     0x00000400       0x10 ./Generated_Code/Cpu.o
                0x00000400                _cfm
                0x00000410                . = ALIGN (0x4)

.text           0x00000410     0x1560
                0x00000410                . = ALIGN (0x4)
 *(.text)
 .text          0x00000410       0x54 c:/freescale/kds_v3/toolchain/bin/../lib/gcc/arm-none-eabi/4.8.4/armv7e-m/crtbegin.o
 .text          0x00000464       0x74 c:/freescale/kds_v3/toolchain/bin/../lib/gcc/arm-none-eabi/4.8.4/../../../../arm-none-eabi/lib/armv7e-m/crt0.o
                0x00000464                _start
                0x00000464                _mainCRTStartup
 *(.text*)
 .text.PUSH_BUTTON_REC_OnInterrupt
                0x000004d8        0xc ./Sources/Events.o
                0x000004d8                PUSH_BUTTON_REC_OnInterrupt
 .text.PUSH_BUTTON_SEND_OnInterrupt
                0x000004e4        0xc ./Sources/Events.o
                0x000004e4                PUSH_BUTTON_SEND_OnInterrupt
 .text.I2C0_OnReceiveData
                0x000004f0        0xc ./Sources/Events.o
                0x000004f0                I2C0_OnReceiveData
 .text.I2C0_OnTransmitData
                0x000004fc        0xc ./Sources/Events.o
                0x000004fc                I2C0_OnTransmitData
 .text.T_100ms_OnCounterRestart
                0x00000508       0x14 ./Sources/Events.o
                0x00000508                T_100ms_OnCounterRestart
 .text.LEVER_DIR2_OnInterrupt
                0x0000051c        0xc ./Sources/Events.o
                0x0000051c                LEVER_DIR2_OnInterrupt
 .text.LEVER_DIR1_OnInterrupt
                0x00000528        0xc ./Sources/Events.o
                0x00000528                LEVER_DIR1_OnInterrupt
 .text.ENCODER_PUSH_OnInterrupt
                0x00000534        0xc ./Sources/Events.o
                0x00000534                ENCODER_PUSH_OnInterrupt
 .text.ENCODER_OnPortEvent
                0x00000540       0x14 ./Sources/Events.o
                0x00000540                ENCODER_OnPortEvent
 .text.T_500ms_OnCounterRestart
                0x00000554       0x14 ./Sources/Events.o
                0x00000554                T_500ms_OnCounterRestart
 .text.Cpu_OnNMIINT
                0x00000568        0xc ./Sources/Events.o
                0x00000568                Cpu_OnNMIINT
 .text.I2C0_OnArbitLost
                0x00000574        0xc ./Sources/Events.o
                0x00000574                I2C0_OnArbitLost
 .text.main     0x00000580        0xc ./Sources/main.o
                0x00000580                main
 .text.__copy_rom_section
                0x0000058c       0xe4 ./Project_Settings/Startup_Code/startup.o
                0x0000058c                __copy_rom_section
 .text.__copy_rom_sections_to_ram
                0x00000670       0x9c ./Project_Settings/Startup_Code/startup.o
                0x00000670                __copy_rom_sections_to_ram
 .text.__init_registers
                0x0000070c        0xc ./Project_Settings/Startup_Code/startup.o
                0x0000070c                __init_registers
 .text.__init_user
                0x00000718        0xc ./Project_Settings/Startup_Code/startup.o
                0x00000718                __init_user
 .text.__thumb_startup
                0x00000724       0x34 ./Project_Settings/Startup_Code/startup.o
                0x00000724                __thumb_startup
 .text.BitIoLdd1_Init
                0x00000758       0x64 ./Generated_Code/BitIoLdd1.o
                0x00000758                BitIoLdd1_Init
 .text.BitIoLdd2_Init
                0x000007bc       0x64 ./Generated_Code/BitIoLdd2.o
                0x000007bc                BitIoLdd2_Init
 .text.BitIoLdd3_Init
                0x00000820       0x64 ./Generated_Code/BitIoLdd3.o
                0x00000820                BitIoLdd3_Init
 .text.BitIoLdd4_Init
                0x00000884       0x64 ./Generated_Code/BitIoLdd4.o
                0x00000884                BitIoLdd4_Init
 .text.BitIoLdd5_Init
                0x000008e8       0x64 ./Generated_Code/BitIoLdd5.o
                0x000008e8                BitIoLdd5_Init
 .text.Cpu_ivINT_PORTC
                0x0000094c       0x30 ./Generated_Code/Cpu.o
                0x0000094c                Cpu_ivINT_PORTC
 .text.Cpu_INT_NMIInterrupt
                0x0000097c       0x1c ./Generated_Code/Cpu.o
                0x0000097c                Cpu_INT_NMIInterrupt
 .text.Cpu_Interrupt
                0x00000998       0x18 ./Generated_Code/Cpu.o
                0x00000998                Cpu_Interrupt
 .text.__init_hardware
                0x000009b0      0x140 ./Generated_Code/Cpu.o
                0x000009b0                __init_hardware
 .text.Cpu_SetBASEPRI
                0x00000af0       0x18 ./Generated_Code/Cpu.o
                0x00000af0                Cpu_SetBASEPRI
 .text.PE_low_level_init
                0x00000b08      0x108 ./Generated_Code/Cpu.o
                0x00000b08                PE_low_level_init
 .text.ENCODER_Init
                0x00000c10       0xb0 ./Generated_Code/ENCODER.o
                0x00000c10                ENCODER_Init
 .text.ENCODER_Interrupt
                0x00000cc0       0x4c ./Generated_Code/ENCODER.o
                0x00000cc0                ENCODER_Interrupt
 .text.ExtIntLdd1_OnInterrupt
                0x00000d0c       0x14 ./Generated_Code/ENCODER_PUSH.o
                0x00000d0c                ExtIntLdd1_OnInterrupt
 .text.ExtIntLdd1_Init
                0x00000d20       0x80 ./Generated_Code/ExtIntLdd1.o
                0x00000d20                ExtIntLdd1_Init
 .text.ExtIntLdd1_Interrupt
                0x00000da0       0x3c ./Generated_Code/ExtIntLdd1.o
                0x00000da0                ExtIntLdd1_Interrupt
 .text.ExtIntLdd2_Init
                0x00000ddc       0x80 ./Generated_Code/ExtIntLdd2.o
                0x00000ddc                ExtIntLdd2_Init
 .text.ExtIntLdd2_Interrupt
                0x00000e5c       0x3c ./Generated_Code/ExtIntLdd2.o
                0x00000e5c                ExtIntLdd2_Interrupt
 .text.ExtIntLdd3_Init
                0x00000e98       0x80 ./Generated_Code/ExtIntLdd3.o
                0x00000e98                ExtIntLdd3_Init
 .text.ExtIntLdd3_Interrupt
                0x00000f18       0x3c ./Generated_Code/ExtIntLdd3.o
                0x00000f18                ExtIntLdd3_Interrupt
 .text.ExtIntLdd4_Init
                0x00000f54       0x7c ./Generated_Code/ExtIntLdd4.o
                0x00000f54                ExtIntLdd4_Init
 .text.ExtIntLdd4_Interrupt
                0x00000fd0       0x3c ./Generated_Code/ExtIntLdd4.o
                0x00000fd0                ExtIntLdd4_Interrupt
 .text.ExtIntLdd5_Init
                0x0000100c       0x7c ./Generated_Code/ExtIntLdd5.o
                0x0000100c                ExtIntLdd5_Init
 .text.ExtIntLdd5_Interrupt
                0x00001088       0x3c ./Generated_Code/ExtIntLdd5.o
                0x00001088                ExtIntLdd5_Interrupt
 .text.I2C0_SendStop
                0x000010c4       0x48 ./Generated_Code/I2C0.o
                0x000010c4                I2C0_SendStop
 .text.I2C0_Init
                0x0000110c       0x20 ./Generated_Code/I2C0.o
                0x0000110c                I2C0_Init
 .text.IntI2cLdd1_OnMasterBlockSent
                0x0000112c       0x24 ./Generated_Code/I2C0.o
                0x0000112c                IntI2cLdd1_OnMasterBlockSent
 .text.IntI2cLdd1_OnMasterBlockReceived
                0x00001150       0x24 ./Generated_Code/I2C0.o
                0x00001150                IntI2cLdd1_OnMasterBlockReceived
 .text.IntI2cLdd1_OnError
                0x00001174       0x30 ./Generated_Code/I2C0.o
                0x00001174                IntI2cLdd1_OnError
 .text.IntI2cLdd1_Interrupt
                0x000011a4      0x2d4 ./Generated_Code/IntI2cLdd1.o
                0x000011a4                IntI2cLdd1_Interrupt
 .text.IntI2cLdd1_Init
                0x00001478      0x13c ./Generated_Code/IntI2cLdd1.o
                0x00001478                IntI2cLdd1_Init
 .text.IntI2cLdd1_GetError
                0x000015b4       0x70 ./Generated_Code/IntI2cLdd1.o
                0x000015b4                IntI2cLdd1_GetError
 .text.ExtIntLdd2_OnInterrupt
                0x00001624       0x14 ./Generated_Code/LEVER_DIR1.o
                0x00001624                ExtIntLdd2_OnInterrupt
 .text.ExtIntLdd3_OnInterrupt
                0x00001638       0x14 ./Generated_Code/LEVER_DIR2.o
                0x00001638                ExtIntLdd3_OnInterrupt
 .text.ExtIntLdd5_OnInterrupt
                0x0000164c       0x14 ./Generated_Code/PUSH_BUTTON_REC.o
                0x0000164c                ExtIntLdd5_OnInterrupt
 .text.ExtIntLdd4_OnInterrupt
                0x00001660       0x14 ./Generated_Code/PUSH_BUTTON_SEND.o
                0x00001660                ExtIntLdd4_OnInterrupt
 .text.T_100ms_Init
                0x00001674       0xb0 ./Generated_Code/T_100ms.o
                0x00001674                T_100ms_Init
 .text.T_100ms_Interrupt
                0x00001724       0x6c ./Generated_Code/T_100ms.o
                0x00001724                T_100ms_Interrupt
 .text.T_500ms_Init
                0x00001790       0xcc ./Generated_Code/T_500ms.o
                0x00001790                T_500ms_Init
 .text.T_500ms_Interrupt
                0x0000185c       0x6c ./Generated_Code/T_500ms.o
                0x0000185c                T_500ms_Interrupt
 .text.exit     0x000018c8       0x28 c:/freescale/kds_v3/toolchain/bin/../lib/gcc/arm-none-eabi/4.8.4/../../../../arm-none-eabi/lib/armv7e-m\libg_s.a(lib_a-exit.o)
                0x000018c8                exit
 .text.__libc_init_array
                0x000018f0       0x4c c:/freescale/kds_v3/toolchain/bin/../lib/gcc/arm-none-eabi/4.8.4/../../../../arm-none-eabi/lib/armv7e-m\libg_s.a(lib_a-init.o)
                0x000018f0                __libc_init_array
 .text.memset   0x0000193c       0x10 c:/freescale/kds_v3/toolchain/bin/../lib/gcc/arm-none-eabi/4.8.4/../../../../arm-none-eabi/lib/armv7e-m\libg_s.a(lib_a-memset.o)
                0x0000193c                memset
 .text._exit    0x0000194c        0x4 c:/freescale/kds_v3/toolchain/bin/../lib/gcc/arm-none-eabi/4.8.4/../../../../arm-none-eabi/lib/armv7e-m\libnosys.a(_exit.o)
                0x0000194c                _exit
 *(.rodata)
 *(.rodata*)
 .rodata.str1.1
                0x00001950        0x2 c:/freescale/kds_v3/toolchain/bin/../lib/gcc/arm-none-eabi/4.8.4/../../../../arm-none-eabi/lib/armv7e-m\libg_s.a(lib_a-impure.o)
 *fill*         0x00001952        0x2 
 .rodata._global_impure_ptr
                0x00001954        0x4 c:/freescale/kds_v3/toolchain/bin/../lib/gcc/arm-none-eabi/4.8.4/../../../../arm-none-eabi/lib/armv7e-m\libg_s.a(lib_a-impure.o)
                0x00001954                _global_impure_ptr
 *(.glue_7)
 .glue_7        0x00000000        0x0 linker stubs
 *(.glue_7t)
 .glue_7t       0x00000000        0x0 linker stubs
 *(.eh_frame)
 .eh_frame      0x00001958        0x0 c:/freescale/kds_v3/toolchain/bin/../lib/gcc/arm-none-eabi/4.8.4/armv7e-m/crtbegin.o
 *(.init)
 .init          0x00001958        0x4 c:/freescale/kds_v3/toolchain/bin/../lib/gcc/arm-none-eabi/4.8.4/armv7e-m/crti.o
                0x00001958                _init
 .init          0x0000195c        0x8 c:/freescale/kds_v3/toolchain/bin/../lib/gcc/arm-none-eabi/4.8.4/armv7e-m/crtn.o
 *(.fini)
 .fini          0x00001964        0x4 c:/freescale/kds_v3/toolchain/bin/../lib/gcc/arm-none-eabi/4.8.4/armv7e-m/crti.o
                0x00001964                _fini
 .fini          0x00001968        0x8 c:/freescale/kds_v3/toolchain/bin/../lib/gcc/arm-none-eabi/4.8.4/armv7e-m/crtn.o
                0x00001970                . = ALIGN (0x4)
                0x00001970                _etext = .

.vfp11_veneer   0x00001970        0x0
 .vfp11_veneer  0x00000000        0x0 linker stubs

.v4_bx          0x00001970        0x0
 .v4_bx         0x00000000        0x0 linker stubs

.iplt           0x00001970        0x0
 .iplt          0x00000000        0x0 c:/freescale/kds_v3/toolchain/bin/../lib/gcc/arm-none-eabi/4.8.4/armv7e-m/crtbegin.o

.ARM.extab
 *(.ARM.extab* .gnu.linkonce.armextab.*)

.ARM            0x00001970        0x8
                0x00001970                __exidx_start = .
 *(.ARM.exidx*)
 .ARM.exidx     0x00001970        0x8 c:/freescale/kds_v3/toolchain/bin/../lib/gcc/arm-none-eabi/4.8.4/../../../../arm-none-eabi/lib/armv7e-m/crt0.o
                0x00001978                __exidx_end = .

.rel.dyn        0x00001978        0x0
 .rel.iplt      0x00000000        0x0 c:/freescale/kds_v3/toolchain/bin/../lib/gcc/arm-none-eabi/4.8.4/armv7e-m/crtbegin.o

.ctors          0x00001978        0x0
                0x00001978                __CTOR_LIST__ = .
 *crtbegin.o(.ctors)
 *(EXCLUDE_FILE(*crtend.o) .ctors)
 *(SORT(.ctors.*))
 *(.ctors)
                0x00001978                __CTOR_END__ = .

.dtors          0x00001978        0x0
                0x00001978                __DTOR_LIST__ = .
 *crtbegin.o(.dtors)
 *(EXCLUDE_FILE(*crtend.o) .dtors)
 *(SORT(.dtors.*))
 *(.dtors)
                0x00001978                __DTOR_END__ = .

.preinit_array  0x00001978        0x0
                0x00001978                PROVIDE (__preinit_array_start, .)
 *(.preinit_array*)
                0x00001978                PROVIDE (__preinit_array_end, .)

.init_array     0x00001978        0x4
                0x00001978                PROVIDE (__init_array_start, .)
 *(SORT(.init_array.*))
 *(.init_array*)
 .init_array    0x00001978        0x4 c:/freescale/kds_v3/toolchain/bin/../lib/gcc/arm-none-eabi/4.8.4/armv7e-m/crtbegin.o
                0x0000197c                PROVIDE (__init_array_end, .)

.fini_array     0x0000197c        0x4
                0x0000197c                PROVIDE (__fini_array_start, .)
 *(SORT(.fini_array.*))
 *(.fini_array*)
 .fini_array    0x0000197c        0x4 c:/freescale/kds_v3/toolchain/bin/../lib/gcc/arm-none-eabi/4.8.4/armv7e-m/crtbegin.o
                0x00001980                PROVIDE (__fini_array_end, .)
                0x00001980                ___ROM_AT = .

.data           0x1fff8000       0x60 load address 0x00001980
                0x1fff8000                . = ALIGN (0x4)
                0x1fff8000                _sdata = .
 *(.data)
 *(.data*)
 .data.impure_data
                0x1fff8000       0x60 c:/freescale/kds_v3/toolchain/bin/../lib/gcc/arm-none-eabi/4.8.4/../../../../arm-none-eabi/lib/armv7e-m\libg_s.a(lib_a-impure.o)
                0x1fff8060                . = ALIGN (0x4)
                0x1fff8060                _edata = .
                0x00000060                ___data_size = (_edata - _sdata)
                0x000019e0                ___m_data_20000000_ROMStart = (___ROM_AT + SIZEOF (.data))

.jcr            0x1fff8060        0x0 load address 0x000019e0
 .jcr           0x1fff8060        0x0 c:/freescale/kds_v3/toolchain/bin/../lib/gcc/arm-none-eabi/4.8.4/armv7e-m/crtbegin.o

.igot.plt       0x1fff8060        0x0 load address 0x000019e0
 .igot.plt      0x00000000        0x0 c:/freescale/kds_v3/toolchain/bin/../lib/gcc/arm-none-eabi/4.8.4/armv7e-m/crtbegin.o

.m_data_20000000
                0x20000000        0x0 load address 0x000019e0
                0x20000000                . = ALIGN (0x4)
                0x20000000                ___m_data_20000000_RAMStart = .
 *(.m_data_20000000)
                0x20000000                ___m_data_20000000_RAMEnd = .
                0x20000000                . = ALIGN (0x4)
                0x00000000                ___m_data_20000000_ROMSize = (___m_data_20000000_RAMEnd - ___m_data_20000000_RAMStart)
                0x20000000                . = ALIGN (0x4)

.bss            0x1fff8060       0xf0 load address 0x000019e0
                0x1fff8060                __START_BSS = .
                0x1fff8060                PROVIDE (__bss_start__, __START_BSS)
 *(.bss)
 .bss           0x1fff8060       0x1c c:/freescale/kds_v3/toolchain/bin/../lib/gcc/arm-none-eabi/4.8.4/armv7e-m/crtbegin.o
 *(.bss*)
 .bss.DeviceDataPrv__DEFAULT_RTOS_ALLOC
                0x1fff807c        0x4 ./Generated_Code/BitIoLdd1.o
 .bss.DeviceDataPrv__DEFAULT_RTOS_ALLOC
                0x1fff8080        0x4 ./Generated_Code/BitIoLdd2.o
 .bss.DeviceDataPrv__DEFAULT_RTOS_ALLOC
                0x1fff8084        0x4 ./Generated_Code/BitIoLdd3.o
 .bss.DeviceDataPrv__DEFAULT_RTOS_ALLOC
                0x1fff8088        0x4 ./Generated_Code/BitIoLdd4.o
 .bss.DeviceDataPrv__DEFAULT_RTOS_ALLOC
                0x1fff808c        0x4 ./Generated_Code/BitIoLdd5.o
 .bss.SR_lock   0x1fff8090        0x1 ./Generated_Code/Cpu.o
                0x1fff8090                SR_lock
 *fill*         0x1fff8091        0x3 
 .bss.DeviceDataPrv__DEFAULT_RTOS_ALLOC
                0x1fff8094        0xc ./Generated_Code/ENCODER.o
 .bss.INT_PORTC__DEFAULT_RTOS_ISRPARAM
                0x1fff80a0        0x4 ./Generated_Code/ENCODER.o
 .bss.DeviceDataPrv__DEFAULT_RTOS_ALLOC
                0x1fff80a4        0x4 ./Generated_Code/ExtIntLdd1.o
 .bss.INT_PORTC__DEFAULT_RTOS_ISRPARAM
                0x1fff80a8        0x4 ./Generated_Code/ExtIntLdd1.o
 .bss.DeviceDataPrv__DEFAULT_RTOS_ALLOC
                0x1fff80ac        0x4 ./Generated_Code/ExtIntLdd2.o
 .bss.INT_PORTC__DEFAULT_RTOS_ISRPARAM
                0x1fff80b0        0x4 ./Generated_Code/ExtIntLdd2.o
 .bss.DeviceDataPrv__DEFAULT_RTOS_ALLOC
                0x1fff80b4        0x4 ./Generated_Code/ExtIntLdd3.o
 .bss.INT_PORTC__DEFAULT_RTOS_ISRPARAM
                0x1fff80b8        0x4 ./Generated_Code/ExtIntLdd3.o
 .bss.DeviceDataPrv__DEFAULT_RTOS_ALLOC
                0x1fff80bc        0x4 ./Generated_Code/ExtIntLdd4.o
 .bss.INT_PORTC__DEFAULT_RTOS_ISRPARAM
                0x1fff80c0        0x4 ./Generated_Code/ExtIntLdd4.o
 .bss.DeviceDataPrv__DEFAULT_RTOS_ALLOC
                0x1fff80c4        0x4 ./Generated_Code/ExtIntLdd5.o
 .bss.INT_PORTC__DEFAULT_RTOS_ISRPARAM
                0x1fff80c8        0x4 ./Generated_Code/ExtIntLdd5.o
 .bss.OutLenM   0x1fff80cc        0x2 ./Generated_Code/I2C0.o
 .bss.I2C0_SerFlag
                0x1fff80ce        0x1 ./Generated_Code/I2C0.o
 *fill*         0x1fff80cf        0x1 
 .bss.DeviceDataPrv__DEFAULT_RTOS_ALLOC
                0x1fff80d0       0x1c ./Generated_Code/IntI2cLdd1.o
 .bss.INT_I2C0__DEFAULT_RTOS_ISRPARAM
                0x1fff80ec        0x4 ./Generated_Code/IntI2cLdd1.o
 .bss.PE_LDD_DeviceDataList
                0x1fff80f0       0x38 ./Generated_Code/PE_LDD.o
                0x1fff80f0                PE_LDD_DeviceDataList
 .bss.DeviceDataPrv__DEFAULT_RTOS_ALLOC
                0x1fff8128        0xc ./Generated_Code/T_100ms.o
 .bss.INT_FTM1__DEFAULT_RTOS_ISRPARAM
                0x1fff8134        0x4 ./Generated_Code/T_100ms.o
 .bss.DeviceDataPrv__DEFAULT_RTOS_ALLOC
                0x1fff8138        0x8 ./Generated_Code/T_500ms.o
 .bss.INT_FTM0__DEFAULT_RTOS_ISRPARAM
                0x1fff8140        0x4 ./Generated_Code/T_500ms.o
 *(COMMON)
 COMMON         0x1fff8144        0x1 ./Generated_Code/Cpu.o
                0x1fff8144                SR_reg
 *fill*         0x1fff8145        0x3 
 COMMON         0x1fff8148        0x8 ./Generated_Code/I2C0.o
                0x1fff8148                I2C0_SndRcvTemp
                0x1fff814c                IntI2cLdd1_DeviceDataPtr
                0x1fff8150                . = ALIGN (0x4)
                0x1fff8150                __END_BSS = .
                0x1fff8150                PROVIDE (__bss_end__, __END_BSS)
                0x000019e0                _romp_at = ((___ROM_AT + SIZEOF (.data)) + SIZEOF (.m_data_20000000))

.romp           0x1fff8150       0x24 load address 0x000019e0
                0x000019e0                __S_romp = _romp_at
                0x1fff8150        0x4 LONG 0x1980 ___ROM_AT
                0x1fff8154        0x4 LONG 0x1fff8000 _sdata
                0x1fff8158        0x4 LONG 0x60 ___data_size
                0x1fff815c        0x4 LONG 0x19e0 ___m_data_20000000_ROMStart
                0x1fff8160        0x4 LONG 0x20000000 ___m_data_20000000_RAMStart
                0x1fff8164        0x4 LONG 0x0 ___m_data_20000000_ROMSize
                0x1fff8168        0x4 LONG 0x0
                0x1fff816c        0x4 LONG 0x0
                0x1fff8170        0x4 LONG 0x0
                0x00040000                text_end = (ORIGIN (m_text) + 0x3fbf0)
                0x00001a04                data_init_end = ((___m_data_20000000_ROMStart + SIZEOF (.m_data_20000000)) + SIZEOF (.romp))
                0x00000001                ASSERT ((data_init_end <= text_end), region m_text overflowed with text and data)

._user_heap_stack
                0x1fff8174      0x400 load address 0x00001a04
                0x1fff8174                . = ALIGN (0x4)
                0x1fff8174                PROVIDE (end, .)
                0x1fff8174                PROVIDE (_end, .)
                0x1fff8174                PROVIDE (__end__, .)
                0x1fff8174                __heap_addr = .
                0x1fff8174                __HeapBase = .
                0x1fff8174                . = (. + __heap_size)
                0x1fff8174                __HeapLimit = .
                0x1fff8574                . = (. + __stack_size)
 *fill*         0x1fff8174      0x400 
                0x1fff8574                . = ALIGN (0x4)

.ARM.attributes
                0x00000000       0x2a
 *(.ARM.attributes)
 .ARM.attributes
                0x00000000       0x1e c:/freescale/kds_v3/toolchain/bin/../lib/gcc/arm-none-eabi/4.8.4/armv7e-m/crti.o
 .ARM.attributes
                0x0000001e       0x2e c:/freescale/kds_v3/toolchain/bin/../lib/gcc/arm-none-eabi/4.8.4/armv7e-m/crtbegin.o
 .ARM.attributes
                0x0000004c       0x1c c:/freescale/kds_v3/toolchain/bin/../lib/gcc/arm-none-eabi/4.8.4/../../../../arm-none-eabi/lib/armv7e-m/crt0.o
 .ARM.attributes
                0x00000068       0x33 ./Sources/Events.o
 .ARM.attributes
                0x0000009b       0x33 ./Sources/main.o
 .ARM.attributes
                0x000000ce       0x33 ./Project_Settings/Startup_Code/startup.o
 .ARM.attributes
                0x00000101       0x33 ./Generated_Code/BitIoLdd1.o
 .ARM.attributes
                0x00000134       0x33 ./Generated_Code/BitIoLdd2.o
 .ARM.attributes
                0x00000167       0x33 ./Generated_Code/BitIoLdd3.o
 .ARM.attributes
                0x0000019a       0x33 ./Generated_Code/BitIoLdd4.o
 .ARM.attributes
                0x000001cd       0x33 ./Generated_Code/BitIoLdd5.o
 .ARM.attributes
                0x00000200       0x33 ./Generated_Code/Cpu.o
 .ARM.attributes
                0x00000233       0x33 ./Generated_Code/ENCODER.o
 .ARM.attributes
                0x00000266       0x33 ./Generated_Code/ENCODER_PUSH.o
 .ARM.attributes
                0x00000299       0x33 ./Generated_Code/ExtIntLdd1.o
 .ARM.attributes
                0x000002cc       0x33 ./Generated_Code/ExtIntLdd2.o
 .ARM.attributes
                0x000002ff       0x33 ./Generated_Code/ExtIntLdd3.o
 .ARM.attributes
                0x00000332       0x33 ./Generated_Code/ExtIntLdd4.o
 .ARM.attributes
                0x00000365       0x33 ./Generated_Code/ExtIntLdd5.o
 .ARM.attributes
                0x00000398       0x33 ./Generated_Code/I2C0.o
 .ARM.attributes
                0x000003cb       0x33 ./Generated_Code/IntI2cLdd1.o
 .ARM.attributes
                0x000003fe       0x33 ./Generated_Code/LEVER_DIR1.o
 .ARM.attributes
                0x00000431       0x33 ./Generated_Code/LEVER_DIR2.o
 .ARM.attributes
                0x00000464       0x33 ./Generated_Code/PE_LDD.o
 .ARM.attributes
                0x00000497       0x33 ./Generated_Code/PUSH_BUTTON_REC.o
 .ARM.attributes
                0x000004ca       0x33 ./Generated_Code/PUSH_BUTTON_SEND.o
 .ARM.attributes
                0x000004fd       0x33 ./Generated_Code/T_100ms.o
 .ARM.attributes
                0x00000530       0x33 ./Generated_Code/T_500ms.o
 .ARM.attributes
                0x00000563       0x33 ./Generated_Code/Vectors.o
 .ARM.attributes
                0x00000596       0x2e c:/freescale/kds_v3/toolchain/bin/../lib/gcc/arm-none-eabi/4.8.4/../../../../arm-none-eabi/lib/armv7e-m\libg_s.a(lib_a-exit.o)
 .ARM.attributes
                0x000005c4       0x2e c:/freescale/kds_v3/toolchain/bin/../lib/gcc/arm-none-eabi/4.8.4/../../../../arm-none-eabi/lib/armv7e-m\libg_s.a(lib_a-impure.o)
 .ARM.attributes
                0x000005f2       0x2e c:/freescale/kds_v3/toolchain/bin/../lib/gcc/arm-none-eabi/4.8.4/../../../../arm-none-eabi/lib/armv7e-m\libg_s.a(lib_a-init.o)
 .ARM.attributes
                0x00000620       0x2e c:/freescale/kds_v3/toolchain/bin/../lib/gcc/arm-none-eabi/4.8.4/../../../../arm-none-eabi/lib/armv7e-m\libg_s.a(lib_a-memset.o)
 .ARM.attributes
                0x0000064e       0x2e c:/freescale/kds_v3/toolchain/bin/../lib/gcc/arm-none-eabi/4.8.4/../../../../arm-none-eabi/lib/armv7e-m\libnosys.a(_exit.o)
 .ARM.attributes
                0x0000067c       0x1e c:/freescale/kds_v3/toolchain/bin/../lib/gcc/arm-none-eabi/4.8.4/armv7e-m/crtn.o
OUTPUT(varmo_lite.elf elf32-littlearm)

.debug_info     0x00000000     0x5d72
 .debug_info    0x00000000      0x199 ./Sources/Events.o
 .debug_info    0x00000199       0x9a ./Sources/main.o
 .debug_info    0x00000233      0x20a ./Project_Settings/Startup_Code/startup.o
 .debug_info    0x0000043d      0x377 ./Generated_Code/BitIoLdd1.o
 .debug_info    0x000007b4      0x377 ./Generated_Code/BitIoLdd2.o
 .debug_info    0x00000b2b      0x377 ./Generated_Code/BitIoLdd3.o
 .debug_info    0x00000ea2      0x351 ./Generated_Code/BitIoLdd4.o
 .debug_info    0x000011f3      0x351 ./Generated_Code/BitIoLdd5.o
 .debug_info    0x00001544      0xa7b ./Generated_Code/Cpu.o
 .debug_info    0x00001fbf      0x647 ./Generated_Code/ENCODER.o
 .debug_info    0x00002606       0xb2 ./Generated_Code/ENCODER_PUSH.o
 .debug_info    0x000026b8      0x43c ./Generated_Code/ExtIntLdd1.o
 .debug_info    0x00002af4      0x43c ./Generated_Code/ExtIntLdd2.o
 .debug_info    0x00002f30      0x43c ./Generated_Code/ExtIntLdd3.o
 .debug_info    0x0000336c      0x43c ./Generated_Code/ExtIntLdd4.o
 .debug_info    0x000037a8      0x43c ./Generated_Code/ExtIntLdd5.o
 .debug_info    0x00003be4      0x47e ./Generated_Code/I2C0.o
 .debug_info    0x00004062      0x9e5 ./Generated_Code/IntI2cLdd1.o
 .debug_info    0x00004a47       0xb2 ./Generated_Code/LEVER_DIR1.o
 .debug_info    0x00004af9       0xb2 ./Generated_Code/LEVER_DIR2.o
 .debug_info    0x00004bab      0x251 ./Generated_Code/PE_LDD.o
 .debug_info    0x00004dfc       0xb2 ./Generated_Code/PUSH_BUTTON_REC.o
 .debug_info    0x00004eae       0xb2 ./Generated_Code/PUSH_BUTTON_SEND.o
 .debug_info    0x00004f60      0x6c8 ./Generated_Code/T_100ms.o
 .debug_info    0x00005628      0x63b ./Generated_Code/T_500ms.o
 .debug_info    0x00005c63      0x10f ./Generated_Code/Vectors.o

.debug_abbrev   0x00000000     0x1c8a
 .debug_abbrev  0x00000000       0xb2 ./Sources/Events.o
 .debug_abbrev  0x000000b2       0x47 ./Sources/main.o
 .debug_abbrev  0x000000f9      0x11e ./Project_Settings/Startup_Code/startup.o
 .debug_abbrev  0x00000217      0x15f ./Generated_Code/BitIoLdd1.o
 .debug_abbrev  0x00000376      0x15f ./Generated_Code/BitIoLdd2.o
 .debug_abbrev  0x000004d5      0x15f ./Generated_Code/BitIoLdd3.o
 .debug_abbrev  0x00000634      0x136 ./Generated_Code/BitIoLdd4.o
 .debug_abbrev  0x0000076a      0x136 ./Generated_Code/BitIoLdd5.o
 .debug_abbrev  0x000008a0      0x178 ./Generated_Code/Cpu.o
 .debug_abbrev  0x00000a18      0x1ba ./Generated_Code/ENCODER.o
 .debug_abbrev  0x00000bd2       0x68 ./Generated_Code/ENCODER_PUSH.o
 .debug_abbrev  0x00000c3a      0x15d ./Generated_Code/ExtIntLdd1.o
 .debug_abbrev  0x00000d97      0x15d ./Generated_Code/ExtIntLdd2.o
 .debug_abbrev  0x00000ef4      0x15d ./Generated_Code/ExtIntLdd3.o
 .debug_abbrev  0x00001051      0x15d ./Generated_Code/ExtIntLdd4.o
 .debug_abbrev  0x000011ae      0x15d ./Generated_Code/ExtIntLdd5.o
 .debug_abbrev  0x0000130b      0x1c0 ./Generated_Code/I2C0.o
 .debug_abbrev  0x000014cb      0x18b ./Generated_Code/IntI2cLdd1.o
 .debug_abbrev  0x00001656       0x68 ./Generated_Code/LEVER_DIR1.o
 .debug_abbrev  0x000016be       0x68 ./Generated_Code/LEVER_DIR2.o
 .debug_abbrev  0x00001726      0x10d ./Generated_Code/PE_LDD.o
 .debug_abbrev  0x00001833       0x68 ./Generated_Code/PUSH_BUTTON_REC.o
 .debug_abbrev  0x0000189b       0x68 ./Generated_Code/PUSH_BUTTON_SEND.o
 .debug_abbrev  0x00001903      0x179 ./Generated_Code/T_100ms.o
 .debug_abbrev  0x00001a7c      0x16a ./Generated_Code/T_500ms.o
 .debug_abbrev  0x00001be6       0xa4 ./Generated_Code/Vectors.o

.debug_aranges  0x00000000      0x5f0
 .debug_aranges
                0x00000000       0x78 ./Sources/Events.o
 .debug_aranges
                0x00000078       0x20 ./Sources/main.o
 .debug_aranges
                0x00000098       0x50 ./Project_Settings/Startup_Code/startup.o
 .debug_aranges
                0x000000e8       0x48 ./Generated_Code/BitIoLdd1.o
 .debug_aranges
                0x00000130       0x48 ./Generated_Code/BitIoLdd2.o
 .debug_aranges
                0x00000178       0x48 ./Generated_Code/BitIoLdd3.o
 .debug_aranges
                0x000001c0       0x40 ./Generated_Code/BitIoLdd4.o
 .debug_aranges
                0x00000200       0x40 ./Generated_Code/BitIoLdd5.o
 .debug_aranges
                0x00000240       0x48 ./Generated_Code/Cpu.o
 .debug_aranges
                0x00000288       0x60 ./Generated_Code/ENCODER.o
 .debug_aranges
                0x000002e8       0x20 ./Generated_Code/ENCODER_PUSH.o
 .debug_aranges
                0x00000308       0x30 ./Generated_Code/ExtIntLdd1.o
 .debug_aranges
                0x00000338       0x30 ./Generated_Code/ExtIntLdd2.o
 .debug_aranges
                0x00000368       0x30 ./Generated_Code/ExtIntLdd3.o
 .debug_aranges
                0x00000398       0x30 ./Generated_Code/ExtIntLdd4.o
 .debug_aranges
                0x000003c8       0x30 ./Generated_Code/ExtIntLdd5.o
 .debug_aranges
                0x000003f8       0x70 ./Generated_Code/I2C0.o
 .debug_aranges
                0x00000468       0x60 ./Generated_Code/IntI2cLdd1.o
 .debug_aranges
                0x000004c8       0x20 ./Generated_Code/LEVER_DIR1.o
 .debug_aranges
                0x000004e8       0x20 ./Generated_Code/LEVER_DIR2.o
 .debug_aranges
                0x00000508       0x30 ./Generated_Code/PE_LDD.o
 .debug_aranges
                0x00000538       0x20 ./Generated_Code/PUSH_BUTTON_REC.o
 .debug_aranges
                0x00000558       0x20 ./Generated_Code/PUSH_BUTTON_SEND.o
 .debug_aranges
                0x00000578       0x38 ./Generated_Code/T_100ms.o
 .debug_aranges
                0x000005b0       0x28 ./Generated_Code/T_500ms.o
 .debug_aranges
                0x000005d8       0x18 ./Generated_Code/Vectors.o

.debug_ranges   0x00000000      0x448
 .debug_ranges  0x00000000       0x68 ./Sources/Events.o
 .debug_ranges  0x00000068       0x10 ./Sources/main.o
 .debug_ranges  0x00000078       0x40 ./Project_Settings/Startup_Code/startup.o
 .debug_ranges  0x000000b8       0x38 ./Generated_Code/BitIoLdd1.o
 .debug_ranges  0x000000f0       0x38 ./Generated_Code/BitIoLdd2.o
 .debug_ranges  0x00000128       0x38 ./Generated_Code/BitIoLdd3.o
 .debug_ranges  0x00000160       0x30 ./Generated_Code/BitIoLdd4.o
 .debug_ranges  0x00000190       0x30 ./Generated_Code/BitIoLdd5.o
 .debug_ranges  0x000001c0       0x38 ./Generated_Code/Cpu.o
 .debug_ranges  0x000001f8       0x50 ./Generated_Code/ENCODER.o
 .debug_ranges  0x00000248       0x10 ./Generated_Code/ENCODER_PUSH.o
 .debug_ranges  0x00000258       0x20 ./Generated_Code/ExtIntLdd1.o
 .debug_ranges  0x00000278       0x20 ./Generated_Code/ExtIntLdd2.o
 .debug_ranges  0x00000298       0x20 ./Generated_Code/ExtIntLdd3.o
 .debug_ranges  0x000002b8       0x20 ./Generated_Code/ExtIntLdd4.o
 .debug_ranges  0x000002d8       0x20 ./Generated_Code/ExtIntLdd5.o
 .debug_ranges  0x000002f8       0x60 ./Generated_Code/I2C0.o
 .debug_ranges  0x00000358       0x50 ./Generated_Code/IntI2cLdd1.o
 .debug_ranges  0x000003a8       0x10 ./Generated_Code/LEVER_DIR1.o
 .debug_ranges  0x000003b8       0x10 ./Generated_Code/LEVER_DIR2.o
 .debug_ranges  0x000003c8       0x20 ./Generated_Code/PE_LDD.o
 .debug_ranges  0x000003e8       0x10 ./Generated_Code/PUSH_BUTTON_REC.o
 .debug_ranges  0x000003f8       0x10 ./Generated_Code/PUSH_BUTTON_SEND.o
 .debug_ranges  0x00000408       0x28 ./Generated_Code/T_100ms.o
 .debug_ranges  0x00000430       0x18 ./Generated_Code/T_500ms.o

.debug_macro    0x00000000    0x21cae
 .debug_macro   0x00000000      0x235 ./Sources/Events.o
 .debug_macro   0x00000235      0x84a ./Sources/Events.o
 .debug_macro   0x00000a7f       0x16 ./Sources/Events.o
 .debug_macro   0x00000a95       0x44 ./Sources/Events.o
 .debug_macro   0x00000ad9      0x209 ./Sources/Events.o
 .debug_macro   0x00000ce2     0x180f ./Sources/Events.o
 .debug_macro   0x000024f1      0x14e ./Sources/Events.o
 .debug_macro   0x0000263f       0x6a ./Sources/Events.o
 .debug_macro   0x000026a9     0xd4f6 ./Sources/Events.o
 .debug_macro   0x0000fb9f       0x9a ./Sources/Events.o
 .debug_macro   0x0000fc39       0x94 ./Sources/Events.o
 .debug_macro   0x0000fccd      0x12c ./Sources/Events.o
 .debug_macro   0x0000fdf9       0x46 ./Sources/Events.o
 .debug_macro   0x0000fe3f       0x26 ./Sources/Events.o
 .debug_macro   0x0000fe65      0x6a6 ./Sources/Events.o
 .debug_macro   0x0001050b       0x51 ./Sources/Events.o
 .debug_macro   0x0001055c       0x4c ./Sources/Events.o
 .debug_macro   0x000105a8       0x26 ./Sources/Events.o
 .debug_macro   0x000105ce       0x4c ./Sources/Events.o
 .debug_macro   0x0001061a       0x26 ./Sources/Events.o
 .debug_macro   0x00010640       0x46 ./Sources/Events.o
 .debug_macro   0x00010686       0x1f ./Sources/Events.o
 .debug_macro   0x000106a5       0x46 ./Sources/Events.o
 .debug_macro   0x000106eb       0x1f ./Sources/Events.o
 .debug_macro   0x0001070a      0x4ea ./Sources/Events.o
 .debug_macro   0x00010bf4       0xa5 ./Sources/Events.o
 .debug_macro   0x00010c99       0x34 ./Sources/Events.o
 .debug_macro   0x00010ccd       0x34 ./Sources/Events.o
 .debug_macro   0x00010d01       0x34 ./Sources/Events.o
 .debug_macro   0x00010d35       0x67 ./Sources/Events.o
 .debug_macro   0x00010d9c       0x5f ./Sources/Events.o
 .debug_macro   0x00010dfb       0x12 ./Sources/Events.o
 .debug_macro   0x00010e0d       0x34 ./Sources/Events.o
 .debug_macro   0x00010e41       0x34 ./Sources/Events.o
 .debug_macro   0x00010e75      0x235 ./Sources/main.o
 .debug_macro   0x000110aa      0x121 ./Project_Settings/Startup_Code/startup.o
 .debug_macro   0x000111cb       0x58 ./Project_Settings/Startup_Code/startup.o
 .debug_macro   0x00011223       0x35 ./Project_Settings/Startup_Code/startup.o
 .debug_macro   0x00011258       0xa3 ./Project_Settings/Startup_Code/startup.o
 .debug_macro   0x000112fb      0x166 ./Project_Settings/Startup_Code/startup.o
 .debug_macro   0x00011461       0x4a ./Project_Settings/Startup_Code/startup.o
 .debug_macro   0x000114ab       0x52 ./Project_Settings/Startup_Code/startup.o
 .debug_macro   0x000114fd       0x16 ./Project_Settings/Startup_Code/startup.o
 .debug_macro   0x00011513       0x43 ./Project_Settings/Startup_Code/startup.o
 .debug_macro   0x00011556      0x180 ./Project_Settings/Startup_Code/startup.o
 .debug_macro   0x000116d6      0x2a6 ./Project_Settings/Startup_Code/startup.o
 .debug_macro   0x0001197c       0x10 ./Project_Settings/Startup_Code/startup.o
 .debug_macro   0x0001198c       0x35 ./Project_Settings/Startup_Code/startup.o
 .debug_macro   0x000119c1       0x16 ./Project_Settings/Startup_Code/startup.o
 .debug_macro   0x000119d7       0x22 ./Project_Settings/Startup_Code/startup.o
 .debug_macro   0x000119f9       0x10 ./Project_Settings/Startup_Code/startup.o
 .debug_macro   0x00011a09      0x20f ./Project_Settings/Startup_Code/startup.o
 .debug_macro   0x00011c18     0xd4ea ./Project_Settings/Startup_Code/startup.o
 .debug_macro   0x0001f102       0xa6 ./Generated_Code/BitIoLdd1.o
 .debug_macro   0x0001f1a8       0xa6 ./Generated_Code/BitIoLdd2.o
 .debug_macro   0x0001f24e       0xa6 ./Generated_Code/BitIoLdd3.o
 .debug_macro   0x0001f2f4       0x46 ./Generated_Code/BitIoLdd3.o
 .debug_macro   0x0001f33a       0xa6 ./Generated_Code/BitIoLdd4.o
 .debug_macro   0x0001f3e0       0xa6 ./Generated_Code/BitIoLdd5.o
 .debug_macro   0x0001f486       0x40 ./Generated_Code/BitIoLdd5.o
 .debug_macro   0x0001f4c6      0x272 ./Generated_Code/Cpu.o
 .debug_macro   0x0001f738      0x233 ./Generated_Code/ENCODER.o
 .debug_macro   0x0001f96b      0x22f ./Generated_Code/ENCODER_PUSH.o
 .debug_macro   0x0001fb9a       0xbf ./Generated_Code/ExtIntLdd1.o
 .debug_macro   0x0001fc59       0x2e ./Generated_Code/ExtIntLdd1.o
 .debug_macro   0x0001fc87       0xbf ./Generated_Code/ExtIntLdd2.o
 .debug_macro   0x0001fd46       0x2e ./Generated_Code/ExtIntLdd2.o
 .debug_macro   0x0001fd74       0xbf ./Generated_Code/ExtIntLdd3.o
 .debug_macro   0x0001fe33       0x2e ./Generated_Code/ExtIntLdd3.o
 .debug_macro   0x0001fe61       0xbf ./Generated_Code/ExtIntLdd4.o
 .debug_macro   0x0001ff20       0x2e ./Generated_Code/ExtIntLdd4.o
 .debug_macro   0x0001ff4e       0xbf ./Generated_Code/ExtIntLdd5.o
 .debug_macro   0x0002000d       0x2e ./Generated_Code/ExtIntLdd5.o
 .debug_macro   0x0002003b      0x273 ./Generated_Code/I2C0.o
 .debug_macro   0x000202ae      0x29c ./Generated_Code/I2C0.o
 .debug_macro   0x0002054a       0xfa ./Generated_Code/IntI2cLdd1.o
 .debug_macro   0x00020644      0x4e4 ./Generated_Code/IntI2cLdd1.o
 .debug_macro   0x00020b28      0x22f ./Generated_Code/LEVER_DIR1.o
 .debug_macro   0x00020d57      0x22f ./Generated_Code/LEVER_DIR2.o
 .debug_macro   0x00020f86      0x1ef ./Generated_Code/PE_LDD.o
 .debug_macro   0x00021175      0x22f ./Generated_Code/PUSH_BUTTON_REC.o
 .debug_macro   0x000213a4      0x22f ./Generated_Code/PUSH_BUTTON_SEND.o
 .debug_macro   0x000215d3      0x239 ./Generated_Code/T_100ms.o
 .debug_macro   0x0002180c      0x239 ./Generated_Code/T_500ms.o
 .debug_macro   0x00021a45      0x269 ./Generated_Code/Vectors.o

.debug_line     0x00000000     0x6b2b
 .debug_line    0x00000000      0x50b ./Sources/Events.o
 .debug_line    0x0000050b      0x455 ./Sources/main.o
 .debug_line    0x00000960      0x3d3 ./Project_Settings/Startup_Code/startup.o
 .debug_line    0x00000d33      0x2d5 ./Generated_Code/BitIoLdd1.o
 .debug_line    0x00001008      0x2d5 ./Generated_Code/BitIoLdd2.o
 .debug_line    0x000012dd      0x2d5 ./Generated_Code/BitIoLdd3.o
 .debug_line    0x000015b2      0x2c3 ./Generated_Code/BitIoLdd4.o
 .debug_line    0x00001875      0x2c3 ./Generated_Code/BitIoLdd5.o
 .debug_line    0x00001b38      0x6f0 ./Generated_Code/Cpu.o
 .debug_line    0x00002228      0x598 ./Generated_Code/ENCODER.o
 .debug_line    0x000027c0      0x4aa ./Generated_Code/ENCODER_PUSH.o
 .debug_line    0x00002c6a      0x2c5 ./Generated_Code/ExtIntLdd1.o
 .debug_line    0x00002f2f      0x2c3 ./Generated_Code/ExtIntLdd2.o
 .debug_line    0x000031f2      0x2c3 ./Generated_Code/ExtIntLdd3.o
 .debug_line    0x000034b5      0x2c9 ./Generated_Code/ExtIntLdd4.o
 .debug_line    0x0000377e      0x2c8 ./Generated_Code/ExtIntLdd5.o
 .debug_line    0x00003a46      0x5a6 ./Generated_Code/I2C0.o
 .debug_line    0x00003fec      0x423 ./Generated_Code/IntI2cLdd1.o
 .debug_line    0x0000440f      0x4a6 ./Generated_Code/LEVER_DIR1.o
 .debug_line    0x000048b5      0x4a6 ./Generated_Code/LEVER_DIR2.o
 .debug_line    0x00004d5b      0x44f ./Generated_Code/PE_LDD.o
 .debug_line    0x000051aa      0x4b0 ./Generated_Code/PUSH_BUTTON_REC.o
 .debug_line    0x0000565a      0x4b2 ./Generated_Code/PUSH_BUTTON_SEND.o
 .debug_line    0x00005b0c      0x4fd ./Generated_Code/T_100ms.o
 .debug_line    0x00006009      0x4db ./Generated_Code/T_500ms.o
 .debug_line    0x000064e4      0x647 ./Generated_Code/Vectors.o

.debug_str      0x00000000    0x67372
 .debug_str     0x00000000    0x6066d ./Sources/Events.o
                              0x607b7 (size before relaxing)
 .debug_str     0x0006066d       0x17 ./Sources/main.o
                              0x60695 (size before relaxing)
 .debug_str     0x00060684     0x25f1 ./Project_Settings/Startup_Code/startup.o
                              0x4c406 (size before relaxing)
 .debug_str     0x00062c75      0x1b4 ./Generated_Code/BitIoLdd1.o
                              0x527f0 (size before relaxing)
 .debug_str     0x00062e29       0xb1 ./Generated_Code/BitIoLdd2.o
                              0x527f0 (size before relaxing)
 .debug_str     0x00062eda       0xb1 ./Generated_Code/BitIoLdd3.o
                              0x527f0 (size before relaxing)
 .debug_str     0x00062f8b       0xa0 ./Generated_Code/BitIoLdd4.o
                              0x527be (size before relaxing)
 .debug_str     0x0006302b       0xa0 ./Generated_Code/BitIoLdd5.o
                              0x527be (size before relaxing)
 .debug_str     0x000630cb      0x370 ./Generated_Code/Cpu.o
                              0x60ab7 (size before relaxing)
 .debug_str     0x0006343b      0x197 ./Generated_Code/ENCODER.o
                              0x609e1 (size before relaxing)
 .debug_str     0x000635d2       0x38 ./Generated_Code/ENCODER_PUSH.o
                              0x606d0 (size before relaxing)
 .debug_str     0x0006360a       0x87 ./Generated_Code/ExtIntLdd1.o
                              0x55cf5 (size before relaxing)
 .debug_str     0x00063691       0x87 ./Generated_Code/ExtIntLdd2.o
                              0x55cef (size before relaxing)
 .debug_str     0x00063718       0x87 ./Generated_Code/ExtIntLdd3.o
                              0x55cef (size before relaxing)
 .debug_str     0x0006379f       0x87 ./Generated_Code/ExtIntLdd4.o
                              0x55cfb (size before relaxing)
 .debug_str     0x00063826       0x87 ./Generated_Code/ExtIntLdd5.o
                              0x55cf9 (size before relaxing)
 .debug_str     0x000638ad     0x3338 ./Generated_Code/I2C0.o
                              0x63a32 (size before relaxing)
 .debug_str     0x00066be5      0x2ef ./Generated_Code/IntI2cLdd1.o
                              0x58a79 (size before relaxing)
 .debug_str     0x00066ed4       0x36 ./Generated_Code/LEVER_DIR1.o
                              0x606ce (size before relaxing)
 .debug_str     0x00066f0a       0x36 ./Generated_Code/LEVER_DIR2.o
                              0x606ce (size before relaxing)
 .debug_str     0x00066f40      0x17e ./Generated_Code/PE_LDD.o
                              0x60854 (size before relaxing)
 .debug_str     0x000670be       0x3b ./Generated_Code/PUSH_BUTTON_REC.o
                              0x606d3 (size before relaxing)
 .debug_str     0x000670f9       0x3c ./Generated_Code/PUSH_BUTTON_SEND.o
                              0x606d4 (size before relaxing)
 .debug_str     0x00067135      0x19b ./Generated_Code/T_100ms.o
                              0x60a19 (size before relaxing)
 .debug_str     0x000672d0       0x86 ./Generated_Code/T_500ms.o
                              0x609c6 (size before relaxing)
 .debug_str     0x00067356       0x1c ./Generated_Code/Vectors.o
                              0x606e7 (size before relaxing)

.comment        0x00000000       0x70
 .comment       0x00000000       0x70 ./Sources/Events.o
                                 0x71 (size before relaxing)
 .comment       0x00000000       0x71 ./Sources/main.o
 .comment       0x00000000       0x71 ./Project_Settings/Startup_Code/startup.o
 .comment       0x00000000       0x71 ./Generated_Code/BitIoLdd1.o
 .comment       0x00000000       0x71 ./Generated_Code/BitIoLdd2.o
 .comment       0x00000000       0x71 ./Generated_Code/BitIoLdd3.o
 .comment       0x00000000       0x71 ./Generated_Code/BitIoLdd4.o
 .comment       0x00000000       0x71 ./Generated_Code/BitIoLdd5.o
 .comment       0x00000000       0x71 ./Generated_Code/Cpu.o
 .comment       0x00000000       0x71 ./Generated_Code/ENCODER.o
 .comment       0x00000000       0x71 ./Generated_Code/ENCODER_PUSH.o
 .comment       0x00000000       0x71 ./Generated_Code/ExtIntLdd1.o
 .comment       0x00000000       0x71 ./Generated_Code/ExtIntLdd2.o
 .comment       0x00000000       0x71 ./Generated_Code/ExtIntLdd3.o
 .comment       0x00000000       0x71 ./Generated_Code/ExtIntLdd4.o
 .comment       0x00000000       0x71 ./Generated_Code/ExtIntLdd5.o
 .comment       0x00000000       0x71 ./Generated_Code/I2C0.o
 .comment       0x00000000       0x71 ./Generated_Code/IntI2cLdd1.o
 .comment       0x00000000       0x71 ./Generated_Code/LEVER_DIR1.o
 .comment       0x00000000       0x71 ./Generated_Code/LEVER_DIR2.o
 .comment       0x00000000       0x71 ./Generated_Code/PE_LDD.o
 .comment       0x00000000       0x71 ./Generated_Code/PUSH_BUTTON_REC.o
 .comment       0x00000000       0x71 ./Generated_Code/PUSH_BUTTON_SEND.o
 .comment       0x00000000       0x71 ./Generated_Code/T_100ms.o
 .comment       0x00000000       0x71 ./Generated_Code/T_500ms.o
 .comment       0x00000000       0x71 ./Generated_Code/Vectors.o

.debug_frame    0x00000000      0xea4
 .debug_frame   0x00000000      0x140 ./Sources/Events.o
 .debug_frame   0x00000140       0x2c ./Sources/main.o
 .debug_frame   0x0000016c       0xc0 ./Project_Settings/Startup_Code/startup.o
 .debug_frame   0x0000022c       0xb8 ./Generated_Code/BitIoLdd1.o
 .debug_frame   0x000002e4       0xb8 ./Generated_Code/BitIoLdd2.o
 .debug_frame   0x0000039c       0xb8 ./Generated_Code/BitIoLdd3.o
 .debug_frame   0x00000454       0x9c ./Generated_Code/BitIoLdd4.o
 .debug_frame   0x000004f0       0x9c ./Generated_Code/BitIoLdd5.o
 .debug_frame   0x0000058c       0xc8 ./Generated_Code/Cpu.o
 .debug_frame   0x00000654      0x110 ./Generated_Code/ENCODER.o
 .debug_frame   0x00000764       0x30 ./Generated_Code/ENCODER_PUSH.o
 .debug_frame   0x00000794       0x68 ./Generated_Code/ExtIntLdd1.o
 .debug_frame   0x000007fc       0x68 ./Generated_Code/ExtIntLdd2.o
 .debug_frame   0x00000864       0x68 ./Generated_Code/ExtIntLdd3.o
 .debug_frame   0x000008cc       0x68 ./Generated_Code/ExtIntLdd4.o
 .debug_frame   0x00000934       0x68 ./Generated_Code/ExtIntLdd5.o
 .debug_frame   0x0000099c      0x160 ./Generated_Code/I2C0.o
 .debug_frame   0x00000afc      0x118 ./Generated_Code/IntI2cLdd1.o
 .debug_frame   0x00000c14       0x30 ./Generated_Code/LEVER_DIR1.o
 .debug_frame   0x00000c44       0x30 ./Generated_Code/LEVER_DIR2.o
 .debug_frame   0x00000c74       0x64 ./Generated_Code/PE_LDD.o
 .debug_frame   0x00000cd8       0x30 ./Generated_Code/PUSH_BUTTON_REC.o
 .debug_frame   0x00000d08       0x30 ./Generated_Code/PUSH_BUTTON_SEND.o
 .debug_frame   0x00000d38       0x88 ./Generated_Code/T_100ms.o
 .debug_frame   0x00000dc0       0x50 ./Generated_Code/T_500ms.o
 .debug_frame   0x00000e10       0x28 c:/freescale/kds_v3/toolchain/bin/../lib/gcc/arm-none-eabi/4.8.4/../../../../arm-none-eabi/lib/armv7e-m\libg_s.a(lib_a-exit.o)
 .debug_frame   0x00000e38       0x2c c:/freescale/kds_v3/toolchain/bin/../lib/gcc/arm-none-eabi/4.8.4/../../../../arm-none-eabi/lib/armv7e-m\libg_s.a(lib_a-init.o)
 .debug_frame   0x00000e64       0x20 c:/freescale/kds_v3/toolchain/bin/../lib/gcc/arm-none-eabi/4.8.4/../../../../arm-none-eabi/lib/armv7e-m\libg_s.a(lib_a-memset.o)
 .debug_frame   0x00000e84       0x20 c:/freescale/kds_v3/toolchain/bin/../lib/gcc/arm-none-eabi/4.8.4/../../../../arm-none-eabi/lib/armv7e-m\libnosys.a(_exit.o)

.stabstr        0x00000000       0x76
 .stabstr       0x00000000       0x76 c:/freescale/kds_v3/toolchain/bin/../lib/gcc/arm-none-eabi/4.8.4/../../../../arm-none-eabi/lib/armv7e-m\libnosys.a(getpid.o)
