Archive member included because of file (symbol)

c:/freescale/kds_v3/toolchain/bin/../lib/gcc/arm-none-eabi/4.8.4/../../../../arm-none-eabi/lib/armv7e-m\libm.a(lib_a-s_round.o)
                              ./Sources/display.o (round)
c:/freescale/kds_v3/toolchain/bin/../lib/gcc/arm-none-eabi/4.8.4/../../../../arm-none-eabi/lib/armv7e-m\libm.a(lib_a-w_pow.o)
                              ./Sources/display.o (pow)
c:/freescale/kds_v3/toolchain/bin/../lib/gcc/arm-none-eabi/4.8.4/../../../../arm-none-eabi/lib/armv7e-m\libm.a(lib_a-e_pow.o)
                              c:/freescale/kds_v3/toolchain/bin/../lib/gcc/arm-none-eabi/4.8.4/../../../../arm-none-eabi/lib/armv7e-m\libm.a(lib_a-w_pow.o) (__ieee754_pow)
c:/freescale/kds_v3/toolchain/bin/../lib/gcc/arm-none-eabi/4.8.4/../../../../arm-none-eabi/lib/armv7e-m\libm.a(lib_a-e_sqrt.o)
                              c:/freescale/kds_v3/toolchain/bin/../lib/gcc/arm-none-eabi/4.8.4/../../../../arm-none-eabi/lib/armv7e-m\libm.a(lib_a-e_pow.o) (__ieee754_sqrt)
c:/freescale/kds_v3/toolchain/bin/../lib/gcc/arm-none-eabi/4.8.4/../../../../arm-none-eabi/lib/armv7e-m\libm.a(lib_a-s_fabs.o)
                              c:/freescale/kds_v3/toolchain/bin/../lib/gcc/arm-none-eabi/4.8.4/../../../../arm-none-eabi/lib/armv7e-m\libm.a(lib_a-e_pow.o) (fabs)
c:/freescale/kds_v3/toolchain/bin/../lib/gcc/arm-none-eabi/4.8.4/../../../../arm-none-eabi/lib/armv7e-m\libm.a(lib_a-s_finite.o)
                              c:/freescale/kds_v3/toolchain/bin/../lib/gcc/arm-none-eabi/4.8.4/../../../../arm-none-eabi/lib/armv7e-m\libm.a(lib_a-w_pow.o) (finite)
c:/freescale/kds_v3/toolchain/bin/../lib/gcc/arm-none-eabi/4.8.4/../../../../arm-none-eabi/lib/armv7e-m\libm.a(lib_a-s_fpclassify.o)
                              c:/freescale/kds_v3/toolchain/bin/../lib/gcc/arm-none-eabi/4.8.4/../../../../arm-none-eabi/lib/armv7e-m\libm.a(lib_a-w_pow.o) (__fpclassifyd)
c:/freescale/kds_v3/toolchain/bin/../lib/gcc/arm-none-eabi/4.8.4/../../../../arm-none-eabi/lib/armv7e-m\libm.a(lib_a-s_lib_ver.o)
                              c:/freescale/kds_v3/toolchain/bin/../lib/gcc/arm-none-eabi/4.8.4/../../../../arm-none-eabi/lib/armv7e-m\libm.a(lib_a-w_pow.o) (__fdlib_version)
c:/freescale/kds_v3/toolchain/bin/../lib/gcc/arm-none-eabi/4.8.4/../../../../arm-none-eabi/lib/armv7e-m\libm.a(lib_a-s_matherr.o)
                              c:/freescale/kds_v3/toolchain/bin/../lib/gcc/arm-none-eabi/4.8.4/../../../../arm-none-eabi/lib/armv7e-m\libm.a(lib_a-w_pow.o) (matherr)
c:/freescale/kds_v3/toolchain/bin/../lib/gcc/arm-none-eabi/4.8.4/../../../../arm-none-eabi/lib/armv7e-m\libm.a(lib_a-s_nan.o)
                              c:/freescale/kds_v3/toolchain/bin/../lib/gcc/arm-none-eabi/4.8.4/../../../../arm-none-eabi/lib/armv7e-m\libm.a(lib_a-e_pow.o) (nan)
c:/freescale/kds_v3/toolchain/bin/../lib/gcc/arm-none-eabi/4.8.4/../../../../arm-none-eabi/lib/armv7e-m\libm.a(lib_a-s_rint.o)
                              c:/freescale/kds_v3/toolchain/bin/../lib/gcc/arm-none-eabi/4.8.4/../../../../arm-none-eabi/lib/armv7e-m\libm.a(lib_a-w_pow.o) (rint)
c:/freescale/kds_v3/toolchain/bin/../lib/gcc/arm-none-eabi/4.8.4/../../../../arm-none-eabi/lib/armv7e-m\libm.a(lib_a-s_scalbn.o)
                              c:/freescale/kds_v3/toolchain/bin/../lib/gcc/arm-none-eabi/4.8.4/../../../../arm-none-eabi/lib/armv7e-m\libm.a(lib_a-e_pow.o) (scalbn)
c:/freescale/kds_v3/toolchain/bin/../lib/gcc/arm-none-eabi/4.8.4/../../../../arm-none-eabi/lib/armv7e-m\libm.a(lib_a-s_copysign.o)
                              c:/freescale/kds_v3/toolchain/bin/../lib/gcc/arm-none-eabi/4.8.4/../../../../arm-none-eabi/lib/armv7e-m\libm.a(lib_a-s_scalbn.o) (copysign)
c:/freescale/kds_v3/toolchain/bin/../lib/gcc/arm-none-eabi/4.8.4/armv7e-m\libgcc.a(_arm_addsubdf3.o)
                              c:/freescale/kds_v3/toolchain/bin/../lib/gcc/arm-none-eabi/4.8.4/../../../../arm-none-eabi/lib/armv7e-m\libm.a(lib_a-e_pow.o) (__aeabi_dsub)
c:/freescale/kds_v3/toolchain/bin/../lib/gcc/arm-none-eabi/4.8.4/armv7e-m\libgcc.a(_arm_muldivdf3.o)
                              ./Sources/display.o (__aeabi_dmul)
c:/freescale/kds_v3/toolchain/bin/../lib/gcc/arm-none-eabi/4.8.4/armv7e-m\libgcc.a(_arm_cmpdf2.o)
                              c:/freescale/kds_v3/toolchain/bin/../lib/gcc/arm-none-eabi/4.8.4/../../../../arm-none-eabi/lib/armv7e-m\libm.a(lib_a-w_pow.o) (__aeabi_dcmpeq)
c:/freescale/kds_v3/toolchain/bin/../lib/gcc/arm-none-eabi/4.8.4/armv7e-m\libgcc.a(_arm_fixdfsi.o)
                              ./Sources/display.o (__aeabi_d2iz)
c:/freescale/kds_v3/toolchain/bin/../lib/gcc/arm-none-eabi/4.8.4/armv7e-m\libgcc.a(_arm_addsubsf3.o)
                              ./Sources/Events.o (__aeabi_fsub)
c:/freescale/kds_v3/toolchain/bin/../lib/gcc/arm-none-eabi/4.8.4/armv7e-m\libgcc.a(_arm_cmpsf2.o)
                              ./Sources/display.o (__aeabi_fcmpeq)
c:/freescale/kds_v3/toolchain/bin/../lib/gcc/arm-none-eabi/4.8.4/armv7e-m\libgcc.a(_arm_fixsfsi.o)
[...]
Memory Configuration

Name             Origin             Length             Attributes
m_interrupts     0x00000000         0x000001bc         xr
m_text           0x00000410         0x0003fbf0         xr
m_data           0x1fff8000         0x00008000         rw
m_data_20000000  0x20000000         0x00008000         rw
m_cfmprotrom     0x00000400         0x00000010         xr
*default*        0x00000000         0xffffffff

Linker script and memory map

LOAD c:/freescale/kds_v3/toolchain/bin/../lib/gcc/arm-none-eabi/4.8.4/armv7e-m/crti.o
LOAD c:/freescale/kds_v3/toolchain/bin/../lib/gcc/arm-none-eabi/4.8.4/armv7e-m/crtbegin.o
LOAD c:/freescale/kds_v3/toolchain/bin/../lib/gcc/arm-none-eabi/4.8.4/../../../../arm-none-eabi/lib/armv7e-m/crt0.o
LOAD ./Sources/Events.o
LOAD ./Sources/LCD.o
LOAD ./Sources/PCA9670.o
LOAD ./Sources/cue_eeprom.o
LOAD ./Sources/display.o
LOAD ./Sources/eeprom.o
LOAD ./Sources/encoder_variable.o
LOAD ./Sources/main.o
LOAD ./Sources/menu.o
LOAD ./Sources/parameters.o
LOAD ./Sources/protocol.o
LOAD ./Sources/send.o
LOAD ./Project_Settings/Startup_Code/startup.o
LOAD ./Generated_Code/AS1.o
LOAD ./Generated_Code/ASerialLdd1.o
LOAD ./Generated_Code/BitIoLdd1.o
LOAD ./Generated_Code/BitIoLdd2.o
LOAD ./Generated_Code/BitIoLdd3.o
LOAD ./Generated_Code/BitIoLdd4.o
LOAD ./Generated_Code/BitIoLdd5.o
LOAD ./Generated_Code/BitIoLdd6.o
LOAD ./Generated_Code/BitIoLdd7.o
LOAD ./Generated_Code/CS1.o
LOAD ./Generated_Code/Cpu.o
LOAD ./Generated_Code/ENCODER.o
LOAD ./Generated_Code/ENCODER_PUSH.o
LOAD ./Generated_Code/ExtIntLdd1.o
LOAD ./Generated_Code/ExtIntLdd2.o
LOAD ./Generated_Code/ExtIntLdd3.o
LOAD ./Generated_Code/ExtIntLdd4.o
LOAD ./Generated_Code/ExtIntLdd5.o
LOAD ./Generated_Code/I2C0.o
LOAD ./Generated_Code/IFsh1.o
LOAD ./Generated_Code/IntFlashLdd1.o
LOAD ./Generated_Code/IntI2cLdd1.o
LOAD ./Generated_Code/KSDK1.o
LOAD ./Generated_Code/LCD_CTR.o
LOAD ./Generated_Code/LCD_EN.o
LOAD ./Generated_Code/LED_DEBUG.o
LOAD ./Generated_Code/LED_STATUS_1.o
LOAD ./Generated_Code/LED_STATUS_2.o
LOAD ./Generated_Code/LED_STATUS_3.o
LOAD ./Generated_Code/LED_STATUS_4.o
LOAD ./Generated_Code/LEVER_DIR1.o
LOAD ./Generated_Code/LEVER_DIR2.o
LOAD ./Generated_Code/PCA.o
LOAD ./Generated_Code/PE_LDD.o
LOAD ./Generated_Code/PUSH_BUTTON_REC.o
LOAD ./Generated_Code/PUSH_BUTTON_SEND.o
LOAD ./Generated_Code/TU1.o
LOAD ./Generated_Code/T_100ms.o
LOAD ./Generated_Code/T_500ms.o
LOAD ./Generated_Code/Vectors.o
LOAD ./Generated_Code/WAIT1.o
LOAD ./.metadata/.plugins/org.eclipse.cdt.make.core/specs.o
LOAD c:/freescale/kds_v3/toolchain/bin/../lib/gcc/arm-none-eabi/4.8.4/../../../../arm-none-eabi/lib/armv7e-m\libstdc++_s.a
LOAD c:/freescale/kds_v3/toolchain/bin/../lib/gcc/arm-none-eabi/4.8.4/../../../../arm-none-eabi/lib/armv7e-m\libm.a
START GROUP
LOAD c:/freescale/kds_v3/toolchain/bin/../lib/gcc/arm-none-eabi/4.8.4/armv7e-m\libgcc.a
LOAD c:/freescale/kds_v3/toolchain/bin/../lib/gcc/arm-none-eabi/4.8.4/../../../../arm-none-eabi/lib/armv7e-m\libg_s.a
LOAD c:/freescale/kds_v3/toolchain/bin/../lib/gcc/arm-none-eabi/4.8.4/../../../../arm-none-eabi/lib/armv7e-m\libc_s.a
END GROUP
START GROUP
LOAD c:/freescale/kds_v3/toolchain/bin/../lib/gcc/arm-none-eabi/4.8.4/armv7e-m\libgcc.a
LOAD c:/freescale/kds_v3/toolchain/bin/../lib/gcc/arm-none-eabi/4.8.4/../../../../arm-none-eabi/lib/armv7e-m\libc_s.a
LOAD c:/freescale/kds_v3/toolchain/bin/../lib/gcc/arm-none-eabi/4.8.4/../../../../arm-none-eabi/lib/armv7e-m\libnosys.a
END GROUP
START GROUP
LOAD c:/freescale/kds_v3/toolchain/bin/../lib/gcc/arm-none-eabi/4.8.4/armv7e-m\libgcc.a
LOAD c:/freescale/kds_v3/toolchain/bin/../lib/gcc/arm-none-eabi/4.8.4/../../../../arm-none-eabi/lib/armv7e-m\libc_s.a
LOAD c:/freescale/kds_v3/toolchain/bin/../lib/gcc/arm-none-eabi/4.8.4/../../../../arm-none-eabi/lib/armv7e-m\libnosys.a
END GROUP
LOAD c:/freescale/kds_v3/toolchain/bin/../lib/gcc/arm-none-eabi/4.8.4/armv7e-m/crtend.o
LOAD c:/freescale/kds_v3/toolchain/bin/../lib/gcc/arm-none-eabi/4.8.4/armv7e-m/crtn.o
                0x20000000                _estack = 0x20000000
                0x20000000                __SP_INIT = _estack
                0x20000000                __stack = _estack
                0x00000000                __heap_size = 0x0
                0x00000400                __stack_size = 0x400

.interrupts     0x00000000      0x1bc
                0x00000000                __vector_table = .
                0x00000000                . = ALIGN (0x4)
 *(.vectortable)
 .vectortable   0x00000000      0x1bc ./Generated_Code/Vectors.o
                0x00000000                __vect_table
                0x000001bc                . = ALIGN (0x4)

.cfmprotect     0x00000400       0x10
                0x00000400                . = ALIGN (0x4)
 *(.cfmconfig)
 .cfmconfig     0x00000400       0x10 ./Generated_Code/Cpu.o
                0x00000400                _cfm
                0x00000410                . = ALIGN (0x4)

.text           0x00000410     0xb84c
                0x00000410                . = ALIGN (0x4)
 *(.text)
 .text          0x00000410       0x54 c:/freescale/kds_v3/toolchain/bin/../lib/gcc/arm-none-eabi/4.8.4/armv7e-m/crtbegin.o
 .text          0x00000464       0x74 c:/freescale/kds_v3/toolchain/bin/../lib/gcc/arm-none-eabi/4.8.4/../../../../arm-none-eabi/lib/armv7e-m/crt0.o
                0x00000464                _start
                0x00000464                _mainCRTStartup
 .text          0x000004d8      0x370 c:/freescale/kds_v3/toolchain/bin/../lib/gcc/arm-none-eabi/4.8.4/armv7e-m\libgcc.a(_arm_addsubdf3.o)
                0x000004d8                __aeabi_drsub
                0x000004e0                __aeabi_dsub
                0x000004e0                __subdf3
                0x000004e4                __aeabi_dadd
                0x000004e4                __adddf3
                0x0000075c                __floatunsidf
                0x0000075c                __aeabi_ui2d
                0x0000077c                __floatsidf
                0x0000077c                __aeabi_i2d
                0x000007a0                __aeabi_f2d
                0x000007a0                __extendsfdf2
                0x000007dc                __floatundidf
                0x000007dc                __aeabi_ul2d
                0x000007ec                __floatdidf
                0x000007ec                __aeabi_l2d
 .text          0x00000848      0x424 c:/freescale/kds_v3/toolchain/bin/../lib/gcc/arm-none-eabi/4.8.4/armv7e-m\libgcc.a(_arm_muldivdf3.o)
                0x00000848                __aeabi_dmul
                0x00000848                __muldf3
                0x00000a9c                __divdf3
                0x00000a9c                __aeabi_ddiv
 .text          0x00000c6c      0x110 c:/freescale/kds_v3/toolchain/bin/../lib/gcc/arm-none-eabi/4.8.4/armv7e-m\libgcc.a(_arm_cmpdf2.o)
                0x00000c6c                __gtdf2
                0x00000c6c                __gedf2
                0x00000c74                __ltdf2
                0x00000c74                __ledf2
                0x00000c7c                __nedf2
                0x00000c7c                __eqdf2
                0x00000c7c                __cmpdf2
                0x00000cf8                __aeabi_cdrcmple
                0x00000d08                __aeabi_cdcmpeq
                0x00000d08                __aeabi_cdcmple
                0x00000d18                __aeabi_dcmpeq
                0x00000d2c                __aeabi_dcmplt
                0x00000d40                __aeabi_dcmple
                0x00000d54                __aeabi_dcmpge
                0x00000d68                __aeabi_dcmpgt
 .text          0x00000d7c       0x50 c:/freescale/kds_v3/toolchain/bin/../lib/gcc/arm-none-eabi/4.8.4/armv7e-m\libgcc.a(_arm_fixdfsi.o)
                0x00000d7c                __aeabi_d2iz
                0x00000d7c                __fixdfsi
 .text          0x00000dcc      0x21c c:/freescale/kds_v3/toolchain/bin/../lib/gcc/arm-none-eabi/4.8.4/armv7e-m\libgcc.a(_arm_addsubsf3.o)
                0x00000dcc                __aeabi_frsub
                0x00000dd4                __subsf3
                0x00000dd4                __aeabi_fsub
                0x00000dd8                __aeabi_fadd
                0x00000dd8                __addsf3
                0x00000f38                __aeabi_ui2f
                0x00000f38                __floatunsisf
                0x00000f40                __aeabi_i2f
                0x00000f40                __floatsisf
                0x00000f5c                __aeabi_ul2f
                0x00000f5c                __floatundisf
                0x00000f6c                __aeabi_l2f
                0x00000f6c                __floatdisf
 .text          0x00000fe8       0xec c:/freescale/kds_v3/toolchain/bin/../lib/gcc/arm-none-eabi/4.8.4/armv7e-m\libgcc.a(_arm_cmpsf2.o)
                0x00000fe8                __gesf2
                0x00000fe8                __gtsf2
                0x00000ff0                __lesf2
                0x00000ff0                __ltsf2
                0x00000ff8                __nesf2
                0x00000ff8                __eqsf2
                0x00000ff8                __cmpsf2
                0x00001058                __aeabi_cfrcmple
                0x00001060                __aeabi_cfcmpeq
                0x00001060                __aeabi_cfcmple
                0x00001070                __aeabi_fcmpeq
                0x00001084                __aeabi_fcmplt
                0x00001098                __aeabi_fcmple
                0x000010ac                __aeabi_fcmpge
                0x000010c0                __aeabi_fcmpgt
 .text          0x000010d4       0x4c c:/freescale/kds_v3/toolchain/bin/../lib/gcc/arm-none-eabi/4.8.4/armv7e-m\libgcc.a(_arm_fixsfsi.o)
                0x000010d4                __aeabi_f2iz
                0x000010d4                __fixsfsi
 .text          0x00001120      0xa1c c:/freescale/kds_v3/toolchain/bin/../lib/gcc/arm-none-eabi/4.8.4/armv7e-m\libgcc.a(unwind-arm.o)
                0x00001404                _Unwind_GetCFA
                0x00001408                __gnu_Unwind_RaiseException
                0x00001468                __gnu_Unwind_ForcedUnwind
                0x0000147c                __gnu_Unwind_Resume
                0x000014c0                __gnu_Unwind_Resume_or_Rethrow
                0x000014d0                _Unwind_Complete
                0x000014d4                _Unwind_DeleteException
                0x000014e4                _Unwind_VRS_Get
                0x00001534                _Unwind_VRS_Set
                0x00001584                __gnu_Unwind_Backtrace
                0x000018d8                __aeabi_unwind_cpp_pr0
                0x000018e0                __aeabi_unwind_cpp_pr1
                0x000018e8                __aeabi_unwind_cpp_pr2
                0x000018f0                _Unwind_VRS_Pop
 .text          0x00001b3c      0x1ac c:/freescale/kds_v3/toolchain/bin/../lib/gcc/arm-none-eabi/4.8.4/armv7e-m\libgcc.a(libunwind.o)
                0x00001b3c                __restore_core_regs
                0x00001b3c                restore_core_regs
                0x00001b54                __gnu_Unwind_Restore_VFP
                0x00001b5c                __gnu_Unwind_Save_VFP
                0x00001b64                __gnu_Unwind_Restore_VFP_D
                0x00001b6c                __gnu_Unwind_Save_VFP_D
                0x00001b74                __gnu_Unwind_Restore_VFP_D_16_to_31
                0x00001b7c                __gnu_Unwind_Save_VFP_D_16_to_31
                0x00001b84                __gnu_Unwind_Restore_WMMXD
                0x00001bc8                __gnu_Unwind_Save_WMMXD
                0x00001c0c                __gnu_Unwind_Restore_WMMXC
                0x00001c20                __gnu_Unwind_Save_WMMXC
                0x00001c34                ___Unwind_RaiseException
                0x00001c34                _Unwind_RaiseException
                0x00001c58                _Unwind_Resume
                0x00001c58                ___Unwind_Resume
                0x00001c7c                _Unwind_Resume_or_Rethrow
                0x00001c7c                ___Unwind_Resume_or_Rethrow
                0x00001ca0                _Unwind_ForcedUnwind
                0x00001ca0                ___Unwind_ForcedUnwind
                0x00001cc4                ___Unwind_Backtrace
                0x00001cc4                _Unwind_Backtrace
 .text          0x00001ce8      0x33c c:/freescale/kds_v3/toolchain/bin/../lib/gcc/arm-none-eabi/4.8.4/armv7e-m\libgcc.a(pr-support.o)
                0x00001d3c                __gnu_unwind_execute
                0x00001fc8                __gnu_unwind_frame
                0x00001ff4                _Unwind_GetRegionStart
                0x00002000                _Unwind_GetLanguageSpecificData
                0x00002014                _Unwind_GetDataRelBase
                0x0000201c                _Unwind_GetTextRelBase
 .text          0x00002024       0x14 c:/freescale/kds_v3/toolchain/bin/../lib/gcc/arm-none-eabi/4.8.4/../../../../arm-none-eabi/lib/armv7e-m\libg_s.a(lib_a-strcmp.o)
                0x00002024                strcmp
 *(.text*)
 .text.PUSH_BUTTON_REC_OnInterrupt
                0x00002038        0xc ./Sources/Events.o
                0x00002038                PUSH_BUTTON_REC_OnInterrupt
 .text.PUSH_BUTTON_SEND_OnInterrupt
                0x00002044       0x18 ./Sources/Events.o
                0x00002044                PUSH_BUTTON_SEND_OnInterrupt
 .text.I2C0_OnReceiveData
                0x0000205c        0xc ./Sources/Events.o
                0x0000205c                I2C0_OnReceiveData
 .text.I2C0_OnTransmitData
                0x00002068        0xc ./Sources/Events.o
                0x00002068                I2C0_OnTransmitData
 .text.T_100ms_OnCounterRestart
                0x00002074       0x5c ./Sources/Events.o
                0x00002074                T_100ms_OnCounterRestart
 .text.LEVER_DIR2_OnInterrupt
                0x000020d0       0x40 ./Sources/Events.o
                0x000020d0                LEVER_DIR2_OnInterrupt
 .text.LEVER_DIR1_OnInterrupt
                0x00002110       0x40 ./Sources/Events.o
                0x00002110                LEVER_DIR1_OnInterrupt
 .text.ENCODER_PUSH_OnInterrupt
                0x00002150       0xe0 ./Sources/Events.o
                0x00002150                ENCODER_PUSH_OnInterrupt
 .text.ENCODER_OnPortEvent
                0x00002230       0xc0 ./Sources/Events.o
                0x00002230                ENCODER_OnPortEvent
 .text.T_500ms_OnCounterRestart
                0x000022f0       0x84 ./Sources/Events.o
                0x000022f0                T_500ms_OnCounterRestart
 .text.I2C0_OnArbitLost
                0x00002374        0xc ./Sources/Events.o
                0x00002374                I2C0_OnArbitLost
 .text.AS1_OnTxComplete
                0x00002380       0x14 ./Sources/Events.o
                0x00002380                AS1_OnTxComplete
 .text.AS1_OnError
                0x00002394        0xc ./Sources/Events.o
                0x00002394                AS1_OnError
 .text.AS1_OnRxChar
                0x000023a0        0xc ./Sources/Events.o
                0x000023a0                AS1_OnRxChar
 .text.AS1_OnRxCharExt
                0x000023ac       0xc8 ./Sources/Events.o
                0x000023ac                AS1_OnRxCharExt
 .text.AS1_OnTxChar
                0x00002474       0x14 ./Sources/Events.o
                0x00002474                AS1_OnTxChar
 .text.AS1_OnFullRxBuf
                0x00002488       0x14 ./Sources/Events.o
                0x00002488                AS1_OnFullRxBuf
 .text.AS1_OnFreeTxBuf
                0x0000249c        0xc ./Sources/Events.o
                0x0000249c                AS1_OnFreeTxBuf
 .text.IFsh1_OnWriteEnd
                0x000024a8        0xc ./Sources/Events.o
                0x000024a8                IFsh1_OnWriteEnd
 .text.TU1_OnCounterRestart
                0x000024b4       0x1c ./Sources/Events.o
                0x000024b4                TU1_OnCounterRestart
 .text.LCD_Init
                0x000024d0       0x50 ./Sources/LCD.o
                0x000024d0                LCD_Init
 .text.LCD_command
                0x00002520       0x30 ./Sources/LCD.o
                0x00002520                LCD_command
 .text.LCD_Set_Cursor
                0x00002550       0x58 ./Sources/LCD.o
                0x00002550                LCD_Set_Cursor
 .text.LCD_Write
                0x000025a8       0x28 ./Sources/LCD.o
                0x000025a8                LCD_Write
 .text.load_custom_char
                0x000025d0       0x50 ./Sources/LCD.o
                0x000025d0                load_custom_char
 .text.LCD_Write_At
                0x00002620       0x3c ./Sources/LCD.o
                0x00002620                LCD_Write_At
 .text.LCD_Write_Block
                0x0000265c       0xa0 ./Sources/LCD.o
                0x0000265c                LCD_Write_Block
 .text.PCA9670_Init
                0x000026fc       0x34 ./Sources/PCA9670.o
                0x000026fc                PCA9670_Init
 .text.PCA9670_SendByte
                0x00002730       0x3c ./Sources/PCA9670.o
                0x00002730                PCA9670_SendByte
 .text.vspfunc  0x0000276c       0x30 ./Sources/display.o
                0x0000276c                vspfunc
 .text.print_float_at
                0x0000279c      0x174 ./Sources/display.o
                0x0000279c                print_float_at
 .text.print_int_at
                0x00002910       0xa0 ./Sources/display.o
                0x00002910                print_int_at
 .text.load_char
                0x000029b0       0xe8 ./Sources/display.o
                0x000029b0                load_char
 .text.menu_init
                0x00002a98       0x1c ./Sources/display.o
                0x00002a98                menu_init
 .text.refresh  0x00002ab4       0x24 ./Sources/display.o
                0x00002ab4                refresh
 .text.select   0x00002ad8       0x24 ./Sources/display.o
                0x00002ad8                select
 .text.back     0x00002afc       0x30 ./Sources/display.o
                0x00002afc                back
 .text.controle_mode_display
                0x00002b2c       0x4c ./Sources/display.o
                0x00002b2c                controle_mode_display
 .text.control_mode_fct
                0x00002b78       0x5c ./Sources/display.o
                0x00002b78                control_mode_fct
 .text.update_icon_dir
                0x00002bd4       0x74 ./Sources/display.o
                0x00002bd4                update_icon_dir
 .text.update_icon_drive_enable
                0x00002c48       0x38 ./Sources/display.o
                0x00002c48                update_icon_drive_enable
 .text.refresh_fct
                0x00002c80       0x8c ./Sources/display.o
                0x00002c80                refresh_fct
 .text.velocity_fct
                0x00002d0c      0x344 ./Sources/display.o
                0x00002d0c                velocity_fct
 .text.acceleration_fct
                0x00003050      0x114 ./Sources/display.o
                0x00003050                acceleration_fct
 .text.deceleration_fct
                0x00003164      0x114 ./Sources/display.o
                0x00003164                deceleration_fct
 .text.back_fct
                0x00003278       0x30 ./Sources/display.o
                0x00003278                back_fct
 .text.pos_position_fct
                0x000032a8      0x380 ./Sources/display.o
                0x000032a8                pos_position_fct
 .text.pos_velocity_fct
                0x00003628      0x114 ./Sources/display.o
                0x00003628                pos_velocity_fct
 .text.pos_acceleration_fct
                0x0000373c      0x114 ./Sources/display.o
                0x0000373c                pos_acceleration_fct
 .text.pos_deceleration_fct
                0x00003850      0x114 ./Sources/display.o
                0x00003850                pos_deceleration_fct
 .text.pos_set_home_fct
                0x00003964       0x8c ./Sources/display.o
                0x00003964                pos_set_home_fct
 .text.torque_fct
                0x000039f0      0x33c ./Sources/display.o
                0x000039f0                torque_fct
 .text.torque_rise_fct
                0x00003d2c      0x110 ./Sources/display.o
                0x00003d2c                torque_rise_fct
 .text.torque_fall_fct
                0x00003e3c      0x110 ./Sources/display.o
                0x00003e3c                torque_fall_fct
 .text.short_cut_position_menu
                0x00003f4c       0x68 ./Sources/display.o
                0x00003f4c                short_cut_position_menu
 .text._Z41__static_initialization_and_destruction_0ii
                0x00003fb4      0x880 ./Sources/display.o
 .text._GLOBAL__sub_I_buffer
                0x00004834       0x10 ./Sources/display.o
 .text.main     0x00004844      0x4e8 ./Sources/main.o
                0x00004844                main
 .text.init_menu
                0x00004d2c       0x44 ./Sources/menu.o
                0x00004d2c                init_menu
 .text.init_sub_menu
                0x00004d70       0x68 ./Sources/menu.o
                0x00004d70                init_sub_menu
 .text.init_sub_menu2
                0x00004dd8       0x48 ./Sources/menu.o
                0x00004dd8                init_sub_menu2
 .text.init_menu_list
                0x00004e20       0x30 ./Sources/menu.o
                0x00004e20                init_menu_list
 .text.init_sub_menu_list
                0x00004e50       0x30 ./Sources/menu.o
                0x00004e50                init_sub_menu_list
 .text.init_sub_menu2_list
                0x00004e80       0x30 ./Sources/menu.o
                0x00004e80                init_sub_menu2_list
 .text.print_menu
                0x00004eb0      0x140 ./Sources/menu.o
                0x00004eb0                print_menu
 .text.print_sub_menu
                0x00004ff0      0x178 ./Sources/menu.o
                0x00004ff0                print_sub_menu
 .text.print_sub_menu2
                0x00005168      0x178 ./Sources/menu.o
                0x00005168                print_sub_menu2
 .text.menu_select
                0x000052e0      0x2b4 ./Sources/menu.o
                0x000052e0                menu_select
 .text.menu_back
                0x00005594      0x37c ./Sources/menu.o
                0x00005594                menu_back
 .text.refresh_menu
                0x00005910      0x174 ./Sources/menu.o
                0x00005910                refresh_menu
 .text.void_function
                0x00005a84        0xc ./Sources/menu.o
                0x00005a84                void_function
 .text.parameters_init
                0x00005a90       0xc8 ./Sources/parameters.o
                0x00005a90                parameters_init
 .text.convert  0x00005b58       0x3c ./Sources/parameters.o
                0x00005b58                convert
 .text.serial_send_block
                0x00005b94       0xdc ./Sources/protocol.o
                0x00005b94                serial_send_block
 .text.serial_send_float
                0x00005c70       0x30 ./Sources/protocol.o
                0x00005c70                serial_send_float
 .text.serial_send_int
                0x00005ca0       0x30 ./Sources/protocol.o
                0x00005ca0                serial_send_int
 .text.serial_send_string
                0x00005cd0       0x58 ./Sources/protocol.o
                0x00005cd0                serial_send_string
 .text.serial_send_char
                0x00005d28       0x30 ./Sources/protocol.o
                0x00005d28                serial_send_char
 .text.serial_send_end
                0x00005d58       0x14 ./Sources/protocol.o
                0x00005d58                serial_send_end
 .text.msg_parse
                0x00005d6c      0x1d4 ./Sources/protocol.o
                0x00005d6c                msg_parse
 .text.msg_processing
                0x00005f40      0x2ac ./Sources/protocol.o
                0x00005f40                msg_processing
 .text.Send_Control_Mode
                0x000061ec       0x30 ./Sources/send.o
                0x000061ec                Send_Control_Mode
 .text.send_fct
                0x0000621c      0x34c ./Sources/send.o
                0x0000621c                send_fct
 .text.get_update_drive_en
                0x00006568       0x24 ./Sources/send.o
                0x00006568                get_update_drive_en
 .text.get_update_value
                0x0000658c      0x180 ./Sources/send.o
                0x0000658c                get_update_value
 .text.send_stop
                0x0000670c       0x34 ./Sources/send.o
                0x0000670c                send_stop
 .text.velocity_processing
                0x00006740       0x50 ./Sources/send.o
                0x00006740                velocity_processing
 .text.velocity_ref_processing
                0x00006790       0x44 ./Sources/send.o
                0x00006790                velocity_ref_processing
 .text.acceleration_processing
                0x000067d4       0x50 ./Sources/send.o
                0x000067d4                acceleration_processing
 .text.deceleration_processing
                0x00006824       0x50 ./Sources/send.o
                0x00006824                deceleration_processing
 .text.torque_processing
                0x00006874       0x44 ./Sources/send.o
                0x00006874                torque_processing
 .text.torque_rise_processing
                0x000068b8       0x44 ./Sources/send.o
                0x000068b8                torque_rise_processing
 .text.torque_fall_processing
                0x000068fc       0x44 ./Sources/send.o
                0x000068fc                torque_fall_processing
 .text.control_mode_processing
                0x00006940       0x78 ./Sources/send.o
                0x00006940                control_mode_processing
 .text.drive_enable_processing
                0x000069b8       0x24 ./Sources/send.o
                0x000069b8                drive_enable_processing
 .text.__copy_rom_section
                0x000069dc       0xe4 ./Project_Settings/Startup_Code/startup.o
                0x000069dc                __copy_rom_section
 .text.__copy_rom_sections_to_ram
                0x00006ac0       0x9c ./Project_Settings/Startup_Code/startup.o
                0x00006ac0                __copy_rom_sections_to_ram
 .text.__init_registers
                0x00006b5c        0xc ./Project_Settings/Startup_Code/startup.o
                0x00006b5c                __init_registers
 .text.__init_user
                0x00006b68        0xc ./Project_Settings/Startup_Code/startup.o
                0x00006b68                __init_user
 .text.__thumb_startup
                0x00006b74       0x34 ./Project_Settings/Startup_Code/startup.o
                0x00006b74                __thumb_startup
 .text.HWEnDi   0x00006ba8       0x1c ./Generated_Code/AS1.o
 .text.AS1_SendChar
                0x00006bc4       0xe0 ./Generated_Code/AS1.o
                0x00006bc4                AS1_SendChar
 .text.AS1_SendBlock
                0x00006ca4      0x148 ./Generated_Code/AS1.o
                0x00006ca4                AS1_SendBlock
 .text.AS1_ClearRxBuf
                0x00006dec       0x78 ./Generated_Code/AS1.o
                0x00006dec                AS1_ClearRxBuf
 .text.AS1_Init
                0x00006e64       0x60 ./Generated_Code/AS1.o
                0x00006e64                AS1_Init
 .text.ASerialLdd1_OnBlockReceived
                0x00006ec4       0xd4 ./Generated_Code/AS1.o
                0x00006ec4                ASerialLdd1_OnBlockReceived
 .text.ASerialLdd1_OnBlockSent
                0x00006f98       0xd8 ./Generated_Code/AS1.o
                0x00006f98                ASerialLdd1_OnBlockSent
 .text.ASerialLdd1_OnError
                0x00007070       0x9c ./Generated_Code/AS1.o
                0x00007070                ASerialLdd1_OnError
 .text.ASerialLdd1_OnTxComplete
                0x0000710c       0x14 ./Generated_Code/AS1.o
                0x0000710c                ASerialLdd1_OnTxComplete
 .text.ASerialLdd1_OnBreak
                0x00007120       0x24 ./Generated_Code/AS1.o
                0x00007120                ASerialLdd1_OnBreak
 .text.ASerialLdd1_Init
                0x00007144      0x1c0 ./Generated_Code/ASerialLdd1.o
                0x00007144                ASerialLdd1_Init
 .text.ASerialLdd1_ReceiveBlock
                0x00007304       0x90 ./Generated_Code/ASerialLdd1.o
                0x00007304                ASerialLdd1_ReceiveBlock
 .text.ASerialLdd1_SendBlock
                0x00007394       0xbc ./Generated_Code/ASerialLdd1.o
                0x00007394                ASerialLdd1_SendBlock
 .text.InterruptRx
                0x00007450       0x58 ./Generated_Code/ASerialLdd1.o
 .text.InterruptTx
                0x000074a8       0x9c ./Generated_Code/ASerialLdd1.o
 .text.ASerialLdd1_Interrupt
                0x00007544      0x130 ./Generated_Code/ASerialLdd1.o
                0x00007544                ASerialLdd1_Interrupt
 .text.ASerialLdd1_GetError
                0x00007674       0x70 ./Generated_Code/ASerialLdd1.o
                0x00007674                ASerialLdd1_GetError
 .text.BitIoLdd1_Init
                0x000076e4       0x64 ./Generated_Code/BitIoLdd1.o
                0x000076e4                BitIoLdd1_Init
 .text.BitIoLdd2_Init
                0x00007748       0x64 ./Generated_Code/BitIoLdd2.o
                0x00007748                BitIoLdd2_Init
 .text.BitIoLdd2_ClrVal
                0x000077ac       0x1c ./Generated_Code/BitIoLdd2.o
                0x000077ac                BitIoLdd2_ClrVal
 .text.BitIoLdd2_SetVal
                0x000077c8       0x1c ./Generated_Code/BitIoLdd2.o
                0x000077c8                BitIoLdd2_SetVal
 .text.BitIoLdd2_NegVal
                0x000077e4       0x1c ./Generated_Code/BitIoLdd2.o
                0x000077e4                BitIoLdd2_NegVal
 .text.BitIoLdd3_Init
                0x00007800       0x64 ./Generated_Code/BitIoLdd3.o
                0x00007800                BitIoLdd3_Init
 .text.BitIoLdd3_ClrVal
                0x00007864       0x1c ./Generated_Code/BitIoLdd3.o
                0x00007864                BitIoLdd3_ClrVal
 .text.BitIoLdd3_SetVal
                0x00007880       0x1c ./Generated_Code/BitIoLdd3.o
                0x00007880                BitIoLdd3_SetVal
 .text.BitIoLdd4_Init
                0x0000789c       0x64 ./Generated_Code/BitIoLdd4.o
                0x0000789c                BitIoLdd4_Init
 .text.BitIoLdd4_ClrVal
                0x00007900       0x1c ./Generated_Code/BitIoLdd4.o
                0x00007900                BitIoLdd4_ClrVal
 .text.BitIoLdd4_SetVal
                0x0000791c       0x1c ./Generated_Code/BitIoLdd4.o
                0x0000791c                BitIoLdd4_SetVal
 .text.BitIoLdd5_Init
                0x00007938       0x64 ./Generated_Code/BitIoLdd5.o
                0x00007938                BitIoLdd5_Init
 .text.BitIoLdd5_ClrVal
                0x0000799c       0x1c ./Generated_Code/BitIoLdd5.o
                0x0000799c                BitIoLdd5_ClrVal
 .text.BitIoLdd5_SetVal
                0x000079b8       0x1c ./Generated_Code/BitIoLdd5.o
                0x000079b8                BitIoLdd5_SetVal
 .text.BitIoLdd6_Init
                0x000079d4       0x64 ./Generated_Code/BitIoLdd6.o
                0x000079d4                BitIoLdd6_Init
 .text.BitIoLdd6_ClrVal
                0x00007a38       0x20 ./Generated_Code/BitIoLdd6.o
                0x00007a38                BitIoLdd6_ClrVal
 .text.BitIoLdd6_SetVal
                0x00007a58       0x20 ./Generated_Code/BitIoLdd6.o
                0x00007a58                BitIoLdd6_SetVal
 .text.BitIoLdd7_Init
                0x00007a78       0x64 ./Generated_Code/BitIoLdd7.o
                0x00007a78                BitIoLdd7_Init
 .text.BitIoLdd7_ClrVal
                0x00007adc       0x1c ./Generated_Code/BitIoLdd7.o
                0x00007adc                BitIoLdd7_ClrVal
 .text.BitIoLdd7_SetVal
                0x00007af8       0x1c ./Generated_Code/BitIoLdd7.o
                0x00007af8                BitIoLdd7_SetVal
 .text.Cpu_ivINT_PORTC
                0x00007b14       0x30 ./Generated_Code/Cpu.o
                0x00007b14                Cpu_ivINT_PORTC
 .text.Cpu_Interrupt
                0x00007b44       0x18 ./Generated_Code/Cpu.o
                0x00007b44                Cpu_Interrupt
 .text.__init_hardware
                0x00007b5c      0x140 ./Generated_Code/Cpu.o
                0x00007b5c                __init_hardware
 .text.Cpu_SetBASEPRI
                0x00007c9c       0x18 ./Generated_Code/Cpu.o
                0x00007c9c                Cpu_SetBASEPRI
 .text.PE_low_level_init
                0x00007cb4      0x10c ./Generated_Code/Cpu.o
                0x00007cb4                PE_low_level_init
 .text.ENCODER_Init
                0x00007dc0       0xac ./Generated_Code/ENCODER.o
                0x00007dc0                ENCODER_Init
 .text.ENCODER_GetFieldValue
                0x00007e6c       0x40 ./Generated_Code/ENCODER.o
                0x00007e6c                ENCODER_GetFieldValue
 .text.ENCODER_Interrupt
                0x00007eac       0x4c ./Generated_Code/ENCODER.o
                0x00007eac                ENCODER_Interrupt
 .text.ExtIntLdd1_OnInterrupt
                0x00007ef8       0x14 ./Generated_Code/ENCODER_PUSH.o
                0x00007ef8                ExtIntLdd1_OnInterrupt
 .text.ExtIntLdd1_Init
                0x00007f0c       0x80 ./Generated_Code/ExtIntLdd1.o
                0x00007f0c                ExtIntLdd1_Init
 .text.ExtIntLdd1_Interrupt
                0x00007f8c       0x3c ./Generated_Code/ExtIntLdd1.o
                0x00007f8c                ExtIntLdd1_Interrupt
 .text.ExtIntLdd1_GetVal
                0x00007fc8       0x2c ./Generated_Code/ExtIntLdd1.o
                0x00007fc8                ExtIntLdd1_GetVal
 .text.ExtIntLdd2_Init
                0x00007ff4       0x80 ./Generated_Code/ExtIntLdd2.o
                0x00007ff4                ExtIntLdd2_Init
 .text.ExtIntLdd2_Interrupt
                0x00008074       0x3c ./Generated_Code/ExtIntLdd2.o
                0x00008074                ExtIntLdd2_Interrupt
 .text.ExtIntLdd2_GetVal
                0x000080b0       0x2c ./Generated_Code/ExtIntLdd2.o
                0x000080b0                ExtIntLdd2_GetVal
 .text.ExtIntLdd3_Init
                0x000080dc       0x80 ./Generated_Code/ExtIntLdd3.o
                0x000080dc                ExtIntLdd3_Init
 .text.ExtIntLdd3_Interrupt
                0x0000815c       0x3c ./Generated_Code/ExtIntLdd3.o
                0x0000815c                ExtIntLdd3_Interrupt
 .text.ExtIntLdd3_GetVal
                0x00008198       0x2c ./Generated_Code/ExtIntLdd3.o
                0x00008198                ExtIntLdd3_GetVal
 .text.ExtIntLdd4_Init
                0x000081c4       0x7c ./Generated_Code/ExtIntLdd4.o
                0x000081c4                ExtIntLdd4_Init
 .text.ExtIntLdd4_Interrupt
                0x00008240       0x3c ./Generated_Code/ExtIntLdd4.o
                0x00008240                ExtIntLdd4_Interrupt
 .text.ExtIntLdd5_Init
                0x0000827c       0x7c ./Generated_Code/ExtIntLdd5.o
                0x0000827c                ExtIntLdd5_Init
 .text.ExtIntLdd5_Interrupt
                0x000082f8       0x3c ./Generated_Code/ExtIntLdd5.o
                0x000082f8                ExtIntLdd5_Interrupt
 .text.I2C0_SendChar
                0x00008334       0x2c ./Generated_Code/I2C0.o
                0x00008334                I2C0_SendChar
 .text.I2C0_SendBlock
                0x00008360       0xc0 ./Generated_Code/I2C0.o
                0x00008360                I2C0_SendBlock
 .text.I2C0_SelectSlave
                0x00008420       0x34 ./Generated_Code/I2C0.o
                0x00008420                I2C0_SelectSlave
 .text.I2C0_Init
                0x00008454       0x20 ./Generated_Code/I2C0.o
                0x00008454                I2C0_Init
 .text.IntI2cLdd1_OnMasterBlockSent
                0x00008474       0x14 ./Generated_Code/I2C0.o
                0x00008474                IntI2cLdd1_OnMasterBlockSent
 .text.IntI2cLdd1_OnMasterBlockReceived
                0x00008488       0x14 ./Generated_Code/I2C0.o
                0x00008488                IntI2cLdd1_OnMasterBlockReceived
 .text.IntI2cLdd1_OnError
                0x0000849c       0x30 ./Generated_Code/I2C0.o
                0x0000849c                IntI2cLdd1_OnError
 .text.IFsh1_Init
                0x000084cc       0x2c ./Generated_Code/IFsh1.o
                0x000084cc                IFsh1_Init
 .text.IntFlashLdd1_OnOperationComplete
                0x000084f8       0x4c ./Generated_Code/IFsh1.o
                0x000084f8                IntFlashLdd1_OnOperationComplete
 .text.IntFlashLdd1_OnError
                0x00008544       0x54 ./Generated_Code/IFsh1.o
                0x00008544                IntFlashLdd1_OnError
 .text.IntFlashLdd1_Init
                0x00008598       0xa4 ./Generated_Code/IntFlashLdd1.o
                0x00008598                IntFlashLdd1_Init
 .text.IntFlashLdd1_CommandCompleteInterrupt
                0x0000863c      0x24c ./Generated_Code/IntFlashLdd1.o
                0x0000863c                IntFlashLdd1_CommandCompleteInterrupt
 .text.IntFlashLdd1_GetError
                0x00008888       0x90 ./Generated_Code/IntFlashLdd1.o
                0x00008888                IntFlashLdd1_GetError
 .text.SafeRoutineCaller
                0x00008918       0x94 ./Generated_Code/IntFlashLdd1.o
 .text.IntI2cLdd1_Interrupt
                0x000089ac      0x2d4 ./Generated_Code/IntI2cLdd1.o
                0x000089ac                IntI2cLdd1_Interrupt
 .text.IntI2cLdd1_Init
                0x00008c80      0x13c ./Generated_Code/IntI2cLdd1.o
                0x00008c80                IntI2cLdd1_Init
 .text.IntI2cLdd1_MasterSendBlock
                0x00008dbc      0x190 ./Generated_Code/IntI2cLdd1.o
                0x00008dbc                IntI2cLdd1_MasterSendBlock
 .text.IntI2cLdd1_SelectSlaveDevice
                0x00008f4c       0xf0 ./Generated_Code/IntI2cLdd1.o
                0x00008f4c                IntI2cLdd1_SelectSlaveDevice
 .text.IntI2cLdd1_GetError
                0x0000903c       0x70 ./Generated_Code/IntI2cLdd1.o
                0x0000903c                IntI2cLdd1_GetError
 .text.ExtIntLdd2_OnInterrupt
                0x000090ac       0x14 ./Generated_Code/LEVER_DIR1.o
                0x000090ac                ExtIntLdd2_OnInterrupt
 .text.ExtIntLdd3_OnInterrupt
                0x000090c0       0x14 ./Generated_Code/LEVER_DIR2.o
                0x000090c0                ExtIntLdd3_OnInterrupt
 .text.ExtIntLdd5_OnInterrupt
                0x000090d4       0x14 ./Generated_Code/PUSH_BUTTON_REC.o
                0x000090d4                ExtIntLdd5_OnInterrupt
 .text.ExtIntLdd4_OnInterrupt
                0x000090e8       0x14 ./Generated_Code/PUSH_BUTTON_SEND.o
                0x000090e8                ExtIntLdd4_OnInterrupt
 .text.TU1_Init
                0x000090fc       0xb0 ./Generated_Code/TU1.o
                0x000090fc                TU1_Init
 .text.TU1_Enable
                0x000091ac       0x30 ./Generated_Code/TU1.o
                0x000091ac                TU1_Enable
 .text.TU1_Disable
                0x000091dc       0x28 ./Generated_Code/TU1.o
                0x000091dc                TU1_Disable
 .text.TU1_Interrupt
                0x00009204       0x6c ./Generated_Code/TU1.o
                0x00009204                TU1_Interrupt
 .text.T_100ms_Init
                0x00009270       0xb0 ./Generated_Code/T_100ms.o
                0x00009270                T_100ms_Init
 .text.T_100ms_Enable
                0x00009320       0x30 ./Generated_Code/T_100ms.o
                0x00009320                T_100ms_Enable
 .text.T_100ms_Disable
                0x00009350       0x28 ./Generated_Code/T_100ms.o
                0x00009350                T_100ms_Disable
 .text.T_100ms_Interrupt
                0x00009378       0x6c ./Generated_Code/T_100ms.o
                0x00009378                T_100ms_Interrupt
 .text.T_500ms_Init
                0x000093e4       0xcc ./Generated_Code/T_500ms.o
                0x000093e4                T_500ms_Init
 .text.T_500ms_Interrupt
                0x000094b0       0x6c ./Generated_Code/T_500ms.o
                0x000094b0                T_500ms_Interrupt
 .text.WAIT1_Wait10Cycles
                0x0000951c        0x8 ./Generated_Code/WAIT1.o
                0x0000951c                WAIT1_Wait10Cycles
 .text.WAIT1_Wait100Cycles
                0x00009524       0x1c ./Generated_Code/WAIT1.o
                0x00009524                WAIT1_Wait100Cycles
 .text.WAIT1_WaitCycles
                0x00009540       0x34 ./Generated_Code/WAIT1.o
                0x00009540                WAIT1_WaitCycles
 .text.WAIT1_WaitLongCycles
                0x00009574       0x38 ./Generated_Code/WAIT1.o
                0x00009574                WAIT1_WaitLongCycles
 .text.WAIT1_Waitms
                0x000095ac       0x2c ./Generated_Code/WAIT1.o
                0x000095ac                WAIT1_Waitms
 .text.round    0x000095d8       0x9c c:/freescale/kds_v3/toolchain/bin/../lib/gcc/arm-none-eabi/4.8.4/../../../../arm-none-eabi/lib/armv7e-m\libm.a(lib_a-s_round.o)
                0x000095d8                round
 .text.pow      0x00009674      0x2f8 c:/freescale/kds_v3/toolchain/bin/../lib/gcc/arm-none-eabi/4.8.4/../../../../arm-none-eabi/lib/armv7e-m\libm.a(lib_a-w_pow.o)
                0x00009674                pow
 *fill*         0x0000996c        0x4 
 .text.__ieee754_pow
                0x00009970      0xa78 c:/freescale/kds_v3/toolchain/bin/../lib/gcc/arm-none-eabi/4.8.4/../../../../arm-none-eabi/lib/armv7e-m\libm.a(lib_a-e_pow.o)
                0x00009970                __ieee754_pow
 .text.__ieee754_sqrt
                0x0000a3e8      0x180 c:/freescale/kds_v3/toolchain/bin/../lib/gcc/arm-none-eabi/4.8.4/../../../../arm-none-eabi/lib/armv7e-m\libm.a(lib_a-e_sqrt.o)
                0x0000a3e8                __ieee754_sqrt
 .text.fabs     0x0000a568        0x8 c:/freescale/kds_v3/toolchain/bin/../lib/gcc/arm-none-eabi/4.8.4/../../../../arm-none-eabi/lib/armv7e-m\libm.a(lib_a-s_fabs.o)
                0x0000a568                fabs
 .text.finite   0x0000a570        0xc c:/freescale/kds_v3/toolchain/bin/../lib/gcc/arm-none-eabi/4.8.4/../../../../arm-none-eabi/lib/armv7e-m\libm.a(lib_a-s_finite.o)
                0x0000a570                finite
 .text.__fpclassifyd
                0x0000a57c       0x50 c:/freescale/kds_v3/toolchain/bin/../lib/gcc/arm-none-eabi/4.8.4/../../../../arm-none-eabi/lib/armv7e-m\libm.a(lib_a-s_fpclassify.o)
                0x0000a57c                __fpclassifyd
 .text.matherr  0x0000a5cc        0x4 c:/freescale/kds_v3/toolchain/bin/../lib/gcc/arm-none-eabi/4.8.4/../../../../arm-none-eabi/lib/armv7e-m\libm.a(lib_a-s_matherr.o)
                0x0000a5cc                matherr
 .text.nan      0x0000a5d0        0xc c:/freescale/kds_v3/toolchain/bin/../lib/gcc/arm-none-eabi/4.8.4/../../../../arm-none-eabi/lib/armv7e-m\libm.a(lib_a-s_nan.o)
                0x0000a5d0                nan
 .text.rint     0x0000a5dc      0x118 c:/freescale/kds_v3/toolchain/bin/../lib/gcc/arm-none-eabi/4.8.4/../../../../arm-none-eabi/lib/armv7e-m\libm.a(lib_a-s_rint.o)
                0x0000a5dc                rint
 *fill*         0x0000a6f4        0x4 
 .text.scalbn   0x0000a6f8      0x118 c:/freescale/kds_v3/toolchain/bin/../lib/gcc/arm-none-eabi/4.8.4/../../../../arm-none-eabi/lib/armv7e-m\libm.a(lib_a-s_scalbn.o)
                0x0000a6f8                scalbn
 .text.copysign
                0x0000a810       0x14 c:/freescale/kds_v3/toolchain/bin/../lib/gcc/arm-none-eabi/4.8.4/../../../../arm-none-eabi/lib/armv7e-m\libm.a(lib_a-s_copysign.o)
                0x0000a810                copysign
 .text.abort    0x0000a824        0xe c:/freescale/kds_v3/toolchain/bin/../lib/gcc/arm-none-eabi/4.8.4/../../../../arm-none-eabi/lib/armv7e-m\libg_s.a(lib_a-abort.o)
                0x0000a824                abort
 *fill*         0x0000a832        0x2 
 .text.__errno  0x0000a834        0xc c:/freescale/kds_v3/toolchain/bin/../lib/gcc/arm-none-eabi/4.8.4/../../../../arm-none-eabi/lib/armv7e-m\libg_s.a(lib_a-errno.o)
                0x0000a834                __errno
 .text.exit     0x0000a840       0x28 c:/freescale/kds_v3/toolchain/bin/../lib/gcc/arm-none-eabi/4.8.4/../../../../arm-none-eabi/lib/armv7e-m\libg_s.a(lib_a-exit.o)
                0x0000a840                exit
 .text.__libc_init_array
                0x0000a868       0x4c c:/freescale/kds_v3/toolchain/bin/../lib/gcc/arm-none-eabi/4.8.4/../../../../arm-none-eabi/lib/armv7e-m\libg_s.a(lib_a-init.o)
                0x0000a868                __libc_init_array
 .text.memcpy   0x0000a8b4       0x12 c:/freescale/kds_v3/toolchain/bin/../lib/gcc/arm-none-eabi/4.8.4/../../../../arm-none-eabi/lib/armv7e-m\libg_s.a(lib_a-memcpy-stub.o)
                0x0000a8b4                memcpy
 .text.memset   0x0000a8c6       0x10 c:/freescale/kds_v3/toolchain/bin/../lib/gcc/arm-none-eabi/4.8.4/../../../../arm-none-eabi/lib/armv7e-m\libg_s.a(lib_a-memset.o)
                0x0000a8c6                memset
 .text._raise_r
                0x0000a8d6       0x50 c:/freescale/kds_v3/toolchain/bin/../lib/gcc/arm-none-eabi/4.8.4/../../../../arm-none-eabi/lib/armv7e-m\libg_s.a(lib_a-signal.o)
                0x0000a8d6                _raise_r
 *fill*         0x0000a926        0x2 
 .text.raise    0x0000a928       0x10 c:/freescale/kds_v3/toolchain/bin/../lib/gcc/arm-none-eabi/4.8.4/../../../../arm-none-eabi/lib/armv7e-m\libg_s.a(lib_a-signal.o)
                0x0000a928                raise
 .text._kill_r  0x0000a938       0x24 c:/freescale/kds_v3/toolchain/bin/../lib/gcc/arm-none-eabi/4.8.4/../../../../arm-none-eabi/lib/armv7e-m\libg_s.a(lib_a-signalr.o)
                0x0000a938                _kill_r
 .text._getpid_r
                0x0000a95c        0x4 c:/freescale/kds_v3/toolchain/bin/../lib/gcc/arm-none-eabi/4.8.4/../../../../arm-none-eabi/lib/armv7e-m\libg_s.a(lib_a-signalr.o)
                0x0000a95c                _getpid_r
 .text.strlen   0x0000a960       0x10 c:/freescale/kds_v3/toolchain/bin/../lib/gcc/arm-none-eabi/4.8.4/../../../../arm-none-eabi/lib/armv7e-m\libg_s.a(lib_a-strlen.o)
                0x0000a960                strlen
 .text._vsprintf_r
                0x0000a970       0x30 c:/freescale/kds_v3/toolchain/bin/../lib/gcc/arm-none-eabi/4.8.4/../../../../arm-none-eabi/lib/armv7e-m\libg_s.a(lib_a-vsprintf.o)
                0x0000a970                _vsprintf_r
                0x0000a970                _vsiprintf_r
 .text.vsprintf
                0x0000a9a0       0x1c c:/freescale/kds_v3/toolchain/bin/../lib/gcc/arm-none-eabi/4.8.4/../../../../arm-none-eabi/lib/armv7e-m\libg_s.a(lib_a-vsprintf.o)
                0x0000a9a0                vsiprintf
                0x0000a9a0                vsprintf
 .text._malloc_r
                0x0000a9bc       0xa8 c:/freescale/kds_v3/toolchain/bin/../lib/gcc/arm-none-eabi/4.8.4/../../../../arm-none-eabi/lib/armv7e-m\libg_s.a(lib_a-nano-mallocr.o)
                0x0000a9bc                _malloc_r
 .text._sbrk_r  0x0000aa64       0x20 c:/freescale/kds_v3/toolchain/bin/../lib/gcc/arm-none-eabi/4.8.4/../../../../arm-none-eabi/lib/armv7e-m\libg_s.a(lib_a-sbrkr.o)
                0x0000aa64                _sbrk_r
 .text.__ssputs_r
                0x0000aa84       0xb8 c:/freescale/kds_v3/toolchain/bin/../lib/gcc/arm-none-eabi/4.8.4/../../../../arm-none-eabi/lib/armv7e-m\libg_s.a(lib_a-svfprintf.o)
                0x0000aa84                __ssputs_r
 .text._svfprintf_r
                0x0000ab3c      0x1dc c:/freescale/kds_v3/toolchain/bin/../lib/gcc/arm-none-eabi/4.8.4/../../../../arm-none-eabi/lib/armv7e-m\libg_s.a(lib_a-svfprintf.o)
                0x0000ab3c                _svfiprintf_r
                0x0000ab3c                _svfprintf_r
 .text._printf_common
                0x0000ad18       0xe4 c:/freescale/kds_v3/toolchain/bin/../lib/gcc/arm-none-eabi/4.8.4/../../../../arm-none-eabi/lib/armv7e-m\libg_s.a(lib_a-vfprintf_i.o)
                0x0000ad18                _printf_common
 .text._printf_i
                0x0000adfc      0x228 c:/freescale/kds_v3/toolchain/bin/../lib/gcc/arm-none-eabi/4.8.4/../../../../arm-none-eabi/lib/armv7e-m\libg_s.a(lib_a-vfprintf_i.o)
                0x0000adfc                _printf_i
 .text.memchr   0x0000b024       0x1e c:/freescale/kds_v3/toolchain/bin/../lib/gcc/arm-none-eabi/4.8.4/../../../../arm-none-eabi/lib/armv7e-m\libg_s.a(lib_a-memchr-stub.o)
                0x0000b024                memchr
 .text.memmove  0x0000b042       0x36 c:/freescale/kds_v3/toolchain/bin/../lib/gcc/arm-none-eabi/4.8.4/../../../../arm-none-eabi/lib/armv7e-m\libg_s.a(lib_a-memmove.o)
                0x0000b042                memmove
 .text._free_r  0x0000b078       0x88 c:/freescale/kds_v3/toolchain/bin/../lib/gcc/arm-none-eabi/4.8.4/../../../../arm-none-eabi/lib/armv7e-m\libg_s.a(lib_a-nano-freer.o)
                0x0000b078                _free_r
 .text._realloc_r
                0x0000b100       0x4c c:/freescale/kds_v3/toolchain/bin/../lib/gcc/arm-none-eabi/4.8.4/../../../../arm-none-eabi/lib/armv7e-m\libg_s.a(lib_a-nano-reallocr.o)
                0x0000b100                _realloc_r
 .text._malloc_usable_size_r
                0x0000b14c       0x12 c:/freescale/kds_v3/toolchain/bin/../lib/gcc/arm-none-eabi/4.8.4/../../../../arm-none-eabi/lib/armv7e-m\libg_s.a(lib_a-nano-msizer.o)
                0x0000b14c                _malloc_usable_size_r
 *fill*         0x0000b15e        0x2 
 .text._getpid  0x0000b160       0x10 c:/freescale/kds_v3/toolchain/bin/../lib/gcc/arm-none-eabi/4.8.4/../../../../arm-none-eabi/lib/armv7e-m\libnosys.a(getpid.o)
                0x0000b160                _getpid
 .text._kill    0x0000b170       0x10 c:/freescale/kds_v3/toolchain/bin/../lib/gcc/arm-none-eabi/4.8.4/../../../../arm-none-eabi/lib/armv7e-m\libnosys.a(kill.o)
                0x0000b170                _kill
 .text._sbrk    0x0000b180       0x34 c:/freescale/kds_v3/toolchain/bin/../lib/gcc/arm-none-eabi/4.8.4/../../../../arm-none-eabi/lib/armv7e-m\libnosys.a(sbrk.o)
                0x0000b180                _sbrk
 .text._exit    0x0000b1b4        0x4 c:/freescale/kds_v3/toolchain/bin/../lib/gcc/arm-none-eabi/4.8.4/../../../../arm-none-eabi/lib/armv7e-m\libnosys.a(_exit.o)
                0x0000b1b4                _exit
 *(.rodata)
 .rodata        0x0000b1b8      0x4c4 ./Sources/display.o
 .rodata        0x0000b67c       0x18 ./Sources/menu.o
 .rodata        0x0000b694      0x27c ./Sources/protocol.o
 .rodata        0x0000b910      0x27c ./Sources/send.o
 *(.rodata*)
 .rodata.SafeRoutine
                0x0000bb8c       0x30 ./Generated_Code/IntFlashLdd1.o
 .rodata.str1.4
                0x0000bbbc        0x4 c:/freescale/kds_v3/toolchain/bin/../lib/gcc/arm-none-eabi/4.8.4/../../../../arm-none-eabi/lib/armv7e-m\libm.a(lib_a-w_pow.o)
 .rodata.dp_h   0x0000bbc0       0x10 c:/freescale/kds_v3/toolchain/bin/../lib/gcc/arm-none-eabi/4.8.4/../../../../arm-none-eabi/lib/armv7e-m\libm.a(lib_a-e_pow.o)
 .rodata.dp_l   0x0000bbd0       0x10 c:/freescale/kds_v3/toolchain/bin/../lib/gcc/arm-none-eabi/4.8.4/../../../../arm-none-eabi/lib/armv7e-m\libm.a(lib_a-e_pow.o)
 .rodata.bp     0x0000bbe0       0x10 c:/freescale/kds_v3/toolchain/bin/../lib/gcc/arm-none-eabi/4.8.4/../../../../arm-none-eabi/lib/armv7e-m\libm.a(lib_a-e_pow.o)
 .rodata.str1.4
                0x0000bbf0        0x4 c:/freescale/kds_v3/toolchain/bin/../lib/gcc/arm-none-eabi/4.8.4/../../../../arm-none-eabi/lib/armv7e-m\libm.a(lib_a-e_pow.o)
 *fill*         0x0000bbf4        0x4 
 .rodata.TWO52  0x0000bbf8       0x10 c:/freescale/kds_v3/toolchain/bin/../lib/gcc/arm-none-eabi/4.8.4/../../../../arm-none-eabi/lib/armv7e-m\libm.a(lib_a-s_rint.o)
 .rodata.str1.1
                0x0000bc08        0x2 c:/freescale/kds_v3/toolchain/bin/../lib/gcc/arm-none-eabi/4.8.4/../../../../arm-none-eabi/lib/armv7e-m\libg_s.a(lib_a-impure.o)
 *fill*         0x0000bc0a        0x2 
 .rodata._global_impure_ptr
                0x0000bc0c        0x4 c:/freescale/kds_v3/toolchain/bin/../lib/gcc/arm-none-eabi/4.8.4/../../../../arm-none-eabi/lib/armv7e-m\libg_s.a(lib_a-impure.o)
                0x0000bc0c                _global_impure_ptr
 .rodata.str1.1
                0x0000bc10       0x11 c:/freescale/kds_v3/toolchain/bin/../lib/gcc/arm-none-eabi/4.8.4/../../../../arm-none-eabi/lib/armv7e-m\libg_s.a(lib_a-svfprintf.o)
 .rodata.str1.1
                0x0000bc21       0x22 c:/freescale/kds_v3/toolchain/bin/../lib/gcc/arm-none-eabi/4.8.4/../../../../arm-none-eabi/lib/armv7e-m\libg_s.a(lib_a-vfprintf_i.o)
 *(.glue_7)
 .glue_7        0x00000000        0x0 linker stubs
 *(.glue_7t)
 .glue_7t       0x00000000        0x0 linker stubs
 *(.eh_frame)
 *fill*         0x0000bc43        0x1 
 .eh_frame      0x0000bc44        0x0 c:/freescale/kds_v3/toolchain/bin/../lib/gcc/arm-none-eabi/4.8.4/armv7e-m/crtbegin.o
 *(.init)
 .init          0x0000bc44        0x4 c:/freescale/kds_v3/toolchain/bin/../lib/gcc/arm-none-eabi/4.8.4/armv7e-m/crti.o
                0x0000bc44                _init
 .init          0x0000bc48        0x8 c:/freescale/kds_v3/toolchain/bin/../lib/gcc/arm-none-eabi/4.8.4/armv7e-m/crtn.o
 *(.fini)
 .fini          0x0000bc50        0x4 c:/freescale/kds_v3/toolchain/bin/../lib/gcc/arm-none-eabi/4.8.4/armv7e-m/crti.o
                0x0000bc50                _fini
 .fini          0x0000bc54        0x8 c:/freescale/kds_v3/toolchain/bin/../lib/gcc/arm-none-eabi/4.8.4/armv7e-m/crtn.o
                0x0000bc5c                . = ALIGN (0x4)
                0x0000bc5c                _etext = .

.vfp11_veneer   0x0000bc5c        0x0
 .vfp11_veneer  0x00000000        0x0 linker stubs

.v4_bx          0x0000bc5c        0x0
 .v4_bx         0x00000000        0x0 linker stubs

.iplt           0x0000bc5c        0x0
 .iplt          0x00000000        0x0 c:/freescale/kds_v3/toolchain/bin/../lib/gcc/arm-none-eabi/4.8.4/armv7e-m/crtbegin.o

.ARM.extab      0x0000bc5c      0x1d4
 *(.ARM.extab* .gnu.linkonce.armextab.*)
 .ARM.extab.text.LCD_command
                0x0000bc5c        0xc ./Sources/LCD.o
 .ARM.extab.text.LCD_Set_Cursor
                0x0000bc68        0xc ./Sources/LCD.o
 .ARM.extab.text.LCD_Write
                0x0000bc74        0xc ./Sources/LCD.o
 .ARM.extab.text.load_custom_char
                0x0000bc80        0xc ./Sources/LCD.o
 .ARM.extab.text.LCD_Write_At
                0x0000bc8c        0xc ./Sources/LCD.o
 .ARM.extab.text.LCD_Write_Block
                0x0000bc98        0xc ./Sources/LCD.o
 .ARM.extab.text.PCA9670_SendByte
                0x0000bca4        0xc ./Sources/PCA9670.o
 .ARM.extab.text.print_float_at
                0x0000bcb0        0xc ./Sources/display.o
 .ARM.extab.text.print_int_at
                0x0000bcbc        0xc ./Sources/display.o
 .ARM.extab.text.load_char
                0x0000bcc8        0xc ./Sources/display.o
 .ARM.extab.text.menu_init
                0x0000bcd4        0xc ./Sources/display.o
 .ARM.extab.text.refresh
                0x0000bce0        0xc ./Sources/display.o
 .ARM.extab.text.select
                0x0000bcec        0xc ./Sources/display.o
 .ARM.extab.text.back
                0x0000bcf8        0xc ./Sources/display.o
 .ARM.extab.text.controle_mode_display
                0x0000bd04        0xc ./Sources/display.o
 .ARM.extab.text.update_icon_dir
                0x0000bd10        0xc ./Sources/display.o
 .ARM.extab.text.refresh_fct
                0x0000bd1c        0xc ./Sources/display.o
 .ARM.extab.text.velocity_fct
                0x0000bd28        0xc ./Sources/display.o
 .ARM.extab.text.pos_position_fct
                0x0000bd34        0xc ./Sources/display.o
 .ARM.extab.text.torque_fct
                0x0000bd40        0xc ./Sources/display.o
 .ARM.extab.text.print_menu
                0x0000bd4c        0xc ./Sources/menu.o
 .ARM.extab.text.print_sub_menu
                0x0000bd58        0xc ./Sources/menu.o
 .ARM.extab.text.print_sub_menu2
                0x0000bd64        0xc ./Sources/menu.o
 .ARM.extab.text.menu_select
                0x0000bd70        0xc ./Sources/menu.o
 .ARM.extab.text.menu_back
                0x0000bd7c        0xc ./Sources/menu.o
 .ARM.extab.text.refresh_menu
                0x0000bd88        0xc ./Sources/menu.o
 .ARM.extab.text.serial_send_block
                0x0000bd94        0xc ./Sources/protocol.o
 .ARM.extab.text.serial_send_float
                0x0000bda0        0xc ./Sources/protocol.o
 .ARM.extab.text.serial_send_int
                0x0000bdac        0xc ./Sources/protocol.o
 .ARM.extab.text.serial_send_string
                0x0000bdb8        0xc ./Sources/protocol.o
 .ARM.extab.text.serial_send_char
                0x0000bdc4        0xc ./Sources/protocol.o
 .ARM.extab.text.msg_parse
                0x0000bdd0        0xc ./Sources/protocol.o
 .ARM.extab.text.msg_processing
                0x0000bddc        0xc ./Sources/protocol.o
 .ARM.extab.text.Send_Control_Mode
                0x0000bde8        0xc ./Sources/send.o
 .ARM.extab.text.send_fct
                0x0000bdf4        0xc ./Sources/send.o
 .ARM.extab.text.get_update_value
                0x0000be00        0xc ./Sources/send.o
 .ARM.extab     0x0000be0c        0xc c:/freescale/kds_v3/toolchain/bin/../lib/gcc/arm-none-eabi/4.8.4/armv7e-m\libgcc.a(unwind-arm.o)
 .ARM.extab     0x0000be18       0x18 c:/freescale/kds_v3/toolchain/bin/../lib/gcc/arm-none-eabi/4.8.4/armv7e-m\libgcc.a(pr-support.o)

.ARM            0x0000be30      0x258
                0x0000be30                __exidx_start = .
 *(.ARM.exidx*)
 .ARM.exidx     0x0000be30        0x8 c:/freescale/kds_v3/toolchain/bin/../lib/gcc/arm-none-eabi/4.8.4/../../../../arm-none-eabi/lib/armv7e-m/crt0.o
 .ARM.exidx.text.LCD_Init
                0x0000bef8        0x8 ./Sources/LCD.o
 .ARM.exidx.text.LCD_command
                0x0000bf00        0x8 ./Sources/LCD.o
 .ARM.exidx.text.LCD_Set_Cursor
                0x0000bf08        0x8 ./Sources/LCD.o
 .ARM.exidx.text.LCD_Write
                0x0000bf10        0x8 ./Sources/LCD.o
 .ARM.exidx.text.load_custom_char
                0x0000bf18        0x8 ./Sources/LCD.o
 .ARM.exidx.text.LCD_Write_At
                0x0000bf20        0x8 ./Sources/LCD.o
 .ARM.exidx.text.LCD_Write_Block
                0x0000bf28        0x8 ./Sources/LCD.o
 .ARM.exidx.text.PCA9670_Init
                0x0000bf30        0x8 ./Sources/PCA9670.o
 .ARM.exidx.text.PCA9670_SendByte
                0x0000bf38        0x8 ./Sources/PCA9670.o
 .ARM.exidx.text.vspfunc
                0x0000bf40        0x8 ./Sources/display.o
 .ARM.exidx.text.print_float_at
                0x0000bf48        0x8 ./Sources/display.o
 .ARM.exidx.text.print_int_at
                0x0000bf50        0x8 ./Sources/display.o
 .ARM.exidx.text.load_char
                0x0000bf58        0x8 ./Sources/display.o
 .ARM.exidx.text.menu_init
                0x0000bf60        0x8 ./Sources/display.o
 .ARM.exidx.text.refresh
                0x0000bf68        0x8 ./Sources/display.o
 .ARM.exidx.text.select
                0x0000bf70        0x8 ./Sources/display.o
 .ARM.exidx.text.back
                0x0000bf78        0x8 ./Sources/display.o
 .ARM.exidx.text.controle_mode_display
                0x0000bf80        0x8 ./Sources/display.o
 .ARM.exidx.text.control_mode_fct
                0x0000bf88        0x8 ./Sources/display.o
 .ARM.exidx.text.update_icon_dir
                0x0000bf90        0x8 ./Sources/display.o
 .ARM.exidx.text.update_icon_drive_enable
                0x0000bf98        0x8 ./Sources/display.o
 .ARM.exidx.text.refresh_fct
                0x0000bfa0        0x8 ./Sources/display.o
 .ARM.exidx.text.velocity_fct
                0x0000bfa8        0x8 ./Sources/display.o
 .ARM.exidx.text.acceleration_fct
                0x0000bfb0        0x8 ./Sources/display.o
 .ARM.exidx.text.deceleration_fct
                0x0000bfb8        0x0 ./Sources/display.o
                                  0x8 (size before relaxing)
 .ARM.exidx.text.back_fct
                0x0000bfb8        0x0 ./Sources/display.o
                                  0x8 (size before relaxing)
 .ARM.exidx.text.pos_position_fct
                0x0000bfb8        0x8 ./Sources/display.o
 .ARM.exidx.text.pos_velocity_fct
                0x0000bfc0        0x8 ./Sources/display.o
 .ARM.exidx.text.pos_acceleration_fct
                0x0000bfc8        0x0 ./Sources/display.o
                                  0x8 (size before relaxing)
 .ARM.exidx.text.pos_deceleration_fct
                0x0000bfc8        0x0 ./Sources/display.o
                                  0x8 (size before relaxing)
 .ARM.exidx.text.pos_set_home_fct
                0x0000bfc8        0x0 ./Sources/display.o
                                  0x8 (size before relaxing)
 .ARM.exidx.text.torque_fct
                0x0000bfc8        0x8 ./Sources/display.o
 .ARM.exidx.text.torque_rise_fct
                0x0000bfd0        0x8 ./Sources/display.o
 .ARM.exidx.text.torque_fall_fct
                0x0000bfd8        0x0 ./Sources/display.o
                                  0x8 (size before relaxing)
 .ARM.exidx.text.short_cut_position_menu
                0x0000bfd8        0x0 ./Sources/display.o
                                  0x8 (size before relaxing)
 .ARM.exidx.text._Z41__static_initialization_and_destruction_0ii
                0x0000bfd8        0x8 ./Sources/display.o
 .ARM.exidx.text._GLOBAL__sub_I_buffer
                0x0000bfe0        0x0 ./Sources/display.o
                                  0x8 (size before relaxing)
 .ARM.exidx.text.init_menu
                0x0000bfe0        0x0 ./Sources/menu.o
                                  0x8 (size before relaxing)
 .ARM.exidx.text.init_sub_menu
                0x0000bfe0        0x0 ./Sources/menu.o
                                  0x8 (size before relaxing)
 .ARM.exidx.text.init_sub_menu2
                0x0000bfe0        0x0 ./Sources/menu.o
                                  0x8 (size before relaxing)
 .ARM.exidx.text.init_menu_list
                0x0000bfe0        0x0 ./Sources/menu.o
                                  0x8 (size before relaxing)
 .ARM.exidx.text.init_sub_menu_list
                0x0000bfe0        0x0 ./Sources/menu.o
                                  0x8 (size before relaxing)
 .ARM.exidx.text.init_sub_menu2_list
                0x0000bfe0        0x0 ./Sources/menu.o
                                  0x8 (size before relaxing)
 .ARM.exidx.text.print_menu
                0x0000bfe0        0x8 ./Sources/menu.o
 .ARM.exidx.text.print_sub_menu
                0x0000bfe8        0x8 ./Sources/menu.o
 .ARM.exidx.text.print_sub_menu2
                0x0000bff0        0x8 ./Sources/menu.o
 .ARM.exidx.text.menu_select
                0x0000bff8        0x8 ./Sources/menu.o
 .ARM.exidx.text.menu_back
                0x0000c000        0x8 ./Sources/menu.o
 .ARM.exidx.text.refresh_menu
                0x0000c008        0x8 ./Sources/menu.o
 .ARM.exidx.text.void_function
                0x0000c010        0x8 ./Sources/menu.o
 .ARM.exidx.text.parameters_init
                0x0000c018        0x0 ./Sources/parameters.o
                                  0x8 (size before relaxing)
 .ARM.exidx.text.convert
                0x0000c018        0x0 ./Sources/parameters.o
                                  0x8 (size before relaxing)
 .ARM.exidx.text.serial_send_block
                0x0000c018        0x8 ./Sources/protocol.o
 .ARM.exidx.text.serial_send_float
                0x0000c020        0x8 ./Sources/protocol.o
 .ARM.exidx.text.serial_send_int
                0x0000c028        0x8 ./Sources/protocol.o
 .ARM.exidx.text.serial_send_string
                0x0000c030        0x8 ./Sources/protocol.o
 .ARM.exidx.text.serial_send_char
                0x0000c038        0x8 ./Sources/protocol.o
 .ARM.exidx.text.serial_send_end
                0x0000c040        0x8 ./Sources/protocol.o
 .ARM.exidx.text.msg_parse
                0x0000c048        0x8 ./Sources/protocol.o
 .ARM.exidx.text.msg_processing
                0x0000c050        0x8 ./Sources/protocol.o
 .ARM.exidx.text.Send_Control_Mode
                0x0000c058        0x8 ./Sources/send.o
 .ARM.exidx.text.send_fct
                0x0000c060        0x8 ./Sources/send.o
 .ARM.exidx.text.get_update_drive_en
                0x0000c068        0x8 ./Sources/send.o
 .ARM.exidx.text.get_update_value
                0x0000c070        0x8 ./Sources/send.o
 .ARM.exidx.text.send_stop
                0x0000c078        0x8 ./Sources/send.o
 .ARM.exidx.text.velocity_processing
                0x0000c080        0x8 ./Sources/send.o
 .ARM.exidx.text.velocity_ref_processing
                0x0000c088        0x0 ./Sources/send.o
                                  0x8 (size before relaxing)
 .ARM.exidx.text.acceleration_processing
                0x0000c088        0x0 ./Sources/send.o
                                  0x8 (size before relaxing)
 .ARM.exidx.text.deceleration_processing
                0x0000c088        0x0 ./Sources/send.o
                                  0x8 (size before relaxing)
 .ARM.exidx.text.torque_processing
                0x0000c088        0x0 ./Sources/send.o
                                  0x8 (size before relaxing)
 .ARM.exidx.text.torque_rise_processing
                0x0000c088        0x0 ./Sources/send.o
                                  0x8 (size before relaxing)
 .ARM.exidx.text.torque_fall_processing
                0x0000c088        0x0 ./Sources/send.o
                                  0x8 (size before relaxing)
 .ARM.exidx.text.control_mode_processing
                0x0000c088        0x0 ./Sources/send.o
                                  0x8 (size before relaxing)
 .ARM.exidx.text.drive_enable_processing
                0x0000c088        0x0 ./Sources/send.o
                                  0x8 (size before relaxing)
 .ARM.exidx     0x0000be38       0x88 c:/freescale/kds_v3/toolchain/bin/../lib/gcc/arm-none-eabi/4.8.4/armv7e-m\libgcc.a(unwind-arm.o)
                                 0xd8 (size before relaxing)
 .ARM.exidx     0x0000bec0       0x38 c:/freescale/kds_v3/toolchain/bin/../lib/gcc/arm-none-eabi/4.8.4/armv7e-m\libgcc.a(pr-support.o)
                                 0x48 (size before relaxing)
                0x0000c088                __exidx_end = .

.rel.dyn        0x0000c088        0x0
 .rel.iplt      0x00000000        0x0 c:/freescale/kds_v3/toolchain/bin/../lib/gcc/arm-none-eabi/4.8.4/armv7e-m/crtbegin.o

.ctors          0x0000c088        0x0
                0x0000c088                __CTOR_LIST__ = .
 *crtbegin.o(.ctors)
 *(EXCLUDE_FILE(*crtend.o) .ctors)
 *(SORT(.ctors.*))
 *(.ctors)
                0x0000c088                __CTOR_END__ = .

.dtors          0x0000c088        0x0
                0x0000c088                __DTOR_LIST__ = .
 *crtbegin.o(.dtors)
 *(EXCLUDE_FILE(*crtend.o) .dtors)
 *(SORT(.dtors.*))
 *(.dtors)
                0x0000c088                __DTOR_END__ = .

.preinit_array  0x0000c088        0x0
                0x0000c088                PROVIDE (__preinit_array_start, .)
 *(.preinit_array*)
                0x0000c088                PROVIDE (__preinit_array_end, .)

.init_array     0x0000c088        0x8
                0x0000c088                PROVIDE (__init_array_start, .)
 *(SORT(.init_array.*))
 *(.init_array*)
 .init_array    0x0000c088        0x4 c:/freescale/kds_v3/toolchain/bin/../lib/gcc/arm-none-eabi/4.8.4/armv7e-m/crtbegin.o
 .init_array    0x0000c08c        0x4 ./Sources/display.o
                0x0000c090                PROVIDE (__init_array_end, .)

.fini_array     0x0000c090        0x4
                0x0000c090                PROVIDE (__fini_array_start, .)
 *(SORT(.fini_array.*))
 *(.fini_array*)
 .fini_array    0x0000c090        0x4 c:/freescale/kds_v3/toolchain/bin/../lib/gcc/arm-none-eabi/4.8.4/armv7e-m/crtbegin.o
                0x0000c094                PROVIDE (__fini_array_end, .)
                0x0000c094                ___ROM_AT = .

.data           0x1fff8000       0xec load address 0x0000c094
                0x1fff8000                . = ALIGN (0x4)
                0x1fff8000                _sdata = .
 *(.data)
 *(.data*)
 .data._ZL6Get_OK
                0x1fff8000        0x4 ./Sources/protocol.o
 .data._ZL7Get_ERR
                0x1fff8004        0x4 ./Sources/protocol.o
 .data._ZL6Set_OK
                0x1fff8008        0x4 ./Sources/protocol.o
 .data._ZL7Set_ERR
                0x1fff800c        0x4 ./Sources/protocol.o
 .data._ZL8Velocity
                0x1fff8010        0x4 ./Sources/protocol.o
 .data._ZL12Velocity_ref
                0x1fff8014        0x4 ./Sources/protocol.o
 .data._ZL8Set_Home
                0x1fff8018        0x4 ./Sources/protocol.o
 .data._ZL12Acceleration
                0x1fff801c        0x4 ./Sources/protocol.o
 .data._ZL12Deceleration
                0x1fff8020        0x4 ./Sources/protocol.o
 .data._ZL6Torque
                0x1fff8024        0x4 ./Sources/protocol.o
 .data._ZL11Torque_rise
                0x1fff8028        0x4 ./Sources/protocol.o
 .data._ZL11Torque_fall
                0x1fff802c        0x4 ./Sources/protocol.o
 .data._ZL4Stop
                0x1fff8030        0x4 ./Sources/protocol.o
 .data._ZL12Drive_Enable
                0x1fff8034        0x4 ./Sources/protocol.o
 .data._ZL12Control_Mode
                0x1fff8038        0x4 ./Sources/protocol.o
 .data._ZL3Get  0x1fff803c        0x4 ./Sources/send.o
 .data._ZL3Set  0x1fff8040        0x4 ./Sources/send.o
 .data._ZL8Velocity
                0x1fff8044        0x4 ./Sources/send.o
 .data._ZL12Velocity_ref
                0x1fff8048        0x4 ./Sources/send.o
 .data._ZL8Position
                0x1fff804c        0x4 ./Sources/send.o
 .data._ZL12Position_ref
                0x1fff8050        0x4 ./Sources/send.o
 .data._ZL6Pos_go
                0x1fff8054        0x4 ./Sources/send.o
 .data._ZL8Set_Home
                0x1fff8058        0x4 ./Sources/send.o
 .data._ZL7Go_Home
                0x1fff805c        0x4 ./Sources/send.o
 .data._ZL12Acceleration
                0x1fff8060        0x4 ./Sources/send.o
 .data._ZL12Deceleration
                0x1fff8064        0x4 ./Sources/send.o
 .data._ZL6Torque
                0x1fff8068        0x4 ./Sources/send.o
 .data._ZL10Torque_ref
                0x1fff806c        0x4 ./Sources/send.o
 .data._ZL11Torque_rise
                0x1fff8070        0x4 ./Sources/send.o
 .data._ZL11Torque_fall
                0x1fff8074        0x4 ./Sources/send.o
 .data._ZL4Stop
                0x1fff8078        0x4 ./Sources/send.o
 .data._ZL12Drive_Enable
                0x1fff807c        0x4 ./Sources/send.o
 .data._ZL12Control_Mode
                0x1fff8080        0x4 ./Sources/send.o
 .data.__fdlib_version
                0x1fff8084        0x1 c:/freescale/kds_v3/toolchain/bin/../lib/gcc/arm-none-eabi/4.8.4/../../../../arm-none-eabi/lib/armv7e-m\libm.a(lib_a-s_lib_ver.o)
                0x1fff8084                __fdlib_version
 *fill*         0x1fff8085        0x3 
 .data.impure_data
                0x1fff8088       0x60 c:/freescale/kds_v3/toolchain/bin/../lib/gcc/arm-none-eabi/4.8.4/../../../../arm-none-eabi/lib/armv7e-m\libg_s.a(lib_a-impure.o)
 .data._impure_ptr
                0x1fff80e8        0x4 c:/freescale/kds_v3/toolchain/bin/../lib/gcc/arm-none-eabi/4.8.4/../../../../arm-none-eabi/lib/armv7e-m\libg_s.a(lib_a-impure.o)
                0x1fff80e8                _impure_ptr
                0x1fff80ec                . = ALIGN (0x4)
                0x1fff80ec                _edata = .
                0x000000ec                ___data_size = (_edata - _sdata)
                0x0000c180                ___m_data_20000000_ROMStart = (___ROM_AT + SIZEOF (.data))

.jcr            0x1fff80ec        0x0 load address 0x0000c180
 .jcr           0x1fff80ec        0x0 c:/freescale/kds_v3/toolchain/bin/../lib/gcc/arm-none-eabi/4.8.4/armv7e-m/crtbegin.o

.igot.plt       0x1fff80ec        0x0 load address 0x0000c180
 .igot.plt      0x00000000        0x0 c:/freescale/kds_v3/toolchain/bin/../lib/gcc/arm-none-eabi/4.8.4/armv7e-m/crtbegin.o

.m_data_20000000
                0x20000000        0x0 load address 0x0000c180
                0x20000000                . = ALIGN (0x4)
                0x20000000                ___m_data_20000000_RAMStart = .
 *(.m_data_20000000)
                0x20000000                ___m_data_20000000_RAMEnd = .
                0x20000000                . = ALIGN (0x4)
                0x00000000                ___m_data_20000000_ROMSize = (___m_data_20000000_RAMEnd - ___m_data_20000000_RAMStart)
                0x20000000                . = ALIGN (0x4)

.bss            0x1fff80ec      0xc80 load address 0x0000c180
                0x1fff80ec                __START_BSS = .
                0x1fff80ec                PROVIDE (__bss_start__, __START_BSS)
 *(.bss)
 .bss           0x1fff80ec       0x1c c:/freescale/kds_v3/toolchain/bin/../lib/gcc/arm-none-eabi/4.8.4/armv7e-m/crtbegin.o
 *(.bss*)
 .bss.LCD_flag  0x1fff8108        0x1 ./Sources/LCD.o
                0x1fff8108                LCD_flag
 *fill*         0x1fff8109        0x3 
 .bss.buffer    0x1fff810c       0x50 ./Sources/display.o
                0x1fff810c                buffer
 .bss.FLAG_MENU
                0x1fff815c        0x1 ./Sources/display.o
                0x1fff815c                FLAG_MENU
 *fill*         0x1fff815d        0x3 
 .bss.back_sub_menu
                0x1fff8160        0xc ./Sources/display.o
                0x1fff8160                back_sub_menu
 .bss.vel_play_cue
                0x1fff816c        0xc ./Sources/display.o
                0x1fff816c                vel_play_cue
 .bss.vel_rec_cue
                0x1fff8178        0xc ./Sources/display.o
                0x1fff8178                vel_rec_cue
 .bss.vel_mod_cue
                0x1fff8184        0xc ./Sources/display.o
                0x1fff8184                vel_mod_cue
 .bss.vel_del_cue
                0x1fff8190        0xc ./Sources/display.o
                0x1fff8190                vel_del_cue
 .bss.sub_menu_velocity_cue
                0x1fff819c       0x3c ./Sources/display.o
                0x1fff819c                sub_menu_velocity_cue
 .bss.menu_velocity_cue
                0x1fff81d8        0xc ./Sources/display.o
                0x1fff81d8                menu_velocity_cue
 .bss.pos_play_cue
                0x1fff81e4        0xc ./Sources/display.o
                0x1fff81e4                pos_play_cue
 .bss.pos_rec_cue
                0x1fff81f0        0xc ./Sources/display.o
                0x1fff81f0                pos_rec_cue
 .bss.pos_mod_cue
                0x1fff81fc        0xc ./Sources/display.o
                0x1fff81fc                pos_mod_cue
 .bss.pos_del_cue
                0x1fff8208        0xc ./Sources/display.o
                0x1fff8208                pos_del_cue
 .bss.sub_menu_pos_cue
                0x1fff8214       0x3c ./Sources/display.o
                0x1fff8214                sub_menu_pos_cue
 .bss.menu_pos_cue
                0x1fff8250        0xc ./Sources/display.o
                0x1fff8250                menu_pos_cue
 .bss.tor_play_cue
                0x1fff825c        0xc ./Sources/display.o
                0x1fff825c                tor_play_cue
 .bss.tor_rec_cue
                0x1fff8268        0xc ./Sources/display.o
                0x1fff8268                tor_rec_cue
 .bss.tor_mod_cue
                0x1fff8274        0xc ./Sources/display.o
                0x1fff8274                tor_mod_cue
 .bss.tor_del_cue
                0x1fff8280        0xc ./Sources/display.o
                0x1fff8280                tor_del_cue
 .bss.sub_menu_tor_cue
                0x1fff828c       0x3c ./Sources/display.o
                0x1fff828c                sub_menu_tor_cue
 .bss.menu_tor_cue
                0x1fff82c8        0xc ./Sources/display.o
                0x1fff82c8                menu_tor_cue
 .bss.back_menu
                0x1fff82d4       0x18 ./Sources/display.o
                0x1fff82d4                back_menu
 .bss.vel_velocity
                0x1fff82ec       0x18 ./Sources/display.o
                0x1fff82ec                vel_velocity
 .bss.vel_acc   0x1fff8304       0x18 ./Sources/display.o
                0x1fff8304                vel_acc
 .bss.vel_dec   0x1fff831c       0x18 ./Sources/display.o
                0x1fff831c                vel_dec
 .bss.vel_cue   0x1fff8334       0x18 ./Sources/display.o
                0x1fff8334                vel_cue
 .bss.sub_menu_velocity
                0x1fff834c       0x78 ./Sources/display.o
                0x1fff834c                sub_menu_velocity
 .bss.menu_velocity
                0x1fff83c4        0xc ./Sources/display.o
                0x1fff83c4                menu_velocity
 .bss.pos_position
                0x1fff83d0       0x18 ./Sources/display.o
                0x1fff83d0                pos_position
 .bss.pos_velocity
                0x1fff83e8       0x18 ./Sources/display.o
                0x1fff83e8                pos_velocity
 .bss.pos_acc   0x1fff8400       0x18 ./Sources/display.o
                0x1fff8400                pos_acc
 .bss.pos_dec   0x1fff8418       0x18 ./Sources/display.o
                0x1fff8418                pos_dec
 .bss.pos_cue   0x1fff8430       0x18 ./Sources/display.o
                0x1fff8430                pos_cue
 .bss.pos_set_home
                0x1fff8448       0x18 ./Sources/display.o
                0x1fff8448                pos_set_home
 .bss.sub_menu_position
                0x1fff8460       0xa8 ./Sources/display.o
                0x1fff8460                sub_menu_position
 .bss.menu_position
                0x1fff8508        0xc ./Sources/display.o
                0x1fff8508                menu_position
 .bss.tor_torque
                0x1fff8514       0x18 ./Sources/display.o
                0x1fff8514                tor_torque
 .bss.tor_torque_rise
                0x1fff852c       0x18 ./Sources/display.o
                0x1fff852c                tor_torque_rise
 .bss.tor_torque_fall
                0x1fff8544       0x18 ./Sources/display.o
                0x1fff8544                tor_torque_fall
 .bss.tor_cue   0x1fff855c       0x18 ./Sources/display.o
                0x1fff855c                tor_cue
 .bss.sub_menu_torque
                0x1fff8574       0x78 ./Sources/display.o
                0x1fff8574                sub_menu_torque
 .bss.menu_torque
                0x1fff85ec        0xc ./Sources/display.o
                0x1fff85ec                menu_torque
 .bss.velocity  0x1fff85f8       0x1c ./Sources/display.o
                0x1fff85f8                velocity
 .bss.position  0x1fff8614       0x1c ./Sources/display.o
                0x1fff8614                position
 .bss.torque    0x1fff8630       0x1c ./Sources/display.o
                0x1fff8630                torque
 .bss.setting   0x1fff864c       0x1c ./Sources/display.o
                0x1fff864c                setting
 .bss.menu_array
                0x1fff8668       0x70 ./Sources/display.o
                0x1fff8668                menu_array
 .bss.root_menu
                0x1fff86d8        0xc ./Sources/display.o
                0x1fff86d8                root_menu
 .bss.FLAG_PUSH_SHORT
                0x1fff86e4        0x1 ./Sources/encoder_variable.o
                0x1fff86e4                FLAG_PUSH_SHORT
 .bss.FLAG_PUSH_LONG
                0x1fff86e5        0x1 ./Sources/encoder_variable.o
                0x1fff86e5                FLAG_PUSH_LONG
 .bss.FLAG_ENCODER
                0x1fff86e6        0x1 ./Sources/encoder_variable.o
                0x1fff86e6                FLAG_ENCODER
 .bss.FLAG_DEBOUNCE
                0x1fff86e7        0x1 ./Sources/encoder_variable.o
                0x1fff86e7                FLAG_DEBOUNCE
 .bss.FLAG_SENS
                0x1fff86e8        0x1 ./Sources/encoder_variable.o
                0x1fff86e8                FLAG_SENS
 .bss.FLAG_SENS_1
                0x1fff86e9        0x1 ./Sources/encoder_variable.o
                0x1fff86e9                FLAG_SENS_1
 .bss.FLAG_SENS_2
                0x1fff86ea        0x1 ./Sources/encoder_variable.o
                0x1fff86ea                FLAG_SENS_2
 .bss.FLAG_STOP
                0x1fff86eb        0x1 ./Sources/encoder_variable.o
                0x1fff86eb                FLAG_STOP
 .bss.counter_100ms
                0x1fff86ec        0x4 ./Sources/encoder_variable.o
                0x1fff86ec                counter_100ms
 .bss.encoder   0x1fff86f0        0x4 ./Sources/encoder_variable.o
                0x1fff86f0                encoder
 .bss.FLAG_CONTROL_MODE
                0x1fff86f4        0x1 ./Sources/menu.o
                0x1fff86f4                FLAG_CONTROL_MODE
 *fill*         0x1fff86f5        0x3 
 .bss.menu_indicator
                0x1fff86f8        0x4 ./Sources/parameters.o
                0x1fff86f8                menu_indicator
 .bss.drive_enable_st
                0x1fff86fc        0x1 ./Sources/parameters.o
                0x1fff86fc                drive_enable_st
 .bss.FLAG_SET_HOME
                0x1fff86fd        0x1 ./Sources/parameters.o
                0x1fff86fd                FLAG_SET_HOME
 *fill*         0x1fff86fe        0x2 
 .bss.counter_2s
                0x1fff8700        0x4 ./Sources/parameters.o
                0x1fff8700                counter_2s
 .bss.FLAG_SHORT_CUT
                0x1fff8704        0x1 ./Sources/parameters.o
                0x1fff8704                FLAG_SHORT_CUT
 .bss.FLAG_UPDATE
                0x1fff8705        0x1 ./Sources/parameters.o
                0x1fff8705                FLAG_UPDATE
 *fill*         0x1fff8706        0x2 
 .bss.vel       0x1fff8708       0x1c ./Sources/parameters.o
                0x1fff8708                vel
 .bss.pos       0x1fff8724       0x24 ./Sources/parameters.o
                0x1fff8724                pos
 .bss.tor       0x1fff8748       0x1c ./Sources/parameters.o
                0x1fff8748                tor
 .bss.in_buffer
                0x1fff8764       0x80 ./Sources/protocol.o
                0x1fff8764                in_buffer
 .bss.cnt       0x1fff87e4        0x1 ./Sources/protocol.o
                0x1fff87e4                cnt
 .bss.FLAG_MSG_RCV
                0x1fff87e5        0x1 ./Sources/protocol.o
                0x1fff87e5                FLAG_MSG_RCV
 .bss.FLAG_MSG_ERR
                0x1fff87e6        0x1 ./Sources/protocol.o
                0x1fff87e6                FLAG_MSG_ERR
 .bss.FLAG_MSG_OK
                0x1fff87e7        0x1 ./Sources/protocol.o
                0x1fff87e7                FLAG_MSG_OK
 .bss.nb_data   0x1fff87e8        0x4 ./Sources/protocol.o
                0x1fff87e8                nb_data
 .bss.FLAG_SEND
                0x1fff87ec        0x1 ./Sources/send.o
                0x1fff87ec                FLAG_SEND
 .bss.FLAG_CONTROL_MODE_CONFIRM
                0x1fff87ed        0x1 ./Sources/send.o
                0x1fff87ed                FLAG_CONTROL_MODE_CONFIRM
 .bss.FLAG_UPDATE_MENU
                0x1fff87ee        0x1 ./Sources/send.o
                0x1fff87ee                FLAG_UPDATE_MENU
 .bss.FLAG_SEND_STOP
                0x1fff87ef        0x1 ./Sources/send.o
                0x1fff87ef                FLAG_SEND_STOP
 .bss.CONTROL_MODE
                0x1fff87f0        0x1 ./Sources/send.o
                0x1fff87f0                CONTROL_MODE
 *fill*         0x1fff87f1        0x1 
 .bss.SerFlag   0x1fff87f2        0x2 ./Generated_Code/AS1.o
 .bss.AS1_InpLen
                0x1fff87f4        0x2 ./Generated_Code/AS1.o
 .bss.InpIndexR
                0x1fff87f6        0x2 ./Generated_Code/AS1.o
 .bss.InpIndexW
                0x1fff87f8        0x2 ./Generated_Code/AS1.o
 *fill*         0x1fff87fa        0x2 
 .bss.InpBuffer
                0x1fff87fc      0x200 ./Generated_Code/AS1.o
 .bss.BufferRead
                0x1fff89fc        0x1 ./Generated_Code/AS1.o
 *fill*         0x1fff89fd        0x1 
 .bss.AS1_OutLen
                0x1fff89fe        0x2 ./Generated_Code/AS1.o
 .bss.OutIndexR
                0x1fff8a00        0x2 ./Generated_Code/AS1.o
 .bss.OutIndexW
                0x1fff8a02        0x2 ./Generated_Code/AS1.o
 .bss.OutBuffer
                0x1fff8a04      0x200 ./Generated_Code/AS1.o
 .bss.OnFreeTxBufSemaphore
                0x1fff8c04        0x1 ./Generated_Code/AS1.o
 *fill*         0x1fff8c05        0x3 
 .bss.DeviceDataPrv__DEFAULT_RTOS_ALLOC
                0x1fff8c08       0x20 ./Generated_Code/ASerialLdd1.o
 .bss.INT_UART0_RX_TX__DEFAULT_RTOS_ISRPARAM
                0x1fff8c28        0x4 ./Generated_Code/ASerialLdd1.o
 .bss.INT_UART0_ERR__DEFAULT_RTOS_ISRPARAM
                0x1fff8c2c        0x4 ./Generated_Code/ASerialLdd1.o
 .bss.DeviceDataPrv__DEFAULT_RTOS_ALLOC
                0x1fff8c30        0x4 ./Generated_Code/BitIoLdd1.o
 .bss.DeviceDataPrv__DEFAULT_RTOS_ALLOC
                0x1fff8c34        0x4 ./Generated_Code/BitIoLdd2.o
 .bss.DeviceDataPrv__DEFAULT_RTOS_ALLOC
                0x1fff8c38        0x4 ./Generated_Code/BitIoLdd3.o
 .bss.DeviceDataPrv__DEFAULT_RTOS_ALLOC
                0x1fff8c3c        0x4 ./Generated_Code/BitIoLdd4.o
 .bss.DeviceDataPrv__DEFAULT_RTOS_ALLOC
                0x1fff8c40        0x4 ./Generated_Code/BitIoLdd5.o
 .bss.DeviceDataPrv__DEFAULT_RTOS_ALLOC
                0x1fff8c44        0x4 ./Generated_Code/BitIoLdd6.o
 .bss.DeviceDataPrv__DEFAULT_RTOS_ALLOC
                0x1fff8c48        0x4 ./Generated_Code/BitIoLdd7.o
 .bss.SR_lock   0x1fff8c4c        0x1 ./Generated_Code/Cpu.o
                0x1fff8c4c                SR_lock
 *fill*         0x1fff8c4d        0x3 
 .bss.DeviceDataPrv__DEFAULT_RTOS_ALLOC
                0x1fff8c50        0x8 ./Generated_Code/ENCODER.o
 .bss.INT_PORTC__DEFAULT_RTOS_ISRPARAM
                0x1fff8c58        0x4 ./Generated_Code/ENCODER.o
 .bss.DeviceDataPrv__DEFAULT_RTOS_ALLOC
                0x1fff8c5c        0x4 ./Generated_Code/ExtIntLdd1.o
 .bss.INT_PORTC__DEFAULT_RTOS_ISRPARAM
                0x1fff8c60        0x4 ./Generated_Code/ExtIntLdd1.o
 .bss.DeviceDataPrv__DEFAULT_RTOS_ALLOC
                0x1fff8c64        0x4 ./Generated_Code/ExtIntLdd2.o
 .bss.INT_PORTC__DEFAULT_RTOS_ISRPARAM
                0x1fff8c68        0x4 ./Generated_Code/ExtIntLdd2.o
 .bss.DeviceDataPrv__DEFAULT_RTOS_ALLOC
                0x1fff8c6c        0x4 ./Generated_Code/ExtIntLdd3.o
 .bss.INT_PORTC__DEFAULT_RTOS_ISRPARAM
                0x1fff8c70        0x4 ./Generated_Code/ExtIntLdd3.o
 .bss.DeviceDataPrv__DEFAULT_RTOS_ALLOC
                0x1fff8c74        0x4 ./Generated_Code/ExtIntLdd4.o
 .bss.INT_PORTC__DEFAULT_RTOS_ISRPARAM
                0x1fff8c78        0x4 ./Generated_Code/ExtIntLdd4.o
 .bss.DeviceDataPrv__DEFAULT_RTOS_ALLOC
                0x1fff8c7c        0x4 ./Generated_Code/ExtIntLdd5.o
 .bss.INT_PORTC__DEFAULT_RTOS_ISRPARAM
                0x1fff8c80        0x4 ./Generated_Code/ExtIntLdd5.o
 .bss.OutLenM   0x1fff8c84        0x2 ./Generated_Code/I2C0.o
 .bss.ChrTemp   0x1fff8c86        0x1 ./Generated_Code/I2C0.o
 *fill*         0x1fff8c87        0x1 
 .bss.IFsh1_CurrentCommand
                0x1fff8c88        0x4 ./Generated_Code/IFsh1.o
 .bss.IFsh1_CmdResult
                0x1fff8c8c        0x1 ./Generated_Code/IFsh1.o
 .bss.IFsh1_CmdPending
                0x1fff8c8d        0x1 ./Generated_Code/IFsh1.o
 .bss.IFsh1_EnEvent
                0x1fff8c8e        0x1 ./Generated_Code/IFsh1.o
 *fill*         0x1fff8c8f        0x1 
 .bss.IntFlashLdd1_DevDataPtr
                0x1fff8c90        0x4 ./Generated_Code/IFsh1.o
 .bss.DeviceDataPrv__DEFAULT_RTOS_ALLOC
                0x1fff8c94       0x18 ./Generated_Code/IntFlashLdd1.o
 .bss.INT_FTFL__DEFAULT_RTOS_ISRPARAM
                0x1fff8cac        0x4 ./Generated_Code/IntFlashLdd1.o
 .bss.INT_Read_Collision__DEFAULT_RTOS_ISRPARAM
                0x1fff8cb0        0x4 ./Generated_Code/IntFlashLdd1.o
 .bss.DeviceDataPrv__DEFAULT_RTOS_ALLOC
                0x1fff8cb4       0x1c ./Generated_Code/IntI2cLdd1.o
 .bss.INT_I2C0__DEFAULT_RTOS_ISRPARAM
                0x1fff8cd0        0x4 ./Generated_Code/IntI2cLdd1.o
 .bss.PE_LDD_DeviceDataList
                0x1fff8cd4       0x4c ./Generated_Code/PE_LDD.o
                0x1fff8cd4                PE_LDD_DeviceDataList
 .bss.DeviceDataPrv__DEFAULT_RTOS_ALLOC
                0x1fff8d20        0xc ./Generated_Code/TU1.o
 .bss.INT_FTM2__DEFAULT_RTOS_ISRPARAM
                0x1fff8d2c        0x4 ./Generated_Code/TU1.o
 .bss.DeviceDataPrv__DEFAULT_RTOS_ALLOC
                0x1fff8d30        0xc ./Generated_Code/T_100ms.o
 .bss.INT_FTM1__DEFAULT_RTOS_ISRPARAM
                0x1fff8d3c        0x4 ./Generated_Code/T_100ms.o
 .bss.DeviceDataPrv__DEFAULT_RTOS_ALLOC
                0x1fff8d40        0x8 ./Generated_Code/T_500ms.o
 .bss.INT_FTM0__DEFAULT_RTOS_ISRPARAM
                0x1fff8d48        0x4 ./Generated_Code/T_500ms.o
 .bss.__malloc_sbrk_start
                0x1fff8d4c        0x4 c:/freescale/kds_v3/toolchain/bin/../lib/gcc/arm-none-eabi/4.8.4/../../../../arm-none-eabi/lib/armv7e-m\libg_s.a(lib_a-nano-mallocr.o)
                0x1fff8d4c                __malloc_sbrk_start
 .bss.__malloc_free_list
                0x1fff8d50        0x4 c:/freescale/kds_v3/toolchain/bin/../lib/gcc/arm-none-eabi/4.8.4/../../../../arm-none-eabi/lib/armv7e-m\libg_s.a(lib_a-nano-mallocr.o)
                0x1fff8d50                __malloc_free_list
 .bss.heap_end.4246
                0x1fff8d54        0x4 c:/freescale/kds_v3/toolchain/bin/../lib/gcc/arm-none-eabi/4.8.4/../../../../arm-none-eabi/lib/armv7e-m\libnosys.a(sbrk.o)
 *(COMMON)
 COMMON         0x1fff8d58        0x4 ./Generated_Code/AS1.o
                0x1fff8d58                ASerialLdd1_DeviceDataPtr
 COMMON         0x1fff8d5c        0x1 ./Generated_Code/Cpu.o
                0x1fff8d5c                SR_reg
 *fill*         0x1fff8d5d        0x3 
 COMMON         0x1fff8d60        0x8 ./Generated_Code/I2C0.o
                0x1fff8d60                I2C0_SndRcvTemp
                0x1fff8d64                IntI2cLdd1_DeviceDataPtr
 COMMON         0x1fff8d68        0x4 c:/freescale/kds_v3/toolchain/bin/../lib/gcc/arm-none-eabi/4.8.4/../../../../arm-none-eabi/lib/armv7e-m\libg_s.a(lib_a-reent.o)
                0x1fff8d68                errno
                0x1fff8d6c                . = ALIGN (0x4)
                0x1fff8d6c                __END_BSS = .
                0x1fff8d6c                PROVIDE (__bss_end__, __END_BSS)
                0x0000c180                _romp_at = ((___ROM_AT + SIZEOF (.data)) + SIZEOF (.m_data_20000000))

.romp           0x1fff8d6c       0x24 load address 0x0000c180
                0x0000c180                __S_romp = _romp_at
                0x1fff8d6c        0x4 LONG 0xc094 ___ROM_AT
                0x1fff8d70        0x4 LONG 0x1fff8000 _sdata
                0x1fff8d74        0x4 LONG 0xec ___data_size
                0x1fff8d78        0x4 LONG 0xc180 ___m_data_20000000_ROMStart
                0x1fff8d7c        0x4 LONG 0x20000000 ___m_data_20000000_RAMStart
                0x1fff8d80        0x4 LONG 0x0 ___m_data_20000000_ROMSize
                0x1fff8d84        0x4 LONG 0x0
                0x1fff8d88        0x4 LONG 0x0
                0x1fff8d8c        0x4 LONG 0x0
                0x00040000                text_end = (ORIGIN (m_text) + 0x3fbf0)
                0x0000c1a4                data_init_end = ((___m_data_20000000_ROMStart + SIZEOF (.m_data_20000000)) + SIZEOF (.romp))
                0x00000001                ASSERT ((data_init_end <= text_end), region m_text overflowed with text and data)

._user_heap_stack
                0x1fff8d90      0x400 load address 0x0000c1a4
                0x1fff8d90                . = ALIGN (0x4)
                0x1fff8d90                PROVIDE (end, .)
                0x1fff8d90                PROVIDE (_end, .)
                0x1fff8d90                PROVIDE (__end__, .)
                0x1fff8d90                __heap_addr = .
                0x1fff8d90                __HeapBase = .
                0x1fff8d90                . = (. + __heap_size)
                0x1fff8d90                __HeapLimit = .
                0x1fff9190                . = (. + __stack_size)
 *fill*         0x1fff8d90      0x400 
                0x1fff9190                . = ALIGN (0x4)

.ARM.attributes
                0x00000000       0x2a
 *(.ARM.attributes)
 .ARM.attributes
                0x00000000       0x1e c:/freescale/kds_v3/toolchain/bin/../lib/gcc/arm-none-eabi/4.8.4/armv7e-m/crti.o
 .ARM.attributes
                0x0000001e       0x2e c:/freescale/kds_v3/toolchain/bin/../lib/gcc/arm-none-eabi/4.8.4/armv7e-m/crtbegin.o
 .ARM.attributes
                0x0000004c       0x1c c:/freescale/kds_v3/toolchain/bin/../lib/gcc/arm-none-eabi/4.8.4/../../../../arm-none-eabi/lib/armv7e-m/crt0.o
 .ARM.attributes
                0x00000068       0x33 ./Sources/Events.o
 .ARM.attributes
                0x0000009b       0x33 ./Sources/LCD.o
 .ARM.attributes
                0x000000ce       0x33 ./Sources/PCA9670.o
 .ARM.attributes
                0x00000101       0x33 ./Sources/display.o
 .ARM.attributes
                0x00000134       0x33 ./Sources/encoder_variable.o
 .ARM.attributes
                0x00000167       0x33 ./Sources/main.o
 .ARM.attributes
                0x0000019a       0x33 ./Sources/menu.o
 .ARM.attributes
                0x000001cd       0x33 ./Sources/parameters.o
 .ARM.attributes
                0x00000200       0x33 ./Sources/protocol.o
 .ARM.attributes
                0x00000233       0x33 ./Sources/send.o
 .ARM.attributes
                0x00000266       0x33 ./Project_Settings/Startup_Code/startup.o
 .ARM.attributes
                0x00000299       0x33 ./Generated_Code/AS1.o
 .ARM.attributes
                0x000002cc       0x33 ./Generated_Code/ASerialLdd1.o
 .ARM.attributes
                0x000002ff       0x33 ./Generated_Code/BitIoLdd1.o
 .ARM.attributes
                0x00000332       0x33 ./Generated_Code/BitIoLdd2.o
 .ARM.attributes
                0x00000365       0x33 ./Generated_Code/BitIoLdd3.o
 .ARM.attributes
                0x00000398       0x33 ./Generated_Code/BitIoLdd4.o
 .ARM.attributes
                0x000003cb       0x33 ./Generated_Code/BitIoLdd5.o
 .ARM.attributes
                0x000003fe       0x33 ./Generated_Code/BitIoLdd6.o
 .ARM.attributes