Archive member included because of file (symbol)

c:/freescale/kds_v3/toolchain/bin/../lib/gcc/arm-none-eabi/4.8.4/../../../../arm-none-eabi/lib/armv7e-m\libm.a(lib_a-s_round.o)
                              ./Sources/display.o (round)
c:/freescale/kds_v3/toolchain/bin/../lib/gcc/arm-none-eabi/4.8.4/../../../../arm-none-eabi/lib/armv7e-m\libm.a(lib_a-w_pow.o)
                              ./Sources/display.o (pow)
c:/freescale/kds_v3/toolchain/bin/../lib/gcc/arm-none-eabi/4.8.4/../../../../arm-none-eabi/lib/armv7e-m\libm.a(lib_a-e_pow.o)
                              c:/freescale/kds_v3/toolchain/bin/../lib/gcc/arm-none-eabi/4.8.4/../../../../arm-none-eabi/lib/armv7e-m\libm.a(lib_a-w_pow.o) (__ieee754_pow)
c:/freescale/kds_v3/toolchain/bin/../lib/gcc/arm-none-eabi/4.8.4/../../../../arm-none-eabi/lib/armv7e-m\libm.a(lib_a-e_sqrt.o)
                              c:/freescale/kds_v3/toolchain/bin/../lib/gcc/arm-none-eabi/4.8.4/../../../../arm-none-eabi/lib/armv7e-m\libm.a(lib_a-e_pow.o) (__ieee754_sqrt)
c:/freescale/kds_v3/toolchain/bin/../lib/gcc/arm-none-eabi/4.8.4/../../../../arm-none-eabi/lib/armv7e-m\libm.a(lib_a-s_fabs.o)
                              c:/freescale/kds_v3/toolchain/bin/../lib/gcc/arm-none-eabi/4.8.4/../../../../arm-none-eabi/lib/armv7e-m\libm.a(lib_a-e_pow.o) (fabs)
c:/freescale/kds_v3/toolchain/bin/../lib/gcc/arm-none-eabi/4.8.4/../../../../arm-none-eabi/lib/armv7e-m\libm.a(lib_a-s_finite.o)
                              c:/freescale/kds_v3/toolchain/bin/../lib/gcc/arm-none-eabi/4.8.4/../../../../arm-none-eabi/lib/armv7e-m\libm.a(lib_a-w_pow.o) (finite)
c:/freescale/kds_v3/toolchain/bin/../lib/gcc/arm-none-eabi/4.8.4/../../../../arm-none-eabi/lib/armv7e-m\libm.a(lib_a-s_fpclassify.o)
                              c:/freescale/kds_v3/toolchain/bin/../lib/gcc/arm-none-eabi/4.8.4/../../../../arm-none-eabi/lib/armv7e-m\libm.a(lib_a-w_pow.o) (__fpclassifyd)
c:/freescale/kds_v3/toolchain/bin/../lib/gcc/arm-none-eabi/4.8.4/../../../../arm-none-eabi/lib/armv7e-m\libm.a(lib_a-s_lib_ver.o)
                              c:/freescale/kds_v3/toolchain/bin/../lib/gcc/arm-none-eabi/4.8.4/../../../../arm-none-eabi/lib/armv7e-m\libm.a(lib_a-w_pow.o) (__fdlib_version)
c:/freescale/kds_v3/toolchain/bin/../lib/gcc/arm-none-eabi/4.8.4/../../../../arm-none-eabi/lib/armv7e-m\libm.a(lib_a-s_matherr.o)
                              c:/freescale/kds_v3/toolchain/bin/../lib/gcc/arm-none-eabi/4.8.4/../../../../arm-none-eabi/lib/armv7e-m\libm.a(lib_a-w_pow.o) (matherr)
c:/freescale/kds_v3/toolchain/bin/../lib/gcc/arm-none-eabi/4.8.4/../../../../arm-none-eabi/lib/armv7e-m\libm.a(lib_a-s_nan.o)
                              c:/freescale/kds_v3/toolchain/bin/../lib/gcc/arm-none-eabi/4.8.4/../../../../arm-none-eabi/lib/armv7e-m\libm.a(lib_a-e_pow.o) (nan)
c:/freescale/kds_v3/toolchain/bin/../lib/gcc/arm-none-eabi/4.8.4/../../../../arm-none-eabi/lib/armv7e-m\libm.a(lib_a-s_rint.o)
                              c:/freescale/kds_v3/toolchain/bin/../lib/gcc/arm-none-eabi/4.8.4/../../../../arm-none-eabi/lib/armv7e-m\libm.a(lib_a-w_pow.o) (rint)
c:/freescale/kds_v3/toolchain/bin/../lib/gcc/arm-none-eabi/4.8.4/../../../../arm-none-eabi/lib/armv7e-m\libm.a(lib_a-s_scalbn.o)
                              c:/freescale/kds_v3/toolchain/bin/../lib/gcc/arm-none-eabi/4.8.4/../../../../arm-none-eabi/lib/armv7e-m\libm.a(lib_a-e_pow.o) (scalbn)
c:/freescale/kds_v3/toolchain/bin/../lib/gcc/arm-none-eabi/4.8.4/../../../../arm-none-eabi/lib/armv7e-m\libm.a(lib_a-s_copysign.o)
                              c:/freescale/kds_v3/toolchain/bin/../lib/gcc/arm-none-eabi/4.8.4/../../../../arm-none-eabi/lib/armv7e-m\libm.a(lib_a-s_scalbn.o) (copysign)
c:/freescale/kds_v3/toolchain/bin/../lib/gcc/arm-none-eabi/4.8.4/armv7e-m\libgcc.a(_arm_addsubdf3.o)
                              c:/freescale/kds_v3/toolchain/bin/../lib/gcc/arm-none-eabi/4.8.4/../../../../arm-none-eabi/lib/armv7e-m\libm.a(lib_a-e_pow.o) (__aeabi_dsub)
c:/freescale/kds_v3/toolchain/bin/../lib/gcc/arm-none-eabi/4.8.4/armv7e-m\libgcc.a(_arm_muldivdf3.o)
                              ./Sources/display.o (__aeabi_dmul)
c:/freescale/kds_v3/toolchain/bin/../lib/gcc/arm-none-eabi/4.8.4/armv7e-m\libgcc.a(_arm_cmpdf2.o)
                              c:/freescale/kds_v3/toolchain/bin/../lib/gcc/arm-none-eabi/4.8.4/../../../../arm-none-eabi/lib/armv7e-m\libm.a(lib_a-w_pow.o) (__aeabi_dcmpeq)
c:/freescale/kds_v3/toolchain/bin/../lib/gcc/arm-none-eabi/4.8.4/armv7e-m\libgcc.a(_arm_fixdfsi.o)
                              ./Sources/display.o (__aeabi_d2iz)
c:/freescale/kds_v3/toolchain/bin/../lib/gcc/arm-none-eabi/4.8.4/armv7e-m\libgcc.a(_arm_addsubsf3.o)
                              ./Sources/Events.o (__aeabi_fsub)
c:/freescale/kds_v3/toolchain/bin/../lib/gcc/arm-none-eabi/4.8.4/armv7e-m\libgcc.a(_arm_cmpsf2.o)
                              ./Sources/display.o (__aeabi_fcmpeq)
c:/freescale/kds_v3/toolchain/bin/../lib/gcc/arm-none-eabi/4.8.4/armv7e-m\libgcc.a(_arm_fixsfsi.o)
[...]
Memory Configuration

Name             Origin             Length             Attributes
m_interrupts     0x00000000         0x000001bc         xr
m_text           0x00000410         0x0003fbf0         xr
m_data           0x1fff8000         0x00008000         rw
m_data_20000000  0x20000000         0x00008000         rw
m_cfmprotrom     0x00000400         0x00000010         xr
*default*        0x00000000         0xffffffff

Linker script and memory map

LOAD c:/freescale/kds_v3/toolchain/bin/../lib/gcc/arm-none-eabi/4.8.4/armv7e-m/crti.o
LOAD c:/freescale/kds_v3/toolchain/bin/../lib/gcc/arm-none-eabi/4.8.4/armv7e-m/crtbegin.o
LOAD c:/freescale/kds_v3/toolchain/bin/../lib/gcc/arm-none-eabi/4.8.4/../../../../arm-none-eabi/lib/armv7e-m/crt0.o
LOAD ./Sources/Events.o
LOAD ./Sources/LCD.o
LOAD ./Sources/PCA9670.o
LOAD ./Sources/cue_eeprom.o
LOAD ./Sources/display.o
LOAD ./Sources/encoder_variable.o
LOAD ./Sources/main.o
LOAD ./Sources/menu.o
LOAD ./Sources/parameters.o
LOAD ./Sources/protocol.o
LOAD ./Project_Settings/Startup_Code/startup.o
LOAD ./Generated_Code/AS1.o
LOAD ./Generated_Code/ASerialLdd1.o
LOAD ./Generated_Code/BitIoLdd1.o
LOAD ./Generated_Code/BitIoLdd2.o
LOAD ./Generated_Code/BitIoLdd3.o
LOAD ./Generated_Code/BitIoLdd4.o
LOAD ./Generated_Code/BitIoLdd5.o
LOAD ./Generated_Code/BitIoLdd6.o
LOAD ./Generated_Code/BitIoLdd7.o
LOAD ./Generated_Code/CS1.o
LOAD ./Generated_Code/Cpu.o
LOAD ./Generated_Code/ENCODER.o
LOAD ./Generated_Code/ENCODER_PUSH.o
LOAD ./Generated_Code/ExtIntLdd1.o
LOAD ./Generated_Code/ExtIntLdd2.o
LOAD ./Generated_Code/ExtIntLdd3.o
LOAD ./Generated_Code/ExtIntLdd4.o
LOAD ./Generated_Code/ExtIntLdd5.o
LOAD ./Generated_Code/I2C0.o
LOAD ./Generated_Code/IFsh1.o
LOAD ./Generated_Code/IntFlashLdd1.o
LOAD ./Generated_Code/IntI2cLdd1.o
LOAD ./Generated_Code/KSDK1.o
LOAD ./Generated_Code/LCD_CTR.o
LOAD ./Generated_Code/LCD_EN.o
LOAD ./Generated_Code/LED_DEBUG.o
LOAD ./Generated_Code/LED_STATUS_1.o
LOAD ./Generated_Code/LED_STATUS_2.o
LOAD ./Generated_Code/LED_STATUS_3.o
LOAD ./Generated_Code/LED_STATUS_4.o
LOAD ./Generated_Code/LEVER_DIR1.o
LOAD ./Generated_Code/LEVER_DIR2.o
LOAD ./Generated_Code/PCA.o
LOAD ./Generated_Code/PE_LDD.o
LOAD ./Generated_Code/PUSH_BUTTON_REC.o
LOAD ./Generated_Code/PUSH_BUTTON_SEND.o
LOAD ./Generated_Code/TU1.o
LOAD ./Generated_Code/T_100ms.o
LOAD ./Generated_Code/T_500ms.o
LOAD ./Generated_Code/Vectors.o
LOAD ./Generated_Code/WAIT1.o
LOAD ./.metadata/.plugins/org.eclipse.cdt.make.core/specs.o
LOAD c:/freescale/kds_v3/toolchain/bin/../lib/gcc/arm-none-eabi/4.8.4/../../../../arm-none-eabi/lib/armv7e-m\libstdc++_s.a
LOAD c:/freescale/kds_v3/toolchain/bin/../lib/gcc/arm-none-eabi/4.8.4/../../../../arm-none-eabi/lib/armv7e-m\libm.a
START GROUP
LOAD c:/freescale/kds_v3/toolchain/bin/../lib/gcc/arm-none-eabi/4.8.4/armv7e-m\libgcc.a
LOAD c:/freescale/kds_v3/toolchain/bin/../lib/gcc/arm-none-eabi/4.8.4/../../../../arm-none-eabi/lib/armv7e-m\libg_s.a
LOAD c:/freescale/kds_v3/toolchain/bin/../lib/gcc/arm-none-eabi/4.8.4/../../../../arm-none-eabi/lib/armv7e-m\libc_s.a
END GROUP
START GROUP
LOAD c:/freescale/kds_v3/toolchain/bin/../lib/gcc/arm-none-eabi/4.8.4/armv7e-m\libgcc.a
LOAD c:/freescale/kds_v3/toolchain/bin/../lib/gcc/arm-none-eabi/4.8.4/../../../../arm-none-eabi/lib/armv7e-m\libc_s.a
LOAD c:/freescale/kds_v3/toolchain/bin/../lib/gcc/arm-none-eabi/4.8.4/../../../../arm-none-eabi/lib/armv7e-m\libnosys.a
END GROUP
START GROUP
LOAD c:/freescale/kds_v3/toolchain/bin/../lib/gcc/arm-none-eabi/4.8.4/armv7e-m\libgcc.a
LOAD c:/freescale/kds_v3/toolchain/bin/../lib/gcc/arm-none-eabi/4.8.4/../../../../arm-none-eabi/lib/armv7e-m\libc_s.a
LOAD c:/freescale/kds_v3/toolchain/bin/../lib/gcc/arm-none-eabi/4.8.4/../../../../arm-none-eabi/lib/armv7e-m\libnosys.a
END GROUP
LOAD c:/freescale/kds_v3/toolchain/bin/../lib/gcc/arm-none-eabi/4.8.4/armv7e-m/crtend.o
LOAD c:/freescale/kds_v3/toolchain/bin/../lib/gcc/arm-none-eabi/4.8.4/armv7e-m/crtn.o
                0x20000000                _estack = 0x20000000
                0x20000000                __SP_INIT = _estack
                0x20000000                __stack = _estack
                0x00000000                __heap_size = 0x0
                0x00000400                __stack_size = 0x400

.interrupts     0x00000000      0x1bc
                0x00000000                __vector_table = .
                0x00000000                . = ALIGN (0x4)
 *(.vectortable)
 .vectortable   0x00000000      0x1bc ./Generated_Code/Vectors.o
                0x00000000                __vect_table
                0x000001bc                . = ALIGN (0x4)

.cfmprotect     0x00000400       0x10
                0x00000400                . = ALIGN (0x4)
 *(.cfmconfig)
 .cfmconfig     0x00000400       0x10 ./Generated_Code/Cpu.o
                0x00000400                _cfm
                0x00000410                . = ALIGN (0x4)

.text           0x00000410     0x8614
                0x00000410                . = ALIGN (0x4)
 *(.text)
 .text          0x00000410       0x54 c:/freescale/kds_v3/toolchain/bin/../lib/gcc/arm-none-eabi/4.8.4/armv7e-m/crtbegin.o
 .text          0x00000464       0x74 c:/freescale/kds_v3/toolchain/bin/../lib/gcc/arm-none-eabi/4.8.4/../../../../arm-none-eabi/lib/armv7e-m/crt0.o
                0x00000464                _start
                0x00000464                _mainCRTStartup
 .text          0x000004d8      0x370 c:/freescale/kds_v3/toolchain/bin/../lib/gcc/arm-none-eabi/4.8.4/armv7e-m\libgcc.a(_arm_addsubdf3.o)
                0x000004d8                __aeabi_drsub
                0x000004e0                __aeabi_dsub
                0x000004e0                __subdf3
                0x000004e4                __aeabi_dadd
                0x000004e4                __adddf3
                0x0000075c                __floatunsidf
                0x0000075c                __aeabi_ui2d
                0x0000077c                __floatsidf
                0x0000077c                __aeabi_i2d
                0x000007a0                __aeabi_f2d
                0x000007a0                __extendsfdf2
                0x000007dc                __floatundidf
                0x000007dc                __aeabi_ul2d
                0x000007ec                __floatdidf
                0x000007ec                __aeabi_l2d
 .text          0x00000848      0x424 c:/freescale/kds_v3/toolchain/bin/../lib/gcc/arm-none-eabi/4.8.4/armv7e-m\libgcc.a(_arm_muldivdf3.o)
                0x00000848                __aeabi_dmul
                0x00000848                __muldf3
                0x00000a9c                __divdf3
                0x00000a9c                __aeabi_ddiv
 .text          0x00000c6c      0x110 c:/freescale/kds_v3/toolchain/bin/../lib/gcc/arm-none-eabi/4.8.4/armv7e-m\libgcc.a(_arm_cmpdf2.o)
                0x00000c6c                __gtdf2
                0x00000c6c                __gedf2
                0x00000c74                __ltdf2
                0x00000c74                __ledf2
                0x00000c7c                __nedf2
                0x00000c7c                __eqdf2
                0x00000c7c                __cmpdf2
                0x00000cf8                __aeabi_cdrcmple
                0x00000d08                __aeabi_cdcmpeq
                0x00000d08                __aeabi_cdcmple
                0x00000d18                __aeabi_dcmpeq
                0x00000d2c                __aeabi_dcmplt
                0x00000d40                __aeabi_dcmple
                0x00000d54                __aeabi_dcmpge
                0x00000d68                __aeabi_dcmpgt
 .text          0x00000d7c       0x50 c:/freescale/kds_v3/toolchain/bin/../lib/gcc/arm-none-eabi/4.8.4/armv7e-m\libgcc.a(_arm_fixdfsi.o)
                0x00000d7c                __aeabi_d2iz
                0x00000d7c                __fixdfsi
 .text          0x00000dcc      0x21c c:/freescale/kds_v3/toolchain/bin/../lib/gcc/arm-none-eabi/4.8.4/armv7e-m\libgcc.a(_arm_addsubsf3.o)
                0x00000dcc                __aeabi_frsub
                0x00000dd4                __subsf3
                0x00000dd4                __aeabi_fsub
                0x00000dd8                __aeabi_fadd
                0x00000dd8                __addsf3
                0x00000f38                __aeabi_ui2f
                0x00000f38                __floatunsisf
                0x00000f40                __aeabi_i2f
                0x00000f40                __floatsisf
                0x00000f5c                __aeabi_ul2f
                0x00000f5c                __floatundisf
                0x00000f6c                __aeabi_l2f
                0x00000f6c                __floatdisf
 .text          0x00000fe8       0xec c:/freescale/kds_v3/toolchain/bin/../lib/gcc/arm-none-eabi/4.8.4/armv7e-m\libgcc.a(_arm_cmpsf2.o)
                0x00000fe8                __gesf2
                0x00000fe8                __gtsf2
                0x00000ff0                __lesf2
                0x00000ff0                __ltsf2
                0x00000ff8                __nesf2
                0x00000ff8                __eqsf2
                0x00000ff8                __cmpsf2
                0x00001058                __aeabi_cfrcmple
                0x00001060                __aeabi_cfcmpeq
                0x00001060                __aeabi_cfcmple
                0x00001070                __aeabi_fcmpeq
                0x00001084                __aeabi_fcmplt
                0x00001098                __aeabi_fcmple
                0x000010ac                __aeabi_fcmpge
                0x000010c0                __aeabi_fcmpgt
 .text          0x000010d4       0x4c c:/freescale/kds_v3/toolchain/bin/../lib/gcc/arm-none-eabi/4.8.4/armv7e-m\libgcc.a(_arm_fixsfsi.o)
                0x000010d4                __aeabi_f2iz
                0x000010d4                __fixsfsi
 .text          0x00001120      0xa1c c:/freescale/kds_v3/toolchain/bin/../lib/gcc/arm-none-eabi/4.8.4/armv7e-m\libgcc.a(unwind-arm.o)
                0x00001404                _Unwind_GetCFA
                0x00001408                __gnu_Unwind_RaiseException
                0x00001468                __gnu_Unwind_ForcedUnwind
                0x0000147c                __gnu_Unwind_Resume
                0x000014c0                __gnu_Unwind_Resume_or_Rethrow
                0x000014d0                _Unwind_Complete
                0x000014d4                _Unwind_DeleteException
                0x000014e4                _Unwind_VRS_Get
                0x00001534                _Unwind_VRS_Set
                0x00001584                __gnu_Unwind_Backtrace
                0x000018d8                __aeabi_unwind_cpp_pr0
                0x000018e0                __aeabi_unwind_cpp_pr1
                0x000018e8                __aeabi_unwind_cpp_pr2
                0x000018f0                _Unwind_VRS_Pop
 .text          0x00001b3c      0x1ac c:/freescale/kds_v3/toolchain/bin/../lib/gcc/arm-none-eabi/4.8.4/armv7e-m\libgcc.a(libunwind.o)
                0x00001b3c                __restore_core_regs
                0x00001b3c                restore_core_regs
                0x00001b54                __gnu_Unwind_Restore_VFP
                0x00001b5c                __gnu_Unwind_Save_VFP
                0x00001b64                __gnu_Unwind_Restore_VFP_D
                0x00001b6c                __gnu_Unwind_Save_VFP_D
                0x00001b74                __gnu_Unwind_Restore_VFP_D_16_to_31
                0x00001b7c                __gnu_Unwind_Save_VFP_D_16_to_31
                0x00001b84                __gnu_Unwind_Restore_WMMXD
                0x00001bc8                __gnu_Unwind_Save_WMMXD
                0x00001c0c                __gnu_Unwind_Restore_WMMXC
                0x00001c20                __gnu_Unwind_Save_WMMXC
                0x00001c34                ___Unwind_RaiseException
                0x00001c34                _Unwind_RaiseException
                0x00001c58                _Unwind_Resume
                0x00001c58                ___Unwind_Resume
                0x00001c7c                _Unwind_Resume_or_Rethrow
                0x00001c7c                ___Unwind_Resume_or_Rethrow
                0x00001ca0                _Unwind_ForcedUnwind
                0x00001ca0                ___Unwind_ForcedUnwind
                0x00001cc4                ___Unwind_Backtrace
                0x00001cc4                _Unwind_Backtrace
 .text          0x00001ce8      0x33c c:/freescale/kds_v3/toolchain/bin/../lib/gcc/arm-none-eabi/4.8.4/armv7e-m\libgcc.a(pr-support.o)
                0x00001d3c                __gnu_unwind_execute
                0x00001fc8                __gnu_unwind_frame
                0x00001ff4                _Unwind_GetRegionStart
                0x00002000                _Unwind_GetLanguageSpecificData
                0x00002014                _Unwind_GetDataRelBase
                0x0000201c                _Unwind_GetTextRelBase
 .text          0x00002024       0x14 c:/freescale/kds_v3/toolchain/bin/../lib/gcc/arm-none-eabi/4.8.4/../../../../arm-none-eabi/lib/armv7e-m\libg_s.a(lib_a-strcmp.o)
                0x00002024                strcmp
 *(.text*)
 .text.PUSH_BUTTON_REC_OnInterrupt
                0x00002038        0xc ./Sources/Events.o
                0x00002038                PUSH_BUTTON_REC_OnInterrupt
 .text.PUSH_BUTTON_SEND_OnInterrupt
                0x00002044        0xc ./Sources/Events.o
                0x00002044                PUSH_BUTTON_SEND_OnInterrupt
 .text.I2C0_OnReceiveData
                0x00002050        0xc ./Sources/Events.o
                0x00002050                I2C0_OnReceiveData
 .text.I2C0_OnTransmitData
                0x0000205c        0xc ./Sources/Events.o
                0x0000205c                I2C0_OnTransmitData
 .text.T_100ms_OnCounterRestart
                0x00002068       0x50 ./Sources/Events.o
                0x00002068                T_100ms_OnCounterRestart
 .text.LEVER_DIR2_OnInterrupt
                0x000020b8       0x14 ./Sources/Events.o
                0x000020b8                LEVER_DIR2_OnInterrupt
 .text.LEVER_DIR1_OnInterrupt
                0x000020cc       0x14 ./Sources/Events.o
                0x000020cc                LEVER_DIR1_OnInterrupt
 .text.ENCODER_PUSH_OnInterrupt
                0x000020e0       0xb0 ./Sources/Events.o
                0x000020e0                ENCODER_PUSH_OnInterrupt
 .text.ENCODER_OnPortEvent
                0x00002190       0xd4 ./Sources/Events.o
                0x00002190                ENCODER_OnPortEvent
 .text.T_500ms_OnCounterRestart
                0x00002264       0x14 ./Sources/Events.o
                0x00002264                T_500ms_OnCounterRestart
 .text.I2C0_OnArbitLost
                0x00002278        0xc ./Sources/Events.o
                0x00002278                I2C0_OnArbitLost
 .text.AS1_OnTxComplete
                0x00002284       0x14 ./Sources/Events.o
                0x00002284                AS1_OnTxComplete
 .text.AS1_OnError
                0x00002298        0xc ./Sources/Events.o
                0x00002298                AS1_OnError
 .text.AS1_OnRxChar
                0x000022a4        0xc ./Sources/Events.o
                0x000022a4                AS1_OnRxChar
 .text.AS1_OnRxCharExt
                0x000022b0       0xc8 ./Sources/Events.o
                0x000022b0                AS1_OnRxCharExt
 .text.AS1_OnTxChar
                0x00002378       0x14 ./Sources/Events.o
                0x00002378                AS1_OnTxChar
 .text.AS1_OnFullRxBuf
                0x0000238c       0x14 ./Sources/Events.o
                0x0000238c                AS1_OnFullRxBuf
 .text.AS1_OnFreeTxBuf
                0x000023a0        0xc ./Sources/Events.o
                0x000023a0                AS1_OnFreeTxBuf
 .text.IFsh1_OnWriteEnd
                0x000023ac        0xc ./Sources/Events.o
                0x000023ac                IFsh1_OnWriteEnd
 .text.TU1_OnCounterRestart
                0x000023b8       0x1c ./Sources/Events.o
                0x000023b8                TU1_OnCounterRestart
 .text.LCD_Init
                0x000023d4       0x50 ./Sources/LCD.o
                0x000023d4                LCD_Init
 .text.LCD_command
                0x00002424       0x30 ./Sources/LCD.o
                0x00002424                LCD_command
 .text.LCD_Set_Cursor
                0x00002454       0x58 ./Sources/LCD.o
                0x00002454                LCD_Set_Cursor
 .text.LCD_Write
                0x000024ac       0x28 ./Sources/LCD.o
                0x000024ac                LCD_Write
 .text.load_custom_char
                0x000024d4       0x50 ./Sources/LCD.o
                0x000024d4                load_custom_char
 .text.LCD_Write_At
                0x00002524       0x3c ./Sources/LCD.o
                0x00002524                LCD_Write_At
 .text.LCD_Write_Block
                0x00002560       0xa0 ./Sources/LCD.o
                0x00002560                LCD_Write_Block
 .text.PCA9670_Init
                0x00002600       0x34 ./Sources/PCA9670.o
                0x00002600                PCA9670_Init
 .text.PCA9670_SendByte
                0x00002634       0x3c ./Sources/PCA9670.o
                0x00002634                PCA9670_SendByte
 .text.vspfunc  0x00002670       0x30 ./Sources/display.o
                0x00002670                vspfunc
 .text.print_float_at
                0x000026a0      0x148 ./Sources/display.o
                0x000026a0                print_float_at
 .text.print_int_at
                0x000027e8       0xa0 ./Sources/display.o
                0x000027e8                print_int_at
 .text.load_char
                0x00002888       0xcc ./Sources/display.o
                0x00002888                load_char
 .text.menu_init
                0x00002954       0x1c ./Sources/display.o
                0x00002954                menu_init
 .text.refresh  0x00002970       0x24 ./Sources/display.o
                0x00002970                refresh
 .text.select   0x00002994       0x24 ./Sources/display.o
                0x00002994                select
 .text.back     0x000029b8       0x30 ./Sources/display.o
                0x000029b8                back
 .text.refresh_fct
                0x000029e8       0x84 ./Sources/display.o
                0x000029e8                refresh_fct
 .text.velocity_fct
                0x00002a6c      0x16c ./Sources/display.o
                0x00002a6c                velocity_fct
 .text.acceleration_fct
                0x00002bd8       0xe4 ./Sources/display.o
                0x00002bd8                acceleration_fct
 .text.deceleration_fct
                0x00002cbc       0xe4 ./Sources/display.o
                0x00002cbc                deceleration_fct
 .text.back_fct
                0x00002da0       0x30 ./Sources/display.o
                0x00002da0                back_fct
 .text.pos_position_fct
                0x00002dd0      0x174 ./Sources/display.o
                0x00002dd0                pos_position_fct
 .text.pos_velocity_fct
                0x00002f44       0xd4 ./Sources/display.o
                0x00002f44                pos_velocity_fct
 .text.pos_acceleration_fct
                0x00003018       0xe4 ./Sources/display.o
                0x00003018                pos_acceleration_fct
 .text.pos_deceleration_fct
                0x000030fc       0xe4 ./Sources/display.o
                0x000030fc                pos_deceleration_fct
 .text.torque_fct
                0x000031e0      0x170 ./Sources/display.o
                0x000031e0                torque_fct
 .text.torque_rise_fct
                0x00003350       0xe0 ./Sources/display.o
                0x00003350                torque_rise_fct
 .text.torque_fall_fct
                0x00003430       0xe0 ./Sources/display.o
                0x00003430                torque_fall_fct
 .text._Z41__static_initialization_and_destruction_0ii
                0x00003510      0x37c ./Sources/display.o
 .text._GLOBAL__sub_I_buffer
                0x0000388c       0x10 ./Sources/display.o
 .text.main     0x0000389c      0x1ac ./Sources/main.o
                0x0000389c                main
 .text.init_menu
                0x00003a48       0x38 ./Sources/menu.o
                0x00003a48                init_menu
 .text.init_sub_menu
                0x00003a80       0x44 ./Sources/menu.o
                0x00003a80                init_sub_menu
 .text.init_menu_list
                0x00003ac4       0x30 ./Sources/menu.o
                0x00003ac4                init_menu_list
 .text.init_sub_menu_list
                0x00003af4       0x30 ./Sources/menu.o
                0x00003af4                init_sub_menu_list
 .text.print_menu
                0x00003b24      0x138 ./Sources/menu.o
                0x00003b24                print_menu
 .text.print_sub_menu
                0x00003c5c      0x158 ./Sources/menu.o
                0x00003c5c                print_sub_menu
 .text.menu_select
                0x00003db4      0x144 ./Sources/menu.o
                0x00003db4                menu_select
 .text.menu_back
                0x00003ef8      0x12c ./Sources/menu.o
                0x00003ef8                menu_back
 .text.refresh_menu
                0x00004024       0xc4 ./Sources/menu.o
                0x00004024                refresh_menu
 .text.void_function
                0x000040e8        0xc ./Sources/menu.o
                0x000040e8                void_function
 .text.parameters_init
                0x000040f4       0xb8 ./Sources/parameters.o
                0x000040f4                parameters_init
 .text.convert  0x000041ac       0x3c ./Sources/parameters.o
                0x000041ac                convert
 .text.__copy_rom_section
                0x000041e8       0xe4 ./Project_Settings/Startup_Code/startup.o
                0x000041e8                __copy_rom_section
 .text.__copy_rom_sections_to_ram
                0x000042cc       0x9c ./Project_Settings/Startup_Code/startup.o
                0x000042cc                __copy_rom_sections_to_ram
 .text.__init_registers
                0x00004368        0xc ./Project_Settings/Startup_Code/startup.o
                0x00004368                __init_registers
 .text.__init_user
                0x00004374        0xc ./Project_Settings/Startup_Code/startup.o
                0x00004374                __init_user
 .text.__thumb_startup
                0x00004380       0x34 ./Project_Settings/Startup_Code/startup.o
                0x00004380                __thumb_startup
 .text.HWEnDi   0x000043b4       0x1c ./Generated_Code/AS1.o
 .text.AS1_ClearRxBuf
                0x000043d0       0x78 ./Generated_Code/AS1.o
                0x000043d0                AS1_ClearRxBuf
 .text.AS1_Init
                0x00004448       0x60 ./Generated_Code/AS1.o
                0x00004448                AS1_Init
 .text.ASerialLdd1_OnBlockReceived
                0x000044a8       0xcc ./Generated_Code/AS1.o
                0x000044a8                ASerialLdd1_OnBlockReceived
 .text.ASerialLdd1_OnBlockSent
                0x00004574       0xd4 ./Generated_Code/AS1.o
                0x00004574                ASerialLdd1_OnBlockSent
 .text.ASerialLdd1_OnError
                0x00004648       0x9c ./Generated_Code/AS1.o
                0x00004648                ASerialLdd1_OnError
 .text.ASerialLdd1_OnTxComplete
                0x000046e4       0x14 ./Generated_Code/AS1.o
                0x000046e4                ASerialLdd1_OnTxComplete
 .text.ASerialLdd1_OnBreak
                0x000046f8       0x24 ./Generated_Code/AS1.o
                0x000046f8                ASerialLdd1_OnBreak
 .text.ASerialLdd1_Init
                0x0000471c      0x1c0 ./Generated_Code/ASerialLdd1.o
                0x0000471c                ASerialLdd1_Init
 .text.ASerialLdd1_ReceiveBlock
                0x000048dc       0x90 ./Generated_Code/ASerialLdd1.o
                0x000048dc                ASerialLdd1_ReceiveBlock
 .text.ASerialLdd1_SendBlock
                0x0000496c       0xbc ./Generated_Code/ASerialLdd1.o
                0x0000496c                ASerialLdd1_SendBlock
 .text.InterruptRx
                0x00004a28       0x58 ./Generated_Code/ASerialLdd1.o
 .text.InterruptTx
                0x00004a80       0x9c ./Generated_Code/ASerialLdd1.o
 .text.ASerialLdd1_Interrupt
                0x00004b1c      0x130 ./Generated_Code/ASerialLdd1.o
                0x00004b1c                ASerialLdd1_Interrupt
 .text.ASerialLdd1_GetError
                0x00004c4c       0x70 ./Generated_Code/ASerialLdd1.o
                0x00004c4c                ASerialLdd1_GetError
 .text.BitIoLdd1_Init
                0x00004cbc       0x64 ./Generated_Code/BitIoLdd1.o
                0x00004cbc                BitIoLdd1_Init
 .text.BitIoLdd1_NegVal
                0x00004d20       0x1c ./Generated_Code/BitIoLdd1.o
                0x00004d20                BitIoLdd1_NegVal
 .text.BitIoLdd2_Init
                0x00004d3c       0x64 ./Generated_Code/BitIoLdd2.o
                0x00004d3c                BitIoLdd2_Init
 .text.BitIoLdd2_SetVal
                0x00004da0       0x1c ./Generated_Code/BitIoLdd2.o
                0x00004da0                BitIoLdd2_SetVal
 .text.BitIoLdd3_Init
                0x00004dbc       0x64 ./Generated_Code/BitIoLdd3.o
                0x00004dbc                BitIoLdd3_Init
 .text.BitIoLdd4_Init
                0x00004e20       0x64 ./Generated_Code/BitIoLdd4.o
                0x00004e20                BitIoLdd4_Init
 .text.BitIoLdd4_ClrVal
                0x00004e84       0x1c ./Generated_Code/BitIoLdd4.o
                0x00004e84                BitIoLdd4_ClrVal
 .text.BitIoLdd4_SetVal
                0x00004ea0       0x1c ./Generated_Code/BitIoLdd4.o
                0x00004ea0                BitIoLdd4_SetVal
 .text.BitIoLdd4_NegVal
                0x00004ebc       0x1c ./Generated_Code/BitIoLdd4.o
                0x00004ebc                BitIoLdd4_NegVal
 .text.BitIoLdd5_Init
                0x00004ed8       0x64 ./Generated_Code/BitIoLdd5.o
                0x00004ed8                BitIoLdd5_Init
 .text.BitIoLdd5_ClrVal
                0x00004f3c       0x1c ./Generated_Code/BitIoLdd5.o
                0x00004f3c                BitIoLdd5_ClrVal
 .text.BitIoLdd5_SetVal
                0x00004f58       0x1c ./Generated_Code/BitIoLdd5.o
                0x00004f58                BitIoLdd5_SetVal
 .text.BitIoLdd5_NegVal
                0x00004f74       0x1c ./Generated_Code/BitIoLdd5.o
                0x00004f74                BitIoLdd5_NegVal
 .text.BitIoLdd6_Init
                0x00004f90       0x64 ./Generated_Code/BitIoLdd6.o
                0x00004f90                BitIoLdd6_Init
 .text.BitIoLdd6_ClrVal
                0x00004ff4       0x20 ./Generated_Code/BitIoLdd6.o
                0x00004ff4                BitIoLdd6_ClrVal
 .text.BitIoLdd6_SetVal
                0x00005014       0x20 ./Generated_Code/BitIoLdd6.o
                0x00005014                BitIoLdd6_SetVal
 .text.BitIoLdd7_Init
                0x00005034       0x64 ./Generated_Code/BitIoLdd7.o
                0x00005034                BitIoLdd7_Init
 .text.BitIoLdd7_ClrVal
                0x00005098       0x1c ./Generated_Code/BitIoLdd7.o
                0x00005098                BitIoLdd7_ClrVal
 .text.BitIoLdd7_SetVal
                0x000050b4       0x1c ./Generated_Code/BitIoLdd7.o
                0x000050b4                BitIoLdd7_SetVal
 .text.Cpu_ivINT_PORTC
                0x000050d0       0x30 ./Generated_Code/Cpu.o
                0x000050d0                Cpu_ivINT_PORTC
 .text.Cpu_Interrupt
                0x00005100       0x18 ./Generated_Code/Cpu.o
                0x00005100                Cpu_Interrupt
 .text.__init_hardware
                0x00005118      0x140 ./Generated_Code/Cpu.o
                0x00005118                __init_hardware
 .text.Cpu_SetBASEPRI
                0x00005258       0x18 ./Generated_Code/Cpu.o
                0x00005258                Cpu_SetBASEPRI
 .text.PE_low_level_init
                0x00005270      0x10c ./Generated_Code/Cpu.o
                0x00005270                PE_low_level_init
 .text.ENCODER_Init
                0x0000537c       0xb0 ./Generated_Code/ENCODER.o
                0x0000537c                ENCODER_Init
 .text.ENCODER_GetFieldValue
                0x0000542c       0x40 ./Generated_Code/ENCODER.o
                0x0000542c                ENCODER_GetFieldValue
 .text.ENCODER_Interrupt
                0x0000546c       0x4c ./Generated_Code/ENCODER.o
                0x0000546c                ENCODER_Interrupt
 .text.ExtIntLdd1_OnInterrupt
                0x000054b8       0x14 ./Generated_Code/ENCODER_PUSH.o
                0x000054b8                ExtIntLdd1_OnInterrupt
 .text.ExtIntLdd1_Init
                0x000054cc       0x80 ./Generated_Code/ExtIntLdd1.o
                0x000054cc                ExtIntLdd1_Init
 .text.ExtIntLdd1_Interrupt
                0x0000554c       0x3c ./Generated_Code/ExtIntLdd1.o
                0x0000554c                ExtIntLdd1_Interrupt
 .text.ExtIntLdd1_GetVal
                0x00005588       0x2c ./Generated_Code/ExtIntLdd1.o
                0x00005588                ExtIntLdd1_GetVal
 .text.ExtIntLdd2_Init
                0x000055b4       0x80 ./Generated_Code/ExtIntLdd2.o
                0x000055b4                ExtIntLdd2_Init
 .text.ExtIntLdd2_Interrupt
                0x00005634       0x3c ./Generated_Code/ExtIntLdd2.o
                0x00005634                ExtIntLdd2_Interrupt
 .text.ExtIntLdd2_GetVal
                0x00005670       0x2c ./Generated_Code/ExtIntLdd2.o
                0x00005670                ExtIntLdd2_GetVal
 .text.ExtIntLdd3_Init
                0x0000569c       0x80 ./Generated_Code/ExtIntLdd3.o
                0x0000569c                ExtIntLdd3_Init
 .text.ExtIntLdd3_Interrupt
                0x0000571c       0x3c ./Generated_Code/ExtIntLdd3.o
                0x0000571c                ExtIntLdd3_Interrupt
 .text.ExtIntLdd3_GetVal
                0x00005758       0x2c ./Generated_Code/ExtIntLdd3.o
                0x00005758                ExtIntLdd3_GetVal
 .text.ExtIntLdd4_Init
                0x00005784       0x7c ./Generated_Code/ExtIntLdd4.o
                0x00005784                ExtIntLdd4_Init
 .text.ExtIntLdd4_Interrupt
                0x00005800       0x3c ./Generated_Code/ExtIntLdd4.o
                0x00005800                ExtIntLdd4_Interrupt
 .text.ExtIntLdd5_Init
                0x0000583c       0x7c ./Generated_Code/ExtIntLdd5.o
                0x0000583c                ExtIntLdd5_Init
 .text.ExtIntLdd5_Interrupt
                0x000058b8       0x3c ./Generated_Code/ExtIntLdd5.o
                0x000058b8                ExtIntLdd5_Interrupt
 .text.I2C0_SendChar
                0x000058f4       0x2c ./Generated_Code/I2C0.o
                0x000058f4                I2C0_SendChar
 .text.I2C0_SendBlock
                0x00005920       0xc0 ./Generated_Code/I2C0.o
                0x00005920                I2C0_SendBlock
 .text.I2C0_SelectSlave
                0x000059e0       0x34 ./Generated_Code/I2C0.o
                0x000059e0                I2C0_SelectSlave
 .text.I2C0_Init
                0x00005a14       0x20 ./Generated_Code/I2C0.o
                0x00005a14                I2C0_Init
 .text.IntI2cLdd1_OnMasterBlockSent
                0x00005a34       0x14 ./Generated_Code/I2C0.o
                0x00005a34                IntI2cLdd1_OnMasterBlockSent
 .text.IntI2cLdd1_OnMasterBlockReceived
                0x00005a48       0x14 ./Generated_Code/I2C0.o
                0x00005a48                IntI2cLdd1_OnMasterBlockReceived
 .text.IntI2cLdd1_OnError
                0x00005a5c       0x30 ./Generated_Code/I2C0.o
                0x00005a5c                IntI2cLdd1_OnError
 .text.IFsh1_Init
                0x00005a8c       0x2c ./Generated_Code/IFsh1.o
                0x00005a8c                IFsh1_Init
 .text.IntFlashLdd1_OnOperationComplete
                0x00005ab8       0x4c ./Generated_Code/IFsh1.o
                0x00005ab8                IntFlashLdd1_OnOperationComplete
 .text.IntFlashLdd1_OnError
                0x00005b04       0x54 ./Generated_Code/IFsh1.o
                0x00005b04                IntFlashLdd1_OnError
 .text.IntFlashLdd1_Init
                0x00005b58       0xa4 ./Generated_Code/IntFlashLdd1.o
                0x00005b58                IntFlashLdd1_Init
 .text.IntFlashLdd1_CommandCompleteInterrupt
                0x00005bfc      0x24c ./Generated_Code/IntFlashLdd1.o
                0x00005bfc                IntFlashLdd1_CommandCompleteInterrupt
 .text.IntFlashLdd1_GetError
                0x00005e48       0x90 ./Generated_Code/IntFlashLdd1.o
                0x00005e48                IntFlashLdd1_GetError
 .text.SafeRoutineCaller
                0x00005ed8       0x94 ./Generated_Code/IntFlashLdd1.o
 .text.IntI2cLdd1_Interrupt
                0x00005f6c      0x2d4 ./Generated_Code/IntI2cLdd1.o
                0x00005f6c                IntI2cLdd1_Interrupt
 .text.IntI2cLdd1_Init
                0x00006240      0x13c ./Generated_Code/IntI2cLdd1.o
                0x00006240                IntI2cLdd1_Init
 .text.IntI2cLdd1_MasterSendBlock
                0x0000637c      0x190 ./Generated_Code/IntI2cLdd1.o
                0x0000637c                IntI2cLdd1_MasterSendBlock
 .text.IntI2cLdd1_SelectSlaveDevice
                0x0000650c       0xf0 ./Generated_Code/IntI2cLdd1.o
                0x0000650c                IntI2cLdd1_SelectSlaveDevice
 .text.IntI2cLdd1_GetError
                0x000065fc       0x70 ./Generated_Code/IntI2cLdd1.o
                0x000065fc                IntI2cLdd1_GetError
 .text.ExtIntLdd2_OnInterrupt
                0x0000666c       0x14 ./Generated_Code/LEVER_DIR1.o
                0x0000666c                ExtIntLdd2_OnInterrupt
 .text.ExtIntLdd3_OnInterrupt
                0x00006680       0x14 ./Generated_Code/LEVER_DIR2.o
                0x00006680                ExtIntLdd3_OnInterrupt
 .text.ExtIntLdd5_OnInterrupt
                0x00006694       0x14 ./Generated_Code/PUSH_BUTTON_REC.o
                0x00006694                ExtIntLdd5_OnInterrupt
 .text.ExtIntLdd4_OnInterrupt
                0x000066a8       0x14 ./Generated_Code/PUSH_BUTTON_SEND.o
                0x000066a8                ExtIntLdd4_OnInterrupt
 .text.TU1_Init
                0x000066bc       0xb0 ./Generated_Code/TU1.o
                0x000066bc                TU1_Init
 .text.TU1_Enable
                0x0000676c       0x30 ./Generated_Code/TU1.o
                0x0000676c                TU1_Enable
 .text.TU1_Disable
                0x0000679c       0x28 ./Generated_Code/TU1.o
                0x0000679c                TU1_Disable
 .text.TU1_Interrupt
                0x000067c4       0x6c ./Generated_Code/TU1.o
                0x000067c4                TU1_Interrupt
 .text.T_100ms_Init
                0x00006830       0xb0 ./Generated_Code/T_100ms.o
                0x00006830                T_100ms_Init
 .text.T_100ms_Enable
                0x000068e0       0x30 ./Generated_Code/T_100ms.o
                0x000068e0                T_100ms_Enable
 .text.T_100ms_Disable
                0x00006910       0x28 ./Generated_Code/T_100ms.o
                0x00006910                T_100ms_Disable
 .text.T_100ms_Interrupt
                0x00006938       0x6c ./Generated_Code/T_100ms.o
                0x00006938                T_100ms_Interrupt
 .text.T_500ms_Init
                0x000069a4       0xcc ./Generated_Code/T_500ms.o
                0x000069a4                T_500ms_Init
 .text.T_500ms_Interrupt
                0x00006a70       0x6c ./Generated_Code/T_500ms.o
                0x00006a70                T_500ms_Interrupt
 .text.WAIT1_Wait10Cycles
                0x00006adc        0x8 ./Generated_Code/WAIT1.o
                0x00006adc                WAIT1_Wait10Cycles
 .text.WAIT1_Wait100Cycles
                0x00006ae4       0x1c ./Generated_Code/WAIT1.o
                0x00006ae4                WAIT1_Wait100Cycles
 .text.WAIT1_WaitCycles
                0x00006b00       0x34 ./Generated_Code/WAIT1.o
                0x00006b00                WAIT1_WaitCycles
 .text.WAIT1_WaitLongCycles
                0x00006b34       0x38 ./Generated_Code/WAIT1.o
                0x00006b34                WAIT1_WaitLongCycles
 .text.WAIT1_Waitms
                0x00006b6c       0x2c ./Generated_Code/WAIT1.o
                0x00006b6c                WAIT1_Waitms
 .text.round    0x00006b98       0x9c c:/freescale/kds_v3/toolchain/bin/../lib/gcc/arm-none-eabi/4.8.4/../../../../arm-none-eabi/lib/armv7e-m\libm.a(lib_a-s_round.o)
                0x00006b98                round
 .text.pow      0x00006c34      0x2f8 c:/freescale/kds_v3/toolchain/bin/../lib/gcc/arm-none-eabi/4.8.4/../../../../arm-none-eabi/lib/armv7e-m\libm.a(lib_a-w_pow.o)
                0x00006c34                pow
 *fill*         0x00006f2c        0x4 
 .text.__ieee754_pow
                0x00006f30      0xa78 c:/freescale/kds_v3/toolchain/bin/../lib/gcc/arm-none-eabi/4.8.4/../../../../arm-none-eabi/lib/armv7e-m\libm.a(lib_a-e_pow.o)
                0x00006f30                __ieee754_pow
 .text.__ieee754_sqrt
                0x000079a8      0x180 c:/freescale/kds_v3/toolchain/bin/../lib/gcc/arm-none-eabi/4.8.4/../../../../arm-none-eabi/lib/armv7e-m\libm.a(lib_a-e_sqrt.o)
                0x000079a8                __ieee754_sqrt
 .text.fabs     0x00007b28        0x8 c:/freescale/kds_v3/toolchain/bin/../lib/gcc/arm-none-eabi/4.8.4/../../../../arm-none-eabi/lib/armv7e-m\libm.a(lib_a-s_fabs.o)
                0x00007b28                fabs
 .text.finite   0x00007b30        0xc c:/freescale/kds_v3/toolchain/bin/../lib/gcc/arm-none-eabi/4.8.4/../../../../arm-none-eabi/lib/armv7e-m\libm.a(lib_a-s_finite.o)
                0x00007b30                finite
 .text.__fpclassifyd
                0x00007b3c       0x50 c:/freescale/kds_v3/toolchain/bin/../lib/gcc/arm-none-eabi/4.8.4/../../../../arm-none-eabi/lib/armv7e-m\libm.a(lib_a-s_fpclassify.o)
                0x00007b3c                __fpclassifyd
 .text.matherr  0x00007b8c        0x4 c:/freescale/kds_v3/toolchain/bin/../lib/gcc/arm-none-eabi/4.8.4/../../../../arm-none-eabi/lib/armv7e-m\libm.a(lib_a-s_matherr.o)
                0x00007b8c                matherr
 .text.nan      0x00007b90        0xc c:/freescale/kds_v3/toolchain/bin/../lib/gcc/arm-none-eabi/4.8.4/../../../../arm-none-eabi/lib/armv7e-m\libm.a(lib_a-s_nan.o)
                0x00007b90                nan
 .text.rint     0x00007b9c      0x118 c:/freescale/kds_v3/toolchain/bin/../lib/gcc/arm-none-eabi/4.8.4/../../../../arm-none-eabi/lib/armv7e-m\libm.a(lib_a-s_rint.o)
                0x00007b9c                rint
 *fill*         0x00007cb4        0x4 
 .text.scalbn   0x00007cb8      0x118 c:/freescale/kds_v3/toolchain/bin/../lib/gcc/arm-none-eabi/4.8.4/../../../../arm-none-eabi/lib/armv7e-m\libm.a(lib_a-s_scalbn.o)
                0x00007cb8                scalbn
 .text.copysign
                0x00007dd0       0x14 c:/freescale/kds_v3/toolchain/bin/../lib/gcc/arm-none-eabi/4.8.4/../../../../arm-none-eabi/lib/armv7e-m\libm.a(lib_a-s_copysign.o)
                0x00007dd0                copysign
 .text.abort    0x00007de4        0xe c:/freescale/kds_v3/toolchain/bin/../lib/gcc/arm-none-eabi/4.8.4/../../../../arm-none-eabi/lib/armv7e-m\libg_s.a(lib_a-abort.o)
                0x00007de4                abort
 *fill*         0x00007df2        0x2 
 .text.__errno  0x00007df4        0xc c:/freescale/kds_v3/toolchain/bin/../lib/gcc/arm-none-eabi/4.8.4/../../../../arm-none-eabi/lib/armv7e-m\libg_s.a(lib_a-errno.o)
                0x00007df4                __errno
 .text.exit     0x00007e00       0x28 c:/freescale/kds_v3/toolchain/bin/../lib/gcc/arm-none-eabi/4.8.4/../../../../arm-none-eabi/lib/armv7e-m\libg_s.a(lib_a-exit.o)
                0x00007e00                exit
 .text.__libc_init_array
                0x00007e28       0x4c c:/freescale/kds_v3/toolchain/bin/../lib/gcc/arm-none-eabi/4.8.4/../../../../arm-none-eabi/lib/armv7e-m\libg_s.a(lib_a-init.o)
                0x00007e28                __libc_init_array
 .text.memcpy   0x00007e74       0x12 c:/freescale/kds_v3/toolchain/bin/../lib/gcc/arm-none-eabi/4.8.4/../../../../arm-none-eabi/lib/armv7e-m\libg_s.a(lib_a-memcpy-stub.o)
                0x00007e74                memcpy
 .text.memset   0x00007e86       0x10 c:/freescale/kds_v3/toolchain/bin/../lib/gcc/arm-none-eabi/4.8.4/../../../../arm-none-eabi/lib/armv7e-m\libg_s.a(lib_a-memset.o)
                0x00007e86                memset
 .text._raise_r
                0x00007e96       0x50 c:/freescale/kds_v3/toolchain/bin/../lib/gcc/arm-none-eabi/4.8.4/../../../../arm-none-eabi/lib/armv7e-m\libg_s.a(lib_a-signal.o)
                0x00007e96                _raise_r
 *fill*         0x00007ee6        0x2 
 .text.raise    0x00007ee8       0x10 c:/freescale/kds_v3/toolchain/bin/../lib/gcc/arm-none-eabi/4.8.4/../../../../arm-none-eabi/lib/armv7e-m\libg_s.a(lib_a-signal.o)
                0x00007ee8                raise
 .text._kill_r  0x00007ef8       0x24 c:/freescale/kds_v3/toolchain/bin/../lib/gcc/arm-none-eabi/4.8.4/../../../../arm-none-eabi/lib/armv7e-m\libg_s.a(lib_a-signalr.o)
                0x00007ef8                _kill_r
 .text._getpid_r
                0x00007f1c        0x4 c:/freescale/kds_v3/toolchain/bin/../lib/gcc/arm-none-eabi/4.8.4/../../../../arm-none-eabi/lib/armv7e-m\libg_s.a(lib_a-signalr.o)
                0x00007f1c                _getpid_r
 .text.strlen   0x00007f20       0x10 c:/freescale/kds_v3/toolchain/bin/../lib/gcc/arm-none-eabi/4.8.4/../../../../arm-none-eabi/lib/armv7e-m\libg_s.a(lib_a-strlen.o)
                0x00007f20                strlen
 .text._vsprintf_r
                0x00007f30       0x30 c:/freescale/kds_v3/toolchain/bin/../lib/gcc/arm-none-eabi/4.8.4/../../../../arm-none-eabi/lib/armv7e-m\libg_s.a(lib_a-vsprintf.o)
                0x00007f30                _vsprintf_r
                0x00007f30                _vsiprintf_r
 .text.vsprintf
                0x00007f60       0x1c c:/freescale/kds_v3/toolchain/bin/../lib/gcc/arm-none-eabi/4.8.4/../../../../arm-none-eabi/lib/armv7e-m\libg_s.a(lib_a-vsprintf.o)
                0x00007f60                vsiprintf
                0x00007f60                vsprintf
 .text._malloc_r
                0x00007f7c       0xa8 c:/freescale/kds_v3/toolchain/bin/../lib/gcc/arm-none-eabi/4.8.4/../../../../arm-none-eabi/lib/armv7e-m\libg_s.a(lib_a-nano-mallocr.o)
                0x00007f7c                _malloc_r
 .text._sbrk_r  0x00008024       0x20 c:/freescale/kds_v3/toolchain/bin/../lib/gcc/arm-none-eabi/4.8.4/../../../../arm-none-eabi/lib/armv7e-m\libg_s.a(lib_a-sbrkr.o)
                0x00008024                _sbrk_r
 .text.__ssputs_r
                0x00008044       0xb8 c:/freescale/kds_v3/toolchain/bin/../lib/gcc/arm-none-eabi/4.8.4/../../../../arm-none-eabi/lib/armv7e-m\libg_s.a(lib_a-svfprintf.o)
                0x00008044                __ssputs_r
 .text._svfprintf_r
                0x000080fc      0x1dc c:/freescale/kds_v3/toolchain/bin/../lib/gcc/arm-none-eabi/4.8.4/../../../../arm-none-eabi/lib/armv7e-m\libg_s.a(lib_a-svfprintf.o)
                0x000080fc                _svfiprintf_r
                0x000080fc                _svfprintf_r
 .text._printf_common
                0x000082d8       0xe4 c:/freescale/kds_v3/toolchain/bin/../lib/gcc/arm-none-eabi/4.8.4/../../../../arm-none-eabi/lib/armv7e-m\libg_s.a(lib_a-vfprintf_i.o)
                0x000082d8                _printf_common
 .text._printf_i
                0x000083bc      0x228 c:/freescale/kds_v3/toolchain/bin/../lib/gcc/arm-none-eabi/4.8.4/../../../../arm-none-eabi/lib/armv7e-m\libg_s.a(lib_a-vfprintf_i.o)
                0x000083bc                _printf_i
 .text.memchr   0x000085e4       0x1e c:/freescale/kds_v3/toolchain/bin/../lib/gcc/arm-none-eabi/4.8.4/../../../../arm-none-eabi/lib/armv7e-m\libg_s.a(lib_a-memchr-stub.o)
                0x000085e4                memchr
 .text.memmove  0x00008602       0x36 c:/freescale/kds_v3/toolchain/bin/../lib/gcc/arm-none-eabi/4.8.4/../../../../arm-none-eabi/lib/armv7e-m\libg_s.a(lib_a-memmove.o)
                0x00008602                memmove
 .text._free_r  0x00008638       0x88 c:/freescale/kds_v3/toolchain/bin/../lib/gcc/arm-none-eabi/4.8.4/../../../../arm-none-eabi/lib/armv7e-m\libg_s.a(lib_a-nano-freer.o)
                0x00008638                _free_r
 .text._realloc_r
                0x000086c0       0x4c c:/freescale/kds_v3/toolchain/bin/../lib/gcc/arm-none-eabi/4.8.4/../../../../arm-none-eabi/lib/armv7e-m\libg_s.a(lib_a-nano-reallocr.o)
                0x000086c0                _realloc_r
 .text._malloc_usable_size_r
                0x0000870c       0x12 c:/freescale/kds_v3/toolchain/bin/../lib/gcc/arm-none-eabi/4.8.4/../../../../arm-none-eabi/lib/armv7e-m\libg_s.a(lib_a-nano-msizer.o)
                0x0000870c                _malloc_usable_size_r
 *fill*         0x0000871e        0x2 
 .text._getpid  0x00008720       0x10 c:/freescale/kds_v3/toolchain/bin/../lib/gcc/arm-none-eabi/4.8.4/../../../../arm-none-eabi/lib/armv7e-m\libnosys.a(getpid.o)
                0x00008720                _getpid
 .text._kill    0x00008730       0x10 c:/freescale/kds_v3/toolchain/bin/../lib/gcc/arm-none-eabi/4.8.4/../../../../arm-none-eabi/lib/armv7e-m\libnosys.a(kill.o)
                0x00008730                _kill
 .text._sbrk    0x00008740       0x34 c:/freescale/kds_v3/toolchain/bin/../lib/gcc/arm-none-eabi/4.8.4/../../../../arm-none-eabi/lib/armv7e-m\libnosys.a(sbrk.o)
                0x00008740                _sbrk
 .text._exit    0x00008774        0x4 c:/freescale/kds_v3/toolchain/bin/../lib/gcc/arm-none-eabi/4.8.4/../../../../arm-none-eabi/lib/armv7e-m\libnosys.a(_exit.o)
                0x00008774                _exit
 *(.rodata)
 .rodata        0x00008778      0x1c4 ./Sources/display.o
 .rodata        0x0000893c       0x14 ./Sources/menu.o
 *(.rodata*)
 .rodata.SafeRoutine
                0x00008950       0x30 ./Generated_Code/IntFlashLdd1.o
 .rodata.str1.4
                0x00008980        0x4 c:/freescale/kds_v3/toolchain/bin/../lib/gcc/arm-none-eabi/4.8.4/../../../../arm-none-eabi/lib/armv7e-m\libm.a(lib_a-w_pow.o)
 *fill*         0x00008984        0x4 
 .rodata.dp_h   0x00008988       0x10 c:/freescale/kds_v3/toolchain/bin/../lib/gcc/arm-none-eabi/4.8.4/../../../../arm-none-eabi/lib/armv7e-m\libm.a(lib_a-e_pow.o)
 .rodata.dp_l   0x00008998       0x10 c:/freescale/kds_v3/toolchain/bin/../lib/gcc/arm-none-eabi/4.8.4/../../../../arm-none-eabi/lib/armv7e-m\libm.a(lib_a-e_pow.o)
 .rodata.bp     0x000089a8       0x10 c:/freescale/kds_v3/toolchain/bin/../lib/gcc/arm-none-eabi/4.8.4/../../../../arm-none-eabi/lib/armv7e-m\libm.a(lib_a-e_pow.o)
 .rodata.str1.4
                0x000089b8        0x4 c:/freescale/kds_v3/toolchain/bin/../lib/gcc/arm-none-eabi/4.8.4/../../../../arm-none-eabi/lib/armv7e-m\libm.a(lib_a-e_pow.o)
 *fill*         0x000089bc        0x4 
 .rodata.TWO52  0x000089c0       0x10 c:/freescale/kds_v3/toolchain/bin/../lib/gcc/arm-none-eabi/4.8.4/../../../../arm-none-eabi/lib/armv7e-m\libm.a(lib_a-s_rint.o)
 .rodata.str1.1
                0x000089d0        0x2 c:/freescale/kds_v3/toolchain/bin/../lib/gcc/arm-none-eabi/4.8.4/../../../../arm-none-eabi/lib/armv7e-m\libg_s.a(lib_a-impure.o)
 *fill*         0x000089d2        0x2 
 .rodata._global_impure_ptr
                0x000089d4        0x4 c:/freescale/kds_v3/toolchain/bin/../lib/gcc/arm-none-eabi/4.8.4/../../../../arm-none-eabi/lib/armv7e-m\libg_s.a(lib_a-impure.o)
                0x000089d4                _global_impure_ptr
 .rodata.str1.1
                0x000089d8       0x11 c:/freescale/kds_v3/toolchain/bin/../lib/gcc/arm-none-eabi/4.8.4/../../../../arm-none-eabi/lib/armv7e-m\libg_s.a(lib_a-svfprintf.o)
 .rodata.str1.1
                0x000089e9       0x22 c:/freescale/kds_v3/toolchain/bin/../lib/gcc/arm-none-eabi/4.8.4/../../../../arm-none-eabi/lib/armv7e-m\libg_s.a(lib_a-vfprintf_i.o)
 *(.glue_7)
 .glue_7        0x00000000        0x0 linker stubs
 *(.glue_7t)
 .glue_7t       0x00000000        0x0 linker stubs
 *(.eh_frame)
 *fill*         0x00008a0b        0x1 
 .eh_frame      0x00008a0c        0x0 c:/freescale/kds_v3/toolchain/bin/../lib/gcc/arm-none-eabi/4.8.4/armv7e-m/crtbegin.o
 *(.init)
 .init          0x00008a0c        0x4 c:/freescale/kds_v3/toolchain/bin/../lib/gcc/arm-none-eabi/4.8.4/armv7e-m/crti.o
                0x00008a0c                _init
 .init          0x00008a10        0x8 c:/freescale/kds_v3/toolchain/bin/../lib/gcc/arm-none-eabi/4.8.4/armv7e-m/crtn.o
 *(.fini)
 .fini          0x00008a18        0x4 c:/freescale/kds_v3/toolchain/bin/../lib/gcc/arm-none-eabi/4.8.4/armv7e-m/crti.o
                0x00008a18                _fini
 .fini          0x00008a1c        0x8 c:/freescale/kds_v3/toolchain/bin/../lib/gcc/arm-none-eabi/4.8.4/armv7e-m/crtn.o
                0x00008a24                . = ALIGN (0x4)
                0x00008a24                _etext = .

.vfp11_veneer   0x00008a24        0x0
 .vfp11_veneer  0x00000000        0x0 linker stubs

.v4_bx          0x00008a24        0x0
 .v4_bx         0x00000000        0x0 linker stubs

.iplt           0x00008a24        0x0
 .iplt          0x00000000        0x0 c:/freescale/kds_v3/toolchain/bin/../lib/gcc/arm-none-eabi/4.8.4/armv7e-m/crtbegin.o

.ARM.extab      0x00008a24      0x114
 *(.ARM.extab* .gnu.linkonce.armextab.*)
 .ARM.extab.text.LCD_command
                0x00008a24        0xc ./Sources/LCD.o
 .ARM.extab.text.LCD_Set_Cursor
                0x00008a30        0xc ./Sources/LCD.o
 .ARM.extab.text.LCD_Write
                0x00008a3c        0xc ./Sources/LCD.o
 .ARM.extab.text.load_custom_char
                0x00008a48        0xc ./Sources/LCD.o
 .ARM.extab.text.LCD_Write_At
                0x00008a54        0xc ./Sources/LCD.o
 .ARM.extab.text.LCD_Write_Block
                0x00008a60        0xc ./Sources/LCD.o
 .ARM.extab.text.PCA9670_SendByte
                0x00008a6c        0xc ./Sources/PCA9670.o
 .ARM.extab.text.print_float_at
                0x00008a78        0xc ./Sources/display.o
 .ARM.extab.text.print_int_at
                0x00008a84        0xc ./Sources/display.o
 .ARM.extab.text.load_char
                0x00008a90        0xc ./Sources/display.o
 .ARM.extab.text.menu_init
                0x00008a9c        0xc ./Sources/display.o
 .ARM.extab.text.refresh
                0x00008aa8        0xc ./Sources/display.o
 .ARM.extab.text.select
                0x00008ab4        0xc ./Sources/display.o
 .ARM.extab.text.back
                0x00008ac0        0xc ./Sources/display.o
 .ARM.extab.text.refresh_fct
                0x00008acc        0xc ./Sources/display.o
 .ARM.extab.text.print_menu
                0x00008ad8        0xc ./Sources/menu.o
 .ARM.extab.text.print_sub_menu
                0x00008ae4        0xc ./Sources/menu.o
 .ARM.extab.text.menu_select
                0x00008af0        0xc ./Sources/menu.o
 .ARM.extab.text.menu_back
                0x00008afc        0xc ./Sources/menu.o
 .ARM.extab.text.refresh_menu
                0x00008b08        0xc ./Sources/menu.o
 .ARM.extab     0x00008b14        0xc c:/freescale/kds_v3/toolchain/bin/../lib/gcc/arm-none-eabi/4.8.4/armv7e-m\libgcc.a(unwind-arm.o)
 .ARM.extab     0x00008b20       0x18 c:/freescale/kds_v3/toolchain/bin/../lib/gcc/arm-none-eabi/4.8.4/armv7e-m\libgcc.a(pr-support.o)

.ARM            0x00008b38      0x198
                0x00008b38                __exidx_start = .
 *(.ARM.exidx*)
 .ARM.exidx     0x00008b38        0x8 c:/freescale/kds_v3/toolchain/bin/../lib/gcc/arm-none-eabi/4.8.4/../../../../arm-none-eabi/lib/armv7e-m/crt0.o
 .ARM.exidx.text.LCD_Init
                0x00008c00        0x8 ./Sources/LCD.o
 .ARM.exidx.text.LCD_command
                0x00008c08        0x8 ./Sources/LCD.o
 .ARM.exidx.text.LCD_Set_Cursor
                0x00008c10        0x8 ./Sources/LCD.o
 .ARM.exidx.text.LCD_Write
                0x00008c18        0x8 ./Sources/LCD.o
 .ARM.exidx.text.load_custom_char
                0x00008c20        0x8 ./Sources/LCD.o
 .ARM.exidx.text.LCD_Write_At
                0x00008c28        0x8 ./Sources/LCD.o
 .ARM.exidx.text.LCD_Write_Block
                0x00008c30        0x8 ./Sources/LCD.o
 .ARM.exidx.text.PCA9670_Init
                0x00008c38        0x8 ./Sources/PCA9670.o
 .ARM.exidx.text.PCA9670_SendByte
                0x00008c40        0x8 ./Sources/PCA9670.o
 .ARM.exidx.text.vspfunc
                0x00008c48        0x8 ./Sources/display.o
 .ARM.exidx.text.print_float_at
                0x00008c50        0x8 ./Sources/display.o
 .ARM.exidx.text.print_int_at
                0x00008c58        0x8 ./Sources/display.o
 .ARM.exidx.text.load_char
                0x00008c60        0x8 ./Sources/display.o
 .ARM.exidx.text.menu_init
                0x00008c68        0x8 ./Sources/display.o
 .ARM.exidx.text.refresh
                0x00008c70        0x8 ./Sources/display.o
 .ARM.exidx.text.select
                0x00008c78        0x8 ./Sources/display.o
 .ARM.exidx.text.back
                0x00008c80        0x8 ./Sources/display.o
 .ARM.exidx.text.refresh_fct
                0x00008c88        0x8 ./Sources/display.o
 .ARM.exidx.text.velocity_fct
                0x00008c90        0x8 ./Sources/display.o
 .ARM.exidx.text.acceleration_fct
                0x00008c98        0x0 ./Sources/display.o
                                  0x8 (size before relaxing)
 .ARM.exidx.text.deceleration_fct
                0x00008c98        0x0 ./Sources/display.o
                                  0x8 (size before relaxing)
 .ARM.exidx.text.back_fct
                0x00008c98        0x0 ./Sources/display.o
                                  0x8 (size before relaxing)
 .ARM.exidx.text.pos_position_fct
                0x00008c98        0x0 ./Sources/display.o
                                  0x8 (size before relaxing)
 .ARM.exidx.text.pos_velocity_fct
                0x00008c98        0x0 ./Sources/display.o
                                  0x8 (size before relaxing)
 .ARM.exidx.text.pos_acceleration_fct
                0x00008c98        0x0 ./Sources/display.o
                                  0x8 (size before relaxing)
 .ARM.exidx.text.pos_deceleration_fct
                0x00008c98        0x0 ./Sources/display.o
                                  0x8 (size before relaxing)
 .ARM.exidx.text.torque_fct
                0x00008c98        0x0 ./Sources/display.o
                                  0x8 (size before relaxing)
 .ARM.exidx.text.torque_rise_fct
                0x00008c98        0x0 ./Sources/display.o
                                  0x8 (size before relaxing)
 .ARM.exidx.text.torque_fall_fct
                0x00008c98        0x0 ./Sources/display.o
                                  0x8 (size before relaxing)
 .ARM.exidx.text._Z41__static_initialization_and_destruction_0ii
                0x00008c98        0x8 ./Sources/display.o
 .ARM.exidx.text._GLOBAL__sub_I_buffer
                0x00008ca0        0x0 ./Sources/display.o
                                  0x8 (size before relaxing)
 .ARM.exidx.text.init_menu
                0x00008ca0        0x0 ./Sources/menu.o
                                  0x8 (size before relaxing)
 .ARM.exidx.text.init_sub_menu
                0x00008ca0        0x0 ./Sources/menu.o
                                  0x8 (size before relaxing)
 .ARM.exidx.text.init_menu_list
                0x00008ca0        0x0 ./Sources/menu.o
                                  0x8 (size before relaxing)
 .ARM.exidx.text.init_sub_menu_list
                0x00008ca0        0x0 ./Sources/menu.o
                                  0x8 (size before relaxing)
 .ARM.exidx.text.print_menu
                0x00008ca0        0x8 ./Sources/menu.o
 .ARM.exidx.text.print_sub_menu
                0x00008ca8        0x8 ./Sources/menu.o
 .ARM.exidx.text.menu_select
                0x00008cb0        0x8 ./Sources/menu.o
 .ARM.exidx.text.menu_back
                0x00008cb8        0x8 ./Sources/menu.o
 .ARM.exidx.text.refresh_menu
                0x00008cc0        0x8 ./Sources/menu.o
 .ARM.exidx.text.void_function
                0x00008cc8        0x8 ./Sources/menu.o
 .ARM.exidx.text.parameters_init
                0x00008cd0        0x0 ./Sources/parameters.o
                                  0x8 (size before relaxing)
 .ARM.exidx.text.convert
                0x00008cd0        0x0 ./Sources/parameters.o
                                  0x8 (size before relaxing)
 .ARM.exidx     0x00008b40       0x88 c:/freescale/kds_v3/toolchain/bin/../lib/gcc/arm-none-eabi/4.8.4/armv7e-m\libgcc.a(unwind-arm.o)
                                 0xd8 (size before relaxing)
 .ARM.exidx     0x00008bc8       0x38 c:/freescale/kds_v3/toolchain/bin/../lib/gcc/arm-none-eabi/4.8.4/armv7e-m\libgcc.a(pr-support.o)
                                 0x48 (size before relaxing)
                0x00008cd0                __exidx_end = .

.rel.dyn        0x00008cd0        0x0
 .rel.iplt      0x00000000        0x0 c:/freescale/kds_v3/toolchain/bin/../lib/gcc/arm-none-eabi/4.8.4/armv7e-m/crtbegin.o

.ctors          0x00008cd0        0x0
                0x00008cd0                __CTOR_LIST__ = .
 *crtbegin.o(.ctors)
 *(EXCLUDE_FILE(*crtend.o) .ctors)
 *(SORT(.ctors.*))
 *(.ctors)
                0x00008cd0                __CTOR_END__ = .

.dtors          0x00008cd0        0x0
                0x00008cd0                __DTOR_LIST__ = .
 *crtbegin.o(.dtors)
 *(EXCLUDE_FILE(*crtend.o) .dtors)
 *(SORT(.dtors.*))
 *(.dtors)
                0x00008cd0                __DTOR_END__ = .

.preinit_array  0x00008cd0        0x0
                0x00008cd0                PROVIDE (__preinit_array_start, .)
 *(.preinit_array*)
                0x00008cd0                PROVIDE (__preinit_array_end, .)

.init_array     0x00008cd0        0x8
                0x00008cd0                PROVIDE (__init_array_start, .)
 *(SORT(.init_array.*))
 *(.init_array*)
 .init_array    0x00008cd0        0x4 c:/freescale/kds_v3/toolchain/bin/../lib/gcc/arm-none-eabi/4.8.4/armv7e-m/crtbegin.o
 .init_array    0x00008cd4        0x4 ./Sources/display.o
                0x00008cd8                PROVIDE (__init_array_end, .)

.fini_array     0x00008cd8        0x4
                0x00008cd8                PROVIDE (__fini_array_start, .)
 *(SORT(.fini_array.*))
 *(.fini_array*)
 .fini_array    0x00008cd8        0x4 c:/freescale/kds_v3/toolchain/bin/../lib/gcc/arm-none-eabi/4.8.4/armv7e-m/crtbegin.o
                0x00008cdc                PROVIDE (__fini_array_end, .)
                0x00008cdc                ___ROM_AT = .

.data           0x1fff8000       0x68 load address 0x00008cdc
                0x1fff8000                . = ALIGN (0x4)
                0x1fff8000                _sdata = .
 *(.data)
 *(.data*)
 .data.__fdlib_version
                0x1fff8000        0x1 c:/freescale/kds_v3/toolchain/bin/../lib/gcc/arm-none-eabi/4.8.4/../../../../arm-none-eabi/lib/armv7e-m\libm.a(lib_a-s_lib_ver.o)
                0x1fff8000                __fdlib_version
 *fill*         0x1fff8001        0x3 
 .data.impure_data
                0x1fff8004       0x60 c:/freescale/kds_v3/toolchain/bin/../lib/gcc/arm-none-eabi/4.8.4/../../../../arm-none-eabi/lib/armv7e-m\libg_s.a(lib_a-impure.o)
 .data._impure_ptr
                0x1fff8064        0x4 c:/freescale/kds_v3/toolchain/bin/../lib/gcc/arm-none-eabi/4.8.4/../../../../arm-none-eabi/lib/armv7e-m\libg_s.a(lib_a-impure.o)
                0x1fff8064                _impure_ptr
                0x1fff8068                . = ALIGN (0x4)
                0x1fff8068                _edata = .
                0x00000068                ___data_size = (_edata - _sdata)
                0x00008d44                ___m_data_20000000_ROMStart = (___ROM_AT + SIZEOF (.data))

.jcr            0x1fff8068        0x0 load address 0x00008d44
 .jcr           0x1fff8068        0x0 c:/freescale/kds_v3/toolchain/bin/../lib/gcc/arm-none-eabi/4.8.4/armv7e-m/crtbegin.o

.igot.plt       0x1fff8068        0x0 load address 0x00008d44
 .igot.plt      0x00000000        0x0 c:/freescale/kds_v3/toolchain/bin/../lib/gcc/arm-none-eabi/4.8.4/armv7e-m/crtbegin.o

.m_data_20000000
                0x20000000        0x0 load address 0x00008d44
                0x20000000                . = ALIGN (0x4)
                0x20000000                ___m_data_20000000_RAMStart = .
 *(.m_data_20000000)
                0x20000000                ___m_data_20000000_RAMEnd = .
                0x20000000                . = ALIGN (0x4)
                0x00000000                ___m_data_20000000_ROMSize = (___m_data_20000000_RAMEnd - ___m_data_20000000_RAMStart)
                0x20000000                . = ALIGN (0x4)

.bss            0x1fff8068      0x69c load address 0x00008d44
                0x1fff8068                __START_BSS = .
                0x1fff8068                PROVIDE (__bss_start__, __START_BSS)
 *(.bss)
 .bss           0x1fff8068       0x1c c:/freescale/kds_v3/toolchain/bin/../lib/gcc/arm-none-eabi/4.8.4/armv7e-m/crtbegin.o
 *(.bss*)
 .bss.LCD_flag  0x1fff8084        0x1 ./Sources/LCD.o
                0x1fff8084                LCD_flag
 *fill*         0x1fff8085        0x3 
 .bss.buffer    0x1fff8088       0x50 ./Sources/display.o
                0x1fff8088                buffer
 .bss.FLAG_MENU
                0x1fff80d8        0x1 ./Sources/display.o
                0x1fff80d8                FLAG_MENU
 *fill*         0x1fff80d9        0x3 
 .bss.back_menu
                0x1fff80dc       0x10 ./Sources/display.o
                0x1fff80dc                back_menu
 .bss.vel_velocity
                0x1fff80ec       0x10 ./Sources/display.o
                0x1fff80ec                vel_velocity
 .bss.vel_acc   0x1fff80fc       0x10 ./Sources/display.o
                0x1fff80fc                vel_acc
 .bss.vel_dec   0x1fff810c       0x10 ./Sources/display.o
                0x1fff810c                vel_dec
 .bss.vel_cue   0x1fff811c       0x10 ./Sources/display.o
                0x1fff811c                vel_cue
 .bss.sub_menu_velocity
                0x1fff812c       0x50 ./Sources/display.o
                0x1fff812c                sub_menu_velocity
 .bss.menu_velocity
                0x1fff817c        0xc ./Sources/display.o
                0x1fff817c                menu_velocity
 .bss.pos_position
                0x1fff8188       0x10 ./Sources/display.o
                0x1fff8188                pos_position
 .bss.pos_velocity
                0x1fff8198       0x10 ./Sources/display.o
                0x1fff8198                pos_velocity
 .bss.pos_acc   0x1fff81a8       0x10 ./Sources/display.o
                0x1fff81a8                pos_acc
 .bss.pos_dec   0x1fff81b8       0x10 ./Sources/display.o
                0x1fff81b8                pos_dec
 .bss.pos_cue   0x1fff81c8       0x10 ./Sources/display.o
                0x1fff81c8                pos_cue
 .bss.sub_menu_position
                0x1fff81d8       0x60 ./Sources/display.o
                0x1fff81d8                sub_menu_position
 .bss.menu_position
                0x1fff8238        0xc ./Sources/display.o
                0x1fff8238                menu_position
 .bss.tor_torque
                0x1fff8244       0x10 ./Sources/display.o
                0x1fff8244                tor_torque
 .bss.tor_torque_rise
                0x1fff8254       0x10 ./Sources/display.o
                0x1fff8254                tor_torque_rise
 .bss.tor_torque_fall
                0x1fff8264       0x10 ./Sources/display.o
                0x1fff8264                tor_torque_fall
 .bss.tor_cue   0x1fff8274       0x10 ./Sources/display.o
                0x1fff8274                tor_cue
 .bss.sub_menu_torque
                0x1fff8284       0x50 ./Sources/display.o
                0x1fff8284                sub_menu_torque
 .bss.menu_torque
                0x1fff82d4        0xc ./Sources/display.o
                0x1fff82d4                menu_torque
 .bss.velocity  0x1fff82e0       0x18 ./Sources/display.o
                0x1fff82e0                velocity
 .bss.position  0x1fff82f8       0x18 ./Sources/display.o
                0x1fff82f8                position
 .bss.torque    0x1fff8310       0x18 ./Sources/display.o
                0x1fff8310                torque
 .bss.setting   0x1fff8328       0x18 ./Sources/display.o
                0x1fff8328                setting
 .bss.menu_array
                0x1fff8340       0x60 ./Sources/display.o
                0x1fff8340                menu_array
 .bss.root_menu
                0x1fff83a0        0xc ./Sources/display.o
                0x1fff83a0                root_menu
 .bss.FLAG_PUSH_SHORT
                0x1fff83ac        0x1 ./Sources/encoder_variable.o
                0x1fff83ac                FLAG_PUSH_SHORT
 .bss.FLAG_PUSH_LONG
                0x1fff83ad        0x1 ./Sources/encoder_variable.o
                0x1fff83ad                FLAG_PUSH_LONG
 .bss.FLAG_ENCODER
                0x1fff83ae        0x1 ./Sources/encoder_variable.o
                0x1fff83ae                FLAG_ENCODER
 .bss.FLAG_DEBOUNCE
                0x1fff83af        0x1 ./Sources/encoder_variable.o
                0x1fff83af                FLAG_DEBOUNCE
 .bss.counter_100ms
                0x1fff83b0        0x4 ./Sources/encoder_variable.o
                0x1fff83b0                counter_100ms
 .bss.encoder   0x1fff83b4        0x4 ./Sources/encoder_variable.o
                0x1fff83b4                encoder
 .bss.menu_indicator
                0x1fff83b8        0x4 ./Sources/parameters.o
                0x1fff83b8                menu_indicator
 .bss.vel       0x1fff83bc       0x14 ./Sources/parameters.o
                0x1fff83bc                vel
 .bss.pos       0x1fff83d0       0x1c ./Sources/parameters.o
                0x1fff83d0                pos
 .bss.tor       0x1fff83ec       0x14 ./Sources/parameters.o
                0x1fff83ec                tor
 .bss.in_buffer
                0x1fff8400       0x80 ./Sources/protocol.o
                0x1fff8400                in_buffer
 .bss.cnt       0x1fff8480        0x1 ./Sources/protocol.o
                0x1fff8480                cnt
 .bss.FLAG_MSG_RCV
                0x1fff8481        0x1 ./Sources/protocol.o
                0x1fff8481                FLAG_MSG_RCV
 .bss.FLAG_MSG_ERR
                0x1fff8482        0x1 ./Sources/protocol.o
                0x1fff8482                FLAG_MSG_ERR
 .bss.FLAG_MSG_OK
                0x1fff8483        0x1 ./Sources/protocol.o
                0x1fff8483                FLAG_MSG_OK
 .bss.nb_data   0x1fff8484        0x4 ./Sources/protocol.o
                0x1fff8484                nb_data
 .bss.SerFlag   0x1fff8488        0x2 ./Generated_Code/AS1.o
 .bss.AS1_InpLen
                0x1fff848a        0x2 ./Generated_Code/AS1.o
 .bss.InpIndexR
                0x1fff848c        0x2 ./Generated_Code/AS1.o
 .bss.InpIndexW
                0x1fff848e        0x2 ./Generated_Code/AS1.o
 .bss.InpBuffer
                0x1fff8490       0x80 ./Generated_Code/AS1.o
 .bss.BufferRead
                0x1fff8510        0x1 ./Generated_Code/AS1.o
 *fill*         0x1fff8511        0x1 
 .bss.AS1_OutLen
                0x1fff8512        0x2 ./Generated_Code/AS1.o
 .bss.OutIndexR
                0x1fff8514        0x2 ./Generated_Code/AS1.o
 .bss.OutIndexW
                0x1fff8516        0x2 ./Generated_Code/AS1.o
 .bss.OutBuffer
                0x1fff8518       0x80 ./Generated_Code/AS1.o
 .bss.OnFreeTxBufSemaphore
                0x1fff8598        0x1 ./Generated_Code/AS1.o
 *fill*         0x1fff8599        0x3 
 .bss.DeviceDataPrv__DEFAULT_RTOS_ALLOC
                0x1fff859c       0x20 ./Generated_Code/ASerialLdd1.o
 .bss.INT_UART0_RX_TX__DEFAULT_RTOS_ISRPARAM
                0x1fff85bc        0x4 ./Generated_Code/ASerialLdd1.o
 .bss.INT_UART0_ERR__DEFAULT_RTOS_ISRPARAM
                0x1fff85c0        0x4 ./Generated_Code/ASerialLdd1.o
 .bss.DeviceDataPrv__DEFAULT_RTOS_ALLOC
                0x1fff85c4        0x4 ./Generated_Code/BitIoLdd1.o
 .bss.DeviceDataPrv__DEFAULT_RTOS_ALLOC
                0x1fff85c8        0x4 ./Generated_Code/BitIoLdd2.o
 .bss.DeviceDataPrv__DEFAULT_RTOS_ALLOC
                0x1fff85cc        0x4 ./Generated_Code/BitIoLdd3.o
 .bss.DeviceDataPrv__DEFAULT_RTOS_ALLOC
                0x1fff85d0        0x4 ./Generated_Code/BitIoLdd4.o
 .bss.DeviceDataPrv__DEFAULT_RTOS_ALLOC
                0x1fff85d4        0x4 ./Generated_Code/BitIoLdd5.o
 .bss.DeviceDataPrv__DEFAULT_RTOS_ALLOC
                0x1fff85d8        0x4 ./Generated_Code/BitIoLdd6.o
 .bss.DeviceDataPrv__DEFAULT_RTOS_ALLOC
                0x1fff85dc        0x4 ./Generated_Code/BitIoLdd7.o
 .bss.SR_lock   0x1fff85e0        0x1 ./Generated_Code/Cpu.o
                0x1fff85e0                SR_lock
 *fill*         0x1fff85e1        0x3 
 .bss.DeviceDataPrv__DEFAULT_RTOS_ALLOC
                0x1fff85e4        0xc ./Generated_Code/ENCODER.o
 .bss.INT_PORTC__DEFAULT_RTOS_ISRPARAM
                0x1fff85f0        0x4 ./Generated_Code/ENCODER.o
 .bss.DeviceDataPrv__DEFAULT_RTOS_ALLOC
                0x1fff85f4        0x4 ./Generated_Code/ExtIntLdd1.o
 .bss.INT_PORTC__DEFAULT_RTOS_ISRPARAM
                0x1fff85f8        0x4 ./Generated_Code/ExtIntLdd1.o
 .bss.DeviceDataPrv__DEFAULT_RTOS_ALLOC
                0x1fff85fc        0x4 ./Generated_Code/ExtIntLdd2.o
 .bss.INT_PORTC__DEFAULT_RTOS_ISRPARAM
                0x1fff8600        0x4 ./Generated_Code/ExtIntLdd2.o
 .bss.DeviceDataPrv__DEFAULT_RTOS_ALLOC
                0x1fff8604        0x4 ./Generated_Code/ExtIntLdd3.o
 .bss.INT_PORTC__DEFAULT_RTOS_ISRPARAM
                0x1fff8608        0x4 ./Generated_Code/ExtIntLdd3.o
 .bss.DeviceDataPrv__DEFAULT_RTOS_ALLOC
                0x1fff860c        0x4 ./Generated_Code/ExtIntLdd4.o
 .bss.INT_PORTC__DEFAULT_RTOS_ISRPARAM
                0x1fff8610        0x4 ./Generated_Code/ExtIntLdd4.o
 .bss.DeviceDataPrv__DEFAULT_RTOS_ALLOC
                0x1fff8614        0x4 ./Generated_Code/ExtIntLdd5.o
 .bss.INT_PORTC__DEFAULT_RTOS_ISRPARAM
                0x1fff8618        0x4 ./Generated_Code/ExtIntLdd5.o
 .bss.OutLenM   0x1fff861c        0x2 ./Generated_Code/I2C0.o
 .bss.ChrTemp   0x1fff861e        0x1 ./Generated_Code/I2C0.o
 *fill*         0x1fff861f        0x1 
 .bss.IFsh1_CurrentCommand
                0x1fff8620        0x4 ./Generated_Code/IFsh1.o
 .bss.IFsh1_CmdResult
                0x1fff8624        0x1 ./Generated_Code/IFsh1.o
 .bss.IFsh1_CmdPending
                0x1fff8625        0x1 ./Generated_Code/IFsh1.o
 .bss.IFsh1_EnEvent
                0x1fff8626        0x1 ./Generated_Code/IFsh1.o
 *fill*         0x1fff8627        0x1 
 .bss.IntFlashLdd1_DevDataPtr
                0x1fff8628        0x4 ./Generated_Code/IFsh1.o
 .bss.DeviceDataPrv__DEFAULT_RTOS_ALLOC
                0x1fff862c       0x18 ./Generated_Code/IntFlashLdd1.o
 .bss.INT_FTFL__DEFAULT_RTOS_ISRPARAM
                0x1fff8644        0x4 ./Generated_Code/IntFlashLdd1.o
 .bss.INT_Read_Collision__DEFAULT_RTOS_ISRPARAM
                0x1fff8648        0x4 ./Generated_Code/IntFlashLdd1.o
 .bss.DeviceDataPrv__DEFAULT_RTOS_ALLOC
                0x1fff864c       0x1c ./Generated_Code/IntI2cLdd1.o
 .bss.INT_I2C0__DEFAULT_RTOS_ISRPARAM
                0x1fff8668        0x4 ./Generated_Code/IntI2cLdd1.o
 .bss.PE_LDD_DeviceDataList
                0x1fff866c       0x4c ./Generated_Code/PE_LDD.o
                0x1fff866c                PE_LDD_DeviceDataList
 .bss.DeviceDataPrv__DEFAULT_RTOS_ALLOC
                0x1fff86b8        0xc ./Generated_Code/TU1.o
 .bss.INT_FTM2__DEFAULT_RTOS_ISRPARAM
                0x1fff86c4        0x4 ./Generated_Code/TU1.o
 .bss.DeviceDataPrv__DEFAULT_RTOS_ALLOC
                0x1fff86c8        0xc ./Generated_Code/T_100ms.o
 .bss.INT_FTM1__DEFAULT_RTOS_ISRPARAM
                0x1fff86d4        0x4 ./Generated_Code/T_100ms.o
 .bss.DeviceDataPrv__DEFAULT_RTOS_ALLOC
                0x1fff86d8        0x8 ./Generated_Code/T_500ms.o
 .bss.INT_FTM0__DEFAULT_RTOS_ISRPARAM
                0x1fff86e0        0x4 ./Generated_Code/T_500ms.o
 .bss.__malloc_sbrk_start
                0x1fff86e4        0x4 c:/freescale/kds_v3/toolchain/bin/../lib/gcc/arm-none-eabi/4.8.4/../../../../arm-none-eabi/lib/armv7e-m\libg_s.a(lib_a-nano-mallocr.o)
                0x1fff86e4                __malloc_sbrk_start
 .bss.__malloc_free_list
                0x1fff86e8        0x4 c:/freescale/kds_v3/toolchain/bin/../lib/gcc/arm-none-eabi/4.8.4/../../../../arm-none-eabi/lib/armv7e-m\libg_s.a(lib_a-nano-mallocr.o)
                0x1fff86e8                __malloc_free_list
 .bss.heap_end.4246
                0x1fff86ec        0x4 c:/freescale/kds_v3/toolchain/bin/../lib/gcc/arm-none-eabi/4.8.4/../../../../arm-none-eabi/lib/armv7e-m\libnosys.a(sbrk.o)
 *(COMMON)
 COMMON         0x1fff86f0        0x4 ./Generated_Code/AS1.o
                0x1fff86f0                ASerialLdd1_DeviceDataPtr
 COMMON         0x1fff86f4        0x1 ./Generated_Code/Cpu.o
                0x1fff86f4                SR_reg
 *fill*         0x1fff86f5        0x3 
 COMMON         0x1fff86f8        0x8 ./Generated_Code/I2C0.o
                0x1fff86f8                I2C0_SndRcvTemp
                0x1fff86fc                IntI2cLdd1_DeviceDataPtr
 COMMON         0x1fff8700        0x4 c:/freescale/kds_v3/toolchain/bin/../lib/gcc/arm-none-eabi/4.8.4/../../../../arm-none-eabi/lib/armv7e-m\libg_s.a(lib_a-reent.o)
                0x1fff8700                errno
                0x1fff8704                . = ALIGN (0x4)
                0x1fff8704                __END_BSS = .
                0x1fff8704                PROVIDE (__bss_end__, __END_BSS)
                0x00008d44                _romp_at = ((___ROM_AT + SIZEOF (.data)) + SIZEOF (.m_data_20000000))

.romp           0x1fff8704       0x24 load address 0x00008d44
                0x00008d44                __S_romp = _romp_at
                0x1fff8704        0x4 LONG 0x8cdc ___ROM_AT
                0x1fff8708        0x4 LONG 0x1fff8000 _sdata
                0x1fff870c        0x4 LONG 0x68 ___data_size
                0x1fff8710        0x4 LONG 0x8d44 ___m_data_20000000_ROMStart
                0x1fff8714        0x4 LONG 0x20000000 ___m_data_20000000_RAMStart
                0x1fff8718        0x4 LONG 0x0 ___m_data_20000000_ROMSize
                0x1fff871c        0x4 LONG 0x0
                0x1fff8720        0x4 LONG 0x0
                0x1fff8724        0x4 LONG 0x0
                0x00040000                text_end = (ORIGIN (m_text) + 0x3fbf0)
                0x00008d68                data_init_end = ((___m_data_20000000_ROMStart + SIZEOF (.m_data_20000000)) + SIZEOF (.romp))
                0x00000001                ASSERT ((data_init_end <= text_end), region m_text overflowed with text and data)

._user_heap_stack
                0x1fff8728      0x400 load address 0x00008d68
                0x1fff8728                . = ALIGN (0x4)
                0x1fff8728                PROVIDE (end, .)
                0x1fff8728                PROVIDE (_end, .)
                0x1fff8728                PROVIDE (__end__, .)
                0x1fff8728                __heap_addr = .
                0x1fff8728                __HeapBase = .
                0x1fff8728                . = (. + __heap_size)
                0x1fff8728                __HeapLimit = .
                0x1fff8b28                . = (. + __stack_size)
 *fill*         0x1fff8728      0x400 
                0x1fff8b28                . = ALIGN (0x4)

.ARM.attributes
                0x00000000       0x2a
 *(.ARM.attributes)
 .ARM.attributes
                0x00000000       0x1e c:/freescale/kds_v3/toolchain/bin/../lib/gcc/arm-none-eabi/4.8.4/armv7e-m/crti.o
 .ARM.attributes
                0x0000001e       0x2e c:/freescale/kds_v3/toolchain/bin/../lib/gcc/arm-none-eabi/4.8.4/armv7e-m/crtbegin.o
 .ARM.attributes
                0x0000004c       0x1c c:/freescale/kds_v3/toolchain/bin/../lib/gcc/arm-none-eabi/4.8.4/../../../../arm-none-eabi/lib/armv7e-m/crt0.o
 .ARM.attributes
                0x00000068       0x33 ./Sources/Events.o
 .ARM.attributes
                0x0000009b       0x33 ./Sources/LCD.o
 .ARM.attributes
                0x000000ce       0x33 ./Sources/PCA9670.o
 .ARM.attributes
                0x00000101       0x33 ./Sources/display.o
 .ARM.attributes
                0x00000134       0x33 ./Sources/encoder_variable.o
 .ARM.attributes
                0x00000167       0x33 ./Sources/main.o
 .ARM.attributes
                0x0000019a       0x33 ./Sources/menu.o
 .ARM.attributes
                0x000001cd       0x33 ./Sources/parameters.o
 .ARM.attributes
                0x00000200       0x33 ./Sources/protocol.o
 .ARM.attributes
                0x00000233       0x33 ./Project_Settings/Startup_Code/startup.o
 .ARM.attributes
                0x00000266       0x33 ./Generated_Code/AS1.o
 .ARM.attributes
                0x00000299       0x33 ./Generated_Code/ASerialLdd1.o
 .ARM.attributes
                0x000002cc       0x33 ./Generated_Code/BitIoLdd1.o
 .ARM.attributes
                0x000002ff       0x33 ./Generated_Code/BitIoLdd2.o
 .ARM.attributes
                0x00000332       0x33 ./Generated_Code/BitIoLdd3.o
 .ARM.attributes
                0x00000365       0x33 ./Generated_Code/BitIoLdd4.o
 .ARM.attributes
                0x00000398       0x33 ./Generated_Code/BitIoLdd5.o
 .ARM.attributes
                0x000003cb       0x33 ./Generated_Code/BitIoLdd6.o
 .ARM.attributes
                0x000003fe       0x33 ./Generated_Code/BitIoLdd7.o
 .ARM.attributes
                0x00000431       0x33 ./Generated_Code/Cpu.o
 .ARM.attributes
                0x00000464       0x33 ./Generated_Code/ENCODER.o
 .ARM.attributes
                0x00000497       0x33 ./Generated_Code/ENCODER_PUSH.o
 .ARM.attributes
                0x000004ca       0x33 ./Generated_Code/ExtIntLdd1.o
 .ARM.attributes
                0x000004fd       0x33 ./Generated_Code/ExtIntLdd2.o
 .ARM.attributes
                0x00000530       0x33 ./Generated_Code/ExtIntLdd3.o
 .ARM.attributes
                0x00000563       0x33 ./Generated_Code/ExtIntLdd4.o
 .ARM.attributes
                0x00000596       0x33 ./Generated_Code/ExtIntLdd5.o
 .ARM.attributes
                0x000005c9       0x33 ./Generated_Code/I2C0.o
 .ARM.attributes
                0x000005fc       0x33 ./Generated_Code/IFsh1.o
 .ARM.attributes
                0x0000062f       0x33 ./Generated_Code/IntFlashLdd1.o
 .ARM.attributes
                0x00000662       0x33 ./Generated_Code/IntI2cLdd1.o
 .ARM.attributes
                0x00000695       0x33 ./Generated_Code/LEVER_DIR1.o
 .ARM.attributes
                0x000006c8       0x33 ./Generated_Code/LEVER_DIR2.o
 .ARM.attributes
                0x000006fb       0x33 ./Generated_Code/PE_LDD.o
 .ARM.attributes
                0x0000072e       0x33 ./Generated_Code/PUSH_BUTTON_REC.o
 .ARM.attributes
                0x00000761       0x33 ./Generated_Code/PUSH_BUTTON_SEND.o
 .ARM.attributes
                0x00000794       0x33 ./Generated_Code/TU1.o
 .ARM.attributes
                0x000007c7       0x33 ./Generated_Code/T_100ms.o
 .ARM.attributes
                0x000007fa       0x33 ./Generated_Code/T_500ms.o
 .ARM.attributes
                0x0000082d       0x33 ./Generated_Code/Vectors.o
 .ARM.attributes
                0x00000860       0x33 ./Generated_Code/WAIT1.o
 .ARM.attributes
                0x00000893       0x2e c:/freescale/kds_v3/toolchain/bin/../lib/gcc/arm-none-eabi/4.8.4/../../../../arm-none-eabi/lib/armv7e-m\libm.a(lib_a-s_round.o)
 .ARM.attributes
                0x000008c1       0x2e c:/freescale/kds_v3/toolchain/bin/../lib/gcc/arm-none-eabi/4.8.4/../../../../arm-none-eabi/lib/armv7e-m\libm.a(lib_a-w_pow.o)
 .ARM.attributes
                0x000008ef       0x2e c:/freescale/kds_v3/toolchain/bin/../lib/gcc/arm-none-eabi/4.8.4/../../../../arm-none-eabi/lib/armv7e-m\libm.a(lib_a-e_pow.o)
 .ARM.attributes
                0x0000091d       0x2e c:/freescale/kds_v3/toolchain/bin/../lib/gcc/arm-none-eabi/4.8.4/../../../../arm-none-eabi/lib/armv7e-m\libm.a(lib_a-e_sqrt.o)
 .ARM.attributes
                0x0000094b       0x2e c:/freescale/kds_v3/toolchain/bin/../lib/gcc/arm-none-eabi/4.8.4/../../../../arm-none-eabi/lib/armv7e-m\libm.a(lib_a-s_fabs.o)
 .ARM.attributes
                0x00000979       0x2e c:/freescale/kds_v3/toolchain/bin/../lib/gcc/arm-none-eabi/4.8.4/../../../../arm-none-eabi/lib/armv7e-m\libm.a(lib_a-s_finite.o)
 .ARM.attributes
                0x000009a7       0x2e c:/freescale/kds_v3/toolchain/bin/../lib/gcc/arm-none-eabi/4.8.4/../../../../arm-none-eabi/lib/armv7e-m\libm.a(lib_a-s_fpclassify.o)
 .ARM.attributes
                0x000009d5       0x2e c:/freescale/kds_v3/toolchain/bin/../lib/gcc/arm-none-eabi/4.8.4/../../../../arm-none-eabi/lib/armv7e-m\libm.a(lib_a-s_lib_ver.o)
 .ARM.attributes
                0x00000a03       0x2e c:/freescale/kds_v3/toolchain/bin/../lib/gcc/arm-none-eabi/4.8.4/../../../../arm-none-eabi/lib/armv7e-m\libm.a(lib_a-s_matherr.o)
 .ARM.attributes
                0x00000a31       0x2e c:/freescale/kds_v3/toolchain/bin/../lib/gcc/arm-none-eabi/4.8.4/../../../../arm-none-eabi/lib/armv7e-m\libm.a(lib_a-s_nan.o)
 .ARM.attributes
                0x00000a5f       0x2e c:/freescale/kds_v3/toolchain/bin/../lib/gcc/arm-none-eabi/4.8.4/../../../../arm-none-eabi/lib/armv7e-m\libm.a(lib_a-s_rint.o)
 .ARM.attributes
                0x00000a8d       0x2e c:/freescale/kds_v3/toolchain/bin/../lib/gcc/arm-none-eabi/4.8.4/../../../../arm-none-eabi/lib/armv7e-m\libm.a(lib_a-s_scalbn.o)
 .ARM.attributes
                0x00000abb       0x2e c:/freescale/kds_v3/toolchain/bin/../lib/gcc/arm-none-eabi/4.8.4/../../../../arm-none-eabi/lib/armv7e-m\libm.a(lib_a-s_copysign.o)
 .ARM.attributes
                0x00000ae9       0x1e c:/freescale/kds_v3/toolchain/bin/../lib/gcc/arm-none-eabi/4.8.4/armv7e-m\libgcc.a(_arm_addsubdf3.o)
 .ARM.attributes
                0x00000b07       0x1e c:/freescale/kds_v3/toolchain/bin/../lib/gcc/arm-none-eabi/4.8.4/armv7e-m\libgcc.a(_arm_muldivdf3.o)
 .ARM.attributes
                0x00000b25       0x1e c:/freescale/kds_v3/toolchain/bin/../lib/gcc/arm-none-eabi/4.8.4/armv7e-m\libgcc.a(_arm_cmpdf2.o)
 .ARM.attributes
                0x00000b43       0x1e c:/freescale/kds_v3/toolchain/bin/../lib/gcc/arm-none-eabi/4.8.4/armv7e-m\libgcc.a(_arm_fixdfsi.o)
 .ARM.attributes
                0x00000b61       0x1e c:/freescale/kds_v3/toolchain/bin/../lib/gcc/arm-none-eabi/4.8.4/armv7e-m\libgcc.a(_arm_addsubsf3.o)
 .ARM.attributes
                0x00000b7f       0x1e c:/freescale/kds_v3/toolchain/bin/../lib/gcc/arm-none-eabi/4.8.4/armv7e-m\libgcc.a(_arm_cmpsf2.o)
 .ARM.attributes
                0x00000b9d       0x1e c:/freescale/kds_v3/toolchain/bin/../lib/gcc/arm-none-eabi/4.8.4/armv7e-m\libgcc.a(_arm_fixsfsi.o)
 .ARM.attributes
                0x00000bbb       0x2e c:/freescale/kds_v3/toolchain/bin/../lib/gcc/arm-none-eabi/4.8.4/../../../../arm-none-eabi/lib/armv7e-m\libg_s.a(lib_a-errno.o)
 .ARM.attributes
                0x00000be9       0x2e c:/freescale/kds_v3/toolchain/bin/../lib/gcc/arm-none-eabi/4.8.4/../../../../arm-none-eabi/lib/armv7e-m\libg_s.a(lib_a-exit.o)
 .ARM.attributes
                0x00000c17       0x2e c:/freescale/kds_v3/toolchain/bin/../lib/gcc/arm-none-eabi/4.8.4/../../../../arm-none-eabi/lib/armv7e-m\libg_s.a(lib_a-impure.o)
 .ARM.attributes
                0x00000c45       0x2e c:/freescale/kds_v3/toolchain/bin/../lib/gcc/arm-none-eabi/4.8.4/../../../../arm-none-eabi/lib/armv7e-m\libg_s.a(lib_a-init.o)
 .ARM.attributes
                0x00000c73       0x2e c:/freescale/kds_v3/toolchain/bin/../lib/gcc/arm-none-eabi/4.8.4/../../../../arm-none-eabi/lib/armv7e-m\libg_s.a(lib_a-memcpy-stub.o)
 .ARM.attributes
                0x00000ca1       0x2e c:/freescale/kds_v3/toolchain/bin/../lib/gcc/arm-none-eabi/4.8.4/../../../../arm-none-eabi/lib/armv7e-m\libg_s.a(lib_a-memset.o)
 .ARM.attributes
                0x00000ccf       0x1c c:/freescale/kds_v3/toolchain/bin/../lib/gcc/arm-none-eabi/4.8.4/../../../../arm-none-eabi/lib/armv7e-m\libg_s.a(lib_a-strcmp.o)
 .ARM.attributes
                0x00000ceb       0x2e c:/freescale/kds_v3/toolchain/bin/../lib/gcc/arm-none-eabi/4.8.4/../../../../arm-none-eabi/lib/armv7e-m\libg_s.a(lib_a-strlen.o)
 .ARM.attributes
                0x00000d19       0x2e c:/freescale/kds_v3/toolchain/bin/../lib/gcc/arm-none-eabi/4.8.4/../../../../arm-none-eabi/lib/armv7e-m\libg_s.a(lib_a-vsprintf.o)
 .ARM.attributes
                0x00000d47       0x2e c:/freescale/kds_v3/toolchain/bin/../lib/gcc/arm-none-eabi/4.8.4/../../../../arm-none-eabi/lib/armv7e-m\libg_s.a(lib_a-nano-mallocr.o)
 .ARM.attributes
                0x00000d75       0x2e c:/freescale/kds_v3/toolchain/bin/../lib/gcc/arm-none-eabi/4.8.4/../../../../arm-none-eabi/lib/armv7e-m\libg_s.a(lib_a-reent.o)
 .ARM.attributes
                0x00000da3       0x2e c:/freescale/kds_v3/toolchain/bin/../lib/gcc/arm-none-eabi/4.8.4/../../../../arm-none-eabi/lib/armv7e-m\libg_s.a(lib_a-sbrkr.o)
 .ARM.attributes
                0x00000dd1       0x2e c:/freescale/kds_v3/toolchain/bin/../lib/gcc/arm-none-eabi/4.8.4/../../../../arm-none-eabi/lib/armv7e-m\libg_s.a(lib_a-svfprintf.o)
 .ARM.attributes
                0x00000dff       0x2e c:/freescale/kds_v3/toolchain/bin/../lib/gcc/arm-none-eabi/4.8.4/../../../../arm-none-eabi/lib/armv7e-m\libg_s.a(lib_a-vfprintf_i.o)
 .ARM.attributes
                0x00000e2d       0x2e c:/freescale/kds_v3/toolchain/bin/../lib/gcc/arm-none-eabi/4.8.4/../../../../arm-none-eabi/lib/armv7e-m\libg_s.a(lib_a-memchr-stub.o)
 .ARM.attributes
                0x00000e5b       0x2e c:/freescale/kds_v3/toolchain/bin/../lib/gcc/arm-none-eabi/4.8.4/../../../../arm-none-eabi/lib/armv7e-m\libg_s.a(lib_a-memmove.o)
 .ARM.attributes
                0x00000e89       0x2e c:/freescale/kds_v3/toolchain/bin/../lib/gcc/arm-none-eabi/4.8.4/../../../../arm-none-eabi/lib/armv7e-m\libg_s.a(lib_a-nano-freer.o)
 .ARM.attributes
                0x00000eb7       0x2e c:/freescale/kds_v3/toolchain/bin/../lib/gcc/arm-none-eabi/4.8.4/../../../../arm-none-eabi/lib/armv7e-m\libg_s.a(lib_a-nano-reallocr.o)
 .ARM.attributes
                0x00000ee5       0x2e c:/freescale/kds_v3/toolchain/bin/../lib/gcc/arm-none-eabi/4.8.4/../../../../arm-none-eabi/lib/armv7e-m\libg_s.a(lib_a-nano-msizer.o)
 .ARM.attributes
                0x00000f13       0x2e c:/freescale/kds_v3/toolchain/bin/../lib/gcc/arm-none-eabi/4.8.4/../../../../arm-none-eabi/lib/armv7e-m\libnosys.a(sbrk.o)
 .ARM.attributes
                0x00000f41       0x2e c:/freescale/kds_v3/toolchain/bin/../lib/gcc/arm-none-eabi/4.8.4/../../../../arm-none-eabi/lib/armv7e-m\libnosys.a(_exit.o)
 .ARM.attributes
                0x00000f6f       0x1e c:/freescale/kds_v3/toolchain/bin/../lib/gcc/arm-none-eabi/4.8.4/armv7e-m/crtn.o
OUTPUT(varmo_lite.elf elf32-littlearm)

.debug_info     0x00000000     0xb081
 .debug_info    0x00000000      0x609 ./Sources/Events.o
 .debug_info    0x00000609      0x36b ./Sources/LCD.o
 .debug_info    0x00000974      0x113 ./Sources/PCA9670.o
 .debug_info    0x00000a87      0x987 ./Sources/display.o
 .debug_info    0x0000140e       0x9d ./Sources/encoder_variable.o
 .debug_info    0x000014ab      0x484 ./Sources/main.o
 .debug_info    0x0000192f      0x5be ./Sources/menu.o
 .debug_info    0x00001eed      0x23d ./Sources/parameters.o
 .debug_info    0x0000212a      0x5f3 ./Sources/protocol.o
 .debug_info    0x0000271d      0x20a ./Project_Settings/Startup_Code/startup.o
 .debug_info    0x00002927      0x52b ./Generated_Code/AS1.o
 .debug_info    0x00002e52      0x9dc ./Generated_Code/ASerialLdd1.o
 .debug_info    0x0000382e      0x377 ./Generated_Code/BitIoLdd1.o
 .debug_info    0x00003ba5      0x377 ./Generated_Code/BitIoLdd2.o
 .debug_info    0x00003f1c      0x377 ./Generated_Code/BitIoLdd3.o
 .debug_info    0x00004293      0x377 ./Generated_Code/BitIoLdd4.o
 .debug_info    0x0000460a      0x377 ./Generated_Code/BitIoLdd5.o
 .debug_info    0x00004981      0x377 ./Generated_Code/BitIoLdd6.o
 .debug_info    0x00004cf8      0x351 ./Generated_Code/BitIoLdd7.o
 .debug_info    0x00005049      0xa70 ./Generated_Code/Cpu.o
 .debug_info    0x00005ab9      0x647 ./Generated_Code/ENCODER.o
 .debug_info    0x00006100       0xb2 ./Generated_Code/ENCODER_PUSH.o
 .debug_info    0x000061b2      0x43c ./Generated_Code/ExtIntLdd1.o
 .debug_info    0x000065ee      0x43c ./Generated_Code/ExtIntLdd2.o
 .debug_info    0x00006a2a      0x43c ./Generated_Code/ExtIntLdd3.o
 .debug_info    0x00006e66      0x43c ./Generated_Code/ExtIntLdd4.o
 .debug_info    0x000072a2      0x43c ./Generated_Code/ExtIntLdd5.o
 .debug_info    0x000076de      0x3a1 ./Generated_Code/I2C0.o
 .debug_info    0x00007a7f      0x438 ./Generated_Code/IFsh1.o
 .debug_info    0x00007eb7      0xca0 ./Generated_Code/IntFlashLdd1.o
 .debug_info    0x00008b57      0x9e5 ./Generated_Code/IntI2cLdd1.o
 .debug_info    0x0000953c       0xb2 ./Generated_Code/LEVER_DIR1.o
 .debug_info    0x000095ee       0xb2 ./Generated_Code/LEVER_DIR2.o
 .debug_info    0x000096a0      0x24d ./Generated_Code/PE_LDD.o
 .debug_info    0x000098ed       0xb2 ./Generated_Code/PUSH_BUTTON_REC.o
 .debug_info    0x0000999f       0xb2 ./Generated_Code/PUSH_BUTTON_SEND.o
 .debug_info    0x00009a51      0x6c8 ./Generated_Code/TU1.o
 .debug_info    0x0000a119      0x6c8 ./Generated_Code/T_100ms.o
 .debug_info    0x0000a7e1      0x63b ./Generated_Code/T_500ms.o
 .debug_info    0x0000ae1c      0x116 ./Generated_Code/Vectors.o
 .debug_info    0x0000af32      0x14f ./Generated_Code/WAIT1.o

.debug_abbrev   0x00000000     0x323a
 .debug_abbrev  0x00000000      0x211 ./Sources/Events.o
 .debug_abbrev  0x00000211      0x109 ./Sources/LCD.o
 .debug_abbrev  0x0000031a       0xaa ./Sources/PCA9670.o
 .debug_abbrev  0x000003c4      0x1c4 ./Sources/display.o
 .debug_abbrev  0x00000588       0x3a ./Sources/encoder_variable.o
 .debug_abbrev  0x000005c2      0x13f ./Sources/main.o
 .debug_abbrev  0x00000701      0x114 ./Sources/menu.o
 .debug_abbrev  0x00000815       0xd7 ./Sources/parameters.o
 .debug_abbrev  0x000008ec      0x1ad ./Sources/protocol.o
 .debug_abbrev  0x00000a99      0x11e ./Project_Settings/Startup_Code/startup.o
 .debug_abbrev  0x00000bb7      0x1d6 ./Generated_Code/AS1.o
 .debug_abbrev  0x00000d8d      0x1db ./Generated_Code/ASerialLdd1.o
 .debug_abbrev  0x00000f68      0x15f ./Generated_Code/BitIoLdd1.o
 .debug_abbrev  0x000010c7      0x15f ./Generated_Code/BitIoLdd2.o
 .debug_abbrev  0x00001226      0x15f ./Generated_Code/BitIoLdd3.o
 .debug_abbrev  0x00001385      0x15f ./Generated_Code/BitIoLdd4.o
 .debug_abbrev  0x000014e4      0x15f ./Generated_Code/BitIoLdd5.o
 .debug_abbrev  0x00001643      0x15f ./Generated_Code/BitIoLdd6.o
 .debug_abbrev  0x000017a2      0x136 ./Generated_Code/BitIoLdd7.o
 .debug_abbrev  0x000018d8      0x178 ./Generated_Code/Cpu.o
 .debug_abbrev  0x00001a50      0x1ba ./Generated_Code/ENCODER.o
 .debug_abbrev  0x00001c0a       0x68 ./Generated_Code/ENCODER_PUSH.o
 .debug_abbrev  0x00001c72      0x15d ./Generated_Code/ExtIntLdd1.o
 .debug_abbrev  0x00001dcf      0x15d ./Generated_Code/ExtIntLdd2.o
 .debug_abbrev  0x00001f2c      0x15d ./Generated_Code/ExtIntLdd3.o
 .debug_abbrev  0x00002089      0x15d ./Generated_Code/ExtIntLdd4.o
 .debug_abbrev  0x000021e6      0x15d ./Generated_Code/ExtIntLdd5.o
 .debug_abbrev  0x00002343      0x179 ./Generated_Code/I2C0.o
 .debug_abbrev  0x000024bc      0x15c ./Generated_Code/IFsh1.o
 .debug_abbrev  0x00002618      0x239 ./Generated_Code/IntFlashLdd1.o
 .debug_abbrev  0x00002851      0x18b ./Generated_Code/IntI2cLdd1.o
 .debug_abbrev  0x000029dc       0x68 ./Generated_Code/LEVER_DIR1.o
 .debug_abbrev  0x00002a44       0x68 ./Generated_Code/LEVER_DIR2.o
 .debug_abbrev  0x00002aac      0x10d ./Generated_Code/PE_LDD.o
 .debug_abbrev  0x00002bb9       0x68 ./Generated_Code/PUSH_BUTTON_REC.o
 .debug_abbrev  0x00002c21       0x68 ./Generated_Code/PUSH_BUTTON_SEND.o
 .debug_abbrev  0x00002c89      0x179 ./Generated_Code/TU1.o
 .debug_abbrev  0x00002e02      0x179 ./Generated_Code/T_100ms.o
 .debug_abbrev  0x00002f7b      0x16a ./Generated_Code/T_500ms.o
 .debug_abbrev  0x000030e5       0xa4 ./Generated_Code/Vectors.o
 .debug_abbrev  0x00003189       0xb1 ./Generated_Code/WAIT1.o

.debug_aranges  0x00000000      0xb48
 .debug_aranges
                0x00000000       0xb8 ./Sources/Events.o
 .debug_aranges
                0x000000b8       0x88 ./Sources/LCD.o
 .debug_aranges
                0x00000140       0x28 ./Sources/PCA9670.o
 .debug_aranges
                0x00000168       0xd0 ./Sources/display.o
 .debug_aranges
                0x00000238       0x18 ./Sources/encoder_variable.o
 .debug_aranges
                0x00000250       0x20 ./Sources/main.o
 .debug_aranges
                0x00000270       0x68 ./Sources/menu.o
 .debug_aranges
                0x000002d8       0x28 ./Sources/parameters.o
 .debug_aranges
                0x00000300       0x48 ./Sources/protocol.o
 .debug_aranges
                0x00000348       0x50 ./Project_Settings/Startup_Code/startup.o
 .debug_aranges
                0x00000398       0x90 ./Generated_Code/AS1.o
 .debug_aranges
                0x00000428       0x50 ./Generated_Code/ASerialLdd1.o
 .debug_aranges
                0x00000478       0x48 ./Generated_Code/BitIoLdd1.o
 .debug_aranges
                0x000004c0       0x48 ./Generated_Code/BitIoLdd2.o
 .debug_aranges
                0x00000508       0x48 ./Generated_Code/BitIoLdd3.o
 .debug_aranges
                0x00000550       0x48 ./Generated_Code/BitIoLdd4.o
 .debug_aranges
                0x00000598       0x48 ./Generated_Code/BitIoLdd5.o
 .debug_aranges
                0x000005e0       0x48 ./Generated_Code/BitIoLdd6.o
 .debug_aranges
                0x00000628       0x40 ./Generated_Code/BitIoLdd7.o
 .debug_aranges
                0x00000668       0x40 ./Generated_Code/Cpu.o
 .debug_aranges
                0x000006a8       0x60 ./Generated_Code/ENCODER.o
 .debug_aranges
                0x00000708       0x20 ./Generated_Code/ENCODER_PUSH.o
 .debug_aranges
                0x00000728       0x30 ./Generated_Code/ExtIntLdd1.o
 .debug_aranges
                0x00000758       0x30 ./Generated_Code/ExtIntLdd2.o
 .debug_aranges
                0x00000788       0x30 ./Generated_Code/ExtIntLdd3.o
 .debug_aranges
                0x000007b8       0x30 ./Generated_Code/ExtIntLdd4.o
 .debug_aranges
                0x000007e8       0x30 ./Generated_Code/ExtIntLdd5.o
 .debug_aranges
                0x00000818       0x68 ./Generated_Code/I2C0.o
 .debug_aranges
                0x00000880       0x60 ./Generated_Code/IFsh1.o
 .debug_aranges