Archive member included because of file (symbol)

c:/freescale/kds_v3/toolchain/bin/../lib/gcc/arm-none-eabi/4.8.4/../../../../arm-none-eabi/lib/armv7e-m\libm.a(lib_a-s_round.o)
                              ./Sources/display.o (round)
c:/freescale/kds_v3/toolchain/bin/../lib/gcc/arm-none-eabi/4.8.4/../../../../arm-none-eabi/lib/armv7e-m\libm.a(lib_a-w_pow.o)
                              ./Sources/display.o (pow)
c:/freescale/kds_v3/toolchain/bin/../lib/gcc/arm-none-eabi/4.8.4/../../../../arm-none-eabi/lib/armv7e-m\libm.a(lib_a-e_pow.o)
                              c:/freescale/kds_v3/toolchain/bin/../lib/gcc/arm-none-eabi/4.8.4/../../../../arm-none-eabi/lib/armv7e-m\libm.a(lib_a-w_pow.o) (__ieee754_pow)
c:/freescale/kds_v3/toolchain/bin/../lib/gcc/arm-none-eabi/4.8.4/../../../../arm-none-eabi/lib/armv7e-m\libm.a(lib_a-e_sqrt.o)
                              c:/freescale/kds_v3/toolchain/bin/../lib/gcc/arm-none-eabi/4.8.4/../../../../arm-none-eabi/lib/armv7e-m\libm.a(lib_a-e_pow.o) (__ieee754_sqrt)
c:/freescale/kds_v3/toolchain/bin/../lib/gcc/arm-none-eabi/4.8.4/../../../../arm-none-eabi/lib/armv7e-m\libm.a(lib_a-s_fabs.o)
                              c:/freescale/kds_v3/toolchain/bin/../lib/gcc/arm-none-eabi/4.8.4/../../../../arm-none-eabi/lib/armv7e-m\libm.a(lib_a-e_pow.o) (fabs)
c:/freescale/kds_v3/toolchain/bin/../lib/gcc/arm-none-eabi/4.8.4/../../../../arm-none-eabi/lib/armv7e-m\libm.a(lib_a-s_finite.o)
                              c:/freescale/kds_v3/toolchain/bin/../lib/gcc/arm-none-eabi/4.8.4/../../../../arm-none-eabi/lib/armv7e-m\libm.a(lib_a-w_pow.o) (finite)
c:/freescale/kds_v3/toolchain/bin/../lib/gcc/arm-none-eabi/4.8.4/../../../../arm-none-eabi/lib/armv7e-m\libm.a(lib_a-s_fpclassify.o)
                              c:/freescale/kds_v3/toolchain/bin/../lib/gcc/arm-none-eabi/4.8.4/../../../../arm-none-eabi/lib/armv7e-m\libm.a(lib_a-w_pow.o) (__fpclassifyd)
c:/freescale/kds_v3/toolchain/bin/../lib/gcc/arm-none-eabi/4.8.4/../../../../arm-none-eabi/lib/armv7e-m\libm.a(lib_a-s_lib_ver.o)
                              c:/freescale/kds_v3/toolchain/bin/../lib/gcc/arm-none-eabi/4.8.4/../../../../arm-none-eabi/lib/armv7e-m\libm.a(lib_a-w_pow.o) (__fdlib_version)
c:/freescale/kds_v3/toolchain/bin/../lib/gcc/arm-none-eabi/4.8.4/../../../../arm-none-eabi/lib/armv7e-m\libm.a(lib_a-s_matherr.o)
                              c:/freescale/kds_v3/toolchain/bin/../lib/gcc/arm-none-eabi/4.8.4/../../../../arm-none-eabi/lib/armv7e-m\libm.a(lib_a-w_pow.o) (matherr)
c:/freescale/kds_v3/toolchain/bin/../lib/gcc/arm-none-eabi/4.8.4/../../../../arm-none-eabi/lib/armv7e-m\libm.a(lib_a-s_nan.o)
                              c:/freescale/kds_v3/toolchain/bin/../lib/gcc/arm-none-eabi/4.8.4/../../../../arm-none-eabi/lib/armv7e-m\libm.a(lib_a-e_pow.o) (nan)
c:/freescale/kds_v3/toolchain/bin/../lib/gcc/arm-none-eabi/4.8.4/../../../../arm-none-eabi/lib/armv7e-m\libm.a(lib_a-s_rint.o)
                              c:/freescale/kds_v3/toolchain/bin/../lib/gcc/arm-none-eabi/4.8.4/../../../../arm-none-eabi/lib/armv7e-m\libm.a(lib_a-w_pow.o) (rint)
c:/freescale/kds_v3/toolchain/bin/../lib/gcc/arm-none-eabi/4.8.4/../../../../arm-none-eabi/lib/armv7e-m\libm.a(lib_a-s_scalbn.o)
                              c:/freescale/kds_v3/toolchain/bin/../lib/gcc/arm-none-eabi/4.8.4/../../../../arm-none-eabi/lib/armv7e-m\libm.a(lib_a-e_pow.o) (scalbn)
c:/freescale/kds_v3/toolchain/bin/../lib/gcc/arm-none-eabi/4.8.4/../../../../arm-none-eabi/lib/armv7e-m\libm.a(lib_a-s_copysign.o)
                              c:/freescale/kds_v3/toolchain/bin/../lib/gcc/arm-none-eabi/4.8.4/../../../../arm-none-eabi/lib/armv7e-m\libm.a(lib_a-s_scalbn.o) (copysign)
c:/freescale/kds_v3/toolchain/bin/../lib/gcc/arm-none-eabi/4.8.4/armv7e-m\libgcc.a(_arm_addsubdf3.o)
                              c:/freescale/kds_v3/toolchain/bin/../lib/gcc/arm-none-eabi/4.8.4/../../../../arm-none-eabi/lib/armv7e-m\libm.a(lib_a-e_pow.o) (__aeabi_dsub)
c:/freescale/kds_v3/toolchain/bin/../lib/gcc/arm-none-eabi/4.8.4/armv7e-m\libgcc.a(_arm_muldivdf3.o)
                              ./Sources/display.o (__aeabi_dmul)
c:/freescale/kds_v3/toolchain/bin/../lib/gcc/arm-none-eabi/4.8.4/armv7e-m\libgcc.a(_arm_cmpdf2.o)
                              c:/freescale/kds_v3/toolchain/bin/../lib/gcc/arm-none-eabi/4.8.4/../../../../arm-none-eabi/lib/armv7e-m\libm.a(lib_a-w_pow.o) (__aeabi_dcmpeq)
c:/freescale/kds_v3/toolchain/bin/../lib/gcc/arm-none-eabi/4.8.4/armv7e-m\libgcc.a(_arm_fixdfsi.o)
                              ./Sources/display.o (__aeabi_d2iz)
c:/freescale/kds_v3/toolchain/bin/../lib/gcc/arm-none-eabi/4.8.4/armv7e-m\libgcc.a(_arm_addsubsf3.o)
                              ./Sources/Events.o (__aeabi_fsub)
c:/freescale/kds_v3/toolchain/bin/../lib/gcc/arm-none-eabi/4.8.4/armv7e-m\libgcc.a(_arm_cmpsf2.o)
                              ./Sources/display.o (__aeabi_fcmpeq)
c:/freescale/kds_v3/toolchain/bin/../lib/gcc/arm-none-eabi/4.8.4/armv7e-m\libgcc.a(_arm_fixsfsi.o)
[...]
Memory Configuration

Name             Origin             Length             Attributes
m_interrupts     0x00000000         0x000001bc         xr
m_text           0x00000410         0x00030000         xr
m_data           0x1fff8000         0x00008000         rw
m_data_20000000  0x20000000         0x00008000         rw
m_cfmprotrom     0x00000400         0x00000010         xr
*default*        0x00000000         0xffffffff

Linker script and memory map

LOAD c:/freescale/kds_v3/toolchain/bin/../lib/gcc/arm-none-eabi/4.8.4/armv7e-m/crti.o
LOAD c:/freescale/kds_v3/toolchain/bin/../lib/gcc/arm-none-eabi/4.8.4/armv7e-m/crtbegin.o
LOAD c:/freescale/kds_v3/toolchain/bin/../lib/gcc/arm-none-eabi/4.8.4/../../../../arm-none-eabi/lib/armv7e-m/crt0.o
LOAD ./Sources/Events.o
LOAD ./Sources/LCD.o
LOAD ./Sources/PCA9670.o
LOAD ./Sources/cue.o
LOAD ./Sources/display.o
LOAD ./Sources/eeprom.o
LOAD ./Sources/encoder_variable.o
LOAD ./Sources/main.o
LOAD ./Sources/menu.o
LOAD ./Sources/parameters.o
LOAD ./Sources/protocol.o
LOAD ./Sources/send.o
LOAD ./Project_Settings/Startup_Code/startup.o
LOAD ./Generated_Code/AS1.o
LOAD ./Generated_Code/ASerialLdd1.o
LOAD ./Generated_Code/BitIoLdd1.o
LOAD ./Generated_Code/BitIoLdd2.o
LOAD ./Generated_Code/BitIoLdd3.o
LOAD ./Generated_Code/BitIoLdd4.o
LOAD ./Generated_Code/BitIoLdd5.o
LOAD ./Generated_Code/BitIoLdd6.o
LOAD ./Generated_Code/BitIoLdd7.o
LOAD ./Generated_Code/CS1.o
LOAD ./Generated_Code/Cpu.o
LOAD ./Generated_Code/ENCODER.o
LOAD ./Generated_Code/ENCODER_PUSH.o
LOAD ./Generated_Code/ExtIntLdd1.o
LOAD ./Generated_Code/ExtIntLdd2.o
LOAD ./Generated_Code/ExtIntLdd3.o
LOAD ./Generated_Code/ExtIntLdd4.o
LOAD ./Generated_Code/ExtIntLdd5.o
LOAD ./Generated_Code/I2C0.o
LOAD ./Generated_Code/IFsh1.o
LOAD ./Generated_Code/IntFlashLdd1.o
LOAD ./Generated_Code/IntI2cLdd1.o
LOAD ./Generated_Code/KSDK1.o
LOAD ./Generated_Code/LCD_CTR.o
LOAD ./Generated_Code/LCD_EN.o
LOAD ./Generated_Code/LED_DEBUG.o
LOAD ./Generated_Code/LED_STATUS_1.o
LOAD ./Generated_Code/LED_STATUS_2.o
LOAD ./Generated_Code/LED_STATUS_3.o
LOAD ./Generated_Code/LED_STATUS_4.o
LOAD ./Generated_Code/LEVER_DIR1.o
LOAD ./Generated_Code/LEVER_DIR2.o
LOAD ./Generated_Code/PCA.o
LOAD ./Generated_Code/PE_LDD.o
LOAD ./Generated_Code/PUSH_BUTTON_REC.o
LOAD ./Generated_Code/PUSH_BUTTON_SEND.o
LOAD ./Generated_Code/TU1.o
LOAD ./Generated_Code/T_100ms.o
LOAD ./Generated_Code/T_500ms.o
LOAD ./Generated_Code/Vectors.o
LOAD ./Generated_Code/WAIT1.o
LOAD ./.metadata/.plugins/org.eclipse.cdt.make.core/specs.o
LOAD c:/freescale/kds_v3/toolchain/bin/../lib/gcc/arm-none-eabi/4.8.4/../../../../arm-none-eabi/lib/armv7e-m\libstdc++_s.a
LOAD c:/freescale/kds_v3/toolchain/bin/../lib/gcc/arm-none-eabi/4.8.4/../../../../arm-none-eabi/lib/armv7e-m\libm.a
START GROUP
LOAD c:/freescale/kds_v3/toolchain/bin/../lib/gcc/arm-none-eabi/4.8.4/armv7e-m\libgcc.a
LOAD c:/freescale/kds_v3/toolchain/bin/../lib/gcc/arm-none-eabi/4.8.4/../../../../arm-none-eabi/lib/armv7e-m\libg_s.a
LOAD c:/freescale/kds_v3/toolchain/bin/../lib/gcc/arm-none-eabi/4.8.4/../../../../arm-none-eabi/lib/armv7e-m\libc_s.a
END GROUP
START GROUP
LOAD c:/freescale/kds_v3/toolchain/bin/../lib/gcc/arm-none-eabi/4.8.4/armv7e-m\libgcc.a
LOAD c:/freescale/kds_v3/toolchain/bin/../lib/gcc/arm-none-eabi/4.8.4/../../../../arm-none-eabi/lib/armv7e-m\libc_s.a
LOAD c:/freescale/kds_v3/toolchain/bin/../lib/gcc/arm-none-eabi/4.8.4/../../../../arm-none-eabi/lib/armv7e-m\libnosys.a
END GROUP
START GROUP
LOAD c:/freescale/kds_v3/toolchain/bin/../lib/gcc/arm-none-eabi/4.8.4/armv7e-m\libgcc.a
LOAD c:/freescale/kds_v3/toolchain/bin/../lib/gcc/arm-none-eabi/4.8.4/../../../../arm-none-eabi/lib/armv7e-m\libc_s.a
LOAD c:/freescale/kds_v3/toolchain/bin/../lib/gcc/arm-none-eabi/4.8.4/../../../../arm-none-eabi/lib/armv7e-m\libnosys.a
END GROUP
LOAD c:/freescale/kds_v3/toolchain/bin/../lib/gcc/arm-none-eabi/4.8.4/armv7e-m/crtend.o
LOAD c:/freescale/kds_v3/toolchain/bin/../lib/gcc/arm-none-eabi/4.8.4/armv7e-m/crtn.o
                0x20000000                _estack = 0x20000000
                0x20000000                __SP_INIT = _estack
                0x20000000                __stack = _estack
                0x00000000                __heap_size = 0x0
                0x00000400                __stack_size = 0x400

.interrupts     0x00000000      0x1bc
                0x00000000                __vector_table = .
                0x00000000                . = ALIGN (0x4)
 *(.vectortable)
 .vectortable   0x00000000      0x1bc ./Generated_Code/Vectors.o
                0x00000000                __vect_table
                0x000001bc                . = ALIGN (0x4)

.cfmprotect     0x00000400       0x10
                0x00000400                . = ALIGN (0x4)
 *(.cfmconfig)
 .cfmconfig     0x00000400       0x10 ./Generated_Code/Cpu.o
                0x00000400                _cfm
                0x00000410                . = ALIGN (0x4)

.text           0x00000410     0xe8a4
                0x00000410                . = ALIGN (0x4)
 *(.text)
 .text          0x00000410       0x54 c:/freescale/kds_v3/toolchain/bin/../lib/gcc/arm-none-eabi/4.8.4/armv7e-m/crtbegin.o
 .text          0x00000464       0x74 c:/freescale/kds_v3/toolchain/bin/../lib/gcc/arm-none-eabi/4.8.4/../../../../arm-none-eabi/lib/armv7e-m/crt0.o
                0x00000464                _start
                0x00000464                _mainCRTStartup
 .text          0x000004d8      0x370 c:/freescale/kds_v3/toolchain/bin/../lib/gcc/arm-none-eabi/4.8.4/armv7e-m\libgcc.a(_arm_addsubdf3.o)
                0x000004d8                __aeabi_drsub
                0x000004e0                __aeabi_dsub
                0x000004e0                __subdf3
                0x000004e4                __aeabi_dadd
                0x000004e4                __adddf3
                0x0000075c                __floatunsidf
                0x0000075c                __aeabi_ui2d
                0x0000077c                __floatsidf
                0x0000077c                __aeabi_i2d
                0x000007a0                __aeabi_f2d
                0x000007a0                __extendsfdf2
                0x000007dc                __floatundidf
                0x000007dc                __aeabi_ul2d
                0x000007ec                __floatdidf
                0x000007ec                __aeabi_l2d
 .text          0x00000848      0x424 c:/freescale/kds_v3/toolchain/bin/../lib/gcc/arm-none-eabi/4.8.4/armv7e-m\libgcc.a(_arm_muldivdf3.o)
                0x00000848                __aeabi_dmul
                0x00000848                __muldf3
                0x00000a9c                __divdf3
                0x00000a9c                __aeabi_ddiv
 .text          0x00000c6c      0x110 c:/freescale/kds_v3/toolchain/bin/../lib/gcc/arm-none-eabi/4.8.4/armv7e-m\libgcc.a(_arm_cmpdf2.o)
                0x00000c6c                __gtdf2
                0x00000c6c                __gedf2
                0x00000c74                __ltdf2
                0x00000c74                __ledf2
                0x00000c7c                __nedf2
                0x00000c7c                __eqdf2
                0x00000c7c                __cmpdf2
                0x00000cf8                __aeabi_cdrcmple
                0x00000d08                __aeabi_cdcmpeq
                0x00000d08                __aeabi_cdcmple
                0x00000d18                __aeabi_dcmpeq
                0x00000d2c                __aeabi_dcmplt
                0x00000d40                __aeabi_dcmple
                0x00000d54                __aeabi_dcmpge
                0x00000d68                __aeabi_dcmpgt
 .text          0x00000d7c       0x50 c:/freescale/kds_v3/toolchain/bin/../lib/gcc/arm-none-eabi/4.8.4/armv7e-m\libgcc.a(_arm_fixdfsi.o)
                0x00000d7c                __aeabi_d2iz
                0x00000d7c                __fixdfsi
 .text          0x00000dcc      0x21c c:/freescale/kds_v3/toolchain/bin/../lib/gcc/arm-none-eabi/4.8.4/armv7e-m\libgcc.a(_arm_addsubsf3.o)
                0x00000dcc                __aeabi_frsub
                0x00000dd4                __subsf3
                0x00000dd4                __aeabi_fsub
                0x00000dd8                __aeabi_fadd
                0x00000dd8                __addsf3
                0x00000f38                __aeabi_ui2f
                0x00000f38                __floatunsisf
                0x00000f40                __aeabi_i2f
                0x00000f40                __floatsisf
                0x00000f5c                __aeabi_ul2f
                0x00000f5c                __floatundisf
                0x00000f6c                __aeabi_l2f
                0x00000f6c                __floatdisf
 .text          0x00000fe8       0xec c:/freescale/kds_v3/toolchain/bin/../lib/gcc/arm-none-eabi/4.8.4/armv7e-m\libgcc.a(_arm_cmpsf2.o)
                0x00000fe8                __gesf2
                0x00000fe8                __gtsf2
                0x00000ff0                __lesf2
                0x00000ff0                __ltsf2
                0x00000ff8                __nesf2
                0x00000ff8                __eqsf2
                0x00000ff8                __cmpsf2
                0x00001058                __aeabi_cfrcmple
                0x00001060                __aeabi_cfcmpeq
                0x00001060                __aeabi_cfcmple
                0x00001070                __aeabi_fcmpeq
                0x00001084                __aeabi_fcmplt
                0x00001098                __aeabi_fcmple
                0x000010ac                __aeabi_fcmpge
                0x000010c0                __aeabi_fcmpgt
 .text          0x000010d4       0x4c c:/freescale/kds_v3/toolchain/bin/../lib/gcc/arm-none-eabi/4.8.4/armv7e-m\libgcc.a(_arm_fixsfsi.o)
                0x000010d4                __aeabi_f2iz
                0x000010d4                __fixsfsi
 .text          0x00001120       0x40 c:/freescale/kds_v3/toolchain/bin/../lib/gcc/arm-none-eabi/4.8.4/armv7e-m\libgcc.a(_arm_fixunssfsi.o)
                0x00001120                __fixunssfsi
                0x00001120                __aeabi_f2uiz
 .text          0x00001160      0xa1c c:/freescale/kds_v3/toolchain/bin/../lib/gcc/arm-none-eabi/4.8.4/armv7e-m\libgcc.a(unwind-arm.o)
                0x00001444                _Unwind_GetCFA
                0x00001448                __gnu_Unwind_RaiseException
                0x000014a8                __gnu_Unwind_ForcedUnwind
                0x000014bc                __gnu_Unwind_Resume
                0x00001500                __gnu_Unwind_Resume_or_Rethrow
                0x00001510                _Unwind_Complete
                0x00001514                _Unwind_DeleteException
                0x00001524                _Unwind_VRS_Get
                0x00001574                _Unwind_VRS_Set
                0x000015c4                __gnu_Unwind_Backtrace
                0x00001918                __aeabi_unwind_cpp_pr0
                0x00001920                __aeabi_unwind_cpp_pr1
                0x00001928                __aeabi_unwind_cpp_pr2
                0x00001930                _Unwind_VRS_Pop
 .text          0x00001b7c      0x1ac c:/freescale/kds_v3/toolchain/bin/../lib/gcc/arm-none-eabi/4.8.4/armv7e-m\libgcc.a(libunwind.o)
                0x00001b7c                __restore_core_regs
                0x00001b7c                restore_core_regs
                0x00001b94                __gnu_Unwind_Restore_VFP
                0x00001b9c                __gnu_Unwind_Save_VFP
                0x00001ba4                __gnu_Unwind_Restore_VFP_D
                0x00001bac                __gnu_Unwind_Save_VFP_D
                0x00001bb4                __gnu_Unwind_Restore_VFP_D_16_to_31
                0x00001bbc                __gnu_Unwind_Save_VFP_D_16_to_31
                0x00001bc4                __gnu_Unwind_Restore_WMMXD
                0x00001c08                __gnu_Unwind_Save_WMMXD
                0x00001c4c                __gnu_Unwind_Restore_WMMXC
                0x00001c60                __gnu_Unwind_Save_WMMXC
                0x00001c74                ___Unwind_RaiseException
                0x00001c74                _Unwind_RaiseException
                0x00001c98                _Unwind_Resume
                0x00001c98                ___Unwind_Resume
                0x00001cbc                _Unwind_Resume_or_Rethrow
                0x00001cbc                ___Unwind_Resume_or_Rethrow
                0x00001ce0                _Unwind_ForcedUnwind
                0x00001ce0                ___Unwind_ForcedUnwind
                0x00001d04                ___Unwind_Backtrace
                0x00001d04                _Unwind_Backtrace
 .text          0x00001d28      0x33c c:/freescale/kds_v3/toolchain/bin/../lib/gcc/arm-none-eabi/4.8.4/armv7e-m\libgcc.a(pr-support.o)
                0x00001d7c                __gnu_unwind_execute
                0x00002008                __gnu_unwind_frame
                0x00002034                _Unwind_GetRegionStart
                0x00002040                _Unwind_GetLanguageSpecificData
                0x00002054                _Unwind_GetDataRelBase
                0x0000205c                _Unwind_GetTextRelBase
 .text          0x00002064       0x14 c:/freescale/kds_v3/toolchain/bin/../lib/gcc/arm-none-eabi/4.8.4/../../../../arm-none-eabi/lib/armv7e-m\libg_s.a(lib_a-strcmp.o)
                0x00002064                strcmp
 *(.text*)
 .text.PUSH_BUTTON_REC_OnInterrupt
                0x00002078       0x18 ./Sources/Events.o
                0x00002078                PUSH_BUTTON_REC_OnInterrupt
 .text.PUSH_BUTTON_SEND_OnInterrupt
                0x00002090       0x18 ./Sources/Events.o
                0x00002090                PUSH_BUTTON_SEND_OnInterrupt
 .text.I2C0_OnReceiveData
                0x000020a8        0xc ./Sources/Events.o
                0x000020a8                I2C0_OnReceiveData
 .text.I2C0_OnTransmitData
                0x000020b4        0xc ./Sources/Events.o
                0x000020b4                I2C0_OnTransmitData
 .text.T_100ms_OnCounterRestart
                0x000020c0       0x5c ./Sources/Events.o
                0x000020c0                T_100ms_OnCounterRestart
 .text.LEVER_DIR2_OnInterrupt
                0x0000211c       0x40 ./Sources/Events.o
                0x0000211c                LEVER_DIR2_OnInterrupt
 .text.LEVER_DIR1_OnInterrupt
                0x0000215c       0x40 ./Sources/Events.o
                0x0000215c                LEVER_DIR1_OnInterrupt
 .text.ENCODER_PUSH_OnInterrupt
                0x0000219c       0xf4 ./Sources/Events.o
                0x0000219c                ENCODER_PUSH_OnInterrupt
 .text.ENCODER_OnPortEvent
                0x00002290       0xc0 ./Sources/Events.o
                0x00002290                ENCODER_OnPortEvent
 .text.T_500ms_OnCounterRestart
                0x00002350       0xb8 ./Sources/Events.o
                0x00002350                T_500ms_OnCounterRestart
 .text.I2C0_OnArbitLost
                0x00002408        0xc ./Sources/Events.o
                0x00002408                I2C0_OnArbitLost
 .text.AS1_OnTxComplete
                0x00002414       0x14 ./Sources/Events.o
                0x00002414                AS1_OnTxComplete
 .text.AS1_OnError
                0x00002428        0xc ./Sources/Events.o
                0x00002428                AS1_OnError
 .text.AS1_OnRxChar
                0x00002434        0xc ./Sources/Events.o
                0x00002434                AS1_OnRxChar
 .text.AS1_OnRxCharExt
                0x00002440       0xa8 ./Sources/Events.o
                0x00002440                AS1_OnRxCharExt
 .text.AS1_OnTxChar
                0x000024e8       0x14 ./Sources/Events.o
                0x000024e8                AS1_OnTxChar
 .text.AS1_OnFullRxBuf
                0x000024fc       0x24 ./Sources/Events.o
                0x000024fc                AS1_OnFullRxBuf
 .text.AS1_OnFreeTxBuf
                0x00002520        0xc ./Sources/Events.o
                0x00002520                AS1_OnFreeTxBuf
 .text.TU1_OnCounterRestart
                0x0000252c       0x1c ./Sources/Events.o
                0x0000252c                TU1_OnCounterRestart
 .text.LCD_Init
                0x00002548       0x50 ./Sources/LCD.o
                0x00002548                LCD_Init
 .text.LCD_command
                0x00002598       0x30 ./Sources/LCD.o
                0x00002598                LCD_command
 .text.LCD_Set_Cursor
                0x000025c8       0x58 ./Sources/LCD.o
                0x000025c8                LCD_Set_Cursor
 .text.LCD_Write
                0x00002620       0x28 ./Sources/LCD.o
                0x00002620                LCD_Write
 .text.load_custom_char
                0x00002648       0x50 ./Sources/LCD.o
                0x00002648                load_custom_char
 .text.LCD_Write_At
                0x00002698       0x3c ./Sources/LCD.o
                0x00002698                LCD_Write_At
 .text.LCD_Write_Block
                0x000026d4       0xa0 ./Sources/LCD.o
                0x000026d4                LCD_Write_Block
 .text.PCA9670_Init
                0x00002774       0x34 ./Sources/PCA9670.o
                0x00002774                PCA9670_Init
 .text.PCA9670_SendByte
                0x000027a8       0x3c ./Sources/PCA9670.o
                0x000027a8                PCA9670_SendByte
 .text.select_cue
                0x000027e4      0x180 ./Sources/cue.o
                0x000027e4                select_cue
 .text.vspfunc  0x00002964       0x30 ./Sources/display.o
                0x00002964                vspfunc
 .text.print_float_at
                0x00002994      0x174 ./Sources/display.o
                0x00002994                print_float_at
 .text.print_int_at
                0x00002b08       0xa0 ./Sources/display.o
                0x00002b08                print_int_at
 .text.print_cue_array
                0x00002ba8      0x1d0 ./Sources/display.o
                0x00002ba8                print_cue_array
 .text.print_all_cue
                0x00002d78      0x110 ./Sources/display.o
                0x00002d78                print_all_cue
 .text.load_char
                0x00002e88       0xe8 ./Sources/display.o
                0x00002e88                load_char
 .text.menu_init
                0x00002f70       0x1c ./Sources/display.o
                0x00002f70                menu_init
 .text.refresh  0x00002f8c       0x24 ./Sources/display.o
                0x00002f8c                refresh
 .text.select   0x00002fb0       0x24 ./Sources/display.o
                0x00002fb0                select
 .text.back     0x00002fd4       0x38 ./Sources/display.o
                0x00002fd4                back
 .text.controle_mode_display
                0x0000300c       0x4c ./Sources/display.o
                0x0000300c                controle_mode_display
 .text.control_mode_fct
                0x00003058       0x5c ./Sources/display.o
                0x00003058                control_mode_fct
 .text.update_icon_dir
                0x000030b4       0x74 ./Sources/display.o
                0x000030b4                update_icon_dir
 .text.update_icon_drive_enable
                0x00003128       0x38 ./Sources/display.o
                0x00003128                update_icon_drive_enable
 .text.refresh_fct
                0x00003160       0xdc ./Sources/display.o
                0x00003160                refresh_fct
 .text.velocity_fct
                0x0000323c      0x344 ./Sources/display.o
                0x0000323c                velocity_fct
 .text.acceleration_fct
                0x00003580      0x114 ./Sources/display.o
                0x00003580                acceleration_fct
 .text.deceleration_fct
                0x00003694      0x114 ./Sources/display.o
                0x00003694                deceleration_fct
 .text.back_fct
                0x000037a8       0x30 ./Sources/display.o
                0x000037a8                back_fct
 .text.pos_position_fct
                0x000037d8      0x380 ./Sources/display.o
                0x000037d8                pos_position_fct
 .text.pos_velocity_fct
                0x00003b58      0x114 ./Sources/display.o
                0x00003b58                pos_velocity_fct
 .text.pos_acceleration_fct
                0x00003c6c      0x114 ./Sources/display.o
                0x00003c6c                pos_acceleration_fct
 .text.pos_deceleration_fct
                0x00003d80      0x114 ./Sources/display.o
                0x00003d80                pos_deceleration_fct
 .text.pos_set_home_fct
                0x00003e94       0x8c ./Sources/display.o
                0x00003e94                pos_set_home_fct
 .text.torque_fct
                0x00003f20      0x33c ./Sources/display.o
                0x00003f20                torque_fct
 .text.torque_rise_fct
                0x0000425c      0x110 ./Sources/display.o
                0x0000425c                torque_rise_fct
 .text.torque_fall_fct
                0x0000436c      0x110 ./Sources/display.o
                0x0000436c                torque_fall_fct
 .text.pos_play_cue_fct
                0x0000447c      0x2ac ./Sources/display.o
                0x0000447c                pos_play_cue_fct
 .text.pos_rec_cue_fct
                0x00004728      0x218 ./Sources/display.o
                0x00004728                pos_rec_cue_fct
 .text.pos_mod_cue_fct
                0x00004940      0x2b8 ./Sources/display.o
                0x00004940                pos_mod_cue_fct
 .text.pos_del_cue_fct
                0x00004bf8      0x2c4 ./Sources/display.o
                0x00004bf8                pos_del_cue_fct
 .text.vel_play_cue_fct
                0x00004ebc      0x2b8 ./Sources/display.o
                0x00004ebc                vel_play_cue_fct
 .text.vel_rec_cue_fct
                0x00005174      0x218 ./Sources/display.o
                0x00005174                vel_rec_cue_fct
 .text.vel_mod_cue_fct
                0x0000538c      0x2b8 ./Sources/display.o
                0x0000538c                vel_mod_cue_fct
 .text.vel_del_cue_fct
                0x00005644      0x2c4 ./Sources/display.o
                0x00005644                vel_del_cue_fct
 .text.short_cut_position_menu
                0x00005908       0x68 ./Sources/display.o
                0x00005908                short_cut_position_menu
 .text._Z41__static_initialization_and_destruction_0ii
                0x00005970      0x7b8 ./Sources/display.o
 .text._GLOBAL__sub_I_buffer
                0x00006128       0x10 ./Sources/display.o
 .text.load_cue
                0x00006138      0x110 ./Sources/eeprom.o
                0x00006138                load_cue
 .text.write_cue
                0x00006248      0x16c ./Sources/eeprom.o
                0x00006248                write_cue
 .text.erase_cue
                0x000063b4       0x5c ./Sources/eeprom.o
                0x000063b4                erase_cue
 .text.get_slot_saved
                0x00006410      0x118 ./Sources/eeprom.o
                0x00006410                get_slot_saved
 .text.get_cue_values
                0x00006528       0xd8 ./Sources/eeprom.o
                0x00006528                get_cue_values
 .text.main     0x00006600      0x56c ./Sources/main.o
                0x00006600                main
 .text.init_menu
                0x00006b6c       0x44 ./Sources/menu.o
                0x00006b6c                init_menu
 .text.init_sub_menu
                0x00006bb0       0x68 ./Sources/menu.o
                0x00006bb0                init_sub_menu
 .text.init_sub_menu2
                0x00006c18       0x48 ./Sources/menu.o
                0x00006c18                init_sub_menu2
 .text.init_menu_list
                0x00006c60       0x30 ./Sources/menu.o
                0x00006c60                init_menu_list
 .text.init_sub_menu_list
                0x00006c90       0x30 ./Sources/menu.o
                0x00006c90                init_sub_menu_list
 .text.init_sub_menu2_list
                0x00006cc0       0x30 ./Sources/menu.o
                0x00006cc0                init_sub_menu2_list
 .text.print_menu
                0x00006cf0      0x140 ./Sources/menu.o
                0x00006cf0                print_menu
 .text.print_sub_menu
                0x00006e30      0x178 ./Sources/menu.o
                0x00006e30                print_sub_menu
 .text.print_sub_menu2
                0x00006fa8      0x178 ./Sources/menu.o
                0x00006fa8                print_sub_menu2
 .text.menu_select
                0x00007120      0x2b4 ./Sources/menu.o
                0x00007120                menu_select
 .text.menu_back
                0x000073d4      0x37c ./Sources/menu.o
                0x000073d4                menu_back
 .text.refresh_menu
                0x00007750      0x174 ./Sources/menu.o
                0x00007750                refresh_menu
 .text.void_function
                0x000078c4        0xc ./Sources/menu.o
                0x000078c4                void_function
 .text.parameters_init
                0x000078d0       0xc8 ./Sources/parameters.o
                0x000078d0                parameters_init
 .text.convert  0x00007998       0x3c ./Sources/parameters.o
                0x00007998                convert
 .text.serial_send_block
                0x000079d4       0xdc ./Sources/protocol.o
                0x000079d4                serial_send_block
 .text.serial_send_float
                0x00007ab0       0x30 ./Sources/protocol.o
                0x00007ab0                serial_send_float
 .text.serial_send_int
                0x00007ae0       0x30 ./Sources/protocol.o
                0x00007ae0                serial_send_int
 .text.serial_send_string
                0x00007b10       0x58 ./Sources/protocol.o
                0x00007b10                serial_send_string
 .text.serial_send_char
                0x00007b68       0x30 ./Sources/protocol.o
                0x00007b68                serial_send_char
 .text.serial_send_end
                0x00007b98       0x14 ./Sources/protocol.o
                0x00007b98                serial_send_end
 .text.msg_parse
                0x00007bac      0x1d4 ./Sources/protocol.o
                0x00007bac                msg_parse
 .text.msg_processing
                0x00007d80      0x2ac ./Sources/protocol.o
                0x00007d80                msg_processing
 .text.Send_Control_Mode
                0x0000802c       0x30 ./Sources/send.o
                0x0000802c                Send_Control_Mode
 .text.send_fct
                0x0000805c      0x36c ./Sources/send.o
                0x0000805c                send_fct
 .text.get_update_drive_en
                0x000083c8       0x24 ./Sources/send.o
                0x000083c8                get_update_drive_en
 .text.get_update_value
                0x000083ec      0x180 ./Sources/send.o
                0x000083ec                get_update_value
 .text.send_stop
                0x0000856c       0x34 ./Sources/send.o
                0x0000856c                send_stop
 .text.send_velocity_cue
                0x000085a0       0x94 ./Sources/send.o
                0x000085a0                send_velocity_cue
 .text.send_position_cue
                0x00008634       0xfc ./Sources/send.o
                0x00008634                send_position_cue
 .text.velocity_processing
                0x00008730       0x50 ./Sources/send.o
                0x00008730                velocity_processing
 .text.velocity_ref_processing
                0x00008780       0x44 ./Sources/send.o
                0x00008780                velocity_ref_processing
 .text.acceleration_processing
                0x000087c4       0x50 ./Sources/send.o
                0x000087c4                acceleration_processing
 .text.deceleration_processing
                0x00008814       0x50 ./Sources/send.o
                0x00008814                deceleration_processing
 .text.torque_processing
                0x00008864       0x44 ./Sources/send.o
                0x00008864                torque_processing
 .text.torque_rise_processing
                0x000088a8       0x44 ./Sources/send.o
                0x000088a8                torque_rise_processing
 .text.torque_fall_processing
                0x000088ec       0x44 ./Sources/send.o
                0x000088ec                torque_fall_processing
 .text.control_mode_processing
                0x00008930       0x78 ./Sources/send.o
                0x00008930                control_mode_processing
 .text.drive_enable_processing
                0x000089a8       0x24 ./Sources/send.o
                0x000089a8                drive_enable_processing
 .text.__copy_rom_section
                0x000089cc       0xe4 ./Project_Settings/Startup_Code/startup.o
                0x000089cc                __copy_rom_section
 .text.__copy_rom_sections_to_ram
                0x00008ab0       0x9c ./Project_Settings/Startup_Code/startup.o
                0x00008ab0                __copy_rom_sections_to_ram
 .text.__init_registers
                0x00008b4c        0xc ./Project_Settings/Startup_Code/startup.o
                0x00008b4c                __init_registers
 .text.__init_user
                0x00008b58        0xc ./Project_Settings/Startup_Code/startup.o
                0x00008b58                __init_user
 .text.__thumb_startup
                0x00008b64       0x34 ./Project_Settings/Startup_Code/startup.o
                0x00008b64                __thumb_startup
 .text.HWEnDi   0x00008b98       0x1c ./Generated_Code/AS1.o
 .text.AS1_SendChar
                0x00008bb4       0xe0 ./Generated_Code/AS1.o
                0x00008bb4                AS1_SendChar
 .text.AS1_SendBlock
                0x00008c94      0x148 ./Generated_Code/AS1.o
                0x00008c94                AS1_SendBlock
 .text.AS1_ClearRxBuf
                0x00008ddc       0x78 ./Generated_Code/AS1.o
                0x00008ddc                AS1_ClearRxBuf
 .text.AS1_Init
                0x00008e54       0x60 ./Generated_Code/AS1.o
                0x00008e54                AS1_Init
 .text.ASerialLdd1_OnBlockReceived
                0x00008eb4       0xd4 ./Generated_Code/AS1.o
                0x00008eb4                ASerialLdd1_OnBlockReceived
 .text.ASerialLdd1_OnBlockSent
                0x00008f88       0xd8 ./Generated_Code/AS1.o
                0x00008f88                ASerialLdd1_OnBlockSent
 .text.ASerialLdd1_OnError
                0x00009060       0x9c ./Generated_Code/AS1.o
                0x00009060                ASerialLdd1_OnError
 .text.ASerialLdd1_OnTxComplete
                0x000090fc       0x14 ./Generated_Code/AS1.o
                0x000090fc                ASerialLdd1_OnTxComplete
 .text.ASerialLdd1_OnBreak
                0x00009110       0x24 ./Generated_Code/AS1.o
                0x00009110                ASerialLdd1_OnBreak
 .text.ASerialLdd1_Init
                0x00009134      0x1c0 ./Generated_Code/ASerialLdd1.o
                0x00009134                ASerialLdd1_Init
 .text.ASerialLdd1_ReceiveBlock
                0x000092f4       0x90 ./Generated_Code/ASerialLdd1.o
                0x000092f4                ASerialLdd1_ReceiveBlock
 .text.ASerialLdd1_SendBlock
                0x00009384       0xbc ./Generated_Code/ASerialLdd1.o
                0x00009384                ASerialLdd1_SendBlock
 .text.InterruptRx
                0x00009440       0x58 ./Generated_Code/ASerialLdd1.o
 .text.InterruptTx
                0x00009498       0x9c ./Generated_Code/ASerialLdd1.o
 .text.ASerialLdd1_Interrupt
                0x00009534      0x130 ./Generated_Code/ASerialLdd1.o
                0x00009534                ASerialLdd1_Interrupt
 .text.ASerialLdd1_GetError
                0x00009664       0x70 ./Generated_Code/ASerialLdd1.o
                0x00009664                ASerialLdd1_GetError
 .text.BitIoLdd1_Init
                0x000096d4       0x64 ./Generated_Code/BitIoLdd1.o
                0x000096d4                BitIoLdd1_Init
 .text.BitIoLdd2_Init
                0x00009738       0x64 ./Generated_Code/BitIoLdd2.o
                0x00009738                BitIoLdd2_Init
 .text.BitIoLdd2_ClrVal
                0x0000979c       0x1c ./Generated_Code/BitIoLdd2.o
                0x0000979c                BitIoLdd2_ClrVal
 .text.BitIoLdd2_SetVal
                0x000097b8       0x1c ./Generated_Code/BitIoLdd2.o
                0x000097b8                BitIoLdd2_SetVal
 .text.BitIoLdd2_NegVal
                0x000097d4       0x1c ./Generated_Code/BitIoLdd2.o
                0x000097d4                BitIoLdd2_NegVal
 .text.BitIoLdd3_Init
                0x000097f0       0x64 ./Generated_Code/BitIoLdd3.o
                0x000097f0                BitIoLdd3_Init
 .text.BitIoLdd3_ClrVal
                0x00009854       0x1c ./Generated_Code/BitIoLdd3.o
                0x00009854                BitIoLdd3_ClrVal
 .text.BitIoLdd3_SetVal
                0x00009870       0x1c ./Generated_Code/BitIoLdd3.o
                0x00009870                BitIoLdd3_SetVal
 .text.BitIoLdd4_Init
                0x0000988c       0x64 ./Generated_Code/BitIoLdd4.o
                0x0000988c                BitIoLdd4_Init
 .text.BitIoLdd4_ClrVal
                0x000098f0       0x1c ./Generated_Code/BitIoLdd4.o
                0x000098f0                BitIoLdd4_ClrVal
 .text.BitIoLdd4_SetVal
                0x0000990c       0x1c ./Generated_Code/BitIoLdd4.o
                0x0000990c                BitIoLdd4_SetVal
 .text.BitIoLdd5_Init
                0x00009928       0x64 ./Generated_Code/BitIoLdd5.o
                0x00009928                BitIoLdd5_Init
 .text.BitIoLdd5_ClrVal
                0x0000998c       0x1c ./Generated_Code/BitIoLdd5.o
                0x0000998c                BitIoLdd5_ClrVal
 .text.BitIoLdd5_SetVal
                0x000099a8       0x1c ./Generated_Code/BitIoLdd5.o
                0x000099a8                BitIoLdd5_SetVal
 .text.BitIoLdd6_Init
                0x000099c4       0x64 ./Generated_Code/BitIoLdd6.o
                0x000099c4                BitIoLdd6_Init
 .text.BitIoLdd6_ClrVal
                0x00009a28       0x20 ./Generated_Code/BitIoLdd6.o
                0x00009a28                BitIoLdd6_ClrVal
 .text.BitIoLdd6_SetVal
                0x00009a48       0x20 ./Generated_Code/BitIoLdd6.o
                0x00009a48                BitIoLdd6_SetVal
 .text.BitIoLdd7_Init
                0x00009a68       0x64 ./Generated_Code/BitIoLdd7.o
                0x00009a68                BitIoLdd7_Init
 .text.BitIoLdd7_ClrVal
                0x00009acc       0x1c ./Generated_Code/BitIoLdd7.o
                0x00009acc                BitIoLdd7_ClrVal
 .text.BitIoLdd7_SetVal
                0x00009ae8       0x1c ./Generated_Code/BitIoLdd7.o
                0x00009ae8                BitIoLdd7_SetVal
 .text.Cpu_ivINT_PORTC
                0x00009b04       0x30 ./Generated_Code/Cpu.o
                0x00009b04                Cpu_ivINT_PORTC
 .text.Cpu_ivINT_NMI
                0x00009b34       0x18 ./Generated_Code/Cpu.o
                0x00009b34                Cpu_ivINT_NMI
 .text.Cpu_ivINT_Hard_Fault
                0x00009b4c       0x18 ./Generated_Code/Cpu.o
                0x00009b4c                Cpu_ivINT_Hard_Fault
 .text.Cpu_ivINT_Mem_Manage_Fault
                0x00009b64       0x18 ./Generated_Code/Cpu.o
                0x00009b64                Cpu_ivINT_Mem_Manage_Fault
 .text.Cpu_ivINT_Bus_Fault
                0x00009b7c       0x18 ./Generated_Code/Cpu.o
                0x00009b7c                Cpu_ivINT_Bus_Fault
 .text.Cpu_ivINT_Usage_Fault
                0x00009b94       0x18 ./Generated_Code/Cpu.o
                0x00009b94                Cpu_ivINT_Usage_Fault
 .text.Cpu_ivINT_Reserved7
                0x00009bac       0x18 ./Generated_Code/Cpu.o
                0x00009bac                Cpu_ivINT_Reserved7
 .text.Cpu_ivINT_Reserved8
                0x00009bc4       0x18 ./Generated_Code/Cpu.o
                0x00009bc4                Cpu_ivINT_Reserved8
 .text.Cpu_ivINT_Reserved9
                0x00009bdc       0x18 ./Generated_Code/Cpu.o
                0x00009bdc                Cpu_ivINT_Reserved9
 .text.Cpu_ivINT_Reserved10
                0x00009bf4       0x18 ./Generated_Code/Cpu.o
                0x00009bf4                Cpu_ivINT_Reserved10
 .text.Cpu_ivINT_SVCall
                0x00009c0c       0x18 ./Generated_Code/Cpu.o
                0x00009c0c                Cpu_ivINT_SVCall
 .text.Cpu_ivINT_DebugMonitor
                0x00009c24       0x18 ./Generated_Code/Cpu.o
                0x00009c24                Cpu_ivINT_DebugMonitor
 .text.Cpu_ivINT_Reserved13
                0x00009c3c       0x18 ./Generated_Code/Cpu.o
                0x00009c3c                Cpu_ivINT_Reserved13
 .text.Cpu_ivINT_PendableSrvReq
                0x00009c54       0x18 ./Generated_Code/Cpu.o
                0x00009c54                Cpu_ivINT_PendableSrvReq
 .text.Cpu_ivINT_SysTick
                0x00009c6c       0x18 ./Generated_Code/Cpu.o
                0x00009c6c                Cpu_ivINT_SysTick
 .text.Cpu_ivINT_DMA0
                0x00009c84       0x18 ./Generated_Code/Cpu.o
                0x00009c84                Cpu_ivINT_DMA0
 .text.Cpu_ivINT_DMA1
                0x00009c9c       0x18 ./Generated_Code/Cpu.o
                0x00009c9c                Cpu_ivINT_DMA1
 .text.Cpu_ivINT_DMA2
                0x00009cb4       0x18 ./Generated_Code/Cpu.o
                0x00009cb4                Cpu_ivINT_DMA2
 .text.Cpu_ivINT_DMA3
                0x00009ccc       0x18 ./Generated_Code/Cpu.o
                0x00009ccc                Cpu_ivINT_DMA3
 .text.Cpu_ivINT_DMA4
                0x00009ce4       0x18 ./Generated_Code/Cpu.o
                0x00009ce4                Cpu_ivINT_DMA4
 .text.Cpu_ivINT_DMA5
                0x00009cfc       0x18 ./Generated_Code/Cpu.o
                0x00009cfc                Cpu_ivINT_DMA5
 .text.Cpu_ivINT_DMA6
                0x00009d14       0x18 ./Generated_Code/Cpu.o
                0x00009d14                Cpu_ivINT_DMA6
 .text.Cpu_ivINT_DMA7
                0x00009d2c       0x18 ./Generated_Code/Cpu.o
                0x00009d2c                Cpu_ivINT_DMA7
 .text.Cpu_ivINT_DMA8
                0x00009d44       0x18 ./Generated_Code/Cpu.o
                0x00009d44                Cpu_ivINT_DMA8
 .text.Cpu_ivINT_DMA9
                0x00009d5c       0x18 ./Generated_Code/Cpu.o
                0x00009d5c                Cpu_ivINT_DMA9
 .text.Cpu_ivINT_DMA10
                0x00009d74       0x18 ./Generated_Code/Cpu.o
                0x00009d74                Cpu_ivINT_DMA10
 .text.Cpu_ivINT_DMA11
                0x00009d8c       0x18 ./Generated_Code/Cpu.o
                0x00009d8c                Cpu_ivINT_DMA11
 .text.Cpu_ivINT_DMA12
                0x00009da4       0x18 ./Generated_Code/Cpu.o
                0x00009da4                Cpu_ivINT_DMA12
 .text.Cpu_ivINT_DMA13
                0x00009dbc       0x18 ./Generated_Code/Cpu.o
                0x00009dbc                Cpu_ivINT_DMA13
 .text.Cpu_ivINT_DMA14
                0x00009dd4       0x18 ./Generated_Code/Cpu.o
                0x00009dd4                Cpu_ivINT_DMA14
 .text.Cpu_ivINT_DMA15
                0x00009dec       0x18 ./Generated_Code/Cpu.o
                0x00009dec                Cpu_ivINT_DMA15
 .text.Cpu_ivINT_DMA_Error
                0x00009e04       0x18 ./Generated_Code/Cpu.o
                0x00009e04                Cpu_ivINT_DMA_Error
 .text.Cpu_ivINT_MCM
                0x00009e1c       0x18 ./Generated_Code/Cpu.o
                0x00009e1c                Cpu_ivINT_MCM
 .text.Cpu_ivINT_FTFL
                0x00009e34       0x18 ./Generated_Code/Cpu.o
                0x00009e34                Cpu_ivINT_FTFL
 .text.Cpu_ivINT_Read_Collision
                0x00009e4c       0x18 ./Generated_Code/Cpu.o
                0x00009e4c                Cpu_ivINT_Read_Collision
 .text.Cpu_ivINT_LVD_LVW
                0x00009e64       0x18 ./Generated_Code/Cpu.o
                0x00009e64                Cpu_ivINT_LVD_LVW
 .text.Cpu_ivINT_LLW
                0x00009e7c       0x18 ./Generated_Code/Cpu.o
                0x00009e7c                Cpu_ivINT_LLW
 .text.Cpu_ivINT_Watchdog
                0x00009e94       0x18 ./Generated_Code/Cpu.o
                0x00009e94                Cpu_ivINT_Watchdog
 .text.Cpu_ivINT_Reserved39
                0x00009eac       0x18 ./Generated_Code/Cpu.o
                0x00009eac                Cpu_ivINT_Reserved39
 .text.Cpu_ivINT_I2C1
                0x00009ec4       0x18 ./Generated_Code/Cpu.o
                0x00009ec4                Cpu_ivINT_I2C1
 .text.Cpu_ivINT_SPI0
                0x00009edc       0x18 ./Generated_Code/Cpu.o
                0x00009edc                Cpu_ivINT_SPI0
 .text.Cpu_ivINT_SPI1
                0x00009ef4       0x18 ./Generated_Code/Cpu.o
                0x00009ef4                Cpu_ivINT_SPI1
 .text.Cpu_ivINT_Reserved44
                0x00009f0c       0x18 ./Generated_Code/Cpu.o
                0x00009f0c                Cpu_ivINT_Reserved44
 .text.Cpu_ivINT_CAN0_ORed_Message_buffer
                0x00009f24       0x18 ./Generated_Code/Cpu.o
                0x00009f24                Cpu_ivINT_CAN0_ORed_Message_buffer
 .text.Cpu_ivINT_CAN0_Bus_Off
                0x00009f3c       0x18 ./Generated_Code/Cpu.o
                0x00009f3c                Cpu_ivINT_CAN0_Bus_Off
 .text.Cpu_ivINT_CAN0_Error
                0x00009f54       0x18 ./Generated_Code/Cpu.o
                0x00009f54                Cpu_ivINT_CAN0_Error
 .text.Cpu_ivINT_CAN0_Tx_Warning
                0x00009f6c       0x18 ./Generated_Code/Cpu.o
                0x00009f6c                Cpu_ivINT_CAN0_Tx_Warning
 .text.Cpu_ivINT_CAN0_Rx_Warning
                0x00009f84       0x18 ./Generated_Code/Cpu.o
                0x00009f84                Cpu_ivINT_CAN0_Rx_Warning
 .text.Cpu_ivINT_CAN0_Wake_Up
                0x00009f9c       0x18 ./Generated_Code/Cpu.o
                0x00009f9c                Cpu_ivINT_CAN0_Wake_Up
 .text.Cpu_ivINT_I2S0_Tx
                0x00009fb4       0x18 ./Generated_Code/Cpu.o
                0x00009fb4                Cpu_ivINT_I2S0_Tx
 .text.Cpu_ivINT_I2S0_Rx
                0x00009fcc       0x18 ./Generated_Code/Cpu.o
                0x00009fcc                Cpu_ivINT_I2S0_Rx
 .text.Cpu_ivINT_Reserved53
                0x00009fe4       0x18 ./Generated_Code/Cpu.o
                0x00009fe4                Cpu_ivINT_Reserved53
 .text.Cpu_ivINT_Reserved54
                0x00009ffc       0x18 ./Generated_Code/Cpu.o
                0x00009ffc                Cpu_ivINT_Reserved54
 .text.Cpu_ivINT_Reserved55
                0x0000a014       0x18 ./Generated_Code/Cpu.o
                0x0000a014                Cpu_ivINT_Reserved55
 .text.Cpu_ivINT_Reserved56
                0x0000a02c       0x18 ./Generated_Code/Cpu.o
                0x0000a02c                Cpu_ivINT_Reserved56
 .text.Cpu_ivINT_Reserved57
                0x0000a044       0x18 ./Generated_Code/Cpu.o
                0x0000a044                Cpu_ivINT_Reserved57
 .text.Cpu_ivINT_Reserved58
                0x0000a05c       0x18 ./Generated_Code/Cpu.o
                0x0000a05c                Cpu_ivINT_Reserved58
 .text.Cpu_ivINT_Reserved59
                0x0000a074       0x18 ./Generated_Code/Cpu.o
                0x0000a074                Cpu_ivINT_Reserved59
 .text.Cpu_ivINT_UART0_LON
                0x0000a08c       0x18 ./Generated_Code/Cpu.o
                0x0000a08c                Cpu_ivINT_UART0_LON
 .text.Cpu_ivINT_UART1_RX_TX
                0x0000a0a4       0x18 ./Generated_Code/Cpu.o
                0x0000a0a4                Cpu_ivINT_UART1_RX_TX
 .text.Cpu_ivINT_UART1_ERR
                0x0000a0bc       0x18 ./Generated_Code/Cpu.o
                0x0000a0bc                Cpu_ivINT_UART1_ERR
 .text.Cpu_ivINT_UART2_RX_TX
                0x0000a0d4       0x18 ./Generated_Code/Cpu.o
                0x0000a0d4                Cpu_ivINT_UART2_RX_TX
 .text.Cpu_ivINT_UART2_ERR
                0x0000a0ec       0x18 ./Generated_Code/Cpu.o
                0x0000a0ec                Cpu_ivINT_UART2_ERR
 .text.Cpu_ivINT_UART3_RX_TX
                0x0000a104       0x18 ./Generated_Code/Cpu.o
                0x0000a104                Cpu_ivINT_UART3_RX_TX
 .text.Cpu_ivINT_UART3_ERR
                0x0000a11c       0x18 ./Generated_Code/Cpu.o
                0x0000a11c                Cpu_ivINT_UART3_ERR
 .text.Cpu_ivINT_Reserved69
                0x0000a134       0x18 ./Generated_Code/Cpu.o
                0x0000a134                Cpu_ivINT_Reserved69
 .text.Cpu_ivINT_Reserved70
                0x0000a14c       0x18 ./Generated_Code/Cpu.o
                0x0000a14c                Cpu_ivINT_Reserved70
 .text.Cpu_ivINT_Reserved71
                0x0000a164       0x18 ./Generated_Code/Cpu.o
                0x0000a164                Cpu_ivINT_Reserved71
 .text.Cpu_ivINT_Reserved72
                0x0000a17c       0x18 ./Generated_Code/Cpu.o
                0x0000a17c                Cpu_ivINT_Reserved72
 .text.Cpu_ivINT_ADC0
                0x0000a194       0x18 ./Generated_Code/Cpu.o
                0x0000a194                Cpu_ivINT_ADC0
 .text.Cpu_ivINT_ADC1
                0x0000a1ac       0x18 ./Generated_Code/Cpu.o
                0x0000a1ac                Cpu_ivINT_ADC1
 .text.Cpu_ivINT_CMP0
                0x0000a1c4       0x18 ./Generated_Code/Cpu.o
                0x0000a1c4                Cpu_ivINT_CMP0
 .text.Cpu_ivINT_CMP1
                0x0000a1dc       0x18 ./Generated_Code/Cpu.o
                0x0000a1dc                Cpu_ivINT_CMP1
 .text.Cpu_ivINT_CMP2
                0x0000a1f4       0x18 ./Generated_Code/Cpu.o
                0x0000a1f4                Cpu_ivINT_CMP2
 .text.Cpu_ivINT_CMT
                0x0000a20c       0x18 ./Generated_Code/Cpu.o
                0x0000a20c                Cpu_ivINT_CMT
 .text.Cpu_ivINT_RTC
                0x0000a224       0x18 ./Generated_Code/Cpu.o
                0x0000a224                Cpu_ivINT_RTC
 .text.Cpu_ivINT_RTC_Seconds
                0x0000a23c       0x18 ./Generated_Code/Cpu.o
                0x0000a23c                Cpu_ivINT_RTC_Seconds
 .text.Cpu_ivINT_PIT0
                0x0000a254       0x18 ./Generated_Code/Cpu.o
                0x0000a254                Cpu_ivINT_PIT0
 .text.Cpu_ivINT_PIT1
                0x0000a26c       0x18 ./Generated_Code/Cpu.o
                0x0000a26c                Cpu_ivINT_PIT1
 .text.Cpu_ivINT_PIT2
                0x0000a284       0x18 ./Generated_Code/Cpu.o
                0x0000a284                Cpu_ivINT_PIT2
 .text.Cpu_ivINT_PIT3
                0x0000a29c       0x18 ./Generated_Code/Cpu.o
                0x0000a29c                Cpu_ivINT_PIT3
 .text.Cpu_ivINT_PDB0
                0x0000a2b4       0x18 ./Generated_Code/Cpu.o
                0x0000a2b4                Cpu_ivINT_PDB0
 .text.Cpu_ivINT_USB0
                0x0000a2cc       0x18 ./Generated_Code/Cpu.o
                0x0000a2cc                Cpu_ivINT_USB0
 .text.Cpu_ivINT_USBDCD
                0x0000a2e4       0x18 ./Generated_Code/Cpu.o
                0x0000a2e4                Cpu_ivINT_USBDCD
 .text.Cpu_ivINT_Reserved91
                0x0000a2fc       0x18 ./Generated_Code/Cpu.o
                0x0000a2fc                Cpu_ivINT_Reserved91
 .text.Cpu_ivINT_Reserved92
                0x0000a314       0x18 ./Generated_Code/Cpu.o
                0x0000a314                Cpu_ivINT_Reserved92
 .text.Cpu_ivINT_Reserved93
                0x0000a32c       0x18 ./Generated_Code/Cpu.o
                0x0000a32c                Cpu_ivINT_Reserved93
 .text.Cpu_ivINT_Reserved94
                0x0000a344       0x18 ./Generated_Code/Cpu.o
                0x0000a344                Cpu_ivINT_Reserved94
 .text.Cpu_ivINT_Reserved95
                0x0000a35c       0x18 ./Generated_Code/Cpu.o
                0x0000a35c                Cpu_ivINT_Reserved95
 .text.Cpu_ivINT_Reserved96
                0x0000a374       0x18 ./Generated_Code/Cpu.o
                0x0000a374                Cpu_ivINT_Reserved96
 .text.Cpu_ivINT_DAC0
                0x0000a38c       0x18 ./Generated_Code/Cpu.o
                0x0000a38c                Cpu_ivINT_DAC0
 .text.Cpu_ivINT_Reserved98
                0x0000a3a4       0x18 ./Generated_Code/Cpu.o
                0x0000a3a4                Cpu_ivINT_Reserved98
 .text.Cpu_ivINT_TSI0
                0x0000a3bc       0x18 ./Generated_Code/Cpu.o
                0x0000a3bc                Cpu_ivINT_TSI0
 .text.Cpu_ivINT_MCG
                0x0000a3d4       0x18 ./Generated_Code/Cpu.o
                0x0000a3d4                Cpu_ivINT_MCG
 .text.Cpu_ivINT_LPTimer
                0x0000a3ec       0x18 ./Generated_Code/Cpu.o
                0x0000a3ec                Cpu_ivINT_LPTimer
 .text.Cpu_ivINT_Reserved102
                0x0000a404       0x18 ./Generated_Code/Cpu.o
                0x0000a404                Cpu_ivINT_Reserved102
 .text.Cpu_ivINT_PORTA
                0x0000a41c       0x18 ./Generated_Code/Cpu.o
                0x0000a41c                Cpu_ivINT_PORTA
 .text.Cpu_ivINT_PORTB
                0x0000a434       0x18 ./Generated_Code/Cpu.o
                0x0000a434                Cpu_ivINT_PORTB
 .text.Cpu_ivINT_PORTD
                0x0000a44c       0x18 ./Generated_Code/Cpu.o
                0x0000a44c                Cpu_ivINT_PORTD
 .text.Cpu_ivINT_PORTE
                0x0000a464       0x18 ./Generated_Code/Cpu.o
                0x0000a464                Cpu_ivINT_PORTE
 .text.Cpu_ivINT_Reserved108
                0x0000a47c       0x18 ./Generated_Code/Cpu.o
                0x0000a47c                Cpu_ivINT_Reserved108
 .text.Cpu_ivINT_Reserved109
                0x0000a494       0x18 ./Generated_Code/Cpu.o
                0x0000a494                Cpu_ivINT_Reserved109
 .text.Cpu_ivINT_SWI
                0x0000a4ac       0x18 ./Generated_Code/Cpu.o
                0x0000a4ac                Cpu_ivINT_SWI
 .text.__init_hardware
                0x0000a4c4      0x140 ./Generated_Code/Cpu.o
                0x0000a4c4                __init_hardware
 .text.Cpu_SetBASEPRI
                0x0000a604       0x18 ./Generated_Code/Cpu.o
                0x0000a604                Cpu_SetBASEPRI
 .text.PE_low_level_init
                0x0000a61c      0x10c ./Generated_Code/Cpu.o
                0x0000a61c                PE_low_level_init
 .text.ENCODER_Init
                0x0000a728       0xac ./Generated_Code/ENCODER.o
                0x0000a728                ENCODER_Init
 .text.ENCODER_GetFieldValue
                0x0000a7d4       0x40 ./Generated_Code/ENCODER.o
                0x0000a7d4                ENCODER_GetFieldValue
 .text.ENCODER_Interrupt
                0x0000a814       0x4c ./Generated_Code/ENCODER.o
                0x0000a814                ENCODER_Interrupt
 .text.ExtIntLdd1_OnInterrupt
                0x0000a860       0x14 ./Generated_Code/ENCODER_PUSH.o
                0x0000a860                ExtIntLdd1_OnInterrupt
 .text.ExtIntLdd1_Init
                0x0000a874       0x80 ./Generated_Code/ExtIntLdd1.o
                0x0000a874                ExtIntLdd1_Init
 .text.ExtIntLdd1_Interrupt
                0x0000a8f4       0x3c ./Generated_Code/ExtIntLdd1.o
                0x0000a8f4                ExtIntLdd1_Interrupt
 .text.ExtIntLdd1_GetVal
                0x0000a930       0x2c ./Generated_Code/ExtIntLdd1.o
                0x0000a930                ExtIntLdd1_GetVal
 .text.ExtIntLdd2_Init
                0x0000a95c       0x80 ./Generated_Code/ExtIntLdd2.o
                0x0000a95c                ExtIntLdd2_Init
 .text.ExtIntLdd2_Interrupt
                0x0000a9dc       0x3c ./Generated_Code/ExtIntLdd2.o
                0x0000a9dc                ExtIntLdd2_Interrupt
 .text.ExtIntLdd2_GetVal
                0x0000aa18       0x2c ./Generated_Code/ExtIntLdd2.o
                0x0000aa18                ExtIntLdd2_GetVal
 .text.ExtIntLdd3_Init
                0x0000aa44       0x80 ./Generated_Code/ExtIntLdd3.o
                0x0000aa44                ExtIntLdd3_Init
 .text.ExtIntLdd3_Interrupt
                0x0000aac4       0x3c ./Generated_Code/ExtIntLdd3.o
                0x0000aac4                ExtIntLdd3_Interrupt
 .text.ExtIntLdd3_GetVal
                0x0000ab00       0x2c ./Generated_Code/ExtIntLdd3.o
                0x0000ab00                ExtIntLdd3_GetVal
 .text.ExtIntLdd4_Init
                0x0000ab2c       0x7c ./Generated_Code/ExtIntLdd4.o
                0x0000ab2c                ExtIntLdd4_Init
 .text.ExtIntLdd4_Interrupt
                0x0000aba8       0x3c ./Generated_Code/ExtIntLdd4.o
                0x0000aba8                ExtIntLdd4_Interrupt
 .text.ExtIntLdd5_Init
                0x0000abe4       0x7c ./Generated_Code/ExtIntLdd5.o
                0x0000abe4                ExtIntLdd5_Init
 .text.ExtIntLdd5_Interrupt
                0x0000ac60       0x3c ./Generated_Code/ExtIntLdd5.o
                0x0000ac60                ExtIntLdd5_Interrupt
 .text.I2C0_SendChar
                0x0000ac9c       0x2c ./Generated_Code/I2C0.o
                0x0000ac9c                I2C0_SendChar
 .text.I2C0_SendBlock
                0x0000acc8       0xc0 ./Generated_Code/I2C0.o
                0x0000acc8                I2C0_SendBlock
 .text.I2C0_SelectSlave
                0x0000ad88       0x34 ./Generated_Code/I2C0.o
                0x0000ad88                I2C0_SelectSlave
 .text.I2C0_Init
                0x0000adbc       0x20 ./Generated_Code/I2C0.o
                0x0000adbc                I2C0_Init
 .text.IntI2cLdd1_OnMasterBlockSent
                0x0000addc       0x14 ./Generated_Code/I2C0.o
                0x0000addc                IntI2cLdd1_OnMasterBlockSent
 .text.IntI2cLdd1_OnMasterBlockReceived
                0x0000adf0       0x14 ./Generated_Code/I2C0.o
                0x0000adf0                IntI2cLdd1_OnMasterBlockReceived
 .text.IntI2cLdd1_OnError
                0x0000ae04       0x30 ./Generated_Code/I2C0.o
                0x0000ae04                IntI2cLdd1_OnError
 .text.IFsh1_GetFlash
                0x0000ae34       0x84 ./Generated_Code/IFsh1.o
                0x0000ae34                IFsh1_GetFlash
 .text.IFsh1_SetFlash
                0x0000aeb8      0x1a8 ./Generated_Code/IFsh1.o
                0x0000aeb8                IFsh1_SetFlash
 .text.IFsh1_Init
                0x0000b060       0x2c ./Generated_Code/IFsh1.o
                0x0000b060                IFsh1_Init
 .text.IFsh1_SetByteFlash
                0x0000b08c       0x24 ./Generated_Code/IFsh1.o
                0x0000b08c                IFsh1_SetByteFlash
 .text.IFsh1_GetByteFlash
                0x0000b0b0       0x20 ./Generated_Code/IFsh1.o
                0x0000b0b0                IFsh1_GetByteFlash
 .text.IFsh1_SetLongFlash
                0x0000b0d0       0x20 ./Generated_Code/IFsh1.o
                0x0000b0d0                IFsh1_SetLongFlash
 .text.IFsh1_GetLongFlash
                0x0000b0f0       0x20 ./Generated_Code/IFsh1.o
                0x0000b0f0                IFsh1_GetLongFlash
 .text.IntFlashLdd1_OnOperationComplete
                0x0000b110      0x190 ./Generated_Code/IFsh1.o
                0x0000b110                IntFlashLdd1_OnOperationComplete
 .text.IntFlashLdd1_OnError
                0x0000b2a0       0x54 ./Generated_Code/IFsh1.o
                0x0000b2a0                IntFlashLdd1_OnError
 .text.IntFlashLdd1_Init
                0x0000b2f4       0x64 ./Generated_Code/IntFlashLdd1.o
                0x0000b2f4                IntFlashLdd1_Init
 .text.IntFlashLdd1_Write
                0x0000b358       0x74 ./Generated_Code/IntFlashLdd1.o
                0x0000b358                IntFlashLdd1_Write
 .text.IntFlashLdd1_Read
                0x0000b3cc       0x70 ./Generated_Code/IntFlashLdd1.o
                0x0000b3cc                IntFlashLdd1_Read
 .text.IntFlashLdd1_Erase
                0x0000b43c       0x94 ./Generated_Code/IntFlashLdd1.o
                0x0000b43c                IntFlashLdd1_Erase
 .text.IntFlashLdd1_Main
                0x0000b4d0      0x2f4 ./Generated_Code/IntFlashLdd1.o
                0x0000b4d0                IntFlashLdd1_Main
 .text.IntFlashLdd1_GetError
                0x0000b7c4       0x90 ./Generated_Code/IntFlashLdd1.o
                0x0000b7c4                IntFlashLdd1_GetError
 .text.RangeCheck
                0x0000b854       0x38 ./Generated_Code/IntFlashLdd1.o
 .text.SafeRoutineCaller
                0x0000b88c       0x94 ./Generated_Code/IntFlashLdd1.o
 .text.IntI2cLdd1_Interrupt
                0x0000b920      0x2d4 ./Generated_Code/IntI2cLdd1.o
                0x0000b920                IntI2cLdd1_Interrupt
 .text.IntI2cLdd1_Init
                0x0000bbf4      0x13c ./Generated_Code/IntI2cLdd1.o
                0x0000bbf4                IntI2cLdd1_Init
 .text.IntI2cLdd1_MasterSendBlock
                0x0000bd30      0x190 ./Generated_Code/IntI2cLdd1.o
                0x0000bd30                IntI2cLdd1_MasterSendBlock
 .text.IntI2cLdd1_SelectSlaveDevice
                0x0000bec0       0xf0 ./Generated_Code/IntI2cLdd1.o
                0x0000bec0                IntI2cLdd1_SelectSlaveDevice
 .text.IntI2cLdd1_GetError
                0x0000bfb0       0x70 ./Generated_Code/IntI2cLdd1.o
                0x0000bfb0                IntI2cLdd1_GetError
 .text.ExtIntLdd2_OnInterrupt
                0x0000c020       0x14 ./Generated_Code/LEVER_DIR1.o
                0x0000c020                ExtIntLdd2_OnInterrupt
 .text.ExtIntLdd3_OnInterrupt
                0x0000c034       0x14 ./Generated_Code/LEVER_DIR2.o
                0x0000c034                ExtIntLdd3_OnInterrupt
 .text.ExtIntLdd5_OnInterrupt
                0x0000c048       0x14 ./Generated_Code/PUSH_BUTTON_REC.o
                0x0000c048                ExtIntLdd5_OnInterrupt
 .text.ExtIntLdd4_OnInterrupt
                0x0000c05c       0x14 ./Generated_Code/PUSH_BUTTON_SEND.o
                0x0000c05c                ExtIntLdd4_OnInterrupt
 .text.TU1_Init
                0x0000c070       0xb0 ./Generated_Code/TU1.o
                0x0000c070                TU1_Init
 .text.TU1_Enable
                0x0000c120       0x30 ./Generated_Code/TU1.o
                0x0000c120                TU1_Enable
 .text.TU1_Disable
                0x0000c150       0x28 ./Generated_Code/TU1.o
                0x0000c150                TU1_Disable
 .text.TU1_Interrupt
                0x0000c178       0x6c ./Generated_Code/TU1.o
                0x0000c178                TU1_Interrupt
 .text.T_100ms_Init
                0x0000c1e4       0xb0 ./Generated_Code/T_100ms.o
                0x0000c1e4                T_100ms_Init
 .text.T_100ms_Enable
                0x0000c294       0x30 ./Generated_Code/T_100ms.o
                0x0000c294                T_100ms_Enable
 .text.T_100ms_Disable
                0x0000c2c4       0x28 ./Generated_Code/T_100ms.o
                0x0000c2c4                T_100ms_Disable
 .text.T_100ms_Interrupt
                0x0000c2ec       0x6c ./Generated_Code/T_100ms.o
                0x0000c2ec                T_100ms_Interrupt
 .text.T_500ms_Init
                0x0000c358       0xcc ./Generated_Code/T_500ms.o
                0x0000c358                T_500ms_Init
 .text.T_500ms_Interrupt
                0x0000c424       0x6c ./Generated_Code/T_500ms.o
                0x0000c424                T_500ms_Interrupt
 .text.WAIT1_Wait10Cycles
                0x0000c490        0x8 ./Generated_Code/WAIT1.o
                0x0000c490                WAIT1_Wait10Cycles
 .text.WAIT1_Wait100Cycles
                0x0000c498       0x1c ./Generated_Code/WAIT1.o
                0x0000c498                WAIT1_Wait100Cycles
 .text.WAIT1_WaitCycles
                0x0000c4b4       0x34 ./Generated_Code/WAIT1.o
                0x0000c4b4                WAIT1_WaitCycles
 .text.WAIT1_WaitLongCycles
                0x0000c4e8       0x38 ./Generated_Code/WAIT1.o
                0x0000c4e8                WAIT1_WaitLongCycles
 .text.WAIT1_Waitms
                0x0000c520       0x2c ./Generated_Code/WAIT1.o
                0x0000c520                WAIT1_Waitms
 .text.round    0x0000c54c       0x9c c:/freescale/kds_v3/toolchain/bin/../lib/gcc/arm-none-eabi/4.8.4/../../../../arm-none-eabi/lib/armv7e-m\libm.a(lib_a-s_round.o)
                0x0000c54c                round
 .text.pow      0x0000c5e8      0x2f8 c:/freescale/kds_v3/toolchain/bin/../lib/gcc/arm-none-eabi/4.8.4/../../../../arm-none-eabi/lib/armv7e-m\libm.a(lib_a-w_pow.o)
                0x0000c5e8                pow
 .text.__ieee754_pow
                0x0000c8e0      0xa78 c:/freescale/kds_v3/toolchain/bin/../lib/gcc/arm-none-eabi/4.8.4/../../../../arm-none-eabi/lib/armv7e-m\libm.a(lib_a-e_pow.o)
                0x0000c8e0                __ieee754_pow
 .text.__ieee754_sqrt
                0x0000d358      0x180 c:/freescale/kds_v3/toolchain/bin/../lib/gcc/arm-none-eabi/4.8.4/../../../../arm-none-eabi/lib/armv7e-m\libm.a(lib_a-e_sqrt.o)
                0x0000d358                __ieee754_sqrt
 .text.fabs     0x0000d4d8        0x8 c:/freescale/kds_v3/toolchain/bin/../lib/gcc/arm-none-eabi/4.8.4/../../../../arm-none-eabi/lib/armv7e-m\libm.a(lib_a-s_fabs.o)
                0x0000d4d8                fabs
 .text.finite   0x0000d4e0        0xc c:/freescale/kds_v3/toolchain/bin/../lib/gcc/arm-none-eabi/4.8.4/../../../../arm-none-eabi/lib/armv7e-m\libm.a(lib_a-s_finite.o)
                0x0000d4e0                finite
 .text.__fpclassifyd
                0x0000d4ec       0x50 c:/freescale/kds_v3/toolchain/bin/../lib/gcc/arm-none-eabi/4.8.4/../../../../arm-none-eabi/lib/armv7e-m\libm.a(lib_a-s_fpclassify.o)
                0x0000d4ec                __fpclassifyd
 .text.matherr  0x0000d53c        0x4 c:/freescale/kds_v3/toolchain/bin/../lib/gcc/arm-none-eabi/4.8.4/../../../../arm-none-eabi/lib/armv7e-m\libm.a(lib_a-s_matherr.o)
                0x0000d53c                matherr
 .text.nan      0x0000d540        0xc c:/freescale/kds_v3/toolchain/bin/../lib/gcc/arm-none-eabi/4.8.4/../../../../arm-none-eabi/lib/armv7e-m\libm.a(lib_a-s_nan.o)
                0x0000d540                nan
 .text.rint     0x0000d54c      0x118 c:/freescale/kds_v3/toolchain/bin/../lib/gcc/arm-none-eabi/4.8.4/../../../../arm-none-eabi/lib/armv7e-m\libm.a(lib_a-s_rint.o)
                0x0000d54c                rint
 *fill*         0x0000d664        0x4 
 .text.scalbn   0x0000d668      0x118 c:/freescale/kds_v3/toolchain/bin/../lib/gcc/arm-none-eabi/4.8.4/../../../../arm-none-eabi/lib/armv7e-m\libm.a(lib_a-s_scalbn.o)
                0x0000d668                scalbn
 .text.copysign
                0x0000d780       0x14 c:/freescale/kds_v3/toolchain/bin/../lib/gcc/arm-none-eabi/4.8.4/../../../../arm-none-eabi/lib/armv7e-m\libm.a(lib_a-s_copysign.o)
                0x0000d780                copysign
 .text.abort    0x0000d794        0xe c:/freescale/kds_v3/toolchain/bin/../lib/gcc/arm-none-eabi/4.8.4/../../../../arm-none-eabi/lib/armv7e-m\libg_s.a(lib_a-abort.o)
                0x0000d794                abort
 *fill*         0x0000d7a2        0x2 
 .text.__errno  0x0000d7a4        0xc c:/freescale/kds_v3/toolchain/bin/../lib/gcc/arm-none-eabi/4.8.4/../../../../arm-none-eabi/lib/armv7e-m\libg_s.a(lib_a-errno.o)
                0x0000d7a4                __errno
 .text.exit     0x0000d7b0       0x28 c:/freescale/kds_v3/toolchain/bin/../lib/gcc/arm-none-eabi/4.8.4/../../../../arm-none-eabi/lib/armv7e-m\libg_s.a(lib_a-exit.o)
                0x0000d7b0                exit
 .text.__libc_init_array
                0x0000d7d8       0x4c c:/freescale/kds_v3/toolchain/bin/../lib/gcc/arm-none-eabi/4.8.4/../../../../arm-none-eabi/lib/armv7e-m\libg_s.a(lib_a-init.o)
                0x0000d7d8                __libc_init_array
 .text.memcpy   0x0000d824       0x12 c:/freescale/kds_v3/toolchain/bin/../lib/gcc/arm-none-eabi/4.8.4/../../../../arm-none-eabi/lib/armv7e-m\libg_s.a(lib_a-memcpy-stub.o)
                0x0000d824                memcpy
 .text.memset   0x0000d836       0x10 c:/freescale/kds_v3/toolchain/bin/../lib/gcc/arm-none-eabi/4.8.4/../../../../arm-none-eabi/lib/armv7e-m\libg_s.a(lib_a-memset.o)
                0x0000d836                memset
 .text._raise_r
                0x0000d846       0x50 c:/freescale/kds_v3/toolchain/bin/../lib/gcc/arm-none-eabi/4.8.4/../../../../arm-none-eabi/lib/armv7e-m\libg_s.a(lib_a-signal.o)
                0x0000d846                _raise_r
 *fill*         0x0000d896        0x2 
 .text.raise    0x0000d898       0x10 c:/freescale/kds_v3/toolchain/bin/../lib/gcc/arm-none-eabi/4.8.4/../../../../arm-none-eabi/lib/armv7e-m\libg_s.a(lib_a-signal.o)
                0x0000d898                raise
 .text._kill_r  0x0000d8a8       0x24 c:/freescale/kds_v3/toolchain/bin/../lib/gcc/arm-none-eabi/4.8.4/../../../../arm-none-eabi/lib/armv7e-m\libg_s.a(lib_a-signalr.o)
                0x0000d8a8                _kill_r
 .text._getpid_r
                0x0000d8cc        0x4 c:/freescale/kds_v3/toolchain/bin/../lib/gcc/arm-none-eabi/4.8.4/../../../../arm-none-eabi/lib/armv7e-m\libg_s.a(lib_a-signalr.o)
                0x0000d8cc                _getpid_r
 .text.strlen   0x0000d8d0       0x10 c:/freescale/kds_v3/toolchain/bin/../lib/gcc/arm-none-eabi/4.8.4/../../../../arm-none-eabi/lib/armv7e-m\libg_s.a(lib_a-strlen.o)
                0x0000d8d0                strlen
 .text._vsprintf_r
                0x0000d8e0       0x30 c:/freescale/kds_v3/toolchain/bin/../lib/gcc/arm-none-eabi/4.8.4/../../../../arm-none-eabi/lib/armv7e-m\libg_s.a(lib_a-vsprintf.o)
                0x0000d8e0                _vsprintf_r
                0x0000d8e0                _vsiprintf_r
 .text.vsprintf
                0x0000d910       0x1c c:/freescale/kds_v3/toolchain/bin/../lib/gcc/arm-none-eabi/4.8.4/../../../../arm-none-eabi/lib/armv7e-m\libg_s.a(lib_a-vsprintf.o)
                0x0000d910                vsiprintf
                0x0000d910                vsprintf
 .text._malloc_r
                0x0000d92c       0xa8 c:/freescale/kds_v3/toolchain/bin/../lib/gcc/arm-none-eabi/4.8.4/../../../../arm-none-eabi/lib/armv7e-m\libg_s.a(lib_a-nano-mallocr.o)
                0x0000d92c                _malloc_r
 .text._sbrk_r  0x0000d9d4       0x20 c:/freescale/kds_v3/toolchain/bin/../lib/gcc/arm-none-eabi/4.8.4/../../../../arm-none-eabi/lib/armv7e-m\libg_s.a(lib_a-sbrkr.o)
                0x0000d9d4                _sbrk_r
 .text.__ssputs_r
                0x0000d9f4       0xb8 c:/freescale/kds_v3/toolchain/bin/../lib/gcc/arm-none-eabi/4.8.4/../../../../arm-none-eabi/lib/armv7e-m\libg_s.a(lib_a-svfprintf.o)
                0x0000d9f4                __ssputs_r
 .text._svfprintf_r
                0x0000daac      0x1dc c:/freescale/kds_v3/toolchain/bin/../lib/gcc/arm-none-eabi/4.8.4/../../../../arm-none-eabi/lib/armv7e-m\libg_s.a(lib_a-svfprintf.o)
                0x0000daac                _svfiprintf_r
                0x0000daac                _svfprintf_r
 .text._printf_common
                0x0000dc88       0xe4 c:/freescale/kds_v3/toolchain/bin/../lib/gcc/arm-none-eabi/4.8.4/../../../../arm-none-eabi/lib/armv7e-m\libg_s.a(lib_a-vfprintf_i.o)
                0x0000dc88                _printf_common
 .text._printf_i
                0x0000dd6c      0x228 c:/freescale/kds_v3/toolchain/bin/../lib/gcc/arm-none-eabi/4.8.4/../../../../arm-none-eabi/lib/armv7e-m\libg_s.a(lib_a-vfprintf_i.o)
                0x0000dd6c                _printf_i
 .text.memchr   0x0000df94       0x1e c:/freescale/kds_v3/toolchain/bin/../lib/gcc/arm-none-eabi/4.8.4/../../../../arm-none-eabi/lib/armv7e-m\libg_s.a(lib_a-memchr-stub.o)
                0x0000df94                memchr
 .text.memmove  0x0000dfb2       0x36 c:/freescale/kds_v3/toolchain/bin/../lib/gcc/arm-none-eabi/4.8.4/../../../../arm-none-eabi/lib/armv7e-m\libg_s.a(lib_a-memmove.o)
                0x0000dfb2                memmove
 .text._free_r  0x0000dfe8       0x88 c:/freescale/kds_v3/toolchain/bin/../lib/gcc/arm-none-eabi/4.8.4/../../../../arm-none-eabi/lib/armv7e-m\libg_s.a(lib_a-nano-freer.o)
                0x0000dfe8                _free_r
 .text._realloc_r
                0x0000e070       0x4c c:/freescale/kds_v3/toolchain/bin/../lib/gcc/arm-none-eabi/4.8.4/../../../../arm-none-eabi/lib/armv7e-m\libg_s.a(lib_a-nano-reallocr.o)
                0x0000e070                _realloc_r
 .text._malloc_usable_size_r
                0x0000e0bc       0x12 c:/freescale/kds_v3/toolchain/bin/../lib/gcc/arm-none-eabi/4.8.4/../../../../arm-none-eabi/lib/armv7e-m\libg_s.a(lib_a-nano-msizer.o)
                0x0000e0bc                _malloc_usable_size_r
 *fill*         0x0000e0ce        0x2 
 .text._getpid  0x0000e0d0       0x10 c:/freescale/kds_v3/toolchain/bin/../lib/gcc/arm-none-eabi/4.8.4/../../../../arm-none-eabi/lib/armv7e-m\libnosys.a(getpid.o)
                0x0000e0d0                _getpid
 .text._kill    0x0000e0e0       0x10 c:/freescale/kds_v3/toolchain/bin/../lib/gcc/arm-none-eabi/4.8.4/../../../../arm-none-eabi/lib/armv7e-m\libnosys.a(kill.o)
                0x0000e0e0                _kill
 .text._sbrk    0x0000e0f0       0x34 c:/freescale/kds_v3/toolchain/bin/../lib/gcc/arm-none-eabi/4.8.4/../../../../arm-none-eabi/lib/armv7e-m\libnosys.a(sbrk.o)
                0x0000e0f0                _sbrk
 .text._exit    0x0000e124        0x4 c:/freescale/kds_v3/toolchain/bin/../lib/gcc/arm-none-eabi/4.8.4/../../../../arm-none-eabi/lib/armv7e-m\libnosys.a(_exit.o)
                0x0000e124                _exit
 *(.rodata)
 .rodata        0x0000e128      0x5ac ./Sources/display.o
 .rodata        0x0000e6d4       0x18 ./Sources/menu.o
 .rodata        0x0000e6ec      0x27c ./Sources/protocol.o
 .rodata        0x0000e968      0x27c ./Sources/send.o
 *(.rodata*)
 .rodata.SafeRoutine
                0x0000ebe4       0x30 ./Generated_Code/IntFlashLdd1.o
 .rodata.str1.4
                0x0000ec14        0x4 c:/freescale/kds_v3/toolchain/bin/../lib/gcc/arm-none-eabi/4.8.4/../../../../arm-none-eabi/lib/armv7e-m\libm.a(lib_a-w_pow.o)
 .rodata.dp_h   0x0000ec18       0x10 c:/freescale/kds_v3/toolchain/bin/../lib/gcc/arm-none-eabi/4.8.4/../../../../arm-none-eabi/lib/armv7e-m\libm.a(lib_a-e_pow.o)
 .rodata.dp_l   0x0000ec28       0x10 c:/freescale/kds_v3/toolchain/bin/../lib/gcc/arm-none-eabi/4.8.4/../../../../arm-none-eabi/lib/armv7e-m\libm.a(lib_a-e_pow.o)
 .rodata.bp     0x0000ec38       0x10 c:/freescale/kds_v3/toolchain/bin/../lib/gcc/arm-none-eabi/4.8.4/../../../../arm-none-eabi/lib/armv7e-m\libm.a(lib_a-e_pow.o)
 .rodata.str1.4
                0x0000ec48        0x4 c:/freescale/kds_v3/toolchain/bin/../lib/gcc/arm-none-eabi/4.8.4/../../../../arm-none-eabi/lib/armv7e-m\libm.a(lib_a-e_pow.o)
 *fill*         0x0000ec4c        0x4 
 .rodata.TWO52  0x0000ec50       0x10 c:/freescale/kds_v3/toolchain/bin/../lib/gcc/arm-none-eabi/4.8.4/../../../../arm-none-eabi/lib/armv7e-m\libm.a(lib_a-s_rint.o)
 .rodata.str1.1
                0x0000ec60        0x2 c:/freescale/kds_v3/toolchain/bin/../lib/gcc/arm-none-eabi/4.8.4/../../../../arm-none-eabi/lib/armv7e-m\libg_s.a(lib_a-impure.o)
 *fill*         0x0000ec62        0x2 
 .rodata._global_impure_ptr
                0x0000ec64        0x4 c:/freescale/kds_v3/toolchain/bin/../lib/gcc/arm-none-eabi/4.8.4/../../../../arm-none-eabi/lib/armv7e-m\libg_s.a(lib_a-impure.o)
                0x0000ec64                _global_impure_ptr
 .rodata.str1.1
                0x0000ec68       0x11 c:/freescale/kds_v3/toolchain/bin/../lib/gcc/arm-none-eabi/4.8.4/../../../../arm-none-eabi/lib/armv7e-m\libg_s.a(lib_a-svfprintf.o)
 .rodata.str1.1
                0x0000ec79       0x22 c:/freescale/kds_v3/toolchain/bin/../lib/gcc/arm-none-eabi/4.8.4/../../../../arm-none-eabi/lib/armv7e-m\libg_s.a(lib_a-vfprintf_i.o)
 *(.glue_7)
 .glue_7        0x00000000        0x0 linker stubs
 *(.glue_7t)
 .glue_7t       0x00000000        0x0 linker stubs
 *(.eh_frame)
 *fill*         0x0000ec9b        0x1 
 .eh_frame      0x0000ec9c        0x0 c:/freescale/kds_v3/toolchain/bin/../lib/gcc/arm-none-eabi/4.8.4/armv7e-m/crtbegin.o
 *(.init)
 .init          0x0000ec9c        0x4 c:/freescale/kds_v3/toolchain/bin/../lib/gcc/arm-none-eabi/4.8.4/armv7e-m/crti.o
                0x0000ec9c                _init
 .init          0x0000eca0        0x8 c:/freescale/kds_v3/toolchain/bin/../lib/gcc/arm-none-eabi/4.8.4/armv7e-m/crtn.o
 *(.fini)
 .fini          0x0000eca8        0x4 c:/freescale/kds_v3/toolchain/bin/../lib/gcc/arm-none-eabi/4.8.4/armv7e-m/crti.o
                0x0000eca8                _fini
 .fini          0x0000ecac        0x8 c:/freescale/kds_v3/toolchain/bin/../lib/gcc/arm-none-eabi/4.8.4/armv7e-m/crtn.o
                0x0000ecb4                . = ALIGN (0x4)
                0x0000ecb4                _etext = .

.vfp11_veneer   0x0000ecb4        0x0
 .vfp11_veneer  0x00000000        0x0 linker stubs

.v4_bx          0x0000ecb4        0x0
 .v4_bx         0x00000000        0x0 linker stubs

.iplt           0x0000ecb4        0x0
 .iplt          0x00000000        0x0 c:/freescale/kds_v3/toolchain/bin/../lib/gcc/arm-none-eabi/4.8.4/armv7e-m/crtbegin.o

.ARM.extab      0x0000ecb4      0x294
 *(.ARM.extab* .gnu.linkonce.armextab.*)
 .ARM.extab.text.LCD_command
                0x0000ecb4        0xc ./Sources/LCD.o
 .ARM.extab.text.LCD_Set_Cursor
                0x0000ecc0        0xc ./Sources/LCD.o
 .ARM.extab.text.LCD_Write
                0x0000eccc        0xc ./Sources/LCD.o
 .ARM.extab.text.load_custom_char
                0x0000ecd8        0xc ./Sources/LCD.o
 .ARM.extab.text.LCD_Write_At
                0x0000ece4        0xc ./Sources/LCD.o
 .ARM.extab.text.LCD_Write_Block
                0x0000ecf0        0xc ./Sources/LCD.o
 .ARM.extab.text.PCA9670_SendByte
                0x0000ecfc        0xc ./Sources/PCA9670.o
 .ARM.extab.text.select_cue
                0x0000ed08        0xc ./Sources/cue.o
 .ARM.extab.text.print_float_at
                0x0000ed14        0xc ./Sources/display.o
 .ARM.extab.text.print_int_at
                0x0000ed20        0xc ./Sources/display.o
 .ARM.extab.text.print_cue_array
                0x0000ed2c        0xc ./Sources/display.o
 .ARM.extab.text.print_all_cue
                0x0000ed38        0xc ./Sources/display.o
 .ARM.extab.text.load_char
                0x0000ed44        0xc ./Sources/display.o
 .ARM.extab.text.menu_init
                0x0000ed50        0xc ./Sources/display.o
 .ARM.extab.text.refresh
                0x0000ed5c        0xc ./Sources/display.o
 .ARM.extab.text.select
                0x0000ed68        0xc ./Sources/display.o
 .ARM.extab.text.back
                0x0000ed74        0xc ./Sources/display.o
 .ARM.extab.text.controle_mode_display
                0x0000ed80        0xc ./Sources/display.o
 .ARM.extab.text.update_icon_dir
                0x0000ed8c        0xc ./Sources/display.o
 .ARM.extab.text.refresh_fct
                0x0000ed98        0xc ./Sources/display.o
 .ARM.extab.text.velocity_fct
                0x0000eda4        0xc ./Sources/display.o
 .ARM.extab.text.pos_position_fct
                0x0000edb0        0xc ./Sources/display.o
 .ARM.extab.text.torque_fct
                0x0000edbc        0xc ./Sources/display.o
 .ARM.extab.text.pos_play_cue_fct
                0x0000edc8        0xc ./Sources/display.o
 .ARM.extab.text.pos_rec_cue_fct
                0x0000edd4        0xc ./Sources/display.o
 .ARM.extab.text.pos_mod_cue_fct
                0x0000ede0        0xc ./Sources/display.o
 .ARM.extab.text.pos_del_cue_fct
                0x0000edec        0xc ./Sources/display.o
 .ARM.extab.text.vel_play_cue_fct
                0x0000edf8        0xc ./Sources/display.o
 .ARM.extab.text.vel_rec_cue_fct
                0x0000ee04        0xc ./Sources/display.o
 .ARM.extab.text.vel_mod_cue_fct
                0x0000ee10        0xc ./Sources/display.o
 .ARM.extab.text.vel_del_cue_fct
                0x0000ee1c        0xc ./Sources/display.o
 .ARM.extab.text.load_cue
                0x0000ee28        0xc ./Sources/eeprom.o
 .ARM.extab.text.write_cue
                0x0000ee34        0xc ./Sources/eeprom.o
 .ARM.extab.text.erase_cue
                0x0000ee40        0xc ./Sources/eeprom.o
 .ARM.extab.text.get_slot_saved
                0x0000ee4c        0xc ./Sources/eeprom.o
 .ARM.extab.text.get_cue_values
                0x0000ee58        0xc ./Sources/eeprom.o
 .ARM.extab.text.print_menu
                0x0000ee64        0xc ./Sources/menu.o
 .ARM.extab.text.print_sub_menu
                0x0000ee70        0xc ./Sources/menu.o
 .ARM.extab.text.print_sub_menu2
                0x0000ee7c        0xc ./Sources/menu.o
 .ARM.extab.text.menu_select
                0x0000ee88        0xc ./Sources/menu.o
 .ARM.extab.text.menu_back
                0x0000ee94        0xc ./Sources/menu.o
 .ARM.extab.text.refresh_menu
                0x0000eea0        0xc ./Sources/menu.o
 .ARM.extab.text.serial_send_block
                0x0000eeac        0xc ./Sources/protocol.o
 .ARM.extab.text.serial_send_float
                0x0000eeb8        0xc ./Sources/protocol.o
 .ARM.extab.text.serial_send_int
                0x0000eec4        0xc ./Sources/protocol.o
 .ARM.extab.text.serial_send_string
                0x0000eed0        0xc ./Sources/protocol.o
 .ARM.extab.text.serial_send_char
                0x0000eedc        0xc ./Sources/protocol.o
 .ARM.extab.text.msg_parse
                0x0000eee8        0xc ./Sources/protocol.o
 .ARM.extab.text.msg_processing
                0x0000eef4        0xc ./Sources/protocol.o
 .ARM.extab.text.Send_Control_Mode
                0x0000ef00        0xc ./Sources/send.o
 .ARM.extab.text.send_fct
                0x0000ef0c        0xc ./Sources/send.o
 .ARM.extab.text.get_update_value
                0x0000ef18        0xc ./Sources/send.o
 .ARM.extab     0x0000ef24        0xc c:/freescale/kds_v3/toolchain/bin/../lib/gcc/arm-none-eabi/4.8.4/armv7e-m\libgcc.a(unwind-arm.o)
 .ARM.extab     0x0000ef30       0x18 c:/freescale/kds_v3/toolchain/bin/../lib/gcc/arm-none-eabi/4.8.4/armv7e-m\libgcc.a(pr-support.o)

.ARM            0x0000ef48      0x2e8
                0x0000ef48                __exidx_start = .
 *(.ARM.exidx*)
 .ARM.exidx     0x0000ef48        0x8 c:/freescale/kds_v3/toolchain/bin/../lib/gcc/arm-none-eabi/4.8.4/../../../../arm-none-eabi/lib/armv7e-m/crt0.o
 .ARM.exidx.text.LCD_Init
                0x0000f010        0x8 ./Sources/LCD.o
 .ARM.exidx.text.LCD_command
                0x0000f018        0x8 ./Sources/LCD.o
 .ARM.exidx.text.LCD_Set_Cursor
                0x0000f020        0x8 ./Sources/LCD.o
 .ARM.exidx.text.LCD_Write
                0x0000f028        0x8 ./Sources/LCD.o
 .ARM.exidx.text.load_custom_char
                0x0000f030        0x8 ./Sources/LCD.o
 .ARM.exidx.text.LCD_Write_At
                0x0000f038        0x8 ./Sources/LCD.o
 .ARM.exidx.text.LCD_Write_Block
                0x0000f040        0x8 ./Sources/LCD.o
 .ARM.exidx.text.PCA9670_Init
                0x0000f048        0x8 ./Sources/PCA9670.o
 .ARM.exidx.text.PCA9670_SendByte
                0x0000f050        0x8 ./Sources/PCA9670.o
 .ARM.exidx.text.select_cue
                0x0000f058        0x8 ./Sources/cue.o
 .ARM.exidx.text.vspfunc
                0x0000f060        0x8 ./Sources/display.o
 .ARM.exidx.text.print_float_at
                0x0000f068        0x8 ./Sources/display.o
 .ARM.exidx.text.print_int_at
                0x0000f070        0x8 ./Sources/display.o
 .ARM.exidx.text.print_cue_array
                0x0000f078        0x8 ./Sources/display.o
 .ARM.exidx.text.print_all_cue
                0x0000f080        0x8 ./Sources/display.o
 .ARM.exidx.text.load_char
                0x0000f088        0x8 ./Sources/display.o
 .ARM.exidx.text.menu_init
                0x0000f090        0x8 ./Sources/display.o
 .ARM.exidx.text.refresh
                0x0000f098        0x8 ./Sources/display.o
 .ARM.exidx.text.select
                0x0000f0a0        0x8 ./Sources/display.o
 .ARM.exidx.text.back
                0x0000f0a8        0x8 ./Sources/display.o
 .ARM.exidx.text.controle_mode_display
                0x0000f0b0        0x8 ./Sources/display.o
 .ARM.exidx.text.control_mode_fct
                0x0000f0b8        0x8 ./Sources/display.o
 .ARM.exidx.text.update_icon_dir
                0x0000f0c0        0x8 ./Sources/display.o
 .ARM.exidx.text.update_icon_drive_enable
                0x0000f0c8        0x8 ./Sources/display.o
 .ARM.exidx.text.refresh_fct
                0x0000f0d0        0x8 ./Sources/display.o
 .ARM.exidx.text.velocity_fct
                0x0000f0d8        0x8 ./Sources/display.o
 .ARM.exidx.text.acceleration_fct
                0x0000f0e0        0x8 ./Sources/display.o
 .ARM.exidx.text.deceleration_fct
                0x0000f0e8        0x0 ./Sources/display.o
                                  0x8 (size before relaxing)
 .ARM.exidx.text.back_fct
                0x0000f0e8        0x0 ./Sources/display.o
                                  0x8 (size before relaxing)
 .ARM.exidx.text.pos_position_fct
                0x0000f0e8        0x8 ./Sources/display.o
 .ARM.exidx.text.pos_velocity_fct
                0x0000f0f0        0x8 ./Sources/display.o
 .ARM.exidx.text.pos_acceleration_fct
                0x0000f0f8        0x0 ./Sources/display.o
                                  0x8 (size before relaxing)
 .ARM.exidx.text.pos_deceleration_fct
                0x0000f0f8        0x0 ./Sources/display.o
                                  0x8 (size before relaxing)
 .ARM.exidx.text.pos_set_home_fct
                0x0000f0f8        0x0 ./Sources/display.o
                                  0x8 (size before relaxing)
 .ARM.exidx.text.torque_fct
                0x0000f0f8        0x8 ./Sources/display.o
 .ARM.exidx.text.torque_rise_fct
                0x0000f100        0x8 ./Sources/display.o
 .ARM.exidx.text.torque_fall_fct
                0x0000f108        0x0 ./Sources/display.o
                                  0x8 (size before relaxing)
 .ARM.exidx.text.pos_play_cue_fct
                0x0000f108        0x8 ./Sources/display.o
 .ARM.exidx.text.pos_rec_cue_fct
                0x0000f110        0x8 ./Sources/display.o
 .ARM.exidx.text.pos_mod_cue_fct
                0x0000f118        0x8 ./Sources/display.o
 .ARM.exidx.text.pos_del_cue_fct
                0x0000f120        0x8 ./Sources/display.o
 .ARM.exidx.text.vel_play_cue_fct
                0x0000f128        0x8 ./Sources/display.o
 .ARM.exidx.text.vel_rec_cue_fct
                0x0000f130        0x8 ./Sources/display.o
 .ARM.exidx.text.vel_mod_cue_fct
                0x0000f138        0x8 ./Sources/display.o
 .ARM.exidx.text.vel_del_cue_fct
                0x0000f140        0x8 ./Sources/display.o
 .ARM.exidx.text.short_cut_position_menu
                0x0000f148        0x8 ./Sources/display.o
 .ARM.exidx.text._Z41__static_initialization_and_destruction_0ii
                0x0000f150        0x8 ./Sources/display.o
 .ARM.exidx.text._GLOBAL__sub_I_buffer
                0x0000f158        0x0 ./Sources/display.o
                                  0x8 (size before relaxing)
 .ARM.exidx.text.load_cue
                0x0000f158        0x8 ./Sources/eeprom.o
 .ARM.exidx.text.write_cue
                0x0000f160        0x8 ./Sources/eeprom.o
 .ARM.exidx.text.erase_cue
                0x0000f168        0x8 ./Sources/eeprom.o
 .ARM.exidx.text.get_slot_saved
                0x0000f170        0x8 ./Sources/eeprom.o
 .ARM.exidx.text.get_cue_values
                0x0000f178       0x10 ./Sources/eeprom.o
                                  0x8 (size before relaxing)
 .ARM.exidx.text.init_menu
                0x0000f188        0x0 ./Sources/menu.o
                                  0x8 (size before relaxing)
 .ARM.exidx.text.init_sub_menu
                0x0000f188        0x0 ./Sources/menu.o
                                  0x8 (size before relaxing)
 .ARM.exidx.text.init_sub_menu2
                0x0000f188        0x0 ./Sources/menu.o
                                  0x8 (size before relaxing)
 .ARM.exidx.text.init_menu_list
                0x0000f188        0x0 ./Sources/menu.o
                                  0x8 (size before relaxing)
 .ARM.exidx.text.init_sub_menu_list
                0x0000f188        0x0 ./Sources/menu.o
                                  0x8 (size before relaxing)
 .ARM.exidx.text.init_sub_menu2_list
                0x0000f188        0x0 ./Sources/menu.o
                                  0x8 (size before relaxing)
 .ARM.exidx.text.print_menu
                0x0000f188        0x8 ./Sources/menu.o
 .ARM.exidx.text.print_sub_menu
                0x0000f190        0x8 ./Sources/menu.o
 .ARM.exidx.text.print_sub_menu2
                0x0000f198        0x8 ./Sources/menu.o
 .ARM.exidx.text.menu_select
                0x0000f1a0        0x8 ./Sources/menu.o
 .ARM.exidx.text.menu_back
                0x0000f1a8        0x8 ./Sources/menu.o
 .ARM.exidx.text.refresh_menu
                0x0000f1b0        0x8 ./Sources/menu.o
 .ARM.exidx.text.void_function
                0x0000f1b8        0x8 ./Sources/menu.o
 .ARM.exidx.text.parameters_init
                0x0000f1c0        0x0 ./Sources/parameters.o
                                  0x8 (size before relaxing)
 .ARM.exidx.text.convert
                0x0000f1c0        0x0 ./Sources/parameters.o
                                  0x8 (size before relaxing)
 .ARM.exidx.text.serial_send_block
                0x0000f1c0        0x8 ./Sources/protocol.o
 .ARM.exidx.text.serial_send_float
                0x0000f1c8        0x8 ./Sources/protocol.o
 .ARM.exidx.text.serial_send_int
                0x0000f1d0        0x8 ./Sources/protocol.o
 .ARM.exidx.text.serial_send_string
                0x0000f1d8        0x8 ./Sources/protocol.o
 .ARM.exidx.text.serial_send_char
                0x0000f1e0        0x8 ./Sources/protocol.o
 .ARM.exidx.text.serial_send_end
                0x0000f1e8        0x8 ./Sources/protocol.o
 .ARM.exidx.text.msg_parse
                0x0000f1f0        0x8 ./Sources/protocol.o
 .ARM.exidx.text.msg_processing
                0x0000f1f8        0x8 ./Sources/protocol.o
 .ARM.exidx.text.Send_Control_Mode
                0x0000f200        0x8 ./Sources/send.o
 .ARM.exidx.text.send_fct
                0x0000f208        0x8 ./Sources/send.o
 .ARM.exidx.text.get_update_drive_en
                0x0000f210        0x8 ./Sources/send.o
 .ARM.exidx.text.get_update_value
                0x0000f218        0x8 ./Sources/send.o
 .ARM.exidx.text.send_stop
                0x0000f220        0x8 ./Sources/send.o
 .ARM.exidx.text.send_velocity_cue
                0x0000f228        0x0 ./Sources/send.o
                                  0x8 (size before relaxing)
 .ARM.exidx.text.send_position_cue
                0x0000f228        0x0 ./Sources/send.o
                                  0x8 (size before relaxing)
 .ARM.exidx.text.velocity_processing
                0x0000f228        0x8 ./Sources/send.o
 .ARM.exidx.text.velocity_ref_processing
                0x0000f230        0x0 ./Sources/send.o
                                  0x8 (size before relaxing)
 .ARM.exidx.text.acceleration_processing
                0x0000f230        0x0 ./Sources/send.o
                                  0x8 (size before relaxing)
 .ARM.exidx.text.deceleration_processing
                0x0000f230        0x0 ./Sources/send.o
                                  0x8 (size before relaxing)
 .ARM.exidx.text.torque_processing
                0x0000f230        0x0 ./Sources/send.o
                                  0x8 (size before relaxing)
 .ARM.exidx.text.torque_rise_processing
                0x0000f230        0x0 ./Sources/send.o
                                  0x8 (size before relaxing)
 .ARM.exidx.text.torque_fall_processing
                0x0000f230        0x0 ./Sources/send.o
                                  0x8 (size before relaxing)
 .ARM.exidx.text.control_mode_processing
                0x0000f230        0x0 ./Sources/send.o
                                  0x8 (size before relaxing)
 .ARM.exidx.text.drive_enable_processing
                0x0000f230        0x0 ./Sources/send.o
                                  0x8 (size before relaxing)
 .ARM.exidx     0x0000ef50       0x88 c:/freescale/kds_v3/toolchain/bin/../lib/gcc/arm-none-eabi/4.8.4/armv7e-m\libgcc.a(unwind-arm.o)
                                 0xd8 (size before relaxing)
 .ARM.exidx     0x0000efd8       0x38 c:/freescale/kds_v3/toolchain/bin/../lib/gcc/arm-none-eabi/4.8.4/armv7e-m\libgcc.a(pr-support.o)
                                 0x48 (size before relaxing)
                0x0000f230                __exidx_end = .

.rel.dyn        0x0000f230        0x0
 .rel.iplt      0x00000000        0x0 c:/freescale/kds_v3/toolchain/bin/../lib/gcc/arm-none-eabi/4.8.4/armv7e-m/crtbegin.o

.ctors          0x0000f230        0x0
                0x0000f230                __CTOR_LIST__ = .
 *crtbegin.o(.ctors)
 *(EXCLUDE_FILE(*crtend.o) .ctors)
 *(SORT(.ctors.*))
 *(.ctors)
                0x0000f230                __CTOR_END__ = .

.dtors          0x0000f230        0x0
                0x0000f230                __DTOR_LIST__ = .
 *crtbegin.o(.dtors)
 *(EXCLUDE_FILE(*crtend.o) .dtors)
 *(SORT(.dtors.*))
 *(.dtors)
                0x0000f230                __DTOR_END__ = .

.preinit_array  0x0000f230        0x0
                0x0000f230                PROVIDE (__preinit_array_start, .)
 *(.preinit_array*)
                0x0000f230                PROVIDE (__preinit_array_end, .)

.init_array     0x0000f230        0x8
                0x0000f230                PROVIDE (__init_array_start, .)
 *(SORT(.init_array.*))
 *(.init_array*)
 .init_array    0x0000f230        0x4 c:/freescale/kds_v3/toolchain/bin/../lib/gcc/arm-none-eabi/4.8.4/armv7e-m/crtbegin.o
 .init_array    0x0000f234        0x4 ./Sources/display.o
                0x0000f238                PROVIDE (__init_array_end, .)

.fini_array     0x0000f238        0x4
                0x0000f238                PROVIDE (__fini_array_start, .)
 *(SORT(.fini_array.*))
 *(.fini_array*)
 .fini_array    0x0000f238        0x4 c:/freescale/kds_v3/toolchain/bin/../lib/gcc/arm-none-eabi/4.8.4/armv7e-m/crtbegin.o
                0x0000f23c                PROVIDE (__fini_array_end, .)
                0x0000f23c                ___ROM_AT = .

.data           0x1fff8000       0xec load address 0x0000f23c
                0x1fff8000                . = ALIGN (0x4)
                0x1fff8000                _sdata = .
 *(.data)
 *(.data*)
 .data._ZL6Get_OK
                0x1fff8000        0x4 ./Sources/protocol.o
 .data._ZL7Get_ERR
                0x1fff8004        0x4 ./Sources/protocol.o
 .data._ZL6Set_OK
                0x1fff8008        0x4 ./Sources/protocol.o
 .data._ZL7Set_ERR
                0x1fff800c        0x4 ./Sources/protocol.o
 .data._ZL8Velocity
                0x1fff8010        0x4 ./Sources/protocol.o
 .data._ZL12Velocity_ref
                0x1fff8014        0x4 ./Sources/protocol.o
 .data._ZL8Set_Home
                0x1fff8018        0x4 ./Sources/protocol.o
 .data._ZL12Acceleration
                0x1fff801c        0x4 ./Sources/protocol.o
 .data._ZL12Deceleration
                0x1fff8020        0x4 ./Sources/protocol.o
 .data._ZL6Torque
                0x1fff8024        0x4 ./Sources/protocol.o
 .data._ZL11Torque_rise
                0x1fff8028        0x4 ./Sources/protocol.o
 .data._ZL11Torque_fall
                0x1fff802c        0x4 ./Sources/protocol.o
 .data._ZL4Stop
                0x1fff8030        0x4 ./Sources/protocol.o
 .data._ZL12Drive_Enable
                0x1fff8034        0x4 ./Sources/protocol.o
 .data._ZL12Control_Mode
                0x1fff8038        0x4 ./Sources/protocol.o
 .data._ZL3Get  0x1fff803c        0x4 ./Sources/send.o
 .data._ZL3Set  0x1fff8040        0x4 ./Sources/send.o
 .data._ZL8Velocity
                0x1fff8044        0x4 ./Sources/send.o
 .data._ZL12Velocity_ref
                0x1fff8048        0x4 ./Sources/send.o
 .data._ZL8Position
                0x1fff804c        0x4 ./Sources/send.o
 .data._ZL12Position_ref
                0x1fff8050        0x4 ./Sources/send.o
 .data._ZL6Pos_go
                0x1fff8054        0x4 ./Sources/send.o
 .data._ZL8Set_Home
                0x1fff8058        0x4 ./Sources/send.o
 .data._ZL7Go_Home
                0x1fff805c        0x4 ./Sources/send.o
 .data._ZL12Acceleration
                0x1fff8060        0x4 ./Sources/send.o
 .data._ZL12Deceleration
                0x1fff8064        0x4 ./Sources/send.o
 .data._ZL6Torque
                0x1fff8068        0x4 ./Sources/send.o
 .data._ZL10Torque_ref
                0x1fff806c        0x4 ./Sources/send.o
 .data._ZL11Torque_rise
                0x1fff8070        0x4 ./Sources/send.o
 .data._ZL11Torque_fall
                0x1fff8074        0x4 ./Sources/send.o
 .data._ZL4Stop
                0x1fff8078        0x4 ./Sources/send.o
 .data._ZL12Drive_Enable
                0x1fff807c        0x4 ./Sources/send.o
 .data._ZL12Control_Mode
                0x1fff8080        0x4 ./Sources/send.o
 .data.__fdlib_version
                0x1fff8084        0x1 c:/freescale/kds_v3/toolchain/bin/../lib/gcc/arm-none-eabi/4.8.4/../../../../arm-none-eabi/lib/armv7e-m\libm.a(lib_a-s_lib_ver.o)
                0x1fff8084                __fdlib_version
 *fill*         0x1fff8085        0x3 
 .data.impure_data
                0x1fff8088       0x60 c:/freescale/kds_v3/toolchain/bin/../lib/gcc/arm-none-eabi/4.8.4/../../../../arm-none-eabi/lib/armv7e-m\libg_s.a(lib_a-impure.o)
 .data._impure_ptr
                0x1fff80e8        0x4 c:/freescale/kds_v3/toolchain/bin/../lib/gcc/arm-none-eabi/4.8.4/../../../../arm-none-eabi/lib/armv7e-m\libg_s.a(lib_a-impure.o)
                0x1fff80e8                _impure_ptr
                0x1fff80ec                . = ALIGN (0x4)
                0x1fff80ec                _edata = .
                0x000000ec                ___data_size = (_edata - _sdata)
                0x0000f328                ___m_data_20000000_ROMStart = (___ROM_AT + SIZEOF (.data))

.jcr            0x1fff80ec        0x0 load address 0x0000f328
 .jcr           0x1fff80ec        0x0 c:/freescale/kds_v3/toolchain/bin/../lib/gcc/arm-none-eabi/4.8.4/armv7e-m/crtbegin.o

.igot.plt       0x1fff80ec        0x0 load address 0x0000f328
 .igot.plt      0x00000000        0x0 c:/freescale/kds_v3/toolchain/bin/../lib/gcc/arm-none-eabi/4.8.4/armv7e-m/crtbegin.o

.m_data_20000000
                0x20000000        0x0 load address 0x0000f328
                0x20000000                . = ALIGN (0x4)
                0x20000000                ___m_data_20000000_RAMStart = .
 *(.m_data_20000000)
                0x20000000                ___m_data_20000000_RAMEnd = .
                0x20000000                . = ALIGN (0x4)