Archive member included because of file (symbol)

c:/freescale/kds_v3/toolchain/bin/../lib/gcc/arm-none-eabi/4.8.4/../../../../arm-none-eabi/lib/armv7e-m\libm.a(lib_a-s_round.o)
                              ./Sources/display.o (round)
c:/freescale/kds_v3/toolchain/bin/../lib/gcc/arm-none-eabi/4.8.4/../../../../arm-none-eabi/lib/armv7e-m\libm.a(lib_a-w_pow.o)
                              ./Sources/display.o (pow)
c:/freescale/kds_v3/toolchain/bin/../lib/gcc/arm-none-eabi/4.8.4/../../../../arm-none-eabi/lib/armv7e-m\libm.a(lib_a-e_pow.o)
                              c:/freescale/kds_v3/toolchain/bin/../lib/gcc/arm-none-eabi/4.8.4/../../../../arm-none-eabi/lib/armv7e-m\libm.a(lib_a-w_pow.o) (__ieee754_pow)
c:/freescale/kds_v3/toolchain/bin/../lib/gcc/arm-none-eabi/4.8.4/../../../../arm-none-eabi/lib/armv7e-m\libm.a(lib_a-e_sqrt.o)
                              c:/freescale/kds_v3/toolchain/bin/../lib/gcc/arm-none-eabi/4.8.4/../../../../arm-none-eabi/lib/armv7e-m\libm.a(lib_a-e_pow.o) (__ieee754_sqrt)
c:/freescale/kds_v3/toolchain/bin/../lib/gcc/arm-none-eabi/4.8.4/../../../../arm-none-eabi/lib/armv7e-m\libm.a(lib_a-s_fabs.o)
                              c:/freescale/kds_v3/toolchain/bin/../lib/gcc/arm-none-eabi/4.8.4/../../../../arm-none-eabi/lib/armv7e-m\libm.a(lib_a-e_pow.o) (fabs)
c:/freescale/kds_v3/toolchain/bin/../lib/gcc/arm-none-eabi/4.8.4/../../../../arm-none-eabi/lib/armv7e-m\libm.a(lib_a-s_finite.o)
                              c:/freescale/kds_v3/toolchain/bin/../lib/gcc/arm-none-eabi/4.8.4/../../../../arm-none-eabi/lib/armv7e-m\libm.a(lib_a-w_pow.o) (finite)
c:/freescale/kds_v3/toolchain/bin/../lib/gcc/arm-none-eabi/4.8.4/../../../../arm-none-eabi/lib/armv7e-m\libm.a(lib_a-s_fpclassify.o)
                              c:/freescale/kds_v3/toolchain/bin/../lib/gcc/arm-none-eabi/4.8.4/../../../../arm-none-eabi/lib/armv7e-m\libm.a(lib_a-w_pow.o) (__fpclassifyd)
c:/freescale/kds_v3/toolchain/bin/../lib/gcc/arm-none-eabi/4.8.4/../../../../arm-none-eabi/lib/armv7e-m\libm.a(lib_a-s_lib_ver.o)
                              c:/freescale/kds_v3/toolchain/bin/../lib/gcc/arm-none-eabi/4.8.4/../../../../arm-none-eabi/lib/armv7e-m\libm.a(lib_a-w_pow.o) (__fdlib_version)
c:/freescale/kds_v3/toolchain/bin/../lib/gcc/arm-none-eabi/4.8.4/../../../../arm-none-eabi/lib/armv7e-m\libm.a(lib_a-s_matherr.o)
                              c:/freescale/kds_v3/toolchain/bin/../lib/gcc/arm-none-eabi/4.8.4/../../../../arm-none-eabi/lib/armv7e-m\libm.a(lib_a-w_pow.o) (matherr)
c:/freescale/kds_v3/toolchain/bin/../lib/gcc/arm-none-eabi/4.8.4/../../../../arm-none-eabi/lib/armv7e-m\libm.a(lib_a-s_nan.o)
                              c:/freescale/kds_v3/toolchain/bin/../lib/gcc/arm-none-eabi/4.8.4/../../../../arm-none-eabi/lib/armv7e-m\libm.a(lib_a-e_pow.o) (nan)
c:/freescale/kds_v3/toolchain/bin/../lib/gcc/arm-none-eabi/4.8.4/../../../../arm-none-eabi/lib/armv7e-m\libm.a(lib_a-s_rint.o)
                              c:/freescale/kds_v3/toolchain/bin/../lib/gcc/arm-none-eabi/4.8.4/../../../../arm-none-eabi/lib/armv7e-m\libm.a(lib_a-w_pow.o) (rint)
c:/freescale/kds_v3/toolchain/bin/../lib/gcc/arm-none-eabi/4.8.4/../../../../arm-none-eabi/lib/armv7e-m\libm.a(lib_a-s_scalbn.o)
                              c:/freescale/kds_v3/toolchain/bin/../lib/gcc/arm-none-eabi/4.8.4/../../../../arm-none-eabi/lib/armv7e-m\libm.a(lib_a-e_pow.o) (scalbn)
c:/freescale/kds_v3/toolchain/bin/../lib/gcc/arm-none-eabi/4.8.4/../../../../arm-none-eabi/lib/armv7e-m\libm.a(lib_a-s_copysign.o)
                              c:/freescale/kds_v3/toolchain/bin/../lib/gcc/arm-none-eabi/4.8.4/../../../../arm-none-eabi/lib/armv7e-m\libm.a(lib_a-s_scalbn.o) (copysign)
c:/freescale/kds_v3/toolchain/bin/../lib/gcc/arm-none-eabi/4.8.4/armv7e-m\libgcc.a(_arm_addsubdf3.o)
                              c:/freescale/kds_v3/toolchain/bin/../lib/gcc/arm-none-eabi/4.8.4/../../../../arm-none-eabi/lib/armv7e-m\libm.a(lib_a-e_pow.o) (__aeabi_dsub)
c:/freescale/kds_v3/toolchain/bin/../lib/gcc/arm-none-eabi/4.8.4/armv7e-m\libgcc.a(_arm_muldivdf3.o)
                              ./Sources/display.o (__aeabi_dmul)
c:/freescale/kds_v3/toolchain/bin/../lib/gcc/arm-none-eabi/4.8.4/armv7e-m\libgcc.a(_arm_cmpdf2.o)
                              c:/freescale/kds_v3/toolchain/bin/../lib/gcc/arm-none-eabi/4.8.4/../../../../arm-none-eabi/lib/armv7e-m\libm.a(lib_a-w_pow.o) (__aeabi_dcmpeq)
c:/freescale/kds_v3/toolchain/bin/../lib/gcc/arm-none-eabi/4.8.4/armv7e-m\libgcc.a(_arm_fixdfsi.o)
                              ./Sources/display.o (__aeabi_d2iz)
c:/freescale/kds_v3/toolchain/bin/../lib/gcc/arm-none-eabi/4.8.4/armv7e-m\libgcc.a(_arm_addsubsf3.o)
                              ./Sources/Events.o (__aeabi_fsub)
c:/freescale/kds_v3/toolchain/bin/../lib/gcc/arm-none-eabi/4.8.4/armv7e-m\libgcc.a(_arm_muldivsf3.o)
                              ./Sources/display.o (__aeabi_fmul)
c:/freescale/kds_v3/toolchain/bin/../lib/gcc/arm-none-eabi/4.8.4/armv7e-m\libgcc.a(_arm_cmpsf2.o)
[...]
Memory Configuration

Name             Origin             Length             Attributes
m_interrupts     0x00000000         0x000001bc         xr
m_text           0x00000410         0x0003fbf0         xr
m_data           0x1fff8000         0x00008000         rw
m_data_20000000  0x20000000         0x00008000         rw
m_cue            0x10000000         0x00008000         rw
m_cfmprotrom     0x00000400         0x00000010         xr
*default*        0x00000000         0xffffffff

Linker script and memory map

LOAD c:/freescale/kds_v3/toolchain/bin/../lib/gcc/arm-none-eabi/4.8.4/armv7e-m/crti.o
LOAD c:/freescale/kds_v3/toolchain/bin/../lib/gcc/arm-none-eabi/4.8.4/armv7e-m/crtbegin.o
LOAD c:/freescale/kds_v3/toolchain/bin/../lib/gcc/arm-none-eabi/4.8.4/../../../../arm-none-eabi/lib/armv7e-m/crt0.o
LOAD ./Sources/Events.o
LOAD ./Sources/LCD.o
LOAD ./Sources/PCA9670.o
LOAD ./Sources/cue.o
LOAD ./Sources/display.o
LOAD ./Sources/eeprom.o
LOAD ./Sources/encoder_variable.o
LOAD ./Sources/main.o
LOAD ./Sources/menu.o
LOAD ./Sources/parameters.o
LOAD ./Sources/protocol.o
LOAD ./Sources/send.o
LOAD ./Project_Settings/Startup_Code/startup.o
LOAD ./Generated_Code/AS1.o
LOAD ./Generated_Code/ASerialLdd1.o
LOAD ./Generated_Code/BitIoLdd1.o
LOAD ./Generated_Code/BitIoLdd2.o
LOAD ./Generated_Code/BitIoLdd3.o
LOAD ./Generated_Code/BitIoLdd4.o
LOAD ./Generated_Code/BitIoLdd5.o
LOAD ./Generated_Code/BitIoLdd6.o
LOAD ./Generated_Code/BitIoLdd7.o
LOAD ./Generated_Code/BitIoLdd8.o
LOAD ./Generated_Code/CS1.o
LOAD ./Generated_Code/Cpu.o
LOAD ./Generated_Code/ENCODER.o
LOAD ./Generated_Code/ENCODER_PUSH.o
LOAD ./Generated_Code/ExtIntLdd1.o
LOAD ./Generated_Code/ExtIntLdd2.o
LOAD ./Generated_Code/ExtIntLdd3.o
LOAD ./Generated_Code/ExtIntLdd4.o
LOAD ./Generated_Code/ExtIntLdd5.o
LOAD ./Generated_Code/I2C0.o
LOAD ./Generated_Code/IFsh1.o
LOAD ./Generated_Code/IntFlashLdd1.o
LOAD ./Generated_Code/IntI2cLdd1.o
LOAD ./Generated_Code/KSDK1.o
LOAD ./Generated_Code/LCD_CTR.o
LOAD ./Generated_Code/LCD_EN.o
LOAD ./Generated_Code/LED_DEBUG.o
LOAD ./Generated_Code/LED_MOTOR_MOVE.o
LOAD ./Generated_Code/LED_STATUS_1.o
LOAD ./Generated_Code/LED_STATUS_2.o
LOAD ./Generated_Code/LED_STATUS_3.o
LOAD ./Generated_Code/LED_STATUS_4.o
LOAD ./Generated_Code/LEVER_DIR1.o
LOAD ./Generated_Code/LEVER_DIR2.o
LOAD ./Generated_Code/PCA.o
LOAD ./Generated_Code/PE_LDD.o
LOAD ./Generated_Code/PUSH_BUTTON_REC.o
LOAD ./Generated_Code/PUSH_BUTTON_SEND.o
LOAD ./Generated_Code/TU1.o
LOAD ./Generated_Code/T_100ms.o
LOAD ./Generated_Code/T_500ms.o
LOAD ./Generated_Code/Vectors.o
LOAD ./Generated_Code/WAIT1.o
LOAD ./.metadata/.plugins/org.eclipse.cdt.make.core/specs.o
LOAD c:/freescale/kds_v3/toolchain/bin/../lib/gcc/arm-none-eabi/4.8.4/../../../../arm-none-eabi/lib/armv7e-m\libstdc++_s.a
LOAD c:/freescale/kds_v3/toolchain/bin/../lib/gcc/arm-none-eabi/4.8.4/../../../../arm-none-eabi/lib/armv7e-m\libm.a
START GROUP
LOAD c:/freescale/kds_v3/toolchain/bin/../lib/gcc/arm-none-eabi/4.8.4/armv7e-m\libgcc.a
LOAD c:/freescale/kds_v3/toolchain/bin/../lib/gcc/arm-none-eabi/4.8.4/../../../../arm-none-eabi/lib/armv7e-m\libg_s.a
LOAD c:/freescale/kds_v3/toolchain/bin/../lib/gcc/arm-none-eabi/4.8.4/../../../../arm-none-eabi/lib/armv7e-m\libc_s.a
END GROUP
START GROUP
LOAD c:/freescale/kds_v3/toolchain/bin/../lib/gcc/arm-none-eabi/4.8.4/armv7e-m\libgcc.a
LOAD c:/freescale/kds_v3/toolchain/bin/../lib/gcc/arm-none-eabi/4.8.4/../../../../arm-none-eabi/lib/armv7e-m\libc_s.a
LOAD c:/freescale/kds_v3/toolchain/bin/../lib/gcc/arm-none-eabi/4.8.4/../../../../arm-none-eabi/lib/armv7e-m\libnosys.a
END GROUP
START GROUP
LOAD c:/freescale/kds_v3/toolchain/bin/../lib/gcc/arm-none-eabi/4.8.4/armv7e-m\libgcc.a
LOAD c:/freescale/kds_v3/toolchain/bin/../lib/gcc/arm-none-eabi/4.8.4/../../../../arm-none-eabi/lib/armv7e-m\libc_s.a
LOAD c:/freescale/kds_v3/toolchain/bin/../lib/gcc/arm-none-eabi/4.8.4/../../../../arm-none-eabi/lib/armv7e-m\libnosys.a
END GROUP
LOAD c:/freescale/kds_v3/toolchain/bin/../lib/gcc/arm-none-eabi/4.8.4/armv7e-m/crtend.o
LOAD c:/freescale/kds_v3/toolchain/bin/../lib/gcc/arm-none-eabi/4.8.4/armv7e-m/crtn.o
                0x20000000                _estack = 0x20000000
                0x20000000                __SP_INIT = _estack
                0x20000000                __stack = _estack
                0x00000000                __heap_size = 0x0
                0x00000400                __stack_size = 0x400

.interrupts     0x00000000      0x1bc
                0x00000000                __vector_table = .
                0x00000000                . = ALIGN (0x4)
 *(.vectortable)
 .vectortable   0x00000000      0x1bc ./Generated_Code/Vectors.o
                0x00000000                __vect_table
                0x000001bc                . = ALIGN (0x4)

.cfmprotect     0x00000400       0x10
                0x00000400                . = ALIGN (0x4)
 *(.cfmconfig)
 .cfmconfig     0x00000400       0x10 ./Generated_Code/Cpu.o
                0x00000400                _cfm
                0x00000410                . = ALIGN (0x4)

.text           0x00000410    0x1071c
                0x00000410                . = ALIGN (0x4)
 *(.text)
 .text          0x00000410       0x54 c:/freescale/kds_v3/toolchain/bin/../lib/gcc/arm-none-eabi/4.8.4/armv7e-m/crtbegin.o
 .text          0x00000464       0x74 c:/freescale/kds_v3/toolchain/bin/../lib/gcc/arm-none-eabi/4.8.4/../../../../arm-none-eabi/lib/armv7e-m/crt0.o
                0x00000464                _start
                0x00000464                _mainCRTStartup
 .text          0x000004d8      0x370 c:/freescale/kds_v3/toolchain/bin/../lib/gcc/arm-none-eabi/4.8.4/armv7e-m\libgcc.a(_arm_addsubdf3.o)
                0x000004d8                __aeabi_drsub
                0x000004e0                __aeabi_dsub
                0x000004e0                __subdf3
                0x000004e4                __aeabi_dadd
                0x000004e4                __adddf3
                0x0000075c                __floatunsidf
                0x0000075c                __aeabi_ui2d
                0x0000077c                __floatsidf
                0x0000077c                __aeabi_i2d
                0x000007a0                __aeabi_f2d
                0x000007a0                __extendsfdf2
                0x000007dc                __floatundidf
                0x000007dc                __aeabi_ul2d
                0x000007ec                __floatdidf
                0x000007ec                __aeabi_l2d
 .text          0x00000848      0x424 c:/freescale/kds_v3/toolchain/bin/../lib/gcc/arm-none-eabi/4.8.4/armv7e-m\libgcc.a(_arm_muldivdf3.o)
                0x00000848                __aeabi_dmul
                0x00000848                __muldf3
                0x00000a9c                __divdf3
                0x00000a9c                __aeabi_ddiv
 .text          0x00000c6c      0x110 c:/freescale/kds_v3/toolchain/bin/../lib/gcc/arm-none-eabi/4.8.4/armv7e-m\libgcc.a(_arm_cmpdf2.o)
                0x00000c6c                __gtdf2
                0x00000c6c                __gedf2
                0x00000c74                __ltdf2
                0x00000c74                __ledf2
                0x00000c7c                __nedf2
                0x00000c7c                __eqdf2
                0x00000c7c                __cmpdf2
                0x00000cf8                __aeabi_cdrcmple
                0x00000d08                __aeabi_cdcmpeq
                0x00000d08                __aeabi_cdcmple
                0x00000d18                __aeabi_dcmpeq
                0x00000d2c                __aeabi_dcmplt
                0x00000d40                __aeabi_dcmple
                0x00000d54                __aeabi_dcmpge
                0x00000d68                __aeabi_dcmpgt
 .text          0x00000d7c       0x50 c:/freescale/kds_v3/toolchain/bin/../lib/gcc/arm-none-eabi/4.8.4/armv7e-m\libgcc.a(_arm_fixdfsi.o)
                0x00000d7c                __aeabi_d2iz
                0x00000d7c                __fixdfsi
 .text          0x00000dcc      0x21c c:/freescale/kds_v3/toolchain/bin/../lib/gcc/arm-none-eabi/4.8.4/armv7e-m\libgcc.a(_arm_addsubsf3.o)
                0x00000dcc                __aeabi_frsub
                0x00000dd4                __subsf3
                0x00000dd4                __aeabi_fsub
                0x00000dd8                __aeabi_fadd
                0x00000dd8                __addsf3
                0x00000f38                __aeabi_ui2f
                0x00000f38                __floatunsisf
                0x00000f40                __aeabi_i2f
                0x00000f40                __floatsisf
                0x00000f5c                __aeabi_ul2f
                0x00000f5c                __floatundisf
                0x00000f6c                __aeabi_l2f
                0x00000f6c                __floatdisf
 .text          0x00000fe8      0x2a0 c:/freescale/kds_v3/toolchain/bin/../lib/gcc/arm-none-eabi/4.8.4/armv7e-m\libgcc.a(_arm_muldivsf3.o)
                0x00000fe8                __mulsf3
                0x00000fe8                __aeabi_fmul
                0x00001150                __aeabi_fdiv
                0x00001150                __divsf3
 .text          0x00001288       0xec c:/freescale/kds_v3/toolchain/bin/../lib/gcc/arm-none-eabi/4.8.4/armv7e-m\libgcc.a(_arm_cmpsf2.o)
                0x00001288                __gesf2
                0x00001288                __gtsf2
                0x00001290                __lesf2
                0x00001290                __ltsf2
                0x00001298                __nesf2
                0x00001298                __eqsf2
                0x00001298                __cmpsf2
                0x000012f8                __aeabi_cfrcmple
                0x00001300                __aeabi_cfcmpeq
                0x00001300                __aeabi_cfcmple
                0x00001310                __aeabi_fcmpeq
                0x00001324                __aeabi_fcmplt
                0x00001338                __aeabi_fcmple
                0x0000134c                __aeabi_fcmpge
                0x00001360                __aeabi_fcmpgt
 .text          0x00001374       0x4c c:/freescale/kds_v3/toolchain/bin/../lib/gcc/arm-none-eabi/4.8.4/armv7e-m\libgcc.a(_arm_fixsfsi.o)
                0x00001374                __aeabi_f2iz
                0x00001374                __fixsfsi
 .text          0x000013c0       0x40 c:/freescale/kds_v3/toolchain/bin/../lib/gcc/arm-none-eabi/4.8.4/armv7e-m\libgcc.a(_arm_fixunssfsi.o)
                0x000013c0                __fixunssfsi
                0x000013c0                __aeabi_f2uiz
 .text          0x00001400      0xa1c c:/freescale/kds_v3/toolchain/bin/../lib/gcc/arm-none-eabi/4.8.4/armv7e-m\libgcc.a(unwind-arm.o)
                0x000016e4                _Unwind_GetCFA
                0x000016e8                __gnu_Unwind_RaiseException
                0x00001748                __gnu_Unwind_ForcedUnwind
                0x0000175c                __gnu_Unwind_Resume
                0x000017a0                __gnu_Unwind_Resume_or_Rethrow
                0x000017b0                _Unwind_Complete
                0x000017b4                _Unwind_DeleteException
                0x000017c4                _Unwind_VRS_Get
                0x00001814                _Unwind_VRS_Set
                0x00001864                __gnu_Unwind_Backtrace
                0x00001bb8                __aeabi_unwind_cpp_pr0
                0x00001bc0                __aeabi_unwind_cpp_pr1
                0x00001bc8                __aeabi_unwind_cpp_pr2
                0x00001bd0                _Unwind_VRS_Pop
 .text          0x00001e1c      0x1ac c:/freescale/kds_v3/toolchain/bin/../lib/gcc/arm-none-eabi/4.8.4/armv7e-m\libgcc.a(libunwind.o)
                0x00001e1c                __restore_core_regs
                0x00001e1c                restore_core_regs
                0x00001e34                __gnu_Unwind_Restore_VFP
                0x00001e3c                __gnu_Unwind_Save_VFP
                0x00001e44                __gnu_Unwind_Restore_VFP_D
                0x00001e4c                __gnu_Unwind_Save_VFP_D
                0x00001e54                __gnu_Unwind_Restore_VFP_D_16_to_31
                0x00001e5c                __gnu_Unwind_Save_VFP_D_16_to_31
                0x00001e64                __gnu_Unwind_Restore_WMMXD
                0x00001ea8                __gnu_Unwind_Save_WMMXD
                0x00001eec                __gnu_Unwind_Restore_WMMXC
                0x00001f00                __gnu_Unwind_Save_WMMXC
                0x00001f14                ___Unwind_RaiseException
                0x00001f14                _Unwind_RaiseException
                0x00001f38                _Unwind_Resume
                0x00001f38                ___Unwind_Resume
                0x00001f5c                _Unwind_Resume_or_Rethrow
                0x00001f5c                ___Unwind_Resume_or_Rethrow
                0x00001f80                _Unwind_ForcedUnwind
                0x00001f80                ___Unwind_ForcedUnwind
                0x00001fa4                ___Unwind_Backtrace
                0x00001fa4                _Unwind_Backtrace
 .text          0x00001fc8      0x33c c:/freescale/kds_v3/toolchain/bin/../lib/gcc/arm-none-eabi/4.8.4/armv7e-m\libgcc.a(pr-support.o)
                0x0000201c                __gnu_unwind_execute
                0x000022a8                __gnu_unwind_frame
                0x000022d4                _Unwind_GetRegionStart
                0x000022e0                _Unwind_GetLanguageSpecificData
                0x000022f4                _Unwind_GetDataRelBase
                0x000022fc                _Unwind_GetTextRelBase
 .text          0x00002304       0x14 c:/freescale/kds_v3/toolchain/bin/../lib/gcc/arm-none-eabi/4.8.4/../../../../arm-none-eabi/lib/armv7e-m\libg_s.a(lib_a-strcmp.o)
                0x00002304                strcmp
 *(.text*)
 .text.PUSH_BUTTON_REC_OnInterrupt
                0x00002318       0x18 ./Sources/Events.o
                0x00002318                PUSH_BUTTON_REC_OnInterrupt
 .text.PUSH_BUTTON_SEND_OnInterrupt
                0x00002330       0x18 ./Sources/Events.o
                0x00002330                PUSH_BUTTON_SEND_OnInterrupt
 .text.I2C0_OnReceiveData
                0x00002348        0xc ./Sources/Events.o
                0x00002348                I2C0_OnReceiveData
 .text.I2C0_OnTransmitData
                0x00002354        0xc ./Sources/Events.o
                0x00002354                I2C0_OnTransmitData
 .text.T_100ms_OnCounterRestart
                0x00002360       0x48 ./Sources/Events.o
                0x00002360                T_100ms_OnCounterRestart
 .text.LEVER_DIR1_OnInterrupt
                0x000023a8       0x48 ./Sources/Events.o
                0x000023a8                LEVER_DIR1_OnInterrupt
 .text.LEVER_DIR2_OnInterrupt
                0x000023f0       0x48 ./Sources/Events.o
                0x000023f0                LEVER_DIR2_OnInterrupt
 .text.ENCODER_PUSH_OnInterrupt
                0x00002438       0xe0 ./Sources/Events.o
                0x00002438                ENCODER_PUSH_OnInterrupt
 .text.ENCODER_OnPortEvent
                0x00002518       0xd0 ./Sources/Events.o
                0x00002518                ENCODER_OnPortEvent
 .text.T_500ms_OnCounterRestart
                0x000025e8      0x160 ./Sources/Events.o
                0x000025e8                T_500ms_OnCounterRestart
 .text.I2C0_OnArbitLost
                0x00002748        0xc ./Sources/Events.o
                0x00002748                I2C0_OnArbitLost
 .text.AS1_OnTxComplete
                0x00002754       0x14 ./Sources/Events.o
                0x00002754                AS1_OnTxComplete
 .text.AS1_OnError
                0x00002768        0xc ./Sources/Events.o
                0x00002768                AS1_OnError
 .text.AS1_OnRxChar
                0x00002774        0xc ./Sources/Events.o
                0x00002774                AS1_OnRxChar
 .text.AS1_OnRxCharExt
                0x00002780       0xa8 ./Sources/Events.o
                0x00002780                AS1_OnRxCharExt
 .text.AS1_OnTxChar
                0x00002828        0xc ./Sources/Events.o
                0x00002828                AS1_OnTxChar
 .text.AS1_OnFullRxBuf
                0x00002834       0x14 ./Sources/Events.o
                0x00002834                AS1_OnFullRxBuf
 .text.AS1_OnFreeTxBuf
                0x00002848        0xc ./Sources/Events.o
                0x00002848                AS1_OnFreeTxBuf
 .text.TU1_OnCounterRestart
                0x00002854       0x1c ./Sources/Events.o
                0x00002854                TU1_OnCounterRestart
 .text.LCD_Init
                0x00002870       0x50 ./Sources/LCD.o
                0x00002870                LCD_Init
 .text.LCD_command
                0x000028c0       0x30 ./Sources/LCD.o
                0x000028c0                LCD_command
 .text.LCD_Cursor_On
                0x000028f0        0xc ./Sources/LCD.o
                0x000028f0                LCD_Cursor_On
 .text.LCD_Cursor_Off
                0x000028fc        0xc ./Sources/LCD.o
                0x000028fc                LCD_Cursor_Off
 .text.LCD_Cursor_Blink_On
                0x00002908        0xc ./Sources/LCD.o
                0x00002908                LCD_Cursor_Blink_On
 .text.LCD_Set_Cursor
                0x00002914       0x58 ./Sources/LCD.o
                0x00002914                LCD_Set_Cursor
 .text.LCD_Cursor_Blink_On_At
                0x0000296c       0x24 ./Sources/LCD.o
                0x0000296c                LCD_Cursor_Blink_On_At
 .text.LCD_Cursor_On_At
                0x00002990       0x24 ./Sources/LCD.o
                0x00002990                LCD_Cursor_On_At
 .text.LCD_Write
                0x000029b4       0x28 ./Sources/LCD.o
                0x000029b4                LCD_Write
 .text.load_custom_char
                0x000029dc       0x50 ./Sources/LCD.o
                0x000029dc                load_custom_char
 .text.LCD_Write_At
                0x00002a2c       0x3c ./Sources/LCD.o
                0x00002a2c                LCD_Write_At
 .text.LCD_Write_Block
                0x00002a68       0xa0 ./Sources/LCD.o
                0x00002a68                LCD_Write_Block
 .text.PCA9670_Init
                0x00002b08       0x34 ./Sources/PCA9670.o
                0x00002b08                PCA9670_Init
 .text.PCA9670_SendByte
                0x00002b3c       0x3c ./Sources/PCA9670.o
                0x00002b3c                PCA9670_SendByte
 .text.select_cue
                0x00002b78      0x16c ./Sources/cue.o
                0x00002b78                select_cue
 .text.vspfunc  0x00002ce4       0x30 ./Sources/display.o
                0x00002ce4                vspfunc
 .text.print_float_at
                0x00002d14      0x190 ./Sources/display.o
                0x00002d14                print_float_at
 .text.print_int_at
                0x00002ea4       0xa0 ./Sources/display.o
                0x00002ea4                print_int_at
 .text.print_cue_array
                0x00002f44      0x1d0 ./Sources/display.o
                0x00002f44                print_cue_array
 .text.print_all_cue
                0x00003114      0x110 ./Sources/display.o
                0x00003114                print_all_cue
 .text.load_char
                0x00003224       0xe8 ./Sources/display.o
                0x00003224                load_char
 .text.menu_init
                0x0000330c       0x1c ./Sources/display.o
                0x0000330c                menu_init
 .text.refresh  0x00003328       0x24 ./Sources/display.o
                0x00003328                refresh
 .text.select   0x0000334c       0x24 ./Sources/display.o
                0x0000334c                select
 .text.back     0x00003370       0x54 ./Sources/display.o
                0x00003370                back
 .text.controle_mode_display
                0x000033c4       0x4c ./Sources/display.o
                0x000033c4                controle_mode_display
 .text.control_mode_fct
                0x00003410       0x5c ./Sources/display.o
                0x00003410                control_mode_fct
 .text.update_icon_dir
                0x0000346c       0x78 ./Sources/display.o
                0x0000346c                update_icon_dir
 .text.update_icon_drive_enable
                0x000034e4       0x3c ./Sources/display.o
                0x000034e4                update_icon_drive_enable
 .text.select_setting
                0x00003520       0x94 ./Sources/display.o
                0x00003520                select_setting
 .text.refresh_fct
                0x000035b4       0xfc ./Sources/display.o
                0x000035b4                refresh_fct
 .text.velocity_fct
                0x000036b0      0x480 ./Sources/display.o
                0x000036b0                velocity_fct
 .text.acceleration_fct
                0x00003b30      0x16c ./Sources/display.o
                0x00003b30                acceleration_fct
 .text.velocity_instant_fct
                0x00003c9c      0x374 ./Sources/display.o
                0x00003c9c                velocity_instant_fct
 .text.deceleration_fct
                0x00004010      0x16c ./Sources/display.o
                0x00004010                deceleration_fct
 .text.back_fct
                0x0000417c       0x30 ./Sources/display.o
                0x0000417c                back_fct
 .text.pos_position_fct
                0x000041ac      0x518 ./Sources/display.o
                0x000041ac                pos_position_fct
 .text.pos_velocity_fct
                0x000046c4      0x118 ./Sources/display.o
                0x000046c4                pos_velocity_fct
 .text.pos_acceleration_fct
                0x000047dc      0x16c ./Sources/display.o
                0x000047dc                pos_acceleration_fct
 .text.pos_deceleration_fct
                0x00004948      0x16c ./Sources/display.o
                0x00004948                pos_deceleration_fct
 .text.pos_set_home_fct
                0x00004ab4       0x8c ./Sources/display.o
                0x00004ab4                pos_set_home_fct
 .text.torque_fct
                0x00004b40      0x370 ./Sources/display.o
                0x00004b40                torque_fct
 .text.torque_rise_fct
                0x00004eb0      0x16c ./Sources/display.o
                0x00004eb0                torque_rise_fct
 .text.torque_fall_fct
                0x0000501c      0x168 ./Sources/display.o
                0x0000501c                torque_fall_fct
 .text.pos_play_cue_fct
                0x00005184      0x2bc ./Sources/display.o
                0x00005184                pos_play_cue_fct
 .text.pos_rec_cue_fct
                0x00005440      0x278 ./Sources/display.o
                0x00005440                pos_rec_cue_fct
 .text.pos_mod_cue_fct
                0x000056b8      0x2c0 ./Sources/display.o
                0x000056b8                pos_mod_cue_fct
 .text.pos_del_cue_fct
                0x00005978      0x2dc ./Sources/display.o
                0x00005978                pos_del_cue_fct
 .text.vel_play_cue_fct
                0x00005c54      0x2c0 ./Sources/display.o
                0x00005c54                vel_play_cue_fct
 .text.vel_rec_cue_fct
                0x00005f14      0x210 ./Sources/display.o
                0x00005f14                vel_rec_cue_fct
 .text.vel_mod_cue_fct
                0x00006124      0x2c0 ./Sources/display.o
                0x00006124                vel_mod_cue_fct
 .text.vel_del_cue_fct
                0x000063e4      0x2d0 ./Sources/display.o
                0x000063e4                vel_del_cue_fct
 .text.select_baud_rate_fct
                0x000066b4      0x120 ./Sources/display.o
                0x000066b4                select_baud_rate_fct
 .text.select_update_menu_fct
                0x000067d4      0x120 ./Sources/display.o
                0x000067d4                select_update_menu_fct
 .text.short_cut_position_menu
                0x000068f4       0x68 ./Sources/display.o
                0x000068f4                short_cut_position_menu
 .text.display_resolution
                0x0000695c       0x9c ./Sources/display.o
                0x0000695c                display_resolution
 .text.get_cursor_resolution_position
                0x000069f8       0x4c ./Sources/display.o
                0x000069f8                get_cursor_resolution_position
 .text.get_resolution
                0x00006a44       0x50 ./Sources/display.o
                0x00006a44                get_resolution
 .text._Z41__static_initialization_and_destruction_0ii
                0x00006a94      0x8a4 ./Sources/display.o
 .text._GLOBAL__sub_I_buffer
                0x00007338       0x10 ./Sources/display.o
 .text.load_cue
                0x00007348      0x10c ./Sources/eeprom.o
                0x00007348                load_cue
 .text.write_cue
                0x00007454      0x174 ./Sources/eeprom.o
                0x00007454                write_cue
 .text.erase_cue
                0x000075c8       0x58 ./Sources/eeprom.o
                0x000075c8                erase_cue
 .text.get_next_slot_free
                0x00007620       0xd0 ./Sources/eeprom.o
                0x00007620                get_next_slot_free
 .text.get_slot_saved
                0x000076f0      0x110 ./Sources/eeprom.o
                0x000076f0                get_slot_saved
 .text.get_cues_saved_values
                0x00007800       0x64 ./Sources/eeprom.o
                0x00007800                get_cues_saved_values
 .text.get_cue_values
                0x00007864       0xd4 ./Sources/eeprom.o
                0x00007864                get_cue_values
 .text.main     0x00007938      0xb68 ./Sources/main.o
                0x00007938                main
 .text.init_menu
                0x000084a0       0x44 ./Sources/menu.o
                0x000084a0                init_menu
 .text.init_sub_menu
                0x000084e4       0x68 ./Sources/menu.o
                0x000084e4                init_sub_menu
 .text.init_sub_menu2
                0x0000854c       0x48 ./Sources/menu.o
                0x0000854c                init_sub_menu2
 .text.init_menu_list
                0x00008594       0x30 ./Sources/menu.o
                0x00008594                init_menu_list
 .text.init_sub_menu_list
                0x000085c4       0x30 ./Sources/menu.o
                0x000085c4                init_sub_menu_list
 .text.init_sub_menu2_list
                0x000085f4       0x30 ./Sources/menu.o
                0x000085f4                init_sub_menu2_list
 .text.print_menu
                0x00008624      0x158 ./Sources/menu.o
                0x00008624                print_menu
 .text.print_sub_menu
                0x0000877c      0x178 ./Sources/menu.o
                0x0000877c                print_sub_menu
 .text.print_sub_menu2
                0x000088f4      0x178 ./Sources/menu.o
                0x000088f4                print_sub_menu2
 .text.menu_select
                0x00008a6c      0x2b4 ./Sources/menu.o
                0x00008a6c                menu_select
 .text.menu_back
                0x00008d20      0x37c ./Sources/menu.o
                0x00008d20                menu_back
 .text.refresh_menu
                0x0000909c      0x174 ./Sources/menu.o
                0x0000909c                refresh_menu
 .text.void_function
                0x00009210        0xc ./Sources/menu.o
                0x00009210                void_function
 .text.parameters_init
                0x0000921c       0x94 ./Sources/parameters.o
                0x0000921c                parameters_init
 .text.convert  0x000092b0       0x3c ./Sources/parameters.o
                0x000092b0                convert
 .text.serial_send_block
                0x000092ec       0xdc ./Sources/protocol.o
                0x000092ec                serial_send_block
 .text.serial_send_float
                0x000093c8       0x30 ./Sources/protocol.o
                0x000093c8                serial_send_float
 .text.serial_send_int
                0x000093f8       0x30 ./Sources/protocol.o
                0x000093f8                serial_send_int
 .text.serial_send_string
                0x00009428       0x58 ./Sources/protocol.o
                0x00009428                serial_send_string
 .text.serial_send_char
                0x00009480       0x30 ./Sources/protocol.o
                0x00009480                serial_send_char
 .text.serial_send_end
                0x000094b0       0x14 ./Sources/protocol.o
                0x000094b0                serial_send_end
 .text.msg_parse
                0x000094c4      0x1d4 ./Sources/protocol.o
                0x000094c4                msg_parse
 .text.msg_processing
                0x00009698      0x3b8 ./Sources/protocol.o
                0x00009698                msg_processing
 .text.select_baud_rate
                0x00009a50       0x1c ./Sources/protocol.o
                0x00009a50                select_baud_rate
 .text.Send_Control_Mode
                0x00009a6c       0x30 ./Sources/send.o
                0x00009a6c                Send_Control_Mode
 .text.send_fct
                0x00009a9c      0x478 ./Sources/send.o
                0x00009a9c                send_fct
 .text.get_update_drive_en
                0x00009f14       0x24 ./Sources/send.o
                0x00009f14                get_update_drive_en
 .text.get_update_value
                0x00009f38      0x1c4 ./Sources/send.o
                0x00009f38                get_update_value
 .text.send_stop
                0x0000a0fc       0x34 ./Sources/send.o
                0x0000a0fc                send_stop
 .text.send_velocity_cue
                0x0000a130       0xa0 ./Sources/send.o
                0x0000a130                send_velocity_cue
 .text.send_position_cue
                0x0000a1d0      0x114 ./Sources/send.o
                0x0000a1d0                send_position_cue
 .text.velocity_processing
                0x0000a2e4       0x50 ./Sources/send.o
                0x0000a2e4                velocity_processing
 .text.velocity_ref_processing
                0x0000a334       0x50 ./Sources/send.o
                0x0000a334                velocity_ref_processing
 .text.acceleration_processing
                0x0000a384       0x50 ./Sources/send.o
                0x0000a384                acceleration_processing
 .text.deceleration_processing
                0x0000a3d4       0x50 ./Sources/send.o
                0x0000a3d4                deceleration_processing
 .text.torque_processing
                0x0000a424       0x48 ./Sources/send.o
                0x0000a424                torque_processing
 .text.torque_ref_processing
                0x0000a46c       0x48 ./Sources/send.o
                0x0000a46c                torque_ref_processing
 .text.torque_rise_processing
                0x0000a4b4       0x48 ./Sources/send.o
                0x0000a4b4                torque_rise_processing
 .text.torque_fall_processing
                0x0000a4fc       0x48 ./Sources/send.o
                0x0000a4fc                torque_fall_processing
 .text.position_ref_processing
                0x0000a544       0x48 ./Sources/send.o
                0x0000a544                position_ref_processing
 .text.position_processing
                0x0000a58c       0x44 ./Sources/send.o
                0x0000a58c                position_processing
 .text.control_mode_processing
                0x0000a5d0       0x7c ./Sources/send.o
                0x0000a5d0                control_mode_processing
 .text.drive_enable_processing
                0x0000a64c       0x24 ./Sources/send.o
                0x0000a64c                drive_enable_processing
 .text.__copy_rom_section
                0x0000a670       0xe4 ./Project_Settings/Startup_Code/startup.o
                0x0000a670                __copy_rom_section
 .text.__copy_rom_sections_to_ram
                0x0000a754       0x9c ./Project_Settings/Startup_Code/startup.o
                0x0000a754                __copy_rom_sections_to_ram
 .text.__init_registers
                0x0000a7f0        0xc ./Project_Settings/Startup_Code/startup.o
                0x0000a7f0                __init_registers
 .text.__init_user
                0x0000a7fc        0xc ./Project_Settings/Startup_Code/startup.o
                0x0000a7fc                __init_user
 .text.__thumb_startup
                0x0000a808       0x34 ./Project_Settings/Startup_Code/startup.o
                0x0000a808                __thumb_startup
 .text.HWEnDi   0x0000a83c       0x1c ./Generated_Code/AS1.o
 .text.AS1_SendChar
                0x0000a858       0xe0 ./Generated_Code/AS1.o
                0x0000a858                AS1_SendChar
 .text.AS1_SendBlock
                0x0000a938      0x148 ./Generated_Code/AS1.o
                0x0000a938                AS1_SendBlock
 .text.AS1_ClearRxBuf
                0x0000aa80       0x78 ./Generated_Code/AS1.o
                0x0000aa80                AS1_ClearRxBuf
 .text.AS1_SetBaudRateMode
                0x0000aaf8       0x38 ./Generated_Code/AS1.o
                0x0000aaf8                AS1_SetBaudRateMode
 .text.AS1_Init
                0x0000ab30       0x60 ./Generated_Code/AS1.o
                0x0000ab30                AS1_Init
 .text.ASerialLdd1_OnBlockReceived
                0x0000ab90       0xd4 ./Generated_Code/AS1.o
                0x0000ab90                ASerialLdd1_OnBlockReceived
 .text.ASerialLdd1_OnBlockSent
                0x0000ac64       0xd8 ./Generated_Code/AS1.o
                0x0000ac64                ASerialLdd1_OnBlockSent
 .text.ASerialLdd1_OnError
                0x0000ad3c       0x9c ./Generated_Code/AS1.o
                0x0000ad3c                ASerialLdd1_OnError
 .text.ASerialLdd1_OnTxComplete
                0x0000add8       0x14 ./Generated_Code/AS1.o
                0x0000add8                ASerialLdd1_OnTxComplete
 .text.ASerialLdd1_OnBreak
                0x0000adec       0x24 ./Generated_Code/AS1.o
                0x0000adec                ASerialLdd1_OnBreak
 .text.ASerialLdd1_Init
                0x0000ae10      0x1d4 ./Generated_Code/ASerialLdd1.o
                0x0000ae10                ASerialLdd1_Init
 .text.ASerialLdd1_ReceiveBlock
                0x0000afe4       0x90 ./Generated_Code/ASerialLdd1.o
                0x0000afe4                ASerialLdd1_ReceiveBlock
 .text.ASerialLdd1_SendBlock
                0x0000b074       0xbc ./Generated_Code/ASerialLdd1.o
                0x0000b074                ASerialLdd1_SendBlock
 .text.ASerialLdd1_SelectBaudRate
                0x0000b130       0x9c ./Generated_Code/ASerialLdd1.o
                0x0000b130                ASerialLdd1_SelectBaudRate
 .text.InterruptRx
                0x0000b1cc       0x58 ./Generated_Code/ASerialLdd1.o
 .text.InterruptTx
                0x0000b224       0x9c ./Generated_Code/ASerialLdd1.o
 .text.ASerialLdd1_Interrupt
                0x0000b2c0      0x130 ./Generated_Code/ASerialLdd1.o
                0x0000b2c0                ASerialLdd1_Interrupt
 .text.ASerialLdd1_GetError
                0x0000b3f0       0x70 ./Generated_Code/ASerialLdd1.o
                0x0000b3f0                ASerialLdd1_GetError
 .text.BitIoLdd1_Init
                0x0000b460       0x64 ./Generated_Code/BitIoLdd1.o
                0x0000b460                BitIoLdd1_Init
 .text.BitIoLdd2_Init
                0x0000b4c4       0x64 ./Generated_Code/BitIoLdd2.o
                0x0000b4c4                BitIoLdd2_Init
 .text.BitIoLdd2_ClrVal
                0x0000b528       0x1c ./Generated_Code/BitIoLdd2.o
                0x0000b528                BitIoLdd2_ClrVal
 .text.BitIoLdd2_SetVal
                0x0000b544       0x1c ./Generated_Code/BitIoLdd2.o
                0x0000b544                BitIoLdd2_SetVal
 .text.BitIoLdd3_Init
                0x0000b560       0x64 ./Generated_Code/BitIoLdd3.o
                0x0000b560                BitIoLdd3_Init
 .text.BitIoLdd3_ClrVal
                0x0000b5c4       0x1c ./Generated_Code/BitIoLdd3.o
                0x0000b5c4                BitIoLdd3_ClrVal
 .text.BitIoLdd3_SetVal
                0x0000b5e0       0x1c ./Generated_Code/BitIoLdd3.o
                0x0000b5e0                BitIoLdd3_SetVal
 .text.BitIoLdd4_Init
                0x0000b5fc       0x64 ./Generated_Code/BitIoLdd4.o
                0x0000b5fc                BitIoLdd4_Init
 .text.BitIoLdd4_ClrVal
                0x0000b660       0x1c ./Generated_Code/BitIoLdd4.o
                0x0000b660                BitIoLdd4_ClrVal
 .text.BitIoLdd4_SetVal
                0x0000b67c       0x1c ./Generated_Code/BitIoLdd4.o
                0x0000b67c                BitIoLdd4_SetVal
 .text.BitIoLdd5_Init
                0x0000b698       0x64 ./Generated_Code/BitIoLdd5.o
                0x0000b698                BitIoLdd5_Init
 .text.BitIoLdd5_ClrVal
                0x0000b6fc       0x1c ./Generated_Code/BitIoLdd5.o
                0x0000b6fc                BitIoLdd5_ClrVal
 .text.BitIoLdd6_Init
                0x0000b718       0x64 ./Generated_Code/BitIoLdd6.o
                0x0000b718                BitIoLdd6_Init
 .text.BitIoLdd6_ClrVal
                0x0000b77c       0x20 ./Generated_Code/BitIoLdd6.o
                0x0000b77c                BitIoLdd6_ClrVal
 .text.BitIoLdd6_SetVal
                0x0000b79c       0x20 ./Generated_Code/BitIoLdd6.o
                0x0000b79c                BitIoLdd6_SetVal
 .text.BitIoLdd7_Init
                0x0000b7bc       0x64 ./Generated_Code/BitIoLdd7.o
                0x0000b7bc                BitIoLdd7_Init
 .text.BitIoLdd7_ClrVal
                0x0000b820       0x1c ./Generated_Code/BitIoLdd7.o
                0x0000b820                BitIoLdd7_ClrVal
 .text.BitIoLdd7_SetVal
                0x0000b83c       0x1c ./Generated_Code/BitIoLdd7.o
                0x0000b83c                BitIoLdd7_SetVal
 .text.BitIoLdd8_Init
                0x0000b858       0x64 ./Generated_Code/BitIoLdd8.o
                0x0000b858                BitIoLdd8_Init
 .text.BitIoLdd8_ClrVal
                0x0000b8bc       0x1c ./Generated_Code/BitIoLdd8.o
                0x0000b8bc                BitIoLdd8_ClrVal
 .text.BitIoLdd8_SetVal
                0x0000b8d8       0x1c ./Generated_Code/BitIoLdd8.o
                0x0000b8d8                BitIoLdd8_SetVal
 .text.Cpu_ivINT_PORTC
                0x0000b8f4       0x30 ./Generated_Code/Cpu.o
                0x0000b8f4                Cpu_ivINT_PORTC
 .text.Cpu_ivINT_NMI
                0x0000b924       0x18 ./Generated_Code/Cpu.o
                0x0000b924                Cpu_ivINT_NMI
 .text.Cpu_ivINT_Hard_Fault
                0x0000b93c       0x18 ./Generated_Code/Cpu.o
                0x0000b93c                Cpu_ivINT_Hard_Fault
 .text.Cpu_ivINT_Mem_Manage_Fault
                0x0000b954       0x18 ./Generated_Code/Cpu.o
                0x0000b954                Cpu_ivINT_Mem_Manage_Fault
 .text.Cpu_ivINT_Bus_Fault
                0x0000b96c       0x18 ./Generated_Code/Cpu.o
                0x0000b96c                Cpu_ivINT_Bus_Fault
 .text.Cpu_ivINT_Usage_Fault
                0x0000b984       0x18 ./Generated_Code/Cpu.o
                0x0000b984                Cpu_ivINT_Usage_Fault
 .text.Cpu_ivINT_Reserved7
                0x0000b99c       0x18 ./Generated_Code/Cpu.o
                0x0000b99c                Cpu_ivINT_Reserved7
 .text.Cpu_ivINT_Reserved8
                0x0000b9b4       0x18 ./Generated_Code/Cpu.o
                0x0000b9b4                Cpu_ivINT_Reserved8
 .text.Cpu_ivINT_Reserved9
                0x0000b9cc       0x18 ./Generated_Code/Cpu.o
                0x0000b9cc                Cpu_ivINT_Reserved9
 .text.Cpu_ivINT_Reserved10
                0x0000b9e4       0x18 ./Generated_Code/Cpu.o
                0x0000b9e4                Cpu_ivINT_Reserved10
 .text.Cpu_ivINT_SVCall
                0x0000b9fc       0x18 ./Generated_Code/Cpu.o
                0x0000b9fc                Cpu_ivINT_SVCall
 .text.Cpu_ivINT_DebugMonitor
                0x0000ba14       0x18 ./Generated_Code/Cpu.o
                0x0000ba14                Cpu_ivINT_DebugMonitor
 .text.Cpu_ivINT_Reserved13
                0x0000ba2c       0x18 ./Generated_Code/Cpu.o
                0x0000ba2c                Cpu_ivINT_Reserved13
 .text.Cpu_ivINT_PendableSrvReq
                0x0000ba44       0x18 ./Generated_Code/Cpu.o
                0x0000ba44                Cpu_ivINT_PendableSrvReq
 .text.Cpu_ivINT_SysTick
                0x0000ba5c       0x18 ./Generated_Code/Cpu.o
                0x0000ba5c                Cpu_ivINT_SysTick
 .text.Cpu_ivINT_DMA0
                0x0000ba74       0x18 ./Generated_Code/Cpu.o
                0x0000ba74                Cpu_ivINT_DMA0
 .text.Cpu_ivINT_DMA1
                0x0000ba8c       0x18 ./Generated_Code/Cpu.o
                0x0000ba8c                Cpu_ivINT_DMA1
 .text.Cpu_ivINT_DMA2
                0x0000baa4       0x18 ./Generated_Code/Cpu.o
                0x0000baa4                Cpu_ivINT_DMA2
 .text.Cpu_ivINT_DMA3
                0x0000babc       0x18 ./Generated_Code/Cpu.o
                0x0000babc                Cpu_ivINT_DMA3
 .text.Cpu_ivINT_DMA4
                0x0000bad4       0x18 ./Generated_Code/Cpu.o
                0x0000bad4                Cpu_ivINT_DMA4
 .text.Cpu_ivINT_DMA5
                0x0000baec       0x18 ./Generated_Code/Cpu.o
                0x0000baec                Cpu_ivINT_DMA5
 .text.Cpu_ivINT_DMA6
                0x0000bb04       0x18 ./Generated_Code/Cpu.o
                0x0000bb04                Cpu_ivINT_DMA6
 .text.Cpu_ivINT_DMA7
                0x0000bb1c       0x18 ./Generated_Code/Cpu.o
                0x0000bb1c                Cpu_ivINT_DMA7
 .text.Cpu_ivINT_DMA8
                0x0000bb34       0x18 ./Generated_Code/Cpu.o
                0x0000bb34                Cpu_ivINT_DMA8
 .text.Cpu_ivINT_DMA9
                0x0000bb4c       0x18 ./Generated_Code/Cpu.o
                0x0000bb4c                Cpu_ivINT_DMA9
 .text.Cpu_ivINT_DMA10
                0x0000bb64       0x18 ./Generated_Code/Cpu.o
                0x0000bb64                Cpu_ivINT_DMA10
 .text.Cpu_ivINT_DMA11
                0x0000bb7c       0x18 ./Generated_Code/Cpu.o
                0x0000bb7c                Cpu_ivINT_DMA11
 .text.Cpu_ivINT_DMA12
                0x0000bb94       0x18 ./Generated_Code/Cpu.o
                0x0000bb94                Cpu_ivINT_DMA12
 .text.Cpu_ivINT_DMA13
                0x0000bbac       0x18 ./Generated_Code/Cpu.o
                0x0000bbac                Cpu_ivINT_DMA13
 .text.Cpu_ivINT_DMA14
                0x0000bbc4       0x18 ./Generated_Code/Cpu.o
                0x0000bbc4                Cpu_ivINT_DMA14
 .text.Cpu_ivINT_DMA15
                0x0000bbdc       0x18 ./Generated_Code/Cpu.o
                0x0000bbdc                Cpu_ivINT_DMA15
 .text.Cpu_ivINT_DMA_Error
                0x0000bbf4       0x18 ./Generated_Code/Cpu.o
                0x0000bbf4                Cpu_ivINT_DMA_Error
 .text.Cpu_ivINT_MCM
                0x0000bc0c       0x18 ./Generated_Code/Cpu.o
                0x0000bc0c                Cpu_ivINT_MCM
 .text.Cpu_ivINT_FTFL
                0x0000bc24       0x18 ./Generated_Code/Cpu.o
                0x0000bc24                Cpu_ivINT_FTFL
 .text.Cpu_ivINT_Read_Collision
                0x0000bc3c       0x18 ./Generated_Code/Cpu.o
                0x0000bc3c                Cpu_ivINT_Read_Collision
 .text.Cpu_ivINT_LVD_LVW
                0x0000bc54       0x18 ./Generated_Code/Cpu.o
                0x0000bc54                Cpu_ivINT_LVD_LVW
 .text.Cpu_ivINT_LLW
                0x0000bc6c       0x18 ./Generated_Code/Cpu.o
                0x0000bc6c                Cpu_ivINT_LLW
 .text.Cpu_ivINT_Watchdog
                0x0000bc84       0x18 ./Generated_Code/Cpu.o
                0x0000bc84                Cpu_ivINT_Watchdog
 .text.Cpu_ivINT_Reserved39
                0x0000bc9c       0x18 ./Generated_Code/Cpu.o
                0x0000bc9c                Cpu_ivINT_Reserved39
 .text.Cpu_ivINT_I2C1
                0x0000bcb4       0x18 ./Generated_Code/Cpu.o
                0x0000bcb4                Cpu_ivINT_I2C1
 .text.Cpu_ivINT_SPI0
                0x0000bccc       0x18 ./Generated_Code/Cpu.o
                0x0000bccc                Cpu_ivINT_SPI0
 .text.Cpu_ivINT_SPI1
                0x0000bce4       0x18 ./Generated_Code/Cpu.o
                0x0000bce4                Cpu_ivINT_SPI1
 .text.Cpu_ivINT_Reserved44
                0x0000bcfc       0x18 ./Generated_Code/Cpu.o
                0x0000bcfc                Cpu_ivINT_Reserved44
 .text.Cpu_ivINT_CAN0_ORed_Message_buffer
                0x0000bd14       0x18 ./Generated_Code/Cpu.o
                0x0000bd14                Cpu_ivINT_CAN0_ORed_Message_buffer
 .text.Cpu_ivINT_CAN0_Bus_Off
                0x0000bd2c       0x18 ./Generated_Code/Cpu.o
                0x0000bd2c                Cpu_ivINT_CAN0_Bus_Off
 .text.Cpu_ivINT_CAN0_Error
                0x0000bd44       0x18 ./Generated_Code/Cpu.o
                0x0000bd44                Cpu_ivINT_CAN0_Error
 .text.Cpu_ivINT_CAN0_Tx_Warning
                0x0000bd5c       0x18 ./Generated_Code/Cpu.o
                0x0000bd5c                Cpu_ivINT_CAN0_Tx_Warning
 .text.Cpu_ivINT_CAN0_Rx_Warning
                0x0000bd74       0x18 ./Generated_Code/Cpu.o
                0x0000bd74                Cpu_ivINT_CAN0_Rx_Warning
 .text.Cpu_ivINT_CAN0_Wake_Up
                0x0000bd8c       0x18 ./Generated_Code/Cpu.o
                0x0000bd8c                Cpu_ivINT_CAN0_Wake_Up
 .text.Cpu_ivINT_I2S0_Tx
                0x0000bda4       0x18 ./Generated_Code/Cpu.o
                0x0000bda4                Cpu_ivINT_I2S0_Tx
 .text.Cpu_ivINT_I2S0_Rx
                0x0000bdbc       0x18 ./Generated_Code/Cpu.o
                0x0000bdbc                Cpu_ivINT_I2S0_Rx
 .text.Cpu_ivINT_Reserved53
                0x0000bdd4       0x18 ./Generated_Code/Cpu.o
                0x0000bdd4                Cpu_ivINT_Reserved53
 .text.Cpu_ivINT_Reserved54
                0x0000bdec       0x18 ./Generated_Code/Cpu.o
                0x0000bdec                Cpu_ivINT_Reserved54
 .text.Cpu_ivINT_Reserved55
                0x0000be04       0x18 ./Generated_Code/Cpu.o
                0x0000be04                Cpu_ivINT_Reserved55
 .text.Cpu_ivINT_Reserved56
                0x0000be1c       0x18 ./Generated_Code/Cpu.o
                0x0000be1c                Cpu_ivINT_Reserved56
 .text.Cpu_ivINT_Reserved57
                0x0000be34       0x18 ./Generated_Code/Cpu.o
                0x0000be34                Cpu_ivINT_Reserved57
 .text.Cpu_ivINT_Reserved58
                0x0000be4c       0x18 ./Generated_Code/Cpu.o
                0x0000be4c                Cpu_ivINT_Reserved58
 .text.Cpu_ivINT_Reserved59
                0x0000be64       0x18 ./Generated_Code/Cpu.o
                0x0000be64                Cpu_ivINT_Reserved59
 .text.Cpu_ivINT_UART0_LON
                0x0000be7c       0x18 ./Generated_Code/Cpu.o
                0x0000be7c                Cpu_ivINT_UART0_LON
 .text.Cpu_ivINT_UART1_RX_TX
                0x0000be94       0x18 ./Generated_Code/Cpu.o
                0x0000be94                Cpu_ivINT_UART1_RX_TX
 .text.Cpu_ivINT_UART1_ERR
                0x0000beac       0x18 ./Generated_Code/Cpu.o
                0x0000beac                Cpu_ivINT_UART1_ERR
 .text.Cpu_ivINT_UART2_RX_TX
                0x0000bec4       0x18 ./Generated_Code/Cpu.o
                0x0000bec4                Cpu_ivINT_UART2_RX_TX
 .text.Cpu_ivINT_UART2_ERR
                0x0000bedc       0x18 ./Generated_Code/Cpu.o
                0x0000bedc                Cpu_ivINT_UART2_ERR
 .text.Cpu_ivINT_UART3_RX_TX
                0x0000bef4       0x18 ./Generated_Code/Cpu.o
                0x0000bef4                Cpu_ivINT_UART3_RX_TX
 .text.Cpu_ivINT_UART3_ERR
                0x0000bf0c       0x18 ./Generated_Code/Cpu.o
                0x0000bf0c                Cpu_ivINT_UART3_ERR
 .text.Cpu_ivINT_Reserved69
                0x0000bf24       0x18 ./Generated_Code/Cpu.o
                0x0000bf24                Cpu_ivINT_Reserved69
 .text.Cpu_ivINT_Reserved70
                0x0000bf3c       0x18 ./Generated_Code/Cpu.o
                0x0000bf3c                Cpu_ivINT_Reserved70
 .text.Cpu_ivINT_Reserved71
                0x0000bf54       0x18 ./Generated_Code/Cpu.o
                0x0000bf54                Cpu_ivINT_Reserved71
 .text.Cpu_ivINT_Reserved72
                0x0000bf6c       0x18 ./Generated_Code/Cpu.o
                0x0000bf6c                Cpu_ivINT_Reserved72
 .text.Cpu_ivINT_ADC0
                0x0000bf84       0x18 ./Generated_Code/Cpu.o
                0x0000bf84                Cpu_ivINT_ADC0
 .text.Cpu_ivINT_ADC1
                0x0000bf9c       0x18 ./Generated_Code/Cpu.o
                0x0000bf9c                Cpu_ivINT_ADC1
 .text.Cpu_ivINT_CMP0
                0x0000bfb4       0x18 ./Generated_Code/Cpu.o
                0x0000bfb4                Cpu_ivINT_CMP0
 .text.Cpu_ivINT_CMP1
                0x0000bfcc       0x18 ./Generated_Code/Cpu.o
                0x0000bfcc                Cpu_ivINT_CMP1
 .text.Cpu_ivINT_CMP2
                0x0000bfe4       0x18 ./Generated_Code/Cpu.o
                0x0000bfe4                Cpu_ivINT_CMP2
 .text.Cpu_ivINT_CMT
                0x0000bffc       0x18 ./Generated_Code/Cpu.o
                0x0000bffc                Cpu_ivINT_CMT
 .text.Cpu_ivINT_RTC
                0x0000c014       0x18 ./Generated_Code/Cpu.o
                0x0000c014                Cpu_ivINT_RTC
 .text.Cpu_ivINT_RTC_Seconds
                0x0000c02c       0x18 ./Generated_Code/Cpu.o
                0x0000c02c                Cpu_ivINT_RTC_Seconds
 .text.Cpu_ivINT_PIT0
                0x0000c044       0x18 ./Generated_Code/Cpu.o
                0x0000c044                Cpu_ivINT_PIT0
 .text.Cpu_ivINT_PIT1
                0x0000c05c       0x18 ./Generated_Code/Cpu.o
                0x0000c05c                Cpu_ivINT_PIT1
 .text.Cpu_ivINT_PIT2
                0x0000c074       0x18 ./Generated_Code/Cpu.o
                0x0000c074                Cpu_ivINT_PIT2
 .text.Cpu_ivINT_PIT3
                0x0000c08c       0x18 ./Generated_Code/Cpu.o
                0x0000c08c                Cpu_ivINT_PIT3
 .text.Cpu_ivINT_PDB0
                0x0000c0a4       0x18 ./Generated_Code/Cpu.o
                0x0000c0a4                Cpu_ivINT_PDB0
 .text.Cpu_ivINT_USB0
                0x0000c0bc       0x18 ./Generated_Code/Cpu.o
                0x0000c0bc                Cpu_ivINT_USB0
 .text.Cpu_ivINT_USBDCD
                0x0000c0d4       0x18 ./Generated_Code/Cpu.o
                0x0000c0d4                Cpu_ivINT_USBDCD
 .text.Cpu_ivINT_Reserved91
                0x0000c0ec       0x18 ./Generated_Code/Cpu.o
                0x0000c0ec                Cpu_ivINT_Reserved91
 .text.Cpu_ivINT_Reserved92
                0x0000c104       0x18 ./Generated_Code/Cpu.o
                0x0000c104                Cpu_ivINT_Reserved92
 .text.Cpu_ivINT_Reserved93
                0x0000c11c       0x18 ./Generated_Code/Cpu.o
                0x0000c11c                Cpu_ivINT_Reserved93
 .text.Cpu_ivINT_Reserved94
                0x0000c134       0x18 ./Generated_Code/Cpu.o
                0x0000c134                Cpu_ivINT_Reserved94
 .text.Cpu_ivINT_Reserved95
                0x0000c14c       0x18 ./Generated_Code/Cpu.o
                0x0000c14c                Cpu_ivINT_Reserved95
 .text.Cpu_ivINT_Reserved96
                0x0000c164       0x18 ./Generated_Code/Cpu.o
                0x0000c164                Cpu_ivINT_Reserved96
 .text.Cpu_ivINT_DAC0
                0x0000c17c       0x18 ./Generated_Code/Cpu.o
                0x0000c17c                Cpu_ivINT_DAC0
 .text.Cpu_ivINT_Reserved98
                0x0000c194       0x18 ./Generated_Code/Cpu.o
                0x0000c194                Cpu_ivINT_Reserved98
 .text.Cpu_ivINT_TSI0
                0x0000c1ac       0x18 ./Generated_Code/Cpu.o
                0x0000c1ac                Cpu_ivINT_TSI0
 .text.Cpu_ivINT_MCG
                0x0000c1c4       0x18 ./Generated_Code/Cpu.o
                0x0000c1c4                Cpu_ivINT_MCG
 .text.Cpu_ivINT_LPTimer
                0x0000c1dc       0x18 ./Generated_Code/Cpu.o
                0x0000c1dc                Cpu_ivINT_LPTimer
 .text.Cpu_ivINT_Reserved102
                0x0000c1f4       0x18 ./Generated_Code/Cpu.o
                0x0000c1f4                Cpu_ivINT_Reserved102
 .text.Cpu_ivINT_PORTA
                0x0000c20c       0x18 ./Generated_Code/Cpu.o
                0x0000c20c                Cpu_ivINT_PORTA
 .text.Cpu_ivINT_PORTB
                0x0000c224       0x18 ./Generated_Code/Cpu.o
                0x0000c224                Cpu_ivINT_PORTB
 .text.Cpu_ivINT_PORTD
                0x0000c23c       0x18 ./Generated_Code/Cpu.o
                0x0000c23c                Cpu_ivINT_PORTD
 .text.Cpu_ivINT_PORTE
                0x0000c254       0x18 ./Generated_Code/Cpu.o
                0x0000c254                Cpu_ivINT_PORTE
 .text.Cpu_ivINT_Reserved108
                0x0000c26c       0x18 ./Generated_Code/Cpu.o
                0x0000c26c                Cpu_ivINT_Reserved108
 .text.Cpu_ivINT_Reserved109
                0x0000c284       0x18 ./Generated_Code/Cpu.o
                0x0000c284                Cpu_ivINT_Reserved109
 .text.Cpu_ivINT_SWI
                0x0000c29c       0x18 ./Generated_Code/Cpu.o
                0x0000c29c                Cpu_ivINT_SWI
 .text.__init_hardware
                0x0000c2b4      0x140 ./Generated_Code/Cpu.o
                0x0000c2b4                __init_hardware
 .text.Cpu_SetBASEPRI
                0x0000c3f4       0x18 ./Generated_Code/Cpu.o
                0x0000c3f4                Cpu_SetBASEPRI
 .text.PE_low_level_init
                0x0000c40c       0xec ./Generated_Code/Cpu.o
                0x0000c40c                PE_low_level_init
 .text.ENCODER_Init
                0x0000c4f8       0xac ./Generated_Code/ENCODER.o
                0x0000c4f8                ENCODER_Init
 .text.ENCODER_GetFieldValue
                0x0000c5a4       0x40 ./Generated_Code/ENCODER.o
                0x0000c5a4                ENCODER_GetFieldValue
 .text.ENCODER_Interrupt
                0x0000c5e4       0x4c ./Generated_Code/ENCODER.o
                0x0000c5e4                ENCODER_Interrupt
 .text.ExtIntLdd1_OnInterrupt
                0x0000c630       0x14 ./Generated_Code/ENCODER_PUSH.o
                0x0000c630                ExtIntLdd1_OnInterrupt
 .text.ExtIntLdd1_Init
                0x0000c644       0x80 ./Generated_Code/ExtIntLdd1.o
                0x0000c644                ExtIntLdd1_Init
 .text.ExtIntLdd1_Interrupt
                0x0000c6c4       0x3c ./Generated_Code/ExtIntLdd1.o
                0x0000c6c4                ExtIntLdd1_Interrupt
 .text.ExtIntLdd1_GetVal
                0x0000c700       0x2c ./Generated_Code/ExtIntLdd1.o
                0x0000c700                ExtIntLdd1_GetVal
 .text.ExtIntLdd2_Init
                0x0000c72c       0x80 ./Generated_Code/ExtIntLdd2.o
                0x0000c72c                ExtIntLdd2_Init
 .text.ExtIntLdd2_Interrupt
                0x0000c7ac       0x3c ./Generated_Code/ExtIntLdd2.o
                0x0000c7ac                ExtIntLdd2_Interrupt
 .text.ExtIntLdd2_GetVal
                0x0000c7e8       0x2c ./Generated_Code/ExtIntLdd2.o
                0x0000c7e8                ExtIntLdd2_GetVal
 .text.ExtIntLdd3_Init
                0x0000c814       0x80 ./Generated_Code/ExtIntLdd3.o
                0x0000c814                ExtIntLdd3_Init
 .text.ExtIntLdd3_Interrupt
                0x0000c894       0x3c ./Generated_Code/ExtIntLdd3.o
                0x0000c894                ExtIntLdd3_Interrupt
 .text.ExtIntLdd3_GetVal
                0x0000c8d0       0x2c ./Generated_Code/ExtIntLdd3.o
                0x0000c8d0                ExtIntLdd3_GetVal
 .text.ExtIntLdd4_Init
                0x0000c8fc       0x7c ./Generated_Code/ExtIntLdd4.o
                0x0000c8fc                ExtIntLdd4_Init
 .text.ExtIntLdd4_Interrupt
                0x0000c978       0x3c ./Generated_Code/ExtIntLdd4.o
                0x0000c978                ExtIntLdd4_Interrupt
 .text.ExtIntLdd5_Init
                0x0000c9b4       0x7c ./Generated_Code/ExtIntLdd5.o
                0x0000c9b4                ExtIntLdd5_Init
 .text.ExtIntLdd5_Interrupt
                0x0000ca30       0x3c ./Generated_Code/ExtIntLdd5.o
                0x0000ca30                ExtIntLdd5_Interrupt
 .text.I2C0_SendChar
                0x0000ca6c       0x2c ./Generated_Code/I2C0.o
                0x0000ca6c                I2C0_SendChar
 .text.I2C0_SendBlock
                0x0000ca98       0xc0 ./Generated_Code/I2C0.o
                0x0000ca98                I2C0_SendBlock
 .text.I2C0_SelectSlave
                0x0000cb58       0x34 ./Generated_Code/I2C0.o
                0x0000cb58                I2C0_SelectSlave
 .text.I2C0_Init
                0x0000cb8c       0x20 ./Generated_Code/I2C0.o
                0x0000cb8c                I2C0_Init
 .text.IntI2cLdd1_OnMasterBlockSent
                0x0000cbac       0x14 ./Generated_Code/I2C0.o
                0x0000cbac                IntI2cLdd1_OnMasterBlockSent
 .text.IntI2cLdd1_OnMasterBlockReceived
                0x0000cbc0       0x14 ./Generated_Code/I2C0.o
                0x0000cbc0                IntI2cLdd1_OnMasterBlockReceived
 .text.IntI2cLdd1_OnError
                0x0000cbd4       0x30 ./Generated_Code/I2C0.o
                0x0000cbd4                IntI2cLdd1_OnError
 .text.IFsh1_GetFlash
                0x0000cc04       0x84 ./Generated_Code/IFsh1.o
                0x0000cc04                IFsh1_GetFlash
 .text.IFsh1_SetFlash
                0x0000cc88      0x1a8 ./Generated_Code/IFsh1.o
                0x0000cc88                IFsh1_SetFlash
 .text.IFsh1_Init
                0x0000ce30       0x2c ./Generated_Code/IFsh1.o
                0x0000ce30                IFsh1_Init
 .text.IFsh1_SetByteFlash
                0x0000ce5c       0x24 ./Generated_Code/IFsh1.o
                0x0000ce5c                IFsh1_SetByteFlash
 .text.IFsh1_GetByteFlash
                0x0000ce80       0x20 ./Generated_Code/IFsh1.o
                0x0000ce80                IFsh1_GetByteFlash
 .text.IFsh1_SetLongFlash
                0x0000cea0       0x20 ./Generated_Code/IFsh1.o
                0x0000cea0                IFsh1_SetLongFlash
 .text.IFsh1_GetLongFlash
                0x0000cec0       0x20 ./Generated_Code/IFsh1.o
                0x0000cec0                IFsh1_GetLongFlash
 .text.IntFlashLdd1_OnOperationComplete
                0x0000cee0      0x190 ./Generated_Code/IFsh1.o
                0x0000cee0                IntFlashLdd1_OnOperationComplete
 .text.IntFlashLdd1_OnError
                0x0000d070       0x54 ./Generated_Code/IFsh1.o
                0x0000d070                IntFlashLdd1_OnError
 .text.IntFlashLdd1_Init
                0x0000d0c4       0x64 ./Generated_Code/IntFlashLdd1.o
                0x0000d0c4                IntFlashLdd1_Init
 .text.IntFlashLdd1_Write
                0x0000d128       0x74 ./Generated_Code/IntFlashLdd1.o
                0x0000d128                IntFlashLdd1_Write
 .text.IntFlashLdd1_Read
                0x0000d19c       0x70 ./Generated_Code/IntFlashLdd1.o
                0x0000d19c                IntFlashLdd1_Read
 .text.IntFlashLdd1_Erase
                0x0000d20c       0xa4 ./Generated_Code/IntFlashLdd1.o
                0x0000d20c                IntFlashLdd1_Erase
 .text.IntFlashLdd1_Main
                0x0000d2b0      0x310 ./Generated_Code/IntFlashLdd1.o
                0x0000d2b0                IntFlashLdd1_Main
 .text.IntFlashLdd1_GetError
                0x0000d5c0       0x90 ./Generated_Code/IntFlashLdd1.o
                0x0000d5c0                IntFlashLdd1_GetError
 .text.RangeCheck
                0x0000d650       0x74 ./Generated_Code/IntFlashLdd1.o
 .text.SafeRoutineCaller
                0x0000d6c4       0x94 ./Generated_Code/IntFlashLdd1.o
 .text.IntI2cLdd1_Interrupt
                0x0000d758      0x2d4 ./Generated_Code/IntI2cLdd1.o
                0x0000d758                IntI2cLdd1_Interrupt
 .text.IntI2cLdd1_Init
                0x0000da2c      0x13c ./Generated_Code/IntI2cLdd1.o
                0x0000da2c                IntI2cLdd1_Init
 .text.IntI2cLdd1_MasterSendBlock
                0x0000db68      0x190 ./Generated_Code/IntI2cLdd1.o
                0x0000db68                IntI2cLdd1_MasterSendBlock
 .text.IntI2cLdd1_SelectSlaveDevice
                0x0000dcf8       0xf0 ./Generated_Code/IntI2cLdd1.o
                0x0000dcf8                IntI2cLdd1_SelectSlaveDevice
 .text.IntI2cLdd1_GetError
                0x0000dde8       0x70 ./Generated_Code/IntI2cLdd1.o
                0x0000dde8                IntI2cLdd1_GetError
 .text.ExtIntLdd3_OnInterrupt
                0x0000de58       0x14 ./Generated_Code/LEVER_DIR1.o
                0x0000de58                ExtIntLdd3_OnInterrupt
 .text.ExtIntLdd2_OnInterrupt
                0x0000de6c       0x14 ./Generated_Code/LEVER_DIR2.o
                0x0000de6c                ExtIntLdd2_OnInterrupt
 .text.ExtIntLdd5_OnInterrupt
                0x0000de80       0x14 ./Generated_Code/PUSH_BUTTON_REC.o
                0x0000de80                ExtIntLdd5_OnInterrupt
 .text.ExtIntLdd4_OnInterrupt
                0x0000de94       0x14 ./Generated_Code/PUSH_BUTTON_SEND.o
                0x0000de94                ExtIntLdd4_OnInterrupt
 .text.TU1_Init
                0x0000dea8       0xb0 ./Generated_Code/TU1.o
                0x0000dea8                TU1_Init
 .text.TU1_Enable
                0x0000df58       0x30 ./Generated_Code/TU1.o
                0x0000df58                TU1_Enable
 .text.TU1_Disable
                0x0000df88       0x28 ./Generated_Code/TU1.o
                0x0000df88                TU1_Disable
 .text.TU1_Interrupt
                0x0000dfb0       0x6c ./Generated_Code/TU1.o
                0x0000dfb0                TU1_Interrupt
 .text.T_100ms_Init
                0x0000e01c       0xb0 ./Generated_Code/T_100ms.o
                0x0000e01c                T_100ms_Init
 .text.T_100ms_Enable
                0x0000e0cc       0x30 ./Generated_Code/T_100ms.o
                0x0000e0cc                T_100ms_Enable
 .text.T_100ms_Disable
                0x0000e0fc       0x28 ./Generated_Code/T_100ms.o
                0x0000e0fc                T_100ms_Disable
 .text.T_100ms_Interrupt
                0x0000e124       0x6c ./Generated_Code/T_100ms.o
                0x0000e124                T_100ms_Interrupt
 .text.T_500ms_Init
                0x0000e190       0xcc ./Generated_Code/T_500ms.o
                0x0000e190                T_500ms_Init
 .text.T_500ms_Interrupt
                0x0000e25c       0x6c ./Generated_Code/T_500ms.o
                0x0000e25c                T_500ms_Interrupt
 .text.WAIT1_Wait10Cycles
                0x0000e2c8        0x8 ./Generated_Code/WAIT1.o
                0x0000e2c8                WAIT1_Wait10Cycles
 .text.WAIT1_Wait100Cycles
                0x0000e2d0       0x1c ./Generated_Code/WAIT1.o
                0x0000e2d0                WAIT1_Wait100Cycles
 .text.WAIT1_WaitCycles
                0x0000e2ec       0x34 ./Generated_Code/WAIT1.o
                0x0000e2ec                WAIT1_WaitCycles
 .text.WAIT1_WaitLongCycles
                0x0000e320       0x38 ./Generated_Code/WAIT1.o
                0x0000e320                WAIT1_WaitLongCycles
 .text.WAIT1_Waitms
                0x0000e358       0x2c ./Generated_Code/WAIT1.o
                0x0000e358                WAIT1_Waitms
 .text.round    0x0000e384       0x9c c:/freescale/kds_v3/toolchain/bin/../lib/gcc/arm-none-eabi/4.8.4/../../../../arm-none-eabi/lib/armv7e-m\libm.a(lib_a-s_round.o)
                0x0000e384                round
 .text.pow      0x0000e420      0x2f8 c:/freescale/kds_v3/toolchain/bin/../lib/gcc/arm-none-eabi/4.8.4/../../../../arm-none-eabi/lib/armv7e-m\libm.a(lib_a-w_pow.o)
                0x0000e420                pow
 .text.__ieee754_pow
                0x0000e718      0xa78 c:/freescale/kds_v3/toolchain/bin/../lib/gcc/arm-none-eabi/4.8.4/../../../../arm-none-eabi/lib/armv7e-m\libm.a(lib_a-e_pow.o)
                0x0000e718                __ieee754_pow
 .text.__ieee754_sqrt
                0x0000f190      0x180 c:/freescale/kds_v3/toolchain/bin/../lib/gcc/arm-none-eabi/4.8.4/../../../../arm-none-eabi/lib/armv7e-m\libm.a(lib_a-e_sqrt.o)
                0x0000f190                __ieee754_sqrt
 .text.fabs     0x0000f310        0x8 c:/freescale/kds_v3/toolchain/bin/../lib/gcc/arm-none-eabi/4.8.4/../../../../arm-none-eabi/lib/armv7e-m\libm.a(lib_a-s_fabs.o)
                0x0000f310                fabs
 .text.finite   0x0000f318        0xc c:/freescale/kds_v3/toolchain/bin/../lib/gcc/arm-none-eabi/4.8.4/../../../../arm-none-eabi/lib/armv7e-m\libm.a(lib_a-s_finite.o)
                0x0000f318                finite
 .text.__fpclassifyd
                0x0000f324       0x50 c:/freescale/kds_v3/toolchain/bin/../lib/gcc/arm-none-eabi/4.8.4/../../../../arm-none-eabi/lib/armv7e-m\libm.a(lib_a-s_fpclassify.o)
                0x0000f324                __fpclassifyd
 .text.matherr  0x0000f374        0x4 c:/freescale/kds_v3/toolchain/bin/../lib/gcc/arm-none-eabi/4.8.4/../../../../arm-none-eabi/lib/armv7e-m\libm.a(lib_a-s_matherr.o)
                0x0000f374                matherr
 .text.nan      0x0000f378        0xc c:/freescale/kds_v3/toolchain/bin/../lib/gcc/arm-none-eabi/4.8.4/../../../../arm-none-eabi/lib/armv7e-m\libm.a(lib_a-s_nan.o)
                0x0000f378                nan
 .text.rint     0x0000f384      0x118 c:/freescale/kds_v3/toolchain/bin/../lib/gcc/arm-none-eabi/4.8.4/../../../../arm-none-eabi/lib/armv7e-m\libm.a(lib_a-s_rint.o)
                0x0000f384                rint
 *fill*         0x0000f49c        0x4 
 .text.scalbn   0x0000f4a0      0x118 c:/freescale/kds_v3/toolchain/bin/../lib/gcc/arm-none-eabi/4.8.4/../../../../arm-none-eabi/lib/armv7e-m\libm.a(lib_a-s_scalbn.o)
                0x0000f4a0                scalbn
 .text.copysign
                0x0000f5b8       0x14 c:/freescale/kds_v3/toolchain/bin/../lib/gcc/arm-none-eabi/4.8.4/../../../../arm-none-eabi/lib/armv7e-m\libm.a(lib_a-s_copysign.o)
                0x0000f5b8                copysign
 .text.abort    0x0000f5cc        0xe c:/freescale/kds_v3/toolchain/bin/../lib/gcc/arm-none-eabi/4.8.4/../../../../arm-none-eabi/lib/armv7e-m\libg_s.a(lib_a-abort.o)
                0x0000f5cc                abort
 *fill*         0x0000f5da        0x2 
 .text.__errno  0x0000f5dc        0xc c:/freescale/kds_v3/toolchain/bin/../lib/gcc/arm-none-eabi/4.8.4/../../../../arm-none-eabi/lib/armv7e-m\libg_s.a(lib_a-errno.o)
                0x0000f5dc                __errno
 .text.exit     0x0000f5e8       0x28 c:/freescale/kds_v3/toolchain/bin/../lib/gcc/arm-none-eabi/4.8.4/../../../../arm-none-eabi/lib/armv7e-m\libg_s.a(lib_a-exit.o)
                0x0000f5e8                exit
 .text.__libc_init_array
                0x0000f610       0x4c c:/freescale/kds_v3/toolchain/bin/../lib/gcc/arm-none-eabi/4.8.4/../../../../arm-none-eabi/lib/armv7e-m\libg_s.a(lib_a-init.o)
                0x0000f610                __libc_init_array
 .text.memcpy   0x0000f65c       0x12 c:/freescale/kds_v3/toolchain/bin/../lib/gcc/arm-none-eabi/4.8.4/../../../../arm-none-eabi/lib/armv7e-m\libg_s.a(lib_a-memcpy-stub.o)
                0x0000f65c                memcpy
 .text.memset   0x0000f66e       0x10 c:/freescale/kds_v3/toolchain/bin/../lib/gcc/arm-none-eabi/4.8.4/../../../../arm-none-eabi/lib/armv7e-m\libg_s.a(lib_a-memset.o)
                0x0000f66e                memset
 .text._raise_r
                0x0000f67e       0x50 c:/freescale/kds_v3/toolchain/bin/../lib/gcc/arm-none-eabi/4.8.4/../../../../arm-none-eabi/lib/armv7e-m\libg_s.a(lib_a-signal.o)
                0x0000f67e                _raise_r
 *fill*         0x0000f6ce        0x2 
 .text.raise    0x0000f6d0       0x10 c:/freescale/kds_v3/toolchain/bin/../lib/gcc/arm-none-eabi/4.8.4/../../../../arm-none-eabi/lib/armv7e-m\libg_s.a(lib_a-signal.o)
                0x0000f6d0                raise
 .text._kill_r  0x0000f6e0       0x24 c:/freescale/kds_v3/toolchain/bin/../lib/gcc/arm-none-eabi/4.8.4/../../../../arm-none-eabi/lib/armv7e-m\libg_s.a(lib_a-signalr.o)
                0x0000f6e0                _kill_r
 .text._getpid_r
                0x0000f704        0x4 c:/freescale/kds_v3/toolchain/bin/../lib/gcc/arm-none-eabi/4.8.4/../../../../arm-none-eabi/lib/armv7e-m\libg_s.a(lib_a-signalr.o)
                0x0000f704                _getpid_r
 .text.strlen   0x0000f708       0x10 c:/freescale/kds_v3/toolchain/bin/../lib/gcc/arm-none-eabi/4.8.4/../../../../arm-none-eabi/lib/armv7e-m\libg_s.a(lib_a-strlen.o)
                0x0000f708                strlen
 .text._vsprintf_r
                0x0000f718       0x30 c:/freescale/kds_v3/toolchain/bin/../lib/gcc/arm-none-eabi/4.8.4/../../../../arm-none-eabi/lib/armv7e-m\libg_s.a(lib_a-vsprintf.o)
                0x0000f718                _vsprintf_r
                0x0000f718                _vsiprintf_r
 .text.vsprintf
                0x0000f748       0x1c c:/freescale/kds_v3/toolchain/bin/../lib/gcc/arm-none-eabi/4.8.4/../../../../arm-none-eabi/lib/armv7e-m\libg_s.a(lib_a-vsprintf.o)
                0x0000f748                vsiprintf
                0x0000f748                vsprintf
 .text._malloc_r
                0x0000f764       0xa8 c:/freescale/kds_v3/toolchain/bin/../lib/gcc/arm-none-eabi/4.8.4/../../../../arm-none-eabi/lib/armv7e-m\libg_s.a(lib_a-nano-mallocr.o)
                0x0000f764                _malloc_r
 .text._sbrk_r  0x0000f80c       0x20 c:/freescale/kds_v3/toolchain/bin/../lib/gcc/arm-none-eabi/4.8.4/../../../../arm-none-eabi/lib/armv7e-m\libg_s.a(lib_a-sbrkr.o)
                0x0000f80c                _sbrk_r
 .text.__ssputs_r
                0x0000f82c       0xb8 c:/freescale/kds_v3/toolchain/bin/../lib/gcc/arm-none-eabi/4.8.4/../../../../arm-none-eabi/lib/armv7e-m\libg_s.a(lib_a-svfprintf.o)
                0x0000f82c                __ssputs_r
 .text._svfprintf_r
                0x0000f8e4      0x1dc c:/freescale/kds_v3/toolchain/bin/../lib/gcc/arm-none-eabi/4.8.4/../../../../arm-none-eabi/lib/armv7e-m\libg_s.a(lib_a-svfprintf.o)
                0x0000f8e4                _svfiprintf_r
                0x0000f8e4                _svfprintf_r
 .text._printf_common
                0x0000fac0       0xe4 c:/freescale/kds_v3/toolchain/bin/../lib/gcc/arm-none-eabi/4.8.4/../../../../arm-none-eabi/lib/armv7e-m\libg_s.a(lib_a-vfprintf_i.o)
                0x0000fac0                _printf_common
 .text._printf_i
                0x0000fba4      0x228 c:/freescale/kds_v3/toolchain/bin/../lib/gcc/arm-none-eabi/4.8.4/../../../../arm-none-eabi/lib/armv7e-m\libg_s.a(lib_a-vfprintf_i.o)
                0x0000fba4                _printf_i
 .text.memchr   0x0000fdcc       0x1e c:/freescale/kds_v3/toolchain/bin/../lib/gcc/arm-none-eabi/4.8.4/../../../../arm-none-eabi/lib/armv7e-m\libg_s.a(lib_a-memchr-stub.o)
                0x0000fdcc                memchr
 .text.memmove  0x0000fdea       0x36 c:/freescale/kds_v3/toolchain/bin/../lib/gcc/arm-none-eabi/4.8.4/../../../../arm-none-eabi/lib/armv7e-m\libg_s.a(lib_a-memmove.o)
                0x0000fdea                memmove
 .text._free_r  0x0000fe20       0x88 c:/freescale/kds_v3/toolchain/bin/../lib/gcc/arm-none-eabi/4.8.4/../../../../arm-none-eabi/lib/armv7e-m\libg_s.a(lib_a-nano-freer.o)
                0x0000fe20                _free_r
 .text._realloc_r
                0x0000fea8       0x4c c:/freescale/kds_v3/toolchain/bin/../lib/gcc/arm-none-eabi/4.8.4/../../../../arm-none-eabi/lib/armv7e-m\libg_s.a(lib_a-nano-reallocr.o)
                0x0000fea8                _realloc_r
 .text._malloc_usable_size_r
                0x0000fef4       0x12 c:/freescale/kds_v3/toolchain/bin/../lib/gcc/arm-none-eabi/4.8.4/../../../../arm-none-eabi/lib/armv7e-m\libg_s.a(lib_a-nano-msizer.o)
                0x0000fef4                _malloc_usable_size_r
 *fill*         0x0000ff06        0x2 
 .text._getpid  0x0000ff08       0x10 c:/freescale/kds_v3/toolchain/bin/../lib/gcc/arm-none-eabi/4.8.4/../../../../arm-none-eabi/lib/armv7e-m\libnosys.a(getpid.o)
                0x0000ff08                _getpid
 .text._kill    0x0000ff18       0x10 c:/freescale/kds_v3/toolchain/bin/../lib/gcc/arm-none-eabi/4.8.4/../../../../arm-none-eabi/lib/armv7e-m\libnosys.a(kill.o)
                0x0000ff18                _kill
 .text._sbrk    0x0000ff28       0x34 c:/freescale/kds_v3/toolchain/bin/../lib/gcc/arm-none-eabi/4.8.4/../../../../arm-none-eabi/lib/armv7e-m\libnosys.a(sbrk.o)
                0x0000ff28                _sbrk
 .text._exit    0x0000ff5c        0x4 c:/freescale/kds_v3/toolchain/bin/../lib/gcc/arm-none-eabi/4.8.4/../../../../arm-none-eabi/lib/armv7e-m\libnosys.a(_exit.o)
                0x0000ff5c                _exit
 *(.rodata)
 .rodata        0x0000ff60      0x67c ./Sources/display.o
 .rodata        0x000105dc       0x18 ./Sources/menu.o
 .rodata        0x000105f4      0x230 ./Sources/protocol.o
 .rodata        0x00010824      0x230 ./Sources/send.o
 *(.rodata*)
 .rodata.ASerialLdd1_BaudAdjustValueSpeed0.6226
                0x00010a54        0x4 ./Generated_Code/ASerialLdd1.o
 .rodata.ASerialLdd1_BaudDivisorSpeed0.6227
                0x00010a58        0x4 ./Generated_Code/ASerialLdd1.o
 .rodata.SafeRoutine
                0x00010a5c       0x30 ./Generated_Code/IntFlashLdd1.o
 .rodata.str1.4
                0x00010a8c        0x4 c:/freescale/kds_v3/toolchain/bin/../lib/gcc/arm-none-eabi/4.8.4/../../../../arm-none-eabi/lib/armv7e-m\libm.a(lib_a-w_pow.o)
 .rodata.dp_h   0x00010a90       0x10 c:/freescale/kds_v3/toolchain/bin/../lib/gcc/arm-none-eabi/4.8.4/../../../../arm-none-eabi/lib/armv7e-m\libm.a(lib_a-e_pow.o)
 .rodata.dp_l   0x00010aa0       0x10 c:/freescale/kds_v3/toolchain/bin/../lib/gcc/arm-none-eabi/4.8.4/../../../../arm-none-eabi/lib/armv7e-m\libm.a(lib_a-e_pow.o)
 .rodata.bp     0x00010ab0       0x10 c:/freescale/kds_v3/toolchain/bin/../lib/gcc/arm-none-eabi/4.8.4/../../../../arm-none-eabi/lib/armv7e-m\libm.a(lib_a-e_pow.o)
 .rodata.str1.4
                0x00010ac0        0x4 c:/freescale/kds_v3/toolchain/bin/../lib/gcc/arm-none-eabi/4.8.4/../../../../arm-none-eabi/lib/armv7e-m\libm.a(lib_a-e_pow.o)
 *fill*         0x00010ac4        0x4 
 .rodata.TWO52  0x00010ac8       0x10 c:/freescale/kds_v3/toolchain/bin/../lib/gcc/arm-none-eabi/4.8.4/../../../../arm-none-eabi/lib/armv7e-m\libm.a(lib_a-s_rint.o)
 .rodata.str1.1
                0x00010ad8        0x2 c:/freescale/kds_v3/toolchain/bin/../lib/gcc/arm-none-eabi/4.8.4/../../../../arm-none-eabi/lib/armv7e-m\libg_s.a(lib_a-impure.o)
 *fill*         0x00010ada        0x2 
 .rodata._global_impure_ptr
                0x00010adc        0x4 c:/freescale/kds_v3/toolchain/bin/../lib/gcc/arm-none-eabi/4.8.4/../../../../arm-none-eabi/lib/armv7e-m\libg_s.a(lib_a-impure.o)
                0x00010adc                _global_impure_ptr
 .rodata.str1.1
                0x00010ae0       0x11 c:/freescale/kds_v3/toolchain/bin/../lib/gcc/arm-none-eabi/4.8.4/../../../../arm-none-eabi/lib/armv7e-m\libg_s.a(lib_a-svfprintf.o)
 .rodata.str1.1
                0x00010af1       0x22 c:/freescale/kds_v3/toolchain/bin/../lib/gcc/arm-none-eabi/4.8.4/../../../../arm-none-eabi/lib/armv7e-m\libg_s.a(lib_a-vfprintf_i.o)
 *(.glue_7)
 .glue_7        0x00000000        0x0 linker stubs
 *(.glue_7t)
 .glue_7t       0x00000000        0x0 linker stubs
 *(.eh_frame)
 *fill*         0x00010b13        0x1 
 .eh_frame      0x00010b14        0x0 c:/freescale/kds_v3/toolchain/bin/../lib/gcc/arm-none-eabi/4.8.4/armv7e-m/crtbegin.o
 *(.init)
 .init          0x00010b14        0x4 c:/freescale/kds_v3/toolchain/bin/../lib/gcc/arm-none-eabi/4.8.4/armv7e-m/crti.o
                0x00010b14                _init
 .init          0x00010b18        0x8 c:/freescale/kds_v3/toolchain/bin/../lib/gcc/arm-none-eabi/4.8.4/armv7e-m/crtn.o
 *(.fini)
 .fini          0x00010b20        0x4 c:/freescale/kds_v3/toolchain/bin/../lib/gcc/arm-none-eabi/4.8.4/armv7e-m/crti.o
                0x00010b20                _fini
 .fini          0x00010b24        0x8 c:/freescale/kds_v3/toolchain/bin/../lib/gcc/arm-none-eabi/4.8.4/armv7e-m/crtn.o
                0x00010b2c                . = ALIGN (0x4)
                0x00010b2c                _etext = .

.vfp11_veneer   0x00010b2c        0x0
 .vfp11_veneer  0x00000000        0x0 linker stubs

.v4_bx          0x00010b2c        0x0
 .v4_bx         0x00000000        0x0 linker stubs

.iplt           0x00010b2c        0x0
 .iplt          0x00000000        0x0 c:/freescale/kds_v3/toolchain/bin/../lib/gcc/arm-none-eabi/4.8.4/armv7e-m/crtbegin.o

.ARM.extab      0x00010b2c      0x2d0
 *(.ARM.extab* .gnu.linkonce.armextab.*)
 .ARM.extab.text.LCD_command
                0x00010b2c        0xc ./Sources/LCD.o
 .ARM.extab.text.LCD_Set_Cursor
                0x00010b38        0xc ./Sources/LCD.o
 .ARM.extab.text.LCD_Cursor_Blink_On_At
                0x00010b44        0xc ./Sources/LCD.o
 .ARM.extab.text.LCD_Cursor_On_At
                0x00010b50        0xc ./Sources/LCD.o
 .ARM.extab.text.LCD_Write
                0x00010b5c        0xc ./Sources/LCD.o
 .ARM.extab.text.load_custom_char
                0x00010b68        0xc ./Sources/LCD.o
 .ARM.extab.text.LCD_Write_At
                0x00010b74        0xc ./Sources/LCD.o
 .ARM.extab.text.LCD_Write_Block
                0x00010b80        0xc ./Sources/LCD.o
 .ARM.extab.text.PCA9670_SendByte
                0x00010b8c        0xc ./Sources/PCA9670.o
 .ARM.extab.text.select_cue
                0x00010b98        0xc ./Sources/cue.o
 .ARM.extab.text.print_float_at
                0x00010ba4        0xc ./Sources/display.o
 .ARM.extab.text.print_int_at
                0x00010bb0        0xc ./Sources/display.o
 .ARM.extab.text.print_cue_array
                0x00010bbc        0xc ./Sources/display.o
 .ARM.extab.text.print_all_cue
                0x00010bc8        0xc ./Sources/display.o
 .ARM.extab.text.load_char
                0x00010bd4        0xc ./Sources/display.o
 .ARM.extab.text.menu_init
                0x00010be0        0xc ./Sources/display.o
 .ARM.extab.text.refresh
                0x00010bec        0xc ./Sources/display.o
 .ARM.extab.text.select
                0x00010bf8        0xc ./Sources/display.o
 .ARM.extab.text.back
                0x00010c04        0xc ./Sources/display.o
 .ARM.extab.text.controle_mode_display
                0x00010c10        0xc ./Sources/display.o
 .ARM.extab.text.update_icon_dir
                0x00010c1c        0xc ./Sources/display.o
 .ARM.extab.text.select_setting
                0x00010c28        0xc ./Sources/display.o
 .ARM.extab.text.refresh_fct
                0x00010c34        0xc ./Sources/display.o
 .ARM.extab.text.velocity_instant_fct
                0x00010c40        0xc ./Sources/display.o
 .ARM.extab.text.pos_position_fct
                0x00010c4c        0xc ./Sources/display.o
 .ARM.extab.text.pos_play_cue_fct
                0x00010c58        0xc ./Sources/display.o
 .ARM.extab.text.pos_rec_cue_fct
                0x00010c64        0xc ./Sources/display.o
 .ARM.extab.text.pos_mod_cue_fct
                0x00010c70        0xc ./Sources/display.o
 .ARM.extab.text.pos_del_cue_fct
                0x00010c7c        0xc ./Sources/display.o
 .ARM.extab.text.vel_play_cue_fct
                0x00010c88        0xc ./Sources/display.o
 .ARM.extab.text.vel_rec_cue_fct
                0x00010c94        0xc ./Sources/display.o
 .ARM.extab.text.vel_mod_cue_fct
                0x00010ca0        0xc ./Sources/display.o
 .ARM.extab.text.vel_del_cue_fct
                0x00010cac        0xc ./Sources/display.o
 .ARM.extab.text.load_cue
                0x00010cb8        0xc ./Sources/eeprom.o
 .ARM.extab.text.write_cue
                0x00010cc4        0xc ./Sources/eeprom.o
 .ARM.extab.text.erase_cue
                0x00010cd0        0xc ./Sources/eeprom.o
 .ARM.extab.text.get_next_slot_free
                0x00010cdc        0xc ./Sources/eeprom.o
 .ARM.extab.text.get_slot_saved
                0x00010ce8        0xc ./Sources/eeprom.o
 .ARM.extab.text.get_cues_saved_values
                0x00010cf4        0xc ./Sources/eeprom.o
 .ARM.extab.text.get_cue_values
                0x00010d00        0xc ./Sources/eeprom.o
 .ARM.extab.text.print_menu
                0x00010d0c        0xc ./Sources/menu.o
 .ARM.extab.text.print_sub_menu
                0x00010d18        0xc ./Sources/menu.o
 .ARM.extab.text.print_sub_menu2
                0x00010d24        0xc ./Sources/menu.o
 .ARM.extab.text.menu_select
                0x00010d30        0xc ./Sources/menu.o
 .ARM.extab.text.menu_back
                0x00010d3c        0xc ./Sources/menu.o
 .ARM.extab.text.refresh_menu
                0x00010d48        0xc ./Sources/menu.o
 .ARM.extab.text.serial_send_block
                0x00010d54        0xc ./Sources/protocol.o
 .ARM.extab.text.serial_send_float
                0x00010d60        0xc ./Sources/protocol.o
 .ARM.extab.text.serial_send_int
                0x00010d6c        0xc ./Sources/protocol.o
 .ARM.extab.text.serial_send_string
                0x00010d78        0xc ./Sources/protocol.o
 .ARM.extab.text.serial_send_char
                0x00010d84        0xc ./Sources/protocol.o
 .ARM.extab.text.msg_parse
                0x00010d90        0xc ./Sources/protocol.o
 .ARM.extab.text.msg_processing
                0x00010d9c        0xc ./Sources/protocol.o
 .ARM.extab.text.select_baud_rate
                0x00010da8        0xc ./Sources/protocol.o
 .ARM.extab.text.Send_Control_Mode
                0x00010db4        0xc ./Sources/send.o
 .ARM.extab.text.send_fct
                0x00010dc0        0xc ./Sources/send.o
 .ARM.extab.text.get_update_value
                0x00010dcc        0xc ./Sources/send.o
 .ARM.extab     0x00010dd8        0xc c:/freescale/kds_v3/toolchain/bin/../lib/gcc/arm-none-eabi/4.8.4/armv7e-m\libgcc.a(unwind-arm.o)
 .ARM.extab     0x00010de4       0x18 c:/freescale/kds_v3/toolchain/bin/../lib/gcc/arm-none-eabi/4.8.4/armv7e-m\libgcc.a(pr-support.o)

.ARM            0x00010dfc      0x318
                0x00010dfc                __exidx_start = .
 *(.ARM.exidx*)
 .ARM.exidx     0x00010dfc        0x8 c:/freescale/kds_v3/toolchain/bin/../lib/gcc/arm-none-eabi/4.8.4/../../../../arm-none-eabi/lib/armv7e-m/crt0.o
 .ARM.exidx.text.LCD_Init
                0x00010ec4        0x8 ./Sources/LCD.o
 .ARM.exidx.text.LCD_command
                0x00010ecc        0x8 ./Sources/LCD.o
 .ARM.exidx.text.LCD_Cursor_On
                0x00010ed4        0x8 ./Sources/LCD.o
 .ARM.exidx.text.LCD_Cursor_Off
                0x00010edc        0x0 ./Sources/LCD.o
                                  0x8 (size before relaxing)
 .ARM.exidx.text.LCD_Cursor_Blink_On
                0x00010edc        0x0 ./Sources/LCD.o
                                  0x8 (size before relaxing)
 .ARM.exidx.text.LCD_Set_Cursor
                0x00010edc        0x8 ./Sources/LCD.o
 .ARM.exidx.text.LCD_Cursor_Blink_On_At
                0x00010ee4        0x8 ./Sources/LCD.o
 .ARM.exidx.text.LCD_Cursor_On_At
                0x00010eec        0x8 ./Sources/LCD.o
 .ARM.exidx.text.LCD_Write
                0x00010ef4        0x8 ./Sources/LCD.o
 .ARM.exidx.text.load_custom_char
                0x00010efc        0x8 ./Sources/LCD.o
 .ARM.exidx.text.LCD_Write_At
                0x00010f04        0x8 ./Sources/LCD.o
 .ARM.exidx.text.LCD_Write_Block
                0x00010f0c        0x8 ./Sources/LCD.o
 .ARM.exidx.text.PCA9670_Init
                0x00010f14        0x8 ./Sources/PCA9670.o
 .ARM.exidx.text.PCA9670_SendByte
                0x00010f1c        0x8 ./Sources/PCA9670.o
 .ARM.exidx.text.select_cue
                0x00010f24        0x8 ./Sources/cue.o
 .ARM.exidx.text.vspfunc
                0x00010f2c        0x8 ./Sources/display.o
 .ARM.exidx.text.print_float_at
                0x00010f34        0x8 ./Sources/display.o
 .ARM.exidx.text.print_int_at
                0x00010f3c        0x8 ./Sources/display.o
 .ARM.exidx.text.print_cue_array
                0x00010f44        0x8 ./Sources/display.o
 .ARM.exidx.text.print_all_cue
                0x00010f4c        0x8 ./Sources/display.o
 .ARM.exidx.text.load_char
                0x00010f54        0x8 ./Sources/display.o
 .ARM.exidx.text.menu_init
                0x00010f5c        0x8 ./Sources/display.o
 .ARM.exidx.text.refresh
                0x00010f64        0x8 ./Sources/display.o
 .ARM.exidx.text.select
                0x00010f6c        0x8 ./Sources/display.o
 .ARM.exidx.text.back
                0x00010f74        0x8 ./Sources/display.o
 .ARM.exidx.text.controle_mode_display
                0x00010f7c        0x8 ./Sources/display.o
 .ARM.exidx.text.control_mode_fct
                0x00010f84        0x8 ./Sources/display.o
 .ARM.exidx.text.update_icon_dir
                0x00010f8c        0x8 ./Sources/display.o
 .ARM.exidx.text.update_icon_drive_enable
                0x00010f94        0x8 ./Sources/display.o
 .ARM.exidx.text.select_setting
                0x00010f9c        0x8 ./Sources/display.o
 .ARM.exidx.text.refresh_fct
                0x00010fa4        0x8 ./Sources/display.o
 .ARM.exidx.text.velocity_fct
                0x00010fac        0x8 ./Sources/display.o
 .ARM.exidx.text.acceleration_fct
                0x00010fb4        0x0 ./Sources/display.o
                                  0x8 (size before relaxing)
 .ARM.exidx.text.velocity_instant_fct
                0x00010fb4        0x8 ./Sources/display.o
 .ARM.exidx.text.deceleration_fct
                0x00010fbc        0x8 ./Sources/display.o
 .ARM.exidx.text.back_fct
                0x00010fc4        0x0 ./Sources/display.o
                                  0x8 (size before relaxing)
 .ARM.exidx.text.pos_position_fct
                0x00010fc4        0x8 ./Sources/display.o
 .ARM.exidx.text.pos_velocity_fct
                0x00010fcc        0x8 ./Sources/display.o
 .ARM.exidx.text.pos_acceleration_fct
                0x00010fd4        0x0 ./Sources/display.o
                                  0x8 (size before relaxing)
 .ARM.exidx.text.pos_deceleration_fct
                0x00010fd4        0x0 ./Sources/display.o
                                  0x8 (size before relaxing)
 .ARM.exidx.text.pos_set_home_fct
                0x00010fd4        0x0 ./Sources/display.o
                                  0x8 (size before relaxing)
 .ARM.exidx.text.torque_fct
                0x00010fd4        0x0 ./Sources/display.o
                                  0x8 (size before relaxing)
 .ARM.exidx.text.torque_rise_fct
                0x00010fd4        0x0 ./Sources/display.o
                                  0x8 (size before relaxing)
 .ARM.exidx.text.torque_fall_fct
                0x00010fd4        0x0 ./Sources/display.o
                                  0x8 (size before relaxing)
 .ARM.exidx.text.pos_play_cue_fct
                0x00010fd4        0x8 ./Sources/display.o
 .ARM.exidx.text.pos_rec_cue_fct
                0x00010fdc        0x8 ./Sources/display.o
 .ARM.exidx.text.pos_mod_cue_fct
                0x00010fe4        0x8 ./Sources/display.o
 .ARM.exidx.text.pos_del_cue_fct
                0x00010fec        0x8 ./Sources/display.o
 .ARM.exidx.text.vel_play_cue_fct
                0x00010ff4        0x8 ./Sources/display.o
 .ARM.exidx.text.vel_rec_cue_fct
                0x00010ffc        0x8 ./Sources/display.o
 .ARM.exidx.text.vel_mod_cue_fct
                0x00011004        0x8 ./Sources/display.o
 .ARM.exidx.text.vel_del_cue_fct
                0x0001100c        0x8 ./Sources/display.o
 .ARM.exidx.text.select_baud_rate_fct
                0x00011014        0x8 ./Sources/display.o
 .ARM.exidx.text.select_update_menu_fct
                0x0001101c        0x0 ./Sources/display.o
                                  0x8 (size before relaxing)
 .ARM.exidx.text.short_cut_position_menu
                0x0001101c        0x0 ./Sources/display.o
                                  0x8 (size before relaxing)
 .ARM.exidx.text.display_resolution
                0x0001101c        0x0 ./Sources/display.o
                                  0x8 (size before relaxing)
 .ARM.exidx.text.get_cursor_resolution_position
                0x0001101c        0x8 ./Sources/display.o
 .ARM.exidx.text.get_resolution
                0x00011024        0x0 ./Sources/display.o
                                  0x8 (size before relaxing)
 .ARM.exidx.text._Z41__static_initialization_and_destruction_0ii
                0x00011024        0x0 ./Sources/display.o
                                  0x8 (size before relaxing)
 .ARM.exidx.text._GLOBAL__sub_I_buffer
                0x00011024        0x0 ./Sources/display.o
                                  0x8 (size before relaxing)
 .ARM.exidx.text.load_cue
                0x00011024        0x8 ./Sources/eeprom.o
 .ARM.exidx.text.write_cue
                0x0001102c        0x8 ./Sources/eeprom.o
 .ARM.exidx.text.erase_cue
                0x00011034        0x8 ./Sources/eeprom.o
 .ARM.exidx.text.get_next_slot_free
                0x0001103c        0x8 ./Sources/eeprom.o
 .ARM.exidx.text.get_slot_saved
                0x00011044        0x8 ./Sources/eeprom.o
 .ARM.exidx.text.get_cues_saved_values
                0x0001104c        0x8 ./Sources/eeprom.o
 .ARM.exidx.text.get_cue_values
                0x00011054       0x10 ./Sources/eeprom.o
                                  0x8 (size before relaxing)
 .ARM.exidx.text.init_menu
                0x00011064        0x0 ./Sources/menu.o
                                  0x8 (size before relaxing)
 .ARM.exidx.text.init_sub_menu
                0x00011064        0x0 ./Sources/menu.o
                                  0x8 (size before relaxing)
 .ARM.exidx.text.init_sub_menu2
                0x00011064        0x0 ./Sources/menu.o
                                  0x8 (size before relaxing)
 .ARM.exidx.text.init_menu_list
                0x00011064        0x0 ./Sources/menu.o
                                  0x8 (size before relaxing)
 .ARM.exidx.text.init_sub_menu_list
                0x00011064        0x0 ./Sources/menu.o
                                  0x8 (size before relaxing)
 .ARM.exidx.text.init_sub_menu2_list
                0x00011064        0x0 ./Sources/menu.o
                                  0x8 (size before relaxing)
 .ARM.exidx.text.print_menu
                0x00011064        0x8 ./Sources/menu.o
 .ARM.exidx.text.print_sub_menu
                0x0001106c        0x8 ./Sources/menu.o
 .ARM.exidx.text.print_sub_menu2
                0x00011074        0x8 ./Sources/menu.o
 .ARM.exidx.text.menu_select
                0x0001107c        0x8 ./Sources/menu.o
 .ARM.exidx.text.menu_back
                0x00011084        0x8 ./Sources/menu.o
 .ARM.exidx.text.refresh_menu
                0x0001108c        0x8 ./Sources/menu.o
 .ARM.exidx.text.void_function
                0x00011094        0x8 ./Sources/menu.o
 .ARM.exidx.text.parameters_init
                0x0001109c        0x0 ./Sources/parameters.o
                                  0x8 (size before relaxing)
 .ARM.exidx.text.convert
                0x0001109c        0x0 ./Sources/parameters.o
                                  0x8 (size before relaxing)
 .ARM.exidx.text.serial_send_block
                0x0001109c        0x8 ./Sources/protocol.o
 .ARM.exidx.text.serial_send_float
                0x000110a4        0x8 ./Sources/protocol.o
 .ARM.exidx.text.serial_send_int
                0x000110ac        0x8 ./Sources/protocol.o
 .ARM.exidx.text.serial_send_string
                0x000110b4        0x8 ./Sources/protocol.o
 .ARM.exidx.text.serial_send_char
                0x000110bc        0x8 ./Sources/protocol.o
 .ARM.exidx.text.serial_send_end
                0x000110c4        0x8 ./Sources/protocol.o
 .ARM.exidx.text.msg_parse
                0x000110cc        0x8 ./Sources/protocol.o
 .ARM.exidx.text.msg_processing
                0x000110d4        0x8 ./Sources/protocol.o
 .ARM.exidx.text.select_baud_rate
                0x000110dc        0x8 ./Sources/protocol.o
 .ARM.exidx.text.Send_Control_Mode
                0x000110e4        0x8 ./Sources/send.o
 .ARM.exidx.text.send_fct
                0x000110ec        0x8 ./Sources/send.o
 .ARM.exidx.text.get_update_drive_en
                0x000110f4        0x8 ./Sources/send.o
 .ARM.exidx.text.get_update_value
                0x000110fc        0x8 ./Sources/send.o
 .ARM.exidx.text.send_stop
                0x00011104        0x8 ./Sources/send.o
 .ARM.exidx.text.send_velocity_cue
                0x0001110c        0x0 ./Sources/send.o
                                  0x8 (size before relaxing)
 .ARM.exidx.text.send_position_cue
                0x0001110c        0x0 ./Sources/send.o
                                  0x8 (size before relaxing)
 .ARM.exidx.text.velocity_processing
                0x0001110c        0x8 ./Sources/send.o
 .ARM.exidx.text.velocity_ref_processing
                0x00011114        0x0 ./Sources/send.o
                                  0x8 (size before relaxing)
 .ARM.exidx.text.acceleration_processing
                0x00011114        0x0 ./Sources/send.o
                                  0x8 (size before relaxing)
 .ARM.exidx.text.deceleration_processing
                0x00011114        0x0 ./Sources/send.o
                                  0x8 (size before relaxing)
 .ARM.exidx.text.torque_processing
                0x00011114        0x0 ./Sources/send.o
                                  0x8 (size before relaxing)
 .ARM.exidx.text.torque_ref_processing
                0x00011114        0x0 ./Sources/send.o
                                  0x8 (size before relaxing)
 .ARM.exidx.text.torque_rise_processing
                0x00011114        0x0 ./Sources/send.o
                                  0x8 (size before relaxing)
 .ARM.exidx.text.torque_fall_processing
                0x00011114        0x0 ./Sources/send.o
                                  0x8 (size before relaxing)
 .ARM.exidx.text.position_ref_processing
                0x00011114        0x0 ./Sources/send.o
                                  0x8 (size before relaxing)
 .ARM.exidx.text.position_processing
                0x00011114        0x0 ./Sources/send.o
                                  0x8 (size before relaxing)
 .ARM.exidx.text.control_mode_processing
                0x00011114        0x0 ./Sources/send.o
                                  0x8 (size before relaxing)
 .ARM.exidx.text.drive_enable_processing
                0x00011114        0x0 ./Sources/send.o