Archive member included because of file (symbol)

c:/freescale/kds_v3/toolchain/bin/../lib/gcc/arm-none-eabi/4.8.4/../../../../arm-none-eabi/lib/armv7e-m\libm.a(lib_a-s_round.o)
                              ./Sources/display.o (round)
c:/freescale/kds_v3/toolchain/bin/../lib/gcc/arm-none-eabi/4.8.4/../../../../arm-none-eabi/lib/armv7e-m\libm.a(lib_a-w_pow.o)
                              ./Sources/display.o (pow)
c:/freescale/kds_v3/toolchain/bin/../lib/gcc/arm-none-eabi/4.8.4/../../../../arm-none-eabi/lib/armv7e-m\libm.a(lib_a-e_pow.o)
                              c:/freescale/kds_v3/toolchain/bin/../lib/gcc/arm-none-eabi/4.8.4/../../../../arm-none-eabi/lib/armv7e-m\libm.a(lib_a-w_pow.o) (__ieee754_pow)
c:/freescale/kds_v3/toolchain/bin/../lib/gcc/arm-none-eabi/4.8.4/../../../../arm-none-eabi/lib/armv7e-m\libm.a(lib_a-e_sqrt.o)
                              c:/freescale/kds_v3/toolchain/bin/../lib/gcc/arm-none-eabi/4.8.4/../../../../arm-none-eabi/lib/armv7e-m\libm.a(lib_a-e_pow.o) (__ieee754_sqrt)
c:/freescale/kds_v3/toolchain/bin/../lib/gcc/arm-none-eabi/4.8.4/../../../../arm-none-eabi/lib/armv7e-m\libm.a(lib_a-s_fabs.o)
                              c:/freescale/kds_v3/toolchain/bin/../lib/gcc/arm-none-eabi/4.8.4/../../../../arm-none-eabi/lib/armv7e-m\libm.a(lib_a-e_pow.o) (fabs)
c:/freescale/kds_v3/toolchain/bin/../lib/gcc/arm-none-eabi/4.8.4/../../../../arm-none-eabi/lib/armv7e-m\libm.a(lib_a-s_finite.o)
                              c:/freescale/kds_v3/toolchain/bin/../lib/gcc/arm-none-eabi/4.8.4/../../../../arm-none-eabi/lib/armv7e-m\libm.a(lib_a-w_pow.o) (finite)
c:/freescale/kds_v3/toolchain/bin/../lib/gcc/arm-none-eabi/4.8.4/../../../../arm-none-eabi/lib/armv7e-m\libm.a(lib_a-s_fpclassify.o)
                              c:/freescale/kds_v3/toolchain/bin/../lib/gcc/arm-none-eabi/4.8.4/../../../../arm-none-eabi/lib/armv7e-m\libm.a(lib_a-w_pow.o) (__fpclassifyd)
c:/freescale/kds_v3/toolchain/bin/../lib/gcc/arm-none-eabi/4.8.4/../../../../arm-none-eabi/lib/armv7e-m\libm.a(lib_a-s_lib_ver.o)
                              c:/freescale/kds_v3/toolchain/bin/../lib/gcc/arm-none-eabi/4.8.4/../../../../arm-none-eabi/lib/armv7e-m\libm.a(lib_a-w_pow.o) (__fdlib_version)
c:/freescale/kds_v3/toolchain/bin/../lib/gcc/arm-none-eabi/4.8.4/../../../../arm-none-eabi/lib/armv7e-m\libm.a(lib_a-s_matherr.o)
                              c:/freescale/kds_v3/toolchain/bin/../lib/gcc/arm-none-eabi/4.8.4/../../../../arm-none-eabi/lib/armv7e-m\libm.a(lib_a-w_pow.o) (matherr)
c:/freescale/kds_v3/toolchain/bin/../lib/gcc/arm-none-eabi/4.8.4/../../../../arm-none-eabi/lib/armv7e-m\libm.a(lib_a-s_nan.o)
                              c:/freescale/kds_v3/toolchain/bin/../lib/gcc/arm-none-eabi/4.8.4/../../../../arm-none-eabi/lib/armv7e-m\libm.a(lib_a-e_pow.o) (nan)
c:/freescale/kds_v3/toolchain/bin/../lib/gcc/arm-none-eabi/4.8.4/../../../../arm-none-eabi/lib/armv7e-m\libm.a(lib_a-s_rint.o)
                              c:/freescale/kds_v3/toolchain/bin/../lib/gcc/arm-none-eabi/4.8.4/../../../../arm-none-eabi/lib/armv7e-m\libm.a(lib_a-w_pow.o) (rint)
c:/freescale/kds_v3/toolchain/bin/../lib/gcc/arm-none-eabi/4.8.4/../../../../arm-none-eabi/lib/armv7e-m\libm.a(lib_a-s_scalbn.o)
                              c:/freescale/kds_v3/toolchain/bin/../lib/gcc/arm-none-eabi/4.8.4/../../../../arm-none-eabi/lib/armv7e-m\libm.a(lib_a-e_pow.o) (scalbn)
c:/freescale/kds_v3/toolchain/bin/../lib/gcc/arm-none-eabi/4.8.4/../../../../arm-none-eabi/lib/armv7e-m\libm.a(lib_a-s_copysign.o)
                              c:/freescale/kds_v3/toolchain/bin/../lib/gcc/arm-none-eabi/4.8.4/../../../../arm-none-eabi/lib/armv7e-m\libm.a(lib_a-s_scalbn.o) (copysign)
c:/freescale/kds_v3/toolchain/bin/../lib/gcc/arm-none-eabi/4.8.4/armv7e-m\libgcc.a(_arm_addsubdf3.o)
                              c:/freescale/kds_v3/toolchain/bin/../lib/gcc/arm-none-eabi/4.8.4/../../../../arm-none-eabi/lib/armv7e-m\libm.a(lib_a-e_pow.o) (__aeabi_dsub)
c:/freescale/kds_v3/toolchain/bin/../lib/gcc/arm-none-eabi/4.8.4/armv7e-m\libgcc.a(_arm_muldivdf3.o)
                              ./Sources/display.o (__aeabi_dmul)
c:/freescale/kds_v3/toolchain/bin/../lib/gcc/arm-none-eabi/4.8.4/armv7e-m\libgcc.a(_arm_cmpdf2.o)
                              c:/freescale/kds_v3/toolchain/bin/../lib/gcc/arm-none-eabi/4.8.4/../../../../arm-none-eabi/lib/armv7e-m\libm.a(lib_a-w_pow.o) (__aeabi_dcmpeq)
c:/freescale/kds_v3/toolchain/bin/../lib/gcc/arm-none-eabi/4.8.4/armv7e-m\libgcc.a(_arm_fixdfsi.o)
                              ./Sources/display.o (__aeabi_d2iz)
c:/freescale/kds_v3/toolchain/bin/../lib/gcc/arm-none-eabi/4.8.4/armv7e-m\libgcc.a(_arm_addsubsf3.o)
                              ./Sources/Events.o (__aeabi_fsub)
c:/freescale/kds_v3/toolchain/bin/../lib/gcc/arm-none-eabi/4.8.4/armv7e-m\libgcc.a(_arm_cmpsf2.o)
                              ./Sources/display.o (__aeabi_fcmpeq)
c:/freescale/kds_v3/toolchain/bin/../lib/gcc/arm-none-eabi/4.8.4/armv7e-m\libgcc.a(_arm_fixsfsi.o)
[...]
Memory Configuration

Name             Origin             Length             Attributes
m_interrupts     0x00000000         0x000001bc         xr
m_text           0x00000410         0x00030000         xr
m_data           0x1fff8000         0x00008000         rw
m_data_20000000  0x20000000         0x00008000         rw
m_cfmprotrom     0x00000400         0x00000010         xr
*default*        0x00000000         0xffffffff

Linker script and memory map

LOAD c:/freescale/kds_v3/toolchain/bin/../lib/gcc/arm-none-eabi/4.8.4/armv7e-m/crti.o
LOAD c:/freescale/kds_v3/toolchain/bin/../lib/gcc/arm-none-eabi/4.8.4/armv7e-m/crtbegin.o
LOAD c:/freescale/kds_v3/toolchain/bin/../lib/gcc/arm-none-eabi/4.8.4/../../../../arm-none-eabi/lib/armv7e-m/crt0.o
LOAD ./Sources/Events.o
LOAD ./Sources/LCD.o
LOAD ./Sources/PCA9670.o
LOAD ./Sources/cue.o
LOAD ./Sources/display.o
LOAD ./Sources/eeprom.o
LOAD ./Sources/encoder_variable.o
LOAD ./Sources/main.o
LOAD ./Sources/menu.o
LOAD ./Sources/parameters.o
LOAD ./Sources/protocol.o
LOAD ./Sources/send.o
LOAD ./Project_Settings/Startup_Code/startup.o
LOAD ./Generated_Code/AS1.o
LOAD ./Generated_Code/ASerialLdd1.o
LOAD ./Generated_Code/BitIoLdd1.o
LOAD ./Generated_Code/BitIoLdd2.o
LOAD ./Generated_Code/BitIoLdd3.o
LOAD ./Generated_Code/BitIoLdd4.o
LOAD ./Generated_Code/BitIoLdd5.o
LOAD ./Generated_Code/BitIoLdd6.o
LOAD ./Generated_Code/BitIoLdd7.o
LOAD ./Generated_Code/CS1.o
LOAD ./Generated_Code/Cpu.o
LOAD ./Generated_Code/ENCODER.o
LOAD ./Generated_Code/ENCODER_PUSH.o
LOAD ./Generated_Code/ExtIntLdd1.o
LOAD ./Generated_Code/ExtIntLdd2.o
LOAD ./Generated_Code/ExtIntLdd3.o
LOAD ./Generated_Code/ExtIntLdd4.o
LOAD ./Generated_Code/ExtIntLdd5.o
LOAD ./Generated_Code/I2C0.o
LOAD ./Generated_Code/IFsh1.o
LOAD ./Generated_Code/IntFlashLdd1.o
LOAD ./Generated_Code/IntI2cLdd1.o
LOAD ./Generated_Code/KSDK1.o
LOAD ./Generated_Code/LCD_CTR.o
LOAD ./Generated_Code/LCD_EN.o
LOAD ./Generated_Code/LED_DEBUG.o
LOAD ./Generated_Code/LED_STATUS_1.o
LOAD ./Generated_Code/LED_STATUS_2.o
LOAD ./Generated_Code/LED_STATUS_3.o
LOAD ./Generated_Code/LED_STATUS_4.o
LOAD ./Generated_Code/LEVER_DIR1.o
LOAD ./Generated_Code/LEVER_DIR2.o
LOAD ./Generated_Code/PCA.o
LOAD ./Generated_Code/PE_LDD.o
LOAD ./Generated_Code/PUSH_BUTTON_REC.o
LOAD ./Generated_Code/PUSH_BUTTON_SEND.o
LOAD ./Generated_Code/TU1.o
LOAD ./Generated_Code/T_100ms.o
LOAD ./Generated_Code/T_500ms.o
LOAD ./Generated_Code/Vectors.o
LOAD ./Generated_Code/WAIT1.o
LOAD ./.metadata/.plugins/org.eclipse.cdt.make.core/specs.o
LOAD c:/freescale/kds_v3/toolchain/bin/../lib/gcc/arm-none-eabi/4.8.4/../../../../arm-none-eabi/lib/armv7e-m\libstdc++_s.a
LOAD c:/freescale/kds_v3/toolchain/bin/../lib/gcc/arm-none-eabi/4.8.4/../../../../arm-none-eabi/lib/armv7e-m\libm.a
START GROUP
LOAD c:/freescale/kds_v3/toolchain/bin/../lib/gcc/arm-none-eabi/4.8.4/armv7e-m\libgcc.a
LOAD c:/freescale/kds_v3/toolchain/bin/../lib/gcc/arm-none-eabi/4.8.4/../../../../arm-none-eabi/lib/armv7e-m\libg_s.a
LOAD c:/freescale/kds_v3/toolchain/bin/../lib/gcc/arm-none-eabi/4.8.4/../../../../arm-none-eabi/lib/armv7e-m\libc_s.a
END GROUP
START GROUP
LOAD c:/freescale/kds_v3/toolchain/bin/../lib/gcc/arm-none-eabi/4.8.4/armv7e-m\libgcc.a
LOAD c:/freescale/kds_v3/toolchain/bin/../lib/gcc/arm-none-eabi/4.8.4/../../../../arm-none-eabi/lib/armv7e-m\libc_s.a
LOAD c:/freescale/kds_v3/toolchain/bin/../lib/gcc/arm-none-eabi/4.8.4/../../../../arm-none-eabi/lib/armv7e-m\libnosys.a
END GROUP
START GROUP
LOAD c:/freescale/kds_v3/toolchain/bin/../lib/gcc/arm-none-eabi/4.8.4/armv7e-m\libgcc.a
LOAD c:/freescale/kds_v3/toolchain/bin/../lib/gcc/arm-none-eabi/4.8.4/../../../../arm-none-eabi/lib/armv7e-m\libc_s.a
LOAD c:/freescale/kds_v3/toolchain/bin/../lib/gcc/arm-none-eabi/4.8.4/../../../../arm-none-eabi/lib/armv7e-m\libnosys.a
END GROUP
LOAD c:/freescale/kds_v3/toolchain/bin/../lib/gcc/arm-none-eabi/4.8.4/armv7e-m/crtend.o
LOAD c:/freescale/kds_v3/toolchain/bin/../lib/gcc/arm-none-eabi/4.8.4/armv7e-m/crtn.o
                0x20000000                _estack = 0x20000000
                0x20000000                __SP_INIT = _estack
                0x20000000                __stack = _estack
                0x00000000                __heap_size = 0x0
                0x00000400                __stack_size = 0x400

.interrupts     0x00000000      0x1bc
                0x00000000                __vector_table = .
                0x00000000                . = ALIGN (0x4)
 *(.vectortable)
 .vectortable   0x00000000      0x1bc ./Generated_Code/Vectors.o
                0x00000000                __vect_table
                0x000001bc                . = ALIGN (0x4)

.cfmprotect     0x00000400       0x10
                0x00000400                . = ALIGN (0x4)
 *(.cfmconfig)
 .cfmconfig     0x00000400       0x10 ./Generated_Code/Cpu.o
                0x00000400                _cfm
                0x00000410                . = ALIGN (0x4)

.text           0x00000410     0xe6f4
                0x00000410                . = ALIGN (0x4)
 *(.text)
 .text          0x00000410       0x54 c:/freescale/kds_v3/toolchain/bin/../lib/gcc/arm-none-eabi/4.8.4/armv7e-m/crtbegin.o
 .text          0x00000464       0x74 c:/freescale/kds_v3/toolchain/bin/../lib/gcc/arm-none-eabi/4.8.4/../../../../arm-none-eabi/lib/armv7e-m/crt0.o
                0x00000464                _start
                0x00000464                _mainCRTStartup
 .text          0x000004d8      0x370 c:/freescale/kds_v3/toolchain/bin/../lib/gcc/arm-none-eabi/4.8.4/armv7e-m\libgcc.a(_arm_addsubdf3.o)
                0x000004d8                __aeabi_drsub
                0x000004e0                __aeabi_dsub
                0x000004e0                __subdf3
                0x000004e4                __aeabi_dadd
                0x000004e4                __adddf3
                0x0000075c                __floatunsidf
                0x0000075c                __aeabi_ui2d
                0x0000077c                __floatsidf
                0x0000077c                __aeabi_i2d
                0x000007a0                __aeabi_f2d
                0x000007a0                __extendsfdf2
                0x000007dc                __floatundidf
                0x000007dc                __aeabi_ul2d
                0x000007ec                __floatdidf
                0x000007ec                __aeabi_l2d
 .text          0x00000848      0x424 c:/freescale/kds_v3/toolchain/bin/../lib/gcc/arm-none-eabi/4.8.4/armv7e-m\libgcc.a(_arm_muldivdf3.o)
                0x00000848                __aeabi_dmul
                0x00000848                __muldf3
                0x00000a9c                __divdf3
                0x00000a9c                __aeabi_ddiv
 .text          0x00000c6c      0x110 c:/freescale/kds_v3/toolchain/bin/../lib/gcc/arm-none-eabi/4.8.4/armv7e-m\libgcc.a(_arm_cmpdf2.o)
                0x00000c6c                __gtdf2
                0x00000c6c                __gedf2
                0x00000c74                __ltdf2
                0x00000c74                __ledf2
                0x00000c7c                __nedf2
                0x00000c7c                __eqdf2
                0x00000c7c                __cmpdf2
                0x00000cf8                __aeabi_cdrcmple
                0x00000d08                __aeabi_cdcmpeq
                0x00000d08                __aeabi_cdcmple
                0x00000d18                __aeabi_dcmpeq
                0x00000d2c                __aeabi_dcmplt
                0x00000d40                __aeabi_dcmple
                0x00000d54                __aeabi_dcmpge
                0x00000d68                __aeabi_dcmpgt
 .text          0x00000d7c       0x50 c:/freescale/kds_v3/toolchain/bin/../lib/gcc/arm-none-eabi/4.8.4/armv7e-m\libgcc.a(_arm_fixdfsi.o)
                0x00000d7c                __aeabi_d2iz
                0x00000d7c                __fixdfsi
 .text          0x00000dcc      0x21c c:/freescale/kds_v3/toolchain/bin/../lib/gcc/arm-none-eabi/4.8.4/armv7e-m\libgcc.a(_arm_addsubsf3.o)
                0x00000dcc                __aeabi_frsub
                0x00000dd4                __subsf3
                0x00000dd4                __aeabi_fsub
                0x00000dd8                __aeabi_fadd
                0x00000dd8                __addsf3
                0x00000f38                __aeabi_ui2f
                0x00000f38                __floatunsisf
                0x00000f40                __aeabi_i2f
                0x00000f40                __floatsisf
                0x00000f5c                __aeabi_ul2f
                0x00000f5c                __floatundisf
                0x00000f6c                __aeabi_l2f
                0x00000f6c                __floatdisf
 .text          0x00000fe8       0xec c:/freescale/kds_v3/toolchain/bin/../lib/gcc/arm-none-eabi/4.8.4/armv7e-m\libgcc.a(_arm_cmpsf2.o)
                0x00000fe8                __gesf2
                0x00000fe8                __gtsf2
                0x00000ff0                __lesf2
                0x00000ff0                __ltsf2
                0x00000ff8                __nesf2
                0x00000ff8                __eqsf2
                0x00000ff8                __cmpsf2
                0x00001058                __aeabi_cfrcmple
                0x00001060                __aeabi_cfcmpeq
                0x00001060                __aeabi_cfcmple
                0x00001070                __aeabi_fcmpeq
                0x00001084                __aeabi_fcmplt
                0x00001098                __aeabi_fcmple
                0x000010ac                __aeabi_fcmpge
                0x000010c0                __aeabi_fcmpgt
 .text          0x000010d4       0x4c c:/freescale/kds_v3/toolchain/bin/../lib/gcc/arm-none-eabi/4.8.4/armv7e-m\libgcc.a(_arm_fixsfsi.o)
                0x000010d4                __aeabi_f2iz
                0x000010d4                __fixsfsi
 .text          0x00001120       0x40 c:/freescale/kds_v3/toolchain/bin/../lib/gcc/arm-none-eabi/4.8.4/armv7e-m\libgcc.a(_arm_fixunssfsi.o)
                0x00001120                __fixunssfsi
                0x00001120                __aeabi_f2uiz
 .text          0x00001160      0xa1c c:/freescale/kds_v3/toolchain/bin/../lib/gcc/arm-none-eabi/4.8.4/armv7e-m\libgcc.a(unwind-arm.o)
                0x00001444                _Unwind_GetCFA
                0x00001448                __gnu_Unwind_RaiseException
                0x000014a8                __gnu_Unwind_ForcedUnwind
                0x000014bc                __gnu_Unwind_Resume
                0x00001500                __gnu_Unwind_Resume_or_Rethrow
                0x00001510                _Unwind_Complete
                0x00001514                _Unwind_DeleteException
                0x00001524                _Unwind_VRS_Get
                0x00001574                _Unwind_VRS_Set
                0x000015c4                __gnu_Unwind_Backtrace
                0x00001918                __aeabi_unwind_cpp_pr0
                0x00001920                __aeabi_unwind_cpp_pr1
                0x00001928                __aeabi_unwind_cpp_pr2
                0x00001930                _Unwind_VRS_Pop
 .text          0x00001b7c      0x1ac c:/freescale/kds_v3/toolchain/bin/../lib/gcc/arm-none-eabi/4.8.4/armv7e-m\libgcc.a(libunwind.o)
                0x00001b7c                __restore_core_regs
                0x00001b7c                restore_core_regs
                0x00001b94                __gnu_Unwind_Restore_VFP
                0x00001b9c                __gnu_Unwind_Save_VFP
                0x00001ba4                __gnu_Unwind_Restore_VFP_D
                0x00001bac                __gnu_Unwind_Save_VFP_D
                0x00001bb4                __gnu_Unwind_Restore_VFP_D_16_to_31
                0x00001bbc                __gnu_Unwind_Save_VFP_D_16_to_31
                0x00001bc4                __gnu_Unwind_Restore_WMMXD
                0x00001c08                __gnu_Unwind_Save_WMMXD
                0x00001c4c                __gnu_Unwind_Restore_WMMXC
                0x00001c60                __gnu_Unwind_Save_WMMXC
                0x00001c74                ___Unwind_RaiseException
                0x00001c74                _Unwind_RaiseException
                0x00001c98                _Unwind_Resume
                0x00001c98                ___Unwind_Resume
                0x00001cbc                _Unwind_Resume_or_Rethrow
                0x00001cbc                ___Unwind_Resume_or_Rethrow
                0x00001ce0                _Unwind_ForcedUnwind
                0x00001ce0                ___Unwind_ForcedUnwind
                0x00001d04                ___Unwind_Backtrace
                0x00001d04                _Unwind_Backtrace
 .text          0x00001d28      0x33c c:/freescale/kds_v3/toolchain/bin/../lib/gcc/arm-none-eabi/4.8.4/armv7e-m\libgcc.a(pr-support.o)
                0x00001d7c                __gnu_unwind_execute
                0x00002008                __gnu_unwind_frame
                0x00002034                _Unwind_GetRegionStart
                0x00002040                _Unwind_GetLanguageSpecificData
                0x00002054                _Unwind_GetDataRelBase
                0x0000205c                _Unwind_GetTextRelBase
 .text          0x00002064       0x14 c:/freescale/kds_v3/toolchain/bin/../lib/gcc/arm-none-eabi/4.8.4/../../../../arm-none-eabi/lib/armv7e-m\libg_s.a(lib_a-strcmp.o)
                0x00002064                strcmp
 *(.text*)
 .text.PUSH_BUTTON_REC_OnInterrupt
                0x00002078       0x18 ./Sources/Events.o
                0x00002078                PUSH_BUTTON_REC_OnInterrupt
 .text.PUSH_BUTTON_SEND_OnInterrupt
                0x00002090       0x18 ./Sources/Events.o
                0x00002090                PUSH_BUTTON_SEND_OnInterrupt
 .text.I2C0_OnReceiveData
                0x000020a8        0xc ./Sources/Events.o
                0x000020a8                I2C0_OnReceiveData
 .text.I2C0_OnTransmitData
                0x000020b4        0xc ./Sources/Events.o
                0x000020b4                I2C0_OnTransmitData
 .text.T_100ms_OnCounterRestart
                0x000020c0       0x5c ./Sources/Events.o
                0x000020c0                T_100ms_OnCounterRestart
 .text.LEVER_DIR2_OnInterrupt
                0x0000211c       0x40 ./Sources/Events.o
                0x0000211c                LEVER_DIR2_OnInterrupt
 .text.LEVER_DIR1_OnInterrupt
                0x0000215c       0x40 ./Sources/Events.o
                0x0000215c                LEVER_DIR1_OnInterrupt
 .text.ENCODER_PUSH_OnInterrupt
                0x0000219c       0xe0 ./Sources/Events.o
                0x0000219c                ENCODER_PUSH_OnInterrupt
 .text.ENCODER_OnPortEvent
                0x0000227c       0xc0 ./Sources/Events.o
                0x0000227c                ENCODER_OnPortEvent
 .text.T_500ms_OnCounterRestart
                0x0000233c       0xb8 ./Sources/Events.o
                0x0000233c                T_500ms_OnCounterRestart
 .text.I2C0_OnArbitLost
                0x000023f4        0xc ./Sources/Events.o
                0x000023f4                I2C0_OnArbitLost
 .text.AS1_OnTxComplete
                0x00002400       0x14 ./Sources/Events.o
                0x00002400                AS1_OnTxComplete
 .text.AS1_OnError
                0x00002414        0xc ./Sources/Events.o
                0x00002414                AS1_OnError
 .text.AS1_OnRxChar
                0x00002420        0xc ./Sources/Events.o
                0x00002420                AS1_OnRxChar
 .text.AS1_OnRxCharExt
                0x0000242c       0xa8 ./Sources/Events.o
                0x0000242c                AS1_OnRxCharExt
 .text.AS1_OnTxChar
                0x000024d4       0x14 ./Sources/Events.o
                0x000024d4                AS1_OnTxChar
 .text.AS1_OnFullRxBuf
                0x000024e8       0x24 ./Sources/Events.o
                0x000024e8                AS1_OnFullRxBuf
 .text.AS1_OnFreeTxBuf
                0x0000250c        0xc ./Sources/Events.o
                0x0000250c                AS1_OnFreeTxBuf
 .text.TU1_OnCounterRestart
                0x00002518       0x1c ./Sources/Events.o
                0x00002518                TU1_OnCounterRestart
 .text.LCD_Init
                0x00002534       0x50 ./Sources/LCD.o
                0x00002534                LCD_Init
 .text.LCD_command
                0x00002584       0x30 ./Sources/LCD.o
                0x00002584                LCD_command
 .text.LCD_Set_Cursor
                0x000025b4       0x58 ./Sources/LCD.o
                0x000025b4                LCD_Set_Cursor
 .text.LCD_Write
                0x0000260c       0x28 ./Sources/LCD.o
                0x0000260c                LCD_Write
 .text.load_custom_char
                0x00002634       0x50 ./Sources/LCD.o
                0x00002634                load_custom_char
 .text.LCD_Write_At
                0x00002684       0x3c ./Sources/LCD.o
                0x00002684                LCD_Write_At
 .text.LCD_Write_Block
                0x000026c0       0xa0 ./Sources/LCD.o
                0x000026c0                LCD_Write_Block
 .text.PCA9670_Init
                0x00002760       0x34 ./Sources/PCA9670.o
                0x00002760                PCA9670_Init
 .text.PCA9670_SendByte
                0x00002794       0x3c ./Sources/PCA9670.o
                0x00002794                PCA9670_SendByte
 .text.select_cue
                0x000027d0      0x180 ./Sources/cue.o
                0x000027d0                select_cue
 .text.vspfunc  0x00002950       0x30 ./Sources/display.o
                0x00002950                vspfunc
 .text.print_float_at
                0x00002980      0x174 ./Sources/display.o
                0x00002980                print_float_at
 .text.print_int_at
                0x00002af4       0xa0 ./Sources/display.o
                0x00002af4                print_int_at
 .text.print_cue_array
                0x00002b94      0x1d0 ./Sources/display.o
                0x00002b94                print_cue_array
 .text.print_all_cue
                0x00002d64      0x110 ./Sources/display.o
                0x00002d64                print_all_cue
 .text.load_char
                0x00002e74       0xe8 ./Sources/display.o
                0x00002e74                load_char
 .text.menu_init
                0x00002f5c       0x1c ./Sources/display.o
                0x00002f5c                menu_init
 .text.refresh  0x00002f78       0x24 ./Sources/display.o
                0x00002f78                refresh
 .text.select   0x00002f9c       0x24 ./Sources/display.o
                0x00002f9c                select
 .text.back     0x00002fc0       0x38 ./Sources/display.o
                0x00002fc0                back
 .text.controle_mode_display
                0x00002ff8       0x4c ./Sources/display.o
                0x00002ff8                controle_mode_display
 .text.control_mode_fct
                0x00003044       0x5c ./Sources/display.o
                0x00003044                control_mode_fct
 .text.update_icon_dir
                0x000030a0       0x74 ./Sources/display.o
                0x000030a0                update_icon_dir
 .text.update_icon_drive_enable
                0x00003114       0x38 ./Sources/display.o
                0x00003114                update_icon_drive_enable
 .text.refresh_fct
                0x0000314c       0xdc ./Sources/display.o
                0x0000314c                refresh_fct
 .text.velocity_fct
                0x00003228      0x344 ./Sources/display.o
                0x00003228                velocity_fct
 .text.acceleration_fct
                0x0000356c      0x114 ./Sources/display.o
                0x0000356c                acceleration_fct
 .text.deceleration_fct
                0x00003680      0x114 ./Sources/display.o
                0x00003680                deceleration_fct
 .text.back_fct
                0x00003794       0x30 ./Sources/display.o
                0x00003794                back_fct
 .text.pos_position_fct
                0x000037c4      0x380 ./Sources/display.o
                0x000037c4                pos_position_fct
 .text.pos_velocity_fct
                0x00003b44      0x114 ./Sources/display.o
                0x00003b44                pos_velocity_fct
 .text.pos_acceleration_fct
                0x00003c58      0x114 ./Sources/display.o
                0x00003c58                pos_acceleration_fct
 .text.pos_deceleration_fct
                0x00003d6c      0x114 ./Sources/display.o
                0x00003d6c                pos_deceleration_fct
 .text.pos_set_home_fct
                0x00003e80       0x8c ./Sources/display.o
                0x00003e80                pos_set_home_fct
 .text.torque_fct
                0x00003f0c      0x33c ./Sources/display.o
                0x00003f0c                torque_fct
 .text.torque_rise_fct
                0x00004248      0x110 ./Sources/display.o
                0x00004248                torque_rise_fct
 .text.torque_fall_fct
                0x00004358      0x110 ./Sources/display.o
                0x00004358                torque_fall_fct
 .text.pos_play_cue_fct
                0x00004468      0x298 ./Sources/display.o
                0x00004468                pos_play_cue_fct
 .text.pos_rec_cue_fct
                0x00004700      0x1f0 ./Sources/display.o
                0x00004700                pos_rec_cue_fct
 .text.pos_mod_cue_fct
                0x000048f0      0x28c ./Sources/display.o
                0x000048f0                pos_mod_cue_fct
 .text.pos_del_cue_fct
                0x00004b7c      0x28c ./Sources/display.o
                0x00004b7c                pos_del_cue_fct
 .text.vel_play_cue_fct
                0x00004e08      0x298 ./Sources/display.o
                0x00004e08                vel_play_cue_fct
 .text.vel_rec_cue_fct
                0x000050a0      0x1f0 ./Sources/display.o
                0x000050a0                vel_rec_cue_fct
 .text.vel_mod_cue_fct
                0x00005290      0x28c ./Sources/display.o
                0x00005290                vel_mod_cue_fct
 .text.vel_del_cue_fct
                0x0000551c      0x28c ./Sources/display.o
                0x0000551c                vel_del_cue_fct
 .text.short_cut_position_menu
                0x000057a8       0x68 ./Sources/display.o
                0x000057a8                short_cut_position_menu
 .text._Z41__static_initialization_and_destruction_0ii
                0x00005810      0x7b8 ./Sources/display.o
 .text._GLOBAL__sub_I_buffer
                0x00005fc8       0x10 ./Sources/display.o
 .text.load_cue
                0x00005fd8      0x104 ./Sources/eeprom.o
                0x00005fd8                load_cue
 .text.write_cue
                0x000060dc      0x164 ./Sources/eeprom.o
                0x000060dc                write_cue
 .text.erase_cue
                0x00006240       0x58 ./Sources/eeprom.o
                0x00006240                erase_cue
 .text.get_slot_saved
                0x00006298      0x108 ./Sources/eeprom.o
                0x00006298                get_slot_saved
 .text.get_cue_values
                0x000063a0       0xd8 ./Sources/eeprom.o
                0x000063a0                get_cue_values
 .text.main     0x00006478      0x56c ./Sources/main.o
                0x00006478                main
 .text.init_menu
                0x000069e4       0x44 ./Sources/menu.o
                0x000069e4                init_menu
 .text.init_sub_menu
                0x00006a28       0x68 ./Sources/menu.o
                0x00006a28                init_sub_menu
 .text.init_sub_menu2
                0x00006a90       0x48 ./Sources/menu.o
                0x00006a90                init_sub_menu2
 .text.init_menu_list
                0x00006ad8       0x30 ./Sources/menu.o
                0x00006ad8                init_menu_list
 .text.init_sub_menu_list
                0x00006b08       0x30 ./Sources/menu.o
                0x00006b08                init_sub_menu_list
 .text.init_sub_menu2_list
                0x00006b38       0x30 ./Sources/menu.o
                0x00006b38                init_sub_menu2_list
 .text.print_menu
                0x00006b68      0x140 ./Sources/menu.o
                0x00006b68                print_menu
 .text.print_sub_menu
                0x00006ca8      0x178 ./Sources/menu.o
                0x00006ca8                print_sub_menu
 .text.print_sub_menu2
                0x00006e20      0x178 ./Sources/menu.o
                0x00006e20                print_sub_menu2
 .text.menu_select
                0x00006f98      0x2b4 ./Sources/menu.o
                0x00006f98                menu_select
 .text.menu_back
                0x0000724c      0x37c ./Sources/menu.o
                0x0000724c                menu_back
 .text.refresh_menu
                0x000075c8      0x174 ./Sources/menu.o
                0x000075c8                refresh_menu
 .text.void_function
                0x0000773c        0xc ./Sources/menu.o
                0x0000773c                void_function
 .text.parameters_init
                0x00007748       0xc8 ./Sources/parameters.o
                0x00007748                parameters_init
 .text.convert  0x00007810       0x3c ./Sources/parameters.o
                0x00007810                convert
 .text.serial_send_block
                0x0000784c       0xdc ./Sources/protocol.o
                0x0000784c                serial_send_block
 .text.serial_send_float
                0x00007928       0x30 ./Sources/protocol.o
                0x00007928                serial_send_float
 .text.serial_send_int
                0x00007958       0x30 ./Sources/protocol.o
                0x00007958                serial_send_int
 .text.serial_send_string
                0x00007988       0x58 ./Sources/protocol.o
                0x00007988                serial_send_string
 .text.serial_send_char
                0x000079e0       0x30 ./Sources/protocol.o
                0x000079e0                serial_send_char
 .text.serial_send_end
                0x00007a10       0x14 ./Sources/protocol.o
                0x00007a10                serial_send_end
 .text.msg_parse
                0x00007a24      0x1d4 ./Sources/protocol.o
                0x00007a24                msg_parse
 .text.msg_processing
                0x00007bf8      0x2ac ./Sources/protocol.o
                0x00007bf8                msg_processing
 .text.Send_Control_Mode
                0x00007ea4       0x30 ./Sources/send.o
                0x00007ea4                Send_Control_Mode
 .text.send_fct
                0x00007ed4      0x36c ./Sources/send.o
                0x00007ed4                send_fct
 .text.get_update_drive_en
                0x00008240       0x24 ./Sources/send.o
                0x00008240                get_update_drive_en
 .text.get_update_value
                0x00008264      0x180 ./Sources/send.o
                0x00008264                get_update_value
 .text.send_stop
                0x000083e4       0x34 ./Sources/send.o
                0x000083e4                send_stop
 .text.send_velocity_cue
                0x00008418       0x94 ./Sources/send.o
                0x00008418                send_velocity_cue
 .text.send_position_cue
                0x000084ac       0xfc ./Sources/send.o
                0x000084ac                send_position_cue
 .text.velocity_processing
                0x000085a8       0x50 ./Sources/send.o
                0x000085a8                velocity_processing
 .text.velocity_ref_processing
                0x000085f8       0x44 ./Sources/send.o
                0x000085f8                velocity_ref_processing
 .text.acceleration_processing
                0x0000863c       0x50 ./Sources/send.o
                0x0000863c                acceleration_processing
 .text.deceleration_processing
                0x0000868c       0x50 ./Sources/send.o
                0x0000868c                deceleration_processing
 .text.torque_processing
                0x000086dc       0x44 ./Sources/send.o
                0x000086dc                torque_processing
 .text.torque_rise_processing
                0x00008720       0x44 ./Sources/send.o
                0x00008720                torque_rise_processing
 .text.torque_fall_processing
                0x00008764       0x44 ./Sources/send.o
                0x00008764                torque_fall_processing
 .text.control_mode_processing
                0x000087a8       0x78 ./Sources/send.o
                0x000087a8                control_mode_processing
 .text.drive_enable_processing
                0x00008820       0x24 ./Sources/send.o
                0x00008820                drive_enable_processing
 .text.__copy_rom_section
                0x00008844       0xe4 ./Project_Settings/Startup_Code/startup.o
                0x00008844                __copy_rom_section
 .text.__copy_rom_sections_to_ram
                0x00008928       0x9c ./Project_Settings/Startup_Code/startup.o
                0x00008928                __copy_rom_sections_to_ram
 .text.__init_registers
                0x000089c4        0xc ./Project_Settings/Startup_Code/startup.o
                0x000089c4                __init_registers
 .text.__init_user
                0x000089d0        0xc ./Project_Settings/Startup_Code/startup.o
                0x000089d0                __init_user
 .text.__thumb_startup
                0x000089dc       0x34 ./Project_Settings/Startup_Code/startup.o
                0x000089dc                __thumb_startup
 .text.HWEnDi   0x00008a10       0x1c ./Generated_Code/AS1.o
 .text.AS1_SendChar
                0x00008a2c       0xe0 ./Generated_Code/AS1.o
                0x00008a2c                AS1_SendChar
 .text.AS1_SendBlock
                0x00008b0c      0x148 ./Generated_Code/AS1.o
                0x00008b0c                AS1_SendBlock
 .text.AS1_ClearRxBuf
                0x00008c54       0x78 ./Generated_Code/AS1.o
                0x00008c54                AS1_ClearRxBuf
 .text.AS1_Init
                0x00008ccc       0x60 ./Generated_Code/AS1.o
                0x00008ccc                AS1_Init
 .text.ASerialLdd1_OnBlockReceived
                0x00008d2c       0xd4 ./Generated_Code/AS1.o
                0x00008d2c                ASerialLdd1_OnBlockReceived
 .text.ASerialLdd1_OnBlockSent
                0x00008e00       0xd8 ./Generated_Code/AS1.o
                0x00008e00                ASerialLdd1_OnBlockSent
 .text.ASerialLdd1_OnError
                0x00008ed8       0x9c ./Generated_Code/AS1.o
                0x00008ed8                ASerialLdd1_OnError
 .text.ASerialLdd1_OnTxComplete
                0x00008f74       0x14 ./Generated_Code/AS1.o
                0x00008f74                ASerialLdd1_OnTxComplete
 .text.ASerialLdd1_OnBreak
                0x00008f88       0x24 ./Generated_Code/AS1.o
                0x00008f88                ASerialLdd1_OnBreak
 .text.ASerialLdd1_Init
                0x00008fac      0x1c0 ./Generated_Code/ASerialLdd1.o
                0x00008fac                ASerialLdd1_Init
 .text.ASerialLdd1_ReceiveBlock
                0x0000916c       0x90 ./Generated_Code/ASerialLdd1.o
                0x0000916c                ASerialLdd1_ReceiveBlock
 .text.ASerialLdd1_SendBlock
                0x000091fc       0xbc ./Generated_Code/ASerialLdd1.o
                0x000091fc                ASerialLdd1_SendBlock
 .text.InterruptRx
                0x000092b8       0x58 ./Generated_Code/ASerialLdd1.o
 .text.InterruptTx
                0x00009310       0x9c ./Generated_Code/ASerialLdd1.o
 .text.ASerialLdd1_Interrupt
                0x000093ac      0x130 ./Generated_Code/ASerialLdd1.o
                0x000093ac                ASerialLdd1_Interrupt
 .text.ASerialLdd1_GetError
                0x000094dc       0x70 ./Generated_Code/ASerialLdd1.o
                0x000094dc                ASerialLdd1_GetError
 .text.BitIoLdd1_Init
                0x0000954c       0x64 ./Generated_Code/BitIoLdd1.o
                0x0000954c                BitIoLdd1_Init
 .text.BitIoLdd2_Init
                0x000095b0       0x64 ./Generated_Code/BitIoLdd2.o
                0x000095b0                BitIoLdd2_Init
 .text.BitIoLdd2_ClrVal
                0x00009614       0x1c ./Generated_Code/BitIoLdd2.o
                0x00009614                BitIoLdd2_ClrVal
 .text.BitIoLdd2_SetVal
                0x00009630       0x1c ./Generated_Code/BitIoLdd2.o
                0x00009630                BitIoLdd2_SetVal
 .text.BitIoLdd2_NegVal
                0x0000964c       0x1c ./Generated_Code/BitIoLdd2.o
                0x0000964c                BitIoLdd2_NegVal
 .text.BitIoLdd3_Init
                0x00009668       0x64 ./Generated_Code/BitIoLdd3.o
                0x00009668                BitIoLdd3_Init
 .text.BitIoLdd3_ClrVal
                0x000096cc       0x1c ./Generated_Code/BitIoLdd3.o
                0x000096cc                BitIoLdd3_ClrVal
 .text.BitIoLdd3_SetVal
                0x000096e8       0x1c ./Generated_Code/BitIoLdd3.o
                0x000096e8                BitIoLdd3_SetVal
 .text.BitIoLdd4_Init
                0x00009704       0x64 ./Generated_Code/BitIoLdd4.o
                0x00009704                BitIoLdd4_Init
 .text.BitIoLdd4_ClrVal
                0x00009768       0x1c ./Generated_Code/BitIoLdd4.o
                0x00009768                BitIoLdd4_ClrVal
 .text.BitIoLdd4_SetVal
                0x00009784       0x1c ./Generated_Code/BitIoLdd4.o
                0x00009784                BitIoLdd4_SetVal
 .text.BitIoLdd5_Init
                0x000097a0       0x64 ./Generated_Code/BitIoLdd5.o
                0x000097a0                BitIoLdd5_Init
 .text.BitIoLdd5_ClrVal
                0x00009804       0x1c ./Generated_Code/BitIoLdd5.o
                0x00009804                BitIoLdd5_ClrVal
 .text.BitIoLdd5_SetVal
                0x00009820       0x1c ./Generated_Code/BitIoLdd5.o
                0x00009820                BitIoLdd5_SetVal
 .text.BitIoLdd6_Init
                0x0000983c       0x64 ./Generated_Code/BitIoLdd6.o
                0x0000983c                BitIoLdd6_Init
 .text.BitIoLdd6_ClrVal
                0x000098a0       0x20 ./Generated_Code/BitIoLdd6.o
                0x000098a0                BitIoLdd6_ClrVal
 .text.BitIoLdd6_SetVal
                0x000098c0       0x20 ./Generated_Code/BitIoLdd6.o
                0x000098c0                BitIoLdd6_SetVal
 .text.BitIoLdd7_Init
                0x000098e0       0x64 ./Generated_Code/BitIoLdd7.o
                0x000098e0                BitIoLdd7_Init
 .text.BitIoLdd7_ClrVal
                0x00009944       0x1c ./Generated_Code/BitIoLdd7.o
                0x00009944                BitIoLdd7_ClrVal
 .text.BitIoLdd7_SetVal
                0x00009960       0x1c ./Generated_Code/BitIoLdd7.o
                0x00009960                BitIoLdd7_SetVal
 .text.Cpu_ivINT_PORTC
                0x0000997c       0x30 ./Generated_Code/Cpu.o
                0x0000997c                Cpu_ivINT_PORTC
 .text.Cpu_ivINT_NMI
                0x000099ac       0x18 ./Generated_Code/Cpu.o
                0x000099ac                Cpu_ivINT_NMI
 .text.Cpu_ivINT_Hard_Fault
                0x000099c4       0x18 ./Generated_Code/Cpu.o
                0x000099c4                Cpu_ivINT_Hard_Fault
 .text.Cpu_ivINT_Mem_Manage_Fault
                0x000099dc       0x18 ./Generated_Code/Cpu.o
                0x000099dc                Cpu_ivINT_Mem_Manage_Fault
 .text.Cpu_ivINT_Bus_Fault
                0x000099f4       0x18 ./Generated_Code/Cpu.o
                0x000099f4                Cpu_ivINT_Bus_Fault
 .text.Cpu_ivINT_Usage_Fault
                0x00009a0c       0x18 ./Generated_Code/Cpu.o
                0x00009a0c                Cpu_ivINT_Usage_Fault
 .text.Cpu_ivINT_Reserved7
                0x00009a24       0x18 ./Generated_Code/Cpu.o
                0x00009a24                Cpu_ivINT_Reserved7
 .text.Cpu_ivINT_Reserved8
                0x00009a3c       0x18 ./Generated_Code/Cpu.o
                0x00009a3c                Cpu_ivINT_Reserved8
 .text.Cpu_ivINT_Reserved9
                0x00009a54       0x18 ./Generated_Code/Cpu.o
                0x00009a54                Cpu_ivINT_Reserved9
 .text.Cpu_ivINT_Reserved10
                0x00009a6c       0x18 ./Generated_Code/Cpu.o
                0x00009a6c                Cpu_ivINT_Reserved10
 .text.Cpu_ivINT_SVCall
                0x00009a84       0x18 ./Generated_Code/Cpu.o
                0x00009a84                Cpu_ivINT_SVCall
 .text.Cpu_ivINT_DebugMonitor
                0x00009a9c       0x18 ./Generated_Code/Cpu.o
                0x00009a9c                Cpu_ivINT_DebugMonitor
 .text.Cpu_ivINT_Reserved13
                0x00009ab4       0x18 ./Generated_Code/Cpu.o
                0x00009ab4                Cpu_ivINT_Reserved13
 .text.Cpu_ivINT_PendableSrvReq
                0x00009acc       0x18 ./Generated_Code/Cpu.o
                0x00009acc                Cpu_ivINT_PendableSrvReq
 .text.Cpu_ivINT_SysTick
                0x00009ae4       0x18 ./Generated_Code/Cpu.o
                0x00009ae4                Cpu_ivINT_SysTick
 .text.Cpu_ivINT_DMA0
                0x00009afc       0x18 ./Generated_Code/Cpu.o
                0x00009afc                Cpu_ivINT_DMA0
 .text.Cpu_ivINT_DMA1
                0x00009b14       0x18 ./Generated_Code/Cpu.o
                0x00009b14                Cpu_ivINT_DMA1
 .text.Cpu_ivINT_DMA2
                0x00009b2c       0x18 ./Generated_Code/Cpu.o
                0x00009b2c                Cpu_ivINT_DMA2
 .text.Cpu_ivINT_DMA3
                0x00009b44       0x18 ./Generated_Code/Cpu.o
                0x00009b44                Cpu_ivINT_DMA3
 .text.Cpu_ivINT_DMA4
                0x00009b5c       0x18 ./Generated_Code/Cpu.o
                0x00009b5c                Cpu_ivINT_DMA4
 .text.Cpu_ivINT_DMA5
                0x00009b74       0x18 ./Generated_Code/Cpu.o
                0x00009b74                Cpu_ivINT_DMA5
 .text.Cpu_ivINT_DMA6
                0x00009b8c       0x18 ./Generated_Code/Cpu.o
                0x00009b8c                Cpu_ivINT_DMA6
 .text.Cpu_ivINT_DMA7
                0x00009ba4       0x18 ./Generated_Code/Cpu.o
                0x00009ba4                Cpu_ivINT_DMA7
 .text.Cpu_ivINT_DMA8
                0x00009bbc       0x18 ./Generated_Code/Cpu.o
                0x00009bbc                Cpu_ivINT_DMA8
 .text.Cpu_ivINT_DMA9
                0x00009bd4       0x18 ./Generated_Code/Cpu.o
                0x00009bd4                Cpu_ivINT_DMA9
 .text.Cpu_ivINT_DMA10
                0x00009bec       0x18 ./Generated_Code/Cpu.o
                0x00009bec                Cpu_ivINT_DMA10
 .text.Cpu_ivINT_DMA11
                0x00009c04       0x18 ./Generated_Code/Cpu.o
                0x00009c04                Cpu_ivINT_DMA11
 .text.Cpu_ivINT_DMA12
                0x00009c1c       0x18 ./Generated_Code/Cpu.o
                0x00009c1c                Cpu_ivINT_DMA12
 .text.Cpu_ivINT_DMA13
                0x00009c34       0x18 ./Generated_Code/Cpu.o
                0x00009c34                Cpu_ivINT_DMA13
 .text.Cpu_ivINT_DMA14
                0x00009c4c       0x18 ./Generated_Code/Cpu.o
                0x00009c4c                Cpu_ivINT_DMA14
 .text.Cpu_ivINT_DMA15
                0x00009c64       0x18 ./Generated_Code/Cpu.o
                0x00009c64                Cpu_ivINT_DMA15
 .text.Cpu_ivINT_DMA_Error
                0x00009c7c       0x18 ./Generated_Code/Cpu.o
                0x00009c7c                Cpu_ivINT_DMA_Error
 .text.Cpu_ivINT_MCM
                0x00009c94       0x18 ./Generated_Code/Cpu.o
                0x00009c94                Cpu_ivINT_MCM
 .text.Cpu_ivINT_FTFL
                0x00009cac       0x18 ./Generated_Code/Cpu.o
                0x00009cac                Cpu_ivINT_FTFL
 .text.Cpu_ivINT_Read_Collision
                0x00009cc4       0x18 ./Generated_Code/Cpu.o
                0x00009cc4                Cpu_ivINT_Read_Collision
 .text.Cpu_ivINT_LVD_LVW
                0x00009cdc       0x18 ./Generated_Code/Cpu.o
                0x00009cdc                Cpu_ivINT_LVD_LVW
 .text.Cpu_ivINT_LLW
                0x00009cf4       0x18 ./Generated_Code/Cpu.o
                0x00009cf4                Cpu_ivINT_LLW
 .text.Cpu_ivINT_Watchdog
                0x00009d0c       0x18 ./Generated_Code/Cpu.o
                0x00009d0c                Cpu_ivINT_Watchdog
 .text.Cpu_ivINT_Reserved39
                0x00009d24       0x18 ./Generated_Code/Cpu.o
                0x00009d24                Cpu_ivINT_Reserved39
 .text.Cpu_ivINT_I2C1
                0x00009d3c       0x18 ./Generated_Code/Cpu.o
                0x00009d3c                Cpu_ivINT_I2C1
 .text.Cpu_ivINT_SPI0
                0x00009d54       0x18 ./Generated_Code/Cpu.o
                0x00009d54                Cpu_ivINT_SPI0
 .text.Cpu_ivINT_SPI1
                0x00009d6c       0x18 ./Generated_Code/Cpu.o
                0x00009d6c                Cpu_ivINT_SPI1
 .text.Cpu_ivINT_Reserved44
                0x00009d84       0x18 ./Generated_Code/Cpu.o
                0x00009d84                Cpu_ivINT_Reserved44
 .text.Cpu_ivINT_CAN0_ORed_Message_buffer
                0x00009d9c       0x18 ./Generated_Code/Cpu.o
                0x00009d9c                Cpu_ivINT_CAN0_ORed_Message_buffer
 .text.Cpu_ivINT_CAN0_Bus_Off
                0x00009db4       0x18 ./Generated_Code/Cpu.o
                0x00009db4                Cpu_ivINT_CAN0_Bus_Off
 .text.Cpu_ivINT_CAN0_Error
                0x00009dcc       0x18 ./Generated_Code/Cpu.o
                0x00009dcc                Cpu_ivINT_CAN0_Error
 .text.Cpu_ivINT_CAN0_Tx_Warning
                0x00009de4       0x18 ./Generated_Code/Cpu.o
                0x00009de4                Cpu_ivINT_CAN0_Tx_Warning
 .text.Cpu_ivINT_CAN0_Rx_Warning
                0x00009dfc       0x18 ./Generated_Code/Cpu.o
                0x00009dfc                Cpu_ivINT_CAN0_Rx_Warning
 .text.Cpu_ivINT_CAN0_Wake_Up
                0x00009e14       0x18 ./Generated_Code/Cpu.o
                0x00009e14                Cpu_ivINT_CAN0_Wake_Up
 .text.Cpu_ivINT_I2S0_Tx
                0x00009e2c       0x18 ./Generated_Code/Cpu.o
                0x00009e2c                Cpu_ivINT_I2S0_Tx
 .text.Cpu_ivINT_I2S0_Rx
                0x00009e44       0x18 ./Generated_Code/Cpu.o
                0x00009e44                Cpu_ivINT_I2S0_Rx
 .text.Cpu_ivINT_Reserved53
                0x00009e5c       0x18 ./Generated_Code/Cpu.o
                0x00009e5c                Cpu_ivINT_Reserved53
 .text.Cpu_ivINT_Reserved54
                0x00009e74       0x18 ./Generated_Code/Cpu.o
                0x00009e74                Cpu_ivINT_Reserved54
 .text.Cpu_ivINT_Reserved55
                0x00009e8c       0x18 ./Generated_Code/Cpu.o
                0x00009e8c                Cpu_ivINT_Reserved55
 .text.Cpu_ivINT_Reserved56
                0x00009ea4       0x18 ./Generated_Code/Cpu.o
                0x00009ea4                Cpu_ivINT_Reserved56
 .text.Cpu_ivINT_Reserved57
                0x00009ebc       0x18 ./Generated_Code/Cpu.o
                0x00009ebc                Cpu_ivINT_Reserved57
 .text.Cpu_ivINT_Reserved58
                0x00009ed4       0x18 ./Generated_Code/Cpu.o
                0x00009ed4                Cpu_ivINT_Reserved58
 .text.Cpu_ivINT_Reserved59
                0x00009eec       0x18 ./Generated_Code/Cpu.o
                0x00009eec                Cpu_ivINT_Reserved59
 .text.Cpu_ivINT_UART0_LON
                0x00009f04       0x18 ./Generated_Code/Cpu.o
                0x00009f04                Cpu_ivINT_UART0_LON
 .text.Cpu_ivINT_UART1_RX_TX
                0x00009f1c       0x18 ./Generated_Code/Cpu.o
                0x00009f1c                Cpu_ivINT_UART1_RX_TX
 .text.Cpu_ivINT_UART1_ERR
                0x00009f34       0x18 ./Generated_Code/Cpu.o
                0x00009f34                Cpu_ivINT_UART1_ERR
 .text.Cpu_ivINT_UART2_RX_TX
                0x00009f4c       0x18 ./Generated_Code/Cpu.o
                0x00009f4c                Cpu_ivINT_UART2_RX_TX
 .text.Cpu_ivINT_UART2_ERR
                0x00009f64       0x18 ./Generated_Code/Cpu.o
                0x00009f64                Cpu_ivINT_UART2_ERR
 .text.Cpu_ivINT_UART3_RX_TX
                0x00009f7c       0x18 ./Generated_Code/Cpu.o
                0x00009f7c                Cpu_ivINT_UART3_RX_TX
 .text.Cpu_ivINT_UART3_ERR
                0x00009f94       0x18 ./Generated_Code/Cpu.o
                0x00009f94                Cpu_ivINT_UART3_ERR
 .text.Cpu_ivINT_Reserved69
                0x00009fac       0x18 ./Generated_Code/Cpu.o
                0x00009fac                Cpu_ivINT_Reserved69
 .text.Cpu_ivINT_Reserved70
                0x00009fc4       0x18 ./Generated_Code/Cpu.o
                0x00009fc4                Cpu_ivINT_Reserved70
 .text.Cpu_ivINT_Reserved71
                0x00009fdc       0x18 ./Generated_Code/Cpu.o
                0x00009fdc                Cpu_ivINT_Reserved71
 .text.Cpu_ivINT_Reserved72
                0x00009ff4       0x18 ./Generated_Code/Cpu.o
                0x00009ff4                Cpu_ivINT_Reserved72
 .text.Cpu_ivINT_ADC0
                0x0000a00c       0x18 ./Generated_Code/Cpu.o
                0x0000a00c                Cpu_ivINT_ADC0
 .text.Cpu_ivINT_ADC1
                0x0000a024       0x18 ./Generated_Code/Cpu.o
                0x0000a024                Cpu_ivINT_ADC1
 .text.Cpu_ivINT_CMP0
                0x0000a03c       0x18 ./Generated_Code/Cpu.o
                0x0000a03c                Cpu_ivINT_CMP0
 .text.Cpu_ivINT_CMP1
                0x0000a054       0x18 ./Generated_Code/Cpu.o
                0x0000a054                Cpu_ivINT_CMP1
 .text.Cpu_ivINT_CMP2
                0x0000a06c       0x18 ./Generated_Code/Cpu.o
                0x0000a06c                Cpu_ivINT_CMP2
 .text.Cpu_ivINT_CMT
                0x0000a084       0x18 ./Generated_Code/Cpu.o
                0x0000a084                Cpu_ivINT_CMT
 .text.Cpu_ivINT_RTC
                0x0000a09c       0x18 ./Generated_Code/Cpu.o
                0x0000a09c                Cpu_ivINT_RTC
 .text.Cpu_ivINT_RTC_Seconds
                0x0000a0b4       0x18 ./Generated_Code/Cpu.o
                0x0000a0b4                Cpu_ivINT_RTC_Seconds
 .text.Cpu_ivINT_PIT0
                0x0000a0cc       0x18 ./Generated_Code/Cpu.o
                0x0000a0cc                Cpu_ivINT_PIT0
 .text.Cpu_ivINT_PIT1
                0x0000a0e4       0x18 ./Generated_Code/Cpu.o
                0x0000a0e4                Cpu_ivINT_PIT1
 .text.Cpu_ivINT_PIT2
                0x0000a0fc       0x18 ./Generated_Code/Cpu.o
                0x0000a0fc                Cpu_ivINT_PIT2
 .text.Cpu_ivINT_PIT3
                0x0000a114       0x18 ./Generated_Code/Cpu.o
                0x0000a114                Cpu_ivINT_PIT3
 .text.Cpu_ivINT_PDB0
                0x0000a12c       0x18 ./Generated_Code/Cpu.o
                0x0000a12c                Cpu_ivINT_PDB0
 .text.Cpu_ivINT_USB0
                0x0000a144       0x18 ./Generated_Code/Cpu.o
                0x0000a144                Cpu_ivINT_USB0
 .text.Cpu_ivINT_USBDCD
                0x0000a15c       0x18 ./Generated_Code/Cpu.o
                0x0000a15c                Cpu_ivINT_USBDCD
 .text.Cpu_ivINT_Reserved91
                0x0000a174       0x18 ./Generated_Code/Cpu.o
                0x0000a174                Cpu_ivINT_Reserved91
 .text.Cpu_ivINT_Reserved92
                0x0000a18c       0x18 ./Generated_Code/Cpu.o
                0x0000a18c                Cpu_ivINT_Reserved92
 .text.Cpu_ivINT_Reserved93
                0x0000a1a4       0x18 ./Generated_Code/Cpu.o
                0x0000a1a4                Cpu_ivINT_Reserved93
 .text.Cpu_ivINT_Reserved94
                0x0000a1bc       0x18 ./Generated_Code/Cpu.o
                0x0000a1bc                Cpu_ivINT_Reserved94
 .text.Cpu_ivINT_Reserved95
                0x0000a1d4       0x18 ./Generated_Code/Cpu.o
                0x0000a1d4                Cpu_ivINT_Reserved95
 .text.Cpu_ivINT_Reserved96
                0x0000a1ec       0x18 ./Generated_Code/Cpu.o
                0x0000a1ec                Cpu_ivINT_Reserved96
 .text.Cpu_ivINT_DAC0
                0x0000a204       0x18 ./Generated_Code/Cpu.o
                0x0000a204                Cpu_ivINT_DAC0
 .text.Cpu_ivINT_Reserved98
                0x0000a21c       0x18 ./Generated_Code/Cpu.o
                0x0000a21c                Cpu_ivINT_Reserved98
 .text.Cpu_ivINT_TSI0
                0x0000a234       0x18 ./Generated_Code/Cpu.o
                0x0000a234                Cpu_ivINT_TSI0
 .text.Cpu_ivINT_MCG
                0x0000a24c       0x18 ./Generated_Code/Cpu.o
                0x0000a24c                Cpu_ivINT_MCG
 .text.Cpu_ivINT_LPTimer
                0x0000a264       0x18 ./Generated_Code/Cpu.o
                0x0000a264                Cpu_ivINT_LPTimer
 .text.Cpu_ivINT_Reserved102
                0x0000a27c       0x18 ./Generated_Code/Cpu.o
                0x0000a27c                Cpu_ivINT_Reserved102
 .text.Cpu_ivINT_PORTA
                0x0000a294       0x18 ./Generated_Code/Cpu.o
                0x0000a294                Cpu_ivINT_PORTA
 .text.Cpu_ivINT_PORTB
                0x0000a2ac       0x18 ./Generated_Code/Cpu.o
                0x0000a2ac                Cpu_ivINT_PORTB
 .text.Cpu_ivINT_PORTD
                0x0000a2c4       0x18 ./Generated_Code/Cpu.o
                0x0000a2c4                Cpu_ivINT_PORTD
 .text.Cpu_ivINT_PORTE
                0x0000a2dc       0x18 ./Generated_Code/Cpu.o
                0x0000a2dc                Cpu_ivINT_PORTE
 .text.Cpu_ivINT_Reserved108
                0x0000a2f4       0x18 ./Generated_Code/Cpu.o
                0x0000a2f4                Cpu_ivINT_Reserved108
 .text.Cpu_ivINT_Reserved109
                0x0000a30c       0x18 ./Generated_Code/Cpu.o
                0x0000a30c                Cpu_ivINT_Reserved109
 .text.Cpu_ivINT_SWI
                0x0000a324       0x18 ./Generated_Code/Cpu.o
                0x0000a324                Cpu_ivINT_SWI
 .text.__init_hardware
                0x0000a33c      0x140 ./Generated_Code/Cpu.o
                0x0000a33c                __init_hardware
 .text.Cpu_SetBASEPRI
                0x0000a47c       0x18 ./Generated_Code/Cpu.o
                0x0000a47c                Cpu_SetBASEPRI
 .text.PE_low_level_init
                0x0000a494      0x10c ./Generated_Code/Cpu.o
                0x0000a494                PE_low_level_init
 .text.ENCODER_Init
                0x0000a5a0       0xac ./Generated_Code/ENCODER.o
                0x0000a5a0                ENCODER_Init
 .text.ENCODER_GetFieldValue
                0x0000a64c       0x40 ./Generated_Code/ENCODER.o
                0x0000a64c                ENCODER_GetFieldValue
 .text.ENCODER_Interrupt
                0x0000a68c       0x4c ./Generated_Code/ENCODER.o
                0x0000a68c                ENCODER_Interrupt
 .text.ExtIntLdd1_OnInterrupt
                0x0000a6d8       0x14 ./Generated_Code/ENCODER_PUSH.o
                0x0000a6d8                ExtIntLdd1_OnInterrupt
 .text.ExtIntLdd1_Init
                0x0000a6ec       0x80 ./Generated_Code/ExtIntLdd1.o
                0x0000a6ec                ExtIntLdd1_Init
 .text.ExtIntLdd1_Interrupt
                0x0000a76c       0x3c ./Generated_Code/ExtIntLdd1.o
                0x0000a76c                ExtIntLdd1_Interrupt
 .text.ExtIntLdd1_GetVal
                0x0000a7a8       0x2c ./Generated_Code/ExtIntLdd1.o
                0x0000a7a8                ExtIntLdd1_GetVal
 .text.ExtIntLdd2_Init
                0x0000a7d4       0x80 ./Generated_Code/ExtIntLdd2.o
                0x0000a7d4                ExtIntLdd2_Init
 .text.ExtIntLdd2_Interrupt
                0x0000a854       0x3c ./Generated_Code/ExtIntLdd2.o
                0x0000a854                ExtIntLdd2_Interrupt
 .text.ExtIntLdd2_GetVal
                0x0000a890       0x2c ./Generated_Code/ExtIntLdd2.o
                0x0000a890                ExtIntLdd2_GetVal
 .text.ExtIntLdd3_Init
                0x0000a8bc       0x80 ./Generated_Code/ExtIntLdd3.o
                0x0000a8bc                ExtIntLdd3_Init
 .text.ExtIntLdd3_Interrupt
                0x0000a93c       0x3c ./Generated_Code/ExtIntLdd3.o
                0x0000a93c                ExtIntLdd3_Interrupt
 .text.ExtIntLdd3_GetVal
                0x0000a978       0x2c ./Generated_Code/ExtIntLdd3.o
                0x0000a978                ExtIntLdd3_GetVal
 .text.ExtIntLdd4_Init
                0x0000a9a4       0x7c ./Generated_Code/ExtIntLdd4.o
                0x0000a9a4                ExtIntLdd4_Init
 .text.ExtIntLdd4_Interrupt
                0x0000aa20       0x3c ./Generated_Code/ExtIntLdd4.o
                0x0000aa20                ExtIntLdd4_Interrupt
 .text.ExtIntLdd5_Init
                0x0000aa5c       0x7c ./Generated_Code/ExtIntLdd5.o
                0x0000aa5c                ExtIntLdd5_Init
 .text.ExtIntLdd5_Interrupt
                0x0000aad8       0x3c ./Generated_Code/ExtIntLdd5.o
                0x0000aad8                ExtIntLdd5_Interrupt
 .text.I2C0_SendChar
                0x0000ab14       0x2c ./Generated_Code/I2C0.o
                0x0000ab14                I2C0_SendChar
 .text.I2C0_SendBlock
                0x0000ab40       0xc0 ./Generated_Code/I2C0.o
                0x0000ab40                I2C0_SendBlock
 .text.I2C0_SelectSlave
                0x0000ac00       0x34 ./Generated_Code/I2C0.o
                0x0000ac00                I2C0_SelectSlave
 .text.I2C0_Init
                0x0000ac34       0x20 ./Generated_Code/I2C0.o
                0x0000ac34                I2C0_Init
 .text.IntI2cLdd1_OnMasterBlockSent
                0x0000ac54       0x14 ./Generated_Code/I2C0.o
                0x0000ac54                IntI2cLdd1_OnMasterBlockSent
 .text.IntI2cLdd1_OnMasterBlockReceived
                0x0000ac68       0x14 ./Generated_Code/I2C0.o
                0x0000ac68                IntI2cLdd1_OnMasterBlockReceived
 .text.IntI2cLdd1_OnError
                0x0000ac7c       0x30 ./Generated_Code/I2C0.o
                0x0000ac7c                IntI2cLdd1_OnError
 .text.IFsh1_GetFlash
                0x0000acac       0x84 ./Generated_Code/IFsh1.o
                0x0000acac                IFsh1_GetFlash
 .text.IFsh1_SetFlash
                0x0000ad30      0x1a8 ./Generated_Code/IFsh1.o
                0x0000ad30                IFsh1_SetFlash
 .text.IFsh1_Init
                0x0000aed8       0x2c ./Generated_Code/IFsh1.o
                0x0000aed8                IFsh1_Init
 .text.IFsh1_SetByteFlash
                0x0000af04       0x24 ./Generated_Code/IFsh1.o
                0x0000af04                IFsh1_SetByteFlash
 .text.IFsh1_GetByteFlash
                0x0000af28       0x20 ./Generated_Code/IFsh1.o
                0x0000af28                IFsh1_GetByteFlash
 .text.IFsh1_SetLongFlash
                0x0000af48       0x20 ./Generated_Code/IFsh1.o
                0x0000af48                IFsh1_SetLongFlash
 .text.IFsh1_GetLongFlash
                0x0000af68       0x20 ./Generated_Code/IFsh1.o
                0x0000af68                IFsh1_GetLongFlash
 .text.IntFlashLdd1_OnOperationComplete
                0x0000af88      0x190 ./Generated_Code/IFsh1.o
                0x0000af88                IntFlashLdd1_OnOperationComplete
 .text.IntFlashLdd1_OnError
                0x0000b118       0x54 ./Generated_Code/IFsh1.o
                0x0000b118                IntFlashLdd1_OnError
 .text.IntFlashLdd1_Init
                0x0000b16c       0x64 ./Generated_Code/IntFlashLdd1.o
                0x0000b16c                IntFlashLdd1_Init
 .text.IntFlashLdd1_Write
                0x0000b1d0       0x74 ./Generated_Code/IntFlashLdd1.o
                0x0000b1d0                IntFlashLdd1_Write
 .text.IntFlashLdd1_Read
                0x0000b244       0x70 ./Generated_Code/IntFlashLdd1.o
                0x0000b244                IntFlashLdd1_Read
 .text.IntFlashLdd1_Erase
                0x0000b2b4       0x94 ./Generated_Code/IntFlashLdd1.o
                0x0000b2b4                IntFlashLdd1_Erase
 .text.IntFlashLdd1_Main
                0x0000b348      0x2f4 ./Generated_Code/IntFlashLdd1.o
                0x0000b348                IntFlashLdd1_Main
 .text.IntFlashLdd1_GetError
                0x0000b63c       0x90 ./Generated_Code/IntFlashLdd1.o
                0x0000b63c                IntFlashLdd1_GetError
 .text.RangeCheck
                0x0000b6cc       0x38 ./Generated_Code/IntFlashLdd1.o
 .text.SafeRoutineCaller
                0x0000b704       0x94 ./Generated_Code/IntFlashLdd1.o
 .text.IntI2cLdd1_Interrupt
                0x0000b798      0x2d4 ./Generated_Code/IntI2cLdd1.o
                0x0000b798                IntI2cLdd1_Interrupt
 .text.IntI2cLdd1_Init
                0x0000ba6c      0x13c ./Generated_Code/IntI2cLdd1.o
                0x0000ba6c                IntI2cLdd1_Init
 .text.IntI2cLdd1_MasterSendBlock
                0x0000bba8      0x190 ./Generated_Code/IntI2cLdd1.o
                0x0000bba8                IntI2cLdd1_MasterSendBlock
 .text.IntI2cLdd1_SelectSlaveDevice
                0x0000bd38       0xf0 ./Generated_Code/IntI2cLdd1.o
                0x0000bd38                IntI2cLdd1_SelectSlaveDevice
 .text.IntI2cLdd1_GetError
                0x0000be28       0x70 ./Generated_Code/IntI2cLdd1.o
                0x0000be28                IntI2cLdd1_GetError
 .text.ExtIntLdd2_OnInterrupt
                0x0000be98       0x14 ./Generated_Code/LEVER_DIR1.o
                0x0000be98                ExtIntLdd2_OnInterrupt
 .text.ExtIntLdd3_OnInterrupt
                0x0000beac       0x14 ./Generated_Code/LEVER_DIR2.o
                0x0000beac                ExtIntLdd3_OnInterrupt
 .text.ExtIntLdd5_OnInterrupt
                0x0000bec0       0x14 ./Generated_Code/PUSH_BUTTON_REC.o
                0x0000bec0                ExtIntLdd5_OnInterrupt
 .text.ExtIntLdd4_OnInterrupt
                0x0000bed4       0x14 ./Generated_Code/PUSH_BUTTON_SEND.o
                0x0000bed4                ExtIntLdd4_OnInterrupt
 .text.TU1_Init
                0x0000bee8       0xb0 ./Generated_Code/TU1.o
                0x0000bee8                TU1_Init
 .text.TU1_Enable
                0x0000bf98       0x30 ./Generated_Code/TU1.o
                0x0000bf98                TU1_Enable
 .text.TU1_Disable
                0x0000bfc8       0x28 ./Generated_Code/TU1.o
                0x0000bfc8                TU1_Disable
 .text.TU1_Interrupt
                0x0000bff0       0x6c ./Generated_Code/TU1.o
                0x0000bff0                TU1_Interrupt
 .text.T_100ms_Init
                0x0000c05c       0xb0 ./Generated_Code/T_100ms.o
                0x0000c05c                T_100ms_Init
 .text.T_100ms_Enable
                0x0000c10c       0x30 ./Generated_Code/T_100ms.o
                0x0000c10c                T_100ms_Enable
 .text.T_100ms_Disable
                0x0000c13c       0x28 ./Generated_Code/T_100ms.o
                0x0000c13c                T_100ms_Disable
 .text.T_100ms_Interrupt
                0x0000c164       0x6c ./Generated_Code/T_100ms.o
                0x0000c164                T_100ms_Interrupt
 .text.T_500ms_Init
                0x0000c1d0       0xcc ./Generated_Code/T_500ms.o
                0x0000c1d0                T_500ms_Init
 .text.T_500ms_Interrupt
                0x0000c29c       0x6c ./Generated_Code/T_500ms.o
                0x0000c29c                T_500ms_Interrupt
 .text.WAIT1_Wait10Cycles
                0x0000c308        0x8 ./Generated_Code/WAIT1.o
                0x0000c308                WAIT1_Wait10Cycles
 .text.WAIT1_Wait100Cycles
                0x0000c310       0x1c ./Generated_Code/WAIT1.o
                0x0000c310                WAIT1_Wait100Cycles
 .text.WAIT1_WaitCycles
                0x0000c32c       0x34 ./Generated_Code/WAIT1.o
                0x0000c32c                WAIT1_WaitCycles
 .text.WAIT1_WaitLongCycles
                0x0000c360       0x38 ./Generated_Code/WAIT1.o
                0x0000c360                WAIT1_WaitLongCycles
 .text.WAIT1_Waitms
                0x0000c398       0x2c ./Generated_Code/WAIT1.o
                0x0000c398                WAIT1_Waitms
 .text.round    0x0000c3c4       0x9c c:/freescale/kds_v3/toolchain/bin/../lib/gcc/arm-none-eabi/4.8.4/../../../../arm-none-eabi/lib/armv7e-m\libm.a(lib_a-s_round.o)
                0x0000c3c4                round
 .text.pow      0x0000c460      0x2f8 c:/freescale/kds_v3/toolchain/bin/../lib/gcc/arm-none-eabi/4.8.4/../../../../arm-none-eabi/lib/armv7e-m\libm.a(lib_a-w_pow.o)
                0x0000c460                pow
 .text.__ieee754_pow
                0x0000c758      0xa78 c:/freescale/kds_v3/toolchain/bin/../lib/gcc/arm-none-eabi/4.8.4/../../../../arm-none-eabi/lib/armv7e-m\libm.a(lib_a-e_pow.o)
                0x0000c758                __ieee754_pow
 .text.__ieee754_sqrt
                0x0000d1d0      0x180 c:/freescale/kds_v3/toolchain/bin/../lib/gcc/arm-none-eabi/4.8.4/../../../../arm-none-eabi/lib/armv7e-m\libm.a(lib_a-e_sqrt.o)
                0x0000d1d0                __ieee754_sqrt
 .text.fabs     0x0000d350        0x8 c:/freescale/kds_v3/toolchain/bin/../lib/gcc/arm-none-eabi/4.8.4/../../../../arm-none-eabi/lib/armv7e-m\libm.a(lib_a-s_fabs.o)
                0x0000d350                fabs
 .text.finite   0x0000d358        0xc c:/freescale/kds_v3/toolchain/bin/../lib/gcc/arm-none-eabi/4.8.4/../../../../arm-none-eabi/lib/armv7e-m\libm.a(lib_a-s_finite.o)
                0x0000d358                finite
 .text.__fpclassifyd
                0x0000d364       0x50 c:/freescale/kds_v3/toolchain/bin/../lib/gcc/arm-none-eabi/4.8.4/../../../../arm-none-eabi/lib/armv7e-m\libm.a(lib_a-s_fpclassify.o)
                0x0000d364                __fpclassifyd
 .text.matherr  0x0000d3b4        0x4 c:/freescale/kds_v3/toolchain/bin/../lib/gcc/arm-none-eabi/4.8.4/../../../../arm-none-eabi/lib/armv7e-m\libm.a(lib_a-s_matherr.o)
                0x0000d3b4                matherr
 .text.nan      0x0000d3b8        0xc c:/freescale/kds_v3/toolchain/bin/../lib/gcc/arm-none-eabi/4.8.4/../../../../arm-none-eabi/lib/armv7e-m\libm.a(lib_a-s_nan.o)
                0x0000d3b8                nan
 .text.rint     0x0000d3c4      0x118 c:/freescale/kds_v3/toolchain/bin/../lib/gcc/arm-none-eabi/4.8.4/../../../../arm-none-eabi/lib/armv7e-m\libm.a(lib_a-s_rint.o)
                0x0000d3c4                rint
 *fill*         0x0000d4dc        0x4 
 .text.scalbn   0x0000d4e0      0x118 c:/freescale/kds_v3/toolchain/bin/../lib/gcc/arm-none-eabi/4.8.4/../../../../arm-none-eabi/lib/armv7e-m\libm.a(lib_a-s_scalbn.o)
                0x0000d4e0                scalbn
 .text.copysign
                0x0000d5f8       0x14 c:/freescale/kds_v3/toolchain/bin/../lib/gcc/arm-none-eabi/4.8.4/../../../../arm-none-eabi/lib/armv7e-m\libm.a(lib_a-s_copysign.o)
                0x0000d5f8                copysign
 .text.abort    0x0000d60c        0xe c:/freescale/kds_v3/toolchain/bin/../lib/gcc/arm-none-eabi/4.8.4/../../../../arm-none-eabi/lib/armv7e-m\libg_s.a(lib_a-abort.o)
                0x0000d60c                abort
 *fill*         0x0000d61a        0x2 
 .text.__errno  0x0000d61c        0xc c:/freescale/kds_v3/toolchain/bin/../lib/gcc/arm-none-eabi/4.8.4/../../../../arm-none-eabi/lib/armv7e-m\libg_s.a(lib_a-errno.o)
                0x0000d61c                __errno
 .text.exit     0x0000d628       0x28 c:/freescale/kds_v3/toolchain/bin/../lib/gcc/arm-none-eabi/4.8.4/../../../../arm-none-eabi/lib/armv7e-m\libg_s.a(lib_a-exit.o)
                0x0000d628                exit
 .text.__libc_init_array
                0x0000d650       0x4c c:/freescale/kds_v3/toolchain/bin/../lib/gcc/arm-none-eabi/4.8.4/../../../../arm-none-eabi/lib/armv7e-m\libg_s.a(lib_a-init.o)
                0x0000d650                __libc_init_array
 .text.memcpy   0x0000d69c       0x12 c:/freescale/kds_v3/toolchain/bin/../lib/gcc/arm-none-eabi/4.8.4/../../../../arm-none-eabi/lib/armv7e-m\libg_s.a(lib_a-memcpy-stub.o)
                0x0000d69c                memcpy
 .text.memset   0x0000d6ae       0x10 c:/freescale/kds_v3/toolchain/bin/../lib/gcc/arm-none-eabi/4.8.4/../../../../arm-none-eabi/lib/armv7e-m\libg_s.a(lib_a-memset.o)
                0x0000d6ae                memset
 .text._raise_r
                0x0000d6be       0x50 c:/freescale/kds_v3/toolchain/bin/../lib/gcc/arm-none-eabi/4.8.4/../../../../arm-none-eabi/lib/armv7e-m\libg_s.a(lib_a-signal.o)
                0x0000d6be                _raise_r
 *fill*         0x0000d70e        0x2 
 .text.raise    0x0000d710       0x10 c:/freescale/kds_v3/toolchain/bin/../lib/gcc/arm-none-eabi/4.8.4/../../../../arm-none-eabi/lib/armv7e-m\libg_s.a(lib_a-signal.o)
                0x0000d710                raise
 .text._kill_r  0x0000d720       0x24 c:/freescale/kds_v3/toolchain/bin/../lib/gcc/arm-none-eabi/4.8.4/../../../../arm-none-eabi/lib/armv7e-m\libg_s.a(lib_a-signalr.o)
                0x0000d720                _kill_r
 .text._getpid_r
                0x0000d744        0x4 c:/freescale/kds_v3/toolchain/bin/../lib/gcc/arm-none-eabi/4.8.4/../../../../arm-none-eabi/lib/armv7e-m\libg_s.a(lib_a-signalr.o)
                0x0000d744                _getpid_r
 .text.strlen   0x0000d748       0x10 c:/freescale/kds_v3/toolchain/bin/../lib/gcc/arm-none-eabi/4.8.4/../../../../arm-none-eabi/lib/armv7e-m\libg_s.a(lib_a-strlen.o)
                0x0000d748                strlen
 .text._vsprintf_r
                0x0000d758       0x30 c:/freescale/kds_v3/toolchain/bin/../lib/gcc/arm-none-eabi/4.8.4/../../../../arm-none-eabi/lib/armv7e-m\libg_s.a(lib_a-vsprintf.o)
                0x0000d758                _vsprintf_r
                0x0000d758                _vsiprintf_r
 .text.vsprintf
                0x0000d788       0x1c c:/freescale/kds_v3/toolchain/bin/../lib/gcc/arm-none-eabi/4.8.4/../../../../arm-none-eabi/lib/armv7e-m\libg_s.a(lib_a-vsprintf.o)
                0x0000d788                vsiprintf
                0x0000d788                vsprintf
 .text._malloc_r
                0x0000d7a4       0xa8 c:/freescale/kds_v3/toolchain/bin/../lib/gcc/arm-none-eabi/4.8.4/../../../../arm-none-eabi/lib/armv7e-m\libg_s.a(lib_a-nano-mallocr.o)
                0x0000d7a4                _malloc_r
 .text._sbrk_r  0x0000d84c       0x20 c:/freescale/kds_v3/toolchain/bin/../lib/gcc/arm-none-eabi/4.8.4/../../../../arm-none-eabi/lib/armv7e-m\libg_s.a(lib_a-sbrkr.o)
                0x0000d84c                _sbrk_r
 .text.__ssputs_r
                0x0000d86c       0xb8 c:/freescale/kds_v3/toolchain/bin/../lib/gcc/arm-none-eabi/4.8.4/../../../../arm-none-eabi/lib/armv7e-m\libg_s.a(lib_a-svfprintf.o)
                0x0000d86c                __ssputs_r
 .text._svfprintf_r
                0x0000d924      0x1dc c:/freescale/kds_v3/toolchain/bin/../lib/gcc/arm-none-eabi/4.8.4/../../../../arm-none-eabi/lib/armv7e-m\libg_s.a(lib_a-svfprintf.o)
                0x0000d924                _svfiprintf_r
                0x0000d924                _svfprintf_r
 .text._printf_common
                0x0000db00       0xe4 c:/freescale/kds_v3/toolchain/bin/../lib/gcc/arm-none-eabi/4.8.4/../../../../arm-none-eabi/lib/armv7e-m\libg_s.a(lib_a-vfprintf_i.o)
                0x0000db00                _printf_common
 .text._printf_i
                0x0000dbe4      0x228 c:/freescale/kds_v3/toolchain/bin/../lib/gcc/arm-none-eabi/4.8.4/../../../../arm-none-eabi/lib/armv7e-m\libg_s.a(lib_a-vfprintf_i.o)
                0x0000dbe4                _printf_i
 .text.memchr   0x0000de0c       0x1e c:/freescale/kds_v3/toolchain/bin/../lib/gcc/arm-none-eabi/4.8.4/../../../../arm-none-eabi/lib/armv7e-m\libg_s.a(lib_a-memchr-stub.o)
                0x0000de0c                memchr
 .text.memmove  0x0000de2a       0x36 c:/freescale/kds_v3/toolchain/bin/../lib/gcc/arm-none-eabi/4.8.4/../../../../arm-none-eabi/lib/armv7e-m\libg_s.a(lib_a-memmove.o)
                0x0000de2a                memmove
 .text._free_r  0x0000de60       0x88 c:/freescale/kds_v3/toolchain/bin/../lib/gcc/arm-none-eabi/4.8.4/../../../../arm-none-eabi/lib/armv7e-m\libg_s.a(lib_a-nano-freer.o)
                0x0000de60                _free_r
 .text._realloc_r
                0x0000dee8       0x4c c:/freescale/kds_v3/toolchain/bin/../lib/gcc/arm-none-eabi/4.8.4/../../../../arm-none-eabi/lib/armv7e-m\libg_s.a(lib_a-nano-reallocr.o)
                0x0000dee8                _realloc_r
 .text._malloc_usable_size_r
                0x0000df34       0x12 c:/freescale/kds_v3/toolchain/bin/../lib/gcc/arm-none-eabi/4.8.4/../../../../arm-none-eabi/lib/armv7e-m\libg_s.a(lib_a-nano-msizer.o)
                0x0000df34                _malloc_usable_size_r
 *fill*         0x0000df46        0x2 
 .text._getpid  0x0000df48       0x10 c:/freescale/kds_v3/toolchain/bin/../lib/gcc/arm-none-eabi/4.8.4/../../../../arm-none-eabi/lib/armv7e-m\libnosys.a(getpid.o)
                0x0000df48                _getpid
 .text._kill    0x0000df58       0x10 c:/freescale/kds_v3/toolchain/bin/../lib/gcc/arm-none-eabi/4.8.4/../../../../arm-none-eabi/lib/armv7e-m\libnosys.a(kill.o)
                0x0000df58                _kill
 .text._sbrk    0x0000df68       0x34 c:/freescale/kds_v3/toolchain/bin/../lib/gcc/arm-none-eabi/4.8.4/../../../../arm-none-eabi/lib/armv7e-m\libnosys.a(sbrk.o)
                0x0000df68                _sbrk
 .text._exit    0x0000df9c        0x4 c:/freescale/kds_v3/toolchain/bin/../lib/gcc/arm-none-eabi/4.8.4/../../../../arm-none-eabi/lib/armv7e-m\libnosys.a(_exit.o)
                0x0000df9c                _exit
 *(.rodata)
 .rodata        0x0000dfa0      0x584 ./Sources/display.o
 .rodata        0x0000e524       0x18 ./Sources/menu.o
 .rodata        0x0000e53c      0x27c ./Sources/protocol.o
 .rodata        0x0000e7b8      0x27c ./Sources/send.o
 *(.rodata*)
 .rodata.SafeRoutine
                0x0000ea34       0x30 ./Generated_Code/IntFlashLdd1.o
 .rodata.str1.4
                0x0000ea64        0x4 c:/freescale/kds_v3/toolchain/bin/../lib/gcc/arm-none-eabi/4.8.4/../../../../arm-none-eabi/lib/armv7e-m\libm.a(lib_a-w_pow.o)
 .rodata.dp_h   0x0000ea68       0x10 c:/freescale/kds_v3/toolchain/bin/../lib/gcc/arm-none-eabi/4.8.4/../../../../arm-none-eabi/lib/armv7e-m\libm.a(lib_a-e_pow.o)
 .rodata.dp_l   0x0000ea78       0x10 c:/freescale/kds_v3/toolchain/bin/../lib/gcc/arm-none-eabi/4.8.4/../../../../arm-none-eabi/lib/armv7e-m\libm.a(lib_a-e_pow.o)
 .rodata.bp     0x0000ea88       0x10 c:/freescale/kds_v3/toolchain/bin/../lib/gcc/arm-none-eabi/4.8.4/../../../../arm-none-eabi/lib/armv7e-m\libm.a(lib_a-e_pow.o)
 .rodata.str1.4
                0x0000ea98        0x4 c:/freescale/kds_v3/toolchain/bin/../lib/gcc/arm-none-eabi/4.8.4/../../../../arm-none-eabi/lib/armv7e-m\libm.a(lib_a-e_pow.o)
 *fill*         0x0000ea9c        0x4 
 .rodata.TWO52  0x0000eaa0       0x10 c:/freescale/kds_v3/toolchain/bin/../lib/gcc/arm-none-eabi/4.8.4/../../../../arm-none-eabi/lib/armv7e-m\libm.a(lib_a-s_rint.o)
 .rodata.str1.1
                0x0000eab0        0x2 c:/freescale/kds_v3/toolchain/bin/../lib/gcc/arm-none-eabi/4.8.4/../../../../arm-none-eabi/lib/armv7e-m\libg_s.a(lib_a-impure.o)
 *fill*         0x0000eab2        0x2 
 .rodata._global_impure_ptr
                0x0000eab4        0x4 c:/freescale/kds_v3/toolchain/bin/../lib/gcc/arm-none-eabi/4.8.4/../../../../arm-none-eabi/lib/armv7e-m\libg_s.a(lib_a-impure.o)
                0x0000eab4                _global_impure_ptr
 .rodata.str1.1
                0x0000eab8       0x11 c:/freescale/kds_v3/toolchain/bin/../lib/gcc/arm-none-eabi/4.8.4/../../../../arm-none-eabi/lib/armv7e-m\libg_s.a(lib_a-svfprintf.o)
 .rodata.str1.1
                0x0000eac9       0x22 c:/freescale/kds_v3/toolchain/bin/../lib/gcc/arm-none-eabi/4.8.4/../../../../arm-none-eabi/lib/armv7e-m\libg_s.a(lib_a-vfprintf_i.o)
 *(.glue_7)
 .glue_7        0x00000000        0x0 linker stubs
 *(.glue_7t)
 .glue_7t       0x00000000        0x0 linker stubs
 *(.eh_frame)
 *fill*         0x0000eaeb        0x1 
 .eh_frame      0x0000eaec        0x0 c:/freescale/kds_v3/toolchain/bin/../lib/gcc/arm-none-eabi/4.8.4/armv7e-m/crtbegin.o
 *(.init)
 .init          0x0000eaec        0x4 c:/freescale/kds_v3/toolchain/bin/../lib/gcc/arm-none-eabi/4.8.4/armv7e-m/crti.o
                0x0000eaec                _init
 .init          0x0000eaf0        0x8 c:/freescale/kds_v3/toolchain/bin/../lib/gcc/arm-none-eabi/4.8.4/armv7e-m/crtn.o
 *(.fini)
 .fini          0x0000eaf8        0x4 c:/freescale/kds_v3/toolchain/bin/../lib/gcc/arm-none-eabi/4.8.4/armv7e-m/crti.o
                0x0000eaf8                _fini
 .fini          0x0000eafc        0x8 c:/freescale/kds_v3/toolchain/bin/../lib/gcc/arm-none-eabi/4.8.4/armv7e-m/crtn.o
                0x0000eb04                . = ALIGN (0x4)
                0x0000eb04                _etext = .

.vfp11_veneer   0x0000eb04        0x0
 .vfp11_veneer  0x00000000        0x0 linker stubs

.v4_bx          0x0000eb04        0x0
 .v4_bx         0x00000000        0x0 linker stubs

.iplt           0x0000eb04        0x0
 .iplt          0x00000000        0x0 c:/freescale/kds_v3/toolchain/bin/../lib/gcc/arm-none-eabi/4.8.4/armv7e-m/crtbegin.o

.ARM.extab      0x0000eb04      0x294
 *(.ARM.extab* .gnu.linkonce.armextab.*)
 .ARM.extab.text.LCD_command
                0x0000eb04        0xc ./Sources/LCD.o
 .ARM.extab.text.LCD_Set_Cursor
                0x0000eb10        0xc ./Sources/LCD.o
 .ARM.extab.text.LCD_Write
                0x0000eb1c        0xc ./Sources/LCD.o
 .ARM.extab.text.load_custom_char
                0x0000eb28        0xc ./Sources/LCD.o
 .ARM.extab.text.LCD_Write_At
                0x0000eb34        0xc ./Sources/LCD.o
 .ARM.extab.text.LCD_Write_Block
                0x0000eb40        0xc ./Sources/LCD.o
 .ARM.extab.text.PCA9670_SendByte
                0x0000eb4c        0xc ./Sources/PCA9670.o
 .ARM.extab.text.select_cue
                0x0000eb58        0xc ./Sources/cue.o
 .ARM.extab.text.print_float_at
                0x0000eb64        0xc ./Sources/display.o
 .ARM.extab.text.print_int_at
                0x0000eb70        0xc ./Sources/display.o
 .ARM.extab.text.print_cue_array
                0x0000eb7c        0xc ./Sources/display.o
 .ARM.extab.text.print_all_cue
                0x0000eb88        0xc ./Sources/display.o
 .ARM.extab.text.load_char
                0x0000eb94        0xc ./Sources/display.o
 .ARM.extab.text.menu_init
                0x0000eba0        0xc ./Sources/display.o
 .ARM.extab.text.refresh
                0x0000ebac        0xc ./Sources/display.o
 .ARM.extab.text.select
                0x0000ebb8        0xc ./Sources/display.o
 .ARM.extab.text.back
                0x0000ebc4        0xc ./Sources/display.o
 .ARM.extab.text.controle_mode_display
                0x0000ebd0        0xc ./Sources/display.o
 .ARM.extab.text.update_icon_dir
                0x0000ebdc        0xc ./Sources/display.o
 .ARM.extab.text.refresh_fct
                0x0000ebe8        0xc ./Sources/display.o
 .ARM.extab.text.velocity_fct
                0x0000ebf4        0xc ./Sources/display.o
 .ARM.extab.text.pos_position_fct
                0x0000ec00        0xc ./Sources/display.o
 .ARM.extab.text.torque_fct
                0x0000ec0c        0xc ./Sources/display.o
 .ARM.extab.text.pos_play_cue_fct
                0x0000ec18        0xc ./Sources/display.o
 .ARM.extab.text.pos_rec_cue_fct
                0x0000ec24        0xc ./Sources/display.o
 .ARM.extab.text.pos_mod_cue_fct
                0x0000ec30        0xc ./Sources/display.o
 .ARM.extab.text.pos_del_cue_fct
                0x0000ec3c        0xc ./Sources/display.o
 .ARM.extab.text.vel_play_cue_fct
                0x0000ec48        0xc ./Sources/display.o
 .ARM.extab.text.vel_rec_cue_fct
                0x0000ec54        0xc ./Sources/display.o
 .ARM.extab.text.vel_mod_cue_fct
                0x0000ec60        0xc ./Sources/display.o
 .ARM.extab.text.vel_del_cue_fct
                0x0000ec6c        0xc ./Sources/display.o
 .ARM.extab.text.load_cue
                0x0000ec78        0xc ./Sources/eeprom.o
 .ARM.extab.text.write_cue
                0x0000ec84        0xc ./Sources/eeprom.o
 .ARM.extab.text.erase_cue
                0x0000ec90        0xc ./Sources/eeprom.o
 .ARM.extab.text.get_slot_saved
                0x0000ec9c        0xc ./Sources/eeprom.o
 .ARM.extab.text.get_cue_values
                0x0000eca8        0xc ./Sources/eeprom.o
 .ARM.extab.text.print_menu
                0x0000ecb4        0xc ./Sources/menu.o
 .ARM.extab.text.print_sub_menu
                0x0000ecc0        0xc ./Sources/menu.o
 .ARM.extab.text.print_sub_menu2
                0x0000eccc        0xc ./Sources/menu.o
 .ARM.extab.text.menu_select
                0x0000ecd8        0xc ./Sources/menu.o
 .ARM.extab.text.menu_back
                0x0000ece4        0xc ./Sources/menu.o
 .ARM.extab.text.refresh_menu
                0x0000ecf0        0xc ./Sources/menu.o
 .ARM.extab.text.serial_send_block
                0x0000ecfc        0xc ./Sources/protocol.o
 .ARM.extab.text.serial_send_float
                0x0000ed08        0xc ./Sources/protocol.o
 .ARM.extab.text.serial_send_int
                0x0000ed14        0xc ./Sources/protocol.o
 .ARM.extab.text.serial_send_string
                0x0000ed20        0xc ./Sources/protocol.o
 .ARM.extab.text.serial_send_char
                0x0000ed2c        0xc ./Sources/protocol.o
 .ARM.extab.text.msg_parse
                0x0000ed38        0xc ./Sources/protocol.o
 .ARM.extab.text.msg_processing
                0x0000ed44        0xc ./Sources/protocol.o
 .ARM.extab.text.Send_Control_Mode
                0x0000ed50        0xc ./Sources/send.o
 .ARM.extab.text.send_fct
                0x0000ed5c        0xc ./Sources/send.o
 .ARM.extab.text.get_update_value
                0x0000ed68        0xc ./Sources/send.o
 .ARM.extab     0x0000ed74        0xc c:/freescale/kds_v3/toolchain/bin/../lib/gcc/arm-none-eabi/4.8.4/armv7e-m\libgcc.a(unwind-arm.o)
 .ARM.extab     0x0000ed80       0x18 c:/freescale/kds_v3/toolchain/bin/../lib/gcc/arm-none-eabi/4.8.4/armv7e-m\libgcc.a(pr-support.o)

.ARM            0x0000ed98      0x2e8
                0x0000ed98                __exidx_start = .
 *(.ARM.exidx*)
 .ARM.exidx     0x0000ed98        0x8 c:/freescale/kds_v3/toolchain/bin/../lib/gcc/arm-none-eabi/4.8.4/../../../../arm-none-eabi/lib/armv7e-m/crt0.o
 .ARM.exidx.text.LCD_Init
                0x0000ee60        0x8 ./Sources/LCD.o
 .ARM.exidx.text.LCD_command
                0x0000ee68        0x8 ./Sources/LCD.o
 .ARM.exidx.text.LCD_Set_Cursor
                0x0000ee70        0x8 ./Sources/LCD.o
 .ARM.exidx.text.LCD_Write
                0x0000ee78        0x8 ./Sources/LCD.o
 .ARM.exidx.text.load_custom_char
                0x0000ee80        0x8 ./Sources/LCD.o
 .ARM.exidx.text.LCD_Write_At
                0x0000ee88        0x8 ./Sources/LCD.o
 .ARM.exidx.text.LCD_Write_Block
                0x0000ee90        0x8 ./Sources/LCD.o
 .ARM.exidx.text.PCA9670_Init
                0x0000ee98        0x8 ./Sources/PCA9670.o
 .ARM.exidx.text.PCA9670_SendByte
                0x0000eea0        0x8 ./Sources/PCA9670.o
 .ARM.exidx.text.select_cue
                0x0000eea8        0x8 ./Sources/cue.o
 .ARM.exidx.text.vspfunc
                0x0000eeb0        0x8 ./Sources/display.o
 .ARM.exidx.text.print_float_at
                0x0000eeb8        0x8 ./Sources/display.o
 .ARM.exidx.text.print_int_at
                0x0000eec0        0x8 ./Sources/display.o
 .ARM.exidx.text.print_cue_array
                0x0000eec8        0x8 ./Sources/display.o
 .ARM.exidx.text.print_all_cue
                0x0000eed0        0x8 ./Sources/display.o
 .ARM.exidx.text.load_char
                0x0000eed8        0x8 ./Sources/display.o
 .ARM.exidx.text.menu_init
                0x0000eee0        0x8 ./Sources/display.o
 .ARM.exidx.text.refresh
                0x0000eee8        0x8 ./Sources/display.o
 .ARM.exidx.text.select
                0x0000eef0        0x8 ./Sources/display.o
 .ARM.exidx.text.back
                0x0000eef8        0x8 ./Sources/display.o
 .ARM.exidx.text.controle_mode_display
                0x0000ef00        0x8 ./Sources/display.o
 .ARM.exidx.text.control_mode_fct
                0x0000ef08        0x8 ./Sources/display.o
 .ARM.exidx.text.update_icon_dir
                0x0000ef10        0x8 ./Sources/display.o
 .ARM.exidx.text.update_icon_drive_enable
                0x0000ef18        0x8 ./Sources/display.o
 .ARM.exidx.text.refresh_fct
                0x0000ef20        0x8 ./Sources/display.o
 .ARM.exidx.text.velocity_fct
                0x0000ef28        0x8 ./Sources/display.o
 .ARM.exidx.text.acceleration_fct
                0x0000ef30        0x8 ./Sources/display.o
 .ARM.exidx.text.deceleration_fct
                0x0000ef38        0x0 ./Sources/display.o
                                  0x8 (size before relaxing)
 .ARM.exidx.text.back_fct
                0x0000ef38        0x0 ./Sources/display.o
                                  0x8 (size before relaxing)
 .ARM.exidx.text.pos_position_fct
                0x0000ef38        0x8 ./Sources/display.o
 .ARM.exidx.text.pos_velocity_fct
                0x0000ef40        0x8 ./Sources/display.o
 .ARM.exidx.text.pos_acceleration_fct
                0x0000ef48        0x0 ./Sources/display.o
                                  0x8 (size before relaxing)
 .ARM.exidx.text.pos_deceleration_fct
                0x0000ef48        0x0 ./Sources/display.o
                                  0x8 (size before relaxing)
 .ARM.exidx.text.pos_set_home_fct
                0x0000ef48        0x0 ./Sources/display.o
                                  0x8 (size before relaxing)
 .ARM.exidx.text.torque_fct
                0x0000ef48        0x8 ./Sources/display.o
 .ARM.exidx.text.torque_rise_fct
                0x0000ef50        0x8 ./Sources/display.o
 .ARM.exidx.text.torque_fall_fct
                0x0000ef58        0x0 ./Sources/display.o
                                  0x8 (size before relaxing)
 .ARM.exidx.text.pos_play_cue_fct
                0x0000ef58        0x8 ./Sources/display.o
 .ARM.exidx.text.pos_rec_cue_fct
                0x0000ef60        0x8 ./Sources/display.o
 .ARM.exidx.text.pos_mod_cue_fct
                0x0000ef68        0x8 ./Sources/display.o
 .ARM.exidx.text.pos_del_cue_fct
                0x0000ef70        0x8 ./Sources/display.o
 .ARM.exidx.text.vel_play_cue_fct
                0x0000ef78        0x8 ./Sources/display.o
 .ARM.exidx.text.vel_rec_cue_fct
                0x0000ef80        0x8 ./Sources/display.o
 .ARM.exidx.text.vel_mod_cue_fct
                0x0000ef88        0x8 ./Sources/display.o
 .ARM.exidx.text.vel_del_cue_fct
                0x0000ef90        0x8 ./Sources/display.o
 .ARM.exidx.text.short_cut_position_menu
                0x0000ef98        0x8 ./Sources/display.o
 .ARM.exidx.text._Z41__static_initialization_and_destruction_0ii
                0x0000efa0        0x8 ./Sources/display.o
 .ARM.exidx.text._GLOBAL__sub_I_buffer
                0x0000efa8        0x0 ./Sources/display.o
                                  0x8 (size before relaxing)
 .ARM.exidx.text.load_cue
                0x0000efa8        0x8 ./Sources/eeprom.o
 .ARM.exidx.text.write_cue
                0x0000efb0        0x8 ./Sources/eeprom.o
 .ARM.exidx.text.erase_cue
                0x0000efb8        0x8 ./Sources/eeprom.o
 .ARM.exidx.text.get_slot_saved
                0x0000efc0        0x8 ./Sources/eeprom.o
 .ARM.exidx.text.get_cue_values
                0x0000efc8       0x10 ./Sources/eeprom.o
                                  0x8 (size before relaxing)
 .ARM.exidx.text.init_menu
                0x0000efd8        0x0 ./Sources/menu.o
                                  0x8 (size before relaxing)
 .ARM.exidx.text.init_sub_menu
                0x0000efd8        0x0 ./Sources/menu.o
                                  0x8 (size before relaxing)
 .ARM.exidx.text.init_sub_menu2
                0x0000efd8        0x0 ./Sources/menu.o
                                  0x8 (size before relaxing)
 .ARM.exidx.text.init_menu_list
                0x0000efd8        0x0 ./Sources/menu.o
                                  0x8 (size before relaxing)
 .ARM.exidx.text.init_sub_menu_list
                0x0000efd8        0x0 ./Sources/menu.o
                                  0x8 (size before relaxing)
 .ARM.exidx.text.init_sub_menu2_list
                0x0000efd8        0x0 ./Sources/menu.o
                                  0x8 (size before relaxing)
 .ARM.exidx.text.print_menu
                0x0000efd8        0x8 ./Sources/menu.o
 .ARM.exidx.text.print_sub_menu
                0x0000efe0        0x8 ./Sources/menu.o
 .ARM.exidx.text.print_sub_menu2
                0x0000efe8        0x8 ./Sources/menu.o
 .ARM.exidx.text.menu_select
                0x0000eff0        0x8 ./Sources/menu.o
 .ARM.exidx.text.menu_back
                0x0000eff8        0x8 ./Sources/menu.o
 .ARM.exidx.text.refresh_menu
                0x0000f000        0x8 ./Sources/menu.o
 .ARM.exidx.text.void_function
                0x0000f008        0x8 ./Sources/menu.o
 .ARM.exidx.text.parameters_init
                0x0000f010        0x0 ./Sources/parameters.o
                                  0x8 (size before relaxing)
 .ARM.exidx.text.convert
                0x0000f010        0x0 ./Sources/parameters.o
                                  0x8 (size before relaxing)
 .ARM.exidx.text.serial_send_block
                0x0000f010        0x8 ./Sources/protocol.o
 .ARM.exidx.text.serial_send_float
                0x0000f018        0x8 ./Sources/protocol.o
 .ARM.exidx.text.serial_send_int
                0x0000f020        0x8 ./Sources/protocol.o
 .ARM.exidx.text.serial_send_string
                0x0000f028        0x8 ./Sources/protocol.o
 .ARM.exidx.text.serial_send_char
                0x0000f030        0x8 ./Sources/protocol.o
 .ARM.exidx.text.serial_send_end
                0x0000f038        0x8 ./Sources/protocol.o
 .ARM.exidx.text.msg_parse
                0x0000f040        0x8 ./Sources/protocol.o
 .ARM.exidx.text.msg_processing
                0x0000f048        0x8 ./Sources/protocol.o
 .ARM.exidx.text.Send_Control_Mode
                0x0000f050        0x8 ./Sources/send.o
 .ARM.exidx.text.send_fct
                0x0000f058        0x8 ./Sources/send.o
 .ARM.exidx.text.get_update_drive_en
                0x0000f060        0x8 ./Sources/send.o
 .ARM.exidx.text.get_update_value
                0x0000f068        0x8 ./Sources/send.o
 .ARM.exidx.text.send_stop
                0x0000f070        0x8 ./Sources/send.o
 .ARM.exidx.text.send_velocity_cue
                0x0000f078        0x0 ./Sources/send.o
                                  0x8 (size before relaxing)
 .ARM.exidx.text.send_position_cue
                0x0000f078        0x0 ./Sources/send.o
                                  0x8 (size before relaxing)
 .ARM.exidx.text.velocity_processing
                0x0000f078        0x8 ./Sources/send.o
 .ARM.exidx.text.velocity_ref_processing
                0x0000f080        0x0 ./Sources/send.o
                                  0x8 (size before relaxing)
 .ARM.exidx.text.acceleration_processing
                0x0000f080        0x0 ./Sources/send.o
                                  0x8 (size before relaxing)
 .ARM.exidx.text.deceleration_processing
                0x0000f080        0x0 ./Sources/send.o
                                  0x8 (size before relaxing)
 .ARM.exidx.text.torque_processing
                0x0000f080        0x0 ./Sources/send.o
                                  0x8 (size before relaxing)
 .ARM.exidx.text.torque_rise_processing
                0x0000f080        0x0 ./Sources/send.o
                                  0x8 (size before relaxing)
 .ARM.exidx.text.torque_fall_processing
                0x0000f080        0x0 ./Sources/send.o
                                  0x8 (size before relaxing)
 .ARM.exidx.text.control_mode_processing
                0x0000f080        0x0 ./Sources/send.o
                                  0x8 (size before relaxing)
 .ARM.exidx.text.drive_enable_processing
                0x0000f080        0x0 ./Sources/send.o
                                  0x8 (size before relaxing)
 .ARM.exidx     0x0000eda0       0x88 c:/freescale/kds_v3/toolchain/bin/../lib/gcc/arm-none-eabi/4.8.4/armv7e-m\libgcc.a(unwind-arm.o)
                                 0xd8 (size before relaxing)
 .ARM.exidx     0x0000ee28       0x38 c:/freescale/kds_v3/toolchain/bin/../lib/gcc/arm-none-eabi/4.8.4/armv7e-m\libgcc.a(pr-support.o)
                                 0x48 (size before relaxing)
                0x0000f080                __exidx_end = .

.rel.dyn        0x0000f080        0x0
 .rel.iplt      0x00000000        0x0 c:/freescale/kds_v3/toolchain/bin/../lib/gcc/arm-none-eabi/4.8.4/armv7e-m/crtbegin.o

.ctors          0x0000f080        0x0
                0x0000f080                __CTOR_LIST__ = .
 *crtbegin.o(.ctors)
 *(EXCLUDE_FILE(*crtend.o) .ctors)
 *(SORT(.ctors.*))
 *(.ctors)
                0x0000f080                __CTOR_END__ = .

.dtors          0x0000f080        0x0
                0x0000f080                __DTOR_LIST__ = .
 *crtbegin.o(.dtors)
 *(EXCLUDE_FILE(*crtend.o) .dtors)
 *(SORT(.dtors.*))
 *(.dtors)
                0x0000f080                __DTOR_END__ = .

.preinit_array  0x0000f080        0x0
                0x0000f080                PROVIDE (__preinit_array_start, .)
 *(.preinit_array*)
                0x0000f080                PROVIDE (__preinit_array_end, .)

.init_array     0x0000f080        0x8
                0x0000f080                PROVIDE (__init_array_start, .)
 *(SORT(.init_array.*))
 *(.init_array*)
 .init_array    0x0000f080        0x4 c:/freescale/kds_v3/toolchain/bin/../lib/gcc/arm-none-eabi/4.8.4/armv7e-m/crtbegin.o
 .init_array    0x0000f084        0x4 ./Sources/display.o
                0x0000f088                PROVIDE (__init_array_end, .)

.fini_array     0x0000f088        0x4
                0x0000f088                PROVIDE (__fini_array_start, .)
 *(SORT(.fini_array.*))
 *(.fini_array*)
 .fini_array    0x0000f088        0x4 c:/freescale/kds_v3/toolchain/bin/../lib/gcc/arm-none-eabi/4.8.4/armv7e-m/crtbegin.o
                0x0000f08c                PROVIDE (__fini_array_end, .)
                0x0000f08c                ___ROM_AT = .

.data           0x1fff8000       0xec load address 0x0000f08c
                0x1fff8000                . = ALIGN (0x4)
                0x1fff8000                _sdata = .
 *(.data)
 *(.data*)
 .data._ZL6Get_OK
                0x1fff8000        0x4 ./Sources/protocol.o
 .data._ZL7Get_ERR
                0x1fff8004        0x4 ./Sources/protocol.o
 .data._ZL6Set_OK
                0x1fff8008        0x4 ./Sources/protocol.o
 .data._ZL7Set_ERR
                0x1fff800c        0x4 ./Sources/protocol.o
 .data._ZL8Velocity
                0x1fff8010        0x4 ./Sources/protocol.o
 .data._ZL12Velocity_ref
                0x1fff8014        0x4 ./Sources/protocol.o
 .data._ZL8Set_Home
                0x1fff8018        0x4 ./Sources/protocol.o
 .data._ZL12Acceleration
                0x1fff801c        0x4 ./Sources/protocol.o
 .data._ZL12Deceleration
                0x1fff8020        0x4 ./Sources/protocol.o
 .data._ZL6Torque
                0x1fff8024        0x4 ./Sources/protocol.o
 .data._ZL11Torque_rise
                0x1fff8028        0x4 ./Sources/protocol.o
 .data._ZL11Torque_fall
                0x1fff802c        0x4 ./Sources/protocol.o
 .data._ZL4Stop
                0x1fff8030        0x4 ./Sources/protocol.o
 .data._ZL12Drive_Enable
                0x1fff8034        0x4 ./Sources/protocol.o
 .data._ZL12Control_Mode
                0x1fff8038        0x4 ./Sources/protocol.o
 .data._ZL3Get  0x1fff803c        0x4 ./Sources/send.o
 .data._ZL3Set  0x1fff8040        0x4 ./Sources/send.o
 .data._ZL8Velocity
                0x1fff8044        0x4 ./Sources/send.o
 .data._ZL12Velocity_ref
                0x1fff8048        0x4 ./Sources/send.o
 .data._ZL8Position
                0x1fff804c        0x4 ./Sources/send.o
 .data._ZL12Position_ref
                0x1fff8050        0x4 ./Sources/send.o
 .data._ZL6Pos_go
                0x1fff8054        0x4 ./Sources/send.o
 .data._ZL8Set_Home
                0x1fff8058        0x4 ./Sources/send.o
 .data._ZL7Go_Home
                0x1fff805c        0x4 ./Sources/send.o
 .data._ZL12Acceleration
                0x1fff8060        0x4 ./Sources/send.o
 .data._ZL12Deceleration
                0x1fff8064        0x4 ./Sources/send.o
 .data._ZL6Torque
                0x1fff8068        0x4 ./Sources/send.o
 .data._ZL10Torque_ref
                0x1fff806c        0x4 ./Sources/send.o
 .data._ZL11Torque_rise
                0x1fff8070        0x4 ./Sources/send.o
 .data._ZL11Torque_fall
                0x1fff8074        0x4 ./Sources/send.o
 .data._ZL4Stop
                0x1fff8078        0x4 ./Sources/send.o
 .data._ZL12Drive_Enable
                0x1fff807c        0x4 ./Sources/send.o
 .data._ZL12Control_Mode
                0x1fff8080        0x4 ./Sources/send.o
 .data.__fdlib_version
                0x1fff8084        0x1 c:/freescale/kds_v3/toolchain/bin/../lib/gcc/arm-none-eabi/4.8.4/../../../../arm-none-eabi/lib/armv7e-m\libm.a(lib_a-s_lib_ver.o)
                0x1fff8084                __fdlib_version
 *fill*         0x1fff8085        0x3 
 .data.impure_data
                0x1fff8088       0x60 c:/freescale/kds_v3/toolchain/bin/../lib/gcc/arm-none-eabi/4.8.4/../../../../arm-none-eabi/lib/armv7e-m\libg_s.a(lib_a-impure.o)
 .data._impure_ptr
                0x1fff80e8        0x4 c:/freescale/kds_v3/toolchain/bin/../lib/gcc/arm-none-eabi/4.8.4/../../../../arm-none-eabi/lib/armv7e-m\libg_s.a(lib_a-impure.o)
                0x1fff80e8                _impure_ptr
                0x1fff80ec                . = ALIGN (0x4)
                0x1fff80ec                _edata = .
                0x000000ec                ___data_size = (_edata - _sdata)
                0x0000f178                ___m_data_20000000_ROMStart = (___ROM_AT + SIZEOF (.data))

.jcr            0x1fff80ec        0x0 load address 0x0000f178
 .jcr           0x1fff80ec        0x0 c:/freescale/kds_v3/toolchain/bin/../lib/gcc/arm-none-eabi/4.8.4/armv7e-m/crtbegin.o

.igot.plt       0x1fff80ec        0x0 load address 0x0000f178
 .igot.plt      0x00000000        0x0 c:/freescale/kds_v3/toolchain/bin/../lib/gcc/arm-none-eabi/4.8.4/armv7e-m/crtbegin.o

.m_data_20000000
                0x20000000        0x0 load address 0x0000f178
                0x20000000                . = ALIGN (0x4)
                0x20000000                ___m_data_20000000_RAMStart = .
 *(.m_data_20000000)
                0x20000000                ___m_data_20000000_RAMEnd = .
                0x20000000                . = ALIGN (0x4)