Archive member included because of file (symbol)

c:/freescale/kds_v3/toolchain/bin/../lib/gcc/arm-none-eabi/4.8.4/armv7e-m\libgcc.a(unwind-arm.o)
                              ./Sources/LCD.o (__aeabi_unwind_cpp_pr0)
c:/freescale/kds_v3/toolchain/bin/../lib/gcc/arm-none-eabi/4.8.4/armv7e-m\libgcc.a(libunwind.o)
                              c:/freescale/kds_v3/toolchain/bin/../lib/gcc/arm-none-eabi/4.8.4/armv7e-m\libgcc.a(unwind-arm.o) (restore_core_regs)
c:/freescale/kds_v3/toolchain/bin/../lib/gcc/arm-none-eabi/4.8.4/armv7e-m\libgcc.a(pr-support.o)
                              c:/freescale/kds_v3/toolchain/bin/../lib/gcc/arm-none-eabi/4.8.4/armv7e-m\libgcc.a(unwind-arm.o) (__gnu_unwind_execute)
c:/freescale/kds_v3/toolchain/bin/../lib/gcc/arm-none-eabi/4.8.4/../../../../arm-none-eabi/lib/armv7e-m\libg_s.a(lib_a-abort.o)
                              c:/freescale/kds_v3/toolchain/bin/../lib/gcc/arm-none-eabi/4.8.4/armv7e-m\libgcc.a(unwind-arm.o) (abort)
c:/freescale/kds_v3/toolchain/bin/../lib/gcc/arm-none-eabi/4.8.4/../../../../arm-none-eabi/lib/armv7e-m\libg_s.a(lib_a-exit.o)
                              c:/freescale/kds_v3/toolchain/bin/../lib/gcc/arm-none-eabi/4.8.4/../../../../arm-none-eabi/lib/armv7e-m/crt0.o (exit)
c:/freescale/kds_v3/toolchain/bin/../lib/gcc/arm-none-eabi/4.8.4/../../../../arm-none-eabi/lib/armv7e-m\libg_s.a(lib_a-impure.o)
                              c:/freescale/kds_v3/toolchain/bin/../lib/gcc/arm-none-eabi/4.8.4/../../../../arm-none-eabi/lib/armv7e-m\libg_s.a(lib_a-exit.o) (_global_impure_ptr)
c:/freescale/kds_v3/toolchain/bin/../lib/gcc/arm-none-eabi/4.8.4/../../../../arm-none-eabi/lib/armv7e-m\libg_s.a(lib_a-init.o)
                              c:/freescale/kds_v3/toolchain/bin/../lib/gcc/arm-none-eabi/4.8.4/../../../../arm-none-eabi/lib/armv7e-m/crt0.o (__libc_init_array)
c:/freescale/kds_v3/toolchain/bin/../lib/gcc/arm-none-eabi/4.8.4/../../../../arm-none-eabi/lib/armv7e-m\libg_s.a(lib_a-memcpy-stub.o)
                              c:/freescale/kds_v3/toolchain/bin/../lib/gcc/arm-none-eabi/4.8.4/armv7e-m\libgcc.a(unwind-arm.o) (memcpy)
c:/freescale/kds_v3/toolchain/bin/../lib/gcc/arm-none-eabi/4.8.4/../../../../arm-none-eabi/lib/armv7e-m\libg_s.a(lib_a-memset.o)
                              c:/freescale/kds_v3/toolchain/bin/../lib/gcc/arm-none-eabi/4.8.4/../../../../arm-none-eabi/lib/armv7e-m/crt0.o (memset)
c:/freescale/kds_v3/toolchain/bin/../lib/gcc/arm-none-eabi/4.8.4/../../../../arm-none-eabi/lib/armv7e-m\libg_s.a(lib_a-signal.o)
                              c:/freescale/kds_v3/toolchain/bin/../lib/gcc/arm-none-eabi/4.8.4/../../../../arm-none-eabi/lib/armv7e-m\libg_s.a(lib_a-abort.o) (raise)
c:/freescale/kds_v3/toolchain/bin/../lib/gcc/arm-none-eabi/4.8.4/../../../../arm-none-eabi/lib/armv7e-m\libg_s.a(lib_a-signalr.o)
                              c:/freescale/kds_v3/toolchain/bin/../lib/gcc/arm-none-eabi/4.8.4/../../../../arm-none-eabi/lib/armv7e-m\libg_s.a(lib_a-signal.o) (_kill_r)
c:/freescale/kds_v3/toolchain/bin/../lib/gcc/arm-none-eabi/4.8.4/../../../../arm-none-eabi/lib/armv7e-m\libg_s.a(lib_a-strcmp.o)
                              ./Sources/main.o (strcmp)
c:/freescale/kds_v3/toolchain/bin/../lib/gcc/arm-none-eabi/4.8.4/../../../../arm-none-eabi/lib/armv7e-m\libg_s.a(lib_a-strlen.o)
                              ./Sources/protocol.o (strlen)
c:/freescale/kds_v3/toolchain/bin/../lib/gcc/arm-none-eabi/4.8.4/../../../../arm-none-eabi/lib/armv7e-m\libg_s.a(lib_a-nano-mallocr.o)
                              c:/freescale/kds_v3/toolchain/bin/../lib/gcc/arm-none-eabi/4.8.4/../../../../arm-none-eabi/lib/armv7e-m\libg_s.a(lib_a-signal.o) (_malloc_r)
c:/freescale/kds_v3/toolchain/bin/../lib/gcc/arm-none-eabi/4.8.4/../../../../arm-none-eabi/lib/armv7e-m\libg_s.a(lib_a-reent.o)
                              c:/freescale/kds_v3/toolchain/bin/../lib/gcc/arm-none-eabi/4.8.4/../../../../arm-none-eabi/lib/armv7e-m\libg_s.a(lib_a-signalr.o) (errno)
c:/freescale/kds_v3/toolchain/bin/../lib/gcc/arm-none-eabi/4.8.4/../../../../arm-none-eabi/lib/armv7e-m\libg_s.a(lib_a-sbrkr.o)
                              c:/freescale/kds_v3/toolchain/bin/../lib/gcc/arm-none-eabi/4.8.4/../../../../arm-none-eabi/lib/armv7e-m\libg_s.a(lib_a-nano-mallocr.o) (_sbrk_r)
c:/freescale/kds_v3/toolchain/bin/../lib/gcc/arm-none-eabi/4.8.4/../../../../arm-none-eabi/lib/armv7e-m\libg_s.a(lib_a-nano-freer.o)
                              c:/freescale/kds_v3/toolchain/bin/../lib/gcc/arm-none-eabi/4.8.4/../../../../arm-none-eabi/lib/armv7e-m\libg_s.a(lib_a-reent.o) (_free_r)
c:/freescale/kds_v3/toolchain/bin/../lib/gcc/arm-none-eabi/4.8.4/../../../../arm-none-eabi/lib/armv7e-m\libnosys.a(getpid.o)
                              c:/freescale/kds_v3/toolchain/bin/../lib/gcc/arm-none-eabi/4.8.4/../../../../arm-none-eabi/lib/armv7e-m\libg_s.a(lib_a-signalr.o) (_getpid)
c:/freescale/kds_v3/toolchain/bin/../lib/gcc/arm-none-eabi/4.8.4/../../../../arm-none-eabi/lib/armv7e-m\libnosys.a(kill.o)
[...]
Memory Configuration

Name             Origin             Length             Attributes
m_interrupts     0x00000000         0x000001bc         xr
m_text           0x00000410         0x0003fbf0         xr
m_data           0x1fff8000         0x00008000         rw
m_data_20000000  0x20000000         0x00008000         rw
m_cfmprotrom     0x00000400         0x00000010         xr
*default*        0x00000000         0xffffffff

Linker script and memory map

LOAD c:/freescale/kds_v3/toolchain/bin/../lib/gcc/arm-none-eabi/4.8.4/armv7e-m/crti.o
LOAD c:/freescale/kds_v3/toolchain/bin/../lib/gcc/arm-none-eabi/4.8.4/armv7e-m/crtbegin.o
LOAD c:/freescale/kds_v3/toolchain/bin/../lib/gcc/arm-none-eabi/4.8.4/../../../../arm-none-eabi/lib/armv7e-m/crt0.o
LOAD ./Sources/Events.o
LOAD ./Sources/LCD.o
LOAD ./Sources/PCA9670.o
LOAD ./Sources/display.o
LOAD ./Sources/main.o
LOAD ./Sources/menu.o
LOAD ./Sources/protocol.o
LOAD ./Project_Settings/Startup_Code/startup.o
LOAD ./Generated_Code/AS1.o
LOAD ./Generated_Code/ASerialLdd1.o
LOAD ./Generated_Code/BitIoLdd1.o
LOAD ./Generated_Code/BitIoLdd2.o
LOAD ./Generated_Code/BitIoLdd3.o
LOAD ./Generated_Code/BitIoLdd4.o
LOAD ./Generated_Code/BitIoLdd5.o
LOAD ./Generated_Code/CS1.o
LOAD ./Generated_Code/Cpu.o
LOAD ./Generated_Code/ENCODER.o
LOAD ./Generated_Code/ENCODER_PUSH.o
LOAD ./Generated_Code/ExtIntLdd1.o
LOAD ./Generated_Code/ExtIntLdd2.o
LOAD ./Generated_Code/ExtIntLdd3.o
LOAD ./Generated_Code/ExtIntLdd4.o
LOAD ./Generated_Code/ExtIntLdd5.o
LOAD ./Generated_Code/I2C0.o
LOAD ./Generated_Code/IntI2cLdd1.o
LOAD ./Generated_Code/KSDK1.o
LOAD ./Generated_Code/LED_DEBUG.o
LOAD ./Generated_Code/LED_STATUS_1.o
LOAD ./Generated_Code/LED_STATUS_2.o
LOAD ./Generated_Code/LED_STATUS_3.o
LOAD ./Generated_Code/LED_STATUS_4.o
LOAD ./Generated_Code/LEVER_DIR1.o
LOAD ./Generated_Code/LEVER_DIR2.o
LOAD ./Generated_Code/PCA.o
LOAD ./Generated_Code/PE_LDD.o
LOAD ./Generated_Code/PUSH_BUTTON_REC.o
LOAD ./Generated_Code/PUSH_BUTTON_SEND.o
LOAD ./Generated_Code/T_100ms.o
LOAD ./Generated_Code/T_500ms.o
LOAD ./Generated_Code/Vectors.o
LOAD ./Generated_Code/WAIT1.o
LOAD c:/freescale/kds_v3/toolchain/bin/../lib/gcc/arm-none-eabi/4.8.4/../../../../arm-none-eabi/lib/armv7e-m\libstdc++_s.a
LOAD c:/freescale/kds_v3/toolchain/bin/../lib/gcc/arm-none-eabi/4.8.4/../../../../arm-none-eabi/lib/armv7e-m\libm.a
START GROUP
LOAD c:/freescale/kds_v3/toolchain/bin/../lib/gcc/arm-none-eabi/4.8.4/armv7e-m\libgcc.a
LOAD c:/freescale/kds_v3/toolchain/bin/../lib/gcc/arm-none-eabi/4.8.4/../../../../arm-none-eabi/lib/armv7e-m\libg_s.a
LOAD c:/freescale/kds_v3/toolchain/bin/../lib/gcc/arm-none-eabi/4.8.4/../../../../arm-none-eabi/lib/armv7e-m\libc_s.a
END GROUP
START GROUP
LOAD c:/freescale/kds_v3/toolchain/bin/../lib/gcc/arm-none-eabi/4.8.4/armv7e-m\libgcc.a
LOAD c:/freescale/kds_v3/toolchain/bin/../lib/gcc/arm-none-eabi/4.8.4/../../../../arm-none-eabi/lib/armv7e-m\libc_s.a
LOAD c:/freescale/kds_v3/toolchain/bin/../lib/gcc/arm-none-eabi/4.8.4/../../../../arm-none-eabi/lib/armv7e-m\libnosys.a
END GROUP
START GROUP
LOAD c:/freescale/kds_v3/toolchain/bin/../lib/gcc/arm-none-eabi/4.8.4/armv7e-m\libgcc.a
LOAD c:/freescale/kds_v3/toolchain/bin/../lib/gcc/arm-none-eabi/4.8.4/../../../../arm-none-eabi/lib/armv7e-m\libc_s.a
LOAD c:/freescale/kds_v3/toolchain/bin/../lib/gcc/arm-none-eabi/4.8.4/../../../../arm-none-eabi/lib/armv7e-m\libnosys.a
END GROUP
LOAD c:/freescale/kds_v3/toolchain/bin/../lib/gcc/arm-none-eabi/4.8.4/armv7e-m/crtend.o
LOAD c:/freescale/kds_v3/toolchain/bin/../lib/gcc/arm-none-eabi/4.8.4/armv7e-m/crtn.o
                0x20000000                _estack = 0x20000000
                0x20000000                __SP_INIT = _estack
                0x20000000                __stack = _estack
                0x00000000                __heap_size = 0x0
                0x00000400                __stack_size = 0x400

.interrupts     0x00000000      0x1bc
                0x00000000                __vector_table = .
                0x00000000                . = ALIGN (0x4)
 *(.vectortable)
 .vectortable   0x00000000      0x1bc ./Generated_Code/Vectors.o
                0x00000000                __vect_table
                0x000001bc                . = ALIGN (0x4)

.cfmprotect     0x00000400       0x10
                0x00000400                . = ALIGN (0x4)
 *(.cfmconfig)
 .cfmconfig     0x00000400       0x10 ./Generated_Code/Cpu.o
                0x00000400                _cfm
                0x00000410                . = ALIGN (0x4)

.text           0x00000410     0x37a4
                0x00000410                . = ALIGN (0x4)
 *(.text)
 .text          0x00000410       0x54 c:/freescale/kds_v3/toolchain/bin/../lib/gcc/arm-none-eabi/4.8.4/armv7e-m/crtbegin.o
 .text          0x00000464       0x74 c:/freescale/kds_v3/toolchain/bin/../lib/gcc/arm-none-eabi/4.8.4/../../../../arm-none-eabi/lib/armv7e-m/crt0.o
                0x00000464                _start
                0x00000464                _mainCRTStartup
 .text          0x000004d8      0xa1c c:/freescale/kds_v3/toolchain/bin/../lib/gcc/arm-none-eabi/4.8.4/armv7e-m\libgcc.a(unwind-arm.o)
                0x000007bc                _Unwind_GetCFA
                0x000007c0                __gnu_Unwind_RaiseException
                0x00000820                __gnu_Unwind_ForcedUnwind
                0x00000834                __gnu_Unwind_Resume
                0x00000878                __gnu_Unwind_Resume_or_Rethrow
                0x00000888                _Unwind_Complete
                0x0000088c                _Unwind_DeleteException
                0x0000089c                _Unwind_VRS_Get
                0x000008ec                _Unwind_VRS_Set
                0x0000093c                __gnu_Unwind_Backtrace
                0x00000c90                __aeabi_unwind_cpp_pr0
                0x00000c98                __aeabi_unwind_cpp_pr1
                0x00000ca0                __aeabi_unwind_cpp_pr2
                0x00000ca8                _Unwind_VRS_Pop
 .text          0x00000ef4      0x1ac c:/freescale/kds_v3/toolchain/bin/../lib/gcc/arm-none-eabi/4.8.4/armv7e-m\libgcc.a(libunwind.o)
                0x00000ef4                __restore_core_regs
                0x00000ef4                restore_core_regs
                0x00000f0c                __gnu_Unwind_Restore_VFP
                0x00000f14                __gnu_Unwind_Save_VFP
                0x00000f1c                __gnu_Unwind_Restore_VFP_D
                0x00000f24                __gnu_Unwind_Save_VFP_D
                0x00000f2c                __gnu_Unwind_Restore_VFP_D_16_to_31
                0x00000f34                __gnu_Unwind_Save_VFP_D_16_to_31
                0x00000f3c                __gnu_Unwind_Restore_WMMXD
                0x00000f80                __gnu_Unwind_Save_WMMXD
                0x00000fc4                __gnu_Unwind_Restore_WMMXC
                0x00000fd8                __gnu_Unwind_Save_WMMXC
                0x00000fec                ___Unwind_RaiseException
                0x00000fec                _Unwind_RaiseException
                0x00001010                _Unwind_Resume
                0x00001010                ___Unwind_Resume
                0x00001034                _Unwind_Resume_or_Rethrow
                0x00001034                ___Unwind_Resume_or_Rethrow
                0x00001058                _Unwind_ForcedUnwind
                0x00001058                ___Unwind_ForcedUnwind
                0x0000107c                ___Unwind_Backtrace
                0x0000107c                _Unwind_Backtrace
 .text          0x000010a0      0x33c c:/freescale/kds_v3/toolchain/bin/../lib/gcc/arm-none-eabi/4.8.4/armv7e-m\libgcc.a(pr-support.o)
                0x000010f4                __gnu_unwind_execute
                0x00001380                __gnu_unwind_frame
                0x000013ac                _Unwind_GetRegionStart
                0x000013b8                _Unwind_GetLanguageSpecificData
                0x000013cc                _Unwind_GetDataRelBase
                0x000013d4                _Unwind_GetTextRelBase
 .text          0x000013dc       0x14 c:/freescale/kds_v3/toolchain/bin/../lib/gcc/arm-none-eabi/4.8.4/../../../../arm-none-eabi/lib/armv7e-m\libg_s.a(lib_a-strcmp.o)
                0x000013dc                strcmp
 *(.text*)
 .text.PUSH_BUTTON_REC_OnInterrupt
                0x000013f0        0xc ./Sources/Events.o
                0x000013f0                PUSH_BUTTON_REC_OnInterrupt
 .text.PUSH_BUTTON_SEND_OnInterrupt
                0x000013fc        0xc ./Sources/Events.o
                0x000013fc                PUSH_BUTTON_SEND_OnInterrupt
 .text.I2C0_OnReceiveData
                0x00001408        0xc ./Sources/Events.o
                0x00001408                I2C0_OnReceiveData
 .text.I2C0_OnTransmitData
                0x00001414        0xc ./Sources/Events.o
                0x00001414                I2C0_OnTransmitData
 .text.T_100ms_OnCounterRestart
                0x00001420       0x14 ./Sources/Events.o
                0x00001420                T_100ms_OnCounterRestart
 .text.LEVER_DIR2_OnInterrupt
                0x00001434        0xc ./Sources/Events.o
                0x00001434                LEVER_DIR2_OnInterrupt
 .text.LEVER_DIR1_OnInterrupt
                0x00001440        0xc ./Sources/Events.o
                0x00001440                LEVER_DIR1_OnInterrupt
 .text.ENCODER_PUSH_OnInterrupt
                0x0000144c        0xc ./Sources/Events.o
                0x0000144c                ENCODER_PUSH_OnInterrupt
 .text.ENCODER_OnPortEvent
                0x00001458       0x14 ./Sources/Events.o
                0x00001458                ENCODER_OnPortEvent
 .text.T_500ms_OnCounterRestart
                0x0000146c       0x14 ./Sources/Events.o
                0x0000146c                T_500ms_OnCounterRestart
 .text.Cpu_OnNMIINT
                0x00001480        0xc ./Sources/Events.o
                0x00001480                Cpu_OnNMIINT
 .text.I2C0_OnArbitLost
                0x0000148c        0xc ./Sources/Events.o
                0x0000148c                I2C0_OnArbitLost
 .text.AS1_OnTxComplete
                0x00001498       0x14 ./Sources/Events.o
                0x00001498                AS1_OnTxComplete
 .text.AS1_OnError
                0x000014ac        0xc ./Sources/Events.o
                0x000014ac                AS1_OnError
 .text.AS1_OnRxChar
                0x000014b8        0xc ./Sources/Events.o
                0x000014b8                AS1_OnRxChar
 .text.AS1_OnRxCharExt
                0x000014c4       0xc8 ./Sources/Events.o
                0x000014c4                AS1_OnRxCharExt
 .text.AS1_OnTxChar
                0x0000158c       0x14 ./Sources/Events.o
                0x0000158c                AS1_OnTxChar
 .text.AS1_OnFullRxBuf
                0x000015a0       0x14 ./Sources/Events.o
                0x000015a0                AS1_OnFullRxBuf
 .text.AS1_OnFreeTxBuf
                0x000015b4        0xc ./Sources/Events.o
                0x000015b4                AS1_OnFreeTxBuf
 .text.main     0x000015c0      0x218 ./Sources/main.o
                0x000015c0                main
 .text.serial_send_block
                0x000017d8       0xd4 ./Sources/protocol.o
                0x000017d8                serial_send_block
 .text.serial_send_string
                0x000018ac       0x58 ./Sources/protocol.o
                0x000018ac                serial_send_string
 .text.serial_send_char
                0x00001904       0x30 ./Sources/protocol.o
                0x00001904                serial_send_char
 .text.test_protocol
                0x00001934       0x20 ./Sources/protocol.o
                0x00001934                test_protocol
 .text.__copy_rom_section
                0x00001954       0xe4 ./Project_Settings/Startup_Code/startup.o
                0x00001954                __copy_rom_section
 .text.__copy_rom_sections_to_ram
                0x00001a38       0x9c ./Project_Settings/Startup_Code/startup.o
                0x00001a38                __copy_rom_sections_to_ram
 .text.__init_registers
                0x00001ad4        0xc ./Project_Settings/Startup_Code/startup.o
                0x00001ad4                __init_registers
 .text.__init_user
                0x00001ae0        0xc ./Project_Settings/Startup_Code/startup.o
                0x00001ae0                __init_user
 .text.__thumb_startup
                0x00001aec       0x34 ./Project_Settings/Startup_Code/startup.o
                0x00001aec                __thumb_startup
 .text.HWEnDi   0x00001b20       0x1c ./Generated_Code/AS1.o
 .text.AS1_SendChar
                0x00001b3c       0xdc ./Generated_Code/AS1.o
                0x00001b3c                AS1_SendChar
 .text.AS1_ClearRxBuf
                0x00001c18       0x78 ./Generated_Code/AS1.o
                0x00001c18                AS1_ClearRxBuf
 .text.AS1_Init
                0x00001c90       0x60 ./Generated_Code/AS1.o
                0x00001c90                AS1_Init
 .text.ASerialLdd1_OnBlockReceived
                0x00001cf0       0xcc ./Generated_Code/AS1.o
                0x00001cf0                ASerialLdd1_OnBlockReceived
 .text.ASerialLdd1_OnBlockSent
                0x00001dbc       0xd4 ./Generated_Code/AS1.o
                0x00001dbc                ASerialLdd1_OnBlockSent
 .text.ASerialLdd1_OnError
                0x00001e90       0x9c ./Generated_Code/AS1.o
                0x00001e90                ASerialLdd1_OnError
 .text.ASerialLdd1_OnTxComplete
                0x00001f2c       0x14 ./Generated_Code/AS1.o
                0x00001f2c                ASerialLdd1_OnTxComplete
 .text.ASerialLdd1_OnBreak
                0x00001f40       0x24 ./Generated_Code/AS1.o
                0x00001f40                ASerialLdd1_OnBreak
 .text.ASerialLdd1_Init
                0x00001f64      0x1c0 ./Generated_Code/ASerialLdd1.o
                0x00001f64                ASerialLdd1_Init
 .text.ASerialLdd1_ReceiveBlock
                0x00002124       0x90 ./Generated_Code/ASerialLdd1.o
                0x00002124                ASerialLdd1_ReceiveBlock
 .text.ASerialLdd1_SendBlock
                0x000021b4       0xbc ./Generated_Code/ASerialLdd1.o
                0x000021b4                ASerialLdd1_SendBlock
 .text.InterruptRx
                0x00002270       0x58 ./Generated_Code/ASerialLdd1.o
 .text.InterruptTx
                0x000022c8       0x9c ./Generated_Code/ASerialLdd1.o
 .text.ASerialLdd1_Interrupt
                0x00002364      0x130 ./Generated_Code/ASerialLdd1.o
                0x00002364                ASerialLdd1_Interrupt
 .text.ASerialLdd1_GetError
                0x00002494       0x70 ./Generated_Code/ASerialLdd1.o
                0x00002494                ASerialLdd1_GetError
 .text.BitIoLdd1_Init
                0x00002504       0x64 ./Generated_Code/BitIoLdd1.o
                0x00002504                BitIoLdd1_Init
 .text.BitIoLdd2_Init
                0x00002568       0x64 ./Generated_Code/BitIoLdd2.o
                0x00002568                BitIoLdd2_Init
 .text.BitIoLdd2_ClrVal
                0x000025cc       0x1c ./Generated_Code/BitIoLdd2.o
                0x000025cc                BitIoLdd2_ClrVal
 .text.BitIoLdd2_SetVal
                0x000025e8       0x1c ./Generated_Code/BitIoLdd2.o
                0x000025e8                BitIoLdd2_SetVal
 .text.BitIoLdd3_Init
                0x00002604       0x64 ./Generated_Code/BitIoLdd3.o
                0x00002604                BitIoLdd3_Init
 .text.BitIoLdd3_ClrVal
                0x00002668       0x1c ./Generated_Code/BitIoLdd3.o
                0x00002668                BitIoLdd3_ClrVal
 .text.BitIoLdd3_SetVal
                0x00002684       0x1c ./Generated_Code/BitIoLdd3.o
                0x00002684                BitIoLdd3_SetVal
 .text.BitIoLdd4_Init
                0x000026a0       0x64 ./Generated_Code/BitIoLdd4.o
                0x000026a0                BitIoLdd4_Init
 .text.BitIoLdd4_ClrVal
                0x00002704       0x1c ./Generated_Code/BitIoLdd4.o
                0x00002704                BitIoLdd4_ClrVal
 .text.BitIoLdd4_SetVal
                0x00002720       0x1c ./Generated_Code/BitIoLdd4.o
                0x00002720                BitIoLdd4_SetVal
 .text.BitIoLdd5_Init
                0x0000273c       0x64 ./Generated_Code/BitIoLdd5.o
                0x0000273c                BitIoLdd5_Init
 .text.BitIoLdd5_ClrVal
                0x000027a0       0x1c ./Generated_Code/BitIoLdd5.o
                0x000027a0                BitIoLdd5_ClrVal
 .text.BitIoLdd5_SetVal
                0x000027bc       0x1c ./Generated_Code/BitIoLdd5.o
                0x000027bc                BitIoLdd5_SetVal
 .text.Cpu_ivINT_PORTC
                0x000027d8       0x30 ./Generated_Code/Cpu.o
                0x000027d8                Cpu_ivINT_PORTC
 .text.Cpu_INT_NMIInterrupt
                0x00002808       0x1c ./Generated_Code/Cpu.o
                0x00002808                Cpu_INT_NMIInterrupt
 .text.Cpu_Interrupt
                0x00002824       0x18 ./Generated_Code/Cpu.o
                0x00002824                Cpu_Interrupt
 .text.__init_hardware
                0x0000283c      0x140 ./Generated_Code/Cpu.o
                0x0000283c                __init_hardware
 .text.Cpu_SetBASEPRI
                0x0000297c       0x18 ./Generated_Code/Cpu.o
                0x0000297c                Cpu_SetBASEPRI
 .text.PE_low_level_init
                0x00002994      0x10c ./Generated_Code/Cpu.o
                0x00002994                PE_low_level_init
 .text.ENCODER_Init
                0x00002aa0       0xb0 ./Generated_Code/ENCODER.o
                0x00002aa0                ENCODER_Init
 .text.ENCODER_Interrupt
                0x00002b50       0x4c ./Generated_Code/ENCODER.o
                0x00002b50                ENCODER_Interrupt
 .text.ExtIntLdd1_OnInterrupt
                0x00002b9c       0x14 ./Generated_Code/ENCODER_PUSH.o
                0x00002b9c                ExtIntLdd1_OnInterrupt
 .text.ExtIntLdd1_Init
                0x00002bb0       0x80 ./Generated_Code/ExtIntLdd1.o
                0x00002bb0                ExtIntLdd1_Init
 .text.ExtIntLdd1_Interrupt
                0x00002c30       0x3c ./Generated_Code/ExtIntLdd1.o
                0x00002c30                ExtIntLdd1_Interrupt
 .text.ExtIntLdd2_Init
                0x00002c6c       0x80 ./Generated_Code/ExtIntLdd2.o
                0x00002c6c                ExtIntLdd2_Init
 .text.ExtIntLdd2_Interrupt
                0x00002cec       0x3c ./Generated_Code/ExtIntLdd2.o
                0x00002cec                ExtIntLdd2_Interrupt
 .text.ExtIntLdd3_Init
                0x00002d28       0x80 ./Generated_Code/ExtIntLdd3.o
                0x00002d28                ExtIntLdd3_Init
 .text.ExtIntLdd3_Interrupt
                0x00002da8       0x3c ./Generated_Code/ExtIntLdd3.o
                0x00002da8                ExtIntLdd3_Interrupt
 .text.ExtIntLdd4_Init
                0x00002de4       0x7c ./Generated_Code/ExtIntLdd4.o
                0x00002de4                ExtIntLdd4_Init
 .text.ExtIntLdd4_Interrupt
                0x00002e60       0x3c ./Generated_Code/ExtIntLdd4.o
                0x00002e60                ExtIntLdd4_Interrupt
 .text.ExtIntLdd5_Init
                0x00002e9c       0x7c ./Generated_Code/ExtIntLdd5.o
                0x00002e9c                ExtIntLdd5_Init
 .text.ExtIntLdd5_Interrupt
                0x00002f18       0x3c ./Generated_Code/ExtIntLdd5.o
                0x00002f18                ExtIntLdd5_Interrupt
 .text.I2C0_SendStop
                0x00002f54       0x48 ./Generated_Code/I2C0.o
                0x00002f54                I2C0_SendStop
 .text.I2C0_Init
                0x00002f9c       0x20 ./Generated_Code/I2C0.o
                0x00002f9c                I2C0_Init
 .text.IntI2cLdd1_OnMasterBlockSent
                0x00002fbc       0x24 ./Generated_Code/I2C0.o
                0x00002fbc                IntI2cLdd1_OnMasterBlockSent
 .text.IntI2cLdd1_OnMasterBlockReceived
                0x00002fe0       0x24 ./Generated_Code/I2C0.o
                0x00002fe0                IntI2cLdd1_OnMasterBlockReceived
 .text.IntI2cLdd1_OnError
                0x00003004       0x30 ./Generated_Code/I2C0.o
                0x00003004                IntI2cLdd1_OnError
 .text.IntI2cLdd1_Interrupt
                0x00003034      0x2d4 ./Generated_Code/IntI2cLdd1.o
                0x00003034                IntI2cLdd1_Interrupt
 .text.IntI2cLdd1_Init
                0x00003308      0x13c ./Generated_Code/IntI2cLdd1.o
                0x00003308                IntI2cLdd1_Init
 .text.IntI2cLdd1_GetError
                0x00003444       0x70 ./Generated_Code/IntI2cLdd1.o
                0x00003444                IntI2cLdd1_GetError
 .text.ExtIntLdd2_OnInterrupt
                0x000034b4       0x14 ./Generated_Code/LEVER_DIR1.o
                0x000034b4                ExtIntLdd2_OnInterrupt
 .text.ExtIntLdd3_OnInterrupt
                0x000034c8       0x14 ./Generated_Code/LEVER_DIR2.o
                0x000034c8                ExtIntLdd3_OnInterrupt
 .text.ExtIntLdd5_OnInterrupt
                0x000034dc       0x14 ./Generated_Code/PUSH_BUTTON_REC.o
                0x000034dc                ExtIntLdd5_OnInterrupt
 .text.ExtIntLdd4_OnInterrupt
                0x000034f0       0x14 ./Generated_Code/PUSH_BUTTON_SEND.o
                0x000034f0                ExtIntLdd4_OnInterrupt
 .text.T_100ms_Init
                0x00003504       0xb0 ./Generated_Code/T_100ms.o
                0x00003504                T_100ms_Init
 .text.T_100ms_Interrupt
                0x000035b4       0x6c ./Generated_Code/T_100ms.o
                0x000035b4                T_100ms_Interrupt
 .text.T_500ms_Init
                0x00003620       0xcc ./Generated_Code/T_500ms.o
                0x00003620                T_500ms_Init
 .text.T_500ms_Interrupt
                0x000036ec       0x6c ./Generated_Code/T_500ms.o
                0x000036ec                T_500ms_Interrupt
 .text.abort    0x00003758        0xe c:/freescale/kds_v3/toolchain/bin/../lib/gcc/arm-none-eabi/4.8.4/../../../../arm-none-eabi/lib/armv7e-m\libg_s.a(lib_a-abort.o)
                0x00003758                abort
 *fill*         0x00003766        0x2 
 .text.exit     0x00003768       0x28 c:/freescale/kds_v3/toolchain/bin/../lib/gcc/arm-none-eabi/4.8.4/../../../../arm-none-eabi/lib/armv7e-m\libg_s.a(lib_a-exit.o)
                0x00003768                exit
 .text.__libc_init_array
                0x00003790       0x4c c:/freescale/kds_v3/toolchain/bin/../lib/gcc/arm-none-eabi/4.8.4/../../../../arm-none-eabi/lib/armv7e-m\libg_s.a(lib_a-init.o)
                0x00003790                __libc_init_array
 .text.memcpy   0x000037dc       0x12 c:/freescale/kds_v3/toolchain/bin/../lib/gcc/arm-none-eabi/4.8.4/../../../../arm-none-eabi/lib/armv7e-m\libg_s.a(lib_a-memcpy-stub.o)
                0x000037dc                memcpy
 .text.memset   0x000037ee       0x10 c:/freescale/kds_v3/toolchain/bin/../lib/gcc/arm-none-eabi/4.8.4/../../../../arm-none-eabi/lib/armv7e-m\libg_s.a(lib_a-memset.o)
                0x000037ee                memset
 .text._raise_r
                0x000037fe       0x50 c:/freescale/kds_v3/toolchain/bin/../lib/gcc/arm-none-eabi/4.8.4/../../../../arm-none-eabi/lib/armv7e-m\libg_s.a(lib_a-signal.o)
                0x000037fe                _raise_r
 *fill*         0x0000384e        0x2 
 .text.raise    0x00003850       0x10 c:/freescale/kds_v3/toolchain/bin/../lib/gcc/arm-none-eabi/4.8.4/../../../../arm-none-eabi/lib/armv7e-m\libg_s.a(lib_a-signal.o)
                0x00003850                raise
 .text._kill_r  0x00003860       0x24 c:/freescale/kds_v3/toolchain/bin/../lib/gcc/arm-none-eabi/4.8.4/../../../../arm-none-eabi/lib/armv7e-m\libg_s.a(lib_a-signalr.o)
                0x00003860                _kill_r
 .text._getpid_r
                0x00003884        0x4 c:/freescale/kds_v3/toolchain/bin/../lib/gcc/arm-none-eabi/4.8.4/../../../../arm-none-eabi/lib/armv7e-m\libg_s.a(lib_a-signalr.o)
                0x00003884                _getpid_r
 .text.strlen   0x00003888       0x10 c:/freescale/kds_v3/toolchain/bin/../lib/gcc/arm-none-eabi/4.8.4/../../../../arm-none-eabi/lib/armv7e-m\libg_s.a(lib_a-strlen.o)
                0x00003888                strlen
 .text._getpid  0x00003898       0x10 c:/freescale/kds_v3/toolchain/bin/../lib/gcc/arm-none-eabi/4.8.4/../../../../arm-none-eabi/lib/armv7e-m\libnosys.a(getpid.o)
                0x00003898                _getpid
 .text._kill    0x000038a8       0x10 c:/freescale/kds_v3/toolchain/bin/../lib/gcc/arm-none-eabi/4.8.4/../../../../arm-none-eabi/lib/armv7e-m\libnosys.a(kill.o)
                0x000038a8                _kill
 .text._exit    0x000038b8        0x4 c:/freescale/kds_v3/toolchain/bin/../lib/gcc/arm-none-eabi/4.8.4/../../../../arm-none-eabi/lib/armv7e-m\libnosys.a(_exit.o)
                0x000038b8                _exit
 *(.rodata)
 .rodata        0x000038bc      0x16c ./Sources/main.o
 .rodata        0x00003a28      0x16c ./Sources/protocol.o
 *(.rodata*)
 .rodata.str1.1
                0x00003b94        0x2 c:/freescale/kds_v3/toolchain/bin/../lib/gcc/arm-none-eabi/4.8.4/../../../../arm-none-eabi/lib/armv7e-m\libg_s.a(lib_a-impure.o)
 *fill*         0x00003b96        0x2 
 .rodata._global_impure_ptr
                0x00003b98        0x4 c:/freescale/kds_v3/toolchain/bin/../lib/gcc/arm-none-eabi/4.8.4/../../../../arm-none-eabi/lib/armv7e-m\libg_s.a(lib_a-impure.o)
                0x00003b98                _global_impure_ptr
 *(.glue_7)
 .glue_7        0x00000000        0x0 linker stubs
 *(.glue_7t)
 .glue_7t       0x00000000        0x0 linker stubs
 *(.eh_frame)
 .eh_frame      0x00003b9c        0x0 c:/freescale/kds_v3/toolchain/bin/../lib/gcc/arm-none-eabi/4.8.4/armv7e-m/crtbegin.o
 *(.init)
 .init          0x00003b9c        0x4 c:/freescale/kds_v3/toolchain/bin/../lib/gcc/arm-none-eabi/4.8.4/armv7e-m/crti.o
                0x00003b9c                _init
 .init          0x00003ba0        0x8 c:/freescale/kds_v3/toolchain/bin/../lib/gcc/arm-none-eabi/4.8.4/armv7e-m/crtn.o
 *(.fini)
 .fini          0x00003ba8        0x4 c:/freescale/kds_v3/toolchain/bin/../lib/gcc/arm-none-eabi/4.8.4/armv7e-m/crti.o
                0x00003ba8                _fini
 .fini          0x00003bac        0x8 c:/freescale/kds_v3/toolchain/bin/../lib/gcc/arm-none-eabi/4.8.4/armv7e-m/crtn.o
                0x00003bb4                . = ALIGN (0x4)
                0x00003bb4                _etext = .

.vfp11_veneer   0x00003bb4        0x0
 .vfp11_veneer  0x00000000        0x0 linker stubs

.v4_bx          0x00003bb4        0x0
 .v4_bx         0x00000000        0x0 linker stubs

.iplt           0x00003bb4        0x0
 .iplt          0x00000000        0x0 c:/freescale/kds_v3/toolchain/bin/../lib/gcc/arm-none-eabi/4.8.4/armv7e-m/crtbegin.o

.ARM.extab      0x00003bb4       0x48
 *(.ARM.extab* .gnu.linkonce.armextab.*)
 .ARM.extab.text.serial_send_block
                0x00003bb4        0xc ./Sources/protocol.o
 .ARM.extab.text.serial_send_string
                0x00003bc0        0xc ./Sources/protocol.o
 .ARM.extab.text.serial_send_char
                0x00003bcc        0xc ./Sources/protocol.o
 .ARM.extab     0x00003bd8        0xc c:/freescale/kds_v3/toolchain/bin/../lib/gcc/arm-none-eabi/4.8.4/armv7e-m\libgcc.a(unwind-arm.o)
 .ARM.extab     0x00003be4       0x18 c:/freescale/kds_v3/toolchain/bin/../lib/gcc/arm-none-eabi/4.8.4/armv7e-m\libgcc.a(pr-support.o)

.ARM            0x00003bfc       0xf0
                0x00003bfc                __exidx_start = .
 *(.ARM.exidx*)
 .ARM.exidx     0x00003bfc        0x8 c:/freescale/kds_v3/toolchain/bin/../lib/gcc/arm-none-eabi/4.8.4/../../../../arm-none-eabi/lib/armv7e-m/crt0.o
 .ARM.exidx.text.serial_send_block
                0x00003cc4        0x8 ./Sources/protocol.o
 .ARM.exidx.text.serial_send_string
                0x00003ccc        0x8 ./Sources/protocol.o
 .ARM.exidx.text.serial_send_char
                0x00003cd4        0x8 ./Sources/protocol.o
 .ARM.exidx.text.test_protocol
                0x00003cdc       0x10 ./Sources/protocol.o
                                  0x8 (size before relaxing)
 .ARM.exidx     0x00003c04       0x88 c:/freescale/kds_v3/toolchain/bin/../lib/gcc/arm-none-eabi/4.8.4/armv7e-m\libgcc.a(unwind-arm.o)
                                 0xd8 (size before relaxing)
 .ARM.exidx     0x00003c8c       0x38 c:/freescale/kds_v3/toolchain/bin/../lib/gcc/arm-none-eabi/4.8.4/armv7e-m\libgcc.a(pr-support.o)
                                 0x48 (size before relaxing)
                0x00003cec                __exidx_end = .

.rel.dyn        0x00003cec        0x0
 .rel.iplt      0x00000000        0x0 c:/freescale/kds_v3/toolchain/bin/../lib/gcc/arm-none-eabi/4.8.4/armv7e-m/crtbegin.o

.ctors          0x00003cec        0x0
                0x00003cec                __CTOR_LIST__ = .
 *crtbegin.o(.ctors)
 *(EXCLUDE_FILE(*crtend.o) .ctors)
 *(SORT(.ctors.*))
 *(.ctors)
                0x00003cec                __CTOR_END__ = .

.dtors          0x00003cec        0x0
                0x00003cec                __DTOR_LIST__ = .
 *crtbegin.o(.dtors)
 *(EXCLUDE_FILE(*crtend.o) .dtors)
 *(SORT(.dtors.*))
 *(.dtors)
                0x00003cec                __DTOR_END__ = .

.preinit_array  0x00003cec        0x0
                0x00003cec                PROVIDE (__preinit_array_start, .)
 *(.preinit_array*)
                0x00003cec                PROVIDE (__preinit_array_end, .)

.init_array     0x00003cec        0x4
                0x00003cec                PROVIDE (__init_array_start, .)
 *(SORT(.init_array.*))
 *(.init_array*)
 .init_array    0x00003cec        0x4 c:/freescale/kds_v3/toolchain/bin/../lib/gcc/arm-none-eabi/4.8.4/armv7e-m/crtbegin.o
                0x00003cf0                PROVIDE (__init_array_end, .)

.fini_array     0x00003cf0        0x4
                0x00003cf0                PROVIDE (__fini_array_start, .)
 *(SORT(.fini_array.*))
 *(.fini_array*)
 .fini_array    0x00003cf0        0x4 c:/freescale/kds_v3/toolchain/bin/../lib/gcc/arm-none-eabi/4.8.4/armv7e-m/crtbegin.o
                0x00003cf4                PROVIDE (__fini_array_end, .)
                0x00003cf4                ___ROM_AT = .

.data           0x1fff8000       0x74 load address 0x00003cf4
                0x1fff8000                . = ALIGN (0x4)
                0x1fff8000                _sdata = .
 *(.data)
 *(.data*)
 .data.Get      0x1fff8000        0x4 ./Sources/main.o
 .data.Velocity
                0x1fff8004        0x4 ./Sources/main.o
 .data._ZL3Get  0x1fff8008        0x4 ./Sources/protocol.o
 .data._ZL8Velocity
                0x1fff800c        0x4 ./Sources/protocol.o
 .data.impure_data
                0x1fff8010       0x60 c:/freescale/kds_v3/toolchain/bin/../lib/gcc/arm-none-eabi/4.8.4/../../../../arm-none-eabi/lib/armv7e-m\libg_s.a(lib_a-impure.o)
 .data._impure_ptr
                0x1fff8070        0x4 c:/freescale/kds_v3/toolchain/bin/../lib/gcc/arm-none-eabi/4.8.4/../../../../arm-none-eabi/lib/armv7e-m\libg_s.a(lib_a-impure.o)
                0x1fff8070                _impure_ptr
                0x1fff8074                . = ALIGN (0x4)
                0x1fff8074                _edata = .
                0x00000074                ___data_size = (_edata - _sdata)
                0x00003d68                ___m_data_20000000_ROMStart = (___ROM_AT + SIZEOF (.data))

.jcr            0x1fff8074        0x0 load address 0x00003d68
 .jcr           0x1fff8074        0x0 c:/freescale/kds_v3/toolchain/bin/../lib/gcc/arm-none-eabi/4.8.4/armv7e-m/crtbegin.o

.igot.plt       0x1fff8074        0x0 load address 0x00003d68
 .igot.plt      0x00000000        0x0 c:/freescale/kds_v3/toolchain/bin/../lib/gcc/arm-none-eabi/4.8.4/armv7e-m/crtbegin.o

.m_data_20000000
                0x20000000        0x0 load address 0x00003d68
                0x20000000                . = ALIGN (0x4)
                0x20000000                ___m_data_20000000_RAMStart = .
 *(.m_data_20000000)
                0x20000000                ___m_data_20000000_RAMEnd = .
                0x20000000                . = ALIGN (0x4)
                0x00000000                ___m_data_20000000_ROMSize = (___m_data_20000000_RAMEnd - ___m_data_20000000_RAMStart)
                0x20000000                . = ALIGN (0x4)

.bss            0x1fff8074      0x2bc load address 0x00003d68
                0x1fff8074                __START_BSS = .
                0x1fff8074                PROVIDE (__bss_start__, __START_BSS)
 *(.bss)
 .bss           0x1fff8074       0x1c c:/freescale/kds_v3/toolchain/bin/../lib/gcc/arm-none-eabi/4.8.4/armv7e-m/crtbegin.o
 *(.bss*)
 .bss.in_buffer
                0x1fff8090       0x80 ./Sources/protocol.o
                0x1fff8090                in_buffer
 .bss.cnt       0x1fff8110        0x1 ./Sources/protocol.o
                0x1fff8110                cnt
 .bss.FLAG_MSG_RCV
                0x1fff8111        0x1 ./Sources/protocol.o
                0x1fff8111                FLAG_MSG_RCV
 .bss.FLAG_MSG_ERR
                0x1fff8112        0x1 ./Sources/protocol.o
                0x1fff8112                FLAG_MSG_ERR
 .bss.FLAG_MSG_OK
                0x1fff8113        0x1 ./Sources/protocol.o
                0x1fff8113                FLAG_MSG_OK
 .bss.SerFlag   0x1fff8114        0x2 ./Generated_Code/AS1.o
 .bss.AS1_InpLen
                0x1fff8116        0x2 ./Generated_Code/AS1.o
 .bss.InpIndexR
                0x1fff8118        0x2 ./Generated_Code/AS1.o
 .bss.InpIndexW
                0x1fff811a        0x2 ./Generated_Code/AS1.o
 .bss.InpBuffer
                0x1fff811c       0x80 ./Generated_Code/AS1.o
 .bss.BufferRead
                0x1fff819c        0x1 ./Generated_Code/AS1.o
 *fill*         0x1fff819d        0x1 
 .bss.AS1_OutLen
                0x1fff819e        0x2 ./Generated_Code/AS1.o
 .bss.OutIndexR
                0x1fff81a0        0x2 ./Generated_Code/AS1.o
 .bss.OutIndexW
                0x1fff81a2        0x2 ./Generated_Code/AS1.o
 .bss.OutBuffer
                0x1fff81a4       0x80 ./Generated_Code/AS1.o
 .bss.OnFreeTxBufSemaphore
                0x1fff8224        0x1 ./Generated_Code/AS1.o
 *fill*         0x1fff8225        0x3 
 .bss.DeviceDataPrv__DEFAULT_RTOS_ALLOC
                0x1fff8228       0x20 ./Generated_Code/ASerialLdd1.o
 .bss.INT_UART0_RX_TX__DEFAULT_RTOS_ISRPARAM
                0x1fff8248        0x4 ./Generated_Code/ASerialLdd1.o
 .bss.INT_UART0_ERR__DEFAULT_RTOS_ISRPARAM
                0x1fff824c        0x4 ./Generated_Code/ASerialLdd1.o
 .bss.DeviceDataPrv__DEFAULT_RTOS_ALLOC
                0x1fff8250        0x4 ./Generated_Code/BitIoLdd1.o
 .bss.DeviceDataPrv__DEFAULT_RTOS_ALLOC
                0x1fff8254        0x4 ./Generated_Code/BitIoLdd2.o
 .bss.DeviceDataPrv__DEFAULT_RTOS_ALLOC
                0x1fff8258        0x4 ./Generated_Code/BitIoLdd3.o
 .bss.DeviceDataPrv__DEFAULT_RTOS_ALLOC
                0x1fff825c        0x4 ./Generated_Code/BitIoLdd4.o
 .bss.DeviceDataPrv__DEFAULT_RTOS_ALLOC
                0x1fff8260        0x4 ./Generated_Code/BitIoLdd5.o
 .bss.SR_lock   0x1fff8264        0x1 ./Generated_Code/Cpu.o
                0x1fff8264                SR_lock
 *fill*         0x1fff8265        0x3 
 .bss.DeviceDataPrv__DEFAULT_RTOS_ALLOC
                0x1fff8268        0xc ./Generated_Code/ENCODER.o
 .bss.INT_PORTC__DEFAULT_RTOS_ISRPARAM
                0x1fff8274        0x4 ./Generated_Code/ENCODER.o
 .bss.DeviceDataPrv__DEFAULT_RTOS_ALLOC
                0x1fff8278        0x4 ./Generated_Code/ExtIntLdd1.o
 .bss.INT_PORTC__DEFAULT_RTOS_ISRPARAM
                0x1fff827c        0x4 ./Generated_Code/ExtIntLdd1.o
 .bss.DeviceDataPrv__DEFAULT_RTOS_ALLOC
                0x1fff8280        0x4 ./Generated_Code/ExtIntLdd2.o
 .bss.INT_PORTC__DEFAULT_RTOS_ISRPARAM
                0x1fff8284        0x4 ./Generated_Code/ExtIntLdd2.o
 .bss.DeviceDataPrv__DEFAULT_RTOS_ALLOC
                0x1fff8288        0x4 ./Generated_Code/ExtIntLdd3.o
 .bss.INT_PORTC__DEFAULT_RTOS_ISRPARAM
                0x1fff828c        0x4 ./Generated_Code/ExtIntLdd3.o
 .bss.DeviceDataPrv__DEFAULT_RTOS_ALLOC
                0x1fff8290        0x4 ./Generated_Code/ExtIntLdd4.o
 .bss.INT_PORTC__DEFAULT_RTOS_ISRPARAM
                0x1fff8294        0x4 ./Generated_Code/ExtIntLdd4.o
 .bss.DeviceDataPrv__DEFAULT_RTOS_ALLOC
                0x1fff8298        0x4 ./Generated_Code/ExtIntLdd5.o
 .bss.INT_PORTC__DEFAULT_RTOS_ISRPARAM
                0x1fff829c        0x4 ./Generated_Code/ExtIntLdd5.o
 .bss.OutLenM   0x1fff82a0        0x2 ./Generated_Code/I2C0.o
 .bss.I2C0_SerFlag
                0x1fff82a2        0x1 ./Generated_Code/I2C0.o
 *fill*         0x1fff82a3        0x1 
 .bss.DeviceDataPrv__DEFAULT_RTOS_ALLOC
                0x1fff82a4       0x1c ./Generated_Code/IntI2cLdd1.o
 .bss.INT_I2C0__DEFAULT_RTOS_ISRPARAM
                0x1fff82c0        0x4 ./Generated_Code/IntI2cLdd1.o
 .bss.PE_LDD_DeviceDataList
                0x1fff82c4       0x3c ./Generated_Code/PE_LDD.o
                0x1fff82c4                PE_LDD_DeviceDataList
 .bss.DeviceDataPrv__DEFAULT_RTOS_ALLOC
                0x1fff8300        0xc ./Generated_Code/T_100ms.o
 .bss.INT_FTM1__DEFAULT_RTOS_ISRPARAM
                0x1fff830c        0x4 ./Generated_Code/T_100ms.o
 .bss.DeviceDataPrv__DEFAULT_RTOS_ALLOC
                0x1fff8310        0x8 ./Generated_Code/T_500ms.o
 .bss.INT_FTM0__DEFAULT_RTOS_ISRPARAM
                0x1fff8318        0x4 ./Generated_Code/T_500ms.o
 *(COMMON)
 COMMON         0x1fff831c        0x4 ./Generated_Code/AS1.o
                0x1fff831c                ASerialLdd1_DeviceDataPtr
 COMMON         0x1fff8320        0x1 ./Generated_Code/Cpu.o
                0x1fff8320                SR_reg
 *fill*         0x1fff8321        0x3 
 COMMON         0x1fff8324        0x8 ./Generated_Code/I2C0.o
                0x1fff8324                I2C0_SndRcvTemp
                0x1fff8328                IntI2cLdd1_DeviceDataPtr
 COMMON         0x1fff832c        0x4 c:/freescale/kds_v3/toolchain/bin/../lib/gcc/arm-none-eabi/4.8.4/../../../../arm-none-eabi/lib/armv7e-m\libg_s.a(lib_a-reent.o)
                0x1fff832c                errno
                0x1fff8330                . = ALIGN (0x4)
                0x1fff8330                __END_BSS = .
                0x1fff8330                PROVIDE (__bss_end__, __END_BSS)
                0x00003d68                _romp_at = ((___ROM_AT + SIZEOF (.data)) + SIZEOF (.m_data_20000000))

.romp           0x1fff8330       0x24 load address 0x00003d68
                0x00003d68                __S_romp = _romp_at
                0x1fff8330        0x4 LONG 0x3cf4 ___ROM_AT
                0x1fff8334        0x4 LONG 0x1fff8000 _sdata
                0x1fff8338        0x4 LONG 0x74 ___data_size
                0x1fff833c        0x4 LONG 0x3d68 ___m_data_20000000_ROMStart
                0x1fff8340        0x4 LONG 0x20000000 ___m_data_20000000_RAMStart
                0x1fff8344        0x4 LONG 0x0 ___m_data_20000000_ROMSize
                0x1fff8348        0x4 LONG 0x0
                0x1fff834c        0x4 LONG 0x0
                0x1fff8350        0x4 LONG 0x0
                0x00040000                text_end = (ORIGIN (m_text) + 0x3fbf0)
                0x00003d8c                data_init_end = ((___m_data_20000000_ROMStart + SIZEOF (.m_data_20000000)) + SIZEOF (.romp))
                0x00000001                ASSERT ((data_init_end <= text_end), region m_text overflowed with text and data)

._user_heap_stack
                0x1fff8354      0x400 load address 0x00003d8c
                0x1fff8354                . = ALIGN (0x4)
                0x1fff8354                PROVIDE (end, .)
                0x1fff8354                PROVIDE (_end, .)
                0x1fff8354                PROVIDE (__end__, .)
                0x1fff8354                __heap_addr = .
                0x1fff8354                __HeapBase = .
                0x1fff8354                . = (. + __heap_size)
                0x1fff8354                __HeapLimit = .
                0x1fff8754                . = (. + __stack_size)
 *fill*         0x1fff8354      0x400 
                0x1fff8754                . = ALIGN (0x4)

.ARM.attributes
                0x00000000       0x2a
 *(.ARM.attributes)
 .ARM.attributes
                0x00000000       0x1e c:/freescale/kds_v3/toolchain/bin/../lib/gcc/arm-none-eabi/4.8.4/armv7e-m/crti.o
 .ARM.attributes
                0x0000001e       0x2e c:/freescale/kds_v3/toolchain/bin/../lib/gcc/arm-none-eabi/4.8.4/armv7e-m/crtbegin.o
 .ARM.attributes
                0x0000004c       0x1c c:/freescale/kds_v3/toolchain/bin/../lib/gcc/arm-none-eabi/4.8.4/../../../../arm-none-eabi/lib/armv7e-m/crt0.o
 .ARM.attributes
                0x00000068       0x33 ./Sources/Events.o
 .ARM.attributes
                0x0000009b       0x33 ./Sources/main.o
 .ARM.attributes
                0x000000ce       0x33 ./Sources/protocol.o
 .ARM.attributes
                0x00000101       0x33 ./Project_Settings/Startup_Code/startup.o
 .ARM.attributes
                0x00000134       0x33 ./Generated_Code/AS1.o
 .ARM.attributes
                0x00000167       0x33 ./Generated_Code/ASerialLdd1.o
 .ARM.attributes
                0x0000019a       0x33 ./Generated_Code/BitIoLdd1.o
 .ARM.attributes
                0x000001cd       0x33 ./Generated_Code/BitIoLdd2.o
 .ARM.attributes
                0x00000200       0x33 ./Generated_Code/BitIoLdd3.o
 .ARM.attributes
                0x00000233       0x33 ./Generated_Code/BitIoLdd4.o
 .ARM.attributes
                0x00000266       0x33 ./Generated_Code/BitIoLdd5.o
 .ARM.attributes
                0x00000299       0x33 ./Generated_Code/Cpu.o
 .ARM.attributes
                0x000002cc       0x33 ./Generated_Code/ENCODER.o
 .ARM.attributes
                0x000002ff       0x33 ./Generated_Code/ENCODER_PUSH.o
 .ARM.attributes
                0x00000332       0x33 ./Generated_Code/ExtIntLdd1.o
 .ARM.attributes
                0x00000365       0x33 ./Generated_Code/ExtIntLdd2.o
 .ARM.attributes
                0x00000398       0x33 ./Generated_Code/ExtIntLdd3.o
 .ARM.attributes
                0x000003cb       0x33 ./Generated_Code/ExtIntLdd4.o
 .ARM.attributes
                0x000003fe       0x33 ./Generated_Code/ExtIntLdd5.o
 .ARM.attributes
                0x00000431       0x33 ./Generated_Code/I2C0.o
 .ARM.attributes
                0x00000464       0x33 ./Generated_Code/IntI2cLdd1.o
 .ARM.attributes
                0x00000497       0x33 ./Generated_Code/LEVER_DIR1.o
 .ARM.attributes
                0x000004ca       0x33 ./Generated_Code/LEVER_DIR2.o
 .ARM.attributes
                0x000004fd       0x33 ./Generated_Code/PE_LDD.o
 .ARM.attributes
                0x00000530       0x33 ./Generated_Code/PUSH_BUTTON_REC.o
 .ARM.attributes
                0x00000563       0x33 ./Generated_Code/PUSH_BUTTON_SEND.o
 .ARM.attributes
                0x00000596       0x33 ./Generated_Code/T_100ms.o
 .ARM.attributes
                0x000005c9       0x33 ./Generated_Code/T_500ms.o
 .ARM.attributes
                0x000005fc       0x33 ./Generated_Code/Vectors.o
 .ARM.attributes
                0x0000062f       0x2e c:/freescale/kds_v3/toolchain/bin/../lib/gcc/arm-none-eabi/4.8.4/../../../../arm-none-eabi/lib/armv7e-m\libg_s.a(lib_a-exit.o)
 .ARM.attributes
                0x0000065d       0x2e c:/freescale/kds_v3/toolchain/bin/../lib/gcc/arm-none-eabi/4.8.4/../../../../arm-none-eabi/lib/armv7e-m\libg_s.a(lib_a-impure.o)
 .ARM.attributes
                0x0000068b       0x2e c:/freescale/kds_v3/toolchain/bin/../lib/gcc/arm-none-eabi/4.8.4/../../../../arm-none-eabi/lib/armv7e-m\libg_s.a(lib_a-init.o)
 .ARM.attributes
                0x000006b9       0x2e c:/freescale/kds_v3/toolchain/bin/../lib/gcc/arm-none-eabi/4.8.4/../../../../arm-none-eabi/lib/armv7e-m\libg_s.a(lib_a-memset.o)
 .ARM.attributes
                0x000006e7       0x1c c:/freescale/kds_v3/toolchain/bin/../lib/gcc/arm-none-eabi/4.8.4/../../../../arm-none-eabi/lib/armv7e-m\libg_s.a(lib_a-strcmp.o)
 .ARM.attributes
                0x00000703       0x2e c:/freescale/kds_v3/toolchain/bin/../lib/gcc/arm-none-eabi/4.8.4/../../../../arm-none-eabi/lib/armv7e-m\libg_s.a(lib_a-strlen.o)
 .ARM.attributes
                0x00000731       0x2e c:/freescale/kds_v3/toolchain/bin/../lib/gcc/arm-none-eabi/4.8.4/../../../../arm-none-eabi/lib/armv7e-m\libnosys.a(_exit.o)
 .ARM.attributes
                0x0000075f       0x1e c:/freescale/kds_v3/toolchain/bin/../lib/gcc/arm-none-eabi/4.8.4/armv7e-m/crtn.o
OUTPUT(varmo_lite.elf elf32-littlearm)

.debug_info     0x00000000     0x7816
 .debug_info    0x00000000      0x4dd ./Sources/Events.o
 .debug_info    0x000004dd      0x41c ./Sources/main.o
 .debug_info    0x000008f9      0x481 ./Sources/protocol.o
 .debug_info    0x00000d7a      0x20a ./Project_Settings/Startup_Code/startup.o
 .debug_info    0x00000f84      0x52b ./Generated_Code/AS1.o
 .debug_info    0x000014af      0x9dc ./Generated_Code/ASerialLdd1.o
 .debug_info    0x00001e8b      0x377 ./Generated_Code/BitIoLdd1.o
 .debug_info    0x00002202      0x377 ./Generated_Code/BitIoLdd2.o
 .debug_info    0x00002579      0x377 ./Generated_Code/BitIoLdd3.o
 .debug_info    0x000028f0      0x377 ./Generated_Code/BitIoLdd4.o
 .debug_info    0x00002c67      0x377 ./Generated_Code/BitIoLdd5.o
 .debug_info    0x00002fde      0xa82 ./Generated_Code/Cpu.o
 .debug_info    0x00003a60      0x647 ./Generated_Code/ENCODER.o
 .debug_info    0x000040a7       0xb2 ./Generated_Code/ENCODER_PUSH.o
 .debug_info    0x00004159      0x43c ./Generated_Code/ExtIntLdd1.o
 .debug_info    0x00004595      0x43c ./Generated_Code/ExtIntLdd2.o
 .debug_info    0x000049d1      0x43c ./Generated_Code/ExtIntLdd3.o
 .debug_info    0x00004e0d      0x43c ./Generated_Code/ExtIntLdd4.o
 .debug_info    0x00005249      0x43c ./Generated_Code/ExtIntLdd5.o
 .debug_info    0x00005685      0x47e ./Generated_Code/I2C0.o
 .debug_info    0x00005b03      0x9e5 ./Generated_Code/IntI2cLdd1.o
 .debug_info    0x000064e8       0xb2 ./Generated_Code/LEVER_DIR1.o
 .debug_info    0x0000659a       0xb2 ./Generated_Code/LEVER_DIR2.o
 .debug_info    0x0000664c      0x24d ./Generated_Code/PE_LDD.o
 .debug_info    0x00006899       0xb2 ./Generated_Code/PUSH_BUTTON_REC.o
 .debug_info    0x0000694b       0xb2 ./Generated_Code/PUSH_BUTTON_SEND.o
 .debug_info    0x000069fd      0x6c8 ./Generated_Code/T_100ms.o
 .debug_info    0x000070c5      0x63b ./Generated_Code/T_500ms.o
 .debug_info    0x00007700      0x116 ./Generated_Code/Vectors.o

.debug_abbrev   0x00000000     0x245b
 .debug_abbrev  0x00000000      0x1dd ./Sources/Events.o
 .debug_abbrev  0x000001dd      0x157 ./Sources/main.o
 .debug_abbrev  0x00000334      0x193 ./Sources/protocol.o
 .debug_abbrev  0x000004c7      0x11e ./Project_Settings/Startup_Code/startup.o
 .debug_abbrev  0x000005e5      0x1d6 ./Generated_Code/AS1.o
 .debug_abbrev  0x000007bb      0x1db ./Generated_Code/ASerialLdd1.o
 .debug_abbrev  0x00000996      0x15f ./Generated_Code/BitIoLdd1.o
 .debug_abbrev  0x00000af5      0x15f ./Generated_Code/BitIoLdd2.o
 .debug_abbrev  0x00000c54      0x15f ./Generated_Code/BitIoLdd3.o
 .debug_abbrev  0x00000db3      0x15f ./Generated_Code/BitIoLdd4.o
 .debug_abbrev  0x00000f12      0x15f ./Generated_Code/BitIoLdd5.o
 .debug_abbrev  0x00001071      0x178 ./Generated_Code/Cpu.o
 .debug_abbrev  0x000011e9      0x1ba ./Generated_Code/ENCODER.o
 .debug_abbrev  0x000013a3       0x68 ./Generated_Code/ENCODER_PUSH.o
 .debug_abbrev  0x0000140b      0x15d ./Generated_Code/ExtIntLdd1.o
 .debug_abbrev  0x00001568      0x15d ./Generated_Code/ExtIntLdd2.o
 .debug_abbrev  0x000016c5      0x15d ./Generated_Code/ExtIntLdd3.o
 .debug_abbrev  0x00001822      0x15d ./Generated_Code/ExtIntLdd4.o
 .debug_abbrev  0x0000197f      0x15d ./Generated_Code/ExtIntLdd5.o
 .debug_abbrev  0x00001adc      0x1c0 ./Generated_Code/I2C0.o
 .debug_abbrev  0x00001c9c      0x18b ./Generated_Code/IntI2cLdd1.o
 .debug_abbrev  0x00001e27       0x68 ./Generated_Code/LEVER_DIR1.o
 .debug_abbrev  0x00001e8f       0x68 ./Generated_Code/LEVER_DIR2.o
 .debug_abbrev  0x00001ef7      0x10d ./Generated_Code/PE_LDD.o
 .debug_abbrev  0x00002004       0x68 ./Generated_Code/PUSH_BUTTON_REC.o
 .debug_abbrev  0x0000206c       0x68 ./Generated_Code/PUSH_BUTTON_SEND.o
 .debug_abbrev  0x000020d4      0x179 ./Generated_Code/T_100ms.o
 .debug_abbrev  0x0000224d      0x16a ./Generated_Code/T_500ms.o
 .debug_abbrev  0x000023b7       0xa4 ./Generated_Code/Vectors.o

.debug_aranges  0x00000000      0x750
 .debug_aranges
                0x00000000       0xb0 ./Sources/Events.o
 .debug_aranges
                0x000000b0       0x20 ./Sources/main.o
 .debug_aranges
                0x000000d0       0x38 ./Sources/protocol.o
 .debug_aranges
                0x00000108       0x50 ./Project_Settings/Startup_Code/startup.o
 .debug_aranges
                0x00000158       0x90 ./Generated_Code/AS1.o
 .debug_aranges
                0x000001e8       0x50 ./Generated_Code/ASerialLdd1.o
 .debug_aranges
                0x00000238       0x48 ./Generated_Code/BitIoLdd1.o
 .debug_aranges
                0x00000280       0x48 ./Generated_Code/BitIoLdd2.o
 .debug_aranges
                0x000002c8       0x48 ./Generated_Code/BitIoLdd3.o
 .debug_aranges
                0x00000310       0x48 ./Generated_Code/BitIoLdd4.o
 .debug_aranges
                0x00000358       0x48 ./Generated_Code/BitIoLdd5.o
 .debug_aranges
                0x000003a0       0x48 ./Generated_Code/Cpu.o
 .debug_aranges
                0x000003e8       0x60 ./Generated_Code/ENCODER.o
 .debug_aranges
                0x00000448       0x20 ./Generated_Code/ENCODER_PUSH.o
 .debug_aranges
                0x00000468       0x30 ./Generated_Code/ExtIntLdd1.o
 .debug_aranges
                0x00000498       0x30 ./Generated_Code/ExtIntLdd2.o
 .debug_aranges
                0x000004c8       0x30 ./Generated_Code/ExtIntLdd3.o
 .debug_aranges
                0x000004f8       0x30 ./Generated_Code/ExtIntLdd4.o
 .debug_aranges
                0x00000528       0x30 ./Generated_Code/ExtIntLdd5.o
 .debug_aranges
                0x00000558       0x70 ./Generated_Code/I2C0.o
 .debug_aranges
                0x000005c8       0x60 ./Generated_Code/IntI2cLdd1.o
 .debug_aranges
                0x00000628       0x20 ./Generated_Code/LEVER_DIR1.o
 .debug_aranges
                0x00000648       0x20 ./Generated_Code/LEVER_DIR2.o
 .debug_aranges
                0x00000668       0x30 ./Generated_Code/PE_LDD.o
 .debug_aranges
                0x00000698       0x20 ./Generated_Code/PUSH_BUTTON_REC.o
 .debug_aranges
                0x000006b8       0x20 ./Generated_Code/PUSH_BUTTON_SEND.o
 .debug_aranges
                0x000006d8       0x38 ./Generated_Code/T_100ms.o
 .debug_aranges
                0x00000710       0x28 ./Generated_Code/T_500ms.o
 .debug_aranges
                0x00000738       0x18 ./Generated_Code/Vectors.o

.debug_ranges   0x00000000      0x578
 .debug_ranges  0x00000000       0xa0 ./Sources/Events.o
 .debug_ranges  0x000000a0       0x10 ./Sources/main.o
 .debug_ranges  0x000000b0       0x28 ./Sources/protocol.o
 .debug_ranges  0x000000d8       0x40 ./Project_Settings/Startup_Code/startup.o
 .debug_ranges  0x00000118       0x80 ./Generated_Code/AS1.o
 .debug_ranges  0x00000198       0x40 ./Generated_Code/ASerialLdd1.o
 .debug_ranges  0x000001d8       0x38 ./Generated_Code/BitIoLdd1.o
 .debug_ranges  0x00000210       0x38 ./Generated_Code/BitIoLdd2.o
 .debug_ranges  0x00000248       0x38 ./Generated_Code/BitIoLdd3.o
 .debug_ranges  0x00000280       0x38 ./Generated_Code/BitIoLdd4.o
 .debug_ranges  0x000002b8       0x38 ./Generated_Code/BitIoLdd5.o
 .debug_ranges  0x000002f0       0x38 ./Generated_Code/Cpu.o
 .debug_ranges  0x00000328       0x50 ./Generated_Code/ENCODER.o
 .debug_ranges  0x00000378       0x10 ./Generated_Code/ENCODER_PUSH.o
 .debug_ranges  0x00000388       0x20 ./Generated_Code/ExtIntLdd1.o
 .debug_ranges  0x000003a8       0x20 ./Generated_Code/ExtIntLdd2.o
 .debug_ranges  0x000003c8       0x20 ./Generated_Code/ExtIntLdd3.o
 .debug_ranges  0x000003e8       0x20 ./Generated_Code/ExtIntLdd4.o
 .debug_ranges  0x00000408       0x20 ./Generated_Code/ExtIntLdd5.o
 .debug_ranges  0x00000428       0x60 ./Generated_Code/I2C0.o
 .debug_ranges  0x00000488       0x50 ./Generated_Code/IntI2cLdd1.o
 .debug_ranges  0x000004d8       0x10 ./Generated_Code/LEVER_DIR1.o
 .debug_ranges  0x000004e8       0x10 ./Generated_Code/LEVER_DIR2.o
 .debug_ranges  0x000004f8       0x20 ./Generated_Code/PE_LDD.o
 .debug_ranges  0x00000518       0x10 ./Generated_Code/PUSH_BUTTON_REC.o
 .debug_ranges  0x00000528       0x10 ./Generated_Code/PUSH_BUTTON_SEND.o
 .debug_ranges  0x00000538       0x28 ./Generated_Code/T_100ms.o
 .debug_ranges  0x00000560       0x18 ./Generated_Code/T_500ms.o

.debug_macro    0x00000000    0x25b06
 .debug_macro   0x00000000      0x381 ./Sources/Events.o
 .debug_macro   0x00000381      0x84a ./Sources/Events.o
 .debug_macro   0x00000bcb       0x16 ./Sources/Events.o
 .debug_macro   0x00000be1       0x44 ./Sources/Events.o
 .debug_macro   0x00000c25      0x209 ./Sources/Events.o
 .debug_macro   0x00000e2e     0x1816 ./Sources/Events.o
 .debug_macro   0x00002644      0x14e ./Sources/Events.o
 .debug_macro   0x00002792       0x6a ./Sources/Events.o
 .debug_macro   0x000027fc     0xd4f6 ./Sources/Events.o
 .debug_macro   0x0000fcf2       0x9a ./Sources/Events.o
 .debug_macro   0x0000fd8c       0x94 ./Sources/Events.o
 .debug_macro   0x0000fe20      0x12c ./Sources/Events.o
 .debug_macro   0x0000ff4c       0x46 ./Sources/Events.o
 .debug_macro   0x0000ff92       0x26 ./Sources/Events.o
 .debug_macro   0x0000ffb8      0x6a6 ./Sources/Events.o
 .debug_macro   0x0001065e       0x51 ./Sources/Events.o
 .debug_macro   0x000106af       0x4c ./Sources/Events.o
 .debug_macro   0x000106fb       0x26 ./Sources/Events.o
 .debug_macro   0x00010721       0x4c ./Sources/Events.o
 .debug_macro   0x0001076d       0x26 ./Sources/Events.o
 .debug_macro   0x00010793       0x4c ./Sources/Events.o
 .debug_macro   0x000107df       0x26 ./Sources/Events.o
 .debug_macro   0x00010805       0x4c ./Sources/Events.o
 .debug_macro   0x00010851       0x26 ./Sources/Events.o
 .debug_macro   0x00010877      0x4ea ./Sources/Events.o
 .debug_macro   0x00010d61       0xa5 ./Sources/Events.o
 .debug_macro   0x00010e06       0x34 ./Sources/Events.o
 .debug_macro   0x00010e3a       0x34 ./Sources/Events.o
 .debug_macro   0x00010e6e       0x34 ./Sources/Events.o
 .debug_macro   0x00010ea2       0x67 ./Sources/Events.o
 .debug_macro   0x00010f09       0x5f ./Sources/Events.o
 .debug_macro   0x00010f68       0x12 ./Sources/Events.o
 .debug_macro   0x00010f7a       0x34 ./Sources/Events.o
 .debug_macro   0x00010fae       0x34 ./Sources/Events.o
 .debug_macro   0x00010fe2       0x6c ./Sources/Events.o
 .debug_macro   0x0001104e       0x20 ./Sources/Events.o
 .debug_macro   0x0001106e       0x22 ./Sources/Events.o
 .debug_macro   0x00011090       0x22 ./Sources/Events.o
 .debug_macro   0x000110b2       0x28 ./Sources/Events.o
 .debug_macro   0x000110da       0x58 ./Sources/Events.o
 .debug_macro   0x00011132       0x35 ./Sources/Events.o
 .debug_macro   0x00011167       0xa3 ./Sources/Events.o
 .debug_macro   0x0001120a       0x16 ./Sources/Events.o
 .debug_macro   0x00011220       0x97 ./Sources/Events.o
 .debug_macro   0x000112b7       0x10 ./Sources/Events.o
 .debug_macro   0x000112c7       0xef ./Sources/Events.o
 .debug_macro   0x000113b6       0x52 ./Sources/Events.o
 .debug_macro   0x00011408       0x16 ./Sources/Events.o
 .debug_macro   0x0001141e       0x43 ./Sources/Events.o
 .debug_macro   0x00011461      0x180 ./Sources/Events.o
 .debug_macro   0x000115e1       0x10 ./Sources/Events.o
 .debug_macro   0x000115f1       0x22 ./Sources/Events.o
 .debug_macro   0x00011613       0xbd ./Sources/Events.o
 .debug_macro   0x000116d0       0x16 ./Sources/Events.o
 .debug_macro   0x000116e6      0x14a ./Sources/Events.o
 .debug_macro   0x00011830      0x2a6 ./Sources/Events.o
 .debug_macro   0x00011ad6       0x10 ./Sources/Events.o
 .debug_macro   0x00011ae6       0x35 ./Sources/Events.o
 .debug_macro   0x00011b1b       0x52 ./Sources/Events.o
 .debug_macro   0x00011b6d      0x3c0 ./Sources/main.o
 .debug_macro   0x00011f2d       0x16 ./Sources/main.o
 .debug_macro   0x00011f43       0x22 ./Sources/main.o
 .debug_macro   0x00011f65      0x1e0 ./Sources/protocol.o
 .debug_macro   0x00012145      0x2ad ./Sources/protocol.o
 .debug_macro   0x000123f2       0x35 ./Sources/protocol.o
 .debug_macro   0x00012427       0x1f ./Sources/protocol.o
 .debug_macro   0x00012446     0x1816 ./Sources/protocol.o
 .debug_macro   0x00013c5c      0x121 ./Project_Settings/Startup_Code/startup.o
 .debug_macro   0x00013d7d      0x166 ./Project_Settings/Startup_Code/startup.o
 .debug_macro   0x00013ee3       0x4a ./Project_Settings/Startup_Code/startup.o
 .debug_macro   0x00013f2d       0x10 ./Project_Settings/Startup_Code/startup.o
 .debug_macro   0x00013f3d      0x20f ./Project_Settings/Startup_Code/startup.o
 .debug_macro   0x0001414c     0xd4ea ./Project_Settings/Startup_Code/startup.o
 .debug_macro   0x00021636      0x2ff ./Generated_Code/AS1.o
 .debug_macro   0x00021935       0x66 ./Generated_Code/AS1.o
 .debug_macro   0x0002199b       0xc5 ./Generated_Code/ASerialLdd1.o
 .debug_macro   0x00021a60       0x26 ./Generated_Code/ASerialLdd1.o
 .debug_macro   0x00021a86      0x7ab ./Generated_Code/ASerialLdd1.o
 .debug_macro   0x00022231      0x9f0 ./Generated_Code/ASerialLdd1.o
 .debug_macro   0x00022c21       0xa6 ./Generated_Code/BitIoLdd1.o
 .debug_macro   0x00022cc7       0xa6 ./Generated_Code/BitIoLdd2.o
 .debug_macro   0x00022d6d       0xa6 ./Generated_Code/BitIoLdd3.o
 .debug_macro   0x00022e13       0x46 ./Generated_Code/BitIoLdd3.o
 .debug_macro   0x00022e59       0xa6 ./Generated_Code/BitIoLdd4.o
 .debug_macro   0x00022eff       0xa6 ./Generated_Code/BitIoLdd5.o
 .debug_macro   0x00022fa5       0x46 ./Generated_Code/BitIoLdd5.o
 .debug_macro   0x00022feb      0x2b8 ./Generated_Code/Cpu.o
 .debug_macro   0x000232a3       0x2e ./Generated_Code/Cpu.o
 .debug_macro   0x000232d1      0x274 ./Generated_Code/ENCODER.o
 .debug_macro   0x00023545      0x270 ./Generated_Code/ENCODER_PUSH.o
 .debug_macro   0x000237b5       0xbf ./Generated_Code/ExtIntLdd1.o
 .debug_macro   0x00023874       0x2e ./Generated_Code/ExtIntLdd1.o
 .debug_macro   0x000238a2       0xbf ./Generated_Code/ExtIntLdd2.o
 .debug_macro   0x00023961       0x2e ./Generated_Code/ExtIntLdd2.o
 .debug_macro   0x0002398f       0xbf ./Generated_Code/ExtIntLdd3.o
 .debug_macro   0x00023a4e       0x2e ./Generated_Code/ExtIntLdd3.o
 .debug_macro   0x00023a7c       0xbf ./Generated_Code/ExtIntLdd4.o
 .debug_macro   0x00023b3b       0x2e ./Generated_Code/ExtIntLdd4.o
 .debug_macro   0x00023b69       0xbf ./Generated_Code/ExtIntLdd5.o
 .debug_macro   0x00023c28       0x2e ./Generated_Code/ExtIntLdd5.o
 .debug_macro   0x00023c56      0x2b4 ./Generated_Code/I2C0.o
 .debug_macro   0x00023f0a      0x29c ./Generated_Code/I2C0.o
 .debug_macro   0x000241a6       0xfa ./Generated_Code/IntI2cLdd1.o
 .debug_macro   0x000242a0      0x4e4 ./Generated_Code/IntI2cLdd1.o
 .debug_macro   0x00024784      0x270 ./Generated_Code/LEVER_DIR1.o
 .debug_macro   0x000249f4      0x270 ./Generated_Code/LEVER_DIR2.o
 .debug_macro   0x00024c64      0x222 ./Generated_Code/PE_LDD.o
 .debug_macro   0x00024e86      0x270 ./Generated_Code/PUSH_BUTTON_REC.o
 .debug_macro   0x000250f6      0x270 ./Generated_Code/PUSH_BUTTON_SEND.o
 .debug_macro   0x00025366      0x27a ./Generated_Code/T_100ms.o
 .debug_macro   0x000255e0      0x27a ./Generated_Code/T_500ms.o
 .debug_macro   0x0002585a      0x2ac ./Generated_Code/Vectors.o

.debug_line     0x00000000     0x8421
 .debug_line    0x00000000      0x72c ./Sources/Events.o
 .debug_line    0x0000072c      0x656 ./Sources/main.o
 .debug_line    0x00000d82      0x490 ./Sources/protocol.o
 .debug_line    0x00001212      0x3e1 ./Project_Settings/Startup_Code/startup.o
 .debug_line    0x000015f3      0x76f ./Generated_Code/AS1.o
 .debug_line    0x00001d62      0x3a6 ./Generated_Code/ASerialLdd1.o
 .debug_line    0x00002108      0x2e3 ./Generated_Code/BitIoLdd1.o
 .debug_line    0x000023eb      0x2e3 ./Generated_Code/BitIoLdd2.o
 .debug_line    0x000026ce      0x2e3 ./Generated_Code/BitIoLdd3.o
 .debug_line    0x000029b1      0x2e3 ./Generated_Code/BitIoLdd4.o
 .debug_line    0x00002c94      0x2e3 ./Generated_Code/BitIoLdd5.o
 .debug_line    0x00002f77      0x776 ./Generated_Code/Cpu.o
 .debug_line    0x000036ed      0x5ef ./Generated_Code/ENCODER.o
 .debug_line    0x00003cdc      0x501 ./Generated_Code/ENCODER_PUSH.o
 .debug_line    0x000041dd      0x2d3 ./Generated_Code/ExtIntLdd1.o
 .debug_line    0x000044b0      0x2d1 ./Generated_Code/ExtIntLdd2.o
 .debug_line    0x00004781      0x2d1 ./Generated_Code/ExtIntLdd3.o
 .debug_line    0x00004a52      0x2d7 ./Generated_Code/ExtIntLdd4.o
 .debug_line    0x00004d29      0x2d6 ./Generated_Code/ExtIntLdd5.o
 .debug_line    0x00004fff      0x5fd ./Generated_Code/I2C0.o
 .debug_line    0x000055fc      0x431 ./Generated_Code/IntI2cLdd1.o
 .debug_line    0x00005a2d      0x4fd ./Generated_Code/LEVER_DIR1.o
 .debug_line    0x00005f2a      0x4fd ./Generated_Code/LEVER_DIR2.o
 .debug_line    0x00006427      0x498 ./Generated_Code/PE_LDD.o
 .debug_line    0x000068bf      0x507 ./Generated_Code/PUSH_BUTTON_REC.o
 .debug_line    0x00006dc6      0x509 ./Generated_Code/PUSH_BUTTON_SEND.o
 .debug_line    0x000072cf      0x554 ./Generated_Code/T_100ms.o
 .debug_line    0x00007823      0x532 ./Generated_Code/T_500ms.o
 .debug_line    0x00007d55      0x6cc ./Generated_Code/Vectors.o

.debug_str      0x00000000    0x77921
 .debug_str     0x00000000    0x63d5e ./Sources/Events.o
                              0x63f7a (size before relaxing)
 .debug_str     0x00063d5e       0xf5 ./Sources/main.o
                              0x63eb3 (size before relaxing)
 .debug_str     0x00063e53      0x5e9 ./Sources/protocol.o
                              0x55e6b (size before relaxing)
 .debug_str     0x0006443c      0x110 ./Project_Settings/Startup_Code/startup.o
                              0x4c40d (size before relaxing)
 .debug_str     0x0006454c      0x324 ./Generated_Code/AS1.o
                              0x6102f (size before relaxing)
 .debug_str     0x00064870     0xebef ./Generated_Code/ASerialLdd1.o
                              0x60b78 (size before relaxing)
 .debug_str     0x0007345f       0xf3 ./Generated_Code/BitIoLdd1.o
                              0x5281d (size before relaxing)
 .debug_str     0x00073552       0xb1 ./Generated_Code/BitIoLdd2.o
                              0x5281d (size before relaxing)
 .debug_str     0x00073603       0xb1 ./Generated_Code/BitIoLdd3.o
                              0x5281d (size before relaxing)
 .debug_str     0x000736b4       0xb1 ./Generated_Code/BitIoLdd4.o
                              0x5281d (size before relaxing)
 .debug_str     0x00073765       0xb1 ./Generated_Code/BitIoLdd5.o
                              0x5281d (size before relaxing)
 .debug_str     0x00073816      0x250 ./Generated_Code/Cpu.o
                              0x610b6 (size before relaxing)
 .debug_str     0x00073a66      0x18a ./Generated_Code/ENCODER.o
                              0x60fda (size before relaxing)
 .debug_str     0x00073bf0       0x38 ./Generated_Code/ENCODER_PUSH.o
                              0x60cc9 (size before relaxing)
 .debug_str     0x00073c28       0x87 ./Generated_Code/ExtIntLdd1.o
                              0x55d22 (size before relaxing)
 .debug_str     0x00073caf       0x87 ./Generated_Code/ExtIntLdd2.o
                              0x55d1c (size before relaxing)
 .debug_str     0x00073d36       0x87 ./Generated_Code/ExtIntLdd3.o
                              0x55d1c (size before relaxing)
 .debug_str     0x00073dbd       0x87 ./Generated_Code/ExtIntLdd4.o
                              0x55d28 (size before relaxing)
 .debug_str     0x00073e44       0x87 ./Generated_Code/ExtIntLdd5.o
                              0x55d26 (size before relaxing)
 .debug_str     0x00073ecb     0x32da ./Generated_Code/I2C0.o
                              0x6402b (size before relaxing)
 .debug_str     0x000771a5      0x2e5 ./Generated_Code/IntI2cLdd1.o
                              0x58aa6 (size before relaxing)
 .debug_str     0x0007748a       0x36 ./Generated_Code/LEVER_DIR1.o
                              0x60cc7 (size before relaxing)
 .debug_str     0x000774c0       0x36 ./Generated_Code/LEVER_DIR2.o
                              0x60cc7 (size before relaxing)
 .debug_str     0x000774f6      0x177 ./Generated_Code/PE_LDD.o
                              0x60e4e (size before relaxing)
 .debug_str     0x0007766d       0x3b ./Generated_Code/PUSH_BUTTON_REC.o
                              0x60ccc (size before relaxing)
 .debug_str     0x000776a8       0x3c ./Generated_Code/PUSH_BUTTON_SEND.o
                              0x60ccd (size before relaxing)
 .debug_str     0x000776e4      0x19b ./Generated_Code/T_100ms.o
                              0x61012 (size before relaxing)
 .debug_str     0x0007787f       0x86 ./Generated_Code/T_500ms.o
                              0x60fbf (size before relaxing)
 .debug_str     0x00077905       0x1c ./Generated_Code/Vectors.o
                              0x60ce6 (size before relaxing)

.comment        0x00000000       0x70
 .comment       0x00000000       0x70 ./Sources/Events.o
                                 0x71 (size before relaxing)
 .comment       0x00000000       0x71 ./Sources/main.o
 .comment       0x00000000       0x71 ./Sources/protocol.o
 .comment       0x00000000       0x71 ./Project_Settings/Startup_Code/startup.o
 .comment       0x00000000       0x71 ./Generated_Code/AS1.o
 .comment       0x00000000       0x71 ./Generated_Code/ASerialLdd1.o
 .comment       0x00000000       0x71 ./Generated_Code/BitIoLdd1.o
 .comment       0x00000000       0x71 ./Generated_Code/BitIoLdd2.o
 .comment       0x00000000       0x71 ./Generated_Code/BitIoLdd3.o
 .comment       0x00000000       0x71 ./Generated_Code/BitIoLdd4.o
 .comment       0x00000000       0x71 ./Generated_Code/BitIoLdd5.o
 .comment       0x00000000       0x71 ./Generated_Code/Cpu.o
 .comment       0x00000000       0x71 ./Generated_Code/ENCODER.o
 .comment       0x00000000       0x71 ./Generated_Code/ENCODER_PUSH.o
 .comment       0x00000000       0x71 ./Generated_Code/ExtIntLdd1.o
 .comment       0x00000000       0x71 ./Generated_Code/ExtIntLdd2.o
 .comment       0x00000000       0x71 ./Generated_Code/ExtIntLdd3.o
 .comment       0x00000000       0x71 ./Generated_Code/ExtIntLdd4.o
 .comment       0x00000000       0x71 ./Generated_Code/ExtIntLdd5.o
 .comment       0x00000000       0x71 ./Generated_Code/I2C0.o
 .comment       0x00000000       0x71 ./Generated_Code/IntI2cLdd1.o
 .comment       0x00000000       0x71 ./Generated_Code/LEVER_DIR1.o
 .comment       0x00000000       0x71 ./Generated_Code/LEVER_DIR2.o
 .comment       0x00000000       0x71 ./Generated_Code/PE_LDD.o
 .comment       0x00000000       0x71 ./Generated_Code/PUSH_BUTTON_REC.o
 .comment       0x00000000       0x71 ./Generated_Code/PUSH_BUTTON_SEND.o
 .comment       0x00000000       0x71 ./Generated_Code/T_100ms.o
 .comment       0x00000000       0x71 ./Generated_Code/T_500ms.o
 .comment       0x00000000       0x71 ./Generated_Code/Vectors.o

.debug_frame    0x00000000     0x1314
 .debug_frame   0x00000000      0x200 ./Sources/Events.o
 .debug_frame   0x00000200       0x38 ./Sources/main.o
 .debug_frame   0x00000238       0x94 ./Sources/protocol.o
 .debug_frame   0x000002cc       0xc0 ./Project_Settings/Startup_Code/startup.o
 .debug_frame   0x0000038c      0x1cc ./Generated_Code/AS1.o
 .debug_frame   0x00000558       0xec ./Generated_Code/ASerialLdd1.o
 .debug_frame   0x00000644       0xb8 ./Generated_Code/BitIoLdd1.o
 .debug_frame   0x000006fc       0xb8 ./Generated_Code/BitIoLdd2.o
 .debug_frame   0x000007b4       0xb8 ./Generated_Code/BitIoLdd3.o
 .debug_frame   0x0000086c       0xb8 ./Generated_Code/BitIoLdd4.o
 .debug_frame   0x00000924       0xb8 ./Generated_Code/BitIoLdd5.o
 .debug_frame   0x000009dc       0xc8 ./Generated_Code/Cpu.o
 .debug_frame   0x00000aa4      0x110 ./Generated_Code/ENCODER.o
 .debug_frame   0x00000bb4       0x30 ./Generated_Code/ENCODER_PUSH.o
 .debug_frame   0x00000be4       0x68 ./Generated_Code/ExtIntLdd1.o
 .debug_frame   0x00000c4c       0x68 ./Generated_Code/ExtIntLdd2.o
 .debug_frame   0x00000cb4       0x68 ./Generated_Code/ExtIntLdd3.o
 .debug_frame   0x00000d1c       0x68 ./Generated_Code/ExtIntLdd4.o
 .debug_frame   0x00000d84       0x68 ./Generated_Code/ExtIntLdd5.o
 .debug_frame   0x00000dec      0x160 ./Generated_Code/I2C0.o
 .debug_frame   0x00000f4c      0x118 ./Generated_Code/IntI2cLdd1.o
 .debug_frame   0x00001064       0x30 ./Generated_Code/LEVER_DIR1.o
 .debug_frame   0x00001094       0x30 ./Generated_Code/LEVER_DIR2.o
 .debug_frame   0x000010c4       0x64 ./Generated_Code/PE_LDD.o
 .debug_frame   0x00001128       0x30 ./Generated_Code/PUSH_BUTTON_REC.o
 .debug_frame   0x00001158       0x30 ./Generated_Code/PUSH_BUTTON_SEND.o
 .debug_frame   0x00001188       0x88 ./Generated_Code/T_100ms.o
 .debug_frame   0x00001210       0x50 ./Generated_Code/T_500ms.o
 .debug_frame   0x00001260       0x28 c:/freescale/kds_v3/toolchain/bin/../lib/gcc/arm-none-eabi/4.8.4/../../../../arm-none-eabi/lib/armv7e-m\libg_s.a(lib_a-exit.o)
 .debug_frame   0x00001288       0x2c c:/freescale/kds_v3/toolchain/bin/../lib/gcc/arm-none-eabi/4.8.4/../../../../arm-none-eabi/lib/armv7e-m\libg_s.a(lib_a-init.o)
 .debug_frame   0x000012b4       0x20 c:/freescale/kds_v3/toolchain/bin/../lib/gcc/arm-none-eabi/4.8.4/../../../../arm-none-eabi/lib/armv7e-m\libg_s.a(lib_a-memset.o)
 .debug_frame   0x000012d4       0x20 c:/freescale/kds_v3/toolchain/bin/../lib/gcc/arm-none-eabi/4.8.4/../../../../arm-none-eabi/lib/armv7e-m\libg_s.a(lib_a-strlen.o)
 .debug_frame   0x000012f4       0x20 c:/freescale/kds_v3/toolchain/bin/../lib/gcc/arm-none-eabi/4.8.4/../../../../arm-none-eabi/lib/armv7e-m\libnosys.a(_exit.o)

.stabstr        0x00000000       0x76
 .stabstr       0x00000000       0x76 c:/freescale/kds_v3/toolchain/bin/../lib/gcc/arm-none-eabi/4.8.4/../../../../arm-none-eabi/lib/armv7e-m\libnosys.a(getpid.o)
