Archive member included because of file (symbol)

c:/freescale/kds_v3/toolchain/bin/../lib/gcc/arm-none-eabi/4.8.4/../../../../arm-none-eabi/lib/armv7e-m\libg_s.a(lib_a-exit.o)
                              c:/freescale/kds_v3/toolchain/bin/../lib/gcc/arm-none-eabi/4.8.4/../../../../arm-none-eabi/lib/armv7e-m/crt0.o (exit)
c:/freescale/kds_v3/toolchain/bin/../lib/gcc/arm-none-eabi/4.8.4/../../../../arm-none-eabi/lib/armv7e-m\libg_s.a(lib_a-impure.o)
                              c:/freescale/kds_v3/toolchain/bin/../lib/gcc/arm-none-eabi/4.8.4/../../../../arm-none-eabi/lib/armv7e-m\libg_s.a(lib_a-exit.o) (_global_impure_ptr)
c:/freescale/kds_v3/toolchain/bin/../lib/gcc/arm-none-eabi/4.8.4/../../../../arm-none-eabi/lib/armv7e-m\libg_s.a(lib_a-init.o)
                              c:/freescale/kds_v3/toolchain/bin/../lib/gcc/arm-none-eabi/4.8.4/../../../../arm-none-eabi/lib/armv7e-m/crt0.o (__libc_init_array)
c:/freescale/kds_v3/toolchain/bin/../lib/gcc/arm-none-eabi/4.8.4/../../../../arm-none-eabi/lib/armv7e-m\libg_s.a(lib_a-memset.o)
                              c:/freescale/kds_v3/toolchain/bin/../lib/gcc/arm-none-eabi/4.8.4/../../../../arm-none-eabi/lib/armv7e-m/crt0.o (memset)
c:/freescale/kds_v3/toolchain/bin/../lib/gcc/arm-none-eabi/4.8.4/../../../../arm-none-eabi/lib/armv7e-m\libnosys.a(_exit.o)
                              c:/freescale/kds_v3/toolchain/bin/../lib/gcc/arm-none-eabi/4.8.4/../../../../arm-none-eabi/lib/armv7e-m\libg_s.a(lib_a-exit.o) (_exit)

Allocating common symbols
Common symbol       size              file

i                   0x4               ./Sources/Events.o
SR_reg              0x1               ./Generated_Code/Cpu.o

Discarded input sections

 .text          0x00000000        0x0 c:/freescale/kds_v3/toolchain/bin/../lib/gcc/arm-none-eabi/4.8.4/armv7e-m/crti.o
 .data          0x00000000        0x0 c:/freescale/kds_v3/toolchain/bin/../lib/gcc/arm-none-eabi/4.8.4/armv7e-m/crti.o
 .bss           0x00000000        0x0 c:/freescale/kds_v3/toolchain/bin/../lib/gcc/arm-none-eabi/4.8.4/armv7e-m/crti.o
 .data          0x00000000        0x4 c:/freescale/kds_v3/toolchain/bin/../lib/gcc/arm-none-eabi/4.8.4/armv7e-m/crtbegin.o
 .data          0x00000000        0x0 c:/freescale/kds_v3/toolchain/bin/../lib/gcc/arm-none-eabi/4.8.4/../../../../arm-none-eabi/lib/armv7e-m/crt0.o
 .bss           0x00000000        0x0 c:/freescale/kds_v3/toolchain/bin/../lib/gcc/arm-none-eabi/4.8.4/../../../../arm-none-eabi/lib/armv7e-m/crt0.o
 .ARM.extab     0x00000000        0x0 c:/freescale/kds_v3/toolchain/bin/../lib/gcc/arm-none-eabi/4.8.4/../../../../arm-none-eabi/lib/armv7e-m/crt0.o
 .group         0x00000000        0x8 ./Sources/Events.o
 .group         0x00000000        0x8 ./Sources/Events.o
 .group         0x00000000        0x8 ./Sources/Events.o
 .group         0x00000000        0x8 ./Sources/Events.o
 .group         0x00000000        0x8 ./Sources/Events.o
 .group         0x00000000        0x8 ./Sources/Events.o
 .group         0x00000000        0x8 ./Sources/Events.o
 .group         0x00000000        0x8 ./Sources/Events.o
 .group         0x00000000        0x8 ./Sources/Events.o
 .group         0x00000000        0x8 ./Sources/Events.o
 .group         0x00000000        0x8 ./Sources/Events.o
 .group         0x00000000        0x8 ./Sources/Events.o
 .group         0x00000000        0x8 ./Sources/Events.o
 .group         0x00000000        0x8 ./Sources/Events.o
 .group         0x00000000        0x8 ./Sources/Events.o
 .group         0x00000000        0x8 ./Sources/Events.o
 .group         0x00000000        0x8 ./Sources/Events.o
 .group         0x00000000        0x8 ./Sources/Events.o
 .group         0x00000000        0x8 ./Sources/Events.o
 .group         0x00000000        0x8 ./Sources/Events.o
 .group         0x00000000        0x8 ./Sources/Events.o
 .group         0x00000000        0x8 ./Sources/Events.o
 .group         0x00000000        0x8 ./Sources/Events.o
 .group         0x00000000        0x8 ./Sources/Events.o
 .group         0x00000000        0x8 ./Sources/Events.o
 .group         0x00000000        0x8 ./Sources/Events.o
 .text          0x00000000        0x0 ./Sources/Events.o
 .data          0x00000000        0x0 ./Sources/Events.o
 .bss           0x00000000        0x0 ./Sources/Events.o
 .data.encoder  0x00000000        0x4 ./Sources/Events.o
 COMMON         0x00000000        0x4 ./Sources/Events.o
 .group         0x00000000        0x8 ./Sources/display.o
 .group         0x00000000        0x8 ./Sources/display.o
 .group         0x00000000        0x8 ./Sources/display.o
 .group         0x00000000        0x8 ./Sources/display.o
 .group         0x00000000        0x8 ./Sources/display.o
 .group         0x00000000        0x8 ./Sources/display.o
 .group         0x00000000        0x8 ./Sources/display.o
 .group         0x00000000        0x8 ./Sources/display.o
 .group         0x00000000        0x8 ./Sources/display.o
 .group         0x00000000        0x8 ./Sources/display.o
[...]
Memory Configuration

Name             Origin             Length             Attributes
m_interrupts     0x00000000         0x000001bc         xr
m_text           0x00000410         0x0003fbf0         xr
m_data           0x1fff8000         0x00008000         rw
m_data_20000000  0x20000000         0x00008000         rw
m_cfmprotrom     0x00000400         0x00000010         xr
*default*        0x00000000         0xffffffff

Linker script and memory map

LOAD c:/freescale/kds_v3/toolchain/bin/../lib/gcc/arm-none-eabi/4.8.4/armv7e-m/crti.o
LOAD c:/freescale/kds_v3/toolchain/bin/../lib/gcc/arm-none-eabi/4.8.4/armv7e-m/crtbegin.o
LOAD c:/freescale/kds_v3/toolchain/bin/../lib/gcc/arm-none-eabi/4.8.4/../../../../arm-none-eabi/lib/armv7e-m/crt0.o
LOAD ./Sources/Events.o
LOAD ./Sources/display.o
LOAD ./Sources/main.o
LOAD ./Project_Settings/Startup_Code/startup.o
LOAD ./Generated_Code/BitIoLdd1.o
LOAD ./Generated_Code/BitIoLdd2.o
LOAD ./Generated_Code/BitIoLdd3.o
LOAD ./Generated_Code/BitIoLdd4.o
LOAD ./Generated_Code/BitIoLdd5.o
LOAD ./Generated_Code/Cpu.o
LOAD ./Generated_Code/ENCODER.o
LOAD ./Generated_Code/ENCODER_PUSH.o
LOAD ./Generated_Code/ExtIntLdd1.o
LOAD ./Generated_Code/LED_DEBUG.o
LOAD ./Generated_Code/LED_STATUS_1.o
LOAD ./Generated_Code/LED_STATUS_2.o
LOAD ./Generated_Code/LED_STATUS_3.o
LOAD ./Generated_Code/LED_STATUS_4.o
LOAD ./Generated_Code/PE_LDD.o
LOAD ./Generated_Code/TU1.o
LOAD ./Generated_Code/Vectors.o
LOAD c:/freescale/kds_v3/toolchain/bin/../lib/gcc/arm-none-eabi/4.8.4/../../../../arm-none-eabi/lib/armv7e-m\libstdc++_s.a
LOAD c:/freescale/kds_v3/toolchain/bin/../lib/gcc/arm-none-eabi/4.8.4/../../../../arm-none-eabi/lib/armv7e-m\libm.a
START GROUP
LOAD c:/freescale/kds_v3/toolchain/bin/../lib/gcc/arm-none-eabi/4.8.4/armv7e-m\libgcc.a
LOAD c:/freescale/kds_v3/toolchain/bin/../lib/gcc/arm-none-eabi/4.8.4/../../../../arm-none-eabi/lib/armv7e-m\libg_s.a
LOAD c:/freescale/kds_v3/toolchain/bin/../lib/gcc/arm-none-eabi/4.8.4/../../../../arm-none-eabi/lib/armv7e-m\libc_s.a
END GROUP
START GROUP
LOAD c:/freescale/kds_v3/toolchain/bin/../lib/gcc/arm-none-eabi/4.8.4/armv7e-m\libgcc.a
LOAD c:/freescale/kds_v3/toolchain/bin/../lib/gcc/arm-none-eabi/4.8.4/../../../../arm-none-eabi/lib/armv7e-m\libc_s.a
LOAD c:/freescale/kds_v3/toolchain/bin/../lib/gcc/arm-none-eabi/4.8.4/../../../../arm-none-eabi/lib/armv7e-m\libnosys.a
END GROUP
START GROUP
LOAD c:/freescale/kds_v3/toolchain/bin/../lib/gcc/arm-none-eabi/4.8.4/armv7e-m\libgcc.a
LOAD c:/freescale/kds_v3/toolchain/bin/../lib/gcc/arm-none-eabi/4.8.4/../../../../arm-none-eabi/lib/armv7e-m\libc_s.a
LOAD c:/freescale/kds_v3/toolchain/bin/../lib/gcc/arm-none-eabi/4.8.4/../../../../arm-none-eabi/lib/armv7e-m\libnosys.a
END GROUP
LOAD c:/freescale/kds_v3/toolchain/bin/../lib/gcc/arm-none-eabi/4.8.4/armv7e-m/crtend.o
LOAD c:/freescale/kds_v3/toolchain/bin/../lib/gcc/arm-none-eabi/4.8.4/armv7e-m/crtn.o
                0x20000000                _estack = 0x20000000
                0x20000000                __SP_INIT = _estack
                0x20000000                __stack = _estack
                0x00000000                __heap_size = 0x0
                0x00000400                __stack_size = 0x400

.interrupts     0x00000000      0x1bc
                0x00000000                __vector_table = .
                0x00000000                . = ALIGN (0x4)
 *(.vectortable)
 .vectortable   0x00000000      0x1bc ./Generated_Code/Vectors.o
                0x00000000                __vect_table
                0x000001bc                . = ALIGN (0x4)

.cfmprotect     0x00000400       0x10
                0x00000400                . = ALIGN (0x4)
 *(.cfmconfig)
 .cfmconfig     0x00000400       0x10 ./Generated_Code/Cpu.o
                0x00000400                _cfm
                0x00000410                . = ALIGN (0x4)

.text           0x00000410      0xb58
                0x00000410                . = ALIGN (0x4)
 *(.text)
 .text          0x00000410       0x54 c:/freescale/kds_v3/toolchain/bin/../lib/gcc/arm-none-eabi/4.8.4/armv7e-m/crtbegin.o
 .text          0x00000464       0x74 c:/freescale/kds_v3/toolchain/bin/../lib/gcc/arm-none-eabi/4.8.4/../../../../arm-none-eabi/lib/armv7e-m/crt0.o
                0x00000464                _start
                0x00000464                _mainCRTStartup
 *(.text*)
 .text.Cpu_OnNMIINT
                0x000004d8        0xc ./Sources/Events.o
                0x000004d8                Cpu_OnNMIINT
 .text.TU1_OnCounterRestart
                0x000004e4       0x14 ./Sources/Events.o
                0x000004e4                TU1_OnCounterRestart
 .text.ENCODER_OnPortEvent
                0x000004f8       0x1c ./Sources/Events.o
                0x000004f8                ENCODER_OnPortEvent
 .text.ENCODER_PUSH_OnInterrupt
                0x00000514       0x14 ./Sources/Events.o
                0x00000514                ENCODER_PUSH_OnInterrupt
 .text.main     0x00000528        0xc ./Sources/main.o
                0x00000528                main
 .text.__copy_rom_section
                0x00000534       0xe4 ./Project_Settings/Startup_Code/startup.o
                0x00000534                __copy_rom_section
 .text.__copy_rom_sections_to_ram
                0x00000618       0x9c ./Project_Settings/Startup_Code/startup.o
                0x00000618                __copy_rom_sections_to_ram
 .text.__init_registers
                0x000006b4        0xc ./Project_Settings/Startup_Code/startup.o
                0x000006b4                __init_registers
 .text.__init_user
                0x000006c0        0xc ./Project_Settings/Startup_Code/startup.o
                0x000006c0                __init_user
 .text.__thumb_startup
                0x000006cc       0x34 ./Project_Settings/Startup_Code/startup.o
                0x000006cc                __thumb_startup
 .text.BitIoLdd1_Init
                0x00000700       0x64 ./Generated_Code/BitIoLdd1.o
                0x00000700                BitIoLdd1_Init
 .text.BitIoLdd1_NegVal
                0x00000764       0x1c ./Generated_Code/BitIoLdd1.o
                0x00000764                BitIoLdd1_NegVal
 .text.BitIoLdd2_Init
                0x00000780       0x64 ./Generated_Code/BitIoLdd2.o
                0x00000780                BitIoLdd2_Init
 .text.BitIoLdd2_NegVal
                0x000007e4       0x1c ./Generated_Code/BitIoLdd2.o
                0x000007e4                BitIoLdd2_NegVal
 .text.BitIoLdd3_Init
                0x00000800       0x64 ./Generated_Code/BitIoLdd3.o
                0x00000800                BitIoLdd3_Init
 .text.BitIoLdd4_Init
                0x00000864       0x64 ./Generated_Code/BitIoLdd4.o
                0x00000864                BitIoLdd4_Init
 .text.BitIoLdd5_Init
                0x000008c8       0x64 ./Generated_Code/BitIoLdd5.o
                0x000008c8                BitIoLdd5_Init
 .text.Cpu_ivINT_PORTC
                0x0000092c       0x20 ./Generated_Code/Cpu.o
                0x0000092c                Cpu_ivINT_PORTC
 .text.Cpu_INT_NMIInterrupt
                0x0000094c       0x1c ./Generated_Code/Cpu.o
                0x0000094c                Cpu_INT_NMIInterrupt
 .text.Cpu_Interrupt
                0x00000968       0x18 ./Generated_Code/Cpu.o
                0x00000968                Cpu_Interrupt
 .text.__init_hardware
                0x00000980      0x140 ./Generated_Code/Cpu.o
                0x00000980                __init_hardware
 .text.Cpu_SetBASEPRI
                0x00000ac0       0x18 ./Generated_Code/Cpu.o
                0x00000ac0                Cpu_SetBASEPRI
 .text.PE_low_level_init
                0x00000ad8       0xe8 ./Generated_Code/Cpu.o
                0x00000ad8                PE_low_level_init
 .text.ENCODER_Init
                0x00000bc0       0xb0 ./Generated_Code/ENCODER.o
                0x00000bc0                ENCODER_Init
 .text.ENCODER_Interrupt
                0x00000c70       0x4c ./Generated_Code/ENCODER.o
                0x00000c70                ENCODER_Interrupt
 .text.ExtIntLdd1_OnInterrupt
                0x00000cbc       0x14 ./Generated_Code/ENCODER_PUSH.o
                0x00000cbc                ExtIntLdd1_OnInterrupt
 .text.ExtIntLdd1_Init
                0x00000cd0       0x7c ./Generated_Code/ExtIntLdd1.o
                0x00000cd0                ExtIntLdd1_Init
 .text.ExtIntLdd1_Interrupt
                0x00000d4c       0x3c ./Generated_Code/ExtIntLdd1.o
                0x00000d4c                ExtIntLdd1_Interrupt
 .text.TU1_Init
                0x00000d88       0xcc ./Generated_Code/TU1.o
                0x00000d88                TU1_Init
 .text.TU1_Interrupt
                0x00000e54       0x6c ./Generated_Code/TU1.o
                0x00000e54                TU1_Interrupt
 .text.exit     0x00000ec0       0x28 c:/freescale/kds_v3/toolchain/bin/../lib/gcc/arm-none-eabi/4.8.4/../../../../arm-none-eabi/lib/armv7e-m\libg_s.a(lib_a-exit.o)
                0x00000ec0                exit
 .text.__libc_init_array
                0x00000ee8       0x4c c:/freescale/kds_v3/toolchain/bin/../lib/gcc/arm-none-eabi/4.8.4/../../../../arm-none-eabi/lib/armv7e-m\libg_s.a(lib_a-init.o)
                0x00000ee8                __libc_init_array
 .text.memset   0x00000f34       0x10 c:/freescale/kds_v3/toolchain/bin/../lib/gcc/arm-none-eabi/4.8.4/../../../../arm-none-eabi/lib/armv7e-m\libg_s.a(lib_a-memset.o)
                0x00000f34                memset
 .text._exit    0x00000f44        0x4 c:/freescale/kds_v3/toolchain/bin/../lib/gcc/arm-none-eabi/4.8.4/../../../../arm-none-eabi/lib/armv7e-m\libnosys.a(_exit.o)
                0x00000f44                _exit
 *(.rodata)
 *(.rodata*)
 .rodata.str1.1
                0x00000f48        0x2 c:/freescale/kds_v3/toolchain/bin/../lib/gcc/arm-none-eabi/4.8.4/../../../../arm-none-eabi/lib/armv7e-m\libg_s.a(lib_a-impure.o)
 *fill*         0x00000f4a        0x2 
 .rodata._global_impure_ptr
                0x00000f4c        0x4 c:/freescale/kds_v3/toolchain/bin/../lib/gcc/arm-none-eabi/4.8.4/../../../../arm-none-eabi/lib/armv7e-m\libg_s.a(lib_a-impure.o)
                0x00000f4c                _global_impure_ptr
 *(.glue_7)
 .glue_7        0x00000000        0x0 linker stubs
 *(.glue_7t)
 .glue_7t       0x00000000        0x0 linker stubs
 *(.eh_frame)
 .eh_frame      0x00000f50        0x0 c:/freescale/kds_v3/toolchain/bin/../lib/gcc/arm-none-eabi/4.8.4/armv7e-m/crtbegin.o
 *(.init)
 .init          0x00000f50        0x4 c:/freescale/kds_v3/toolchain/bin/../lib/gcc/arm-none-eabi/4.8.4/armv7e-m/crti.o
                0x00000f50                _init
 .init          0x00000f54        0x8 c:/freescale/kds_v3/toolchain/bin/../lib/gcc/arm-none-eabi/4.8.4/armv7e-m/crtn.o
 *(.fini)
 .fini          0x00000f5c        0x4 c:/freescale/kds_v3/toolchain/bin/../lib/gcc/arm-none-eabi/4.8.4/armv7e-m/crti.o
                0x00000f5c                _fini
 .fini          0x00000f60        0x8 c:/freescale/kds_v3/toolchain/bin/../lib/gcc/arm-none-eabi/4.8.4/armv7e-m/crtn.o
                0x00000f68                . = ALIGN (0x4)
                0x00000f68                _etext = .

.vfp11_veneer   0x00000f68        0x0
 .vfp11_veneer  0x00000000        0x0 linker stubs

.v4_bx          0x00000f68        0x0
 .v4_bx         0x00000000        0x0 linker stubs

.iplt           0x00000f68        0x0
 .iplt          0x00000000        0x0 c:/freescale/kds_v3/toolchain/bin/../lib/gcc/arm-none-eabi/4.8.4/armv7e-m/crtbegin.o

.ARM.extab
 *(.ARM.extab* .gnu.linkonce.armextab.*)

.ARM            0x00000f68        0x8
                0x00000f68                __exidx_start = .
 *(.ARM.exidx*)
 .ARM.exidx     0x00000f68        0x8 c:/freescale/kds_v3/toolchain/bin/../lib/gcc/arm-none-eabi/4.8.4/../../../../arm-none-eabi/lib/armv7e-m/crt0.o
                0x00000f70                __exidx_end = .

.rel.dyn        0x00000f70        0x0
 .rel.iplt      0x00000000        0x0 c:/freescale/kds_v3/toolchain/bin/../lib/gcc/arm-none-eabi/4.8.4/armv7e-m/crtbegin.o

.ctors          0x00000f70        0x0
                0x00000f70                __CTOR_LIST__ = .
 *crtbegin.o(.ctors)
 *(EXCLUDE_FILE(*crtend.o) .ctors)
 *(SORT(.ctors.*))
 *(.ctors)
                0x00000f70                __CTOR_END__ = .

.dtors          0x00000f70        0x0
                0x00000f70                __DTOR_LIST__ = .
 *crtbegin.o(.dtors)
 *(EXCLUDE_FILE(*crtend.o) .dtors)
 *(SORT(.dtors.*))
 *(.dtors)
                0x00000f70                __DTOR_END__ = .

.preinit_array  0x00000f70        0x0
                0x00000f70                PROVIDE (__preinit_array_start, .)
 *(.preinit_array*)
                0x00000f70                PROVIDE (__preinit_array_end, .)

.init_array     0x00000f70        0x4
                0x00000f70                PROVIDE (__init_array_start, .)
 *(SORT(.init_array.*))
 *(.init_array*)
 .init_array    0x00000f70        0x4 c:/freescale/kds_v3/toolchain/bin/../lib/gcc/arm-none-eabi/4.8.4/armv7e-m/crtbegin.o
                0x00000f74                PROVIDE (__init_array_end, .)

.fini_array     0x00000f74        0x4
                0x00000f74                PROVIDE (__fini_array_start, .)
 *(SORT(.fini_array.*))
 *(.fini_array*)
 .fini_array    0x00000f74        0x4 c:/freescale/kds_v3/toolchain/bin/../lib/gcc/arm-none-eabi/4.8.4/armv7e-m/crtbegin.o
                0x00000f78                PROVIDE (__fini_array_end, .)
                0x00000f78                ___ROM_AT = .

.data           0x1fff8000       0x60 load address 0x00000f78
                0x1fff8000                . = ALIGN (0x4)
                0x1fff8000                _sdata = .
 *(.data)
 *(.data*)
 .data.impure_data
                0x1fff8000       0x60 c:/freescale/kds_v3/toolchain/bin/../lib/gcc/arm-none-eabi/4.8.4/../../../../arm-none-eabi/lib/armv7e-m\libg_s.a(lib_a-impure.o)
                0x1fff8060                . = ALIGN (0x4)
                0x1fff8060                _edata = .
                0x00000060                ___data_size = (_edata - _sdata)
                0x00000fd8                ___m_data_20000000_ROMStart = (___ROM_AT + SIZEOF (.data))

.jcr            0x1fff8060        0x0 load address 0x00000fd8
 .jcr           0x1fff8060        0x0 c:/freescale/kds_v3/toolchain/bin/../lib/gcc/arm-none-eabi/4.8.4/armv7e-m/crtbegin.o

.igot.plt       0x1fff8060        0x0 load address 0x00000fd8
 .igot.plt      0x00000000        0x0 c:/freescale/kds_v3/toolchain/bin/../lib/gcc/arm-none-eabi/4.8.4/armv7e-m/crtbegin.o

.m_data_20000000
                0x20000000        0x0 load address 0x00000fd8
                0x20000000                . = ALIGN (0x4)
                0x20000000                ___m_data_20000000_RAMStart = .
 *(.m_data_20000000)
                0x20000000                ___m_data_20000000_RAMEnd = .
                0x20000000                . = ALIGN (0x4)
                0x00000000                ___m_data_20000000_ROMSize = (___m_data_20000000_RAMEnd - ___m_data_20000000_RAMStart)
                0x20000000                . = ALIGN (0x4)

.bss            0x1fff8060       0x74 load address 0x00000fd8
                0x1fff8060                __START_BSS = .
                0x1fff8060                PROVIDE (__bss_start__, __START_BSS)
 *(.bss)
 .bss           0x1fff8060       0x1c c:/freescale/kds_v3/toolchain/bin/../lib/gcc/arm-none-eabi/4.8.4/armv7e-m/crtbegin.o
 *(.bss*)
 .bss.DeviceDataPrv__DEFAULT_RTOS_ALLOC
                0x1fff807c        0x4 ./Generated_Code/BitIoLdd1.o
 .bss.DeviceDataPrv__DEFAULT_RTOS_ALLOC
                0x1fff8080        0x4 ./Generated_Code/BitIoLdd2.o
 .bss.DeviceDataPrv__DEFAULT_RTOS_ALLOC
                0x1fff8084        0x4 ./Generated_Code/BitIoLdd3.o
 .bss.DeviceDataPrv__DEFAULT_RTOS_ALLOC
                0x1fff8088        0x4 ./Generated_Code/BitIoLdd4.o
 .bss.DeviceDataPrv__DEFAULT_RTOS_ALLOC
                0x1fff808c        0x4 ./Generated_Code/BitIoLdd5.o
 .bss.DeviceDataPrv__DEFAULT_RTOS_ALLOC
                0x1fff8090        0xc ./Generated_Code/ENCODER.o
 .bss.INT_PORTC__DEFAULT_RTOS_ISRPARAM
                0x1fff809c        0x4 ./Generated_Code/ENCODER.o
 .bss.DeviceDataPrv__DEFAULT_RTOS_ALLOC
                0x1fff80a0        0x4 ./Generated_Code/ExtIntLdd1.o
 .bss.INT_PORTC__DEFAULT_RTOS_ISRPARAM
                0x1fff80a4        0x4 ./Generated_Code/ExtIntLdd1.o
 .bss.PE_LDD_DeviceDataList
                0x1fff80a8       0x20 ./Generated_Code/PE_LDD.o
                0x1fff80a8                PE_LDD_DeviceDataList
 .bss.DeviceDataPrv__DEFAULT_RTOS_ALLOC
                0x1fff80c8        0x8 ./Generated_Code/TU1.o
 .bss.INT_FTM0__DEFAULT_RTOS_ISRPARAM
                0x1fff80d0        0x4 ./Generated_Code/TU1.o
 *(COMMON)
                0x1fff80d4                . = ALIGN (0x4)
                0x1fff80d4                __END_BSS = .
                0x1fff80d4                PROVIDE (__bss_end__, __END_BSS)
                0x00000fd8                _romp_at = ((___ROM_AT + SIZEOF (.data)) + SIZEOF (.m_data_20000000))

.romp           0x1fff80d4       0x24 load address 0x00000fd8
                0x00000fd8                __S_romp = _romp_at
                0x1fff80d4        0x4 LONG 0xf78 ___ROM_AT
                0x1fff80d8        0x4 LONG 0x1fff8000 _sdata
                0x1fff80dc        0x4 LONG 0x60 ___data_size
                0x1fff80e0        0x4 LONG 0xfd8 ___m_data_20000000_ROMStart
                0x1fff80e4        0x4 LONG 0x20000000 ___m_data_20000000_RAMStart
                0x1fff80e8        0x4 LONG 0x0 ___m_data_20000000_ROMSize
                0x1fff80ec        0x4 LONG 0x0
                0x1fff80f0        0x4 LONG 0x0
                0x1fff80f4        0x4 LONG 0x0
                0x00040000                text_end = (ORIGIN (m_text) + 0x3fbf0)
                0x00000ffc                data_init_end = ((___m_data_20000000_ROMStart + SIZEOF (.m_data_20000000)) + SIZEOF (.romp))
                0x00000001                ASSERT ((data_init_end <= text_end), region m_text overflowed with text and data)

._user_heap_stack
                0x1fff80f8      0x400 load address 0x00000ffc
                0x1fff80f8                . = ALIGN (0x4)
                0x1fff80f8                PROVIDE (end, .)
                0x1fff80f8                PROVIDE (_end, .)
                0x1fff80f8                PROVIDE (__end__, .)
                0x1fff80f8                __heap_addr = .
                0x1fff80f8                __HeapBase = .
                0x1fff80f8                . = (. + __heap_size)
                0x1fff80f8                __HeapLimit = .
                0x1fff84f8                . = (. + __stack_size)
 *fill*         0x1fff80f8      0x400 
                0x1fff84f8                . = ALIGN (0x4)

.ARM.attributes
                0x00000000       0x2a
 *(.ARM.attributes)
 .ARM.attributes
                0x00000000       0x1e c:/freescale/kds_v3/toolchain/bin/../lib/gcc/arm-none-eabi/4.8.4/armv7e-m/crti.o
 .ARM.attributes
                0x0000001e       0x2e c:/freescale/kds_v3/toolchain/bin/../lib/gcc/arm-none-eabi/4.8.4/armv7e-m/crtbegin.o
 .ARM.attributes
                0x0000004c       0x1c c:/freescale/kds_v3/toolchain/bin/../lib/gcc/arm-none-eabi/4.8.4/../../../../arm-none-eabi/lib/armv7e-m/crt0.o
 .ARM.attributes
                0x00000068       0x33 ./Sources/Events.o
 .ARM.attributes
                0x0000009b       0x33 ./Sources/main.o
 .ARM.attributes
                0x000000ce       0x33 ./Project_Settings/Startup_Code/startup.o
 .ARM.attributes
                0x00000101       0x33 ./Generated_Code/BitIoLdd1.o
 .ARM.attributes
                0x00000134       0x33 ./Generated_Code/BitIoLdd2.o
 .ARM.attributes
                0x00000167       0x33 ./Generated_Code/BitIoLdd3.o
 .ARM.attributes
                0x0000019a       0x33 ./Generated_Code/BitIoLdd4.o
 .ARM.attributes
                0x000001cd       0x33 ./Generated_Code/BitIoLdd5.o
 .ARM.attributes
                0x00000200       0x33 ./Generated_Code/Cpu.o
 .ARM.attributes
                0x00000233       0x33 ./Generated_Code/ENCODER.o
 .ARM.attributes
                0x00000266       0x33 ./Generated_Code/ENCODER_PUSH.o
 .ARM.attributes
                0x00000299       0x33 ./Generated_Code/ExtIntLdd1.o
 .ARM.attributes
                0x000002cc       0x33 ./Generated_Code/PE_LDD.o
 .ARM.attributes
                0x000002ff       0x33 ./Generated_Code/TU1.o
 .ARM.attributes
                0x00000332       0x33 ./Generated_Code/Vectors.o
 .ARM.attributes
                0x00000365       0x2e c:/freescale/kds_v3/toolchain/bin/../lib/gcc/arm-none-eabi/4.8.4/../../../../arm-none-eabi/lib/armv7e-m\libg_s.a(lib_a-exit.o)
 .ARM.attributes
                0x00000393       0x2e c:/freescale/kds_v3/toolchain/bin/../lib/gcc/arm-none-eabi/4.8.4/../../../../arm-none-eabi/lib/armv7e-m\libg_s.a(lib_a-impure.o)
 .ARM.attributes
                0x000003c1       0x2e c:/freescale/kds_v3/toolchain/bin/../lib/gcc/arm-none-eabi/4.8.4/../../../../arm-none-eabi/lib/armv7e-m\libg_s.a(lib_a-init.o)
 .ARM.attributes
                0x000003ef       0x2e c:/freescale/kds_v3/toolchain/bin/../lib/gcc/arm-none-eabi/4.8.4/../../../../arm-none-eabi/lib/armv7e-m\libg_s.a(lib_a-memset.o)
 .ARM.attributes
                0x0000041d       0x2e c:/freescale/kds_v3/toolchain/bin/../lib/gcc/arm-none-eabi/4.8.4/../../../../arm-none-eabi/lib/armv7e-m\libnosys.a(_exit.o)
 .ARM.attributes
                0x0000044b       0x1e c:/freescale/kds_v3/toolchain/bin/../lib/gcc/arm-none-eabi/4.8.4/armv7e-m/crtn.o
OUTPUT(varmo_lite.elf elf32-littlearm)

.debug_info     0x00000000     0x340f
 .debug_info    0x00000000      0x13f ./Sources/Events.o
 .debug_info    0x0000013f       0x9a ./Sources/main.o
 .debug_info    0x000001d9      0x20a ./Project_Settings/Startup_Code/startup.o
 .debug_info    0x000003e3      0x377 ./Generated_Code/BitIoLdd1.o
 .debug_info    0x0000075a      0x377 ./Generated_Code/BitIoLdd2.o
 .debug_info    0x00000ad1      0x351 ./Generated_Code/BitIoLdd3.o
 .debug_info    0x00000e22      0x351 ./Generated_Code/BitIoLdd4.o
 .debug_info    0x00001173      0x351 ./Generated_Code/BitIoLdd5.o
 .debug_info    0x000014c4      0xa7b ./Generated_Code/Cpu.o
 .debug_info    0x00001f3f      0x647 ./Generated_Code/ENCODER.o
 .debug_info    0x00002586       0xb2 ./Generated_Code/ENCODER_PUSH.o
 .debug_info    0x00002638      0x43c ./Generated_Code/ExtIntLdd1.o
 .debug_info    0x00002a74      0x251 ./Generated_Code/PE_LDD.o
 .debug_info    0x00002cc5      0x63b ./Generated_Code/TU1.o
 .debug_info    0x00003300      0x10f ./Generated_Code/Vectors.o

.debug_abbrev   0x00000000     0x10cc
 .debug_abbrev  0x00000000       0xf5 ./Sources/Events.o
 .debug_abbrev  0x000000f5       0x47 ./Sources/main.o
 .debug_abbrev  0x0000013c      0x11e ./Project_Settings/Startup_Code/startup.o
 .debug_abbrev  0x0000025a      0x15f ./Generated_Code/BitIoLdd1.o
 .debug_abbrev  0x000003b9      0x15f ./Generated_Code/BitIoLdd2.o
 .debug_abbrev  0x00000518      0x136 ./Generated_Code/BitIoLdd3.o
 .debug_abbrev  0x0000064e      0x136 ./Generated_Code/BitIoLdd4.o
 .debug_abbrev  0x00000784      0x136 ./Generated_Code/BitIoLdd5.o
 .debug_abbrev  0x000008ba      0x178 ./Generated_Code/Cpu.o
 .debug_abbrev  0x00000a32      0x1ba ./Generated_Code/ENCODER.o
 .debug_abbrev  0x00000bec       0x68 ./Generated_Code/ENCODER_PUSH.o
 .debug_abbrev  0x00000c54      0x15d ./Generated_Code/ExtIntLdd1.o
 .debug_abbrev  0x00000db1      0x10d ./Generated_Code/PE_LDD.o
 .debug_abbrev  0x00000ebe      0x16a ./Generated_Code/TU1.o
 .debug_abbrev  0x00001028       0xa4 ./Generated_Code/Vectors.o

.debug_aranges  0x00000000      0x360
 .debug_aranges
                0x00000000       0x38 ./Sources/Events.o
 .debug_aranges
                0x00000038       0x20 ./Sources/main.o
 .debug_aranges
                0x00000058       0x50 ./Project_Settings/Startup_Code/startup.o
 .debug_aranges
                0x000000a8       0x48 ./Generated_Code/BitIoLdd1.o
 .debug_aranges
                0x000000f0       0x48 ./Generated_Code/BitIoLdd2.o
 .debug_aranges
                0x00000138       0x40 ./Generated_Code/BitIoLdd3.o
 .debug_aranges
                0x00000178       0x40 ./Generated_Code/BitIoLdd4.o
 .debug_aranges
                0x000001b8       0x40 ./Generated_Code/BitIoLdd5.o
 .debug_aranges
                0x000001f8       0x48 ./Generated_Code/Cpu.o
 .debug_aranges
                0x00000240       0x60 ./Generated_Code/ENCODER.o
 .debug_aranges
                0x000002a0       0x20 ./Generated_Code/ENCODER_PUSH.o
 .debug_aranges
                0x000002c0       0x30 ./Generated_Code/ExtIntLdd1.o
 .debug_aranges
                0x000002f0       0x30 ./Generated_Code/PE_LDD.o
 .debug_aranges
                0x00000320       0x28 ./Generated_Code/TU1.o
 .debug_aranges
                0x00000348       0x18 ./Generated_Code/Vectors.o

.debug_ranges   0x00000000      0x268
 .debug_ranges  0x00000000       0x28 ./Sources/Events.o
 .debug_ranges  0x00000028       0x10 ./Sources/main.o
 .debug_ranges  0x00000038       0x40 ./Project_Settings/Startup_Code/startup.o
 .debug_ranges  0x00000078       0x38 ./Generated_Code/BitIoLdd1.o
 .debug_ranges  0x000000b0       0x38 ./Generated_Code/BitIoLdd2.o
 .debug_ranges  0x000000e8       0x30 ./Generated_Code/BitIoLdd3.o
 .debug_ranges  0x00000118       0x30 ./Generated_Code/BitIoLdd4.o
 .debug_ranges  0x00000148       0x30 ./Generated_Code/BitIoLdd5.o
 .debug_ranges  0x00000178       0x38 ./Generated_Code/Cpu.o
 .debug_ranges  0x000001b0       0x50 ./Generated_Code/ENCODER.o
 .debug_ranges  0x00000200       0x10 ./Generated_Code/ENCODER_PUSH.o
 .debug_ranges  0x00000210       0x20 ./Generated_Code/ExtIntLdd1.o
 .debug_ranges  0x00000230       0x20 ./Generated_Code/PE_LDD.o
 .debug_ranges  0x00000250       0x18 ./Generated_Code/TU1.o

.debug_macro    0x00000000    0x1fc79
 .debug_macro   0x00000000      0x19a ./Sources/Events.o
 .debug_macro   0x0000019a      0x84a ./Sources/Events.o
 .debug_macro   0x000009e4       0x16 ./Sources/Events.o
 .debug_macro   0x000009fa       0x44 ./Sources/Events.o
 .debug_macro   0x00000a3e      0x209 ./Sources/Events.o
 .debug_macro   0x00000c47     0x17e5 ./Sources/Events.o
 .debug_macro   0x0000242c      0x14e ./Sources/Events.o
 .debug_macro   0x0000257a       0x6a ./Sources/Events.o
 .debug_macro   0x000025e4     0xd4f6 ./Sources/Events.o
 .debug_macro   0x0000fada       0x9a ./Sources/Events.o
 .debug_macro   0x0000fb74       0x94 ./Sources/Events.o
 .debug_macro   0x0000fc08      0x12c ./Sources/Events.o
 .debug_macro   0x0000fd34       0x46 ./Sources/Events.o
 .debug_macro   0x0000fd7a       0x26 ./Sources/Events.o
 .debug_macro   0x0000fda0      0x6a6 ./Sources/Events.o
 .debug_macro   0x00010446       0x51 ./Sources/Events.o
 .debug_macro   0x00010497       0x4c ./Sources/Events.o
 .debug_macro   0x000104e3       0x26 ./Sources/Events.o
 .debug_macro   0x00010509       0x46 ./Sources/Events.o
 .debug_macro   0x0001054f       0x1f ./Sources/Events.o
 .debug_macro   0x0001056e       0x46 ./Sources/Events.o
 .debug_macro   0x000105b4       0x1f ./Sources/Events.o
 .debug_macro   0x000105d3       0x46 ./Sources/Events.o
 .debug_macro   0x00010619       0x1f ./Sources/Events.o
 .debug_macro   0x00010638      0x4ea ./Sources/Events.o
 .debug_macro   0x00010b22       0xa5 ./Sources/Events.o
 .debug_macro   0x00010bc7       0x34 ./Sources/Events.o
 .debug_macro   0x00010bfb      0x19a ./Sources/main.o
 .debug_macro   0x00010d95      0x121 ./Project_Settings/Startup_Code/startup.o
 .debug_macro   0x00010eb6       0x58 ./Project_Settings/Startup_Code/startup.o
 .debug_macro   0x00010f0e       0x35 ./Project_Settings/Startup_Code/startup.o
 .debug_macro   0x00010f43       0xa3 ./Project_Settings/Startup_Code/startup.o
 .debug_macro   0x00010fe6      0x166 ./Project_Settings/Startup_Code/startup.o
 .debug_macro   0x0001114c       0x4a ./Project_Settings/Startup_Code/startup.o
 .debug_macro   0x00011196       0x52 ./Project_Settings/Startup_Code/startup.o
 .debug_macro   0x000111e8       0x16 ./Project_Settings/Startup_Code/startup.o
 .debug_macro   0x000111fe       0x43 ./Project_Settings/Startup_Code/startup.o
 .debug_macro   0x00011241      0x180 ./Project_Settings/Startup_Code/startup.o
 .debug_macro   0x000113c1      0x2a6 ./Project_Settings/Startup_Code/startup.o
 .debug_macro   0x00011667       0x10 ./Project_Settings/Startup_Code/startup.o
 .debug_macro   0x00011677       0x35 ./Project_Settings/Startup_Code/startup.o
 .debug_macro   0x000116ac       0x16 ./Project_Settings/Startup_Code/startup.o
 .debug_macro   0x000116c2       0x22 ./Project_Settings/Startup_Code/startup.o
 .debug_macro   0x000116e4       0x10 ./Project_Settings/Startup_Code/startup.o
 .debug_macro   0x000116f4      0x20f ./Project_Settings/Startup_Code/startup.o
 .debug_macro   0x00011903     0xd4ea ./Project_Settings/Startup_Code/startup.o
 .debug_macro   0x0001eded       0xa6 ./Generated_Code/BitIoLdd1.o
 .debug_macro   0x0001ee93       0xa6 ./Generated_Code/BitIoLdd2.o
 .debug_macro   0x0001ef39       0xa6 ./Generated_Code/BitIoLdd3.o
 .debug_macro   0x0001efdf       0x40 ./Generated_Code/BitIoLdd3.o
 .debug_macro   0x0001f01f       0xa6 ./Generated_Code/BitIoLdd4.o
 .debug_macro   0x0001f0c5       0x40 ./Generated_Code/BitIoLdd4.o
 .debug_macro   0x0001f105       0xa6 ./Generated_Code/BitIoLdd5.o
 .debug_macro   0x0001f1ab       0x40 ./Generated_Code/BitIoLdd5.o
 .debug_macro   0x0001f1eb      0x1b9 ./Generated_Code/Cpu.o
 .debug_macro   0x0001f3a4      0x198 ./Generated_Code/ENCODER.o
 .debug_macro   0x0001f53c      0x194 ./Generated_Code/ENCODER_PUSH.o
 .debug_macro   0x0001f6d0       0xbf ./Generated_Code/ExtIntLdd1.o
 .debug_macro   0x0001f78f       0x2e ./Generated_Code/ExtIntLdd1.o
 .debug_macro   0x0001f7bd      0x168 ./Generated_Code/PE_LDD.o
 .debug_macro   0x0001f925      0x19e ./Generated_Code/TU1.o
 .debug_macro   0x0001fac3      0x1b6 ./Generated_Code/Vectors.o

.debug_line     0x00000000     0x37fe
 .debug_line    0x00000000      0x3e5 ./Sources/Events.o
 .debug_line    0x000003e5      0x3b1 ./Sources/main.o
 .debug_line    0x00000796      0x3e1 ./Project_Settings/Startup_Code/startup.o
 .debug_line    0x00000b77      0x2e3 ./Generated_Code/BitIoLdd1.o
 .debug_line    0x00000e5a      0x2e3 ./Generated_Code/BitIoLdd2.o
 .debug_line    0x0000113d      0x2d1 ./Generated_Code/BitIoLdd3.o
 .debug_line    0x0000140e      0x2d1 ./Generated_Code/BitIoLdd4.o
 .debug_line    0x000016df      0x2d1 ./Generated_Code/BitIoLdd5.o
 .debug_line    0x000019b0      0x596 ./Generated_Code/Cpu.o
 .debug_line    0x00001f46      0x4fe ./Generated_Code/ENCODER.o
 .debug_line    0x00002444      0x410 ./Generated_Code/ENCODER_PUSH.o
 .debug_line    0x00002854      0x2d3 ./Generated_Code/ExtIntLdd1.o
 .debug_line    0x00002b27      0x3a7 ./Generated_Code/PE_LDD.o
 .debug_line    0x00002ece      0x439 ./Generated_Code/TU1.o
 .debug_line    0x00003307      0x4f7 ./Generated_Code/Vectors.o

.debug_str      0x00000000    0x62cb3
 .debug_str     0x00000000    0x5f9b9 ./Sources/Events.o
                              0x5fb03 (size before relaxing)
 .debug_str     0x0005f9b9       0x17 ./Sources/main.o
                              0x5fa6f (size before relaxing)
 .debug_str     0x0005f9d0     0x25f6 ./Project_Settings/Startup_Code/startup.o
                              0x4c40d (size before relaxing)
 .debug_str     0x00061fc6      0x18e ./Generated_Code/BitIoLdd1.o
                              0x52718 (size before relaxing)
 .debug_str     0x00062154       0xb1 ./Generated_Code/BitIoLdd2.o
                              0x52718 (size before relaxing)
 .debug_str     0x00062205       0xa0 ./Generated_Code/BitIoLdd3.o
                              0x526e6 (size before relaxing)
 .debug_str     0x000622a5       0xa0 ./Generated_Code/BitIoLdd4.o
                              0x526e6 (size before relaxing)
 .debug_str     0x00062345       0xa0 ./Generated_Code/BitIoLdd5.o
                              0x526e6 (size before relaxing)
 .debug_str     0x000623e5      0x370 ./Generated_Code/Cpu.o
                              0x5fe91 (size before relaxing)
 .debug_str     0x00062755      0x19d ./Generated_Code/ENCODER.o
                              0x5fdbb (size before relaxing)
 .debug_str     0x000628f2       0x38 ./Generated_Code/ENCODER_PUSH.o
                              0x5faaa (size before relaxing)
 .debug_str     0x0006292a       0x87 ./Generated_Code/ExtIntLdd1.o
                              0x55c1d (size before relaxing)
 .debug_str     0x000629b1      0x17e ./Generated_Code/PE_LDD.o
                              0x5fc2e (size before relaxing)
 .debug_str     0x00062b2f      0x168 ./Generated_Code/TU1.o
                              0x5fd8c (size before relaxing)
 .debug_str     0x00062c97       0x1c ./Generated_Code/Vectors.o
                              0x5fac1 (size before relaxing)

.comment        0x00000000       0x70
 .comment       0x00000000       0x70 ./Sources/Events.o
                                 0x71 (size before relaxing)
 .comment       0x00000000       0x71 ./Sources/main.o
 .comment       0x00000000       0x71 ./Project_Settings/Startup_Code/startup.o
 .comment       0x00000000       0x71 ./Generated_Code/BitIoLdd1.o
 .comment       0x00000000       0x71 ./Generated_Code/BitIoLdd2.o
 .comment       0x00000000       0x71 ./Generated_Code/BitIoLdd3.o
 .comment       0x00000000       0x71 ./Generated_Code/BitIoLdd4.o
 .comment       0x00000000       0x71 ./Generated_Code/BitIoLdd5.o
 .comment       0x00000000       0x71 ./Generated_Code/Cpu.o
 .comment       0x00000000       0x71 ./Generated_Code/ENCODER.o
 .comment       0x00000000       0x71 ./Generated_Code/ENCODER_PUSH.o
 .comment       0x00000000       0x71 ./Generated_Code/ExtIntLdd1.o
 .comment       0x00000000       0x71 ./Generated_Code/PE_LDD.o
 .comment       0x00000000       0x71 ./Generated_Code/TU1.o
 .comment       0x00000000       0x71 ./Generated_Code/Vectors.o

.debug_frame    0x00000000      0x868
 .debug_frame   0x00000000       0x80 ./Sources/Events.o
 .debug_frame   0x00000080       0x2c ./Sources/main.o
 .debug_frame   0x000000ac       0xc0 ./Project_Settings/Startup_Code/startup.o
 .debug_frame   0x0000016c       0xb8 ./Generated_Code/BitIoLdd1.o
 .debug_frame   0x00000224       0xb8 ./Generated_Code/BitIoLdd2.o
 .debug_frame   0x000002dc       0x9c ./Generated_Code/BitIoLdd3.o
 .debug_frame   0x00000378       0x9c ./Generated_Code/BitIoLdd4.o
 .debug_frame   0x00000414       0x9c ./Generated_Code/BitIoLdd5.o
 .debug_frame   0x000004b0       0xc8 ./Generated_Code/Cpu.o
 .debug_frame   0x00000578      0x110 ./Generated_Code/ENCODER.o
 .debug_frame   0x00000688       0x30 ./Generated_Code/ENCODER_PUSH.o
 .debug_frame   0x000006b8       0x68 ./Generated_Code/ExtIntLdd1.o
 .debug_frame   0x00000720       0x64 ./Generated_Code/PE_LDD.o
 .debug_frame   0x00000784       0x50 ./Generated_Code/TU1.o
 .debug_frame   0x000007d4       0x28 c:/freescale/kds_v3/toolchain/bin/../lib/gcc/arm-none-eabi/4.8.4/../../../../arm-none-eabi/lib/armv7e-m\libg_s.a(lib_a-exit.o)
 .debug_frame   0x000007fc       0x2c c:/freescale/kds_v3/toolchain/bin/../lib/gcc/arm-none-eabi/4.8.4/../../../../arm-none-eabi/lib/armv7e-m\libg_s.a(lib_a-init.o)
 .debug_frame   0x00000828       0x20 c:/freescale/kds_v3/toolchain/bin/../lib/gcc/arm-none-eabi/4.8.4/../../../../arm-none-eabi/lib/armv7e-m\libg_s.a(lib_a-memset.o)
 .debug_frame   0x00000848       0x20 c:/freescale/kds_v3/toolchain/bin/../lib/gcc/arm-none-eabi/4.8.4/../../../../arm-none-eabi/lib/armv7e-m\libnosys.a(_exit.o)
