Archive member included because of file (symbol)

c:/freescale/kds_v3/toolchain/bin/../lib/gcc/arm-none-eabi/4.8.4/../../../../arm-none-eabi/lib/armv7e-m\libm.a(lib_a-s_round.o)
                              ./Sources/display.o (round)
c:/freescale/kds_v3/toolchain/bin/../lib/gcc/arm-none-eabi/4.8.4/../../../../arm-none-eabi/lib/armv7e-m\libm.a(lib_a-w_pow.o)
                              ./Sources/display.o (pow)
c:/freescale/kds_v3/toolchain/bin/../lib/gcc/arm-none-eabi/4.8.4/../../../../arm-none-eabi/lib/armv7e-m\libm.a(lib_a-e_pow.o)
                              c:/freescale/kds_v3/toolchain/bin/../lib/gcc/arm-none-eabi/4.8.4/../../../../arm-none-eabi/lib/armv7e-m\libm.a(lib_a-w_pow.o) (__ieee754_pow)
c:/freescale/kds_v3/toolchain/bin/../lib/gcc/arm-none-eabi/4.8.4/../../../../arm-none-eabi/lib/armv7e-m\libm.a(lib_a-e_sqrt.o)
                              c:/freescale/kds_v3/toolchain/bin/../lib/gcc/arm-none-eabi/4.8.4/../../../../arm-none-eabi/lib/armv7e-m\libm.a(lib_a-e_pow.o) (__ieee754_sqrt)
c:/freescale/kds_v3/toolchain/bin/../lib/gcc/arm-none-eabi/4.8.4/../../../../arm-none-eabi/lib/armv7e-m\libm.a(lib_a-s_fabs.o)
                              c:/freescale/kds_v3/toolchain/bin/../lib/gcc/arm-none-eabi/4.8.4/../../../../arm-none-eabi/lib/armv7e-m\libm.a(lib_a-e_pow.o) (fabs)
c:/freescale/kds_v3/toolchain/bin/../lib/gcc/arm-none-eabi/4.8.4/../../../../arm-none-eabi/lib/armv7e-m\libm.a(lib_a-s_finite.o)
                              c:/freescale/kds_v3/toolchain/bin/../lib/gcc/arm-none-eabi/4.8.4/../../../../arm-none-eabi/lib/armv7e-m\libm.a(lib_a-w_pow.o) (finite)
c:/freescale/kds_v3/toolchain/bin/../lib/gcc/arm-none-eabi/4.8.4/../../../../arm-none-eabi/lib/armv7e-m\libm.a(lib_a-s_fpclassify.o)
                              c:/freescale/kds_v3/toolchain/bin/../lib/gcc/arm-none-eabi/4.8.4/../../../../arm-none-eabi/lib/armv7e-m\libm.a(lib_a-w_pow.o) (__fpclassifyd)
c:/freescale/kds_v3/toolchain/bin/../lib/gcc/arm-none-eabi/4.8.4/../../../../arm-none-eabi/lib/armv7e-m\libm.a(lib_a-s_lib_ver.o)
                              c:/freescale/kds_v3/toolchain/bin/../lib/gcc/arm-none-eabi/4.8.4/../../../../arm-none-eabi/lib/armv7e-m\libm.a(lib_a-w_pow.o) (__fdlib_version)
c:/freescale/kds_v3/toolchain/bin/../lib/gcc/arm-none-eabi/4.8.4/../../../../arm-none-eabi/lib/armv7e-m\libm.a(lib_a-s_matherr.o)
                              c:/freescale/kds_v3/toolchain/bin/../lib/gcc/arm-none-eabi/4.8.4/../../../../arm-none-eabi/lib/armv7e-m\libm.a(lib_a-w_pow.o) (matherr)
c:/freescale/kds_v3/toolchain/bin/../lib/gcc/arm-none-eabi/4.8.4/../../../../arm-none-eabi/lib/armv7e-m\libm.a(lib_a-s_nan.o)
                              c:/freescale/kds_v3/toolchain/bin/../lib/gcc/arm-none-eabi/4.8.4/../../../../arm-none-eabi/lib/armv7e-m\libm.a(lib_a-e_pow.o) (nan)
c:/freescale/kds_v3/toolchain/bin/../lib/gcc/arm-none-eabi/4.8.4/../../../../arm-none-eabi/lib/armv7e-m\libm.a(lib_a-s_rint.o)
                              c:/freescale/kds_v3/toolchain/bin/../lib/gcc/arm-none-eabi/4.8.4/../../../../arm-none-eabi/lib/armv7e-m\libm.a(lib_a-w_pow.o) (rint)
c:/freescale/kds_v3/toolchain/bin/../lib/gcc/arm-none-eabi/4.8.4/../../../../arm-none-eabi/lib/armv7e-m\libm.a(lib_a-s_scalbn.o)
                              c:/freescale/kds_v3/toolchain/bin/../lib/gcc/arm-none-eabi/4.8.4/../../../../arm-none-eabi/lib/armv7e-m\libm.a(lib_a-e_pow.o) (scalbn)
c:/freescale/kds_v3/toolchain/bin/../lib/gcc/arm-none-eabi/4.8.4/../../../../arm-none-eabi/lib/armv7e-m\libm.a(lib_a-s_copysign.o)
                              c:/freescale/kds_v3/toolchain/bin/../lib/gcc/arm-none-eabi/4.8.4/../../../../arm-none-eabi/lib/armv7e-m\libm.a(lib_a-s_scalbn.o) (copysign)
c:/freescale/kds_v3/toolchain/bin/../lib/gcc/arm-none-eabi/4.8.4/armv7e-m\libgcc.a(_arm_addsubdf3.o)
                              c:/freescale/kds_v3/toolchain/bin/../lib/gcc/arm-none-eabi/4.8.4/../../../../arm-none-eabi/lib/armv7e-m\libm.a(lib_a-e_pow.o) (__aeabi_dsub)
c:/freescale/kds_v3/toolchain/bin/../lib/gcc/arm-none-eabi/4.8.4/armv7e-m\libgcc.a(_arm_muldivdf3.o)
                              ./Sources/display.o (__aeabi_dmul)
c:/freescale/kds_v3/toolchain/bin/../lib/gcc/arm-none-eabi/4.8.4/armv7e-m\libgcc.a(_arm_cmpdf2.o)
                              c:/freescale/kds_v3/toolchain/bin/../lib/gcc/arm-none-eabi/4.8.4/../../../../arm-none-eabi/lib/armv7e-m\libm.a(lib_a-w_pow.o) (__aeabi_dcmpeq)
c:/freescale/kds_v3/toolchain/bin/../lib/gcc/arm-none-eabi/4.8.4/armv7e-m\libgcc.a(_arm_fixdfsi.o)
                              ./Sources/display.o (__aeabi_d2iz)
c:/freescale/kds_v3/toolchain/bin/../lib/gcc/arm-none-eabi/4.8.4/armv7e-m\libgcc.a(_arm_addsubsf3.o)
                              ./Sources/Events.o (__aeabi_fsub)
c:/freescale/kds_v3/toolchain/bin/../lib/gcc/arm-none-eabi/4.8.4/armv7e-m\libgcc.a(_arm_cmpsf2.o)
                              ./Sources/display.o (__aeabi_fcmpeq)
c:/freescale/kds_v3/toolchain/bin/../lib/gcc/arm-none-eabi/4.8.4/armv7e-m\libgcc.a(_arm_fixsfsi.o)
[...]
Memory Configuration

Name             Origin             Length             Attributes
m_interrupts     0x00000000         0x000001bc         xr
m_text           0x00000410         0x0003fbf0         xr
m_data           0x1fff8000         0x00008000         rw
m_data_20000000  0x20000000         0x00008000         rw
m_cfmprotrom     0x00000400         0x00000010         xr
*default*        0x00000000         0xffffffff

Linker script and memory map

LOAD c:/freescale/kds_v3/toolchain/bin/../lib/gcc/arm-none-eabi/4.8.4/armv7e-m/crti.o
LOAD c:/freescale/kds_v3/toolchain/bin/../lib/gcc/arm-none-eabi/4.8.4/armv7e-m/crtbegin.o
LOAD c:/freescale/kds_v3/toolchain/bin/../lib/gcc/arm-none-eabi/4.8.4/../../../../arm-none-eabi/lib/armv7e-m/crt0.o
LOAD ./Sources/Events.o
LOAD ./Sources/LCD.o
LOAD ./Sources/PCA9670.o
LOAD ./Sources/cue_eeprom.o
LOAD ./Sources/display.o
LOAD ./Sources/encoder_variable.o
LOAD ./Sources/main.o
LOAD ./Sources/menu.o
LOAD ./Sources/parameters.o
LOAD ./Sources/protocol.o
LOAD ./Sources/send.o
LOAD ./Project_Settings/Startup_Code/startup.o
LOAD ./Generated_Code/AS1.o
LOAD ./Generated_Code/ASerialLdd1.o
LOAD ./Generated_Code/BitIoLdd1.o
LOAD ./Generated_Code/BitIoLdd2.o
LOAD ./Generated_Code/BitIoLdd3.o
LOAD ./Generated_Code/BitIoLdd4.o
LOAD ./Generated_Code/BitIoLdd5.o
LOAD ./Generated_Code/BitIoLdd6.o
LOAD ./Generated_Code/BitIoLdd7.o
LOAD ./Generated_Code/CS1.o
LOAD ./Generated_Code/Cpu.o
LOAD ./Generated_Code/ENCODER.o
LOAD ./Generated_Code/ENCODER_PUSH.o
LOAD ./Generated_Code/ExtIntLdd1.o
LOAD ./Generated_Code/ExtIntLdd2.o
LOAD ./Generated_Code/ExtIntLdd3.o
LOAD ./Generated_Code/ExtIntLdd4.o
LOAD ./Generated_Code/ExtIntLdd5.o
LOAD ./Generated_Code/I2C0.o
LOAD ./Generated_Code/IFsh1.o
LOAD ./Generated_Code/IntFlashLdd1.o
LOAD ./Generated_Code/IntI2cLdd1.o
LOAD ./Generated_Code/KSDK1.o
LOAD ./Generated_Code/LCD_CTR.o
LOAD ./Generated_Code/LCD_EN.o
LOAD ./Generated_Code/LED_DEBUG.o
LOAD ./Generated_Code/LED_STATUS_1.o
LOAD ./Generated_Code/LED_STATUS_2.o
LOAD ./Generated_Code/LED_STATUS_3.o
LOAD ./Generated_Code/LED_STATUS_4.o
LOAD ./Generated_Code/LEVER_DIR1.o
LOAD ./Generated_Code/LEVER_DIR2.o
LOAD ./Generated_Code/PCA.o
LOAD ./Generated_Code/PE_LDD.o
LOAD ./Generated_Code/PUSH_BUTTON_REC.o
LOAD ./Generated_Code/PUSH_BUTTON_SEND.o
LOAD ./Generated_Code/TU1.o
LOAD ./Generated_Code/T_100ms.o
LOAD ./Generated_Code/T_500ms.o
LOAD ./Generated_Code/Vectors.o
LOAD ./Generated_Code/WAIT1.o
LOAD ./.metadata/.plugins/org.eclipse.cdt.make.core/specs.o
LOAD c:/freescale/kds_v3/toolchain/bin/../lib/gcc/arm-none-eabi/4.8.4/../../../../arm-none-eabi/lib/armv7e-m\libstdc++_s.a
LOAD c:/freescale/kds_v3/toolchain/bin/../lib/gcc/arm-none-eabi/4.8.4/../../../../arm-none-eabi/lib/armv7e-m\libm.a
START GROUP
LOAD c:/freescale/kds_v3/toolchain/bin/../lib/gcc/arm-none-eabi/4.8.4/armv7e-m\libgcc.a
LOAD c:/freescale/kds_v3/toolchain/bin/../lib/gcc/arm-none-eabi/4.8.4/../../../../arm-none-eabi/lib/armv7e-m\libg_s.a
LOAD c:/freescale/kds_v3/toolchain/bin/../lib/gcc/arm-none-eabi/4.8.4/../../../../arm-none-eabi/lib/armv7e-m\libc_s.a
END GROUP
START GROUP
LOAD c:/freescale/kds_v3/toolchain/bin/../lib/gcc/arm-none-eabi/4.8.4/armv7e-m\libgcc.a
LOAD c:/freescale/kds_v3/toolchain/bin/../lib/gcc/arm-none-eabi/4.8.4/../../../../arm-none-eabi/lib/armv7e-m\libc_s.a
LOAD c:/freescale/kds_v3/toolchain/bin/../lib/gcc/arm-none-eabi/4.8.4/../../../../arm-none-eabi/lib/armv7e-m\libnosys.a
END GROUP
START GROUP
LOAD c:/freescale/kds_v3/toolchain/bin/../lib/gcc/arm-none-eabi/4.8.4/armv7e-m\libgcc.a
LOAD c:/freescale/kds_v3/toolchain/bin/../lib/gcc/arm-none-eabi/4.8.4/../../../../arm-none-eabi/lib/armv7e-m\libc_s.a
LOAD c:/freescale/kds_v3/toolchain/bin/../lib/gcc/arm-none-eabi/4.8.4/../../../../arm-none-eabi/lib/armv7e-m\libnosys.a
END GROUP
LOAD c:/freescale/kds_v3/toolchain/bin/../lib/gcc/arm-none-eabi/4.8.4/armv7e-m/crtend.o
LOAD c:/freescale/kds_v3/toolchain/bin/../lib/gcc/arm-none-eabi/4.8.4/armv7e-m/crtn.o
                0x20000000                _estack = 0x20000000
                0x20000000                __SP_INIT = _estack
                0x20000000                __stack = _estack
                0x00000000                __heap_size = 0x0
                0x00000400                __stack_size = 0x400

.interrupts     0x00000000      0x1bc
                0x00000000                __vector_table = .
                0x00000000                . = ALIGN (0x4)
 *(.vectortable)
 .vectortable   0x00000000      0x1bc ./Generated_Code/Vectors.o
                0x00000000                __vect_table
                0x000001bc                . = ALIGN (0x4)

.cfmprotect     0x00000400       0x10
                0x00000400                . = ALIGN (0x4)
 *(.cfmconfig)
 .cfmconfig     0x00000400       0x10 ./Generated_Code/Cpu.o
                0x00000400                _cfm
                0x00000410                . = ALIGN (0x4)

.text           0x00000410     0x91b4
                0x00000410                . = ALIGN (0x4)
 *(.text)
 .text          0x00000410       0x54 c:/freescale/kds_v3/toolchain/bin/../lib/gcc/arm-none-eabi/4.8.4/armv7e-m/crtbegin.o
 .text          0x00000464       0x74 c:/freescale/kds_v3/toolchain/bin/../lib/gcc/arm-none-eabi/4.8.4/../../../../arm-none-eabi/lib/armv7e-m/crt0.o
                0x00000464                _start
                0x00000464                _mainCRTStartup
 .text          0x000004d8      0x370 c:/freescale/kds_v3/toolchain/bin/../lib/gcc/arm-none-eabi/4.8.4/armv7e-m\libgcc.a(_arm_addsubdf3.o)
                0x000004d8                __aeabi_drsub
                0x000004e0                __aeabi_dsub
                0x000004e0                __subdf3
                0x000004e4                __aeabi_dadd
                0x000004e4                __adddf3
                0x0000075c                __floatunsidf
                0x0000075c                __aeabi_ui2d
                0x0000077c                __floatsidf
                0x0000077c                __aeabi_i2d
                0x000007a0                __aeabi_f2d
                0x000007a0                __extendsfdf2
                0x000007dc                __floatundidf
                0x000007dc                __aeabi_ul2d
                0x000007ec                __floatdidf
                0x000007ec                __aeabi_l2d
 .text          0x00000848      0x424 c:/freescale/kds_v3/toolchain/bin/../lib/gcc/arm-none-eabi/4.8.4/armv7e-m\libgcc.a(_arm_muldivdf3.o)
                0x00000848                __aeabi_dmul
                0x00000848                __muldf3
                0x00000a9c                __divdf3
                0x00000a9c                __aeabi_ddiv
 .text          0x00000c6c      0x110 c:/freescale/kds_v3/toolchain/bin/../lib/gcc/arm-none-eabi/4.8.4/armv7e-m\libgcc.a(_arm_cmpdf2.o)
                0x00000c6c                __gtdf2
                0x00000c6c                __gedf2
                0x00000c74                __ltdf2
                0x00000c74                __ledf2
                0x00000c7c                __nedf2
                0x00000c7c                __eqdf2
                0x00000c7c                __cmpdf2
                0x00000cf8                __aeabi_cdrcmple
                0x00000d08                __aeabi_cdcmpeq
                0x00000d08                __aeabi_cdcmple
                0x00000d18                __aeabi_dcmpeq
                0x00000d2c                __aeabi_dcmplt
                0x00000d40                __aeabi_dcmple
                0x00000d54                __aeabi_dcmpge
                0x00000d68                __aeabi_dcmpgt
 .text          0x00000d7c       0x50 c:/freescale/kds_v3/toolchain/bin/../lib/gcc/arm-none-eabi/4.8.4/armv7e-m\libgcc.a(_arm_fixdfsi.o)
                0x00000d7c                __aeabi_d2iz
                0x00000d7c                __fixdfsi
 .text          0x00000dcc      0x21c c:/freescale/kds_v3/toolchain/bin/../lib/gcc/arm-none-eabi/4.8.4/armv7e-m\libgcc.a(_arm_addsubsf3.o)
                0x00000dcc                __aeabi_frsub
                0x00000dd4                __subsf3
                0x00000dd4                __aeabi_fsub
                0x00000dd8                __aeabi_fadd
                0x00000dd8                __addsf3
                0x00000f38                __aeabi_ui2f
                0x00000f38                __floatunsisf
                0x00000f40                __aeabi_i2f
                0x00000f40                __floatsisf
                0x00000f5c                __aeabi_ul2f
                0x00000f5c                __floatundisf
                0x00000f6c                __aeabi_l2f
                0x00000f6c                __floatdisf
 .text          0x00000fe8       0xec c:/freescale/kds_v3/toolchain/bin/../lib/gcc/arm-none-eabi/4.8.4/armv7e-m\libgcc.a(_arm_cmpsf2.o)
                0x00000fe8                __gesf2
                0x00000fe8                __gtsf2
                0x00000ff0                __lesf2
                0x00000ff0                __ltsf2
                0x00000ff8                __nesf2
                0x00000ff8                __eqsf2
                0x00000ff8                __cmpsf2
                0x00001058                __aeabi_cfrcmple
                0x00001060                __aeabi_cfcmpeq
                0x00001060                __aeabi_cfcmple
                0x00001070                __aeabi_fcmpeq
                0x00001084                __aeabi_fcmplt
                0x00001098                __aeabi_fcmple
                0x000010ac                __aeabi_fcmpge
                0x000010c0                __aeabi_fcmpgt
 .text          0x000010d4       0x4c c:/freescale/kds_v3/toolchain/bin/../lib/gcc/arm-none-eabi/4.8.4/armv7e-m\libgcc.a(_arm_fixsfsi.o)
                0x000010d4                __aeabi_f2iz
                0x000010d4                __fixsfsi
 .text          0x00001120      0xa1c c:/freescale/kds_v3/toolchain/bin/../lib/gcc/arm-none-eabi/4.8.4/armv7e-m\libgcc.a(unwind-arm.o)
                0x00001404                _Unwind_GetCFA
                0x00001408                __gnu_Unwind_RaiseException
                0x00001468                __gnu_Unwind_ForcedUnwind
                0x0000147c                __gnu_Unwind_Resume
                0x000014c0                __gnu_Unwind_Resume_or_Rethrow
                0x000014d0                _Unwind_Complete
                0x000014d4                _Unwind_DeleteException
                0x000014e4                _Unwind_VRS_Get
                0x00001534                _Unwind_VRS_Set
                0x00001584                __gnu_Unwind_Backtrace
                0x000018d8                __aeabi_unwind_cpp_pr0
                0x000018e0                __aeabi_unwind_cpp_pr1
                0x000018e8                __aeabi_unwind_cpp_pr2
                0x000018f0                _Unwind_VRS_Pop
 .text          0x00001b3c      0x1ac c:/freescale/kds_v3/toolchain/bin/../lib/gcc/arm-none-eabi/4.8.4/armv7e-m\libgcc.a(libunwind.o)
                0x00001b3c                __restore_core_regs
                0x00001b3c                restore_core_regs
                0x00001b54                __gnu_Unwind_Restore_VFP
                0x00001b5c                __gnu_Unwind_Save_VFP
                0x00001b64                __gnu_Unwind_Restore_VFP_D
                0x00001b6c                __gnu_Unwind_Save_VFP_D
                0x00001b74                __gnu_Unwind_Restore_VFP_D_16_to_31
                0x00001b7c                __gnu_Unwind_Save_VFP_D_16_to_31
                0x00001b84                __gnu_Unwind_Restore_WMMXD
                0x00001bc8                __gnu_Unwind_Save_WMMXD
                0x00001c0c                __gnu_Unwind_Restore_WMMXC
                0x00001c20                __gnu_Unwind_Save_WMMXC
                0x00001c34                ___Unwind_RaiseException
                0x00001c34                _Unwind_RaiseException
                0x00001c58                _Unwind_Resume
                0x00001c58                ___Unwind_Resume
                0x00001c7c                _Unwind_Resume_or_Rethrow
                0x00001c7c                ___Unwind_Resume_or_Rethrow
                0x00001ca0                _Unwind_ForcedUnwind
                0x00001ca0                ___Unwind_ForcedUnwind
                0x00001cc4                ___Unwind_Backtrace
                0x00001cc4                _Unwind_Backtrace
 .text          0x00001ce8      0x33c c:/freescale/kds_v3/toolchain/bin/../lib/gcc/arm-none-eabi/4.8.4/armv7e-m\libgcc.a(pr-support.o)
                0x00001d3c                __gnu_unwind_execute
                0x00001fc8                __gnu_unwind_frame
                0x00001ff4                _Unwind_GetRegionStart
                0x00002000                _Unwind_GetLanguageSpecificData
                0x00002014                _Unwind_GetDataRelBase
                0x0000201c                _Unwind_GetTextRelBase
 .text          0x00002024       0x14 c:/freescale/kds_v3/toolchain/bin/../lib/gcc/arm-none-eabi/4.8.4/../../../../arm-none-eabi/lib/armv7e-m\libg_s.a(lib_a-strcmp.o)
                0x00002024                strcmp
 *(.text*)
 .text.PUSH_BUTTON_REC_OnInterrupt
                0x00002038        0xc ./Sources/Events.o
                0x00002038                PUSH_BUTTON_REC_OnInterrupt
 .text.PUSH_BUTTON_SEND_OnInterrupt
                0x00002044       0x18 ./Sources/Events.o
                0x00002044                PUSH_BUTTON_SEND_OnInterrupt
 .text.I2C0_OnReceiveData
                0x0000205c        0xc ./Sources/Events.o
                0x0000205c                I2C0_OnReceiveData
 .text.I2C0_OnTransmitData
                0x00002068        0xc ./Sources/Events.o
                0x00002068                I2C0_OnTransmitData
 .text.T_100ms_OnCounterRestart
                0x00002074       0x48 ./Sources/Events.o
                0x00002074                T_100ms_OnCounterRestart
 .text.LEVER_DIR2_OnInterrupt
                0x000020bc       0x14 ./Sources/Events.o
                0x000020bc                LEVER_DIR2_OnInterrupt
 .text.LEVER_DIR1_OnInterrupt
                0x000020d0       0x14 ./Sources/Events.o
                0x000020d0                LEVER_DIR1_OnInterrupt
 .text.ENCODER_PUSH_OnInterrupt
                0x000020e4       0x80 ./Sources/Events.o
                0x000020e4                ENCODER_PUSH_OnInterrupt
 .text.ENCODER_OnPortEvent
                0x00002164       0xd4 ./Sources/Events.o
                0x00002164                ENCODER_OnPortEvent
 .text.T_500ms_OnCounterRestart
                0x00002238       0x14 ./Sources/Events.o
                0x00002238                T_500ms_OnCounterRestart
 .text.I2C0_OnArbitLost
                0x0000224c        0xc ./Sources/Events.o
                0x0000224c                I2C0_OnArbitLost
 .text.AS1_OnTxComplete
                0x00002258       0x14 ./Sources/Events.o
                0x00002258                AS1_OnTxComplete
 .text.AS1_OnError
                0x0000226c        0xc ./Sources/Events.o
                0x0000226c                AS1_OnError
 .text.AS1_OnRxChar
                0x00002278        0xc ./Sources/Events.o
                0x00002278                AS1_OnRxChar
 .text.AS1_OnRxCharExt
                0x00002284       0xc8 ./Sources/Events.o
                0x00002284                AS1_OnRxCharExt
 .text.AS1_OnTxChar
                0x0000234c       0x14 ./Sources/Events.o
                0x0000234c                AS1_OnTxChar
 .text.AS1_OnFullRxBuf
                0x00002360       0x14 ./Sources/Events.o
                0x00002360                AS1_OnFullRxBuf
 .text.AS1_OnFreeTxBuf
                0x00002374        0xc ./Sources/Events.o
                0x00002374                AS1_OnFreeTxBuf
 .text.IFsh1_OnWriteEnd
                0x00002380        0xc ./Sources/Events.o
                0x00002380                IFsh1_OnWriteEnd
 .text.TU1_OnCounterRestart
                0x0000238c       0x1c ./Sources/Events.o
                0x0000238c                TU1_OnCounterRestart
 .text.LCD_Init
                0x000023a8       0x50 ./Sources/LCD.o
                0x000023a8                LCD_Init
 .text.LCD_command
                0x000023f8       0x30 ./Sources/LCD.o
                0x000023f8                LCD_command
 .text.LCD_Set_Cursor
                0x00002428       0x58 ./Sources/LCD.o
                0x00002428                LCD_Set_Cursor
 .text.LCD_Write
                0x00002480       0x28 ./Sources/LCD.o
                0x00002480                LCD_Write
 .text.load_custom_char
                0x000024a8       0x50 ./Sources/LCD.o
                0x000024a8                load_custom_char
 .text.LCD_Write_At
                0x000024f8       0x3c ./Sources/LCD.o
                0x000024f8                LCD_Write_At
 .text.LCD_Write_Block
                0x00002534       0xa0 ./Sources/LCD.o
                0x00002534                LCD_Write_Block
 .text.PCA9670_Init
                0x000025d4       0x34 ./Sources/PCA9670.o
                0x000025d4                PCA9670_Init
 .text.PCA9670_SendByte
                0x00002608       0x3c ./Sources/PCA9670.o
                0x00002608                PCA9670_SendByte
 .text.vspfunc  0x00002644       0x30 ./Sources/display.o
                0x00002644                vspfunc
 .text.print_float_at
                0x00002674      0x148 ./Sources/display.o
                0x00002674                print_float_at
 .text.print_int_at
                0x000027bc       0xa0 ./Sources/display.o
                0x000027bc                print_int_at
 .text.load_char
                0x0000285c       0xcc ./Sources/display.o
                0x0000285c                load_char
 .text.menu_init
                0x00002928       0x1c ./Sources/display.o
                0x00002928                menu_init
 .text.refresh  0x00002944       0x24 ./Sources/display.o
                0x00002944                refresh
 .text.select   0x00002968       0x24 ./Sources/display.o
                0x00002968                select
 .text.back     0x0000298c       0x30 ./Sources/display.o
                0x0000298c                back
 .text.refresh_fct
                0x000029bc       0x84 ./Sources/display.o
                0x000029bc                refresh_fct
 .text.velocity_fct
                0x00002a40      0x180 ./Sources/display.o
                0x00002a40                velocity_fct
 .text.acceleration_fct
                0x00002bc0      0x114 ./Sources/display.o
                0x00002bc0                acceleration_fct
 .text.deceleration_fct
                0x00002cd4      0x114 ./Sources/display.o
                0x00002cd4                deceleration_fct
 .text.back_fct
                0x00002de8       0x30 ./Sources/display.o
                0x00002de8                back_fct
 .text.pos_position_fct
                0x00002e18      0x174 ./Sources/display.o
                0x00002e18                pos_position_fct
 .text.pos_velocity_fct
                0x00002f8c      0x114 ./Sources/display.o
                0x00002f8c                pos_velocity_fct
 .text.pos_acceleration_fct
                0x000030a0      0x114 ./Sources/display.o
                0x000030a0                pos_acceleration_fct
 .text.pos_deceleration_fct
                0x000031b4      0x114 ./Sources/display.o
                0x000031b4                pos_deceleration_fct
 .text.torque_fct
                0x000032c8      0x174 ./Sources/display.o
                0x000032c8                torque_fct
 .text.torque_rise_fct
                0x0000343c      0x110 ./Sources/display.o
                0x0000343c                torque_rise_fct
 .text.torque_fall_fct
                0x0000354c      0x110 ./Sources/display.o
                0x0000354c                torque_fall_fct
 .text._Z41__static_initialization_and_destruction_0ii
                0x0000365c      0x37c ./Sources/display.o
 .text._GLOBAL__sub_I_buffer
                0x000039d8       0x10 ./Sources/display.o
 .text.main     0x000039e8      0x1f0 ./Sources/main.o
                0x000039e8                main
 .text.init_menu
                0x00003bd8       0x38 ./Sources/menu.o
                0x00003bd8                init_menu
 .text.init_sub_menu
                0x00003c10       0x44 ./Sources/menu.o
                0x00003c10                init_sub_menu
 .text.init_menu_list
                0x00003c54       0x30 ./Sources/menu.o
                0x00003c54                init_menu_list
 .text.init_sub_menu_list
                0x00003c84       0x30 ./Sources/menu.o
                0x00003c84                init_sub_menu_list
 .text.print_menu
                0x00003cb4      0x138 ./Sources/menu.o
                0x00003cb4                print_menu
 .text.print_sub_menu
                0x00003dec      0x158 ./Sources/menu.o
                0x00003dec                print_sub_menu
 .text.menu_select
                0x00003f44      0x144 ./Sources/menu.o
                0x00003f44                menu_select
 .text.menu_back
                0x00004088      0x12c ./Sources/menu.o
                0x00004088                menu_back
 .text.refresh_menu
                0x000041b4       0xc4 ./Sources/menu.o
                0x000041b4                refresh_menu
 .text.void_function
                0x00004278        0xc ./Sources/menu.o
                0x00004278                void_function
 .text.parameters_init
                0x00004284       0xb8 ./Sources/parameters.o
                0x00004284                parameters_init
 .text.convert  0x0000433c       0x3c ./Sources/parameters.o
                0x0000433c                convert
 .text.serial_send_block
                0x00004378       0xd0 ./Sources/protocol.o
                0x00004378                serial_send_block
 .text.serial_send_float
                0x00004448       0x30 ./Sources/protocol.o
                0x00004448                serial_send_float
 .text.serial_send_string
                0x00004478       0x58 ./Sources/protocol.o
                0x00004478                serial_send_string
 .text.serial_send_char
                0x000044d0       0x1c ./Sources/protocol.o
                0x000044d0                serial_send_char
 .text.serial_send_end
                0x000044ec       0x14 ./Sources/protocol.o
                0x000044ec                serial_send_end
 .text.send_fct
                0x00004500      0x26c ./Sources/send.o
                0x00004500                send_fct
 .text.__copy_rom_section
                0x0000476c       0xe4 ./Project_Settings/Startup_Code/startup.o
                0x0000476c                __copy_rom_section
 .text.__copy_rom_sections_to_ram
                0x00004850       0x9c ./Project_Settings/Startup_Code/startup.o
                0x00004850                __copy_rom_sections_to_ram
 .text.__init_registers
                0x000048ec        0xc ./Project_Settings/Startup_Code/startup.o
                0x000048ec                __init_registers
 .text.__init_user
                0x000048f8        0xc ./Project_Settings/Startup_Code/startup.o
                0x000048f8                __init_user
 .text.__thumb_startup
                0x00004904       0x34 ./Project_Settings/Startup_Code/startup.o
                0x00004904                __thumb_startup
 .text.HWEnDi   0x00004938       0x1c ./Generated_Code/AS1.o
 .text.AS1_SendChar
                0x00004954       0xdc ./Generated_Code/AS1.o
                0x00004954                AS1_SendChar
 .text.AS1_SendBlock
                0x00004a30      0x140 ./Generated_Code/AS1.o
                0x00004a30                AS1_SendBlock
 .text.AS1_ClearRxBuf
                0x00004b70       0x78 ./Generated_Code/AS1.o
                0x00004b70                AS1_ClearRxBuf
 .text.AS1_Init
                0x00004be8       0x60 ./Generated_Code/AS1.o
                0x00004be8                AS1_Init
 .text.ASerialLdd1_OnBlockReceived
                0x00004c48       0xcc ./Generated_Code/AS1.o
                0x00004c48                ASerialLdd1_OnBlockReceived
 .text.ASerialLdd1_OnBlockSent
                0x00004d14       0xd4 ./Generated_Code/AS1.o
                0x00004d14                ASerialLdd1_OnBlockSent
 .text.ASerialLdd1_OnError
                0x00004de8       0x9c ./Generated_Code/AS1.o
                0x00004de8                ASerialLdd1_OnError
 .text.ASerialLdd1_OnTxComplete
                0x00004e84       0x14 ./Generated_Code/AS1.o
                0x00004e84                ASerialLdd1_OnTxComplete
 .text.ASerialLdd1_OnBreak
                0x00004e98       0x24 ./Generated_Code/AS1.o
                0x00004e98                ASerialLdd1_OnBreak
 .text.ASerialLdd1_Init
                0x00004ebc      0x1c0 ./Generated_Code/ASerialLdd1.o
                0x00004ebc                ASerialLdd1_Init
 .text.ASerialLdd1_ReceiveBlock
                0x0000507c       0x90 ./Generated_Code/ASerialLdd1.o
                0x0000507c                ASerialLdd1_ReceiveBlock
 .text.ASerialLdd1_SendBlock
                0x0000510c       0xbc ./Generated_Code/ASerialLdd1.o
                0x0000510c                ASerialLdd1_SendBlock
 .text.InterruptRx
                0x000051c8       0x58 ./Generated_Code/ASerialLdd1.o
 .text.InterruptTx
                0x00005220       0x9c ./Generated_Code/ASerialLdd1.o
 .text.ASerialLdd1_Interrupt
                0x000052bc      0x130 ./Generated_Code/ASerialLdd1.o
                0x000052bc                ASerialLdd1_Interrupt
 .text.ASerialLdd1_GetError
                0x000053ec       0x70 ./Generated_Code/ASerialLdd1.o
                0x000053ec                ASerialLdd1_GetError
 .text.BitIoLdd1_Init
                0x0000545c       0x64 ./Generated_Code/BitIoLdd1.o
                0x0000545c                BitIoLdd1_Init
 .text.BitIoLdd1_NegVal
                0x000054c0       0x1c ./Generated_Code/BitIoLdd1.o
                0x000054c0                BitIoLdd1_NegVal
 .text.BitIoLdd2_Init
                0x000054dc       0x64 ./Generated_Code/BitIoLdd2.o
                0x000054dc                BitIoLdd2_Init
 .text.BitIoLdd2_SetVal
                0x00005540       0x1c ./Generated_Code/BitIoLdd2.o
                0x00005540                BitIoLdd2_SetVal
 .text.BitIoLdd3_Init
                0x0000555c       0x64 ./Generated_Code/BitIoLdd3.o
                0x0000555c                BitIoLdd3_Init
 .text.BitIoLdd4_Init
                0x000055c0       0x64 ./Generated_Code/BitIoLdd4.o
                0x000055c0                BitIoLdd4_Init
 .text.BitIoLdd4_ClrVal
                0x00005624       0x1c ./Generated_Code/BitIoLdd4.o
                0x00005624                BitIoLdd4_ClrVal
 .text.BitIoLdd4_SetVal
                0x00005640       0x1c ./Generated_Code/BitIoLdd4.o
                0x00005640                BitIoLdd4_SetVal
 .text.BitIoLdd4_NegVal
                0x0000565c       0x1c ./Generated_Code/BitIoLdd4.o
                0x0000565c                BitIoLdd4_NegVal
 .text.BitIoLdd5_Init
                0x00005678       0x64 ./Generated_Code/BitIoLdd5.o
                0x00005678                BitIoLdd5_Init
 .text.BitIoLdd5_ClrVal
                0x000056dc       0x1c ./Generated_Code/BitIoLdd5.o
                0x000056dc                BitIoLdd5_ClrVal
 .text.BitIoLdd5_SetVal
                0x000056f8       0x1c ./Generated_Code/BitIoLdd5.o
                0x000056f8                BitIoLdd5_SetVal
 .text.BitIoLdd5_NegVal
                0x00005714       0x1c ./Generated_Code/BitIoLdd5.o
                0x00005714                BitIoLdd5_NegVal
 .text.BitIoLdd6_Init
                0x00005730       0x64 ./Generated_Code/BitIoLdd6.o
                0x00005730                BitIoLdd6_Init
 .text.BitIoLdd6_ClrVal
                0x00005794       0x20 ./Generated_Code/BitIoLdd6.o
                0x00005794                BitIoLdd6_ClrVal
 .text.BitIoLdd6_SetVal
                0x000057b4       0x20 ./Generated_Code/BitIoLdd6.o
                0x000057b4                BitIoLdd6_SetVal
 .text.BitIoLdd7_Init
                0x000057d4       0x64 ./Generated_Code/BitIoLdd7.o
                0x000057d4                BitIoLdd7_Init
 .text.BitIoLdd7_ClrVal
                0x00005838       0x1c ./Generated_Code/BitIoLdd7.o
                0x00005838                BitIoLdd7_ClrVal
 .text.BitIoLdd7_SetVal
                0x00005854       0x1c ./Generated_Code/BitIoLdd7.o
                0x00005854                BitIoLdd7_SetVal
 .text.Cpu_ivINT_PORTC
                0x00005870       0x30 ./Generated_Code/Cpu.o
                0x00005870                Cpu_ivINT_PORTC
 .text.Cpu_Interrupt
                0x000058a0       0x18 ./Generated_Code/Cpu.o
                0x000058a0                Cpu_Interrupt
 .text.__init_hardware
                0x000058b8      0x140 ./Generated_Code/Cpu.o
                0x000058b8                __init_hardware
 .text.Cpu_SetBASEPRI
                0x000059f8       0x18 ./Generated_Code/Cpu.o
                0x000059f8                Cpu_SetBASEPRI
 .text.PE_low_level_init
                0x00005a10      0x10c ./Generated_Code/Cpu.o
                0x00005a10                PE_low_level_init
 .text.ENCODER_Init
                0x00005b1c       0xb0 ./Generated_Code/ENCODER.o
                0x00005b1c                ENCODER_Init
 .text.ENCODER_GetFieldValue
                0x00005bcc       0x40 ./Generated_Code/ENCODER.o
                0x00005bcc                ENCODER_GetFieldValue
 .text.ENCODER_Interrupt
                0x00005c0c       0x4c ./Generated_Code/ENCODER.o
                0x00005c0c                ENCODER_Interrupt
 .text.ExtIntLdd1_OnInterrupt
                0x00005c58       0x14 ./Generated_Code/ENCODER_PUSH.o
                0x00005c58                ExtIntLdd1_OnInterrupt
 .text.ExtIntLdd1_Init
                0x00005c6c       0x80 ./Generated_Code/ExtIntLdd1.o
                0x00005c6c                ExtIntLdd1_Init
 .text.ExtIntLdd1_Interrupt
                0x00005cec       0x3c ./Generated_Code/ExtIntLdd1.o
                0x00005cec                ExtIntLdd1_Interrupt
 .text.ExtIntLdd1_GetVal
                0x00005d28       0x2c ./Generated_Code/ExtIntLdd1.o
                0x00005d28                ExtIntLdd1_GetVal
 .text.ExtIntLdd2_Init
                0x00005d54       0x80 ./Generated_Code/ExtIntLdd2.o
                0x00005d54                ExtIntLdd2_Init
 .text.ExtIntLdd2_Interrupt
                0x00005dd4       0x3c ./Generated_Code/ExtIntLdd2.o
                0x00005dd4                ExtIntLdd2_Interrupt
 .text.ExtIntLdd2_GetVal
                0x00005e10       0x2c ./Generated_Code/ExtIntLdd2.o
                0x00005e10                ExtIntLdd2_GetVal
 .text.ExtIntLdd3_Init
                0x00005e3c       0x80 ./Generated_Code/ExtIntLdd3.o
                0x00005e3c                ExtIntLdd3_Init
 .text.ExtIntLdd3_Interrupt
                0x00005ebc       0x3c ./Generated_Code/ExtIntLdd3.o
                0x00005ebc                ExtIntLdd3_Interrupt
 .text.ExtIntLdd3_GetVal
                0x00005ef8       0x2c ./Generated_Code/ExtIntLdd3.o
                0x00005ef8                ExtIntLdd3_GetVal
 .text.ExtIntLdd4_Init
                0x00005f24       0x7c ./Generated_Code/ExtIntLdd4.o
                0x00005f24                ExtIntLdd4_Init
 .text.ExtIntLdd4_Interrupt
                0x00005fa0       0x3c ./Generated_Code/ExtIntLdd4.o
                0x00005fa0                ExtIntLdd4_Interrupt
 .text.ExtIntLdd5_Init
                0x00005fdc       0x7c ./Generated_Code/ExtIntLdd5.o
                0x00005fdc                ExtIntLdd5_Init
 .text.ExtIntLdd5_Interrupt
                0x00006058       0x3c ./Generated_Code/ExtIntLdd5.o
                0x00006058                ExtIntLdd5_Interrupt
 .text.I2C0_SendChar
                0x00006094       0x2c ./Generated_Code/I2C0.o
                0x00006094                I2C0_SendChar
 .text.I2C0_SendBlock
                0x000060c0       0xc0 ./Generated_Code/I2C0.o
                0x000060c0                I2C0_SendBlock
 .text.I2C0_SelectSlave
                0x00006180       0x34 ./Generated_Code/I2C0.o
                0x00006180                I2C0_SelectSlave
 .text.I2C0_Init
                0x000061b4       0x20 ./Generated_Code/I2C0.o
                0x000061b4                I2C0_Init
 .text.IntI2cLdd1_OnMasterBlockSent
                0x000061d4       0x14 ./Generated_Code/I2C0.o
                0x000061d4                IntI2cLdd1_OnMasterBlockSent
 .text.IntI2cLdd1_OnMasterBlockReceived
                0x000061e8       0x14 ./Generated_Code/I2C0.o
                0x000061e8                IntI2cLdd1_OnMasterBlockReceived
 .text.IntI2cLdd1_OnError
                0x000061fc       0x30 ./Generated_Code/I2C0.o
                0x000061fc                IntI2cLdd1_OnError
 .text.IFsh1_Init
                0x0000622c       0x2c ./Generated_Code/IFsh1.o
                0x0000622c                IFsh1_Init
 .text.IntFlashLdd1_OnOperationComplete
                0x00006258       0x4c ./Generated_Code/IFsh1.o
                0x00006258                IntFlashLdd1_OnOperationComplete
 .text.IntFlashLdd1_OnError
                0x000062a4       0x54 ./Generated_Code/IFsh1.o
                0x000062a4                IntFlashLdd1_OnError
 .text.IntFlashLdd1_Init
                0x000062f8       0xa4 ./Generated_Code/IntFlashLdd1.o
                0x000062f8                IntFlashLdd1_Init
 .text.IntFlashLdd1_CommandCompleteInterrupt
                0x0000639c      0x24c ./Generated_Code/IntFlashLdd1.o
                0x0000639c                IntFlashLdd1_CommandCompleteInterrupt
 .text.IntFlashLdd1_GetError
                0x000065e8       0x90 ./Generated_Code/IntFlashLdd1.o
                0x000065e8                IntFlashLdd1_GetError
 .text.SafeRoutineCaller
                0x00006678       0x94 ./Generated_Code/IntFlashLdd1.o
 .text.IntI2cLdd1_Interrupt
                0x0000670c      0x2d4 ./Generated_Code/IntI2cLdd1.o
                0x0000670c                IntI2cLdd1_Interrupt
 .text.IntI2cLdd1_Init
                0x000069e0      0x13c ./Generated_Code/IntI2cLdd1.o
                0x000069e0                IntI2cLdd1_Init
 .text.IntI2cLdd1_MasterSendBlock
                0x00006b1c      0x190 ./Generated_Code/IntI2cLdd1.o
                0x00006b1c                IntI2cLdd1_MasterSendBlock
 .text.IntI2cLdd1_SelectSlaveDevice
                0x00006cac       0xf0 ./Generated_Code/IntI2cLdd1.o
                0x00006cac                IntI2cLdd1_SelectSlaveDevice
 .text.IntI2cLdd1_GetError
                0x00006d9c       0x70 ./Generated_Code/IntI2cLdd1.o
                0x00006d9c                IntI2cLdd1_GetError
 .text.ExtIntLdd2_OnInterrupt
                0x00006e0c       0x14 ./Generated_Code/LEVER_DIR1.o
                0x00006e0c                ExtIntLdd2_OnInterrupt
 .text.ExtIntLdd3_OnInterrupt
                0x00006e20       0x14 ./Generated_Code/LEVER_DIR2.o
                0x00006e20                ExtIntLdd3_OnInterrupt
 .text.ExtIntLdd5_OnInterrupt
                0x00006e34       0x14 ./Generated_Code/PUSH_BUTTON_REC.o
                0x00006e34                ExtIntLdd5_OnInterrupt
 .text.ExtIntLdd4_OnInterrupt
                0x00006e48       0x14 ./Generated_Code/PUSH_BUTTON_SEND.o
                0x00006e48                ExtIntLdd4_OnInterrupt
 .text.TU1_Init
                0x00006e5c       0xb0 ./Generated_Code/TU1.o
                0x00006e5c                TU1_Init
 .text.TU1_Enable
                0x00006f0c       0x30 ./Generated_Code/TU1.o
                0x00006f0c                TU1_Enable
 .text.TU1_Disable
                0x00006f3c       0x28 ./Generated_Code/TU1.o
                0x00006f3c                TU1_Disable
 .text.TU1_Interrupt
                0x00006f64       0x6c ./Generated_Code/TU1.o
                0x00006f64                TU1_Interrupt
 .text.T_100ms_Init
                0x00006fd0       0xb0 ./Generated_Code/T_100ms.o
                0x00006fd0                T_100ms_Init
 .text.T_100ms_Enable
                0x00007080       0x30 ./Generated_Code/T_100ms.o
                0x00007080                T_100ms_Enable
 .text.T_100ms_Disable
                0x000070b0       0x28 ./Generated_Code/T_100ms.o
                0x000070b0                T_100ms_Disable
 .text.T_100ms_Interrupt
                0x000070d8       0x6c ./Generated_Code/T_100ms.o
                0x000070d8                T_100ms_Interrupt
 .text.T_500ms_Init
                0x00007144       0xcc ./Generated_Code/T_500ms.o
                0x00007144                T_500ms_Init
 .text.T_500ms_Interrupt
                0x00007210       0x6c ./Generated_Code/T_500ms.o
                0x00007210                T_500ms_Interrupt
 .text.WAIT1_Wait10Cycles
                0x0000727c        0x8 ./Generated_Code/WAIT1.o
                0x0000727c                WAIT1_Wait10Cycles
 .text.WAIT1_Wait100Cycles
                0x00007284       0x1c ./Generated_Code/WAIT1.o
                0x00007284                WAIT1_Wait100Cycles
 .text.WAIT1_WaitCycles
                0x000072a0       0x34 ./Generated_Code/WAIT1.o
                0x000072a0                WAIT1_WaitCycles
 .text.WAIT1_WaitLongCycles
                0x000072d4       0x38 ./Generated_Code/WAIT1.o
                0x000072d4                WAIT1_WaitLongCycles
 .text.WAIT1_Waitms
                0x0000730c       0x2c ./Generated_Code/WAIT1.o
                0x0000730c                WAIT1_Waitms
 .text.round    0x00007338       0x9c c:/freescale/kds_v3/toolchain/bin/../lib/gcc/arm-none-eabi/4.8.4/../../../../arm-none-eabi/lib/armv7e-m\libm.a(lib_a-s_round.o)
                0x00007338                round
 .text.pow      0x000073d4      0x2f8 c:/freescale/kds_v3/toolchain/bin/../lib/gcc/arm-none-eabi/4.8.4/../../../../arm-none-eabi/lib/armv7e-m\libm.a(lib_a-w_pow.o)
                0x000073d4                pow
 *fill*         0x000076cc        0x4 
 .text.__ieee754_pow
                0x000076d0      0xa78 c:/freescale/kds_v3/toolchain/bin/../lib/gcc/arm-none-eabi/4.8.4/../../../../arm-none-eabi/lib/armv7e-m\libm.a(lib_a-e_pow.o)
                0x000076d0                __ieee754_pow
 .text.__ieee754_sqrt
                0x00008148      0x180 c:/freescale/kds_v3/toolchain/bin/../lib/gcc/arm-none-eabi/4.8.4/../../../../arm-none-eabi/lib/armv7e-m\libm.a(lib_a-e_sqrt.o)
                0x00008148                __ieee754_sqrt
 .text.fabs     0x000082c8        0x8 c:/freescale/kds_v3/toolchain/bin/../lib/gcc/arm-none-eabi/4.8.4/../../../../arm-none-eabi/lib/armv7e-m\libm.a(lib_a-s_fabs.o)
                0x000082c8                fabs
 .text.finite   0x000082d0        0xc c:/freescale/kds_v3/toolchain/bin/../lib/gcc/arm-none-eabi/4.8.4/../../../../arm-none-eabi/lib/armv7e-m\libm.a(lib_a-s_finite.o)
                0x000082d0                finite
 .text.__fpclassifyd
                0x000082dc       0x50 c:/freescale/kds_v3/toolchain/bin/../lib/gcc/arm-none-eabi/4.8.4/../../../../arm-none-eabi/lib/armv7e-m\libm.a(lib_a-s_fpclassify.o)
                0x000082dc                __fpclassifyd
 .text.matherr  0x0000832c        0x4 c:/freescale/kds_v3/toolchain/bin/../lib/gcc/arm-none-eabi/4.8.4/../../../../arm-none-eabi/lib/armv7e-m\libm.a(lib_a-s_matherr.o)
                0x0000832c                matherr
 .text.nan      0x00008330        0xc c:/freescale/kds_v3/toolchain/bin/../lib/gcc/arm-none-eabi/4.8.4/../../../../arm-none-eabi/lib/armv7e-m\libm.a(lib_a-s_nan.o)
                0x00008330                nan
 .text.rint     0x0000833c      0x118 c:/freescale/kds_v3/toolchain/bin/../lib/gcc/arm-none-eabi/4.8.4/../../../../arm-none-eabi/lib/armv7e-m\libm.a(lib_a-s_rint.o)
                0x0000833c                rint
 *fill*         0x00008454        0x4 
 .text.scalbn   0x00008458      0x118 c:/freescale/kds_v3/toolchain/bin/../lib/gcc/arm-none-eabi/4.8.4/../../../../arm-none-eabi/lib/armv7e-m\libm.a(lib_a-s_scalbn.o)
                0x00008458                scalbn
 .text.copysign
                0x00008570       0x14 c:/freescale/kds_v3/toolchain/bin/../lib/gcc/arm-none-eabi/4.8.4/../../../../arm-none-eabi/lib/armv7e-m\libm.a(lib_a-s_copysign.o)
                0x00008570                copysign
 .text.abort    0x00008584        0xe c:/freescale/kds_v3/toolchain/bin/../lib/gcc/arm-none-eabi/4.8.4/../../../../arm-none-eabi/lib/armv7e-m\libg_s.a(lib_a-abort.o)
                0x00008584                abort
 *fill*         0x00008592        0x2 
 .text.__errno  0x00008594        0xc c:/freescale/kds_v3/toolchain/bin/../lib/gcc/arm-none-eabi/4.8.4/../../../../arm-none-eabi/lib/armv7e-m\libg_s.a(lib_a-errno.o)
                0x00008594                __errno
 .text.exit     0x000085a0       0x28 c:/freescale/kds_v3/toolchain/bin/../lib/gcc/arm-none-eabi/4.8.4/../../../../arm-none-eabi/lib/armv7e-m\libg_s.a(lib_a-exit.o)
                0x000085a0                exit
 .text.__libc_init_array
                0x000085c8       0x4c c:/freescale/kds_v3/toolchain/bin/../lib/gcc/arm-none-eabi/4.8.4/../../../../arm-none-eabi/lib/armv7e-m\libg_s.a(lib_a-init.o)
                0x000085c8                __libc_init_array
 .text.memcpy   0x00008614       0x12 c:/freescale/kds_v3/toolchain/bin/../lib/gcc/arm-none-eabi/4.8.4/../../../../arm-none-eabi/lib/armv7e-m\libg_s.a(lib_a-memcpy-stub.o)
                0x00008614                memcpy
 .text.memset   0x00008626       0x10 c:/freescale/kds_v3/toolchain/bin/../lib/gcc/arm-none-eabi/4.8.4/../../../../arm-none-eabi/lib/armv7e-m\libg_s.a(lib_a-memset.o)
                0x00008626                memset
 .text._raise_r
                0x00008636       0x50 c:/freescale/kds_v3/toolchain/bin/../lib/gcc/arm-none-eabi/4.8.4/../../../../arm-none-eabi/lib/armv7e-m\libg_s.a(lib_a-signal.o)
                0x00008636                _raise_r
 *fill*         0x00008686        0x2 
 .text.raise    0x00008688       0x10 c:/freescale/kds_v3/toolchain/bin/../lib/gcc/arm-none-eabi/4.8.4/../../../../arm-none-eabi/lib/armv7e-m\libg_s.a(lib_a-signal.o)
                0x00008688                raise
 .text._kill_r  0x00008698       0x24 c:/freescale/kds_v3/toolchain/bin/../lib/gcc/arm-none-eabi/4.8.4/../../../../arm-none-eabi/lib/armv7e-m\libg_s.a(lib_a-signalr.o)
                0x00008698                _kill_r
 .text._getpid_r
                0x000086bc        0x4 c:/freescale/kds_v3/toolchain/bin/../lib/gcc/arm-none-eabi/4.8.4/../../../../arm-none-eabi/lib/armv7e-m\libg_s.a(lib_a-signalr.o)
                0x000086bc                _getpid_r
 .text.strlen   0x000086c0       0x10 c:/freescale/kds_v3/toolchain/bin/../lib/gcc/arm-none-eabi/4.8.4/../../../../arm-none-eabi/lib/armv7e-m\libg_s.a(lib_a-strlen.o)
                0x000086c0                strlen
 .text._vsprintf_r
                0x000086d0       0x30 c:/freescale/kds_v3/toolchain/bin/../lib/gcc/arm-none-eabi/4.8.4/../../../../arm-none-eabi/lib/armv7e-m\libg_s.a(lib_a-vsprintf.o)
                0x000086d0                _vsprintf_r
                0x000086d0                _vsiprintf_r
 .text.vsprintf
                0x00008700       0x1c c:/freescale/kds_v3/toolchain/bin/../lib/gcc/arm-none-eabi/4.8.4/../../../../arm-none-eabi/lib/armv7e-m\libg_s.a(lib_a-vsprintf.o)
                0x00008700                vsiprintf
                0x00008700                vsprintf
 .text._malloc_r
                0x0000871c       0xa8 c:/freescale/kds_v3/toolchain/bin/../lib/gcc/arm-none-eabi/4.8.4/../../../../arm-none-eabi/lib/armv7e-m\libg_s.a(lib_a-nano-mallocr.o)
                0x0000871c                _malloc_r
 .text._sbrk_r  0x000087c4       0x20 c:/freescale/kds_v3/toolchain/bin/../lib/gcc/arm-none-eabi/4.8.4/../../../../arm-none-eabi/lib/armv7e-m\libg_s.a(lib_a-sbrkr.o)
                0x000087c4                _sbrk_r
 .text.__ssputs_r
                0x000087e4       0xb8 c:/freescale/kds_v3/toolchain/bin/../lib/gcc/arm-none-eabi/4.8.4/../../../../arm-none-eabi/lib/armv7e-m\libg_s.a(lib_a-svfprintf.o)
                0x000087e4                __ssputs_r
 .text._svfprintf_r
                0x0000889c      0x1dc c:/freescale/kds_v3/toolchain/bin/../lib/gcc/arm-none-eabi/4.8.4/../../../../arm-none-eabi/lib/armv7e-m\libg_s.a(lib_a-svfprintf.o)
                0x0000889c                _svfiprintf_r
                0x0000889c                _svfprintf_r
 .text._printf_common
                0x00008a78       0xe4 c:/freescale/kds_v3/toolchain/bin/../lib/gcc/arm-none-eabi/4.8.4/../../../../arm-none-eabi/lib/armv7e-m\libg_s.a(lib_a-vfprintf_i.o)
                0x00008a78                _printf_common
 .text._printf_i
                0x00008b5c      0x228 c:/freescale/kds_v3/toolchain/bin/../lib/gcc/arm-none-eabi/4.8.4/../../../../arm-none-eabi/lib/armv7e-m\libg_s.a(lib_a-vfprintf_i.o)
                0x00008b5c                _printf_i
 .text.memchr   0x00008d84       0x1e c:/freescale/kds_v3/toolchain/bin/../lib/gcc/arm-none-eabi/4.8.4/../../../../arm-none-eabi/lib/armv7e-m\libg_s.a(lib_a-memchr-stub.o)
                0x00008d84                memchr
 .text.memmove  0x00008da2       0x36 c:/freescale/kds_v3/toolchain/bin/../lib/gcc/arm-none-eabi/4.8.4/../../../../arm-none-eabi/lib/armv7e-m\libg_s.a(lib_a-memmove.o)
                0x00008da2                memmove
 .text._free_r  0x00008dd8       0x88 c:/freescale/kds_v3/toolchain/bin/../lib/gcc/arm-none-eabi/4.8.4/../../../../arm-none-eabi/lib/armv7e-m\libg_s.a(lib_a-nano-freer.o)
                0x00008dd8                _free_r
 .text._realloc_r
                0x00008e60       0x4c c:/freescale/kds_v3/toolchain/bin/../lib/gcc/arm-none-eabi/4.8.4/../../../../arm-none-eabi/lib/armv7e-m\libg_s.a(lib_a-nano-reallocr.o)
                0x00008e60                _realloc_r
 .text._malloc_usable_size_r
                0x00008eac       0x12 c:/freescale/kds_v3/toolchain/bin/../lib/gcc/arm-none-eabi/4.8.4/../../../../arm-none-eabi/lib/armv7e-m\libg_s.a(lib_a-nano-msizer.o)
                0x00008eac                _malloc_usable_size_r
 *fill*         0x00008ebe        0x2 
 .text._getpid  0x00008ec0       0x10 c:/freescale/kds_v3/toolchain/bin/../lib/gcc/arm-none-eabi/4.8.4/../../../../arm-none-eabi/lib/armv7e-m\libnosys.a(getpid.o)
                0x00008ec0                _getpid
 .text._kill    0x00008ed0       0x10 c:/freescale/kds_v3/toolchain/bin/../lib/gcc/arm-none-eabi/4.8.4/../../../../arm-none-eabi/lib/armv7e-m\libnosys.a(kill.o)
                0x00008ed0                _kill
 .text._sbrk    0x00008ee0       0x34 c:/freescale/kds_v3/toolchain/bin/../lib/gcc/arm-none-eabi/4.8.4/../../../../arm-none-eabi/lib/armv7e-m\libnosys.a(sbrk.o)
                0x00008ee0                _sbrk
 .text._exit    0x00008f14        0x4 c:/freescale/kds_v3/toolchain/bin/../lib/gcc/arm-none-eabi/4.8.4/../../../../arm-none-eabi/lib/armv7e-m\libnosys.a(_exit.o)
                0x00008f14                _exit
 *(.rodata)
 .rodata        0x00008f18      0x1c4 ./Sources/display.o
 .rodata        0x000090dc       0x14 ./Sources/menu.o
 .rodata        0x000090f0      0x200 ./Sources/protocol.o
 .rodata        0x000092f0      0x200 ./Sources/send.o
 *(.rodata*)
 .rodata.SafeRoutine
                0x000094f0       0x30 ./Generated_Code/IntFlashLdd1.o
 .rodata.str1.4
                0x00009520        0x4 c:/freescale/kds_v3/toolchain/bin/../lib/gcc/arm-none-eabi/4.8.4/../../../../arm-none-eabi/lib/armv7e-m\libm.a(lib_a-w_pow.o)
 *fill*         0x00009524        0x4 
 .rodata.dp_h   0x00009528       0x10 c:/freescale/kds_v3/toolchain/bin/../lib/gcc/arm-none-eabi/4.8.4/../../../../arm-none-eabi/lib/armv7e-m\libm.a(lib_a-e_pow.o)
 .rodata.dp_l   0x00009538       0x10 c:/freescale/kds_v3/toolchain/bin/../lib/gcc/arm-none-eabi/4.8.4/../../../../arm-none-eabi/lib/armv7e-m\libm.a(lib_a-e_pow.o)
 .rodata.bp     0x00009548       0x10 c:/freescale/kds_v3/toolchain/bin/../lib/gcc/arm-none-eabi/4.8.4/../../../../arm-none-eabi/lib/armv7e-m\libm.a(lib_a-e_pow.o)
 .rodata.str1.4
                0x00009558        0x4 c:/freescale/kds_v3/toolchain/bin/../lib/gcc/arm-none-eabi/4.8.4/../../../../arm-none-eabi/lib/armv7e-m\libm.a(lib_a-e_pow.o)
 *fill*         0x0000955c        0x4 
 .rodata.TWO52  0x00009560       0x10 c:/freescale/kds_v3/toolchain/bin/../lib/gcc/arm-none-eabi/4.8.4/../../../../arm-none-eabi/lib/armv7e-m\libm.a(lib_a-s_rint.o)
 .rodata.str1.1
                0x00009570        0x2 c:/freescale/kds_v3/toolchain/bin/../lib/gcc/arm-none-eabi/4.8.4/../../../../arm-none-eabi/lib/armv7e-m\libg_s.a(lib_a-impure.o)
 *fill*         0x00009572        0x2 
 .rodata._global_impure_ptr
                0x00009574        0x4 c:/freescale/kds_v3/toolchain/bin/../lib/gcc/arm-none-eabi/4.8.4/../../../../arm-none-eabi/lib/armv7e-m\libg_s.a(lib_a-impure.o)
                0x00009574                _global_impure_ptr
 .rodata.str1.1
                0x00009578       0x11 c:/freescale/kds_v3/toolchain/bin/../lib/gcc/arm-none-eabi/4.8.4/../../../../arm-none-eabi/lib/armv7e-m\libg_s.a(lib_a-svfprintf.o)
 .rodata.str1.1
                0x00009589       0x22 c:/freescale/kds_v3/toolchain/bin/../lib/gcc/arm-none-eabi/4.8.4/../../../../arm-none-eabi/lib/armv7e-m\libg_s.a(lib_a-vfprintf_i.o)
 *(.glue_7)
 .glue_7        0x00000000        0x0 linker stubs
 *(.glue_7t)
 .glue_7t       0x00000000        0x0 linker stubs
 *(.eh_frame)
 *fill*         0x000095ab        0x1 
 .eh_frame      0x000095ac        0x0 c:/freescale/kds_v3/toolchain/bin/../lib/gcc/arm-none-eabi/4.8.4/armv7e-m/crtbegin.o
 *(.init)
 .init          0x000095ac        0x4 c:/freescale/kds_v3/toolchain/bin/../lib/gcc/arm-none-eabi/4.8.4/armv7e-m/crti.o
                0x000095ac                _init
 .init          0x000095b0        0x8 c:/freescale/kds_v3/toolchain/bin/../lib/gcc/arm-none-eabi/4.8.4/armv7e-m/crtn.o
 *(.fini)
 .fini          0x000095b8        0x4 c:/freescale/kds_v3/toolchain/bin/../lib/gcc/arm-none-eabi/4.8.4/armv7e-m/crti.o
                0x000095b8                _fini
 .fini          0x000095bc        0x8 c:/freescale/kds_v3/toolchain/bin/../lib/gcc/arm-none-eabi/4.8.4/armv7e-m/crtn.o
                0x000095c4                . = ALIGN (0x4)
                0x000095c4                _etext = .

.vfp11_veneer   0x000095c4        0x0
 .vfp11_veneer  0x00000000        0x0 linker stubs

.v4_bx          0x000095c4        0x0
 .v4_bx         0x00000000        0x0 linker stubs

.iplt           0x000095c4        0x0
 .iplt          0x00000000        0x0 c:/freescale/kds_v3/toolchain/bin/../lib/gcc/arm-none-eabi/4.8.4/armv7e-m/crtbegin.o

.ARM.extab      0x000095c4      0x150
 *(.ARM.extab* .gnu.linkonce.armextab.*)
 .ARM.extab.text.LCD_command
                0x000095c4        0xc ./Sources/LCD.o
 .ARM.extab.text.LCD_Set_Cursor
                0x000095d0        0xc ./Sources/LCD.o
 .ARM.extab.text.LCD_Write
                0x000095dc        0xc ./Sources/LCD.o
 .ARM.extab.text.load_custom_char
                0x000095e8        0xc ./Sources/LCD.o
 .ARM.extab.text.LCD_Write_At
                0x000095f4        0xc ./Sources/LCD.o
 .ARM.extab.text.LCD_Write_Block
                0x00009600        0xc ./Sources/LCD.o
 .ARM.extab.text.PCA9670_SendByte
                0x0000960c        0xc ./Sources/PCA9670.o
 .ARM.extab.text.print_float_at
                0x00009618        0xc ./Sources/display.o
 .ARM.extab.text.print_int_at
                0x00009624        0xc ./Sources/display.o
 .ARM.extab.text.load_char
                0x00009630        0xc ./Sources/display.o
 .ARM.extab.text.menu_init
                0x0000963c        0xc ./Sources/display.o
 .ARM.extab.text.refresh
                0x00009648        0xc ./Sources/display.o
 .ARM.extab.text.select
                0x00009654        0xc ./Sources/display.o
 .ARM.extab.text.back
                0x00009660        0xc ./Sources/display.o
 .ARM.extab.text.refresh_fct
                0x0000966c        0xc ./Sources/display.o
 .ARM.extab.text.print_menu
                0x00009678        0xc ./Sources/menu.o
 .ARM.extab.text.print_sub_menu
                0x00009684        0xc ./Sources/menu.o
 .ARM.extab.text.menu_select
                0x00009690        0xc ./Sources/menu.o
 .ARM.extab.text.menu_back
                0x0000969c        0xc ./Sources/menu.o
 .ARM.extab.text.refresh_menu
                0x000096a8        0xc ./Sources/menu.o
 .ARM.extab.text.serial_send_block
                0x000096b4        0xc ./Sources/protocol.o
 .ARM.extab.text.serial_send_float
                0x000096c0        0xc ./Sources/protocol.o
 .ARM.extab.text.serial_send_string
                0x000096cc        0xc ./Sources/protocol.o
 .ARM.extab.text.serial_send_char
                0x000096d8        0xc ./Sources/protocol.o
 .ARM.extab.text.send_fct
                0x000096e4        0xc ./Sources/send.o
 .ARM.extab     0x000096f0        0xc c:/freescale/kds_v3/toolchain/bin/../lib/gcc/arm-none-eabi/4.8.4/armv7e-m\libgcc.a(unwind-arm.o)
 .ARM.extab     0x000096fc       0x18 c:/freescale/kds_v3/toolchain/bin/../lib/gcc/arm-none-eabi/4.8.4/armv7e-m\libgcc.a(pr-support.o)

.ARM            0x00009714      0x1d0
                0x00009714                __exidx_start = .
 *(.ARM.exidx*)
 .ARM.exidx     0x00009714        0x8 c:/freescale/kds_v3/toolchain/bin/../lib/gcc/arm-none-eabi/4.8.4/../../../../arm-none-eabi/lib/armv7e-m/crt0.o
 .ARM.exidx.text.LCD_Init
                0x000097dc        0x8 ./Sources/LCD.o
 .ARM.exidx.text.LCD_command
                0x000097e4        0x8 ./Sources/LCD.o
 .ARM.exidx.text.LCD_Set_Cursor
                0x000097ec        0x8 ./Sources/LCD.o
 .ARM.exidx.text.LCD_Write
                0x000097f4        0x8 ./Sources/LCD.o
 .ARM.exidx.text.load_custom_char
                0x000097fc        0x8 ./Sources/LCD.o
 .ARM.exidx.text.LCD_Write_At
                0x00009804        0x8 ./Sources/LCD.o
 .ARM.exidx.text.LCD_Write_Block
                0x0000980c        0x8 ./Sources/LCD.o
 .ARM.exidx.text.PCA9670_Init
                0x00009814        0x8 ./Sources/PCA9670.o
 .ARM.exidx.text.PCA9670_SendByte
                0x0000981c        0x8 ./Sources/PCA9670.o
 .ARM.exidx.text.vspfunc
                0x00009824        0x8 ./Sources/display.o
 .ARM.exidx.text.print_float_at
                0x0000982c        0x8 ./Sources/display.o
 .ARM.exidx.text.print_int_at
                0x00009834        0x8 ./Sources/display.o
 .ARM.exidx.text.load_char
                0x0000983c        0x8 ./Sources/display.o
 .ARM.exidx.text.menu_init
                0x00009844        0x8 ./Sources/display.o
 .ARM.exidx.text.refresh
                0x0000984c        0x8 ./Sources/display.o
 .ARM.exidx.text.select
                0x00009854        0x8 ./Sources/display.o
 .ARM.exidx.text.back
                0x0000985c        0x8 ./Sources/display.o
 .ARM.exidx.text.refresh_fct
                0x00009864        0x8 ./Sources/display.o
 .ARM.exidx.text.velocity_fct
                0x0000986c        0x8 ./Sources/display.o
 .ARM.exidx.text.acceleration_fct
                0x00009874        0x0 ./Sources/display.o
                                  0x8 (size before relaxing)
 .ARM.exidx.text.deceleration_fct
                0x00009874        0x0 ./Sources/display.o
                                  0x8 (size before relaxing)
 .ARM.exidx.text.back_fct
                0x00009874        0x0 ./Sources/display.o
                                  0x8 (size before relaxing)
 .ARM.exidx.text.pos_position_fct
                0x00009874        0x0 ./Sources/display.o
                                  0x8 (size before relaxing)
 .ARM.exidx.text.pos_velocity_fct
                0x00009874        0x0 ./Sources/display.o
                                  0x8 (size before relaxing)
 .ARM.exidx.text.pos_acceleration_fct
                0x00009874        0x0 ./Sources/display.o
                                  0x8 (size before relaxing)
 .ARM.exidx.text.pos_deceleration_fct
                0x00009874        0x0 ./Sources/display.o
                                  0x8 (size before relaxing)
 .ARM.exidx.text.torque_fct
                0x00009874        0x0 ./Sources/display.o
                                  0x8 (size before relaxing)
 .ARM.exidx.text.torque_rise_fct
                0x00009874        0x0 ./Sources/display.o
                                  0x8 (size before relaxing)
 .ARM.exidx.text.torque_fall_fct
                0x00009874        0x0 ./Sources/display.o
                                  0x8 (size before relaxing)
 .ARM.exidx.text._Z41__static_initialization_and_destruction_0ii
                0x00009874        0x8 ./Sources/display.o
 .ARM.exidx.text._GLOBAL__sub_I_buffer
                0x0000987c        0x0 ./Sources/display.o
                                  0x8 (size before relaxing)
 .ARM.exidx.text.init_menu
                0x0000987c        0x0 ./Sources/menu.o
                                  0x8 (size before relaxing)
 .ARM.exidx.text.init_sub_menu
                0x0000987c        0x0 ./Sources/menu.o
                                  0x8 (size before relaxing)
 .ARM.exidx.text.init_menu_list
                0x0000987c        0x0 ./Sources/menu.o
                                  0x8 (size before relaxing)
 .ARM.exidx.text.init_sub_menu_list
                0x0000987c        0x0 ./Sources/menu.o
                                  0x8 (size before relaxing)
 .ARM.exidx.text.print_menu
                0x0000987c        0x8 ./Sources/menu.o
 .ARM.exidx.text.print_sub_menu
                0x00009884        0x8 ./Sources/menu.o
 .ARM.exidx.text.menu_select
                0x0000988c        0x8 ./Sources/menu.o
 .ARM.exidx.text.menu_back
                0x00009894        0x8 ./Sources/menu.o
 .ARM.exidx.text.refresh_menu
                0x0000989c        0x8 ./Sources/menu.o
 .ARM.exidx.text.void_function
                0x000098a4        0x8 ./Sources/menu.o
 .ARM.exidx.text.parameters_init
                0x000098ac        0x0 ./Sources/parameters.o
                                  0x8 (size before relaxing)
 .ARM.exidx.text.convert
                0x000098ac        0x0 ./Sources/parameters.o
                                  0x8 (size before relaxing)
 .ARM.exidx.text.serial_send_block
                0x000098ac        0x8 ./Sources/protocol.o
 .ARM.exidx.text.serial_send_float
                0x000098b4        0x8 ./Sources/protocol.o
 .ARM.exidx.text.serial_send_string
                0x000098bc        0x8 ./Sources/protocol.o
 .ARM.exidx.text.serial_send_char
                0x000098c4        0x8 ./Sources/protocol.o
 .ARM.exidx.text.serial_send_end
                0x000098cc        0x8 ./Sources/protocol.o
 .ARM.exidx.text.send_fct
                0x000098d4       0x10 ./Sources/send.o
                                  0x8 (size before relaxing)
 .ARM.exidx     0x0000971c       0x88 c:/freescale/kds_v3/toolchain/bin/../lib/gcc/arm-none-eabi/4.8.4/armv7e-m\libgcc.a(unwind-arm.o)
                                 0xd8 (size before relaxing)
 .ARM.exidx     0x000097a4       0x38 c:/freescale/kds_v3/toolchain/bin/../lib/gcc/arm-none-eabi/4.8.4/armv7e-m\libgcc.a(pr-support.o)
                                 0x48 (size before relaxing)
                0x000098e4                __exidx_end = .

.rel.dyn        0x000098e4        0x0
 .rel.iplt      0x00000000        0x0 c:/freescale/kds_v3/toolchain/bin/../lib/gcc/arm-none-eabi/4.8.4/armv7e-m/crtbegin.o

.ctors          0x000098e4        0x0
                0x000098e4                __CTOR_LIST__ = .
 *crtbegin.o(.ctors)
 *(EXCLUDE_FILE(*crtend.o) .ctors)
 *(SORT(.ctors.*))
 *(.ctors)
                0x000098e4                __CTOR_END__ = .

.dtors          0x000098e4        0x0
                0x000098e4                __DTOR_LIST__ = .
 *crtbegin.o(.dtors)
 *(EXCLUDE_FILE(*crtend.o) .dtors)
 *(SORT(.dtors.*))
 *(.dtors)
                0x000098e4                __DTOR_END__ = .

.preinit_array  0x000098e4        0x0
                0x000098e4                PROVIDE (__preinit_array_start, .)
 *(.preinit_array*)
                0x000098e4                PROVIDE (__preinit_array_end, .)

.init_array     0x000098e4        0x8
                0x000098e4                PROVIDE (__init_array_start, .)
 *(SORT(.init_array.*))
 *(.init_array*)
 .init_array    0x000098e4        0x4 c:/freescale/kds_v3/toolchain/bin/../lib/gcc/arm-none-eabi/4.8.4/armv7e-m/crtbegin.o
 .init_array    0x000098e8        0x4 ./Sources/display.o
                0x000098ec                PROVIDE (__init_array_end, .)

.fini_array     0x000098ec        0x4
                0x000098ec                PROVIDE (__fini_array_start, .)
 *(SORT(.fini_array.*))
 *(.fini_array*)
 .fini_array    0x000098ec        0x4 c:/freescale/kds_v3/toolchain/bin/../lib/gcc/arm-none-eabi/4.8.4/armv7e-m/crtbegin.o
                0x000098f0                PROVIDE (__fini_array_end, .)
                0x000098f0                ___ROM_AT = .

.data           0x1fff8000       0x8c load address 0x000098f0
                0x1fff8000                . = ALIGN (0x4)
                0x1fff8000                _sdata = .
 *(.data)
 *(.data*)
 .data._ZL3Set  0x1fff8000        0x4 ./Sources/send.o
 .data._ZL8Velocity
                0x1fff8004        0x4 ./Sources/send.o
 .data._ZL12Velocity_ref
                0x1fff8008        0x4 ./Sources/send.o
 .data._ZL10Torque_ref
                0x1fff800c        0x4 ./Sources/send.o
 .data._ZL12Position_ref
                0x1fff8010        0x4 ./Sources/send.o
 .data._ZL12Acceleration
                0x1fff8014        0x4 ./Sources/send.o
 .data._ZL12Deceleration
                0x1fff8018        0x4 ./Sources/send.o
 .data._ZL11Torque_rise
                0x1fff801c        0x4 ./Sources/send.o
 .data._ZL11Torque_fall
                0x1fff8020        0x4 ./Sources/send.o
 .data.__fdlib_version
                0x1fff8024        0x1 c:/freescale/kds_v3/toolchain/bin/../lib/gcc/arm-none-eabi/4.8.4/../../../../arm-none-eabi/lib/armv7e-m\libm.a(lib_a-s_lib_ver.o)
                0x1fff8024                __fdlib_version
 *fill*         0x1fff8025        0x3 
 .data.impure_data
                0x1fff8028       0x60 c:/freescale/kds_v3/toolchain/bin/../lib/gcc/arm-none-eabi/4.8.4/../../../../arm-none-eabi/lib/armv7e-m\libg_s.a(lib_a-impure.o)
 .data._impure_ptr
                0x1fff8088        0x4 c:/freescale/kds_v3/toolchain/bin/../lib/gcc/arm-none-eabi/4.8.4/../../../../arm-none-eabi/lib/armv7e-m\libg_s.a(lib_a-impure.o)
                0x1fff8088                _impure_ptr
                0x1fff808c                . = ALIGN (0x4)
                0x1fff808c                _edata = .
                0x0000008c                ___data_size = (_edata - _sdata)
                0x0000997c                ___m_data_20000000_ROMStart = (___ROM_AT + SIZEOF (.data))

.jcr            0x1fff808c        0x0 load address 0x0000997c
 .jcr           0x1fff808c        0x0 c:/freescale/kds_v3/toolchain/bin/../lib/gcc/arm-none-eabi/4.8.4/armv7e-m/crtbegin.o

.igot.plt       0x1fff808c        0x0 load address 0x0000997c
 .igot.plt      0x00000000        0x0 c:/freescale/kds_v3/toolchain/bin/../lib/gcc/arm-none-eabi/4.8.4/armv7e-m/crtbegin.o

.m_data_20000000
                0x20000000        0x0 load address 0x0000997c
                0x20000000                . = ALIGN (0x4)
                0x20000000                ___m_data_20000000_RAMStart = .
 *(.m_data_20000000)
                0x20000000                ___m_data_20000000_RAMEnd = .
                0x20000000                . = ALIGN (0x4)
                0x00000000                ___m_data_20000000_ROMSize = (___m_data_20000000_RAMEnd - ___m_data_20000000_RAMStart)
                0x20000000                . = ALIGN (0x4)

.bss            0x1fff808c      0x6ac load address 0x0000997c
                0x1fff808c                __START_BSS = .
                0x1fff808c                PROVIDE (__bss_start__, __START_BSS)
 *(.bss)
 .bss           0x1fff808c       0x1c c:/freescale/kds_v3/toolchain/bin/../lib/gcc/arm-none-eabi/4.8.4/armv7e-m/crtbegin.o
 *(.bss*)
 .bss.LCD_flag  0x1fff80a8        0x1 ./Sources/LCD.o
                0x1fff80a8                LCD_flag
 *fill*         0x1fff80a9        0x3 
 .bss.buffer    0x1fff80ac       0x50 ./Sources/display.o
                0x1fff80ac                buffer
 .bss.FLAG_MENU
                0x1fff80fc        0x1 ./Sources/display.o
                0x1fff80fc                FLAG_MENU
 *fill*         0x1fff80fd        0x3 
 .bss.back_menu
                0x1fff8100       0x10 ./Sources/display.o
                0x1fff8100                back_menu
 .bss.vel_velocity
                0x1fff8110       0x10 ./Sources/display.o
                0x1fff8110                vel_velocity
 .bss.vel_acc   0x1fff8120       0x10 ./Sources/display.o
                0x1fff8120                vel_acc
 .bss.vel_dec   0x1fff8130       0x10 ./Sources/display.o
                0x1fff8130                vel_dec
 .bss.vel_cue   0x1fff8140       0x10 ./Sources/display.o
                0x1fff8140                vel_cue
 .bss.sub_menu_velocity
                0x1fff8150       0x50 ./Sources/display.o
                0x1fff8150                sub_menu_velocity
 .bss.menu_velocity
                0x1fff81a0        0xc ./Sources/display.o
                0x1fff81a0                menu_velocity
 .bss.pos_position
                0x1fff81ac       0x10 ./Sources/display.o
                0x1fff81ac                pos_position
 .bss.pos_velocity
                0x1fff81bc       0x10 ./Sources/display.o
                0x1fff81bc                pos_velocity
 .bss.pos_acc   0x1fff81cc       0x10 ./Sources/display.o
                0x1fff81cc                pos_acc
 .bss.pos_dec   0x1fff81dc       0x10 ./Sources/display.o
                0x1fff81dc                pos_dec
 .bss.pos_cue   0x1fff81ec       0x10 ./Sources/display.o
                0x1fff81ec                pos_cue
 .bss.sub_menu_position
                0x1fff81fc       0x60 ./Sources/display.o
                0x1fff81fc                sub_menu_position
 .bss.menu_position
                0x1fff825c        0xc ./Sources/display.o
                0x1fff825c                menu_position
 .bss.tor_torque
                0x1fff8268       0x10 ./Sources/display.o
                0x1fff8268                tor_torque
 .bss.tor_torque_rise
                0x1fff8278       0x10 ./Sources/display.o
                0x1fff8278                tor_torque_rise
 .bss.tor_torque_fall
                0x1fff8288       0x10 ./Sources/display.o
                0x1fff8288                tor_torque_fall
 .bss.tor_cue   0x1fff8298       0x10 ./Sources/display.o
                0x1fff8298                tor_cue
 .bss.sub_menu_torque
                0x1fff82a8       0x50 ./Sources/display.o
                0x1fff82a8                sub_menu_torque
 .bss.menu_torque
                0x1fff82f8        0xc ./Sources/display.o
                0x1fff82f8                menu_torque
 .bss.velocity  0x1fff8304       0x18 ./Sources/display.o
                0x1fff8304                velocity
 .bss.position  0x1fff831c       0x18 ./Sources/display.o
                0x1fff831c                position
 .bss.torque    0x1fff8334       0x18 ./Sources/display.o
                0x1fff8334                torque
 .bss.setting   0x1fff834c       0x18 ./Sources/display.o
                0x1fff834c                setting
 .bss.menu_array
                0x1fff8364       0x60 ./Sources/display.o
                0x1fff8364                menu_array
 .bss.root_menu
                0x1fff83c4        0xc ./Sources/display.o
                0x1fff83c4                root_menu
 .bss.FLAG_PUSH_SHORT
                0x1fff83d0        0x1 ./Sources/encoder_variable.o
                0x1fff83d0                FLAG_PUSH_SHORT
 .bss.FLAG_PUSH_LONG
                0x1fff83d1        0x1 ./Sources/encoder_variable.o
                0x1fff83d1                FLAG_PUSH_LONG
 .bss.FLAG_ENCODER
                0x1fff83d2        0x1 ./Sources/encoder_variable.o
                0x1fff83d2                FLAG_ENCODER
 .bss.FLAG_DEBOUNCE
                0x1fff83d3        0x1 ./Sources/encoder_variable.o
                0x1fff83d3                FLAG_DEBOUNCE
 .bss.counter_100ms
                0x1fff83d4        0x4 ./Sources/encoder_variable.o
                0x1fff83d4                counter_100ms
 .bss.encoder   0x1fff83d8        0x4 ./Sources/encoder_variable.o
                0x1fff83d8                encoder
 .bss.menu_indicator
                0x1fff83dc        0x4 ./Sources/parameters.o
                0x1fff83dc                menu_indicator
 .bss.vel       0x1fff83e0       0x18 ./Sources/parameters.o
                0x1fff83e0                vel
 .bss.pos       0x1fff83f8       0x20 ./Sources/parameters.o
                0x1fff83f8                pos
 .bss.tor       0x1fff8418       0x18 ./Sources/parameters.o
                0x1fff8418                tor
 .bss.in_buffer
                0x1fff8430       0x80 ./Sources/protocol.o
                0x1fff8430                in_buffer
 .bss.cnt       0x1fff84b0        0x1 ./Sources/protocol.o
                0x1fff84b0                cnt
 .bss.FLAG_MSG_RCV
                0x1fff84b1        0x1 ./Sources/protocol.o
                0x1fff84b1                FLAG_MSG_RCV
 .bss.FLAG_MSG_ERR
                0x1fff84b2        0x1 ./Sources/protocol.o
                0x1fff84b2                FLAG_MSG_ERR
 .bss.FLAG_MSG_OK
                0x1fff84b3        0x1 ./Sources/protocol.o
                0x1fff84b3                FLAG_MSG_OK
 .bss.nb_data   0x1fff84b4        0x4 ./Sources/protocol.o
                0x1fff84b4                nb_data
 .bss.FLAG_SEND
                0x1fff84b8        0x1 ./Sources/send.o
                0x1fff84b8                FLAG_SEND
 *fill*         0x1fff84b9        0x1 
 .bss.SerFlag   0x1fff84ba        0x2 ./Generated_Code/AS1.o
 .bss.AS1_InpLen
                0x1fff84bc        0x2 ./Generated_Code/AS1.o
 .bss.InpIndexR
                0x1fff84be        0x2 ./Generated_Code/AS1.o
 .bss.InpIndexW
                0x1fff84c0        0x2 ./Generated_Code/AS1.o
 *fill*         0x1fff84c2        0x2 
 .bss.InpBuffer
                0x1fff84c4       0x80 ./Generated_Code/AS1.o
 .bss.BufferRead
                0x1fff8544        0x1 ./Generated_Code/AS1.o
 *fill*         0x1fff8545        0x1 
 .bss.AS1_OutLen
                0x1fff8546        0x2 ./Generated_Code/AS1.o
 .bss.OutIndexR
                0x1fff8548        0x2 ./Generated_Code/AS1.o
 .bss.OutIndexW
                0x1fff854a        0x2 ./Generated_Code/AS1.o
 .bss.OutBuffer
                0x1fff854c       0x80 ./Generated_Code/AS1.o
 .bss.OnFreeTxBufSemaphore
                0x1fff85cc        0x1 ./Generated_Code/AS1.o
 *fill*         0x1fff85cd        0x3 
 .bss.DeviceDataPrv__DEFAULT_RTOS_ALLOC
                0x1fff85d0       0x20 ./Generated_Code/ASerialLdd1.o
 .bss.INT_UART0_RX_TX__DEFAULT_RTOS_ISRPARAM
                0x1fff85f0        0x4 ./Generated_Code/ASerialLdd1.o
 .bss.INT_UART0_ERR__DEFAULT_RTOS_ISRPARAM
                0x1fff85f4        0x4 ./Generated_Code/ASerialLdd1.o
 .bss.DeviceDataPrv__DEFAULT_RTOS_ALLOC
                0x1fff85f8        0x4 ./Generated_Code/BitIoLdd1.o
 .bss.DeviceDataPrv__DEFAULT_RTOS_ALLOC
                0x1fff85fc        0x4 ./Generated_Code/BitIoLdd2.o
 .bss.DeviceDataPrv__DEFAULT_RTOS_ALLOC
                0x1fff8600        0x4 ./Generated_Code/BitIoLdd3.o
 .bss.DeviceDataPrv__DEFAULT_RTOS_ALLOC
                0x1fff8604        0x4 ./Generated_Code/BitIoLdd4.o
 .bss.DeviceDataPrv__DEFAULT_RTOS_ALLOC
                0x1fff8608        0x4 ./Generated_Code/BitIoLdd5.o
 .bss.DeviceDataPrv__DEFAULT_RTOS_ALLOC
                0x1fff860c        0x4 ./Generated_Code/BitIoLdd6.o
 .bss.DeviceDataPrv__DEFAULT_RTOS_ALLOC
                0x1fff8610        0x4 ./Generated_Code/BitIoLdd7.o
 .bss.SR_lock   0x1fff8614        0x1 ./Generated_Code/Cpu.o
                0x1fff8614                SR_lock
 *fill*         0x1fff8615        0x3 
 .bss.DeviceDataPrv__DEFAULT_RTOS_ALLOC
                0x1fff8618        0xc ./Generated_Code/ENCODER.o
 .bss.INT_PORTC__DEFAULT_RTOS_ISRPARAM
                0x1fff8624        0x4 ./Generated_Code/ENCODER.o
 .bss.DeviceDataPrv__DEFAULT_RTOS_ALLOC
                0x1fff8628        0x4 ./Generated_Code/ExtIntLdd1.o
 .bss.INT_PORTC__DEFAULT_RTOS_ISRPARAM
                0x1fff862c        0x4 ./Generated_Code/ExtIntLdd1.o
 .bss.DeviceDataPrv__DEFAULT_RTOS_ALLOC
                0x1fff8630        0x4 ./Generated_Code/ExtIntLdd2.o
 .bss.INT_PORTC__DEFAULT_RTOS_ISRPARAM
                0x1fff8634        0x4 ./Generated_Code/ExtIntLdd2.o
 .bss.DeviceDataPrv__DEFAULT_RTOS_ALLOC
                0x1fff8638        0x4 ./Generated_Code/ExtIntLdd3.o
 .bss.INT_PORTC__DEFAULT_RTOS_ISRPARAM
                0x1fff863c        0x4 ./Generated_Code/ExtIntLdd3.o
 .bss.DeviceDataPrv__DEFAULT_RTOS_ALLOC
                0x1fff8640        0x4 ./Generated_Code/ExtIntLdd4.o
 .bss.INT_PORTC__DEFAULT_RTOS_ISRPARAM
                0x1fff8644        0x4 ./Generated_Code/ExtIntLdd4.o
 .bss.DeviceDataPrv__DEFAULT_RTOS_ALLOC
                0x1fff8648        0x4 ./Generated_Code/ExtIntLdd5.o
 .bss.INT_PORTC__DEFAULT_RTOS_ISRPARAM
                0x1fff864c        0x4 ./Generated_Code/ExtIntLdd5.o
 .bss.OutLenM   0x1fff8650        0x2 ./Generated_Code/I2C0.o
 .bss.ChrTemp   0x1fff8652        0x1 ./Generated_Code/I2C0.o
 *fill*         0x1fff8653        0x1 
 .bss.IFsh1_CurrentCommand
                0x1fff8654        0x4 ./Generated_Code/IFsh1.o
 .bss.IFsh1_CmdResult
                0x1fff8658        0x1 ./Generated_Code/IFsh1.o
 .bss.IFsh1_CmdPending
                0x1fff8659        0x1 ./Generated_Code/IFsh1.o
 .bss.IFsh1_EnEvent
                0x1fff865a        0x1 ./Generated_Code/IFsh1.o
 *fill*         0x1fff865b        0x1 
 .bss.IntFlashLdd1_DevDataPtr
                0x1fff865c        0x4 ./Generated_Code/IFsh1.o
 .bss.DeviceDataPrv__DEFAULT_RTOS_ALLOC
                0x1fff8660       0x18 ./Generated_Code/IntFlashLdd1.o
 .bss.INT_FTFL__DEFAULT_RTOS_ISRPARAM
                0x1fff8678        0x4 ./Generated_Code/IntFlashLdd1.o
 .bss.INT_Read_Collision__DEFAULT_RTOS_ISRPARAM
                0x1fff867c        0x4 ./Generated_Code/IntFlashLdd1.o
 .bss.DeviceDataPrv__DEFAULT_RTOS_ALLOC
                0x1fff8680       0x1c ./Generated_Code/IntI2cLdd1.o
 .bss.INT_I2C0__DEFAULT_RTOS_ISRPARAM
                0x1fff869c        0x4 ./Generated_Code/IntI2cLdd1.o
 .bss.PE_LDD_DeviceDataList
                0x1fff86a0       0x4c ./Generated_Code/PE_LDD.o
                0x1fff86a0                PE_LDD_DeviceDataList
 .bss.DeviceDataPrv__DEFAULT_RTOS_ALLOC
                0x1fff86ec        0xc ./Generated_Code/TU1.o
 .bss.INT_FTM2__DEFAULT_RTOS_ISRPARAM
                0x1fff86f8        0x4 ./Generated_Code/TU1.o
 .bss.DeviceDataPrv__DEFAULT_RTOS_ALLOC
                0x1fff86fc        0xc ./Generated_Code/T_100ms.o
 .bss.INT_FTM1__DEFAULT_RTOS_ISRPARAM
                0x1fff8708        0x4 ./Generated_Code/T_100ms.o
 .bss.DeviceDataPrv__DEFAULT_RTOS_ALLOC
                0x1fff870c        0x8 ./Generated_Code/T_500ms.o
 .bss.INT_FTM0__DEFAULT_RTOS_ISRPARAM
                0x1fff8714        0x4 ./Generated_Code/T_500ms.o
 .bss.__malloc_sbrk_start
                0x1fff8718        0x4 c:/freescale/kds_v3/toolchain/bin/../lib/gcc/arm-none-eabi/4.8.4/../../../../arm-none-eabi/lib/armv7e-m\libg_s.a(lib_a-nano-mallocr.o)
                0x1fff8718                __malloc_sbrk_start
 .bss.__malloc_free_list
                0x1fff871c        0x4 c:/freescale/kds_v3/toolchain/bin/../lib/gcc/arm-none-eabi/4.8.4/../../../../arm-none-eabi/lib/armv7e-m\libg_s.a(lib_a-nano-mallocr.o)
                0x1fff871c                __malloc_free_list
 .bss.heap_end.4246
                0x1fff8720        0x4 c:/freescale/kds_v3/toolchain/bin/../lib/gcc/arm-none-eabi/4.8.4/../../../../arm-none-eabi/lib/armv7e-m\libnosys.a(sbrk.o)
 *(COMMON)
 COMMON         0x1fff8724        0x4 ./Generated_Code/AS1.o
                0x1fff8724                ASerialLdd1_DeviceDataPtr
 COMMON         0x1fff8728        0x1 ./Generated_Code/Cpu.o
                0x1fff8728                SR_reg
 *fill*         0x1fff8729        0x3 
 COMMON         0x1fff872c        0x8 ./Generated_Code/I2C0.o
                0x1fff872c                I2C0_SndRcvTemp
                0x1fff8730                IntI2cLdd1_DeviceDataPtr
 COMMON         0x1fff8734        0x4 c:/freescale/kds_v3/toolchain/bin/../lib/gcc/arm-none-eabi/4.8.4/../../../../arm-none-eabi/lib/armv7e-m\libg_s.a(lib_a-reent.o)
                0x1fff8734                errno
                0x1fff8738                . = ALIGN (0x4)
                0x1fff8738                __END_BSS = .
                0x1fff8738                PROVIDE (__bss_end__, __END_BSS)
                0x0000997c                _romp_at = ((___ROM_AT + SIZEOF (.data)) + SIZEOF (.m_data_20000000))

.romp           0x1fff8738       0x24 load address 0x0000997c
                0x0000997c                __S_romp = _romp_at
                0x1fff8738        0x4 LONG 0x98f0 ___ROM_AT
                0x1fff873c        0x4 LONG 0x1fff8000 _sdata
                0x1fff8740        0x4 LONG 0x8c ___data_size
                0x1fff8744        0x4 LONG 0x997c ___m_data_20000000_ROMStart
                0x1fff8748        0x4 LONG 0x20000000 ___m_data_20000000_RAMStart
                0x1fff874c        0x4 LONG 0x0 ___m_data_20000000_ROMSize
                0x1fff8750        0x4 LONG 0x0
                0x1fff8754        0x4 LONG 0x0
                0x1fff8758        0x4 LONG 0x0
                0x00040000                text_end = (ORIGIN (m_text) + 0x3fbf0)
                0x000099a0                data_init_end = ((___m_data_20000000_ROMStart + SIZEOF (.m_data_20000000)) + SIZEOF (.romp))
                0x00000001                ASSERT ((data_init_end <= text_end), region m_text overflowed with text and data)

._user_heap_stack
                0x1fff875c      0x400 load address 0x000099a0
                0x1fff875c                . = ALIGN (0x4)
                0x1fff875c                PROVIDE (end, .)
                0x1fff875c                PROVIDE (_end, .)
                0x1fff875c                PROVIDE (__end__, .)
                0x1fff875c                __heap_addr = .
                0x1fff875c                __HeapBase = .
                0x1fff875c                . = (. + __heap_size)
                0x1fff875c                __HeapLimit = .
                0x1fff8b5c                . = (. + __stack_size)
 *fill*         0x1fff875c      0x400 
                0x1fff8b5c                . = ALIGN (0x4)

.ARM.attributes
                0x00000000       0x2a
 *(.ARM.attributes)
 .ARM.attributes
                0x00000000       0x1e c:/freescale/kds_v3/toolchain/bin/../lib/gcc/arm-none-eabi/4.8.4/armv7e-m/crti.o
 .ARM.attributes
                0x0000001e       0x2e c:/freescale/kds_v3/toolchain/bin/../lib/gcc/arm-none-eabi/4.8.4/armv7e-m/crtbegin.o
 .ARM.attributes
                0x0000004c       0x1c c:/freescale/kds_v3/toolchain/bin/../lib/gcc/arm-none-eabi/4.8.4/../../../../arm-none-eabi/lib/armv7e-m/crt0.o
 .ARM.attributes
                0x00000068       0x33 ./Sources/Events.o
 .ARM.attributes
                0x0000009b       0x33 ./Sources/LCD.o
 .ARM.attributes
                0x000000ce       0x33 ./Sources/PCA9670.o
 .ARM.attributes
                0x00000101       0x33 ./Sources/display.o
 .ARM.attributes
                0x00000134       0x33 ./Sources/encoder_variable.o
 .ARM.attributes
                0x00000167       0x33 ./Sources/main.o
 .ARM.attributes
                0x0000019a       0x33 ./Sources/menu.o
 .ARM.attributes
                0x000001cd       0x33 ./Sources/parameters.o
 .ARM.attributes
                0x00000200       0x33 ./Sources/protocol.o
 .ARM.attributes
                0x00000233       0x33 ./Sources/send.o
 .ARM.attributes
                0x00000266       0x33 ./Project_Settings/Startup_Code/startup.o
 .ARM.attributes
                0x00000299       0x33 ./Generated_Code/AS1.o
 .ARM.attributes
                0x000002cc       0x33 ./Generated_Code/ASerialLdd1.o
 .ARM.attributes
                0x000002ff       0x33 ./Generated_Code/BitIoLdd1.o
 .ARM.attributes
                0x00000332       0x33 ./Generated_Code/BitIoLdd2.o
 .ARM.attributes
                0x00000365       0x33 ./Generated_Code/BitIoLdd3.o
 .ARM.attributes
                0x00000398       0x33 ./Generated_Code/BitIoLdd4.o
 .ARM.attributes
                0x000003cb       0x33 ./Generated_Code/BitIoLdd5.o
 .ARM.attributes
                0x000003fe       0x33 ./Generated_Code/BitIoLdd6.o
 .ARM.attributes
                0x00000431       0x33 ./Generated_Code/BitIoLdd7.o
 .ARM.attributes
                0x00000464       0x33 ./Generated_Code/Cpu.o
 .ARM.attributes
                0x00000497       0x33 ./Generated_Code/ENCODER.o
 .ARM.attributes
                0x000004ca       0x33 ./Generated_Code/ENCODER_PUSH.o
 .ARM.attributes
                0x000004fd       0x33 ./Generated_Code/ExtIntLdd1.o
 .ARM.attributes
                0x00000530       0x33 ./Generated_Code/ExtIntLdd2.o
 .ARM.attributes
                0x00000563       0x33 ./Generated_Code/ExtIntLdd3.o
 .ARM.attributes
                0x00000596       0x33 ./Generated_Code/ExtIntLdd4.o
 .ARM.attributes
                0x000005c9       0x33 ./Generated_Code/ExtIntLdd5.o
 .ARM.attributes
                0x000005fc       0x33 ./Generated_Code/I2C0.o
 .ARM.attributes
                0x0000062f       0x33 ./Generated_Code/IFsh1.o
 .ARM.attributes
                0x00000662       0x33 ./Generated_Code/IntFlashLdd1.o
 .ARM.attributes
                0x00000695       0x33 ./Generated_Code/IntI2cLdd1.o
 .ARM.attributes
                0x000006c8       0x33 ./Generated_Code/LEVER_DIR1.o
 .ARM.attributes
                0x000006fb       0x33 ./Generated_Code/LEVER_DIR2.o
 .ARM.attributes
                0x0000072e       0x33 ./Generated_Code/PE_LDD.o
 .ARM.attributes
                0x00000761       0x33 ./Generated_Code/PUSH_BUTTON_REC.o
 .ARM.attributes
                0x00000794       0x33 ./Generated_Code/PUSH_BUTTON_SEND.o
 .ARM.attributes
                0x000007c7       0x33 ./Generated_Code/TU1.o
 .ARM.attributes
                0x000007fa       0x33 ./Generated_Code/T_100ms.o
 .ARM.attributes
                0x0000082d       0x33 ./Generated_Code/T_500ms.o
 .ARM.attributes
                0x00000860       0x33 ./Generated_Code/Vectors.o
 .ARM.attributes
                0x00000893       0x33 ./Generated_Code/WAIT1.o
 .ARM.attributes
                0x000008c6       0x2e c:/freescale/kds_v3/toolchain/bin/../lib/gcc/arm-none-eabi/4.8.4/../../../../arm-none-eabi/lib/armv7e-m\libm.a(lib_a-s_round.o)
 .ARM.attributes
                0x000008f4       0x2e c:/freescale/kds_v3/toolchain/bin/../lib/gcc/arm-none-eabi/4.8.4/../../../../arm-none-eabi/lib/armv7e-m\libm.a(lib_a-w_pow.o)
 .ARM.attributes
                0x00000922       0x2e c:/freescale/kds_v3/toolchain/bin/../lib/gcc/arm-none-eabi/4.8.4/../../../../arm-none-eabi/lib/armv7e-m\libm.a(lib_a-e_pow.o)
 .ARM.attributes
                0x00000950       0x2e c:/freescale/kds_v3/toolchain/bin/../lib/gcc/arm-none-eabi/4.8.4/../../../../arm-none-eabi/lib/armv7e-m\libm.a(lib_a-e_sqrt.o)
 .ARM.attributes
                0x0000097e       0x2e c:/freescale/kds_v3/toolchain/bin/../lib/gcc/arm-none-eabi/4.8.4/../../../../arm-none-eabi/lib/armv7e-m\libm.a(lib_a-s_fabs.o)
 .ARM.attributes
                0x000009ac       0x2e c:/freescale/kds_v3/toolchain/bin/../lib/gcc/arm-none-eabi/4.8.4/../../../../arm-none-eabi/lib/armv7e-m\libm.a(lib_a-s_finite.o)
 .ARM.attributes
                0x000009da       0x2e c:/freescale/kds_v3/toolchain/bin/../lib/gcc/arm-none-eabi/4.8.4/../../../../arm-none-eabi/lib/armv7e-m\libm.a(lib_a-s_fpclassify.o)
 .ARM.attributes
                0x00000a08       0x2e c:/freescale/kds_v3/toolchain/bin/../lib/gcc/arm-none-eabi/4.8.4/../../../../arm-none-eabi/lib/armv7e-m\libm.a(lib_a-s_lib_ver.o)
 .ARM.attributes
                0x00000a36       0x2e c:/freescale/kds_v3/toolchain/bin/../lib/gcc/arm-none-eabi/4.8.4/../../../../arm-none-eabi/lib/armv7e-m\libm.a(lib_a-s_matherr.o)
 .ARM.attributes
                0x00000a64       0x2e c:/freescale/kds_v3/toolchain/bin/../lib/gcc/arm-none-eabi/4.8.4/../../../../arm-none-eabi/lib/armv7e-m\libm.a(lib_a-s_nan.o)
 .ARM.attributes
                0x00000a92       0x2e c:/freescale/kds_v3/toolchain/bin/../lib/gcc/arm-none-eabi/4.8.4/../../../../arm-none-eabi/lib/armv7e-m\libm.a(lib_a-s_rint.o)
 .ARM.attributes
                0x00000ac0       0x2e c:/freescale/kds_v3/toolchain/bin/../lib/gcc/arm-none-eabi/4.8.4/../../../../arm-none-eabi/lib/armv7e-m\libm.a(lib_a-s_scalbn.o)
 .ARM.attributes
                0x00000aee       0x2e c:/freescale/kds_v3/toolchain/bin/../lib/gcc/arm-none-eabi/4.8.4/../../../../arm-none-eabi/lib/armv7e-m\libm.a(lib_a-s_copysign.o)
 .ARM.attributes
                0x00000b1c       0x1e c:/freescale/kds_v3/toolchain/bin/../lib/gcc/arm-none-eabi/4.8.4/armv7e-m\libgcc.a(_arm_addsubdf3.o)
 .ARM.attributes
                0x00000b3a       0x1e c:/freescale/kds_v3/toolchain/bin/../lib/gcc/arm-none-eabi/4.8.4/armv7e-m\libgcc.a(_arm_muldivdf3.o)
 .ARM.attributes
                0x00000b58       0x1e c:/freescale/kds_v3/toolchain/bin/../lib/gcc/arm-none-eabi/4.8.4/armv7e-m\libgcc.a(_arm_cmpdf2.o)
 .ARM.attributes
                0x00000b76       0x1e c:/freescale/kds_v3/toolchain/bin/../lib/gcc/arm-none-eabi/4.8.4/armv7e-m\libgcc.a(_arm_fixdfsi.o)
 .ARM.attributes
                0x00000b94       0x1e c:/freescale/kds_v3/toolchain/bin/../lib/gcc/arm-none-eabi/4.8.4/armv7e-m\libgcc.a(_arm_addsubsf3.o)
 .ARM.attributes
                0x00000bb2       0x1e c:/freescale/kds_v3/toolchain/bin/../lib/gcc/arm-none-eabi/4.8.4/armv7e-m\libgcc.a(_arm_cmpsf2.o)
 .ARM.attributes
                0x00000bd0       0x1e c:/freescale/kds_v3/toolchain/bin/../lib/gcc/arm-none-eabi/4.8.4/armv7e-m\libgcc.a(_arm_fixsfsi.o)
 .ARM.attributes
                0x00000bee       0x2e c:/freescale/kds_v3/toolchain/bin/../lib/gcc/arm-none-eabi/4.8.4/../../../../arm-none-eabi/lib/armv7e-m\libg_s.a(lib_a-errno.o)
 .ARM.attributes
                0x00000c1c       0x2e c:/freescale/kds_v3/toolchain/bin/../lib/gcc/arm-none-eabi/4.8.4/../../../../arm-none-eabi/lib/armv7e-m\libg_s.a(lib_a-exit.o)
 .ARM.attributes
                0x00000c4a       0x2e c:/freescale/kds_v3/toolchain/bin/../lib/gcc/arm-none-eabi/4.8.4/../../../../arm-none-eabi/lib/armv7e-m\libg_s.a(lib_a-impure.o)
 .ARM.attributes
                0x00000c78       0x2e c:/freescale/kds_v3/toolchain/bin/../lib/gcc/arm-none-eabi/4.8.4/../../../../arm-none-eabi/lib/armv7e-m\libg_s.a(lib_a-init.o)
 .ARM.attributes
                0x00000ca6       0x2e c:/freescale/kds_v3/toolchain/bin/../lib/gcc/arm-none-eabi/4.8.4/../../../../arm-none-eabi/lib/armv7e-m\libg_s.a(lib_a-memcpy-stub.o)
 .ARM.attributes
                0x00000cd4       0x2e c:/freescale/kds_v3/toolchain/bin/../lib/gcc/arm-none-eabi/4.8.4/../../../../arm-none-eabi/lib/armv7e-m\libg_s.a(lib_a-memset.o)
 .ARM.attributes
                0x00000d02       0x1c c:/freescale/kds_v3/toolchain/bin/../lib/gcc/arm-none-eabi/4.8.4/../../../../arm-none-eabi/lib/armv7e-m\libg_s.a(lib_a-strcmp.o)
 .ARM.attributes
                0x00000d1e       0x2e c:/freescale/kds_v3/toolchain/bin/../lib/gcc/arm-none-eabi/4.8.4/../../../../arm-none-eabi/lib/armv7e-m\libg_s.a(lib_a-strlen.o)
 .ARM.attributes
                0x00000d4c       0x2e c:/freescale/kds_v3/toolchain/bin/../lib/gcc/arm-none-eabi/4.8.4/../../../../arm-none-eabi/lib/armv7e-m\libg_s.a(lib_a-vsprintf.o)
 .ARM.attributes
                0x00000d7a       0x2e c:/freescale/kds_v3/toolchain/bin/../lib/gcc/arm-none-eabi/4.8.4/../../../../arm-none-eabi/lib/armv7e-m\libg_s.a(lib_a-nano-mallocr.o)
 .ARM.attributes
                0x00000da8       0x2e c:/freescale/kds_v3/toolchain/bin/../lib/gcc/arm-none-eabi/4.8.4/../../../../arm-none-eabi/lib/armv7e-m\libg_s.a(lib_a-reent.o)
 .ARM.attributes
                0x00000dd6       0x2e c:/freescale/kds_v3/toolchain/bin/../lib/gcc/arm-none-eabi/4.8.4/../../../../arm-none-eabi/lib/armv7e-m\libg_s.a(lib_a-sbrkr.o)
 .ARM.attributes
                0x00000e04       0x2e c:/freescale/kds_v3/toolchain/bin/../lib/gcc/arm-none-eabi/4.8.4/../../../../arm-none-eabi/lib/armv7e-m\libg_s.a(lib_a-svfprintf.o)
 .ARM.attributes
                0x00000e32       0x2e c:/freescale/kds_v3/toolchain/bin/../lib/gcc/arm-none-eabi/4.8.4/../../../../arm-none-eabi/lib/armv7e-m\libg_s.a(lib_a-vfprintf_i.o)
 .ARM.attributes
                0x00000e60       0x2e c:/freescale/kds_v3/toolchain/bin/../lib/gcc/arm-none-eabi/4.8.4/../../../../arm-none-eabi/lib/armv7e-m\libg_s.a(lib_a-memchr-stub.o)
 .ARM.attributes
                0x00000e8e       0x2e c:/freescale/kds_v3/toolchain/bin/../lib/gcc/arm-none-eabi/4.8.4/../../../../arm-none-eabi/lib/armv7e-m\libg_s.a(lib_a-memmove.o)
 .ARM.attributes
                0x00000ebc       0x2e c:/freescale/kds_v3/toolchain/bin/../lib/gcc/arm-none-eabi/4.8.4/../../../../arm-none-eabi/lib/armv7e-m\libg_s.a(lib_a-nano-freer.o)
 .ARM.attributes
                0x00000eea       0x2e c:/freescale/kds_v3/toolchain/bin/../lib/gcc/arm-none-eabi/4.8.4/../../../../arm-none-eabi/lib/armv7e-m\libg_s.a(lib_a-nano-reallocr.o)
 .ARM.attributes
                0x00000f18       0x2e c:/freescale/kds_v3/toolchain/bin/../lib/gcc/arm-none-eabi/4.8.4/../../../../arm-none-eabi/lib/armv7e-m\libg_s.a(lib_a-nano-msizer.o)
 .ARM.attributes
                0x00000f46       0x2e c:/freescale/kds_v3/toolchain/bin/../lib/gcc/arm-none-eabi/4.8.4/../../../../arm-none-eabi/lib/armv7e-m\libnosys.a(sbrk.o)
 .ARM.attributes
                0x00000f74       0x2e c:/freescale/kds_v3/toolchain/bin/../lib/gcc/arm-none-eabi/4.8.4/../../../../arm-none-eabi/lib/armv7e-m\libnosys.a(_exit.o)
 .ARM.attributes
                0x00000fa2       0x1e c:/freescale/kds_v3/toolchain/bin/../lib/gcc/arm-none-eabi/4.8.4/armv7e-m/crtn.o
OUTPUT(varmo_lite.elf elf32-littlearm)

.debug_info     0x00000000     0xb5c2
 .debug_info    0x00000000      0x5ec ./Sources/Events.o
 .debug_info    0x000005ec      0x36b ./Sources/LCD.o
 .debug_info    0x00000957      0x113 ./Sources/PCA9670.o
 .debug_info    0x00000a6a      0x971 ./Sources/display.o
 .debug_info    0x000013db       0x9d ./Sources/encoder_variable.o
 .debug_info    0x00001478      0x462 ./Sources/main.o
 .debug_info    0x000018da      0x5be ./Sources/menu.o
 .debug_info    0x00001e98      0x227 ./Sources/parameters.o
 .debug_info    0x000020bf      0x72f ./Sources/protocol.o
 .debug_info    0x000027ee      0x470 ./Sources/send.o
 .debug_info    0x00002c5e      0x20a ./Project_Settings/Startup_Code/startup.o
 .debug_info    0x00002e68      0x52b ./Generated_Code/AS1.o
 .debug_info    0x00003393      0x9dc ./Generated_Code/ASerialLdd1.o
 .debug_info    0x00003d6f      0x377 ./Generated_Code/BitIoLdd1.o
 .debug_info    0x000040e6      0x377 ./Generated_Code/BitIoLdd2.o
 .debug_info    0x0000445d      0x377 ./Generated_Code/BitIoLdd3.o
 .debug_info    0x000047d4      0x377 ./Generated_Code/BitIoLdd4.o
 .debug_info    0x00004b4b      0x377 ./Generated_Code/BitIoLdd5.o
 .debug_info    0x00004ec2      0x377 ./Generated_Code/BitIoLdd6.o
 .debug_info    0x00005239      0x351 ./Generated_Code/BitIoLdd7.o
 .debug_info    0x0000558a      0xa70 ./Generated_Code/Cpu.o
 .debug_info    0x00005ffa      0x647 ./Generated_Code/ENCODER.o
 .debug_info    0x00006641       0xb2 ./Generated_Code/ENCODER_PUSH.o
 .debug_info    0x000066f3      0x43c ./Generated_Code/ExtIntLdd1.o
 .debug_info    0x00006b2f      0x43c ./Generated_Code/ExtIntLdd2.o
 .debug_info    0x00006f6b      0x43c ./Generated_Code/ExtIntLdd3.o
 .debug_info    0x000073a7      0x43c ./Generated_Code/ExtIntLdd4.o
 .debug_info    0x000077e3      0x43c ./Generated_Code/ExtIntLdd5.o
 .debug_info    0x00007c1f      0x3a1 ./Generated_Code/I2C0.o
 .debug_info    0x00007fc0      0x438 ./Generated_Code/IFsh1.o
 .debug_info    0x000083f8      0xca0 ./Generated_Code/IntFlashLdd1.o
 .debug_info    0x00009098      0x9e5 ./Generated_Code/IntI2cLdd1.o
 .debug_info    0x00009a7d       0xb2 ./Generated_Code/LEVER_DIR1.o
 .debug_info    0x00009b2f       0xb2 ./Generated_Code/LEVER_DIR2.o
 .debug_info    0x00009be1      0x24d ./Generated_Code/PE_LDD.o
 .debug_info    0x00009e2e       0xb2 ./Generated_Code/PUSH_BUTTON_REC.o
 .debug_info    0x00009ee0       0xb2 ./Generated_Code/PUSH_BUTTON_SEND.o
 .debug_info    0x00009f92      0x6c8 ./Generated_Code/TU1.o
 .debug_info    0x0000a65a      0x6c8 ./Generated_Code/T_100ms.o
 .debug_info    0x0000ad22      0x63b ./Generated_Code/T_500ms.o
 .debug_info    0x0000b35d      0x116 ./Generated_Code/Vectors.o
 .debug_info    0x0000b473      0x14f ./Generated_Code/WAIT1.o

.debug_abbrev   0x00000000     0x333b
 .debug_abbrev  0x00000000      0x200 ./Sources/Events.o
 .debug_abbrev  0x00000200      0x109 ./Sources/LCD.o
 .debug_abbrev  0x00000309       0xaa ./Sources/PCA9670.o
 .debug_abbrev  0x000003b3      0x1c4 ./Sources/display.o
 .debug_abbrev  0x00000577       0x3a ./Sources/encoder_variable.o
 .debug_abbrev  0x000005b1      0x13f ./Sources/main.o
 .debug_abbrev  0x000006f0      0x114 ./Sources/menu.o
 .debug_abbrev  0x00000804       0xbb ./Sources/parameters.o
 .debug_abbrev  0x000008bf      0x1bc ./Sources/protocol.o
 .debug_abbrev  0x00000a7b      0x11f ./Sources/send.o
 .debug_abbrev  0x00000b9a      0x11e ./Project_Settings/Startup_Code/startup.o
 .debug_abbrev  0x00000cb8      0x1d6 ./Generated_Code/AS1.o
 .debug_abbrev  0x00000e8e      0x1db ./Generated_Code/ASerialLdd1.o
 .debug_abbrev  0x00001069      0x15f ./Generated_Code/BitIoLdd1.o
 .debug_abbrev  0x000011c8      0x15f ./Generated_Code/BitIoLdd2.o
 .debug_abbrev  0x00001327      0x15f ./Generated_Code/BitIoLdd3.o
 .debug_abbrev  0x00001486      0x15f ./Generated_Code/BitIoLdd4.o
 .debug_abbrev  0x000015e5      0x15f ./Generated_Code/BitIoLdd5.o
 .debug_abbrev  0x00001744      0x15f ./Generated_Code/BitIoLdd6.o
 .debug_abbrev  0x000018a3      0x136 ./Generated_Code/BitIoLdd7.o
 .debug_abbrev  0x000019d9      0x178 ./Generated_Code/Cpu.o
 .debug_abbrev  0x00001b51      0x1ba ./Generated_Code/ENCODER.o
 .debug_abbrev  0x00001d0b       0x68 ./Generated_Code/ENCODER_PUSH.o
 .debug_abbrev  0x00001d73      0x15d ./Generated_Code/ExtIntLdd1.o
 .debug_abbrev  0x00001ed0      0x15d ./Generated_Code/ExtIntLdd2.o
 .debug_abbrev  0x0000202d      0x15d ./Generated_Code/ExtIntLdd3.o
 .debug_abbrev  0x0000218a      0x15d ./Generated_Code/ExtIntLdd4.o