Archive member included because of file (symbol)

c:/freescale/kds_v3/toolchain/bin/../lib/gcc/arm-none-eabi/4.8.4/../../../../arm-none-eabi/lib/armv7e-m\libm.a(lib_a-s_round.o)
                              ./Sources/display.o (round)
c:/freescale/kds_v3/toolchain/bin/../lib/gcc/arm-none-eabi/4.8.4/../../../../arm-none-eabi/lib/armv7e-m\libm.a(lib_a-w_pow.o)
                              ./Sources/display.o (pow)
c:/freescale/kds_v3/toolchain/bin/../lib/gcc/arm-none-eabi/4.8.4/../../../../arm-none-eabi/lib/armv7e-m\libm.a(lib_a-e_pow.o)
                              c:/freescale/kds_v3/toolchain/bin/../lib/gcc/arm-none-eabi/4.8.4/../../../../arm-none-eabi/lib/armv7e-m\libm.a(lib_a-w_pow.o) (__ieee754_pow)
c:/freescale/kds_v3/toolchain/bin/../lib/gcc/arm-none-eabi/4.8.4/../../../../arm-none-eabi/lib/armv7e-m\libm.a(lib_a-e_sqrt.o)
                              c:/freescale/kds_v3/toolchain/bin/../lib/gcc/arm-none-eabi/4.8.4/../../../../arm-none-eabi/lib/armv7e-m\libm.a(lib_a-e_pow.o) (__ieee754_sqrt)
c:/freescale/kds_v3/toolchain/bin/../lib/gcc/arm-none-eabi/4.8.4/../../../../arm-none-eabi/lib/armv7e-m\libm.a(lib_a-s_fabs.o)
                              c:/freescale/kds_v3/toolchain/bin/../lib/gcc/arm-none-eabi/4.8.4/../../../../arm-none-eabi/lib/armv7e-m\libm.a(lib_a-e_pow.o) (fabs)
c:/freescale/kds_v3/toolchain/bin/../lib/gcc/arm-none-eabi/4.8.4/../../../../arm-none-eabi/lib/armv7e-m\libm.a(lib_a-s_finite.o)
                              c:/freescale/kds_v3/toolchain/bin/../lib/gcc/arm-none-eabi/4.8.4/../../../../arm-none-eabi/lib/armv7e-m\libm.a(lib_a-w_pow.o) (finite)
c:/freescale/kds_v3/toolchain/bin/../lib/gcc/arm-none-eabi/4.8.4/../../../../arm-none-eabi/lib/armv7e-m\libm.a(lib_a-s_fpclassify.o)
                              c:/freescale/kds_v3/toolchain/bin/../lib/gcc/arm-none-eabi/4.8.4/../../../../arm-none-eabi/lib/armv7e-m\libm.a(lib_a-w_pow.o) (__fpclassifyd)
c:/freescale/kds_v3/toolchain/bin/../lib/gcc/arm-none-eabi/4.8.4/../../../../arm-none-eabi/lib/armv7e-m\libm.a(lib_a-s_lib_ver.o)
                              c:/freescale/kds_v3/toolchain/bin/../lib/gcc/arm-none-eabi/4.8.4/../../../../arm-none-eabi/lib/armv7e-m\libm.a(lib_a-w_pow.o) (__fdlib_version)
c:/freescale/kds_v3/toolchain/bin/../lib/gcc/arm-none-eabi/4.8.4/../../../../arm-none-eabi/lib/armv7e-m\libm.a(lib_a-s_matherr.o)
                              c:/freescale/kds_v3/toolchain/bin/../lib/gcc/arm-none-eabi/4.8.4/../../../../arm-none-eabi/lib/armv7e-m\libm.a(lib_a-w_pow.o) (matherr)
c:/freescale/kds_v3/toolchain/bin/../lib/gcc/arm-none-eabi/4.8.4/../../../../arm-none-eabi/lib/armv7e-m\libm.a(lib_a-s_nan.o)
                              c:/freescale/kds_v3/toolchain/bin/../lib/gcc/arm-none-eabi/4.8.4/../../../../arm-none-eabi/lib/armv7e-m\libm.a(lib_a-e_pow.o) (nan)
c:/freescale/kds_v3/toolchain/bin/../lib/gcc/arm-none-eabi/4.8.4/../../../../arm-none-eabi/lib/armv7e-m\libm.a(lib_a-s_rint.o)
                              c:/freescale/kds_v3/toolchain/bin/../lib/gcc/arm-none-eabi/4.8.4/../../../../arm-none-eabi/lib/armv7e-m\libm.a(lib_a-w_pow.o) (rint)
c:/freescale/kds_v3/toolchain/bin/../lib/gcc/arm-none-eabi/4.8.4/../../../../arm-none-eabi/lib/armv7e-m\libm.a(lib_a-s_scalbn.o)
                              c:/freescale/kds_v3/toolchain/bin/../lib/gcc/arm-none-eabi/4.8.4/../../../../arm-none-eabi/lib/armv7e-m\libm.a(lib_a-e_pow.o) (scalbn)
c:/freescale/kds_v3/toolchain/bin/../lib/gcc/arm-none-eabi/4.8.4/../../../../arm-none-eabi/lib/armv7e-m\libm.a(lib_a-s_copysign.o)
                              c:/freescale/kds_v3/toolchain/bin/../lib/gcc/arm-none-eabi/4.8.4/../../../../arm-none-eabi/lib/armv7e-m\libm.a(lib_a-s_scalbn.o) (copysign)
c:/freescale/kds_v3/toolchain/bin/../lib/gcc/arm-none-eabi/4.8.4/armv7e-m\libgcc.a(_arm_addsubdf3.o)
                              c:/freescale/kds_v3/toolchain/bin/../lib/gcc/arm-none-eabi/4.8.4/../../../../arm-none-eabi/lib/armv7e-m\libm.a(lib_a-e_pow.o) (__aeabi_dsub)
c:/freescale/kds_v3/toolchain/bin/../lib/gcc/arm-none-eabi/4.8.4/armv7e-m\libgcc.a(_arm_muldivdf3.o)
                              ./Sources/display.o (__aeabi_dmul)
c:/freescale/kds_v3/toolchain/bin/../lib/gcc/arm-none-eabi/4.8.4/armv7e-m\libgcc.a(_arm_cmpdf2.o)
                              c:/freescale/kds_v3/toolchain/bin/../lib/gcc/arm-none-eabi/4.8.4/../../../../arm-none-eabi/lib/armv7e-m\libm.a(lib_a-w_pow.o) (__aeabi_dcmpeq)
c:/freescale/kds_v3/toolchain/bin/../lib/gcc/arm-none-eabi/4.8.4/armv7e-m\libgcc.a(_arm_fixdfsi.o)
                              ./Sources/display.o (__aeabi_d2iz)
c:/freescale/kds_v3/toolchain/bin/../lib/gcc/arm-none-eabi/4.8.4/armv7e-m\libgcc.a(_arm_addsubsf3.o)
                              ./Sources/display.o (__aeabi_fsub)
c:/freescale/kds_v3/toolchain/bin/../lib/gcc/arm-none-eabi/4.8.4/armv7e-m\libgcc.a(_arm_cmpsf2.o)
                              ./Sources/display.o (__aeabi_fcmplt)
c:/freescale/kds_v3/toolchain/bin/../lib/gcc/arm-none-eabi/4.8.4/armv7e-m\libgcc.a(_arm_fixsfsi.o)
[...]
Memory Configuration

Name             Origin             Length             Attributes
m_interrupts     0x00000000         0x000001bc         xr
m_text           0x00000410         0x0003fbf0         xr
m_data           0x1fff8000         0x00008000         rw
m_data_20000000  0x20000000         0x00008000         rw
m_cfmprotrom     0x00000400         0x00000010         xr
*default*        0x00000000         0xffffffff

Linker script and memory map

LOAD c:/freescale/kds_v3/toolchain/bin/../lib/gcc/arm-none-eabi/4.8.4/armv7e-m/crti.o
LOAD c:/freescale/kds_v3/toolchain/bin/../lib/gcc/arm-none-eabi/4.8.4/armv7e-m/crtbegin.o
LOAD c:/freescale/kds_v3/toolchain/bin/../lib/gcc/arm-none-eabi/4.8.4/../../../../arm-none-eabi/lib/armv7e-m/crt0.o
LOAD ./Sources/Events.o
LOAD ./Sources/LCD.o
LOAD ./Sources/PCA9670.o
LOAD ./Sources/cue_eeprom.o
LOAD ./Sources/display.o
LOAD ./Sources/encoder_variable.o
LOAD ./Sources/main.o
LOAD ./Sources/menu.o
LOAD ./Sources/protocol.o
LOAD ./Project_Settings/Startup_Code/startup.o
LOAD ./Generated_Code/AS1.o
LOAD ./Generated_Code/ASerialLdd1.o
LOAD ./Generated_Code/BitIoLdd1.o
LOAD ./Generated_Code/BitIoLdd2.o
LOAD ./Generated_Code/BitIoLdd3.o
LOAD ./Generated_Code/BitIoLdd4.o
LOAD ./Generated_Code/BitIoLdd5.o
LOAD ./Generated_Code/BitIoLdd6.o
LOAD ./Generated_Code/BitIoLdd7.o
LOAD ./Generated_Code/CS1.o
LOAD ./Generated_Code/Cpu.o
LOAD ./Generated_Code/ENCODER.o
LOAD ./Generated_Code/ENCODER_PUSH.o
LOAD ./Generated_Code/ExtIntLdd1.o
LOAD ./Generated_Code/ExtIntLdd2.o
LOAD ./Generated_Code/ExtIntLdd3.o
LOAD ./Generated_Code/ExtIntLdd4.o
LOAD ./Generated_Code/ExtIntLdd5.o
LOAD ./Generated_Code/I2C0.o
LOAD ./Generated_Code/IFsh1.o
LOAD ./Generated_Code/IntFlashLdd1.o
LOAD ./Generated_Code/IntI2cLdd1.o
LOAD ./Generated_Code/KSDK1.o
LOAD ./Generated_Code/LCD_CTR.o
LOAD ./Generated_Code/LCD_EN.o
LOAD ./Generated_Code/LED_DEBUG.o
LOAD ./Generated_Code/LED_STATUS_1.o
LOAD ./Generated_Code/LED_STATUS_2.o
LOAD ./Generated_Code/LED_STATUS_3.o
LOAD ./Generated_Code/LED_STATUS_4.o
LOAD ./Generated_Code/LEVER_DIR1.o
LOAD ./Generated_Code/LEVER_DIR2.o
LOAD ./Generated_Code/PCA.o
LOAD ./Generated_Code/PE_LDD.o
LOAD ./Generated_Code/PUSH_BUTTON_REC.o
LOAD ./Generated_Code/PUSH_BUTTON_SEND.o
LOAD ./Generated_Code/T_100ms.o
LOAD ./Generated_Code/T_500ms.o
LOAD ./Generated_Code/Vectors.o
LOAD ./Generated_Code/WAIT1.o
LOAD ./.metadata/.plugins/org.eclipse.cdt.make.core/specs.o
LOAD c:/freescale/kds_v3/toolchain/bin/../lib/gcc/arm-none-eabi/4.8.4/../../../../arm-none-eabi/lib/armv7e-m\libstdc++_s.a
LOAD c:/freescale/kds_v3/toolchain/bin/../lib/gcc/arm-none-eabi/4.8.4/../../../../arm-none-eabi/lib/armv7e-m\libm.a
START GROUP
LOAD c:/freescale/kds_v3/toolchain/bin/../lib/gcc/arm-none-eabi/4.8.4/armv7e-m\libgcc.a
LOAD c:/freescale/kds_v3/toolchain/bin/../lib/gcc/arm-none-eabi/4.8.4/../../../../arm-none-eabi/lib/armv7e-m\libg_s.a
LOAD c:/freescale/kds_v3/toolchain/bin/../lib/gcc/arm-none-eabi/4.8.4/../../../../arm-none-eabi/lib/armv7e-m\libc_s.a
END GROUP
START GROUP
LOAD c:/freescale/kds_v3/toolchain/bin/../lib/gcc/arm-none-eabi/4.8.4/armv7e-m\libgcc.a
LOAD c:/freescale/kds_v3/toolchain/bin/../lib/gcc/arm-none-eabi/4.8.4/../../../../arm-none-eabi/lib/armv7e-m\libc_s.a
LOAD c:/freescale/kds_v3/toolchain/bin/../lib/gcc/arm-none-eabi/4.8.4/../../../../arm-none-eabi/lib/armv7e-m\libnosys.a
END GROUP
START GROUP
LOAD c:/freescale/kds_v3/toolchain/bin/../lib/gcc/arm-none-eabi/4.8.4/armv7e-m\libgcc.a
LOAD c:/freescale/kds_v3/toolchain/bin/../lib/gcc/arm-none-eabi/4.8.4/../../../../arm-none-eabi/lib/armv7e-m\libc_s.a
LOAD c:/freescale/kds_v3/toolchain/bin/../lib/gcc/arm-none-eabi/4.8.4/../../../../arm-none-eabi/lib/armv7e-m\libnosys.a
END GROUP
LOAD c:/freescale/kds_v3/toolchain/bin/../lib/gcc/arm-none-eabi/4.8.4/armv7e-m/crtend.o
LOAD c:/freescale/kds_v3/toolchain/bin/../lib/gcc/arm-none-eabi/4.8.4/armv7e-m/crtn.o
                0x20000000                _estack = 0x20000000
                0x20000000                __SP_INIT = _estack
                0x20000000                __stack = _estack
                0x00000000                __heap_size = 0x0
                0x00000400                __stack_size = 0x400

.interrupts     0x00000000      0x1bc
                0x00000000                __vector_table = .
                0x00000000                . = ALIGN (0x4)
 *(.vectortable)
 .vectortable   0x00000000      0x1bc ./Generated_Code/Vectors.o
                0x00000000                __vect_table
                0x000001bc                . = ALIGN (0x4)

.cfmprotect     0x00000400       0x10
                0x00000400                . = ALIGN (0x4)
 *(.cfmconfig)
 .cfmconfig     0x00000400       0x10 ./Generated_Code/Cpu.o
                0x00000400                _cfm
                0x00000410                . = ALIGN (0x4)

.text           0x00000410     0x714c
                0x00000410                . = ALIGN (0x4)
 *(.text)
 .text          0x00000410       0x54 c:/freescale/kds_v3/toolchain/bin/../lib/gcc/arm-none-eabi/4.8.4/armv7e-m/crtbegin.o
 .text          0x00000464       0x74 c:/freescale/kds_v3/toolchain/bin/../lib/gcc/arm-none-eabi/4.8.4/../../../../arm-none-eabi/lib/armv7e-m/crt0.o
                0x00000464                _start
                0x00000464                _mainCRTStartup
 .text          0x000004d8      0x370 c:/freescale/kds_v3/toolchain/bin/../lib/gcc/arm-none-eabi/4.8.4/armv7e-m\libgcc.a(_arm_addsubdf3.o)
                0x000004d8                __aeabi_drsub
                0x000004e0                __aeabi_dsub
                0x000004e0                __subdf3
                0x000004e4                __aeabi_dadd
                0x000004e4                __adddf3
                0x0000075c                __floatunsidf
                0x0000075c                __aeabi_ui2d
                0x0000077c                __floatsidf
                0x0000077c                __aeabi_i2d
                0x000007a0                __aeabi_f2d
                0x000007a0                __extendsfdf2
                0x000007dc                __floatundidf
                0x000007dc                __aeabi_ul2d
                0x000007ec                __floatdidf
                0x000007ec                __aeabi_l2d
 .text          0x00000848      0x424 c:/freescale/kds_v3/toolchain/bin/../lib/gcc/arm-none-eabi/4.8.4/armv7e-m\libgcc.a(_arm_muldivdf3.o)
                0x00000848                __aeabi_dmul
                0x00000848                __muldf3
                0x00000a9c                __divdf3
                0x00000a9c                __aeabi_ddiv
 .text          0x00000c6c      0x110 c:/freescale/kds_v3/toolchain/bin/../lib/gcc/arm-none-eabi/4.8.4/armv7e-m\libgcc.a(_arm_cmpdf2.o)
                0x00000c6c                __gtdf2
                0x00000c6c                __gedf2
                0x00000c74                __ltdf2
                0x00000c74                __ledf2
                0x00000c7c                __nedf2
                0x00000c7c                __eqdf2
                0x00000c7c                __cmpdf2
                0x00000cf8                __aeabi_cdrcmple
                0x00000d08                __aeabi_cdcmpeq
                0x00000d08                __aeabi_cdcmple
                0x00000d18                __aeabi_dcmpeq
                0x00000d2c                __aeabi_dcmplt
                0x00000d40                __aeabi_dcmple
                0x00000d54                __aeabi_dcmpge
                0x00000d68                __aeabi_dcmpgt
 .text          0x00000d7c       0x50 c:/freescale/kds_v3/toolchain/bin/../lib/gcc/arm-none-eabi/4.8.4/armv7e-m\libgcc.a(_arm_fixdfsi.o)
                0x00000d7c                __aeabi_d2iz
                0x00000d7c                __fixdfsi
 .text          0x00000dcc      0x21c c:/freescale/kds_v3/toolchain/bin/../lib/gcc/arm-none-eabi/4.8.4/armv7e-m\libgcc.a(_arm_addsubsf3.o)
                0x00000dcc                __aeabi_frsub
                0x00000dd4                __subsf3
                0x00000dd4                __aeabi_fsub
                0x00000dd8                __aeabi_fadd
                0x00000dd8                __addsf3
                0x00000f38                __aeabi_ui2f
                0x00000f38                __floatunsisf
                0x00000f40                __aeabi_i2f
                0x00000f40                __floatsisf
                0x00000f5c                __aeabi_ul2f
                0x00000f5c                __floatundisf
                0x00000f6c                __aeabi_l2f
                0x00000f6c                __floatdisf
 .text          0x00000fe8       0xec c:/freescale/kds_v3/toolchain/bin/../lib/gcc/arm-none-eabi/4.8.4/armv7e-m\libgcc.a(_arm_cmpsf2.o)
                0x00000fe8                __gesf2
                0x00000fe8                __gtsf2
                0x00000ff0                __lesf2
                0x00000ff0                __ltsf2
                0x00000ff8                __nesf2
                0x00000ff8                __eqsf2
                0x00000ff8                __cmpsf2
                0x00001058                __aeabi_cfrcmple
                0x00001060                __aeabi_cfcmpeq
                0x00001060                __aeabi_cfcmple
                0x00001070                __aeabi_fcmpeq
                0x00001084                __aeabi_fcmplt
                0x00001098                __aeabi_fcmple
                0x000010ac                __aeabi_fcmpge
                0x000010c0                __aeabi_fcmpgt
 .text          0x000010d4       0x4c c:/freescale/kds_v3/toolchain/bin/../lib/gcc/arm-none-eabi/4.8.4/armv7e-m\libgcc.a(_arm_fixsfsi.o)
                0x000010d4                __aeabi_f2iz
                0x000010d4                __fixsfsi
 .text          0x00001120      0xa1c c:/freescale/kds_v3/toolchain/bin/../lib/gcc/arm-none-eabi/4.8.4/armv7e-m\libgcc.a(unwind-arm.o)
                0x00001404                _Unwind_GetCFA
                0x00001408                __gnu_Unwind_RaiseException
                0x00001468                __gnu_Unwind_ForcedUnwind
                0x0000147c                __gnu_Unwind_Resume
                0x000014c0                __gnu_Unwind_Resume_or_Rethrow
                0x000014d0                _Unwind_Complete
                0x000014d4                _Unwind_DeleteException
                0x000014e4                _Unwind_VRS_Get
                0x00001534                _Unwind_VRS_Set
                0x00001584                __gnu_Unwind_Backtrace
                0x000018d8                __aeabi_unwind_cpp_pr0
                0x000018e0                __aeabi_unwind_cpp_pr1
                0x000018e8                __aeabi_unwind_cpp_pr2
                0x000018f0                _Unwind_VRS_Pop
 .text          0x00001b3c      0x1ac c:/freescale/kds_v3/toolchain/bin/../lib/gcc/arm-none-eabi/4.8.4/armv7e-m\libgcc.a(libunwind.o)
                0x00001b3c                __restore_core_regs
                0x00001b3c                restore_core_regs
                0x00001b54                __gnu_Unwind_Restore_VFP
                0x00001b5c                __gnu_Unwind_Save_VFP
                0x00001b64                __gnu_Unwind_Restore_VFP_D
                0x00001b6c                __gnu_Unwind_Save_VFP_D
                0x00001b74                __gnu_Unwind_Restore_VFP_D_16_to_31
                0x00001b7c                __gnu_Unwind_Save_VFP_D_16_to_31
                0x00001b84                __gnu_Unwind_Restore_WMMXD
                0x00001bc8                __gnu_Unwind_Save_WMMXD
                0x00001c0c                __gnu_Unwind_Restore_WMMXC
                0x00001c20                __gnu_Unwind_Save_WMMXC
                0x00001c34                ___Unwind_RaiseException
                0x00001c34                _Unwind_RaiseException
                0x00001c58                _Unwind_Resume
                0x00001c58                ___Unwind_Resume
                0x00001c7c                _Unwind_Resume_or_Rethrow
                0x00001c7c                ___Unwind_Resume_or_Rethrow
                0x00001ca0                _Unwind_ForcedUnwind
                0x00001ca0                ___Unwind_ForcedUnwind
                0x00001cc4                ___Unwind_Backtrace
                0x00001cc4                _Unwind_Backtrace
 .text          0x00001ce8      0x33c c:/freescale/kds_v3/toolchain/bin/../lib/gcc/arm-none-eabi/4.8.4/armv7e-m\libgcc.a(pr-support.o)
                0x00001d3c                __gnu_unwind_execute
                0x00001fc8                __gnu_unwind_frame
                0x00001ff4                _Unwind_GetRegionStart
                0x00002000                _Unwind_GetLanguageSpecificData
                0x00002014                _Unwind_GetDataRelBase
                0x0000201c                _Unwind_GetTextRelBase
 .text          0x00002024       0x14 c:/freescale/kds_v3/toolchain/bin/../lib/gcc/arm-none-eabi/4.8.4/../../../../arm-none-eabi/lib/armv7e-m\libg_s.a(lib_a-strcmp.o)
                0x00002024                strcmp
 *(.text*)
 .text.PUSH_BUTTON_REC_OnInterrupt
                0x00002038        0xc ./Sources/Events.o
                0x00002038                PUSH_BUTTON_REC_OnInterrupt
 .text.PUSH_BUTTON_SEND_OnInterrupt
                0x00002044        0xc ./Sources/Events.o
                0x00002044                PUSH_BUTTON_SEND_OnInterrupt
 .text.I2C0_OnReceiveData
                0x00002050        0xc ./Sources/Events.o
                0x00002050                I2C0_OnReceiveData
 .text.I2C0_OnTransmitData
                0x0000205c        0xc ./Sources/Events.o
                0x0000205c                I2C0_OnTransmitData
 .text.T_100ms_OnCounterRestart
                0x00002068       0x14 ./Sources/Events.o
                0x00002068                T_100ms_OnCounterRestart
 .text.LEVER_DIR2_OnInterrupt
                0x0000207c       0x14 ./Sources/Events.o
                0x0000207c                LEVER_DIR2_OnInterrupt
 .text.LEVER_DIR1_OnInterrupt
                0x00002090       0x14 ./Sources/Events.o
                0x00002090                LEVER_DIR1_OnInterrupt
 .text.ENCODER_PUSH_OnInterrupt
                0x000020a4        0xc ./Sources/Events.o
                0x000020a4                ENCODER_PUSH_OnInterrupt
 .text.ENCODER_OnPortEvent
                0x000020b0       0x14 ./Sources/Events.o
                0x000020b0                ENCODER_OnPortEvent
 .text.T_500ms_OnCounterRestart
                0x000020c4       0x14 ./Sources/Events.o
                0x000020c4                T_500ms_OnCounterRestart
 .text.I2C0_OnArbitLost
                0x000020d8        0xc ./Sources/Events.o
                0x000020d8                I2C0_OnArbitLost
 .text.AS1_OnTxComplete
                0x000020e4       0x14 ./Sources/Events.o
                0x000020e4                AS1_OnTxComplete
 .text.AS1_OnError
                0x000020f8        0xc ./Sources/Events.o
                0x000020f8                AS1_OnError
 .text.AS1_OnRxChar
                0x00002104        0xc ./Sources/Events.o
                0x00002104                AS1_OnRxChar
 .text.AS1_OnRxCharExt
                0x00002110       0xc8 ./Sources/Events.o
                0x00002110                AS1_OnRxCharExt
 .text.AS1_OnTxChar
                0x000021d8       0x14 ./Sources/Events.o
                0x000021d8                AS1_OnTxChar
 .text.AS1_OnFullRxBuf
                0x000021ec       0x14 ./Sources/Events.o
                0x000021ec                AS1_OnFullRxBuf
 .text.AS1_OnFreeTxBuf
                0x00002200        0xc ./Sources/Events.o
                0x00002200                AS1_OnFreeTxBuf
 .text.IFsh1_OnWriteEnd
                0x0000220c        0xc ./Sources/Events.o
                0x0000220c                IFsh1_OnWriteEnd
 .text.LCD_Init
                0x00002218       0x50 ./Sources/LCD.o
                0x00002218                LCD_Init
 .text.LCD_command
                0x00002268       0x30 ./Sources/LCD.o
                0x00002268                LCD_command
 .text.LCD_Clear
                0x00002298        0xc ./Sources/LCD.o
                0x00002298                LCD_Clear
 .text.LCD_Cursor_Blink_On
                0x000022a4        0xc ./Sources/LCD.o
                0x000022a4                LCD_Cursor_Blink_On
 .text.LCD_Set_Cursor
                0x000022b0       0x58 ./Sources/LCD.o
                0x000022b0                LCD_Set_Cursor
 .text.LCD_Write
                0x00002308       0x28 ./Sources/LCD.o
                0x00002308                LCD_Write
 .text.load_custom_char
                0x00002330       0x50 ./Sources/LCD.o
                0x00002330                load_custom_char
 .text.LCD_Write_At
                0x00002380       0x3c ./Sources/LCD.o
                0x00002380                LCD_Write_At
 .text.LCD_Write_Block
                0x000023bc       0xa0 ./Sources/LCD.o
                0x000023bc                LCD_Write_Block
 .text.PCA9670_Init
                0x0000245c       0x34 ./Sources/PCA9670.o
                0x0000245c                PCA9670_Init
 .text.PCA9670_SendByte
                0x00002490       0x3c ./Sources/PCA9670.o
                0x00002490                PCA9670_SendByte
 .text.vspfunc  0x000024cc       0x30 ./Sources/display.o
                0x000024cc                vspfunc
 .text.print_float_at
                0x000024fc       0xf8 ./Sources/display.o
                0x000024fc                print_float_at
 .text.print_int_at
                0x000025f4       0x70 ./Sources/display.o
                0x000025f4                print_int_at
 .text.load_char
                0x00002664       0x78 ./Sources/display.o
                0x00002664                load_char
 .text.menu_init
                0x000026dc       0x3c ./Sources/display.o
                0x000026dc                menu_init
 .text.velocity_fct
                0x00002718       0x9c ./Sources/display.o
                0x00002718                velocity_fct
 .text.acceleration_fct
                0x000027b4        0xc ./Sources/display.o
                0x000027b4                acceleration_fct
 .text.deceleration_fct
                0x000027c0        0xc ./Sources/display.o
                0x000027c0                deceleration_fct
 .text.back_fct
                0x000027cc        0xc ./Sources/display.o
                0x000027cc                back_fct
 .text.pos_velocity_fct
                0x000027d8        0xc ./Sources/display.o
                0x000027d8                pos_velocity_fct
 .text.pos_acceleration_fct
                0x000027e4        0xc ./Sources/display.o
                0x000027e4                pos_acceleration_fct
 .text.pos_deceleration_fct
                0x000027f0        0xc ./Sources/display.o
                0x000027f0                pos_deceleration_fct
 .text.torque_fct
                0x000027fc        0xc ./Sources/display.o
                0x000027fc                torque_fct
 .text.torque_rise_fct
                0x00002808        0xc ./Sources/display.o
                0x00002808                torque_rise_fct
 .text.torque_fall_fct
                0x00002814        0xc ./Sources/display.o
                0x00002814                torque_fall_fct
 .text._Z41__static_initialization_and_destruction_0ii
                0x00002820      0x2b8 ./Sources/display.o
 .text._GLOBAL__sub_I_back
                0x00002ad8       0x10 ./Sources/display.o
 .text.main     0x00002ae8      0x1a4 ./Sources/main.o
                0x00002ae8                main
 .text.init_menu
                0x00002c8c       0x28 ./Sources/menu.o
                0x00002c8c                init_menu
 .text.init_sub_menu
                0x00002cb4       0x44 ./Sources/menu.o
                0x00002cb4                init_sub_menu
 .text.void_function
                0x00002cf8        0xc ./Sources/menu.o
                0x00002cf8                void_function
 .text.msg_parse
                0x00002d04       0xec ./Sources/protocol.o
                0x00002d04                msg_parse
 .text.msg_processing
                0x00002df0       0x90 ./Sources/protocol.o
                0x00002df0                msg_processing
 .text.__copy_rom_section
                0x00002e80       0xe4 ./Project_Settings/Startup_Code/startup.o
                0x00002e80                __copy_rom_section
 .text.__copy_rom_sections_to_ram
                0x00002f64       0x9c ./Project_Settings/Startup_Code/startup.o
                0x00002f64                __copy_rom_sections_to_ram
 .text.__init_registers
                0x00003000        0xc ./Project_Settings/Startup_Code/startup.o
                0x00003000                __init_registers
 .text.__init_user
                0x0000300c        0xc ./Project_Settings/Startup_Code/startup.o
                0x0000300c                __init_user
 .text.__thumb_startup
                0x00003018       0x34 ./Project_Settings/Startup_Code/startup.o
                0x00003018                __thumb_startup
 .text.HWEnDi   0x0000304c       0x1c ./Generated_Code/AS1.o
 .text.AS1_ClearRxBuf
                0x00003068       0x78 ./Generated_Code/AS1.o
                0x00003068                AS1_ClearRxBuf
 .text.AS1_Init
                0x000030e0       0x60 ./Generated_Code/AS1.o
                0x000030e0                AS1_Init
 .text.ASerialLdd1_OnBlockReceived
                0x00003140       0xcc ./Generated_Code/AS1.o
                0x00003140                ASerialLdd1_OnBlockReceived
 .text.ASerialLdd1_OnBlockSent
                0x0000320c       0xd4 ./Generated_Code/AS1.o
                0x0000320c                ASerialLdd1_OnBlockSent
 .text.ASerialLdd1_OnError
                0x000032e0       0x9c ./Generated_Code/AS1.o
                0x000032e0                ASerialLdd1_OnError
 .text.ASerialLdd1_OnTxComplete
                0x0000337c       0x14 ./Generated_Code/AS1.o
                0x0000337c                ASerialLdd1_OnTxComplete
 .text.ASerialLdd1_OnBreak
                0x00003390       0x24 ./Generated_Code/AS1.o
                0x00003390                ASerialLdd1_OnBreak
 .text.ASerialLdd1_Init
                0x000033b4      0x1c0 ./Generated_Code/ASerialLdd1.o
                0x000033b4                ASerialLdd1_Init
 .text.ASerialLdd1_ReceiveBlock
                0x00003574       0x90 ./Generated_Code/ASerialLdd1.o
                0x00003574                ASerialLdd1_ReceiveBlock
 .text.ASerialLdd1_SendBlock
                0x00003604       0xbc ./Generated_Code/ASerialLdd1.o
                0x00003604                ASerialLdd1_SendBlock
 .text.InterruptRx
                0x000036c0       0x58 ./Generated_Code/ASerialLdd1.o
 .text.InterruptTx
                0x00003718       0x9c ./Generated_Code/ASerialLdd1.o
 .text.ASerialLdd1_Interrupt
                0x000037b4      0x130 ./Generated_Code/ASerialLdd1.o
                0x000037b4                ASerialLdd1_Interrupt
 .text.ASerialLdd1_GetError
                0x000038e4       0x70 ./Generated_Code/ASerialLdd1.o
                0x000038e4                ASerialLdd1_GetError
 .text.BitIoLdd1_Init
                0x00003954       0x64 ./Generated_Code/BitIoLdd1.o
                0x00003954                BitIoLdd1_Init
 .text.BitIoLdd2_Init
                0x000039b8       0x64 ./Generated_Code/BitIoLdd2.o
                0x000039b8                BitIoLdd2_Init
 .text.BitIoLdd2_SetVal
                0x00003a1c       0x1c ./Generated_Code/BitIoLdd2.o
                0x00003a1c                BitIoLdd2_SetVal
 .text.BitIoLdd3_Init
                0x00003a38       0x64 ./Generated_Code/BitIoLdd3.o
                0x00003a38                BitIoLdd3_Init
 .text.BitIoLdd3_ClrVal
                0x00003a9c       0x1c ./Generated_Code/BitIoLdd3.o
                0x00003a9c                BitIoLdd3_ClrVal
 .text.BitIoLdd3_SetVal
                0x00003ab8       0x1c ./Generated_Code/BitIoLdd3.o
                0x00003ab8                BitIoLdd3_SetVal
 .text.BitIoLdd4_Init
                0x00003ad4       0x64 ./Generated_Code/BitIoLdd4.o
                0x00003ad4                BitIoLdd4_Init
 .text.BitIoLdd4_ClrVal
                0x00003b38       0x1c ./Generated_Code/BitIoLdd4.o
                0x00003b38                BitIoLdd4_ClrVal
 .text.BitIoLdd4_SetVal
                0x00003b54       0x1c ./Generated_Code/BitIoLdd4.o
                0x00003b54                BitIoLdd4_SetVal
 .text.BitIoLdd5_Init
                0x00003b70       0x64 ./Generated_Code/BitIoLdd5.o
                0x00003b70                BitIoLdd5_Init
 .text.BitIoLdd5_ClrVal
                0x00003bd4       0x1c ./Generated_Code/BitIoLdd5.o
                0x00003bd4                BitIoLdd5_ClrVal
 .text.BitIoLdd5_SetVal
                0x00003bf0       0x1c ./Generated_Code/BitIoLdd5.o
                0x00003bf0                BitIoLdd5_SetVal
 .text.BitIoLdd6_Init
                0x00003c0c       0x64 ./Generated_Code/BitIoLdd6.o
                0x00003c0c                BitIoLdd6_Init
 .text.BitIoLdd6_ClrVal
                0x00003c70       0x20 ./Generated_Code/BitIoLdd6.o
                0x00003c70                BitIoLdd6_ClrVal
 .text.BitIoLdd6_SetVal
                0x00003c90       0x20 ./Generated_Code/BitIoLdd6.o
                0x00003c90                BitIoLdd6_SetVal
 .text.BitIoLdd7_Init
                0x00003cb0       0x64 ./Generated_Code/BitIoLdd7.o
                0x00003cb0                BitIoLdd7_Init
 .text.BitIoLdd7_ClrVal
                0x00003d14       0x1c ./Generated_Code/BitIoLdd7.o
                0x00003d14                BitIoLdd7_ClrVal
 .text.BitIoLdd7_SetVal
                0x00003d30       0x1c ./Generated_Code/BitIoLdd7.o
                0x00003d30                BitIoLdd7_SetVal
 .text.Cpu_ivINT_PORTC
                0x00003d4c       0x30 ./Generated_Code/Cpu.o
                0x00003d4c                Cpu_ivINT_PORTC
 .text.Cpu_Interrupt
                0x00003d7c       0x18 ./Generated_Code/Cpu.o
                0x00003d7c                Cpu_Interrupt
 .text.__init_hardware
                0x00003d94      0x140 ./Generated_Code/Cpu.o
                0x00003d94                __init_hardware
 .text.Cpu_SetBASEPRI
                0x00003ed4       0x18 ./Generated_Code/Cpu.o
                0x00003ed4                Cpu_SetBASEPRI
 .text.PE_low_level_init
                0x00003eec      0x104 ./Generated_Code/Cpu.o
                0x00003eec                PE_low_level_init
 .text.ENCODER_Init
                0x00003ff0       0xb0 ./Generated_Code/ENCODER.o
                0x00003ff0                ENCODER_Init
 .text.ENCODER_Interrupt
                0x000040a0       0x4c ./Generated_Code/ENCODER.o
                0x000040a0                ENCODER_Interrupt
 .text.ExtIntLdd1_OnInterrupt
                0x000040ec       0x14 ./Generated_Code/ENCODER_PUSH.o
                0x000040ec                ExtIntLdd1_OnInterrupt
 .text.ExtIntLdd1_Init
                0x00004100       0x80 ./Generated_Code/ExtIntLdd1.o
                0x00004100                ExtIntLdd1_Init
 .text.ExtIntLdd1_Interrupt
                0x00004180       0x3c ./Generated_Code/ExtIntLdd1.o
                0x00004180                ExtIntLdd1_Interrupt
 .text.ExtIntLdd2_Init
                0x000041bc       0x80 ./Generated_Code/ExtIntLdd2.o
                0x000041bc                ExtIntLdd2_Init
 .text.ExtIntLdd2_Interrupt
                0x0000423c       0x3c ./Generated_Code/ExtIntLdd2.o
                0x0000423c                ExtIntLdd2_Interrupt
 .text.ExtIntLdd2_GetVal
                0x00004278       0x2c ./Generated_Code/ExtIntLdd2.o
                0x00004278                ExtIntLdd2_GetVal
 .text.ExtIntLdd3_Init
                0x000042a4       0x80 ./Generated_Code/ExtIntLdd3.o
                0x000042a4                ExtIntLdd3_Init
 .text.ExtIntLdd3_Interrupt
                0x00004324       0x3c ./Generated_Code/ExtIntLdd3.o
                0x00004324                ExtIntLdd3_Interrupt
 .text.ExtIntLdd3_GetVal
                0x00004360       0x2c ./Generated_Code/ExtIntLdd3.o
                0x00004360                ExtIntLdd3_GetVal
 .text.ExtIntLdd4_Init
                0x0000438c       0x7c ./Generated_Code/ExtIntLdd4.o
                0x0000438c                ExtIntLdd4_Init
 .text.ExtIntLdd4_Interrupt
                0x00004408       0x3c ./Generated_Code/ExtIntLdd4.o
                0x00004408                ExtIntLdd4_Interrupt
 .text.ExtIntLdd5_Init
                0x00004444       0x7c ./Generated_Code/ExtIntLdd5.o
                0x00004444                ExtIntLdd5_Init
 .text.ExtIntLdd5_Interrupt
                0x000044c0       0x3c ./Generated_Code/ExtIntLdd5.o
                0x000044c0                ExtIntLdd5_Interrupt
 .text.I2C0_SendChar
                0x000044fc       0x2c ./Generated_Code/I2C0.o
                0x000044fc                I2C0_SendChar
 .text.I2C0_SendBlock
                0x00004528       0xc0 ./Generated_Code/I2C0.o
                0x00004528                I2C0_SendBlock
 .text.I2C0_SelectSlave
                0x000045e8       0x34 ./Generated_Code/I2C0.o
                0x000045e8                I2C0_SelectSlave
 .text.I2C0_Init
                0x0000461c       0x20 ./Generated_Code/I2C0.o
                0x0000461c                I2C0_Init
 .text.IntI2cLdd1_OnMasterBlockSent
                0x0000463c       0x14 ./Generated_Code/I2C0.o
                0x0000463c                IntI2cLdd1_OnMasterBlockSent
 .text.IntI2cLdd1_OnMasterBlockReceived
                0x00004650       0x14 ./Generated_Code/I2C0.o
                0x00004650                IntI2cLdd1_OnMasterBlockReceived
 .text.IntI2cLdd1_OnError
                0x00004664       0x30 ./Generated_Code/I2C0.o
                0x00004664                IntI2cLdd1_OnError
 .text.IFsh1_Init
                0x00004694       0x2c ./Generated_Code/IFsh1.o
                0x00004694                IFsh1_Init
 .text.IntFlashLdd1_OnOperationComplete
                0x000046c0       0x4c ./Generated_Code/IFsh1.o
                0x000046c0                IntFlashLdd1_OnOperationComplete
 .text.IntFlashLdd1_OnError
                0x0000470c       0x54 ./Generated_Code/IFsh1.o
                0x0000470c                IntFlashLdd1_OnError
 .text.IntFlashLdd1_Init
                0x00004760       0xa4 ./Generated_Code/IntFlashLdd1.o
                0x00004760                IntFlashLdd1_Init
 .text.IntFlashLdd1_CommandCompleteInterrupt
                0x00004804      0x24c ./Generated_Code/IntFlashLdd1.o
                0x00004804                IntFlashLdd1_CommandCompleteInterrupt
 .text.IntFlashLdd1_GetError
                0x00004a50       0x90 ./Generated_Code/IntFlashLdd1.o
                0x00004a50                IntFlashLdd1_GetError
 .text.SafeRoutineCaller
                0x00004ae0       0x94 ./Generated_Code/IntFlashLdd1.o
 .text.IntI2cLdd1_Interrupt
                0x00004b74      0x2d4 ./Generated_Code/IntI2cLdd1.o
                0x00004b74                IntI2cLdd1_Interrupt
 .text.IntI2cLdd1_Init
                0x00004e48      0x13c ./Generated_Code/IntI2cLdd1.o
                0x00004e48                IntI2cLdd1_Init
 .text.IntI2cLdd1_MasterSendBlock
                0x00004f84      0x190 ./Generated_Code/IntI2cLdd1.o
                0x00004f84                IntI2cLdd1_MasterSendBlock
 .text.IntI2cLdd1_SelectSlaveDevice
                0x00005114       0xf0 ./Generated_Code/IntI2cLdd1.o
                0x00005114                IntI2cLdd1_SelectSlaveDevice
 .text.IntI2cLdd1_GetError
                0x00005204       0x70 ./Generated_Code/IntI2cLdd1.o
                0x00005204                IntI2cLdd1_GetError
 .text.ExtIntLdd2_OnInterrupt
                0x00005274       0x14 ./Generated_Code/LEVER_DIR1.o
                0x00005274                ExtIntLdd2_OnInterrupt
 .text.ExtIntLdd3_OnInterrupt
                0x00005288       0x14 ./Generated_Code/LEVER_DIR2.o
                0x00005288                ExtIntLdd3_OnInterrupt
 .text.ExtIntLdd5_OnInterrupt
                0x0000529c       0x14 ./Generated_Code/PUSH_BUTTON_REC.o
                0x0000529c                ExtIntLdd5_OnInterrupt
 .text.ExtIntLdd4_OnInterrupt
                0x000052b0       0x14 ./Generated_Code/PUSH_BUTTON_SEND.o
                0x000052b0                ExtIntLdd4_OnInterrupt
 .text.T_100ms_Init
                0x000052c4       0xb0 ./Generated_Code/T_100ms.o
                0x000052c4                T_100ms_Init
 .text.T_100ms_Interrupt
                0x00005374       0x6c ./Generated_Code/T_100ms.o
                0x00005374                T_100ms_Interrupt
 .text.T_500ms_Init
                0x000053e0       0xcc ./Generated_Code/T_500ms.o
                0x000053e0                T_500ms_Init
 .text.T_500ms_Interrupt
                0x000054ac       0x6c ./Generated_Code/T_500ms.o
                0x000054ac                T_500ms_Interrupt
 .text.WAIT1_Wait10Cycles
                0x00005518        0x8 ./Generated_Code/WAIT1.o
                0x00005518                WAIT1_Wait10Cycles
 .text.WAIT1_Wait100Cycles
                0x00005520       0x1c ./Generated_Code/WAIT1.o
                0x00005520                WAIT1_Wait100Cycles
 .text.WAIT1_WaitCycles
                0x0000553c       0x34 ./Generated_Code/WAIT1.o
                0x0000553c                WAIT1_WaitCycles
 .text.WAIT1_WaitLongCycles
                0x00005570       0x38 ./Generated_Code/WAIT1.o
                0x00005570                WAIT1_WaitLongCycles
 .text.WAIT1_Waitms
                0x000055a8       0x2c ./Generated_Code/WAIT1.o
                0x000055a8                WAIT1_Waitms
 .text.round    0x000055d4       0x9c c:/freescale/kds_v3/toolchain/bin/../lib/gcc/arm-none-eabi/4.8.4/../../../../arm-none-eabi/lib/armv7e-m\libm.a(lib_a-s_round.o)
                0x000055d4                round
 .text.pow      0x00005670      0x2f8 c:/freescale/kds_v3/toolchain/bin/../lib/gcc/arm-none-eabi/4.8.4/../../../../arm-none-eabi/lib/armv7e-m\libm.a(lib_a-w_pow.o)
                0x00005670                pow
 .text.__ieee754_pow
                0x00005968      0xa78 c:/freescale/kds_v3/toolchain/bin/../lib/gcc/arm-none-eabi/4.8.4/../../../../arm-none-eabi/lib/armv7e-m\libm.a(lib_a-e_pow.o)
                0x00005968                __ieee754_pow
 .text.__ieee754_sqrt
                0x000063e0      0x180 c:/freescale/kds_v3/toolchain/bin/../lib/gcc/arm-none-eabi/4.8.4/../../../../arm-none-eabi/lib/armv7e-m\libm.a(lib_a-e_sqrt.o)
                0x000063e0                __ieee754_sqrt
 .text.fabs     0x00006560        0x8 c:/freescale/kds_v3/toolchain/bin/../lib/gcc/arm-none-eabi/4.8.4/../../../../arm-none-eabi/lib/armv7e-m\libm.a(lib_a-s_fabs.o)
                0x00006560                fabs
 .text.finite   0x00006568        0xc c:/freescale/kds_v3/toolchain/bin/../lib/gcc/arm-none-eabi/4.8.4/../../../../arm-none-eabi/lib/armv7e-m\libm.a(lib_a-s_finite.o)
                0x00006568                finite
 .text.__fpclassifyd
                0x00006574       0x50 c:/freescale/kds_v3/toolchain/bin/../lib/gcc/arm-none-eabi/4.8.4/../../../../arm-none-eabi/lib/armv7e-m\libm.a(lib_a-s_fpclassify.o)
                0x00006574                __fpclassifyd
 .text.matherr  0x000065c4        0x4 c:/freescale/kds_v3/toolchain/bin/../lib/gcc/arm-none-eabi/4.8.4/../../../../arm-none-eabi/lib/armv7e-m\libm.a(lib_a-s_matherr.o)
                0x000065c4                matherr
 .text.nan      0x000065c8        0xc c:/freescale/kds_v3/toolchain/bin/../lib/gcc/arm-none-eabi/4.8.4/../../../../arm-none-eabi/lib/armv7e-m\libm.a(lib_a-s_nan.o)
                0x000065c8                nan
 .text.rint     0x000065d4      0x118 c:/freescale/kds_v3/toolchain/bin/../lib/gcc/arm-none-eabi/4.8.4/../../../../arm-none-eabi/lib/armv7e-m\libm.a(lib_a-s_rint.o)
                0x000065d4                rint
 *fill*         0x000066ec        0x4 
 .text.scalbn   0x000066f0      0x118 c:/freescale/kds_v3/toolchain/bin/../lib/gcc/arm-none-eabi/4.8.4/../../../../arm-none-eabi/lib/armv7e-m\libm.a(lib_a-s_scalbn.o)
                0x000066f0                scalbn
 .text.copysign
                0x00006808       0x14 c:/freescale/kds_v3/toolchain/bin/../lib/gcc/arm-none-eabi/4.8.4/../../../../arm-none-eabi/lib/armv7e-m\libm.a(lib_a-s_copysign.o)
                0x00006808                copysign
 .text.abort    0x0000681c        0xe c:/freescale/kds_v3/toolchain/bin/../lib/gcc/arm-none-eabi/4.8.4/../../../../arm-none-eabi/lib/armv7e-m\libg_s.a(lib_a-abort.o)
                0x0000681c                abort
 *fill*         0x0000682a        0x2 
 .text.__errno  0x0000682c        0xc c:/freescale/kds_v3/toolchain/bin/../lib/gcc/arm-none-eabi/4.8.4/../../../../arm-none-eabi/lib/armv7e-m\libg_s.a(lib_a-errno.o)
                0x0000682c                __errno
 .text.exit     0x00006838       0x28 c:/freescale/kds_v3/toolchain/bin/../lib/gcc/arm-none-eabi/4.8.4/../../../../arm-none-eabi/lib/armv7e-m\libg_s.a(lib_a-exit.o)
                0x00006838                exit
 .text.__libc_init_array
                0x00006860       0x4c c:/freescale/kds_v3/toolchain/bin/../lib/gcc/arm-none-eabi/4.8.4/../../../../arm-none-eabi/lib/armv7e-m\libg_s.a(lib_a-init.o)
                0x00006860                __libc_init_array
 .text.memcpy   0x000068ac       0x12 c:/freescale/kds_v3/toolchain/bin/../lib/gcc/arm-none-eabi/4.8.4/../../../../arm-none-eabi/lib/armv7e-m\libg_s.a(lib_a-memcpy-stub.o)
                0x000068ac                memcpy
 .text.memset   0x000068be       0x10 c:/freescale/kds_v3/toolchain/bin/../lib/gcc/arm-none-eabi/4.8.4/../../../../arm-none-eabi/lib/armv7e-m\libg_s.a(lib_a-memset.o)
                0x000068be                memset
 .text._raise_r
                0x000068ce       0x50 c:/freescale/kds_v3/toolchain/bin/../lib/gcc/arm-none-eabi/4.8.4/../../../../arm-none-eabi/lib/armv7e-m\libg_s.a(lib_a-signal.o)
                0x000068ce                _raise_r
 *fill*         0x0000691e        0x2 
 .text.raise    0x00006920       0x10 c:/freescale/kds_v3/toolchain/bin/../lib/gcc/arm-none-eabi/4.8.4/../../../../arm-none-eabi/lib/armv7e-m\libg_s.a(lib_a-signal.o)
                0x00006920                raise
 .text._kill_r  0x00006930       0x24 c:/freescale/kds_v3/toolchain/bin/../lib/gcc/arm-none-eabi/4.8.4/../../../../arm-none-eabi/lib/armv7e-m\libg_s.a(lib_a-signalr.o)
                0x00006930                _kill_r
 .text._getpid_r
                0x00006954        0x4 c:/freescale/kds_v3/toolchain/bin/../lib/gcc/arm-none-eabi/4.8.4/../../../../arm-none-eabi/lib/armv7e-m\libg_s.a(lib_a-signalr.o)
                0x00006954                _getpid_r
 .text.strlen   0x00006958       0x10 c:/freescale/kds_v3/toolchain/bin/../lib/gcc/arm-none-eabi/4.8.4/../../../../arm-none-eabi/lib/armv7e-m\libg_s.a(lib_a-strlen.o)
                0x00006958                strlen
 .text._vsprintf_r
                0x00006968       0x30 c:/freescale/kds_v3/toolchain/bin/../lib/gcc/arm-none-eabi/4.8.4/../../../../arm-none-eabi/lib/armv7e-m\libg_s.a(lib_a-vsprintf.o)
                0x00006968                _vsprintf_r
                0x00006968                _vsiprintf_r
 .text.vsprintf
                0x00006998       0x1c c:/freescale/kds_v3/toolchain/bin/../lib/gcc/arm-none-eabi/4.8.4/../../../../arm-none-eabi/lib/armv7e-m\libg_s.a(lib_a-vsprintf.o)
                0x00006998                vsiprintf
                0x00006998                vsprintf
 .text._malloc_r
                0x000069b4       0xa8 c:/freescale/kds_v3/toolchain/bin/../lib/gcc/arm-none-eabi/4.8.4/../../../../arm-none-eabi/lib/armv7e-m\libg_s.a(lib_a-nano-mallocr.o)
                0x000069b4                _malloc_r
 .text._sbrk_r  0x00006a5c       0x20 c:/freescale/kds_v3/toolchain/bin/../lib/gcc/arm-none-eabi/4.8.4/../../../../arm-none-eabi/lib/armv7e-m\libg_s.a(lib_a-sbrkr.o)
                0x00006a5c                _sbrk_r
 .text.__ssputs_r
                0x00006a7c       0xb8 c:/freescale/kds_v3/toolchain/bin/../lib/gcc/arm-none-eabi/4.8.4/../../../../arm-none-eabi/lib/armv7e-m\libg_s.a(lib_a-svfprintf.o)
                0x00006a7c                __ssputs_r
 .text._svfprintf_r
                0x00006b34      0x1dc c:/freescale/kds_v3/toolchain/bin/../lib/gcc/arm-none-eabi/4.8.4/../../../../arm-none-eabi/lib/armv7e-m\libg_s.a(lib_a-svfprintf.o)
                0x00006b34                _svfiprintf_r
                0x00006b34                _svfprintf_r
 .text._printf_common
                0x00006d10       0xe4 c:/freescale/kds_v3/toolchain/bin/../lib/gcc/arm-none-eabi/4.8.4/../../../../arm-none-eabi/lib/armv7e-m\libg_s.a(lib_a-vfprintf_i.o)
                0x00006d10                _printf_common
 .text._printf_i
                0x00006df4      0x228 c:/freescale/kds_v3/toolchain/bin/../lib/gcc/arm-none-eabi/4.8.4/../../../../arm-none-eabi/lib/armv7e-m\libg_s.a(lib_a-vfprintf_i.o)
                0x00006df4                _printf_i
 .text.memchr   0x0000701c       0x1e c:/freescale/kds_v3/toolchain/bin/../lib/gcc/arm-none-eabi/4.8.4/../../../../arm-none-eabi/lib/armv7e-m\libg_s.a(lib_a-memchr-stub.o)
                0x0000701c                memchr
 .text.memmove  0x0000703a       0x36 c:/freescale/kds_v3/toolchain/bin/../lib/gcc/arm-none-eabi/4.8.4/../../../../arm-none-eabi/lib/armv7e-m\libg_s.a(lib_a-memmove.o)
                0x0000703a                memmove
 .text._free_r  0x00007070       0x88 c:/freescale/kds_v3/toolchain/bin/../lib/gcc/arm-none-eabi/4.8.4/../../../../arm-none-eabi/lib/armv7e-m\libg_s.a(lib_a-nano-freer.o)
                0x00007070                _free_r
 .text._realloc_r
                0x000070f8       0x4c c:/freescale/kds_v3/toolchain/bin/../lib/gcc/arm-none-eabi/4.8.4/../../../../arm-none-eabi/lib/armv7e-m\libg_s.a(lib_a-nano-reallocr.o)
                0x000070f8                _realloc_r
 .text._malloc_usable_size_r
                0x00007144       0x12 c:/freescale/kds_v3/toolchain/bin/../lib/gcc/arm-none-eabi/4.8.4/../../../../arm-none-eabi/lib/armv7e-m\libg_s.a(lib_a-nano-msizer.o)
                0x00007144                _malloc_usable_size_r
 *fill*         0x00007156        0x2 
 .text._getpid  0x00007158       0x10 c:/freescale/kds_v3/toolchain/bin/../lib/gcc/arm-none-eabi/4.8.4/../../../../arm-none-eabi/lib/armv7e-m\libnosys.a(getpid.o)
                0x00007158                _getpid
 .text._kill    0x00007168       0x10 c:/freescale/kds_v3/toolchain/bin/../lib/gcc/arm-none-eabi/4.8.4/../../../../arm-none-eabi/lib/armv7e-m\libnosys.a(kill.o)
                0x00007168                _kill
 .text._sbrk    0x00007178       0x34 c:/freescale/kds_v3/toolchain/bin/../lib/gcc/arm-none-eabi/4.8.4/../../../../arm-none-eabi/lib/armv7e-m\libnosys.a(sbrk.o)
                0x00007178                _sbrk
 .text._exit    0x000071ac        0x4 c:/freescale/kds_v3/toolchain/bin/../lib/gcc/arm-none-eabi/4.8.4/../../../../arm-none-eabi/lib/armv7e-m\libnosys.a(_exit.o)
                0x000071ac                _exit
 *(.rodata)
 .rodata        0x000071b0      0x118 ./Sources/display.o
 .rodata        0x000072c8      0x1c0 ./Sources/protocol.o
 *(.rodata*)
 .rodata.SafeRoutine
                0x00007488       0x30 ./Generated_Code/IntFlashLdd1.o
 .rodata.str1.4
                0x000074b8        0x4 c:/freescale/kds_v3/toolchain/bin/../lib/gcc/arm-none-eabi/4.8.4/../../../../arm-none-eabi/lib/armv7e-m\libm.a(lib_a-w_pow.o)
 *fill*         0x000074bc        0x4 
 .rodata.dp_h   0x000074c0       0x10 c:/freescale/kds_v3/toolchain/bin/../lib/gcc/arm-none-eabi/4.8.4/../../../../arm-none-eabi/lib/armv7e-m\libm.a(lib_a-e_pow.o)
 .rodata.dp_l   0x000074d0       0x10 c:/freescale/kds_v3/toolchain/bin/../lib/gcc/arm-none-eabi/4.8.4/../../../../arm-none-eabi/lib/armv7e-m\libm.a(lib_a-e_pow.o)
 .rodata.bp     0x000074e0       0x10 c:/freescale/kds_v3/toolchain/bin/../lib/gcc/arm-none-eabi/4.8.4/../../../../arm-none-eabi/lib/armv7e-m\libm.a(lib_a-e_pow.o)
 .rodata.str1.4
                0x000074f0        0x4 c:/freescale/kds_v3/toolchain/bin/../lib/gcc/arm-none-eabi/4.8.4/../../../../arm-none-eabi/lib/armv7e-m\libm.a(lib_a-e_pow.o)
 *fill*         0x000074f4        0x4 
 .rodata.TWO52  0x000074f8       0x10 c:/freescale/kds_v3/toolchain/bin/../lib/gcc/arm-none-eabi/4.8.4/../../../../arm-none-eabi/lib/armv7e-m\libm.a(lib_a-s_rint.o)
 .rodata.str1.1
                0x00007508        0x2 c:/freescale/kds_v3/toolchain/bin/../lib/gcc/arm-none-eabi/4.8.4/../../../../arm-none-eabi/lib/armv7e-m\libg_s.a(lib_a-impure.o)
 *fill*         0x0000750a        0x2 
 .rodata._global_impure_ptr
                0x0000750c        0x4 c:/freescale/kds_v3/toolchain/bin/../lib/gcc/arm-none-eabi/4.8.4/../../../../arm-none-eabi/lib/armv7e-m\libg_s.a(lib_a-impure.o)
                0x0000750c                _global_impure_ptr
 .rodata.str1.1
                0x00007510       0x11 c:/freescale/kds_v3/toolchain/bin/../lib/gcc/arm-none-eabi/4.8.4/../../../../arm-none-eabi/lib/armv7e-m\libg_s.a(lib_a-svfprintf.o)
 .rodata.str1.1
                0x00007521       0x22 c:/freescale/kds_v3/toolchain/bin/../lib/gcc/arm-none-eabi/4.8.4/../../../../arm-none-eabi/lib/armv7e-m\libg_s.a(lib_a-vfprintf_i.o)
 *(.glue_7)
 .glue_7        0x00000000        0x0 linker stubs
 *(.glue_7t)
 .glue_7t       0x00000000        0x0 linker stubs
 *(.eh_frame)
 *fill*         0x00007543        0x1 
 .eh_frame      0x00007544        0x0 c:/freescale/kds_v3/toolchain/bin/../lib/gcc/arm-none-eabi/4.8.4/armv7e-m/crtbegin.o
 *(.init)
 .init          0x00007544        0x4 c:/freescale/kds_v3/toolchain/bin/../lib/gcc/arm-none-eabi/4.8.4/armv7e-m/crti.o
                0x00007544                _init
 .init          0x00007548        0x8 c:/freescale/kds_v3/toolchain/bin/../lib/gcc/arm-none-eabi/4.8.4/armv7e-m/crtn.o
 *(.fini)
 .fini          0x00007550        0x4 c:/freescale/kds_v3/toolchain/bin/../lib/gcc/arm-none-eabi/4.8.4/armv7e-m/crti.o
                0x00007550                _fini
 .fini          0x00007554        0x8 c:/freescale/kds_v3/toolchain/bin/../lib/gcc/arm-none-eabi/4.8.4/armv7e-m/crtn.o
                0x0000755c                . = ALIGN (0x4)
                0x0000755c                _etext = .

.vfp11_veneer   0x0000755c        0x0
 .vfp11_veneer  0x00000000        0x0 linker stubs

.v4_bx          0x0000755c        0x0
 .v4_bx         0x00000000        0x0 linker stubs

.iplt           0x0000755c        0x0
 .iplt          0x00000000        0x0 c:/freescale/kds_v3/toolchain/bin/../lib/gcc/arm-none-eabi/4.8.4/armv7e-m/crtbegin.o

.ARM.extab      0x0000755c       0xa8
 *(.ARM.extab* .gnu.linkonce.armextab.*)
 .ARM.extab.text.LCD_command
                0x0000755c        0xc ./Sources/LCD.o
 .ARM.extab.text.LCD_Set_Cursor
                0x00007568        0xc ./Sources/LCD.o
 .ARM.extab.text.LCD_Write
                0x00007574        0xc ./Sources/LCD.o
 .ARM.extab.text.load_custom_char
                0x00007580        0xc ./Sources/LCD.o
 .ARM.extab.text.LCD_Write_At
                0x0000758c        0xc ./Sources/LCD.o
 .ARM.extab.text.LCD_Write_Block
                0x00007598        0xc ./Sources/LCD.o
 .ARM.extab.text.PCA9670_SendByte
                0x000075a4        0xc ./Sources/PCA9670.o
 .ARM.extab.text.print_float_at
                0x000075b0        0xc ./Sources/display.o
 .ARM.extab.text.print_int_at
                0x000075bc        0xc ./Sources/display.o
 .ARM.extab.text.load_char
                0x000075c8        0xc ./Sources/display.o
 .ARM.extab.text.menu_init
                0x000075d4        0xc ./Sources/display.o
 .ARM.extab     0x000075e0        0xc c:/freescale/kds_v3/toolchain/bin/../lib/gcc/arm-none-eabi/4.8.4/armv7e-m\libgcc.a(unwind-arm.o)
 .ARM.extab     0x000075ec       0x18 c:/freescale/kds_v3/toolchain/bin/../lib/gcc/arm-none-eabi/4.8.4/armv7e-m\libgcc.a(pr-support.o)

.ARM            0x00007604      0x150
                0x00007604                __exidx_start = .
 *(.ARM.exidx*)
 .ARM.exidx     0x00007604        0x8 c:/freescale/kds_v3/toolchain/bin/../lib/gcc/arm-none-eabi/4.8.4/../../../../arm-none-eabi/lib/armv7e-m/crt0.o
 .ARM.exidx.text.LCD_Init
                0x000076cc        0x8 ./Sources/LCD.o
 .ARM.exidx.text.LCD_command
                0x000076d4        0x8 ./Sources/LCD.o
 .ARM.exidx.text.LCD_Clear
                0x000076dc        0x8 ./Sources/LCD.o
 .ARM.exidx.text.LCD_Cursor_Blink_On
                0x000076e4        0x0 ./Sources/LCD.o
                                  0x8 (size before relaxing)
 .ARM.exidx.text.LCD_Set_Cursor
                0x000076e4        0x8 ./Sources/LCD.o
 .ARM.exidx.text.LCD_Write
                0x000076ec        0x8 ./Sources/LCD.o
 .ARM.exidx.text.load_custom_char
                0x000076f4        0x8 ./Sources/LCD.o
 .ARM.exidx.text.LCD_Write_At
                0x000076fc        0x8 ./Sources/LCD.o
 .ARM.exidx.text.LCD_Write_Block
                0x00007704        0x8 ./Sources/LCD.o
 .ARM.exidx.text.PCA9670_Init
                0x0000770c        0x8 ./Sources/PCA9670.o
 .ARM.exidx.text.PCA9670_SendByte
                0x00007714        0x8 ./Sources/PCA9670.o
 .ARM.exidx.text.vspfunc
                0x0000771c        0x8 ./Sources/display.o
 .ARM.exidx.text.print_float_at
                0x00007724        0x8 ./Sources/display.o
 .ARM.exidx.text.print_int_at
                0x0000772c        0x8 ./Sources/display.o
 .ARM.exidx.text.load_char
                0x00007734        0x8 ./Sources/display.o
 .ARM.exidx.text.menu_init
                0x0000773c        0x8 ./Sources/display.o
 .ARM.exidx.text.velocity_fct
                0x00007744        0x8 ./Sources/display.o
 .ARM.exidx.text.acceleration_fct
                0x0000774c        0x8 ./Sources/display.o
 .ARM.exidx.text.deceleration_fct
                0x00007754        0x0 ./Sources/display.o
                                  0x8 (size before relaxing)
 .ARM.exidx.text.back_fct
                0x00007754        0x0 ./Sources/display.o
                                  0x8 (size before relaxing)
 .ARM.exidx.text.pos_velocity_fct
                0x00007754        0x0 ./Sources/display.o
                                  0x8 (size before relaxing)
 .ARM.exidx.text.pos_acceleration_fct
                0x00007754        0x0 ./Sources/display.o
                                  0x8 (size before relaxing)
 .ARM.exidx.text.pos_deceleration_fct
                0x00007754        0x0 ./Sources/display.o
                                  0x8 (size before relaxing)
 .ARM.exidx.text.torque_fct
                0x00007754        0x0 ./Sources/display.o
                                  0x8 (size before relaxing)
 .ARM.exidx.text.torque_rise_fct
                0x00007754        0x0 ./Sources/display.o
                                  0x8 (size before relaxing)
 .ARM.exidx.text.torque_fall_fct
                0x00007754        0x0 ./Sources/display.o
                                  0x8 (size before relaxing)
 .ARM.exidx.text._Z41__static_initialization_and_destruction_0ii
                0x00007754        0x0 ./Sources/display.o
                                  0x8 (size before relaxing)
 .ARM.exidx.text._GLOBAL__sub_I_back
                0x00007754        0x0 ./Sources/display.o
                                  0x8 (size before relaxing)
 .ARM.exidx.text.init_menu
                0x00007754        0x0 ./Sources/menu.o
                                  0x8 (size before relaxing)
 .ARM.exidx.text.init_sub_menu
                0x00007754        0x0 ./Sources/menu.o
                                  0x8 (size before relaxing)
 .ARM.exidx.text.void_function
                0x00007754        0x0 ./Sources/menu.o
                                  0x8 (size before relaxing)
 .ARM.exidx.text.msg_parse
                0x00007754        0x0 ./Sources/protocol.o
                                  0x8 (size before relaxing)
 .ARM.exidx.text.msg_processing
                0x00007754        0x0 ./Sources/protocol.o
                                  0x8 (size before relaxing)
 .ARM.exidx     0x0000760c       0x88 c:/freescale/kds_v3/toolchain/bin/../lib/gcc/arm-none-eabi/4.8.4/armv7e-m\libgcc.a(unwind-arm.o)
                                 0xd8 (size before relaxing)
 .ARM.exidx     0x00007694       0x38 c:/freescale/kds_v3/toolchain/bin/../lib/gcc/arm-none-eabi/4.8.4/armv7e-m\libgcc.a(pr-support.o)
                                 0x48 (size before relaxing)
                0x00007754                __exidx_end = .

.rel.dyn        0x00007754        0x0
 .rel.iplt      0x00000000        0x0 c:/freescale/kds_v3/toolchain/bin/../lib/gcc/arm-none-eabi/4.8.4/armv7e-m/crtbegin.o

.ctors          0x00007754        0x0
                0x00007754                __CTOR_LIST__ = .
 *crtbegin.o(.ctors)
 *(EXCLUDE_FILE(*crtend.o) .ctors)
 *(SORT(.ctors.*))
 *(.ctors)
                0x00007754                __CTOR_END__ = .

.dtors          0x00007754        0x0
                0x00007754                __DTOR_LIST__ = .
 *crtbegin.o(.dtors)
 *(EXCLUDE_FILE(*crtend.o) .dtors)
 *(SORT(.dtors.*))
 *(.dtors)
                0x00007754                __DTOR_END__ = .

.preinit_array  0x00007754        0x0
                0x00007754                PROVIDE (__preinit_array_start, .)
 *(.preinit_array*)
                0x00007754                PROVIDE (__preinit_array_end, .)

.init_array     0x00007754        0x8
                0x00007754                PROVIDE (__init_array_start, .)
 *(SORT(.init_array.*))
 *(.init_array*)
 .init_array    0x00007754        0x4 c:/freescale/kds_v3/toolchain/bin/../lib/gcc/arm-none-eabi/4.8.4/armv7e-m/crtbegin.o
 .init_array    0x00007758        0x4 ./Sources/display.o
                0x0000775c                PROVIDE (__init_array_end, .)

.fini_array     0x0000775c        0x4
                0x0000775c                PROVIDE (__fini_array_start, .)
 *(SORT(.fini_array.*))
 *(.fini_array*)
 .fini_array    0x0000775c        0x4 c:/freescale/kds_v3/toolchain/bin/../lib/gcc/arm-none-eabi/4.8.4/armv7e-m/crtbegin.o
                0x00007760                PROVIDE (__fini_array_end, .)
                0x00007760                ___ROM_AT = .

.data           0x1fff8000       0x78 load address 0x00007760
                0x1fff8000                . = ALIGN (0x4)
                0x1fff8000                _sdata = .
 *(.data)
 *(.data*)
 .data._ZL6Get_OK
                0x1fff8000        0x4 ./Sources/protocol.o
 .data._ZL7Get_ERR
                0x1fff8004        0x4 ./Sources/protocol.o
 .data._ZL6Set_OK
                0x1fff8008        0x4 ./Sources/protocol.o
 .data._ZL7Set_ERR
                0x1fff800c        0x4 ./Sources/protocol.o
 .data.__fdlib_version
                0x1fff8010        0x1 c:/freescale/kds_v3/toolchain/bin/../lib/gcc/arm-none-eabi/4.8.4/../../../../arm-none-eabi/lib/armv7e-m\libm.a(lib_a-s_lib_ver.o)
                0x1fff8010                __fdlib_version
 *fill*         0x1fff8011        0x3 
 .data.impure_data
                0x1fff8014       0x60 c:/freescale/kds_v3/toolchain/bin/../lib/gcc/arm-none-eabi/4.8.4/../../../../arm-none-eabi/lib/armv7e-m\libg_s.a(lib_a-impure.o)
 .data._impure_ptr
                0x1fff8074        0x4 c:/freescale/kds_v3/toolchain/bin/../lib/gcc/arm-none-eabi/4.8.4/../../../../arm-none-eabi/lib/armv7e-m\libg_s.a(lib_a-impure.o)
                0x1fff8074                _impure_ptr
                0x1fff8078                . = ALIGN (0x4)
                0x1fff8078                _edata = .
                0x00000078                ___data_size = (_edata - _sdata)
                0x000077d8                ___m_data_20000000_ROMStart = (___ROM_AT + SIZEOF (.data))

.jcr            0x1fff8078        0x0 load address 0x000077d8
 .jcr           0x1fff8078        0x0 c:/freescale/kds_v3/toolchain/bin/../lib/gcc/arm-none-eabi/4.8.4/armv7e-m/crtbegin.o

.igot.plt       0x1fff8078        0x0 load address 0x000077d8
 .igot.plt      0x00000000        0x0 c:/freescale/kds_v3/toolchain/bin/../lib/gcc/arm-none-eabi/4.8.4/armv7e-m/crtbegin.o

.m_data_20000000
                0x20000000        0x0 load address 0x000077d8
                0x20000000                . = ALIGN (0x4)
                0x20000000                ___m_data_20000000_RAMStart = .
 *(.m_data_20000000)
                0x20000000                ___m_data_20000000_RAMEnd = .
                0x20000000                . = ALIGN (0x4)
                0x00000000                ___m_data_20000000_ROMSize = (___m_data_20000000_RAMEnd - ___m_data_20000000_RAMStart)
                0x20000000                . = ALIGN (0x4)

.bss            0x1fff8078      0x580 load address 0x000077d8
                0x1fff8078                __START_BSS = .
                0x1fff8078                PROVIDE (__bss_start__, __START_BSS)
 *(.bss)
 .bss           0x1fff8078       0x1c c:/freescale/kds_v3/toolchain/bin/../lib/gcc/arm-none-eabi/4.8.4/armv7e-m/crtbegin.o
 *(.bss*)
 .bss.LCD_flag  0x1fff8094        0x1 ./Sources/LCD.o
                0x1fff8094                LCD_flag
 *fill*         0x1fff8095        0x3 
 .bss.back      0x1fff8098       0x10 ./Sources/display.o
                0x1fff8098                back
 .bss.vel_velocity
                0x1fff80a8       0x10 ./Sources/display.o
                0x1fff80a8                vel_velocity
 .bss.vel_acc   0x1fff80b8       0x10 ./Sources/display.o
                0x1fff80b8                vel_acc
 .bss.vel_dec   0x1fff80c8       0x10 ./Sources/display.o
                0x1fff80c8                vel_dec
 .bss.vel_cue   0x1fff80d8       0x10 ./Sources/display.o
                0x1fff80d8                vel_cue
 .bss.menu_velocity
                0x1fff80e8       0x50 ./Sources/display.o
                0x1fff80e8                menu_velocity
 .bss.pos_velocity
                0x1fff8138       0x10 ./Sources/display.o
                0x1fff8138                pos_velocity
 .bss.pos_acc   0x1fff8148       0x10 ./Sources/display.o
                0x1fff8148                pos_acc
 .bss.pos_dec   0x1fff8158       0x10 ./Sources/display.o
                0x1fff8158                pos_dec
 .bss.pos_cue   0x1fff8168       0x10 ./Sources/display.o
                0x1fff8168                pos_cue
 .bss.menu_position
                0x1fff8178       0x50 ./Sources/display.o
                0x1fff8178                menu_position
 .bss.tor_torque
                0x1fff81c8       0x10 ./Sources/display.o
                0x1fff81c8                tor_torque
 .bss.tor_torque_rise
                0x1fff81d8       0x10 ./Sources/display.o
                0x1fff81d8                tor_torque_rise
 .bss.tor_torque_fall
                0x1fff81e8       0x10 ./Sources/display.o
                0x1fff81e8                tor_torque_fall
 .bss.tor_cue   0x1fff81f8       0x10 ./Sources/display.o
                0x1fff81f8                tor_cue
 .bss.menu_torque
                0x1fff8208       0x50 ./Sources/display.o
                0x1fff8208                menu_torque
 .bss.velocity  0x1fff8258        0xc ./Sources/display.o
                0x1fff8258                velocity
 .bss.position  0x1fff8264        0xc ./Sources/display.o
                0x1fff8264                position
 .bss.torque    0x1fff8270        0xc ./Sources/display.o
                0x1fff8270                torque
 .bss.setting   0x1fff827c        0xc ./Sources/display.o
                0x1fff827c                setting
 .bss._ZL10menu_array
                0x1fff8288       0x30 ./Sources/display.o
 .bss.buffer    0x1fff82b8       0x50 ./Sources/display.o
                0x1fff82b8                buffer
 .bss.in_buffer
                0x1fff8308       0x80 ./Sources/protocol.o
                0x1fff8308                in_buffer
 .bss.cnt       0x1fff8388        0x1 ./Sources/protocol.o
                0x1fff8388                cnt
 .bss.FLAG_MSG_RCV
                0x1fff8389        0x1 ./Sources/protocol.o
                0x1fff8389                FLAG_MSG_RCV
 .bss.FLAG_MSG_ERR
                0x1fff838a        0x1 ./Sources/protocol.o
                0x1fff838a                FLAG_MSG_ERR
 .bss.FLAG_MSG_OK
                0x1fff838b        0x1 ./Sources/protocol.o
                0x1fff838b                FLAG_MSG_OK
 .bss.nb_data   0x1fff838c        0x4 ./Sources/protocol.o
                0x1fff838c                nb_data
 .bss.SerFlag   0x1fff8390        0x2 ./Generated_Code/AS1.o
 .bss.AS1_InpLen
                0x1fff8392        0x2 ./Generated_Code/AS1.o
 .bss.InpIndexR
                0x1fff8394        0x2 ./Generated_Code/AS1.o
 .bss.InpIndexW
                0x1fff8396        0x2 ./Generated_Code/AS1.o
 .bss.InpBuffer
                0x1fff8398       0x80 ./Generated_Code/AS1.o
 .bss.BufferRead
                0x1fff8418        0x1 ./Generated_Code/AS1.o
 *fill*         0x1fff8419        0x1 
 .bss.AS1_OutLen
                0x1fff841a        0x2 ./Generated_Code/AS1.o
 .bss.OutIndexR
                0x1fff841c        0x2 ./Generated_Code/AS1.o
 .bss.OutIndexW
                0x1fff841e        0x2 ./Generated_Code/AS1.o
 .bss.OutBuffer
                0x1fff8420       0x80 ./Generated_Code/AS1.o
 .bss.OnFreeTxBufSemaphore
                0x1fff84a0        0x1 ./Generated_Code/AS1.o
 *fill*         0x1fff84a1        0x3 
 .bss.DeviceDataPrv__DEFAULT_RTOS_ALLOC
                0x1fff84a4       0x20 ./Generated_Code/ASerialLdd1.o
 .bss.INT_UART0_RX_TX__DEFAULT_RTOS_ISRPARAM
                0x1fff84c4        0x4 ./Generated_Code/ASerialLdd1.o
 .bss.INT_UART0_ERR__DEFAULT_RTOS_ISRPARAM
                0x1fff84c8        0x4 ./Generated_Code/ASerialLdd1.o
 .bss.DeviceDataPrv__DEFAULT_RTOS_ALLOC
                0x1fff84cc        0x4 ./Generated_Code/BitIoLdd1.o
 .bss.DeviceDataPrv__DEFAULT_RTOS_ALLOC
                0x1fff84d0        0x4 ./Generated_Code/BitIoLdd2.o
 .bss.DeviceDataPrv__DEFAULT_RTOS_ALLOC
                0x1fff84d4        0x4 ./Generated_Code/BitIoLdd3.o
 .bss.DeviceDataPrv__DEFAULT_RTOS_ALLOC
                0x1fff84d8        0x4 ./Generated_Code/BitIoLdd4.o
 .bss.DeviceDataPrv__DEFAULT_RTOS_ALLOC
                0x1fff84dc        0x4 ./Generated_Code/BitIoLdd5.o
 .bss.DeviceDataPrv__DEFAULT_RTOS_ALLOC
                0x1fff84e0        0x4 ./Generated_Code/BitIoLdd6.o
 .bss.DeviceDataPrv__DEFAULT_RTOS_ALLOC
                0x1fff84e4        0x4 ./Generated_Code/BitIoLdd7.o
 .bss.SR_lock   0x1fff84e8        0x1 ./Generated_Code/Cpu.o
                0x1fff84e8                SR_lock
 *fill*         0x1fff84e9        0x3 
 .bss.DeviceDataPrv__DEFAULT_RTOS_ALLOC
                0x1fff84ec        0xc ./Generated_Code/ENCODER.o
 .bss.INT_PORTC__DEFAULT_RTOS_ISRPARAM
                0x1fff84f8        0x4 ./Generated_Code/ENCODER.o
 .bss.DeviceDataPrv__DEFAULT_RTOS_ALLOC
                0x1fff84fc        0x4 ./Generated_Code/ExtIntLdd1.o
 .bss.INT_PORTC__DEFAULT_RTOS_ISRPARAM
                0x1fff8500        0x4 ./Generated_Code/ExtIntLdd1.o
 .bss.DeviceDataPrv__DEFAULT_RTOS_ALLOC
                0x1fff8504        0x4 ./Generated_Code/ExtIntLdd2.o
 .bss.INT_PORTC__DEFAULT_RTOS_ISRPARAM
                0x1fff8508        0x4 ./Generated_Code/ExtIntLdd2.o
 .bss.DeviceDataPrv__DEFAULT_RTOS_ALLOC
                0x1fff850c        0x4 ./Generated_Code/ExtIntLdd3.o
 .bss.INT_PORTC__DEFAULT_RTOS_ISRPARAM
                0x1fff8510        0x4 ./Generated_Code/ExtIntLdd3.o
 .bss.DeviceDataPrv__DEFAULT_RTOS_ALLOC
                0x1fff8514        0x4 ./Generated_Code/ExtIntLdd4.o
 .bss.INT_PORTC__DEFAULT_RTOS_ISRPARAM
                0x1fff8518        0x4 ./Generated_Code/ExtIntLdd4.o
 .bss.DeviceDataPrv__DEFAULT_RTOS_ALLOC
                0x1fff851c        0x4 ./Generated_Code/ExtIntLdd5.o
 .bss.INT_PORTC__DEFAULT_RTOS_ISRPARAM
                0x1fff8520        0x4 ./Generated_Code/ExtIntLdd5.o
 .bss.OutLenM   0x1fff8524        0x2 ./Generated_Code/I2C0.o
 .bss.ChrTemp   0x1fff8526        0x1 ./Generated_Code/I2C0.o
 *fill*         0x1fff8527        0x1 
 .bss.IFsh1_CurrentCommand
                0x1fff8528        0x4 ./Generated_Code/IFsh1.o
 .bss.IFsh1_CmdResult
                0x1fff852c        0x1 ./Generated_Code/IFsh1.o
 .bss.IFsh1_CmdPending
                0x1fff852d        0x1 ./Generated_Code/IFsh1.o
 .bss.IFsh1_EnEvent
                0x1fff852e        0x1 ./Generated_Code/IFsh1.o
 *fill*         0x1fff852f        0x1 
 .bss.IntFlashLdd1_DevDataPtr
                0x1fff8530        0x4 ./Generated_Code/IFsh1.o
 .bss.DeviceDataPrv__DEFAULT_RTOS_ALLOC
                0x1fff8534       0x18 ./Generated_Code/IntFlashLdd1.o
 .bss.INT_FTFL__DEFAULT_RTOS_ISRPARAM
                0x1fff854c        0x4 ./Generated_Code/IntFlashLdd1.o
 .bss.INT_Read_Collision__DEFAULT_RTOS_ISRPARAM
                0x1fff8550        0x4 ./Generated_Code/IntFlashLdd1.o
 .bss.DeviceDataPrv__DEFAULT_RTOS_ALLOC
                0x1fff8554       0x1c ./Generated_Code/IntI2cLdd1.o
 .bss.INT_I2C0__DEFAULT_RTOS_ISRPARAM
                0x1fff8570        0x4 ./Generated_Code/IntI2cLdd1.o
 .bss.PE_LDD_DeviceDataList
                0x1fff8574       0x48 ./Generated_Code/PE_LDD.o
                0x1fff8574                PE_LDD_DeviceDataList
 .bss.DeviceDataPrv__DEFAULT_RTOS_ALLOC
                0x1fff85bc        0xc ./Generated_Code/T_100ms.o
 .bss.INT_FTM1__DEFAULT_RTOS_ISRPARAM
                0x1fff85c8        0x4 ./Generated_Code/T_100ms.o
 .bss.DeviceDataPrv__DEFAULT_RTOS_ALLOC
                0x1fff85cc        0x8 ./Generated_Code/T_500ms.o
 .bss.INT_FTM0__DEFAULT_RTOS_ISRPARAM
                0x1fff85d4        0x4 ./Generated_Code/T_500ms.o
 .bss.__malloc_sbrk_start
                0x1fff85d8        0x4 c:/freescale/kds_v3/toolchain/bin/../lib/gcc/arm-none-eabi/4.8.4/../../../../arm-none-eabi/lib/armv7e-m\libg_s.a(lib_a-nano-mallocr.o)
                0x1fff85d8                __malloc_sbrk_start
 .bss.__malloc_free_list
                0x1fff85dc        0x4 c:/freescale/kds_v3/toolchain/bin/../lib/gcc/arm-none-eabi/4.8.4/../../../../arm-none-eabi/lib/armv7e-m\libg_s.a(lib_a-nano-mallocr.o)
                0x1fff85dc                __malloc_free_list
 .bss.heap_end.4246
                0x1fff85e0        0x4 c:/freescale/kds_v3/toolchain/bin/../lib/gcc/arm-none-eabi/4.8.4/../../../../arm-none-eabi/lib/armv7e-m\libnosys.a(sbrk.o)
 *(COMMON)
 COMMON         0x1fff85e4        0x4 ./Generated_Code/AS1.o
                0x1fff85e4                ASerialLdd1_DeviceDataPtr
 COMMON         0x1fff85e8        0x1 ./Generated_Code/Cpu.o
                0x1fff85e8                SR_reg
 *fill*         0x1fff85e9        0x3 
 COMMON         0x1fff85ec        0x8 ./Generated_Code/I2C0.o
                0x1fff85ec                I2C0_SndRcvTemp
                0x1fff85f0                IntI2cLdd1_DeviceDataPtr
 COMMON         0x1fff85f4        0x4 c:/freescale/kds_v3/toolchain/bin/../lib/gcc/arm-none-eabi/4.8.4/../../../../arm-none-eabi/lib/armv7e-m\libg_s.a(lib_a-reent.o)
                0x1fff85f4                errno
                0x1fff85f8                . = ALIGN (0x4)
                0x1fff85f8                __END_BSS = .
                0x1fff85f8                PROVIDE (__bss_end__, __END_BSS)
                0x000077d8                _romp_at = ((___ROM_AT + SIZEOF (.data)) + SIZEOF (.m_data_20000000))

.romp           0x1fff85f8       0x24 load address 0x000077d8
                0x000077d8                __S_romp = _romp_at
                0x1fff85f8        0x4 LONG 0x7760 ___ROM_AT
                0x1fff85fc        0x4 LONG 0x1fff8000 _sdata
                0x1fff8600        0x4 LONG 0x78 ___data_size
                0x1fff8604        0x4 LONG 0x77d8 ___m_data_20000000_ROMStart
                0x1fff8608        0x4 LONG 0x20000000 ___m_data_20000000_RAMStart
                0x1fff860c        0x4 LONG 0x0 ___m_data_20000000_ROMSize
                0x1fff8610        0x4 LONG 0x0
                0x1fff8614        0x4 LONG 0x0
                0x1fff8618        0x4 LONG 0x0
                0x00040000                text_end = (ORIGIN (m_text) + 0x3fbf0)
                0x000077fc                data_init_end = ((___m_data_20000000_ROMStart + SIZEOF (.m_data_20000000)) + SIZEOF (.romp))
                0x00000001                ASSERT ((data_init_end <= text_end), region m_text overflowed with text and data)

._user_heap_stack
                0x1fff861c      0x400 load address 0x000077fc
                0x1fff861c                . = ALIGN (0x4)
                0x1fff861c                PROVIDE (end, .)
                0x1fff861c                PROVIDE (_end, .)
                0x1fff861c                PROVIDE (__end__, .)
                0x1fff861c                __heap_addr = .
                0x1fff861c                __HeapBase = .
                0x1fff861c                . = (. + __heap_size)
                0x1fff861c                __HeapLimit = .
                0x1fff8a1c                . = (. + __stack_size)
 *fill*         0x1fff861c      0x400 
                0x1fff8a1c                . = ALIGN (0x4)

.ARM.attributes
                0x00000000       0x2a
 *(.ARM.attributes)
 .ARM.attributes
                0x00000000       0x1e c:/freescale/kds_v3/toolchain/bin/../lib/gcc/arm-none-eabi/4.8.4/armv7e-m/crti.o
 .ARM.attributes
                0x0000001e       0x2e c:/freescale/kds_v3/toolchain/bin/../lib/gcc/arm-none-eabi/4.8.4/armv7e-m/crtbegin.o
 .ARM.attributes
                0x0000004c       0x1c c:/freescale/kds_v3/toolchain/bin/../lib/gcc/arm-none-eabi/4.8.4/../../../../arm-none-eabi/lib/armv7e-m/crt0.o
 .ARM.attributes
                0x00000068       0x33 ./Sources/Events.o
 .ARM.attributes
                0x0000009b       0x33 ./Sources/LCD.o
 .ARM.attributes
                0x000000ce       0x33 ./Sources/PCA9670.o
 .ARM.attributes
                0x00000101       0x33 ./Sources/display.o
 .ARM.attributes
                0x00000134       0x33 ./Sources/main.o
 .ARM.attributes
                0x00000167       0x33 ./Sources/menu.o
 .ARM.attributes
                0x0000019a       0x33 ./Sources/protocol.o
 .ARM.attributes
                0x000001cd       0x33 ./Project_Settings/Startup_Code/startup.o
 .ARM.attributes
                0x00000200       0x33 ./Generated_Code/AS1.o
 .ARM.attributes
                0x00000233       0x33 ./Generated_Code/ASerialLdd1.o
 .ARM.attributes
                0x00000266       0x33 ./Generated_Code/BitIoLdd1.o
 .ARM.attributes
                0x00000299       0x33 ./Generated_Code/BitIoLdd2.o
 .ARM.attributes
                0x000002cc       0x33 ./Generated_Code/BitIoLdd3.o
 .ARM.attributes
                0x000002ff       0x33 ./Generated_Code/BitIoLdd4.o
 .ARM.attributes
                0x00000332       0x33 ./Generated_Code/BitIoLdd5.o
 .ARM.attributes
                0x00000365       0x33 ./Generated_Code/BitIoLdd6.o
 .ARM.attributes
                0x00000398       0x33 ./Generated_Code/BitIoLdd7.o
 .ARM.attributes
                0x000003cb       0x33 ./Generated_Code/Cpu.o
 .ARM.attributes
                0x000003fe       0x33 ./Generated_Code/ENCODER.o
 .ARM.attributes
                0x00000431       0x33 ./Generated_Code/ENCODER_PUSH.o
 .ARM.attributes
                0x00000464       0x33 ./Generated_Code/ExtIntLdd1.o
 .ARM.attributes
                0x00000497       0x33 ./Generated_Code/ExtIntLdd2.o
 .ARM.attributes
                0x000004ca       0x33 ./Generated_Code/ExtIntLdd3.o
 .ARM.attributes
                0x000004fd       0x33 ./Generated_Code/ExtIntLdd4.o
 .ARM.attributes
                0x00000530       0x33 ./Generated_Code/ExtIntLdd5.o
 .ARM.attributes
                0x00000563       0x33 ./Generated_Code/I2C0.o
 .ARM.attributes
                0x00000596       0x33 ./Generated_Code/IFsh1.o
 .ARM.attributes
                0x000005c9       0x33 ./Generated_Code/IntFlashLdd1.o
 .ARM.attributes
                0x000005fc       0x33 ./Generated_Code/IntI2cLdd1.o
 .ARM.attributes
                0x0000062f       0x33 ./Generated_Code/LEVER_DIR1.o
 .ARM.attributes
                0x00000662       0x33 ./Generated_Code/LEVER_DIR2.o
 .ARM.attributes
                0x00000695       0x33 ./Generated_Code/PE_LDD.o
 .ARM.attributes
                0x000006c8       0x33 ./Generated_Code/PUSH_BUTTON_REC.o
 .ARM.attributes
                0x000006fb       0x33 ./Generated_Code/PUSH_BUTTON_SEND.o
 .ARM.attributes
                0x0000072e       0x33 ./Generated_Code/T_100ms.o
 .ARM.attributes
                0x00000761       0x33 ./Generated_Code/T_500ms.o
 .ARM.attributes
                0x00000794       0x33 ./Generated_Code/Vectors.o
 .ARM.attributes
                0x000007c7       0x33 ./Generated_Code/WAIT1.o
 .ARM.attributes
                0x000007fa       0x2e c:/freescale/kds_v3/toolchain/bin/../lib/gcc/arm-none-eabi/4.8.4/../../../../arm-none-eabi/lib/armv7e-m\libm.a(lib_a-s_round.o)
 .ARM.attributes
                0x00000828       0x2e c:/freescale/kds_v3/toolchain/bin/../lib/gcc/arm-none-eabi/4.8.4/../../../../arm-none-eabi/lib/armv7e-m\libm.a(lib_a-w_pow.o)
 .ARM.attributes
                0x00000856       0x2e c:/freescale/kds_v3/toolchain/bin/../lib/gcc/arm-none-eabi/4.8.4/../../../../arm-none-eabi/lib/armv7e-m\libm.a(lib_a-e_pow.o)
 .ARM.attributes
                0x00000884       0x2e c:/freescale/kds_v3/toolchain/bin/../lib/gcc/arm-none-eabi/4.8.4/../../../../arm-none-eabi/lib/armv7e-m\libm.a(lib_a-e_sqrt.o)
 .ARM.attributes
                0x000008b2       0x2e c:/freescale/kds_v3/toolchain/bin/../lib/gcc/arm-none-eabi/4.8.4/../../../../arm-none-eabi/lib/armv7e-m\libm.a(lib_a-s_fabs.o)
 .ARM.attributes
                0x000008e0       0x2e c:/freescale/kds_v3/toolchain/bin/../lib/gcc/arm-none-eabi/4.8.4/../../../../arm-none-eabi/lib/armv7e-m\libm.a(lib_a-s_finite.o)
 .ARM.attributes
                0x0000090e       0x2e c:/freescale/kds_v3/toolchain/bin/../lib/gcc/arm-none-eabi/4.8.4/../../../../arm-none-eabi/lib/armv7e-m\libm.a(lib_a-s_fpclassify.o)
 .ARM.attributes
                0x0000093c       0x2e c:/freescale/kds_v3/toolchain/bin/../lib/gcc/arm-none-eabi/4.8.4/../../../../arm-none-eabi/lib/armv7e-m\libm.a(lib_a-s_lib_ver.o)
 .ARM.attributes
                0x0000096a       0x2e c:/freescale/kds_v3/toolchain/bin/../lib/gcc/arm-none-eabi/4.8.4/../../../../arm-none-eabi/lib/armv7e-m\libm.a(lib_a-s_matherr.o)
 .ARM.attributes
                0x00000998       0x2e c:/freescale/kds_v3/toolchain/bin/../lib/gcc/arm-none-eabi/4.8.4/../../../../arm-none-eabi/lib/armv7e-m\libm.a(lib_a-s_nan.o)
 .ARM.attributes
                0x000009c6       0x2e c:/freescale/kds_v3/toolchain/bin/../lib/gcc/arm-none-eabi/4.8.4/../../../../arm-none-eabi/lib/armv7e-m\libm.a(lib_a-s_rint.o)
 .ARM.attributes
                0x000009f4       0x2e c:/freescale/kds_v3/toolchain/bin/../lib/gcc/arm-none-eabi/4.8.4/../../../../arm-none-eabi/lib/armv7e-m\libm.a(lib_a-s_scalbn.o)
 .ARM.attributes
                0x00000a22       0x2e c:/freescale/kds_v3/toolchain/bin/../lib/gcc/arm-none-eabi/4.8.4/../../../../arm-none-eabi/lib/armv7e-m\libm.a(lib_a-s_copysign.o)
 .ARM.attributes
                0x00000a50       0x1e c:/freescale/kds_v3/toolchain/bin/../lib/gcc/arm-none-eabi/4.8.4/armv7e-m\libgcc.a(_arm_addsubdf3.o)
 .ARM.attributes
                0x00000a6e       0x1e c:/freescale/kds_v3/toolchain/bin/../lib/gcc/arm-none-eabi/4.8.4/armv7e-m\libgcc.a(_arm_muldivdf3.o)
 .ARM.attributes
                0x00000a8c       0x1e c:/freescale/kds_v3/toolchain/bin/../lib/gcc/arm-none-eabi/4.8.4/armv7e-m\libgcc.a(_arm_cmpdf2.o)
 .ARM.attributes
                0x00000aaa       0x1e c:/freescale/kds_v3/toolchain/bin/../lib/gcc/arm-none-eabi/4.8.4/armv7e-m\libgcc.a(_arm_fixdfsi.o)
 .ARM.attributes
                0x00000ac8       0x1e c:/freescale/kds_v3/toolchain/bin/../lib/gcc/arm-none-eabi/4.8.4/armv7e-m\libgcc.a(_arm_addsubsf3.o)
 .ARM.attributes
                0x00000ae6       0x1e c:/freescale/kds_v3/toolchain/bin/../lib/gcc/arm-none-eabi/4.8.4/armv7e-m\libgcc.a(_arm_cmpsf2.o)
 .ARM.attributes
                0x00000b04       0x1e c:/freescale/kds_v3/toolchain/bin/../lib/gcc/arm-none-eabi/4.8.4/armv7e-m\libgcc.a(_arm_fixsfsi.o)
 .ARM.attributes
                0x00000b22       0x2e c:/freescale/kds_v3/toolchain/bin/../lib/gcc/arm-none-eabi/4.8.4/../../../../arm-none-eabi/lib/armv7e-m\libg_s.a(lib_a-errno.o)
 .ARM.attributes
                0x00000b50       0x2e c:/freescale/kds_v3/toolchain/bin/../lib/gcc/arm-none-eabi/4.8.4/../../../../arm-none-eabi/lib/armv7e-m\libg_s.a(lib_a-exit.o)
 .ARM.attributes
                0x00000b7e       0x2e c:/freescale/kds_v3/toolchain/bin/../lib/gcc/arm-none-eabi/4.8.4/../../../../arm-none-eabi/lib/armv7e-m\libg_s.a(lib_a-impure.o)
 .ARM.attributes
                0x00000bac       0x2e c:/freescale/kds_v3/toolchain/bin/../lib/gcc/arm-none-eabi/4.8.4/../../../../arm-none-eabi/lib/armv7e-m\libg_s.a(lib_a-init.o)
 .ARM.attributes
                0x00000bda       0x2e c:/freescale/kds_v3/toolchain/bin/../lib/gcc/arm-none-eabi/4.8.4/../../../../arm-none-eabi/lib/armv7e-m\libg_s.a(lib_a-memcpy-stub.o)
 .ARM.attributes
                0x00000c08       0x2e c:/freescale/kds_v3/toolchain/bin/../lib/gcc/arm-none-eabi/4.8.4/../../../../arm-none-eabi/lib/armv7e-m\libg_s.a(lib_a-memset.o)
 .ARM.attributes
                0x00000c36       0x1c c:/freescale/kds_v3/toolchain/bin/../lib/gcc/arm-none-eabi/4.8.4/../../../../arm-none-eabi/lib/armv7e-m\libg_s.a(lib_a-strcmp.o)
 .ARM.attributes
                0x00000c52       0x2e c:/freescale/kds_v3/toolchain/bin/../lib/gcc/arm-none-eabi/4.8.4/../../../../arm-none-eabi/lib/armv7e-m\libg_s.a(lib_a-strlen.o)
 .ARM.attributes
                0x00000c80       0x2e c:/freescale/kds_v3/toolchain/bin/../lib/gcc/arm-none-eabi/4.8.4/../../../../arm-none-eabi/lib/armv7e-m\libg_s.a(lib_a-vsprintf.o)
 .ARM.attributes
                0x00000cae       0x2e c:/freescale/kds_v3/toolchain/bin/../lib/gcc/arm-none-eabi/4.8.4/../../../../arm-none-eabi/lib/armv7e-m\libg_s.a(lib_a-nano-mallocr.o)
 .ARM.attributes
                0x00000cdc       0x2e c:/freescale/kds_v3/toolchain/bin/../lib/gcc/arm-none-eabi/4.8.4/../../../../arm-none-eabi/lib/armv7e-m\libg_s.a(lib_a-reent.o)
 .ARM.attributes
                0x00000d0a       0x2e c:/freescale/kds_v3/toolchain/bin/../lib/gcc/arm-none-eabi/4.8.4/../../../../arm-none-eabi/lib/armv7e-m\libg_s.a(lib_a-sbrkr.o)
 .ARM.attributes
                0x00000d38       0x2e c:/freescale/kds_v3/toolchain/bin/../lib/gcc/arm-none-eabi/4.8.4/../../../../arm-none-eabi/lib/armv7e-m\libg_s.a(lib_a-svfprintf.o)
 .ARM.attributes
                0x00000d66       0x2e c:/freescale/kds_v3/toolchain/bin/../lib/gcc/arm-none-eabi/4.8.4/../../../../arm-none-eabi/lib/armv7e-m\libg_s.a(lib_a-vfprintf_i.o)
 .ARM.attributes
                0x00000d94       0x2e c:/freescale/kds_v3/toolchain/bin/../lib/gcc/arm-none-eabi/4.8.4/../../../../arm-none-eabi/lib/armv7e-m\libg_s.a(lib_a-memchr-stub.o)
 .ARM.attributes
                0x00000dc2       0x2e c:/freescale/kds_v3/toolchain/bin/../lib/gcc/arm-none-eabi/4.8.4/../../../../arm-none-eabi/lib/armv7e-m\libg_s.a(lib_a-memmove.o)
 .ARM.attributes
                0x00000df0       0x2e c:/freescale/kds_v3/toolchain/bin/../lib/gcc/arm-none-eabi/4.8.4/../../../../arm-none-eabi/lib/armv7e-m\libg_s.a(lib_a-nano-freer.o)
 .ARM.attributes
                0x00000e1e       0x2e c:/freescale/kds_v3/toolchain/bin/../lib/gcc/arm-none-eabi/4.8.4/../../../../arm-none-eabi/lib/armv7e-m\libg_s.a(lib_a-nano-reallocr.o)
 .ARM.attributes
                0x00000e4c       0x2e c:/freescale/kds_v3/toolchain/bin/../lib/gcc/arm-none-eabi/4.8.4/../../../../arm-none-eabi/lib/armv7e-m\libg_s.a(lib_a-nano-msizer.o)
 .ARM.attributes
                0x00000e7a       0x2e c:/freescale/kds_v3/toolchain/bin/../lib/gcc/arm-none-eabi/4.8.4/../../../../arm-none-eabi/lib/armv7e-m\libnosys.a(sbrk.o)
 .ARM.attributes
                0x00000ea8       0x2e c:/freescale/kds_v3/toolchain/bin/../lib/gcc/arm-none-eabi/4.8.4/../../../../arm-none-eabi/lib/armv7e-m\libnosys.a(_exit.o)
 .ARM.attributes
                0x00000ed6       0x1e c:/freescale/kds_v3/toolchain/bin/../lib/gcc/arm-none-eabi/4.8.4/armv7e-m/crtn.o
OUTPUT(varmo_lite.elf elf32-littlearm)

.debug_info     0x00000000     0xa1d3
 .debug_info    0x00000000      0x599 ./Sources/Events.o
 .debug_info    0x00000599      0x36b ./Sources/LCD.o
 .debug_info    0x00000904      0x113 ./Sources/PCA9670.o
 .debug_info    0x00000a17      0x6c8 ./Sources/display.o
 .debug_info    0x000010df      0x425 ./Sources/main.o
 .debug_info    0x00001504      0x440 ./Sources/menu.o
 .debug_info    0x00001944      0x5f3 ./Sources/protocol.o
 .debug_info    0x00001f37      0x20a ./Project_Settings/Startup_Code/startup.o
 .debug_info    0x00002141      0x52b ./Generated_Code/AS1.o
 .debug_info    0x0000266c      0x9dc ./Generated_Code/ASerialLdd1.o
 .debug_info    0x00003048      0x377 ./Generated_Code/BitIoLdd1.o
 .debug_info    0x000033bf      0x377 ./Generated_Code/BitIoLdd2.o
 .debug_info    0x00003736      0x377 ./Generated_Code/BitIoLdd3.o
 .debug_info    0x00003aad      0x377 ./Generated_Code/BitIoLdd4.o
 .debug_info    0x00003e24      0x377 ./Generated_Code/BitIoLdd5.o
 .debug_info    0x0000419b      0x377 ./Generated_Code/BitIoLdd6.o
 .debug_info    0x00004512      0x351 ./Generated_Code/BitIoLdd7.o
 .debug_info    0x00004863      0xa70 ./Generated_Code/Cpu.o
 .debug_info    0x000052d3      0x647 ./Generated_Code/ENCODER.o
 .debug_info    0x0000591a       0xb2 ./Generated_Code/ENCODER_PUSH.o
 .debug_info    0x000059cc      0x43c ./Generated_Code/ExtIntLdd1.o
 .debug_info    0x00005e08      0x43c ./Generated_Code/ExtIntLdd2.o
 .debug_info    0x00006244      0x43c ./Generated_Code/ExtIntLdd3.o
 .debug_info    0x00006680      0x43c ./Generated_Code/ExtIntLdd4.o
 .debug_info    0x00006abc      0x43c ./Generated_Code/ExtIntLdd5.o
 .debug_info    0x00006ef8      0x3a1 ./Generated_Code/I2C0.o
 .debug_info    0x00007299      0x438 ./Generated_Code/IFsh1.o
 .debug_info    0x000076d1      0xca0 ./Generated_Code/IntFlashLdd1.o
 .debug_info    0x00008371      0x9e5 ./Generated_Code/IntI2cLdd1.o
 .debug_info    0x00008d56       0xb2 ./Generated_Code/LEVER_DIR1.o
 .debug_info    0x00008e08       0xb2 ./Generated_Code/LEVER_DIR2.o
 .debug_info    0x00008eba      0x24d ./Generated_Code/PE_LDD.o
 .debug_info    0x00009107       0xb2 ./Generated_Code/PUSH_BUTTON_REC.o
 .debug_info    0x000091b9       0xb2 ./Generated_Code/PUSH_BUTTON_SEND.o
 .debug_info    0x0000926b      0x6c8 ./Generated_Code/T_100ms.o
 .debug_info    0x00009933      0x63b ./Generated_Code/T_500ms.o
 .debug_info    0x00009f6e      0x116 ./Generated_Code/Vectors.o
 .debug_info    0x0000a084      0x14f ./Generated_Code/WAIT1.o

.debug_abbrev   0x00000000     0x2fb4
 .debug_abbrev  0x00000000      0x204 ./Sources/Events.o
 .debug_abbrev  0x00000204      0x109 ./Sources/LCD.o
 .debug_abbrev  0x0000030d       0xaa ./Sources/PCA9670.o
 .debug_abbrev  0x000003b7      0x1ce ./Sources/display.o
 .debug_abbrev  0x00000585      0x13f ./Sources/main.o
 .debug_abbrev  0x000006c4      0x11b ./Sources/menu.o
 .debug_abbrev  0x000007df      0x1ad ./Sources/protocol.o
 .debug_abbrev  0x0000098c      0x11e ./Project_Settings/Startup_Code/startup.o
 .debug_abbrev  0x00000aaa      0x1d6 ./Generated_Code/AS1.o
 .debug_abbrev  0x00000c80      0x1db ./Generated_Code/ASerialLdd1.o
 .debug_abbrev  0x00000e5b      0x15f ./Generated_Code/BitIoLdd1.o
 .debug_abbrev  0x00000fba      0x15f ./Generated_Code/BitIoLdd2.o
 .debug_abbrev  0x00001119      0x15f ./Generated_Code/BitIoLdd3.o
 .debug_abbrev  0x00001278      0x15f ./Generated_Code/BitIoLdd4.o
 .debug_abbrev  0x000013d7      0x15f ./Generated_Code/BitIoLdd5.o
 .debug_abbrev  0x00001536      0x15f ./Generated_Code/BitIoLdd6.o
 .debug_abbrev  0x00001695      0x136 ./Generated_Code/BitIoLdd7.o
 .debug_abbrev  0x000017cb      0x178 ./Generated_Code/Cpu.o
 .debug_abbrev  0x00001943      0x1ba ./Generated_Code/ENCODER.o
 .debug_abbrev  0x00001afd       0x68 ./Generated_Code/ENCODER_PUSH.o
 .debug_abbrev  0x00001b65      0x15d ./Generated_Code/ExtIntLdd1.o
 .debug_abbrev  0x00001cc2      0x15d ./Generated_Code/ExtIntLdd2.o
 .debug_abbrev  0x00001e1f      0x15d ./Generated_Code/ExtIntLdd3.o
 .debug_abbrev  0x00001f7c      0x15d ./Generated_Code/ExtIntLdd4.o
 .debug_abbrev  0x000020d9      0x15d ./Generated_Code/ExtIntLdd5.o
 .debug_abbrev  0x00002236      0x179 ./Generated_Code/I2C0.o
 .debug_abbrev  0x000023af      0x15c ./Generated_Code/IFsh1.o
 .debug_abbrev  0x0000250b      0x239 ./Generated_Code/IntFlashLdd1.o
 .debug_abbrev  0x00002744      0x18b ./Generated_Code/IntI2cLdd1.o
 .debug_abbrev  0x000028cf       0x68 ./Generated_Code/LEVER_DIR1.o
 .debug_abbrev  0x00002937       0x68 ./Generated_Code/LEVER_DIR2.o
 .debug_abbrev  0x0000299f      0x10d ./Generated_Code/PE_LDD.o
 .debug_abbrev  0x00002aac       0x68 ./Generated_Code/PUSH_BUTTON_REC.o
 .debug_abbrev  0x00002b14       0x68 ./Generated_Code/PUSH_BUTTON_SEND.o
 .debug_abbrev  0x00002b7c      0x179 ./Generated_Code/T_100ms.o
 .debug_abbrev  0x00002cf5      0x16a ./Generated_Code/T_500ms.o
 .debug_abbrev  0x00002e5f       0xa4 ./Generated_Code/Vectors.o
 .debug_abbrev  0x00002f03       0xb1 ./Generated_Code/WAIT1.o

.debug_aranges  0x00000000      0xa98
 .debug_aranges
                0x00000000       0xb0 ./Sources/Events.o
 .debug_aranges
                0x000000b0       0x88 ./Sources/LCD.o
 .debug_aranges
                0x00000138       0x28 ./Sources/PCA9670.o
 .debug_aranges
                0x00000160       0xb0 ./Sources/display.o
 .debug_aranges
                0x00000210       0x20 ./Sources/main.o
 .debug_aranges
                0x00000230       0x58 ./Sources/menu.o
 .debug_aranges
                0x00000288       0x48 ./Sources/protocol.o
 .debug_aranges
                0x000002d0       0x50 ./Project_Settings/Startup_Code/startup.o
 .debug_aranges
                0x00000320       0x90 ./Generated_Code/AS1.o
 .debug_aranges
                0x000003b0       0x50 ./Generated_Code/ASerialLdd1.o
 .debug_aranges
                0x00000400       0x48 ./Generated_Code/BitIoLdd1.o
 .debug_aranges
                0x00000448       0x48 ./Generated_Code/BitIoLdd2.o
 .debug_aranges
                0x00000490       0x48 ./Generated_Code/BitIoLdd3.o
 .debug_aranges
                0x000004d8       0x48 ./Generated_Code/BitIoLdd4.o
 .debug_aranges
                0x00000520       0x48 ./Generated_Code/BitIoLdd5.o
 .debug_aranges
                0x00000568       0x48 ./Generated_Code/BitIoLdd6.o
 .debug_aranges
                0x000005b0       0x40 ./Generated_Code/BitIoLdd7.o
 .debug_aranges
                0x000005f0       0x40 ./Generated_Code/Cpu.o
 .debug_aranges
                0x00000630       0x60 ./Generated_Code/ENCODER.o
 .debug_aranges
                0x00000690       0x20 ./Generated_Code/ENCODER_PUSH.o
 .debug_aranges
                0x000006b0       0x30 ./Generated_Code/ExtIntLdd1.o
 .debug_aranges
                0x000006e0       0x30 ./Generated_Code/ExtIntLdd2.o
 .debug_aranges
                0x00000710       0x30 ./Generated_Code/ExtIntLdd3.o
 .debug_aranges
                0x00000740       0x30 ./Generated_Code/ExtIntLdd4.o
 .debug_aranges
                0x00000770       0x30 ./Generated_Code/ExtIntLdd5.o
 .debug_aranges
                0x000007a0       0x68 ./Generated_Code/I2C0.o
 .debug_aranges
                0x00000808       0x60 ./Generated_Code/IFsh1.o
 .debug_aranges
                0x00000868       0x68 ./Generated_Code/IntFlashLdd1.o
 .debug_aranges
                0x000008d0       0x60 ./Generated_Code/IntI2cLdd1.o
 .debug_aranges
                0x00000930       0x20 ./Generated_Code/LEVER_DIR1.o
 .debug_aranges
                0x00000950       0x20 ./Generated_Code/LEVER_DIR2.o
 .debug_aranges
                0x00000970       0x30 ./Generated_Code/PE_LDD.o
 .debug_aranges
                0x000009a0       0x20 ./Generated_Code/PUSH_BUTTON_REC.o
 .debug_aranges
                0x000009c0       0x20 ./Generated_Code/PUSH_BUTTON_SEND.o
 .debug_aranges
                0x000009e0       0x38 ./Generated_Code/T_100ms.o
 .debug_aranges
                0x00000a18       0x28 ./Generated_Code/T_500ms.o
 .debug_aranges
                0x00000a40       0x18 ./Generated_Code/Vectors.o
 .debug_aranges
                0x00000a58       0x40 ./Generated_Code/WAIT1.o

.debug_ranges   0x00000000      0x830
 .debug_ranges  0x00000000       0xa0 ./Sources/Events.o
 .debug_ranges  0x000000a0       0x78 ./Sources/LCD.o
 .debug_ranges  0x00000118       0x18 ./Sources/PCA9670.o
 .debug_ranges  0x00000130       0xa0 ./Sources/display.o
 .debug_ranges  0x000001d0       0x10 ./Sources/main.o
 .debug_ranges  0x000001e0       0x48 ./Sources/menu.o
 .debug_ranges  0x00000228       0x38 ./Sources/protocol.o
 .debug_ranges  0x00000260       0x40 ./Project_Settings/Startup_Code/startup.o
 .debug_ranges  0x000002a0       0x80 ./Generated_Code/AS1.o
 .debug_ranges  0x00000320       0x40 ./Generated_Code/ASerialLdd1.o
 .debug_ranges  0x00000360       0x38 ./Generated_Code/BitIoLdd1.o
 .debug_ranges  0x00000398       0x38 ./Generated_Code/BitIoLdd2.o
 .debug_ranges  0x000003d0       0x38 ./Generated_Code/BitIoLdd3.o
 .debug_ranges  0x00000408       0x38 ./Generated_Code/BitIoLdd4.o
 .debug_ranges  0x00000440       0x38 ./Generated_Code/BitIoLdd5.o
 .debug_ranges  0x00000478       0x38 ./Generated_Code/BitIoLdd6.o
 .debug_ranges  0x000004b0       0x30 ./Generated_Code/BitIoLdd7.o
 .debug_ranges  0x000004e0       0x30 ./Generated_Code/Cpu.o
 .debug_ranges  0x00000510       0x50 ./Generated_Code/ENCODER.o
 .debug_ranges  0x00000560       0x10 ./Generated_Code/ENCODER_PUSH.o
 .debug_ranges  0x00000570       0x20 ./Generated_Code/ExtIntLdd1.o
 .debug_ranges  0x00000590       0x20 ./Generated_Code/ExtIntLdd2.o
 .debug_ranges  0x000005b0       0x20 ./Generated_Code/ExtIntLdd3.o
 .debug_ranges  0x000005d0       0x20 ./Generated_Code/ExtIntLdd4.o
 .debug_ranges  0x000005f0       0x20 ./Generated_Code/ExtIntLdd5.o
 .debug_ranges  0x00000610       0x58 ./Generated_Code/I2C0.o
 .debug_ranges  0x00000668       0x50 ./Generated_Code/IFsh1.o
 .debug_ranges  0x000006b8       0x58 ./Generated_Code/IntFlashLdd1.o
 .debug_ranges  0x00000710       0x50 ./Generated_Code/IntI2cLdd1.o
 .debug_ranges  0x00000760       0x10 ./Generated_Code/LEVER_DIR1.o
 .debug_ranges  0x00000770       0x10 ./Generated_Code/LEVER_DIR2.o
 .debug_ranges  0x00000780       0x20 ./Generated_Code/PE_LDD.o
 .debug_ranges  0x000007a0       0x10 ./Generated_Code/PUSH_BUTTON_REC.o
 .debug_ranges  0x000007b0       0x10 ./Generated_Code/PUSH_BUTTON_SEND.o
 .debug_ranges  0x000007c0       0x28 ./Generated_Code/T_100ms.o
 .debug_ranges  0x000007e8       0x18 ./Generated_Code/T_500ms.o
 .debug_ranges  0x00000800       0x30 ./Generated_Code/WAIT1.o

.debug_macro    0x00000000    0x28c4d
 .debug_macro   0x00000000      0x414 ./Sources/Events.o
 .debug_macro   0x00000414      0x84a ./Sources/Events.o
 .debug_macro   0x00000c5e       0x16 ./Sources/Events.o
 .debug_macro   0x00000c74       0x44 ./Sources/Events.o
 .debug_macro   0x00000cb8      0x209 ./Sources/Events.o
 .debug_macro   0x00000ec1     0x182b ./Sources/Events.o
 .debug_macro   0x000026ec      0x14e ./Sources/Events.o
 .debug_macro   0x0000283a       0x6a ./Sources/Events.o
 .debug_macro   0x000028a4     0xd4f6 ./Sources/Events.o
 .debug_macro   0x0000fd9a       0x94 ./Sources/Events.o
 .debug_macro   0x0000fe2e       0x94 ./Sources/Events.o
 .debug_macro   0x0000fec2      0x12c ./Sources/Events.o
 .debug_macro   0x0000ffee       0x46 ./Sources/Events.o
 .debug_macro   0x00010034       0x26 ./Sources/Events.o
 .debug_macro   0x0001005a      0x6a6 ./Sources/Events.o
 .debug_macro   0x00010700       0x51 ./Sources/Events.o
 .debug_macro   0x00010751       0x4c ./Sources/Events.o
 .debug_macro   0x0001079d       0x26 ./Sources/Events.o
 .debug_macro   0x000107c3       0x4c ./Sources/Events.o
 .debug_macro   0x0001080f       0x26 ./Sources/Events.o
 .debug_macro   0x00010835       0x4c ./Sources/Events.o
 .debug_macro   0x00010881       0x26 ./Sources/Events.o
 .debug_macro   0x000108a7       0x4c ./Sources/Events.o
 .debug_macro   0x000108f3       0x26 ./Sources/Events.o
 .debug_macro   0x00010919      0x4ea ./Sources/Events.o
 .debug_macro   0x00010e03       0xa5 ./Sources/Events.o
 .debug_macro   0x00010ea8       0x34 ./Sources/Events.o
 .debug_macro   0x00010edc       0x34 ./Sources/Events.o
 .debug_macro   0x00010f10       0x34 ./Sources/Events.o
 .debug_macro   0x00010f44       0x67 ./Sources/Events.o
 .debug_macro   0x00010fab       0x5f ./Sources/Events.o
 .debug_macro   0x0001100a       0x12 ./Sources/Events.o
 .debug_macro   0x0001101c       0x34 ./Sources/Events.o
 .debug_macro   0x00011050       0x34 ./Sources/Events.o
 .debug_macro   0x00011084       0x6c ./Sources/Events.o
 .debug_macro   0x000110f0       0x20 ./Sources/Events.o
 .debug_macro   0x00011110      0x512 ./Sources/Events.o
 .debug_macro   0x00011622      0x1f9 ./Sources/Events.o
 .debug_macro   0x0001181b       0xd1 ./Sources/Events.o
 .debug_macro   0x000118ec       0x1f ./Sources/Events.o
 .debug_macro   0x0001190b       0x4c ./Sources/Events.o
 .debug_macro   0x00011957       0x26 ./Sources/Events.o
 .debug_macro   0x0001197d       0x22 ./Sources/Events.o
 .debug_macro   0x0001199f       0x22 ./Sources/Events.o
 .debug_macro   0x000119c1       0x37 ./Sources/Events.o
 .debug_macro   0x000119f8       0x46 ./Sources/Events.o
 .debug_macro   0x00011a3e       0x1f ./Sources/Events.o
 .debug_macro   0x00011a5d       0x2e ./Sources/Events.o
 .debug_macro   0x00011a8b       0x58 ./Sources/Events.o
 .debug_macro   0x00011ae3       0x35 ./Sources/Events.o
 .debug_macro   0x00011b18       0xa3 ./Sources/Events.o
 .debug_macro   0x00011bbb       0x16 ./Sources/Events.o
 .debug_macro   0x00011bd1       0x97 ./Sources/Events.o
 .debug_macro   0x00011c68       0x10 ./Sources/Events.o
 .debug_macro   0x00011c78       0xef ./Sources/Events.o
 .debug_macro   0x00011d67       0x52 ./Sources/Events.o
 .debug_macro   0x00011db9       0x16 ./Sources/Events.o
 .debug_macro   0x00011dcf       0x43 ./Sources/Events.o
 .debug_macro   0x00011e12      0x180 ./Sources/Events.o
 .debug_macro   0x00011f92       0x10 ./Sources/Events.o
 .debug_macro   0x00011fa2       0x22 ./Sources/Events.o
 .debug_macro   0x00011fc4       0xbd ./Sources/Events.o
 .debug_macro   0x00012081       0x16 ./Sources/Events.o
 .debug_macro   0x00012097      0x14a ./Sources/Events.o
 .debug_macro   0x000121e1      0x2a6 ./Sources/Events.o
 .debug_macro   0x00012487       0x10 ./Sources/Events.o
 .debug_macro   0x00012497       0x35 ./Sources/Events.o
 .debug_macro   0x000124cc       0x52 ./Sources/Events.o
 .debug_macro   0x0001251e      0x2f6 ./Sources/LCD.o