Archive member included because of file (symbol)

c:/freescale/kds_v3/toolchain/bin/../lib/gcc/arm-none-eabi/4.8.4/../../../../arm-none-eabi/lib/armv7e-m\libm.a(lib_a-s_round.o)
                              ./Sources/display.o (round)
c:/freescale/kds_v3/toolchain/bin/../lib/gcc/arm-none-eabi/4.8.4/../../../../arm-none-eabi/lib/armv7e-m\libm.a(lib_a-w_pow.o)
                              ./Sources/display.o (pow)
c:/freescale/kds_v3/toolchain/bin/../lib/gcc/arm-none-eabi/4.8.4/../../../../arm-none-eabi/lib/armv7e-m\libm.a(lib_a-e_pow.o)
                              c:/freescale/kds_v3/toolchain/bin/../lib/gcc/arm-none-eabi/4.8.4/../../../../arm-none-eabi/lib/armv7e-m\libm.a(lib_a-w_pow.o) (__ieee754_pow)
c:/freescale/kds_v3/toolchain/bin/../lib/gcc/arm-none-eabi/4.8.4/../../../../arm-none-eabi/lib/armv7e-m\libm.a(lib_a-e_sqrt.o)
                              c:/freescale/kds_v3/toolchain/bin/../lib/gcc/arm-none-eabi/4.8.4/../../../../arm-none-eabi/lib/armv7e-m\libm.a(lib_a-e_pow.o) (__ieee754_sqrt)
c:/freescale/kds_v3/toolchain/bin/../lib/gcc/arm-none-eabi/4.8.4/../../../../arm-none-eabi/lib/armv7e-m\libm.a(lib_a-s_fabs.o)
                              c:/freescale/kds_v3/toolchain/bin/../lib/gcc/arm-none-eabi/4.8.4/../../../../arm-none-eabi/lib/armv7e-m\libm.a(lib_a-e_pow.o) (fabs)
c:/freescale/kds_v3/toolchain/bin/../lib/gcc/arm-none-eabi/4.8.4/../../../../arm-none-eabi/lib/armv7e-m\libm.a(lib_a-s_finite.o)
                              c:/freescale/kds_v3/toolchain/bin/../lib/gcc/arm-none-eabi/4.8.4/../../../../arm-none-eabi/lib/armv7e-m\libm.a(lib_a-w_pow.o) (finite)
c:/freescale/kds_v3/toolchain/bin/../lib/gcc/arm-none-eabi/4.8.4/../../../../arm-none-eabi/lib/armv7e-m\libm.a(lib_a-s_fpclassify.o)
                              c:/freescale/kds_v3/toolchain/bin/../lib/gcc/arm-none-eabi/4.8.4/../../../../arm-none-eabi/lib/armv7e-m\libm.a(lib_a-w_pow.o) (__fpclassifyd)
c:/freescale/kds_v3/toolchain/bin/../lib/gcc/arm-none-eabi/4.8.4/../../../../arm-none-eabi/lib/armv7e-m\libm.a(lib_a-s_lib_ver.o)
                              c:/freescale/kds_v3/toolchain/bin/../lib/gcc/arm-none-eabi/4.8.4/../../../../arm-none-eabi/lib/armv7e-m\libm.a(lib_a-w_pow.o) (__fdlib_version)
c:/freescale/kds_v3/toolchain/bin/../lib/gcc/arm-none-eabi/4.8.4/../../../../arm-none-eabi/lib/armv7e-m\libm.a(lib_a-s_matherr.o)
                              c:/freescale/kds_v3/toolchain/bin/../lib/gcc/arm-none-eabi/4.8.4/../../../../arm-none-eabi/lib/armv7e-m\libm.a(lib_a-w_pow.o) (matherr)
c:/freescale/kds_v3/toolchain/bin/../lib/gcc/arm-none-eabi/4.8.4/../../../../arm-none-eabi/lib/armv7e-m\libm.a(lib_a-s_nan.o)
                              c:/freescale/kds_v3/toolchain/bin/../lib/gcc/arm-none-eabi/4.8.4/../../../../arm-none-eabi/lib/armv7e-m\libm.a(lib_a-e_pow.o) (nan)
c:/freescale/kds_v3/toolchain/bin/../lib/gcc/arm-none-eabi/4.8.4/../../../../arm-none-eabi/lib/armv7e-m\libm.a(lib_a-s_rint.o)
                              c:/freescale/kds_v3/toolchain/bin/../lib/gcc/arm-none-eabi/4.8.4/../../../../arm-none-eabi/lib/armv7e-m\libm.a(lib_a-w_pow.o) (rint)
c:/freescale/kds_v3/toolchain/bin/../lib/gcc/arm-none-eabi/4.8.4/../../../../arm-none-eabi/lib/armv7e-m\libm.a(lib_a-s_scalbn.o)
                              c:/freescale/kds_v3/toolchain/bin/../lib/gcc/arm-none-eabi/4.8.4/../../../../arm-none-eabi/lib/armv7e-m\libm.a(lib_a-e_pow.o) (scalbn)
c:/freescale/kds_v3/toolchain/bin/../lib/gcc/arm-none-eabi/4.8.4/../../../../arm-none-eabi/lib/armv7e-m\libm.a(lib_a-s_copysign.o)
                              c:/freescale/kds_v3/toolchain/bin/../lib/gcc/arm-none-eabi/4.8.4/../../../../arm-none-eabi/lib/armv7e-m\libm.a(lib_a-s_scalbn.o) (copysign)
c:/freescale/kds_v3/toolchain/bin/../lib/gcc/arm-none-eabi/4.8.4/armv7e-m\libgcc.a(_arm_addsubdf3.o)
                              c:/freescale/kds_v3/toolchain/bin/../lib/gcc/arm-none-eabi/4.8.4/../../../../arm-none-eabi/lib/armv7e-m\libm.a(lib_a-e_pow.o) (__aeabi_dsub)
c:/freescale/kds_v3/toolchain/bin/../lib/gcc/arm-none-eabi/4.8.4/armv7e-m\libgcc.a(_arm_muldivdf3.o)
                              ./Sources/display.o (__aeabi_dmul)
c:/freescale/kds_v3/toolchain/bin/../lib/gcc/arm-none-eabi/4.8.4/armv7e-m\libgcc.a(_arm_cmpdf2.o)
                              c:/freescale/kds_v3/toolchain/bin/../lib/gcc/arm-none-eabi/4.8.4/../../../../arm-none-eabi/lib/armv7e-m\libm.a(lib_a-w_pow.o) (__aeabi_dcmpeq)
c:/freescale/kds_v3/toolchain/bin/../lib/gcc/arm-none-eabi/4.8.4/armv7e-m\libgcc.a(_arm_fixdfsi.o)
                              ./Sources/display.o (__aeabi_d2iz)
c:/freescale/kds_v3/toolchain/bin/../lib/gcc/arm-none-eabi/4.8.4/armv7e-m\libgcc.a(_arm_addsubsf3.o)
                              ./Sources/Events.o (__aeabi_fsub)
c:/freescale/kds_v3/toolchain/bin/../lib/gcc/arm-none-eabi/4.8.4/armv7e-m\libgcc.a(_arm_cmpsf2.o)
                              ./Sources/display.o (__aeabi_fcmpeq)
c:/freescale/kds_v3/toolchain/bin/../lib/gcc/arm-none-eabi/4.8.4/armv7e-m\libgcc.a(_arm_fixsfsi.o)
[...]
Memory Configuration

Name             Origin             Length             Attributes
m_interrupts     0x00000000         0x000001bc         xr
m_text           0x00000410         0x00030000         xr
m_data           0x1fff8000         0x00008000         rw
m_data_20000000  0x20000000         0x00008000         rw
m_cfmprotrom     0x00000400         0x00000010         xr
*default*        0x00000000         0xffffffff

Linker script and memory map

LOAD c:/freescale/kds_v3/toolchain/bin/../lib/gcc/arm-none-eabi/4.8.4/armv7e-m/crti.o
LOAD c:/freescale/kds_v3/toolchain/bin/../lib/gcc/arm-none-eabi/4.8.4/armv7e-m/crtbegin.o
LOAD c:/freescale/kds_v3/toolchain/bin/../lib/gcc/arm-none-eabi/4.8.4/../../../../arm-none-eabi/lib/armv7e-m/crt0.o
LOAD ./Sources/Events.o
LOAD ./Sources/LCD.o
LOAD ./Sources/PCA9670.o
LOAD ./Sources/cue.o
LOAD ./Sources/display.o
LOAD ./Sources/eeprom.o
LOAD ./Sources/encoder_variable.o
LOAD ./Sources/main.o
LOAD ./Sources/menu.o
LOAD ./Sources/parameters.o
LOAD ./Sources/protocol.o
LOAD ./Sources/send.o
LOAD ./Project_Settings/Startup_Code/startup.o
LOAD ./Generated_Code/AS1.o
LOAD ./Generated_Code/ASerialLdd1.o
LOAD ./Generated_Code/BitIoLdd1.o
LOAD ./Generated_Code/BitIoLdd2.o
LOAD ./Generated_Code/BitIoLdd3.o
LOAD ./Generated_Code/BitIoLdd4.o
LOAD ./Generated_Code/BitIoLdd5.o
LOAD ./Generated_Code/BitIoLdd6.o
LOAD ./Generated_Code/BitIoLdd7.o
LOAD ./Generated_Code/BitIoLdd8.o
LOAD ./Generated_Code/CS1.o
LOAD ./Generated_Code/Cpu.o
LOAD ./Generated_Code/ENCODER.o
LOAD ./Generated_Code/ENCODER_PUSH.o
LOAD ./Generated_Code/ExtIntLdd1.o
LOAD ./Generated_Code/ExtIntLdd2.o
LOAD ./Generated_Code/ExtIntLdd3.o
LOAD ./Generated_Code/ExtIntLdd4.o
LOAD ./Generated_Code/ExtIntLdd5.o
LOAD ./Generated_Code/I2C0.o
LOAD ./Generated_Code/IFsh1.o
LOAD ./Generated_Code/IntFlashLdd1.o
LOAD ./Generated_Code/IntI2cLdd1.o
LOAD ./Generated_Code/KSDK1.o
LOAD ./Generated_Code/LCD_CTR.o
LOAD ./Generated_Code/LCD_EN.o
LOAD ./Generated_Code/LED_DEBUG.o
LOAD ./Generated_Code/LED_MOTOR_MOVE.o
LOAD ./Generated_Code/LED_STATUS_1.o
LOAD ./Generated_Code/LED_STATUS_2.o
LOAD ./Generated_Code/LED_STATUS_3.o
LOAD ./Generated_Code/LED_STATUS_4.o
LOAD ./Generated_Code/LEVER_DIR1.o
LOAD ./Generated_Code/LEVER_DIR2.o
LOAD ./Generated_Code/PCA.o
LOAD ./Generated_Code/PE_LDD.o
LOAD ./Generated_Code/PUSH_BUTTON_REC.o
LOAD ./Generated_Code/PUSH_BUTTON_SEND.o
LOAD ./Generated_Code/TU1.o
LOAD ./Generated_Code/T_100ms.o
LOAD ./Generated_Code/T_500ms.o
LOAD ./Generated_Code/Vectors.o
LOAD ./Generated_Code/WAIT1.o
LOAD ./.metadata/.plugins/org.eclipse.cdt.make.core/specs.o
LOAD c:/freescale/kds_v3/toolchain/bin/../lib/gcc/arm-none-eabi/4.8.4/../../../../arm-none-eabi/lib/armv7e-m\libstdc++_s.a
LOAD c:/freescale/kds_v3/toolchain/bin/../lib/gcc/arm-none-eabi/4.8.4/../../../../arm-none-eabi/lib/armv7e-m\libm.a
START GROUP
LOAD c:/freescale/kds_v3/toolchain/bin/../lib/gcc/arm-none-eabi/4.8.4/armv7e-m\libgcc.a
LOAD c:/freescale/kds_v3/toolchain/bin/../lib/gcc/arm-none-eabi/4.8.4/../../../../arm-none-eabi/lib/armv7e-m\libg_s.a
LOAD c:/freescale/kds_v3/toolchain/bin/../lib/gcc/arm-none-eabi/4.8.4/../../../../arm-none-eabi/lib/armv7e-m\libc_s.a
END GROUP
START GROUP
LOAD c:/freescale/kds_v3/toolchain/bin/../lib/gcc/arm-none-eabi/4.8.4/armv7e-m\libgcc.a
LOAD c:/freescale/kds_v3/toolchain/bin/../lib/gcc/arm-none-eabi/4.8.4/../../../../arm-none-eabi/lib/armv7e-m\libc_s.a
LOAD c:/freescale/kds_v3/toolchain/bin/../lib/gcc/arm-none-eabi/4.8.4/../../../../arm-none-eabi/lib/armv7e-m\libnosys.a
END GROUP
START GROUP
LOAD c:/freescale/kds_v3/toolchain/bin/../lib/gcc/arm-none-eabi/4.8.4/armv7e-m\libgcc.a
LOAD c:/freescale/kds_v3/toolchain/bin/../lib/gcc/arm-none-eabi/4.8.4/../../../../arm-none-eabi/lib/armv7e-m\libc_s.a
LOAD c:/freescale/kds_v3/toolchain/bin/../lib/gcc/arm-none-eabi/4.8.4/../../../../arm-none-eabi/lib/armv7e-m\libnosys.a
END GROUP
LOAD c:/freescale/kds_v3/toolchain/bin/../lib/gcc/arm-none-eabi/4.8.4/armv7e-m/crtend.o
LOAD c:/freescale/kds_v3/toolchain/bin/../lib/gcc/arm-none-eabi/4.8.4/armv7e-m/crtn.o
                0x20000000                _estack = 0x20000000
                0x20000000                __SP_INIT = _estack
                0x20000000                __stack = _estack
                0x00000000                __heap_size = 0x0
                0x00000400                __stack_size = 0x400

.interrupts     0x00000000      0x1bc
                0x00000000                __vector_table = .
                0x00000000                . = ALIGN (0x4)
 *(.vectortable)
 .vectortable   0x00000000      0x1bc ./Generated_Code/Vectors.o
                0x00000000                __vect_table
                0x000001bc                . = ALIGN (0x4)

.cfmprotect     0x00000400       0x10
                0x00000400                . = ALIGN (0x4)
 *(.cfmconfig)
 .cfmconfig     0x00000400       0x10 ./Generated_Code/Cpu.o
                0x00000400                _cfm
                0x00000410                . = ALIGN (0x4)

.text           0x00000410     0xf8c4
                0x00000410                . = ALIGN (0x4)
 *(.text)
 .text          0x00000410       0x54 c:/freescale/kds_v3/toolchain/bin/../lib/gcc/arm-none-eabi/4.8.4/armv7e-m/crtbegin.o
 .text          0x00000464       0x74 c:/freescale/kds_v3/toolchain/bin/../lib/gcc/arm-none-eabi/4.8.4/../../../../arm-none-eabi/lib/armv7e-m/crt0.o
                0x00000464                _start
                0x00000464                _mainCRTStartup
 .text          0x000004d8      0x370 c:/freescale/kds_v3/toolchain/bin/../lib/gcc/arm-none-eabi/4.8.4/armv7e-m\libgcc.a(_arm_addsubdf3.o)
                0x000004d8                __aeabi_drsub
                0x000004e0                __aeabi_dsub
                0x000004e0                __subdf3
                0x000004e4                __aeabi_dadd
                0x000004e4                __adddf3
                0x0000075c                __floatunsidf
                0x0000075c                __aeabi_ui2d
                0x0000077c                __floatsidf
                0x0000077c                __aeabi_i2d
                0x000007a0                __aeabi_f2d
                0x000007a0                __extendsfdf2
                0x000007dc                __floatundidf
                0x000007dc                __aeabi_ul2d
                0x000007ec                __floatdidf
                0x000007ec                __aeabi_l2d
 .text          0x00000848      0x424 c:/freescale/kds_v3/toolchain/bin/../lib/gcc/arm-none-eabi/4.8.4/armv7e-m\libgcc.a(_arm_muldivdf3.o)
                0x00000848                __aeabi_dmul
                0x00000848                __muldf3
                0x00000a9c                __divdf3
                0x00000a9c                __aeabi_ddiv
 .text          0x00000c6c      0x110 c:/freescale/kds_v3/toolchain/bin/../lib/gcc/arm-none-eabi/4.8.4/armv7e-m\libgcc.a(_arm_cmpdf2.o)
                0x00000c6c                __gtdf2
                0x00000c6c                __gedf2
                0x00000c74                __ltdf2
                0x00000c74                __ledf2
                0x00000c7c                __nedf2
                0x00000c7c                __eqdf2
                0x00000c7c                __cmpdf2
                0x00000cf8                __aeabi_cdrcmple
                0x00000d08                __aeabi_cdcmpeq
                0x00000d08                __aeabi_cdcmple
                0x00000d18                __aeabi_dcmpeq
                0x00000d2c                __aeabi_dcmplt
                0x00000d40                __aeabi_dcmple
                0x00000d54                __aeabi_dcmpge
                0x00000d68                __aeabi_dcmpgt
 .text          0x00000d7c       0x50 c:/freescale/kds_v3/toolchain/bin/../lib/gcc/arm-none-eabi/4.8.4/armv7e-m\libgcc.a(_arm_fixdfsi.o)
                0x00000d7c                __aeabi_d2iz
                0x00000d7c                __fixdfsi
 .text          0x00000dcc      0x21c c:/freescale/kds_v3/toolchain/bin/../lib/gcc/arm-none-eabi/4.8.4/armv7e-m\libgcc.a(_arm_addsubsf3.o)
                0x00000dcc                __aeabi_frsub
                0x00000dd4                __subsf3
                0x00000dd4                __aeabi_fsub
                0x00000dd8                __aeabi_fadd
                0x00000dd8                __addsf3
                0x00000f38                __aeabi_ui2f
                0x00000f38                __floatunsisf
                0x00000f40                __aeabi_i2f
                0x00000f40                __floatsisf
                0x00000f5c                __aeabi_ul2f
                0x00000f5c                __floatundisf
                0x00000f6c                __aeabi_l2f
                0x00000f6c                __floatdisf
 .text          0x00000fe8       0xec c:/freescale/kds_v3/toolchain/bin/../lib/gcc/arm-none-eabi/4.8.4/armv7e-m\libgcc.a(_arm_cmpsf2.o)
                0x00000fe8                __gesf2
                0x00000fe8                __gtsf2
                0x00000ff0                __lesf2
                0x00000ff0                __ltsf2
                0x00000ff8                __nesf2
                0x00000ff8                __eqsf2
                0x00000ff8                __cmpsf2
                0x00001058                __aeabi_cfrcmple
                0x00001060                __aeabi_cfcmpeq
                0x00001060                __aeabi_cfcmple
                0x00001070                __aeabi_fcmpeq
                0x00001084                __aeabi_fcmplt
                0x00001098                __aeabi_fcmple
                0x000010ac                __aeabi_fcmpge
                0x000010c0                __aeabi_fcmpgt
 .text          0x000010d4       0x4c c:/freescale/kds_v3/toolchain/bin/../lib/gcc/arm-none-eabi/4.8.4/armv7e-m\libgcc.a(_arm_fixsfsi.o)
                0x000010d4                __aeabi_f2iz
                0x000010d4                __fixsfsi
 .text          0x00001120       0x40 c:/freescale/kds_v3/toolchain/bin/../lib/gcc/arm-none-eabi/4.8.4/armv7e-m\libgcc.a(_arm_fixunssfsi.o)
                0x00001120                __fixunssfsi
                0x00001120                __aeabi_f2uiz
 .text          0x00001160      0xa1c c:/freescale/kds_v3/toolchain/bin/../lib/gcc/arm-none-eabi/4.8.4/armv7e-m\libgcc.a(unwind-arm.o)
                0x00001444                _Unwind_GetCFA
                0x00001448                __gnu_Unwind_RaiseException
                0x000014a8                __gnu_Unwind_ForcedUnwind
                0x000014bc                __gnu_Unwind_Resume
                0x00001500                __gnu_Unwind_Resume_or_Rethrow
                0x00001510                _Unwind_Complete
                0x00001514                _Unwind_DeleteException
                0x00001524                _Unwind_VRS_Get
                0x00001574                _Unwind_VRS_Set
                0x000015c4                __gnu_Unwind_Backtrace
                0x00001918                __aeabi_unwind_cpp_pr0
                0x00001920                __aeabi_unwind_cpp_pr1
                0x00001928                __aeabi_unwind_cpp_pr2
                0x00001930                _Unwind_VRS_Pop
 .text          0x00001b7c      0x1ac c:/freescale/kds_v3/toolchain/bin/../lib/gcc/arm-none-eabi/4.8.4/armv7e-m\libgcc.a(libunwind.o)
                0x00001b7c                __restore_core_regs
                0x00001b7c                restore_core_regs
                0x00001b94                __gnu_Unwind_Restore_VFP
                0x00001b9c                __gnu_Unwind_Save_VFP
                0x00001ba4                __gnu_Unwind_Restore_VFP_D
                0x00001bac                __gnu_Unwind_Save_VFP_D
                0x00001bb4                __gnu_Unwind_Restore_VFP_D_16_to_31
                0x00001bbc                __gnu_Unwind_Save_VFP_D_16_to_31
                0x00001bc4                __gnu_Unwind_Restore_WMMXD
                0x00001c08                __gnu_Unwind_Save_WMMXD
                0x00001c4c                __gnu_Unwind_Restore_WMMXC
                0x00001c60                __gnu_Unwind_Save_WMMXC
                0x00001c74                ___Unwind_RaiseException
                0x00001c74                _Unwind_RaiseException
                0x00001c98                _Unwind_Resume
                0x00001c98                ___Unwind_Resume
                0x00001cbc                _Unwind_Resume_or_Rethrow
                0x00001cbc                ___Unwind_Resume_or_Rethrow
                0x00001ce0                _Unwind_ForcedUnwind
                0x00001ce0                ___Unwind_ForcedUnwind
                0x00001d04                ___Unwind_Backtrace
                0x00001d04                _Unwind_Backtrace
 .text          0x00001d28      0x33c c:/freescale/kds_v3/toolchain/bin/../lib/gcc/arm-none-eabi/4.8.4/armv7e-m\libgcc.a(pr-support.o)
                0x00001d7c                __gnu_unwind_execute
                0x00002008                __gnu_unwind_frame
                0x00002034                _Unwind_GetRegionStart
                0x00002040                _Unwind_GetLanguageSpecificData
                0x00002054                _Unwind_GetDataRelBase
                0x0000205c                _Unwind_GetTextRelBase
 .text          0x00002064       0x14 c:/freescale/kds_v3/toolchain/bin/../lib/gcc/arm-none-eabi/4.8.4/../../../../arm-none-eabi/lib/armv7e-m\libg_s.a(lib_a-strcmp.o)
                0x00002064                strcmp
 *(.text*)
 .text.PUSH_BUTTON_REC_OnInterrupt
                0x00002078       0x18 ./Sources/Events.o
                0x00002078                PUSH_BUTTON_REC_OnInterrupt
 .text.PUSH_BUTTON_SEND_OnInterrupt
                0x00002090       0x18 ./Sources/Events.o
                0x00002090                PUSH_BUTTON_SEND_OnInterrupt
 .text.I2C0_OnReceiveData
                0x000020a8        0xc ./Sources/Events.o
                0x000020a8                I2C0_OnReceiveData
 .text.I2C0_OnTransmitData
                0x000020b4        0xc ./Sources/Events.o
                0x000020b4                I2C0_OnTransmitData
 .text.T_100ms_OnCounterRestart
                0x000020c0       0x48 ./Sources/Events.o
                0x000020c0                T_100ms_OnCounterRestart
 .text.LEVER_DIR1_OnInterrupt
                0x00002108       0x40 ./Sources/Events.o
                0x00002108                LEVER_DIR1_OnInterrupt
 .text.LEVER_DIR2_OnInterrupt
                0x00002148       0x40 ./Sources/Events.o
                0x00002148                LEVER_DIR2_OnInterrupt
 .text.ENCODER_PUSH_OnInterrupt
                0x00002188       0xe0 ./Sources/Events.o
                0x00002188                ENCODER_PUSH_OnInterrupt
 .text.ENCODER_OnPortEvent
                0x00002268       0xc0 ./Sources/Events.o
                0x00002268                ENCODER_OnPortEvent
 .text.T_500ms_OnCounterRestart
                0x00002328      0x114 ./Sources/Events.o
                0x00002328                T_500ms_OnCounterRestart
 .text.I2C0_OnArbitLost
                0x0000243c        0xc ./Sources/Events.o
                0x0000243c                I2C0_OnArbitLost
 .text.AS1_OnTxComplete
                0x00002448       0x14 ./Sources/Events.o
                0x00002448                AS1_OnTxComplete
 .text.AS1_OnError
                0x0000245c        0xc ./Sources/Events.o
                0x0000245c                AS1_OnError
 .text.AS1_OnRxChar
                0x00002468        0xc ./Sources/Events.o
                0x00002468                AS1_OnRxChar
 .text.AS1_OnRxCharExt
                0x00002474       0xa8 ./Sources/Events.o
                0x00002474                AS1_OnRxCharExt
 .text.AS1_OnTxChar
                0x0000251c        0xc ./Sources/Events.o
                0x0000251c                AS1_OnTxChar
 .text.AS1_OnFullRxBuf
                0x00002528       0x14 ./Sources/Events.o
                0x00002528                AS1_OnFullRxBuf
 .text.AS1_OnFreeTxBuf
                0x0000253c        0xc ./Sources/Events.o
                0x0000253c                AS1_OnFreeTxBuf
 .text.TU1_OnCounterRestart
                0x00002548       0x1c ./Sources/Events.o
                0x00002548                TU1_OnCounterRestart
 .text.LCD_Init
                0x00002564       0x50 ./Sources/LCD.o
                0x00002564                LCD_Init
 .text.LCD_command
                0x000025b4       0x30 ./Sources/LCD.o
                0x000025b4                LCD_command
 .text.LCD_Set_Cursor
                0x000025e4       0x58 ./Sources/LCD.o
                0x000025e4                LCD_Set_Cursor
 .text.LCD_Write
                0x0000263c       0x28 ./Sources/LCD.o
                0x0000263c                LCD_Write
 .text.load_custom_char
                0x00002664       0x50 ./Sources/LCD.o
                0x00002664                load_custom_char
 .text.LCD_Write_At
                0x000026b4       0x3c ./Sources/LCD.o
                0x000026b4                LCD_Write_At
 .text.LCD_Write_Block
                0x000026f0       0xa0 ./Sources/LCD.o
                0x000026f0                LCD_Write_Block
 .text.PCA9670_Init
                0x00002790       0x34 ./Sources/PCA9670.o
                0x00002790                PCA9670_Init
 .text.PCA9670_SendByte
                0x000027c4       0x3c ./Sources/PCA9670.o
                0x000027c4                PCA9670_SendByte
 .text.select_cue
                0x00002800      0x180 ./Sources/cue.o
                0x00002800                select_cue
 .text.vspfunc  0x00002980       0x30 ./Sources/display.o
                0x00002980                vspfunc
 .text.print_float_at
                0x000029b0      0x174 ./Sources/display.o
                0x000029b0                print_float_at
 .text.print_int_at
                0x00002b24       0xa0 ./Sources/display.o
                0x00002b24                print_int_at
 .text.print_cue_array
                0x00002bc4      0x1d0 ./Sources/display.o
                0x00002bc4                print_cue_array
 .text.print_all_cue
                0x00002d94      0x110 ./Sources/display.o
                0x00002d94                print_all_cue
 .text.load_char
                0x00002ea4       0xe8 ./Sources/display.o
                0x00002ea4                load_char
 .text.menu_init
                0x00002f8c       0x1c ./Sources/display.o
                0x00002f8c                menu_init
 .text.refresh  0x00002fa8       0x24 ./Sources/display.o
                0x00002fa8                refresh
 .text.select   0x00002fcc       0x24 ./Sources/display.o
                0x00002fcc                select
 .text.back     0x00002ff0       0x44 ./Sources/display.o
                0x00002ff0                back
 .text.controle_mode_display
                0x00003034       0x4c ./Sources/display.o
                0x00003034                controle_mode_display
 .text.control_mode_fct
                0x00003080       0x5c ./Sources/display.o
                0x00003080                control_mode_fct
 .text.update_icon_dir
                0x000030dc       0x74 ./Sources/display.o
                0x000030dc                update_icon_dir
 .text.update_icon_drive_enable
                0x00003150       0x38 ./Sources/display.o
                0x00003150                update_icon_drive_enable
 .text.select_setting
                0x00003188       0x94 ./Sources/display.o
                0x00003188                select_setting
 .text.refresh_fct
                0x0000321c       0xf0 ./Sources/display.o
                0x0000321c                refresh_fct
 .text.velocity_fct
                0x0000330c      0x494 ./Sources/display.o
                0x0000330c                velocity_fct
 .text.acceleration_fct
                0x000037a0      0x16c ./Sources/display.o
                0x000037a0                acceleration_fct
 .text.deceleration_fct
                0x0000390c      0x16c ./Sources/display.o
                0x0000390c                deceleration_fct
 .text.back_fct
                0x00003a78       0x30 ./Sources/display.o
                0x00003a78                back_fct
 .text.pos_position_fct
                0x00003aa8      0x3d0 ./Sources/display.o
                0x00003aa8                pos_position_fct
 .text.pos_velocity_fct
                0x00003e78      0x114 ./Sources/display.o
                0x00003e78                pos_velocity_fct
 .text.pos_acceleration_fct
                0x00003f8c      0x16c ./Sources/display.o
                0x00003f8c                pos_acceleration_fct
 .text.pos_deceleration_fct
                0x000040f8      0x16c ./Sources/display.o
                0x000040f8                pos_deceleration_fct
 .text.pos_set_home_fct
                0x00004264       0x8c ./Sources/display.o
                0x00004264                pos_set_home_fct
 .text.torque_fct
                0x000042f0      0x390 ./Sources/display.o
                0x000042f0                torque_fct
 .text.torque_rise_fct
                0x00004680      0x16c ./Sources/display.o
                0x00004680                torque_rise_fct
 .text.torque_fall_fct
                0x000047ec      0x168 ./Sources/display.o
                0x000047ec                torque_fall_fct
 .text.pos_play_cue_fct
                0x00004954      0x320 ./Sources/display.o
                0x00004954                pos_play_cue_fct
 .text.pos_rec_cue_fct
                0x00004c74      0x248 ./Sources/display.o
                0x00004c74                pos_rec_cue_fct
 .text.pos_mod_cue_fct
                0x00004ebc      0x328 ./Sources/display.o
                0x00004ebc                pos_mod_cue_fct
 .text.pos_del_cue_fct
                0x000051e4      0x334 ./Sources/display.o
                0x000051e4                pos_del_cue_fct
 .text.vel_play_cue_fct
                0x00005518      0x2b8 ./Sources/display.o
                0x00005518                vel_play_cue_fct
 .text.vel_rec_cue_fct
                0x000057d0      0x248 ./Sources/display.o
                0x000057d0                vel_rec_cue_fct
 .text.vel_mod_cue_fct
                0x00005a18      0x2b8 ./Sources/display.o
                0x00005a18                vel_mod_cue_fct
 .text.vel_del_cue_fct
                0x00005cd0      0x2c4 ./Sources/display.o
                0x00005cd0                vel_del_cue_fct
 .text.select_baud_rate_fct
                0x00005f94      0x120 ./Sources/display.o
                0x00005f94                select_baud_rate_fct
 .text.select_update_menu_fct
                0x000060b4      0x120 ./Sources/display.o
                0x000060b4                select_update_menu_fct
 .text.short_cut_position_menu
                0x000061d4       0x68 ./Sources/display.o
                0x000061d4                short_cut_position_menu
 .text._Z41__static_initialization_and_destruction_0ii
                0x0000623c      0x894 ./Sources/display.o
 .text._GLOBAL__sub_I_buffer
                0x00006ad0       0x10 ./Sources/display.o
 .text.load_cue
                0x00006ae0      0x10c ./Sources/eeprom.o
                0x00006ae0                load_cue
 .text.write_cue
                0x00006bec      0x168 ./Sources/eeprom.o
                0x00006bec                write_cue
 .text.erase_cue
                0x00006d54       0x58 ./Sources/eeprom.o
                0x00006d54                erase_cue
 .text.get_next_slot_free
                0x00006dac       0xd0 ./Sources/eeprom.o
                0x00006dac                get_next_slot_free
 .text.get_slot_saved
                0x00006e7c      0x114 ./Sources/eeprom.o
                0x00006e7c                get_slot_saved
 .text.get_cue_values
                0x00006f90       0xd4 ./Sources/eeprom.o
                0x00006f90                get_cue_values
 .text.main     0x00007064      0x7e4 ./Sources/main.o
                0x00007064                main
 .text.init_menu
                0x00007848       0x44 ./Sources/menu.o
                0x00007848                init_menu
 .text.init_sub_menu
                0x0000788c       0x68 ./Sources/menu.o
                0x0000788c                init_sub_menu
 .text.init_sub_menu2
                0x000078f4       0x48 ./Sources/menu.o
                0x000078f4                init_sub_menu2
 .text.init_menu_list
                0x0000793c       0x30 ./Sources/menu.o
                0x0000793c                init_menu_list
 .text.init_sub_menu_list
                0x0000796c       0x30 ./Sources/menu.o
                0x0000796c                init_sub_menu_list
 .text.init_sub_menu2_list
                0x0000799c       0x30 ./Sources/menu.o
                0x0000799c                init_sub_menu2_list
 .text.print_menu
                0x000079cc      0x158 ./Sources/menu.o
                0x000079cc                print_menu
 .text.print_sub_menu
                0x00007b24      0x178 ./Sources/menu.o
                0x00007b24                print_sub_menu
 .text.print_sub_menu2
                0x00007c9c      0x178 ./Sources/menu.o
                0x00007c9c                print_sub_menu2
 .text.menu_select
                0x00007e14      0x2b4 ./Sources/menu.o
                0x00007e14                menu_select
 .text.menu_back
                0x000080c8      0x37c ./Sources/menu.o
                0x000080c8                menu_back
 .text.refresh_menu
                0x00008444      0x174 ./Sources/menu.o
                0x00008444                refresh_menu
 .text.void_function
                0x000085b8        0xc ./Sources/menu.o
                0x000085b8                void_function
 .text.parameters_init
                0x000085c4       0xc0 ./Sources/parameters.o
                0x000085c4                parameters_init
 .text.convert  0x00008684       0x3c ./Sources/parameters.o
                0x00008684                convert
 .text.serial_send_block
                0x000086c0       0xdc ./Sources/protocol.o
                0x000086c0                serial_send_block
 .text.serial_send_float
                0x0000879c       0x30 ./Sources/protocol.o
                0x0000879c                serial_send_float
 .text.serial_send_int
                0x000087cc       0x30 ./Sources/protocol.o
                0x000087cc                serial_send_int
 .text.serial_send_string
                0x000087fc       0x58 ./Sources/protocol.o
                0x000087fc                serial_send_string
 .text.serial_send_char
                0x00008854       0x30 ./Sources/protocol.o
                0x00008854                serial_send_char
 .text.serial_send_end
                0x00008884       0x14 ./Sources/protocol.o
                0x00008884                serial_send_end
 .text.msg_parse
                0x00008898      0x1d4 ./Sources/protocol.o
                0x00008898                msg_parse
 .text.msg_processing
                0x00008a6c      0x2d8 ./Sources/protocol.o
                0x00008a6c                msg_processing
 .text.select_baud_rate
                0x00008d44       0x1c ./Sources/protocol.o
                0x00008d44                select_baud_rate
 .text.Send_Control_Mode
                0x00008d60       0x30 ./Sources/send.o
                0x00008d60                Send_Control_Mode
 .text.send_fct
                0x00008d90      0x3f4 ./Sources/send.o
                0x00008d90                send_fct
 .text.get_update_drive_en
                0x00009184       0x24 ./Sources/send.o
                0x00009184                get_update_drive_en
 .text.get_update_value
                0x000091a8      0x180 ./Sources/send.o
                0x000091a8                get_update_value
 .text.send_stop
                0x00009328       0x34 ./Sources/send.o
                0x00009328                send_stop
 .text.send_velocity_cue
                0x0000935c       0x94 ./Sources/send.o
                0x0000935c                send_velocity_cue
 .text.send_position_cue
                0x000093f0       0xfc ./Sources/send.o
                0x000093f0                send_position_cue
 .text.velocity_processing
                0x000094ec       0x50 ./Sources/send.o
                0x000094ec                velocity_processing
 .text.velocity_ref_processing
                0x0000953c       0x50 ./Sources/send.o
                0x0000953c                velocity_ref_processing
 .text.acceleration_processing
                0x0000958c       0x50 ./Sources/send.o
                0x0000958c                acceleration_processing
 .text.deceleration_processing
                0x000095dc       0x50 ./Sources/send.o
                0x000095dc                deceleration_processing
 .text.torque_processing
                0x0000962c       0x44 ./Sources/send.o
                0x0000962c                torque_processing
 .text.torque_rise_processing
                0x00009670       0x44 ./Sources/send.o
                0x00009670                torque_rise_processing
 .text.torque_fall_processing
                0x000096b4       0x44 ./Sources/send.o
                0x000096b4                torque_fall_processing
 .text.control_mode_processing
                0x000096f8       0x78 ./Sources/send.o
                0x000096f8                control_mode_processing
 .text.drive_enable_processing
                0x00009770       0x24 ./Sources/send.o
                0x00009770                drive_enable_processing
 .text.__copy_rom_section
                0x00009794       0xe4 ./Project_Settings/Startup_Code/startup.o
                0x00009794                __copy_rom_section
 .text.__copy_rom_sections_to_ram
                0x00009878       0x9c ./Project_Settings/Startup_Code/startup.o
                0x00009878                __copy_rom_sections_to_ram
 .text.__init_registers
                0x00009914        0xc ./Project_Settings/Startup_Code/startup.o
                0x00009914                __init_registers
 .text.__init_user
                0x00009920        0xc ./Project_Settings/Startup_Code/startup.o
                0x00009920                __init_user
 .text.__thumb_startup
                0x0000992c       0x34 ./Project_Settings/Startup_Code/startup.o
                0x0000992c                __thumb_startup
 .text.HWEnDi   0x00009960       0x1c ./Generated_Code/AS1.o
 .text.AS1_SendChar
                0x0000997c       0xe0 ./Generated_Code/AS1.o
                0x0000997c                AS1_SendChar
 .text.AS1_SendBlock
                0x00009a5c      0x148 ./Generated_Code/AS1.o
                0x00009a5c                AS1_SendBlock
 .text.AS1_ClearRxBuf
                0x00009ba4       0x78 ./Generated_Code/AS1.o
                0x00009ba4                AS1_ClearRxBuf
 .text.AS1_SetBaudRateMode
                0x00009c1c       0x38 ./Generated_Code/AS1.o
                0x00009c1c                AS1_SetBaudRateMode
 .text.AS1_Init
                0x00009c54       0x60 ./Generated_Code/AS1.o
                0x00009c54                AS1_Init
 .text.ASerialLdd1_OnBlockReceived
                0x00009cb4       0xd4 ./Generated_Code/AS1.o
                0x00009cb4                ASerialLdd1_OnBlockReceived
 .text.ASerialLdd1_OnBlockSent
                0x00009d88       0xd8 ./Generated_Code/AS1.o
                0x00009d88                ASerialLdd1_OnBlockSent
 .text.ASerialLdd1_OnError
                0x00009e60       0x9c ./Generated_Code/AS1.o
                0x00009e60                ASerialLdd1_OnError
 .text.ASerialLdd1_OnTxComplete
                0x00009efc       0x14 ./Generated_Code/AS1.o
                0x00009efc                ASerialLdd1_OnTxComplete
 .text.ASerialLdd1_OnBreak
                0x00009f10       0x24 ./Generated_Code/AS1.o
                0x00009f10                ASerialLdd1_OnBreak
 .text.ASerialLdd1_Init
                0x00009f34      0x1d4 ./Generated_Code/ASerialLdd1.o
                0x00009f34                ASerialLdd1_Init
 .text.ASerialLdd1_ReceiveBlock
                0x0000a108       0x90 ./Generated_Code/ASerialLdd1.o
                0x0000a108                ASerialLdd1_ReceiveBlock
 .text.ASerialLdd1_SendBlock
                0x0000a198       0xbc ./Generated_Code/ASerialLdd1.o
                0x0000a198                ASerialLdd1_SendBlock
 .text.ASerialLdd1_SelectBaudRate
                0x0000a254       0x9c ./Generated_Code/ASerialLdd1.o
                0x0000a254                ASerialLdd1_SelectBaudRate
 .text.InterruptRx
                0x0000a2f0       0x58 ./Generated_Code/ASerialLdd1.o
 .text.InterruptTx
                0x0000a348       0x9c ./Generated_Code/ASerialLdd1.o
 .text.ASerialLdd1_Interrupt
                0x0000a3e4      0x130 ./Generated_Code/ASerialLdd1.o
                0x0000a3e4                ASerialLdd1_Interrupt
 .text.ASerialLdd1_GetError
                0x0000a514       0x70 ./Generated_Code/ASerialLdd1.o
                0x0000a514                ASerialLdd1_GetError
 .text.BitIoLdd1_Init
                0x0000a584       0x64 ./Generated_Code/BitIoLdd1.o
                0x0000a584                BitIoLdd1_Init
 .text.BitIoLdd2_Init
                0x0000a5e8       0x64 ./Generated_Code/BitIoLdd2.o
                0x0000a5e8                BitIoLdd2_Init
 .text.BitIoLdd2_ClrVal
                0x0000a64c       0x1c ./Generated_Code/BitIoLdd2.o
                0x0000a64c                BitIoLdd2_ClrVal
 .text.BitIoLdd2_SetVal
                0x0000a668       0x1c ./Generated_Code/BitIoLdd2.o
                0x0000a668                BitIoLdd2_SetVal
 .text.BitIoLdd3_Init
                0x0000a684       0x64 ./Generated_Code/BitIoLdd3.o
                0x0000a684                BitIoLdd3_Init
 .text.BitIoLdd3_ClrVal
                0x0000a6e8       0x1c ./Generated_Code/BitIoLdd3.o
                0x0000a6e8                BitIoLdd3_ClrVal
 .text.BitIoLdd3_SetVal
                0x0000a704       0x1c ./Generated_Code/BitIoLdd3.o
                0x0000a704                BitIoLdd3_SetVal
 .text.BitIoLdd4_Init
                0x0000a720       0x64 ./Generated_Code/BitIoLdd4.o
                0x0000a720                BitIoLdd4_Init
 .text.BitIoLdd4_ClrVal
                0x0000a784       0x1c ./Generated_Code/BitIoLdd4.o
                0x0000a784                BitIoLdd4_ClrVal
 .text.BitIoLdd4_SetVal
                0x0000a7a0       0x1c ./Generated_Code/BitIoLdd4.o
                0x0000a7a0                BitIoLdd4_SetVal
 .text.BitIoLdd5_Init
                0x0000a7bc       0x64 ./Generated_Code/BitIoLdd5.o
                0x0000a7bc                BitIoLdd5_Init
 .text.BitIoLdd5_ClrVal
                0x0000a820       0x1c ./Generated_Code/BitIoLdd5.o
                0x0000a820                BitIoLdd5_ClrVal
 .text.BitIoLdd6_Init
                0x0000a83c       0x64 ./Generated_Code/BitIoLdd6.o
                0x0000a83c                BitIoLdd6_Init
 .text.BitIoLdd6_ClrVal
                0x0000a8a0       0x20 ./Generated_Code/BitIoLdd6.o
                0x0000a8a0                BitIoLdd6_ClrVal
 .text.BitIoLdd6_SetVal
                0x0000a8c0       0x20 ./Generated_Code/BitIoLdd6.o
                0x0000a8c0                BitIoLdd6_SetVal
 .text.BitIoLdd7_Init
                0x0000a8e0       0x64 ./Generated_Code/BitIoLdd7.o
                0x0000a8e0                BitIoLdd7_Init
 .text.BitIoLdd7_ClrVal
                0x0000a944       0x1c ./Generated_Code/BitIoLdd7.o
                0x0000a944                BitIoLdd7_ClrVal
 .text.BitIoLdd7_SetVal
                0x0000a960       0x1c ./Generated_Code/BitIoLdd7.o
                0x0000a960                BitIoLdd7_SetVal
 .text.BitIoLdd8_Init
                0x0000a97c       0x64 ./Generated_Code/BitIoLdd8.o
                0x0000a97c                BitIoLdd8_Init
 .text.BitIoLdd8_ClrVal
                0x0000a9e0       0x1c ./Generated_Code/BitIoLdd8.o
                0x0000a9e0                BitIoLdd8_ClrVal
 .text.BitIoLdd8_SetVal
                0x0000a9fc       0x1c ./Generated_Code/BitIoLdd8.o
                0x0000a9fc                BitIoLdd8_SetVal
 .text.Cpu_ivINT_PORTC
                0x0000aa18       0x30 ./Generated_Code/Cpu.o
                0x0000aa18                Cpu_ivINT_PORTC
 .text.Cpu_ivINT_NMI
                0x0000aa48       0x18 ./Generated_Code/Cpu.o
                0x0000aa48                Cpu_ivINT_NMI
 .text.Cpu_ivINT_Hard_Fault
                0x0000aa60       0x18 ./Generated_Code/Cpu.o
                0x0000aa60                Cpu_ivINT_Hard_Fault
 .text.Cpu_ivINT_Mem_Manage_Fault
                0x0000aa78       0x18 ./Generated_Code/Cpu.o
                0x0000aa78                Cpu_ivINT_Mem_Manage_Fault
 .text.Cpu_ivINT_Bus_Fault
                0x0000aa90       0x18 ./Generated_Code/Cpu.o
                0x0000aa90                Cpu_ivINT_Bus_Fault
 .text.Cpu_ivINT_Usage_Fault
                0x0000aaa8       0x18 ./Generated_Code/Cpu.o
                0x0000aaa8                Cpu_ivINT_Usage_Fault
 .text.Cpu_ivINT_Reserved7
                0x0000aac0       0x18 ./Generated_Code/Cpu.o
                0x0000aac0                Cpu_ivINT_Reserved7
 .text.Cpu_ivINT_Reserved8
                0x0000aad8       0x18 ./Generated_Code/Cpu.o
                0x0000aad8                Cpu_ivINT_Reserved8
 .text.Cpu_ivINT_Reserved9
                0x0000aaf0       0x18 ./Generated_Code/Cpu.o
                0x0000aaf0                Cpu_ivINT_Reserved9
 .text.Cpu_ivINT_Reserved10
                0x0000ab08       0x18 ./Generated_Code/Cpu.o
                0x0000ab08                Cpu_ivINT_Reserved10
 .text.Cpu_ivINT_SVCall
                0x0000ab20       0x18 ./Generated_Code/Cpu.o
                0x0000ab20                Cpu_ivINT_SVCall
 .text.Cpu_ivINT_DebugMonitor
                0x0000ab38       0x18 ./Generated_Code/Cpu.o
                0x0000ab38                Cpu_ivINT_DebugMonitor
 .text.Cpu_ivINT_Reserved13
                0x0000ab50       0x18 ./Generated_Code/Cpu.o
                0x0000ab50                Cpu_ivINT_Reserved13
 .text.Cpu_ivINT_PendableSrvReq
                0x0000ab68       0x18 ./Generated_Code/Cpu.o
                0x0000ab68                Cpu_ivINT_PendableSrvReq
 .text.Cpu_ivINT_SysTick
                0x0000ab80       0x18 ./Generated_Code/Cpu.o
                0x0000ab80                Cpu_ivINT_SysTick
 .text.Cpu_ivINT_DMA0
                0x0000ab98       0x18 ./Generated_Code/Cpu.o
                0x0000ab98                Cpu_ivINT_DMA0
 .text.Cpu_ivINT_DMA1
                0x0000abb0       0x18 ./Generated_Code/Cpu.o
                0x0000abb0                Cpu_ivINT_DMA1
 .text.Cpu_ivINT_DMA2
                0x0000abc8       0x18 ./Generated_Code/Cpu.o
                0x0000abc8                Cpu_ivINT_DMA2
 .text.Cpu_ivINT_DMA3
                0x0000abe0       0x18 ./Generated_Code/Cpu.o
                0x0000abe0                Cpu_ivINT_DMA3
 .text.Cpu_ivINT_DMA4
                0x0000abf8       0x18 ./Generated_Code/Cpu.o
                0x0000abf8                Cpu_ivINT_DMA4
 .text.Cpu_ivINT_DMA5
                0x0000ac10       0x18 ./Generated_Code/Cpu.o
                0x0000ac10                Cpu_ivINT_DMA5
 .text.Cpu_ivINT_DMA6
                0x0000ac28       0x18 ./Generated_Code/Cpu.o
                0x0000ac28                Cpu_ivINT_DMA6
 .text.Cpu_ivINT_DMA7
                0x0000ac40       0x18 ./Generated_Code/Cpu.o
                0x0000ac40                Cpu_ivINT_DMA7
 .text.Cpu_ivINT_DMA8
                0x0000ac58       0x18 ./Generated_Code/Cpu.o
                0x0000ac58                Cpu_ivINT_DMA8
 .text.Cpu_ivINT_DMA9
                0x0000ac70       0x18 ./Generated_Code/Cpu.o
                0x0000ac70                Cpu_ivINT_DMA9
 .text.Cpu_ivINT_DMA10
                0x0000ac88       0x18 ./Generated_Code/Cpu.o
                0x0000ac88                Cpu_ivINT_DMA10
 .text.Cpu_ivINT_DMA11
                0x0000aca0       0x18 ./Generated_Code/Cpu.o
                0x0000aca0                Cpu_ivINT_DMA11
 .text.Cpu_ivINT_DMA12
                0x0000acb8       0x18 ./Generated_Code/Cpu.o
                0x0000acb8                Cpu_ivINT_DMA12
 .text.Cpu_ivINT_DMA13
                0x0000acd0       0x18 ./Generated_Code/Cpu.o
                0x0000acd0                Cpu_ivINT_DMA13
 .text.Cpu_ivINT_DMA14
                0x0000ace8       0x18 ./Generated_Code/Cpu.o
                0x0000ace8                Cpu_ivINT_DMA14
 .text.Cpu_ivINT_DMA15
                0x0000ad00       0x18 ./Generated_Code/Cpu.o
                0x0000ad00                Cpu_ivINT_DMA15
 .text.Cpu_ivINT_DMA_Error
                0x0000ad18       0x18 ./Generated_Code/Cpu.o
                0x0000ad18                Cpu_ivINT_DMA_Error
 .text.Cpu_ivINT_MCM
                0x0000ad30       0x18 ./Generated_Code/Cpu.o
                0x0000ad30                Cpu_ivINT_MCM
 .text.Cpu_ivINT_FTFL
                0x0000ad48       0x18 ./Generated_Code/Cpu.o
                0x0000ad48                Cpu_ivINT_FTFL
 .text.Cpu_ivINT_Read_Collision
                0x0000ad60       0x18 ./Generated_Code/Cpu.o
                0x0000ad60                Cpu_ivINT_Read_Collision
 .text.Cpu_ivINT_LVD_LVW
                0x0000ad78       0x18 ./Generated_Code/Cpu.o
                0x0000ad78                Cpu_ivINT_LVD_LVW
 .text.Cpu_ivINT_LLW
                0x0000ad90       0x18 ./Generated_Code/Cpu.o
                0x0000ad90                Cpu_ivINT_LLW
 .text.Cpu_ivINT_Watchdog
                0x0000ada8       0x18 ./Generated_Code/Cpu.o
                0x0000ada8                Cpu_ivINT_Watchdog
 .text.Cpu_ivINT_Reserved39
                0x0000adc0       0x18 ./Generated_Code/Cpu.o
                0x0000adc0                Cpu_ivINT_Reserved39
 .text.Cpu_ivINT_I2C1
                0x0000add8       0x18 ./Generated_Code/Cpu.o
                0x0000add8                Cpu_ivINT_I2C1
 .text.Cpu_ivINT_SPI0
                0x0000adf0       0x18 ./Generated_Code/Cpu.o
                0x0000adf0                Cpu_ivINT_SPI0
 .text.Cpu_ivINT_SPI1
                0x0000ae08       0x18 ./Generated_Code/Cpu.o
                0x0000ae08                Cpu_ivINT_SPI1
 .text.Cpu_ivINT_Reserved44
                0x0000ae20       0x18 ./Generated_Code/Cpu.o
                0x0000ae20                Cpu_ivINT_Reserved44
 .text.Cpu_ivINT_CAN0_ORed_Message_buffer
                0x0000ae38       0x18 ./Generated_Code/Cpu.o
                0x0000ae38                Cpu_ivINT_CAN0_ORed_Message_buffer
 .text.Cpu_ivINT_CAN0_Bus_Off
                0x0000ae50       0x18 ./Generated_Code/Cpu.o
                0x0000ae50                Cpu_ivINT_CAN0_Bus_Off
 .text.Cpu_ivINT_CAN0_Error
                0x0000ae68       0x18 ./Generated_Code/Cpu.o
                0x0000ae68                Cpu_ivINT_CAN0_Error
 .text.Cpu_ivINT_CAN0_Tx_Warning
                0x0000ae80       0x18 ./Generated_Code/Cpu.o
                0x0000ae80                Cpu_ivINT_CAN0_Tx_Warning
 .text.Cpu_ivINT_CAN0_Rx_Warning
                0x0000ae98       0x18 ./Generated_Code/Cpu.o
                0x0000ae98                Cpu_ivINT_CAN0_Rx_Warning
 .text.Cpu_ivINT_CAN0_Wake_Up
                0x0000aeb0       0x18 ./Generated_Code/Cpu.o
                0x0000aeb0                Cpu_ivINT_CAN0_Wake_Up
 .text.Cpu_ivINT_I2S0_Tx
                0x0000aec8       0x18 ./Generated_Code/Cpu.o
                0x0000aec8                Cpu_ivINT_I2S0_Tx
 .text.Cpu_ivINT_I2S0_Rx
                0x0000aee0       0x18 ./Generated_Code/Cpu.o
                0x0000aee0                Cpu_ivINT_I2S0_Rx
 .text.Cpu_ivINT_Reserved53
                0x0000aef8       0x18 ./Generated_Code/Cpu.o
                0x0000aef8                Cpu_ivINT_Reserved53
 .text.Cpu_ivINT_Reserved54
                0x0000af10       0x18 ./Generated_Code/Cpu.o
                0x0000af10                Cpu_ivINT_Reserved54
 .text.Cpu_ivINT_Reserved55
                0x0000af28       0x18 ./Generated_Code/Cpu.o
                0x0000af28                Cpu_ivINT_Reserved55
 .text.Cpu_ivINT_Reserved56
                0x0000af40       0x18 ./Generated_Code/Cpu.o
                0x0000af40                Cpu_ivINT_Reserved56
 .text.Cpu_ivINT_Reserved57
                0x0000af58       0x18 ./Generated_Code/Cpu.o
                0x0000af58                Cpu_ivINT_Reserved57
 .text.Cpu_ivINT_Reserved58
                0x0000af70       0x18 ./Generated_Code/Cpu.o
                0x0000af70                Cpu_ivINT_Reserved58
 .text.Cpu_ivINT_Reserved59
                0x0000af88       0x18 ./Generated_Code/Cpu.o
                0x0000af88                Cpu_ivINT_Reserved59
 .text.Cpu_ivINT_UART0_LON
                0x0000afa0       0x18 ./Generated_Code/Cpu.o
                0x0000afa0                Cpu_ivINT_UART0_LON
 .text.Cpu_ivINT_UART1_RX_TX
                0x0000afb8       0x18 ./Generated_Code/Cpu.o
                0x0000afb8                Cpu_ivINT_UART1_RX_TX
 .text.Cpu_ivINT_UART1_ERR
                0x0000afd0       0x18 ./Generated_Code/Cpu.o
                0x0000afd0                Cpu_ivINT_UART1_ERR
 .text.Cpu_ivINT_UART2_RX_TX
                0x0000afe8       0x18 ./Generated_Code/Cpu.o
                0x0000afe8                Cpu_ivINT_UART2_RX_TX
 .text.Cpu_ivINT_UART2_ERR
                0x0000b000       0x18 ./Generated_Code/Cpu.o
                0x0000b000                Cpu_ivINT_UART2_ERR
 .text.Cpu_ivINT_UART3_RX_TX
                0x0000b018       0x18 ./Generated_Code/Cpu.o
                0x0000b018                Cpu_ivINT_UART3_RX_TX
 .text.Cpu_ivINT_UART3_ERR
                0x0000b030       0x18 ./Generated_Code/Cpu.o
                0x0000b030                Cpu_ivINT_UART3_ERR
 .text.Cpu_ivINT_Reserved69
                0x0000b048       0x18 ./Generated_Code/Cpu.o
                0x0000b048                Cpu_ivINT_Reserved69
 .text.Cpu_ivINT_Reserved70
                0x0000b060       0x18 ./Generated_Code/Cpu.o
                0x0000b060                Cpu_ivINT_Reserved70
 .text.Cpu_ivINT_Reserved71
                0x0000b078       0x18 ./Generated_Code/Cpu.o
                0x0000b078                Cpu_ivINT_Reserved71
 .text.Cpu_ivINT_Reserved72
                0x0000b090       0x18 ./Generated_Code/Cpu.o
                0x0000b090                Cpu_ivINT_Reserved72
 .text.Cpu_ivINT_ADC0
                0x0000b0a8       0x18 ./Generated_Code/Cpu.o
                0x0000b0a8                Cpu_ivINT_ADC0
 .text.Cpu_ivINT_ADC1
                0x0000b0c0       0x18 ./Generated_Code/Cpu.o
                0x0000b0c0                Cpu_ivINT_ADC1
 .text.Cpu_ivINT_CMP0
                0x0000b0d8       0x18 ./Generated_Code/Cpu.o
                0x0000b0d8                Cpu_ivINT_CMP0
 .text.Cpu_ivINT_CMP1
                0x0000b0f0       0x18 ./Generated_Code/Cpu.o
                0x0000b0f0                Cpu_ivINT_CMP1
 .text.Cpu_ivINT_CMP2
                0x0000b108       0x18 ./Generated_Code/Cpu.o
                0x0000b108                Cpu_ivINT_CMP2
 .text.Cpu_ivINT_CMT
                0x0000b120       0x18 ./Generated_Code/Cpu.o
                0x0000b120                Cpu_ivINT_CMT
 .text.Cpu_ivINT_RTC
                0x0000b138       0x18 ./Generated_Code/Cpu.o
                0x0000b138                Cpu_ivINT_RTC
 .text.Cpu_ivINT_RTC_Seconds
                0x0000b150       0x18 ./Generated_Code/Cpu.o
                0x0000b150                Cpu_ivINT_RTC_Seconds
 .text.Cpu_ivINT_PIT0
                0x0000b168       0x18 ./Generated_Code/Cpu.o
                0x0000b168                Cpu_ivINT_PIT0
 .text.Cpu_ivINT_PIT1
                0x0000b180       0x18 ./Generated_Code/Cpu.o
                0x0000b180                Cpu_ivINT_PIT1
 .text.Cpu_ivINT_PIT2
                0x0000b198       0x18 ./Generated_Code/Cpu.o
                0x0000b198                Cpu_ivINT_PIT2
 .text.Cpu_ivINT_PIT3
                0x0000b1b0       0x18 ./Generated_Code/Cpu.o
                0x0000b1b0                Cpu_ivINT_PIT3
 .text.Cpu_ivINT_PDB0
                0x0000b1c8       0x18 ./Generated_Code/Cpu.o
                0x0000b1c8                Cpu_ivINT_PDB0
 .text.Cpu_ivINT_USB0
                0x0000b1e0       0x18 ./Generated_Code/Cpu.o
                0x0000b1e0                Cpu_ivINT_USB0
 .text.Cpu_ivINT_USBDCD
                0x0000b1f8       0x18 ./Generated_Code/Cpu.o
                0x0000b1f8                Cpu_ivINT_USBDCD
 .text.Cpu_ivINT_Reserved91
                0x0000b210       0x18 ./Generated_Code/Cpu.o
                0x0000b210                Cpu_ivINT_Reserved91
 .text.Cpu_ivINT_Reserved92
                0x0000b228       0x18 ./Generated_Code/Cpu.o
                0x0000b228                Cpu_ivINT_Reserved92
 .text.Cpu_ivINT_Reserved93
                0x0000b240       0x18 ./Generated_Code/Cpu.o
                0x0000b240                Cpu_ivINT_Reserved93
 .text.Cpu_ivINT_Reserved94
                0x0000b258       0x18 ./Generated_Code/Cpu.o
                0x0000b258                Cpu_ivINT_Reserved94
 .text.Cpu_ivINT_Reserved95
                0x0000b270       0x18 ./Generated_Code/Cpu.o
                0x0000b270                Cpu_ivINT_Reserved95
 .text.Cpu_ivINT_Reserved96
                0x0000b288       0x18 ./Generated_Code/Cpu.o
                0x0000b288                Cpu_ivINT_Reserved96
 .text.Cpu_ivINT_DAC0
                0x0000b2a0       0x18 ./Generated_Code/Cpu.o
                0x0000b2a0                Cpu_ivINT_DAC0
 .text.Cpu_ivINT_Reserved98
                0x0000b2b8       0x18 ./Generated_Code/Cpu.o
                0x0000b2b8                Cpu_ivINT_Reserved98
 .text.Cpu_ivINT_TSI0
                0x0000b2d0       0x18 ./Generated_Code/Cpu.o
                0x0000b2d0                Cpu_ivINT_TSI0
 .text.Cpu_ivINT_MCG
                0x0000b2e8       0x18 ./Generated_Code/Cpu.o
                0x0000b2e8                Cpu_ivINT_MCG
 .text.Cpu_ivINT_LPTimer
                0x0000b300       0x18 ./Generated_Code/Cpu.o
                0x0000b300                Cpu_ivINT_LPTimer
 .text.Cpu_ivINT_Reserved102
                0x0000b318       0x18 ./Generated_Code/Cpu.o
                0x0000b318                Cpu_ivINT_Reserved102
 .text.Cpu_ivINT_PORTA
                0x0000b330       0x18 ./Generated_Code/Cpu.o
                0x0000b330                Cpu_ivINT_PORTA
 .text.Cpu_ivINT_PORTB
                0x0000b348       0x18 ./Generated_Code/Cpu.o
                0x0000b348                Cpu_ivINT_PORTB
 .text.Cpu_ivINT_PORTD
                0x0000b360       0x18 ./Generated_Code/Cpu.o
                0x0000b360                Cpu_ivINT_PORTD
 .text.Cpu_ivINT_PORTE
                0x0000b378       0x18 ./Generated_Code/Cpu.o
                0x0000b378                Cpu_ivINT_PORTE
 .text.Cpu_ivINT_Reserved108
                0x0000b390       0x18 ./Generated_Code/Cpu.o
                0x0000b390                Cpu_ivINT_Reserved108
 .text.Cpu_ivINT_Reserved109
                0x0000b3a8       0x18 ./Generated_Code/Cpu.o
                0x0000b3a8                Cpu_ivINT_Reserved109
 .text.Cpu_ivINT_SWI
                0x0000b3c0       0x18 ./Generated_Code/Cpu.o
                0x0000b3c0                Cpu_ivINT_SWI
 .text.__init_hardware
                0x0000b3d8      0x140 ./Generated_Code/Cpu.o
                0x0000b3d8                __init_hardware
 .text.Cpu_SetBASEPRI
                0x0000b518       0x18 ./Generated_Code/Cpu.o
                0x0000b518                Cpu_SetBASEPRI
 .text.PE_low_level_init
                0x0000b530       0xec ./Generated_Code/Cpu.o
                0x0000b530                PE_low_level_init
 .text.ENCODER_Init
                0x0000b61c       0xac ./Generated_Code/ENCODER.o
                0x0000b61c                ENCODER_Init
 .text.ENCODER_GetFieldValue
                0x0000b6c8       0x40 ./Generated_Code/ENCODER.o
                0x0000b6c8                ENCODER_GetFieldValue
 .text.ENCODER_Interrupt
                0x0000b708       0x4c ./Generated_Code/ENCODER.o
                0x0000b708                ENCODER_Interrupt
 .text.ExtIntLdd1_OnInterrupt
                0x0000b754       0x14 ./Generated_Code/ENCODER_PUSH.o
                0x0000b754                ExtIntLdd1_OnInterrupt
 .text.ExtIntLdd1_Init
                0x0000b768       0x80 ./Generated_Code/ExtIntLdd1.o
                0x0000b768                ExtIntLdd1_Init
 .text.ExtIntLdd1_Interrupt
                0x0000b7e8       0x3c ./Generated_Code/ExtIntLdd1.o
                0x0000b7e8                ExtIntLdd1_Interrupt
 .text.ExtIntLdd1_GetVal
                0x0000b824       0x2c ./Generated_Code/ExtIntLdd1.o
                0x0000b824                ExtIntLdd1_GetVal
 .text.ExtIntLdd2_Init
                0x0000b850       0x80 ./Generated_Code/ExtIntLdd2.o
                0x0000b850                ExtIntLdd2_Init
 .text.ExtIntLdd2_Interrupt
                0x0000b8d0       0x3c ./Generated_Code/ExtIntLdd2.o
                0x0000b8d0                ExtIntLdd2_Interrupt
 .text.ExtIntLdd2_GetVal
                0x0000b90c       0x2c ./Generated_Code/ExtIntLdd2.o
                0x0000b90c                ExtIntLdd2_GetVal
 .text.ExtIntLdd3_Init
                0x0000b938       0x80 ./Generated_Code/ExtIntLdd3.o
                0x0000b938                ExtIntLdd3_Init
 .text.ExtIntLdd3_Interrupt
                0x0000b9b8       0x3c ./Generated_Code/ExtIntLdd3.o
                0x0000b9b8                ExtIntLdd3_Interrupt
 .text.ExtIntLdd3_GetVal
                0x0000b9f4       0x2c ./Generated_Code/ExtIntLdd3.o
                0x0000b9f4                ExtIntLdd3_GetVal
 .text.ExtIntLdd4_Init
                0x0000ba20       0x7c ./Generated_Code/ExtIntLdd4.o
                0x0000ba20                ExtIntLdd4_Init
 .text.ExtIntLdd4_Interrupt
                0x0000ba9c       0x3c ./Generated_Code/ExtIntLdd4.o
                0x0000ba9c                ExtIntLdd4_Interrupt
 .text.ExtIntLdd5_Init
                0x0000bad8       0x7c ./Generated_Code/ExtIntLdd5.o
                0x0000bad8                ExtIntLdd5_Init
 .text.ExtIntLdd5_Interrupt
                0x0000bb54       0x3c ./Generated_Code/ExtIntLdd5.o
                0x0000bb54                ExtIntLdd5_Interrupt
 .text.I2C0_SendChar
                0x0000bb90       0x2c ./Generated_Code/I2C0.o
                0x0000bb90                I2C0_SendChar
 .text.I2C0_SendBlock
                0x0000bbbc       0xc0 ./Generated_Code/I2C0.o
                0x0000bbbc                I2C0_SendBlock
 .text.I2C0_SelectSlave
                0x0000bc7c       0x34 ./Generated_Code/I2C0.o
                0x0000bc7c                I2C0_SelectSlave
 .text.I2C0_Init
                0x0000bcb0       0x20 ./Generated_Code/I2C0.o
                0x0000bcb0                I2C0_Init
 .text.IntI2cLdd1_OnMasterBlockSent
                0x0000bcd0       0x14 ./Generated_Code/I2C0.o
                0x0000bcd0                IntI2cLdd1_OnMasterBlockSent
 .text.IntI2cLdd1_OnMasterBlockReceived
                0x0000bce4       0x14 ./Generated_Code/I2C0.o
                0x0000bce4                IntI2cLdd1_OnMasterBlockReceived
 .text.IntI2cLdd1_OnError
                0x0000bcf8       0x30 ./Generated_Code/I2C0.o
                0x0000bcf8                IntI2cLdd1_OnError
 .text.IFsh1_GetFlash
                0x0000bd28       0x84 ./Generated_Code/IFsh1.o
                0x0000bd28                IFsh1_GetFlash
 .text.IFsh1_SetFlash
                0x0000bdac      0x1a8 ./Generated_Code/IFsh1.o
                0x0000bdac                IFsh1_SetFlash
 .text.IFsh1_Init
                0x0000bf54       0x2c ./Generated_Code/IFsh1.o
                0x0000bf54                IFsh1_Init
 .text.IFsh1_SetByteFlash
                0x0000bf80       0x24 ./Generated_Code/IFsh1.o
                0x0000bf80                IFsh1_SetByteFlash
 .text.IFsh1_GetByteFlash
                0x0000bfa4       0x20 ./Generated_Code/IFsh1.o
                0x0000bfa4                IFsh1_GetByteFlash
 .text.IFsh1_SetLongFlash
                0x0000bfc4       0x20 ./Generated_Code/IFsh1.o
                0x0000bfc4                IFsh1_SetLongFlash
 .text.IFsh1_GetLongFlash
                0x0000bfe4       0x20 ./Generated_Code/IFsh1.o
                0x0000bfe4                IFsh1_GetLongFlash
 .text.IntFlashLdd1_OnOperationComplete
                0x0000c004      0x190 ./Generated_Code/IFsh1.o
                0x0000c004                IntFlashLdd1_OnOperationComplete
 .text.IntFlashLdd1_OnError
                0x0000c194       0x54 ./Generated_Code/IFsh1.o
                0x0000c194                IntFlashLdd1_OnError
 .text.IntFlashLdd1_Init
                0x0000c1e8       0x64 ./Generated_Code/IntFlashLdd1.o
                0x0000c1e8                IntFlashLdd1_Init
 .text.IntFlashLdd1_Write
                0x0000c24c       0x74 ./Generated_Code/IntFlashLdd1.o
                0x0000c24c                IntFlashLdd1_Write
 .text.IntFlashLdd1_Read
                0x0000c2c0       0x70 ./Generated_Code/IntFlashLdd1.o
                0x0000c2c0                IntFlashLdd1_Read
 .text.IntFlashLdd1_Erase
                0x0000c330       0x94 ./Generated_Code/IntFlashLdd1.o
                0x0000c330                IntFlashLdd1_Erase
 .text.IntFlashLdd1_Main
                0x0000c3c4      0x2f4 ./Generated_Code/IntFlashLdd1.o
                0x0000c3c4                IntFlashLdd1_Main
 .text.IntFlashLdd1_GetError
                0x0000c6b8       0x90 ./Generated_Code/IntFlashLdd1.o
                0x0000c6b8                IntFlashLdd1_GetError
 .text.RangeCheck
                0x0000c748       0x38 ./Generated_Code/IntFlashLdd1.o
 .text.SafeRoutineCaller
                0x0000c780       0x94 ./Generated_Code/IntFlashLdd1.o
 .text.IntI2cLdd1_Interrupt
                0x0000c814      0x2d4 ./Generated_Code/IntI2cLdd1.o
                0x0000c814                IntI2cLdd1_Interrupt
 .text.IntI2cLdd1_Init
                0x0000cae8      0x13c ./Generated_Code/IntI2cLdd1.o
                0x0000cae8                IntI2cLdd1_Init
 .text.IntI2cLdd1_MasterSendBlock
                0x0000cc24      0x190 ./Generated_Code/IntI2cLdd1.o
                0x0000cc24                IntI2cLdd1_MasterSendBlock
 .text.IntI2cLdd1_SelectSlaveDevice
                0x0000cdb4       0xf0 ./Generated_Code/IntI2cLdd1.o
                0x0000cdb4                IntI2cLdd1_SelectSlaveDevice
 .text.IntI2cLdd1_GetError
                0x0000cea4       0x70 ./Generated_Code/IntI2cLdd1.o
                0x0000cea4                IntI2cLdd1_GetError
 .text.ExtIntLdd3_OnInterrupt
                0x0000cf14       0x14 ./Generated_Code/LEVER_DIR1.o
                0x0000cf14                ExtIntLdd3_OnInterrupt
 .text.ExtIntLdd2_OnInterrupt
                0x0000cf28       0x14 ./Generated_Code/LEVER_DIR2.o
                0x0000cf28                ExtIntLdd2_OnInterrupt
 .text.ExtIntLdd5_OnInterrupt
                0x0000cf3c       0x14 ./Generated_Code/PUSH_BUTTON_REC.o
                0x0000cf3c                ExtIntLdd5_OnInterrupt
 .text.ExtIntLdd4_OnInterrupt
                0x0000cf50       0x14 ./Generated_Code/PUSH_BUTTON_SEND.o
                0x0000cf50                ExtIntLdd4_OnInterrupt
 .text.TU1_Init
                0x0000cf64       0xb0 ./Generated_Code/TU1.o
                0x0000cf64                TU1_Init
 .text.TU1_Enable
                0x0000d014       0x30 ./Generated_Code/TU1.o
                0x0000d014                TU1_Enable
 .text.TU1_Disable
                0x0000d044       0x28 ./Generated_Code/TU1.o
                0x0000d044                TU1_Disable
 .text.TU1_Interrupt
                0x0000d06c       0x6c ./Generated_Code/TU1.o
                0x0000d06c                TU1_Interrupt
 .text.T_100ms_Init
                0x0000d0d8       0xb0 ./Generated_Code/T_100ms.o
                0x0000d0d8                T_100ms_Init
 .text.T_100ms_Enable
                0x0000d188       0x30 ./Generated_Code/T_100ms.o
                0x0000d188                T_100ms_Enable
 .text.T_100ms_Disable
                0x0000d1b8       0x28 ./Generated_Code/T_100ms.o
                0x0000d1b8                T_100ms_Disable
 .text.T_100ms_Interrupt
                0x0000d1e0       0x6c ./Generated_Code/T_100ms.o
                0x0000d1e0                T_100ms_Interrupt
 .text.T_500ms_Init
                0x0000d24c       0xcc ./Generated_Code/T_500ms.o
                0x0000d24c                T_500ms_Init
 .text.T_500ms_Interrupt
                0x0000d318       0x6c ./Generated_Code/T_500ms.o
                0x0000d318                T_500ms_Interrupt
 .text.WAIT1_Wait10Cycles
                0x0000d384        0x8 ./Generated_Code/WAIT1.o
                0x0000d384                WAIT1_Wait10Cycles
 .text.WAIT1_Wait100Cycles
                0x0000d38c       0x1c ./Generated_Code/WAIT1.o
                0x0000d38c                WAIT1_Wait100Cycles
 .text.WAIT1_WaitCycles
                0x0000d3a8       0x34 ./Generated_Code/WAIT1.o
                0x0000d3a8                WAIT1_WaitCycles
 .text.WAIT1_WaitLongCycles
                0x0000d3dc       0x38 ./Generated_Code/WAIT1.o
                0x0000d3dc                WAIT1_WaitLongCycles
 .text.WAIT1_Waitms
                0x0000d414       0x2c ./Generated_Code/WAIT1.o
                0x0000d414                WAIT1_Waitms
 .text.round    0x0000d440       0x9c c:/freescale/kds_v3/toolchain/bin/../lib/gcc/arm-none-eabi/4.8.4/../../../../arm-none-eabi/lib/armv7e-m\libm.a(lib_a-s_round.o)
                0x0000d440                round
 .text.pow      0x0000d4dc      0x2f8 c:/freescale/kds_v3/toolchain/bin/../lib/gcc/arm-none-eabi/4.8.4/../../../../arm-none-eabi/lib/armv7e-m\libm.a(lib_a-w_pow.o)
                0x0000d4dc                pow
 *fill*         0x0000d7d4        0x4 
 .text.__ieee754_pow
                0x0000d7d8      0xa78 c:/freescale/kds_v3/toolchain/bin/../lib/gcc/arm-none-eabi/4.8.4/../../../../arm-none-eabi/lib/armv7e-m\libm.a(lib_a-e_pow.o)
                0x0000d7d8                __ieee754_pow
 .text.__ieee754_sqrt
                0x0000e250      0x180 c:/freescale/kds_v3/toolchain/bin/../lib/gcc/arm-none-eabi/4.8.4/../../../../arm-none-eabi/lib/armv7e-m\libm.a(lib_a-e_sqrt.o)
                0x0000e250                __ieee754_sqrt
 .text.fabs     0x0000e3d0        0x8 c:/freescale/kds_v3/toolchain/bin/../lib/gcc/arm-none-eabi/4.8.4/../../../../arm-none-eabi/lib/armv7e-m\libm.a(lib_a-s_fabs.o)
                0x0000e3d0                fabs
 .text.finite   0x0000e3d8        0xc c:/freescale/kds_v3/toolchain/bin/../lib/gcc/arm-none-eabi/4.8.4/../../../../arm-none-eabi/lib/armv7e-m\libm.a(lib_a-s_finite.o)
                0x0000e3d8                finite
 .text.__fpclassifyd
                0x0000e3e4       0x50 c:/freescale/kds_v3/toolchain/bin/../lib/gcc/arm-none-eabi/4.8.4/../../../../arm-none-eabi/lib/armv7e-m\libm.a(lib_a-s_fpclassify.o)
                0x0000e3e4                __fpclassifyd
 .text.matherr  0x0000e434        0x4 c:/freescale/kds_v3/toolchain/bin/../lib/gcc/arm-none-eabi/4.8.4/../../../../arm-none-eabi/lib/armv7e-m\libm.a(lib_a-s_matherr.o)
                0x0000e434                matherr
 .text.nan      0x0000e438        0xc c:/freescale/kds_v3/toolchain/bin/../lib/gcc/arm-none-eabi/4.8.4/../../../../arm-none-eabi/lib/armv7e-m\libm.a(lib_a-s_nan.o)
                0x0000e438                nan
 .text.rint     0x0000e444      0x118 c:/freescale/kds_v3/toolchain/bin/../lib/gcc/arm-none-eabi/4.8.4/../../../../arm-none-eabi/lib/armv7e-m\libm.a(lib_a-s_rint.o)
                0x0000e444                rint
 *fill*         0x0000e55c        0x4 
 .text.scalbn   0x0000e560      0x118 c:/freescale/kds_v3/toolchain/bin/../lib/gcc/arm-none-eabi/4.8.4/../../../../arm-none-eabi/lib/armv7e-m\libm.a(lib_a-s_scalbn.o)
                0x0000e560                scalbn
 .text.copysign
                0x0000e678       0x14 c:/freescale/kds_v3/toolchain/bin/../lib/gcc/arm-none-eabi/4.8.4/../../../../arm-none-eabi/lib/armv7e-m\libm.a(lib_a-s_copysign.o)
                0x0000e678                copysign
 .text.abort    0x0000e68c        0xe c:/freescale/kds_v3/toolchain/bin/../lib/gcc/arm-none-eabi/4.8.4/../../../../arm-none-eabi/lib/armv7e-m\libg_s.a(lib_a-abort.o)
                0x0000e68c                abort
 *fill*         0x0000e69a        0x2 
 .text.__errno  0x0000e69c        0xc c:/freescale/kds_v3/toolchain/bin/../lib/gcc/arm-none-eabi/4.8.4/../../../../arm-none-eabi/lib/armv7e-m\libg_s.a(lib_a-errno.o)
                0x0000e69c                __errno
 .text.exit     0x0000e6a8       0x28 c:/freescale/kds_v3/toolchain/bin/../lib/gcc/arm-none-eabi/4.8.4/../../../../arm-none-eabi/lib/armv7e-m\libg_s.a(lib_a-exit.o)
                0x0000e6a8                exit
 .text.__libc_init_array
                0x0000e6d0       0x4c c:/freescale/kds_v3/toolchain/bin/../lib/gcc/arm-none-eabi/4.8.4/../../../../arm-none-eabi/lib/armv7e-m\libg_s.a(lib_a-init.o)
                0x0000e6d0                __libc_init_array
 .text.memcpy   0x0000e71c       0x12 c:/freescale/kds_v3/toolchain/bin/../lib/gcc/arm-none-eabi/4.8.4/../../../../arm-none-eabi/lib/armv7e-m\libg_s.a(lib_a-memcpy-stub.o)
                0x0000e71c                memcpy
 .text.memset   0x0000e72e       0x10 c:/freescale/kds_v3/toolchain/bin/../lib/gcc/arm-none-eabi/4.8.4/../../../../arm-none-eabi/lib/armv7e-m\libg_s.a(lib_a-memset.o)
                0x0000e72e                memset
 .text._raise_r
                0x0000e73e       0x50 c:/freescale/kds_v3/toolchain/bin/../lib/gcc/arm-none-eabi/4.8.4/../../../../arm-none-eabi/lib/armv7e-m\libg_s.a(lib_a-signal.o)
                0x0000e73e                _raise_r
 *fill*         0x0000e78e        0x2 
 .text.raise    0x0000e790       0x10 c:/freescale/kds_v3/toolchain/bin/../lib/gcc/arm-none-eabi/4.8.4/../../../../arm-none-eabi/lib/armv7e-m\libg_s.a(lib_a-signal.o)
                0x0000e790                raise
 .text._kill_r  0x0000e7a0       0x24 c:/freescale/kds_v3/toolchain/bin/../lib/gcc/arm-none-eabi/4.8.4/../../../../arm-none-eabi/lib/armv7e-m\libg_s.a(lib_a-signalr.o)
                0x0000e7a0                _kill_r
 .text._getpid_r
                0x0000e7c4        0x4 c:/freescale/kds_v3/toolchain/bin/../lib/gcc/arm-none-eabi/4.8.4/../../../../arm-none-eabi/lib/armv7e-m\libg_s.a(lib_a-signalr.o)
                0x0000e7c4                _getpid_r
 .text.strlen   0x0000e7c8       0x10 c:/freescale/kds_v3/toolchain/bin/../lib/gcc/arm-none-eabi/4.8.4/../../../../arm-none-eabi/lib/armv7e-m\libg_s.a(lib_a-strlen.o)
                0x0000e7c8                strlen
 .text._vsprintf_r
                0x0000e7d8       0x30 c:/freescale/kds_v3/toolchain/bin/../lib/gcc/arm-none-eabi/4.8.4/../../../../arm-none-eabi/lib/armv7e-m\libg_s.a(lib_a-vsprintf.o)
                0x0000e7d8                _vsprintf_r
                0x0000e7d8                _vsiprintf_r
 .text.vsprintf
                0x0000e808       0x1c c:/freescale/kds_v3/toolchain/bin/../lib/gcc/arm-none-eabi/4.8.4/../../../../arm-none-eabi/lib/armv7e-m\libg_s.a(lib_a-vsprintf.o)
                0x0000e808                vsiprintf
                0x0000e808                vsprintf
 .text._malloc_r
                0x0000e824       0xa8 c:/freescale/kds_v3/toolchain/bin/../lib/gcc/arm-none-eabi/4.8.4/../../../../arm-none-eabi/lib/armv7e-m\libg_s.a(lib_a-nano-mallocr.o)
                0x0000e824                _malloc_r
 .text._sbrk_r  0x0000e8cc       0x20 c:/freescale/kds_v3/toolchain/bin/../lib/gcc/arm-none-eabi/4.8.4/../../../../arm-none-eabi/lib/armv7e-m\libg_s.a(lib_a-sbrkr.o)
                0x0000e8cc                _sbrk_r
 .text.__ssputs_r
                0x0000e8ec       0xb8 c:/freescale/kds_v3/toolchain/bin/../lib/gcc/arm-none-eabi/4.8.4/../../../../arm-none-eabi/lib/armv7e-m\libg_s.a(lib_a-svfprintf.o)
                0x0000e8ec                __ssputs_r
 .text._svfprintf_r
                0x0000e9a4      0x1dc c:/freescale/kds_v3/toolchain/bin/../lib/gcc/arm-none-eabi/4.8.4/../../../../arm-none-eabi/lib/armv7e-m\libg_s.a(lib_a-svfprintf.o)
                0x0000e9a4                _svfiprintf_r
                0x0000e9a4                _svfprintf_r
 .text._printf_common
                0x0000eb80       0xe4 c:/freescale/kds_v3/toolchain/bin/../lib/gcc/arm-none-eabi/4.8.4/../../../../arm-none-eabi/lib/armv7e-m\libg_s.a(lib_a-vfprintf_i.o)
                0x0000eb80                _printf_common
 .text._printf_i
                0x0000ec64      0x228 c:/freescale/kds_v3/toolchain/bin/../lib/gcc/arm-none-eabi/4.8.4/../../../../arm-none-eabi/lib/armv7e-m\libg_s.a(lib_a-vfprintf_i.o)
                0x0000ec64                _printf_i
 .text.memchr   0x0000ee8c       0x1e c:/freescale/kds_v3/toolchain/bin/../lib/gcc/arm-none-eabi/4.8.4/../../../../arm-none-eabi/lib/armv7e-m\libg_s.a(lib_a-memchr-stub.o)
                0x0000ee8c                memchr
 .text.memmove  0x0000eeaa       0x36 c:/freescale/kds_v3/toolchain/bin/../lib/gcc/arm-none-eabi/4.8.4/../../../../arm-none-eabi/lib/armv7e-m\libg_s.a(lib_a-memmove.o)
                0x0000eeaa                memmove
 .text._free_r  0x0000eee0       0x88 c:/freescale/kds_v3/toolchain/bin/../lib/gcc/arm-none-eabi/4.8.4/../../../../arm-none-eabi/lib/armv7e-m\libg_s.a(lib_a-nano-freer.o)
                0x0000eee0                _free_r
 .text._realloc_r
                0x0000ef68       0x4c c:/freescale/kds_v3/toolchain/bin/../lib/gcc/arm-none-eabi/4.8.4/../../../../arm-none-eabi/lib/armv7e-m\libg_s.a(lib_a-nano-reallocr.o)
                0x0000ef68                _realloc_r
 .text._malloc_usable_size_r
                0x0000efb4       0x12 c:/freescale/kds_v3/toolchain/bin/../lib/gcc/arm-none-eabi/4.8.4/../../../../arm-none-eabi/lib/armv7e-m\libg_s.a(lib_a-nano-msizer.o)
                0x0000efb4                _malloc_usable_size_r
 *fill*         0x0000efc6        0x2 
 .text._getpid  0x0000efc8       0x10 c:/freescale/kds_v3/toolchain/bin/../lib/gcc/arm-none-eabi/4.8.4/../../../../arm-none-eabi/lib/armv7e-m\libnosys.a(getpid.o)
                0x0000efc8                _getpid
 .text._kill    0x0000efd8       0x10 c:/freescale/kds_v3/toolchain/bin/../lib/gcc/arm-none-eabi/4.8.4/../../../../arm-none-eabi/lib/armv7e-m\libnosys.a(kill.o)
                0x0000efd8                _kill
 .text._sbrk    0x0000efe8       0x34 c:/freescale/kds_v3/toolchain/bin/../lib/gcc/arm-none-eabi/4.8.4/../../../../arm-none-eabi/lib/armv7e-m\libnosys.a(sbrk.o)
                0x0000efe8                _sbrk
 .text._exit    0x0000f01c        0x4 c:/freescale/kds_v3/toolchain/bin/../lib/gcc/arm-none-eabi/4.8.4/../../../../arm-none-eabi/lib/armv7e-m\libnosys.a(_exit.o)
                0x0000f01c                _exit
 *(.rodata)
 .rodata        0x0000f020      0x6c8 ./Sources/display.o
 .rodata        0x0000f6e8       0x18 ./Sources/menu.o
 .rodata        0x0000f700      0x27c ./Sources/protocol.o
 .rodata        0x0000f97c      0x27c ./Sources/send.o
 *(.rodata*)
 .rodata.ASerialLdd1_BaudAdjustValueSpeed0.6226
                0x0000fbf8        0x4 ./Generated_Code/ASerialLdd1.o
 .rodata.ASerialLdd1_BaudDivisorSpeed0.6227
                0x0000fbfc        0x4 ./Generated_Code/ASerialLdd1.o
 .rodata.SafeRoutine
                0x0000fc00       0x30 ./Generated_Code/IntFlashLdd1.o
 .rodata.str1.4
                0x0000fc30        0x4 c:/freescale/kds_v3/toolchain/bin/../lib/gcc/arm-none-eabi/4.8.4/../../../../arm-none-eabi/lib/armv7e-m\libm.a(lib_a-w_pow.o)
 *fill*         0x0000fc34        0x4 
 .rodata.dp_h   0x0000fc38       0x10 c:/freescale/kds_v3/toolchain/bin/../lib/gcc/arm-none-eabi/4.8.4/../../../../arm-none-eabi/lib/armv7e-m\libm.a(lib_a-e_pow.o)
 .rodata.dp_l   0x0000fc48       0x10 c:/freescale/kds_v3/toolchain/bin/../lib/gcc/arm-none-eabi/4.8.4/../../../../arm-none-eabi/lib/armv7e-m\libm.a(lib_a-e_pow.o)
 .rodata.bp     0x0000fc58       0x10 c:/freescale/kds_v3/toolchain/bin/../lib/gcc/arm-none-eabi/4.8.4/../../../../arm-none-eabi/lib/armv7e-m\libm.a(lib_a-e_pow.o)
 .rodata.str1.4
                0x0000fc68        0x4 c:/freescale/kds_v3/toolchain/bin/../lib/gcc/arm-none-eabi/4.8.4/../../../../arm-none-eabi/lib/armv7e-m\libm.a(lib_a-e_pow.o)
 *fill*         0x0000fc6c        0x4 
 .rodata.TWO52  0x0000fc70       0x10 c:/freescale/kds_v3/toolchain/bin/../lib/gcc/arm-none-eabi/4.8.4/../../../../arm-none-eabi/lib/armv7e-m\libm.a(lib_a-s_rint.o)
 .rodata.str1.1
                0x0000fc80        0x2 c:/freescale/kds_v3/toolchain/bin/../lib/gcc/arm-none-eabi/4.8.4/../../../../arm-none-eabi/lib/armv7e-m\libg_s.a(lib_a-impure.o)
 *fill*         0x0000fc82        0x2 
 .rodata._global_impure_ptr
                0x0000fc84        0x4 c:/freescale/kds_v3/toolchain/bin/../lib/gcc/arm-none-eabi/4.8.4/../../../../arm-none-eabi/lib/armv7e-m\libg_s.a(lib_a-impure.o)
                0x0000fc84                _global_impure_ptr
 .rodata.str1.1
                0x0000fc88       0x11 c:/freescale/kds_v3/toolchain/bin/../lib/gcc/arm-none-eabi/4.8.4/../../../../arm-none-eabi/lib/armv7e-m\libg_s.a(lib_a-svfprintf.o)
 .rodata.str1.1
                0x0000fc99       0x22 c:/freescale/kds_v3/toolchain/bin/../lib/gcc/arm-none-eabi/4.8.4/../../../../arm-none-eabi/lib/armv7e-m\libg_s.a(lib_a-vfprintf_i.o)
 *(.glue_7)
 .glue_7        0x00000000        0x0 linker stubs
 *(.glue_7t)
 .glue_7t       0x00000000        0x0 linker stubs
 *(.eh_frame)
 *fill*         0x0000fcbb        0x1 
 .eh_frame      0x0000fcbc        0x0 c:/freescale/kds_v3/toolchain/bin/../lib/gcc/arm-none-eabi/4.8.4/armv7e-m/crtbegin.o
 *(.init)
 .init          0x0000fcbc        0x4 c:/freescale/kds_v3/toolchain/bin/../lib/gcc/arm-none-eabi/4.8.4/armv7e-m/crti.o
                0x0000fcbc                _init
 .init          0x0000fcc0        0x8 c:/freescale/kds_v3/toolchain/bin/../lib/gcc/arm-none-eabi/4.8.4/armv7e-m/crtn.o
 *(.fini)
 .fini          0x0000fcc8        0x4 c:/freescale/kds_v3/toolchain/bin/../lib/gcc/arm-none-eabi/4.8.4/armv7e-m/crti.o
                0x0000fcc8                _fini
 .fini          0x0000fccc        0x8 c:/freescale/kds_v3/toolchain/bin/../lib/gcc/arm-none-eabi/4.8.4/armv7e-m/crtn.o
                0x0000fcd4                . = ALIGN (0x4)
                0x0000fcd4                _etext = .

.vfp11_veneer   0x0000fcd4        0x0
 .vfp11_veneer  0x00000000        0x0 linker stubs

.v4_bx          0x0000fcd4        0x0
 .v4_bx         0x00000000        0x0 linker stubs

.iplt           0x0000fcd4        0x0
 .iplt          0x00000000        0x0 c:/freescale/kds_v3/toolchain/bin/../lib/gcc/arm-none-eabi/4.8.4/armv7e-m/crtbegin.o

.ARM.extab      0x0000fcd4      0x2b8
 *(.ARM.extab* .gnu.linkonce.armextab.*)
 .ARM.extab.text.LCD_command
                0x0000fcd4        0xc ./Sources/LCD.o
 .ARM.extab.text.LCD_Set_Cursor
                0x0000fce0        0xc ./Sources/LCD.o
 .ARM.extab.text.LCD_Write
                0x0000fcec        0xc ./Sources/LCD.o
 .ARM.extab.text.load_custom_char
                0x0000fcf8        0xc ./Sources/LCD.o
 .ARM.extab.text.LCD_Write_At
                0x0000fd04        0xc ./Sources/LCD.o
 .ARM.extab.text.LCD_Write_Block
                0x0000fd10        0xc ./Sources/LCD.o
 .ARM.extab.text.PCA9670_SendByte
                0x0000fd1c        0xc ./Sources/PCA9670.o
 .ARM.extab.text.select_cue
                0x0000fd28        0xc ./Sources/cue.o
 .ARM.extab.text.print_float_at
                0x0000fd34        0xc ./Sources/display.o
 .ARM.extab.text.print_int_at
                0x0000fd40        0xc ./Sources/display.o
 .ARM.extab.text.print_cue_array
                0x0000fd4c        0xc ./Sources/display.o
 .ARM.extab.text.print_all_cue
                0x0000fd58        0xc ./Sources/display.o
 .ARM.extab.text.load_char
                0x0000fd64        0xc ./Sources/display.o
 .ARM.extab.text.menu_init
                0x0000fd70        0xc ./Sources/display.o
 .ARM.extab.text.refresh
                0x0000fd7c        0xc ./Sources/display.o
 .ARM.extab.text.select
                0x0000fd88        0xc ./Sources/display.o
 .ARM.extab.text.back
                0x0000fd94        0xc ./Sources/display.o
 .ARM.extab.text.controle_mode_display
                0x0000fda0        0xc ./Sources/display.o
 .ARM.extab.text.update_icon_dir
                0x0000fdac        0xc ./Sources/display.o
 .ARM.extab.text.select_setting
                0x0000fdb8        0xc ./Sources/display.o
 .ARM.extab.text.refresh_fct
                0x0000fdc4        0xc ./Sources/display.o
 .ARM.extab.text.velocity_fct
                0x0000fdd0        0xc ./Sources/display.o
 .ARM.extab.text.pos_position_fct
                0x0000fddc        0xc ./Sources/display.o
 .ARM.extab.text.torque_fct
                0x0000fde8        0xc ./Sources/display.o
 .ARM.extab.text.pos_play_cue_fct
                0x0000fdf4        0xc ./Sources/display.o
 .ARM.extab.text.pos_rec_cue_fct
                0x0000fe00        0xc ./Sources/display.o
 .ARM.extab.text.pos_mod_cue_fct
                0x0000fe0c        0xc ./Sources/display.o
 .ARM.extab.text.pos_del_cue_fct
                0x0000fe18        0xc ./Sources/display.o
 .ARM.extab.text.vel_play_cue_fct
                0x0000fe24        0xc ./Sources/display.o
 .ARM.extab.text.vel_rec_cue_fct
                0x0000fe30        0xc ./Sources/display.o
 .ARM.extab.text.vel_mod_cue_fct
                0x0000fe3c        0xc ./Sources/display.o
 .ARM.extab.text.vel_del_cue_fct
                0x0000fe48        0xc ./Sources/display.o
 .ARM.extab.text.load_cue
                0x0000fe54        0xc ./Sources/eeprom.o
 .ARM.extab.text.write_cue
                0x0000fe60        0xc ./Sources/eeprom.o
 .ARM.extab.text.erase_cue
                0x0000fe6c        0xc ./Sources/eeprom.o
 .ARM.extab.text.get_next_slot_free
                0x0000fe78        0xc ./Sources/eeprom.o
 .ARM.extab.text.get_slot_saved
                0x0000fe84        0xc ./Sources/eeprom.o
 .ARM.extab.text.get_cue_values
                0x0000fe90        0xc ./Sources/eeprom.o
 .ARM.extab.text.print_menu
                0x0000fe9c        0xc ./Sources/menu.o
 .ARM.extab.text.print_sub_menu
                0x0000fea8        0xc ./Sources/menu.o
 .ARM.extab.text.print_sub_menu2
                0x0000feb4        0xc ./Sources/menu.o
 .ARM.extab.text.menu_select
                0x0000fec0        0xc ./Sources/menu.o
 .ARM.extab.text.menu_back
                0x0000fecc        0xc ./Sources/menu.o
 .ARM.extab.text.refresh_menu
                0x0000fed8        0xc ./Sources/menu.o
 .ARM.extab.text.serial_send_block
                0x0000fee4        0xc ./Sources/protocol.o
 .ARM.extab.text.serial_send_float
                0x0000fef0        0xc ./Sources/protocol.o
 .ARM.extab.text.serial_send_int
                0x0000fefc        0xc ./Sources/protocol.o
 .ARM.extab.text.serial_send_string
                0x0000ff08        0xc ./Sources/protocol.o
 .ARM.extab.text.serial_send_char
                0x0000ff14        0xc ./Sources/protocol.o
 .ARM.extab.text.msg_parse
                0x0000ff20        0xc ./Sources/protocol.o
 .ARM.extab.text.msg_processing
                0x0000ff2c        0xc ./Sources/protocol.o
 .ARM.extab.text.select_baud_rate
                0x0000ff38        0xc ./Sources/protocol.o
 .ARM.extab.text.Send_Control_Mode
                0x0000ff44        0xc ./Sources/send.o
 .ARM.extab.text.send_fct
                0x0000ff50        0xc ./Sources/send.o
 .ARM.extab.text.get_update_value
                0x0000ff5c        0xc ./Sources/send.o
 .ARM.extab     0x0000ff68        0xc c:/freescale/kds_v3/toolchain/bin/../lib/gcc/arm-none-eabi/4.8.4/armv7e-m\libgcc.a(unwind-arm.o)
 .ARM.extab     0x0000ff74       0x18 c:/freescale/kds_v3/toolchain/bin/../lib/gcc/arm-none-eabi/4.8.4/armv7e-m\libgcc.a(pr-support.o)

.ARM            0x0000ff8c      0x300
                0x0000ff8c                __exidx_start = .
 *(.ARM.exidx*)
 .ARM.exidx     0x0000ff8c        0x8 c:/freescale/kds_v3/toolchain/bin/../lib/gcc/arm-none-eabi/4.8.4/../../../../arm-none-eabi/lib/armv7e-m/crt0.o
 .ARM.exidx.text.LCD_Init
                0x00010054        0x8 ./Sources/LCD.o
 .ARM.exidx.text.LCD_command
                0x0001005c        0x8 ./Sources/LCD.o
 .ARM.exidx.text.LCD_Set_Cursor
                0x00010064        0x8 ./Sources/LCD.o
 .ARM.exidx.text.LCD_Write
                0x0001006c        0x8 ./Sources/LCD.o
 .ARM.exidx.text.load_custom_char
                0x00010074        0x8 ./Sources/LCD.o
 .ARM.exidx.text.LCD_Write_At
                0x0001007c        0x8 ./Sources/LCD.o
 .ARM.exidx.text.LCD_Write_Block
                0x00010084        0x8 ./Sources/LCD.o
 .ARM.exidx.text.PCA9670_Init
                0x0001008c        0x8 ./Sources/PCA9670.o
 .ARM.exidx.text.PCA9670_SendByte
                0x00010094        0x8 ./Sources/PCA9670.o
 .ARM.exidx.text.select_cue
                0x0001009c        0x8 ./Sources/cue.o
 .ARM.exidx.text.vspfunc
                0x000100a4        0x8 ./Sources/display.o
 .ARM.exidx.text.print_float_at
                0x000100ac        0x8 ./Sources/display.o
 .ARM.exidx.text.print_int_at
                0x000100b4        0x8 ./Sources/display.o
 .ARM.exidx.text.print_cue_array
                0x000100bc        0x8 ./Sources/display.o
 .ARM.exidx.text.print_all_cue
                0x000100c4        0x8 ./Sources/display.o
 .ARM.exidx.text.load_char
                0x000100cc        0x8 ./Sources/display.o
 .ARM.exidx.text.menu_init
                0x000100d4        0x8 ./Sources/display.o
 .ARM.exidx.text.refresh
                0x000100dc        0x8 ./Sources/display.o
 .ARM.exidx.text.select
                0x000100e4        0x8 ./Sources/display.o
 .ARM.exidx.text.back
                0x000100ec        0x8 ./Sources/display.o
 .ARM.exidx.text.controle_mode_display
                0x000100f4        0x8 ./Sources/display.o
 .ARM.exidx.text.control_mode_fct
                0x000100fc        0x8 ./Sources/display.o
 .ARM.exidx.text.update_icon_dir
                0x00010104        0x8 ./Sources/display.o
 .ARM.exidx.text.update_icon_drive_enable
                0x0001010c        0x8 ./Sources/display.o
 .ARM.exidx.text.select_setting
                0x00010114        0x8 ./Sources/display.o
 .ARM.exidx.text.refresh_fct
                0x0001011c        0x8 ./Sources/display.o
 .ARM.exidx.text.velocity_fct
                0x00010124        0x8 ./Sources/display.o
 .ARM.exidx.text.acceleration_fct
                0x0001012c        0x8 ./Sources/display.o
 .ARM.exidx.text.deceleration_fct
                0x00010134        0x0 ./Sources/display.o
                                  0x8 (size before relaxing)
 .ARM.exidx.text.back_fct
                0x00010134        0x0 ./Sources/display.o
                                  0x8 (size before relaxing)
 .ARM.exidx.text.pos_position_fct
                0x00010134        0x8 ./Sources/display.o
 .ARM.exidx.text.pos_velocity_fct
                0x0001013c        0x8 ./Sources/display.o
 .ARM.exidx.text.pos_acceleration_fct
                0x00010144        0x0 ./Sources/display.o
                                  0x8 (size before relaxing)
 .ARM.exidx.text.pos_deceleration_fct
                0x00010144        0x0 ./Sources/display.o
                                  0x8 (size before relaxing)
 .ARM.exidx.text.pos_set_home_fct
                0x00010144        0x0 ./Sources/display.o
                                  0x8 (size before relaxing)
 .ARM.exidx.text.torque_fct
                0x00010144        0x8 ./Sources/display.o
 .ARM.exidx.text.torque_rise_fct
                0x0001014c        0x8 ./Sources/display.o
 .ARM.exidx.text.torque_fall_fct
                0x00010154        0x0 ./Sources/display.o
                                  0x8 (size before relaxing)
 .ARM.exidx.text.pos_play_cue_fct
                0x00010154        0x8 ./Sources/display.o
 .ARM.exidx.text.pos_rec_cue_fct
                0x0001015c        0x8 ./Sources/display.o
 .ARM.exidx.text.pos_mod_cue_fct
                0x00010164        0x8 ./Sources/display.o
 .ARM.exidx.text.pos_del_cue_fct
                0x0001016c        0x8 ./Sources/display.o
 .ARM.exidx.text.vel_play_cue_fct
                0x00010174        0x8 ./Sources/display.o
 .ARM.exidx.text.vel_rec_cue_fct
                0x0001017c        0x8 ./Sources/display.o
 .ARM.exidx.text.vel_mod_cue_fct
                0x00010184        0x8 ./Sources/display.o
 .ARM.exidx.text.vel_del_cue_fct
                0x0001018c        0x8 ./Sources/display.o
 .ARM.exidx.text.select_baud_rate_fct
                0x00010194        0x8 ./Sources/display.o
 .ARM.exidx.text.select_update_menu_fct
                0x0001019c        0x0 ./Sources/display.o
                                  0x8 (size before relaxing)
 .ARM.exidx.text.short_cut_position_menu
                0x0001019c        0x0 ./Sources/display.o
                                  0x8 (size before relaxing)
 .ARM.exidx.text._Z41__static_initialization_and_destruction_0ii
                0x0001019c        0x8 ./Sources/display.o
 .ARM.exidx.text._GLOBAL__sub_I_buffer
                0x000101a4        0x0 ./Sources/display.o
                                  0x8 (size before relaxing)
 .ARM.exidx.text.load_cue
                0x000101a4        0x8 ./Sources/eeprom.o
 .ARM.exidx.text.write_cue
                0x000101ac        0x8 ./Sources/eeprom.o
 .ARM.exidx.text.erase_cue
                0x000101b4        0x8 ./Sources/eeprom.o
 .ARM.exidx.text.get_next_slot_free
                0x000101bc        0x8 ./Sources/eeprom.o
 .ARM.exidx.text.get_slot_saved
                0x000101c4        0x8 ./Sources/eeprom.o
 .ARM.exidx.text.get_cue_values
                0x000101cc       0x10 ./Sources/eeprom.o
                                  0x8 (size before relaxing)
 .ARM.exidx.text.init_menu
                0x000101dc        0x0 ./Sources/menu.o
                                  0x8 (size before relaxing)
 .ARM.exidx.text.init_sub_menu
                0x000101dc        0x0 ./Sources/menu.o
                                  0x8 (size before relaxing)
 .ARM.exidx.text.init_sub_menu2
                0x000101dc        0x0 ./Sources/menu.o
                                  0x8 (size before relaxing)
 .ARM.exidx.text.init_menu_list
                0x000101dc        0x0 ./Sources/menu.o
                                  0x8 (size before relaxing)
 .ARM.exidx.text.init_sub_menu_list
                0x000101dc        0x0 ./Sources/menu.o
                                  0x8 (size before relaxing)
 .ARM.exidx.text.init_sub_menu2_list
                0x000101dc        0x0 ./Sources/menu.o
                                  0x8 (size before relaxing)
 .ARM.exidx.text.print_menu
                0x000101dc        0x8 ./Sources/menu.o
 .ARM.exidx.text.print_sub_menu
                0x000101e4        0x8 ./Sources/menu.o
 .ARM.exidx.text.print_sub_menu2
                0x000101ec        0x8 ./Sources/menu.o
 .ARM.exidx.text.menu_select
                0x000101f4        0x8 ./Sources/menu.o
 .ARM.exidx.text.menu_back
                0x000101fc        0x8 ./Sources/menu.o
 .ARM.exidx.text.refresh_menu
                0x00010204        0x8 ./Sources/menu.o
 .ARM.exidx.text.void_function
                0x0001020c        0x8 ./Sources/menu.o
 .ARM.exidx.text.parameters_init
                0x00010214        0x0 ./Sources/parameters.o
                                  0x8 (size before relaxing)
 .ARM.exidx.text.convert
                0x00010214        0x0 ./Sources/parameters.o
                                  0x8 (size before relaxing)
 .ARM.exidx.text.serial_send_block
                0x00010214        0x8 ./Sources/protocol.o
 .ARM.exidx.text.serial_send_float
                0x0001021c        0x8 ./Sources/protocol.o
 .ARM.exidx.text.serial_send_int
                0x00010224        0x8 ./Sources/protocol.o
 .ARM.exidx.text.serial_send_string
                0x0001022c        0x8 ./Sources/protocol.o
 .ARM.exidx.text.serial_send_char
                0x00010234        0x8 ./Sources/protocol.o
 .ARM.exidx.text.serial_send_end
                0x0001023c        0x8 ./Sources/protocol.o
 .ARM.exidx.text.msg_parse
                0x00010244        0x8 ./Sources/protocol.o
 .ARM.exidx.text.msg_processing
                0x0001024c        0x8 ./Sources/protocol.o
 .ARM.exidx.text.select_baud_rate
                0x00010254        0x8 ./Sources/protocol.o
 .ARM.exidx.text.Send_Control_Mode
                0x0001025c        0x8 ./Sources/send.o
 .ARM.exidx.text.send_fct
                0x00010264        0x8 ./Sources/send.o
 .ARM.exidx.text.get_update_drive_en
                0x0001026c        0x8 ./Sources/send.o
 .ARM.exidx.text.get_update_value
                0x00010274        0x8 ./Sources/send.o
 .ARM.exidx.text.send_stop
                0x0001027c        0x8 ./Sources/send.o
 .ARM.exidx.text.send_velocity_cue
                0x00010284        0x0 ./Sources/send.o
                                  0x8 (size before relaxing)
 .ARM.exidx.text.send_position_cue
                0x00010284        0x0 ./Sources/send.o
                                  0x8 (size before relaxing)
 .ARM.exidx.text.velocity_processing
                0x00010284        0x8 ./Sources/send.o
 .ARM.exidx.text.velocity_ref_processing
                0x0001028c        0x0 ./Sources/send.o
                                  0x8 (size before relaxing)
 .ARM.exidx.text.acceleration_processing
                0x0001028c        0x0 ./Sources/send.o
                                  0x8 (size before relaxing)
 .ARM.exidx.text.deceleration_processing
                0x0001028c        0x0 ./Sources/send.o
                                  0x8 (size before relaxing)
 .ARM.exidx.text.torque_processing
                0x0001028c        0x0 ./Sources/send.o
                                  0x8 (size before relaxing)
 .ARM.exidx.text.torque_rise_processing
                0x0001028c        0x0 ./Sources/send.o
                                  0x8 (size before relaxing)
 .ARM.exidx.text.torque_fall_processing
                0x0001028c        0x0 ./Sources/send.o
                                  0x8 (size before relaxing)
 .ARM.exidx.text.control_mode_processing
                0x0001028c        0x0 ./Sources/send.o
                                  0x8 (size before relaxing)
 .ARM.exidx.text.drive_enable_processing
                0x0001028c        0x0 ./Sources/send.o
                                  0x8 (size before relaxing)
 .ARM.exidx     0x0000ff94       0x88 c:/freescale/kds_v3/toolchain/bin/../lib/gcc/arm-none-eabi/4.8.4/armv7e-m\libgcc.a(unwind-arm.o)
                                 0xd8 (size before relaxing)
 .ARM.exidx     0x0001001c       0x38 c:/freescale/kds_v3/toolchain/bin/../lib/gcc/arm-none-eabi/4.8.4/armv7e-m\libgcc.a(pr-support.o)
                                 0x48 (size before relaxing)
                0x0001028c                __exidx_end = .

.rel.dyn        0x0001028c        0x0
 .rel.iplt      0x00000000        0x0 c:/freescale/kds_v3/toolchain/bin/../lib/gcc/arm-none-eabi/4.8.4/armv7e-m/crtbegin.o

.ctors          0x0001028c        0x0
                0x0001028c                __CTOR_LIST__ = .
 *crtbegin.o(.ctors)
 *(EXCLUDE_FILE(*crtend.o) .ctors)
 *(SORT(.ctors.*))
 *(.ctors)
                0x0001028c                __CTOR_END__ = .

.dtors          0x0001028c        0x0
                0x0001028c                __DTOR_LIST__ = .
 *crtbegin.o(.dtors)
 *(EXCLUDE_FILE(*crtend.o) .dtors)
 *(SORT(.dtors.*))
 *(.dtors)
                0x0001028c                __DTOR_END__ = .

.preinit_array  0x0001028c        0x0
                0x0001028c                PROVIDE (__preinit_array_start, .)
 *(.preinit_array*)
                0x0001028c                PROVIDE (__preinit_array_end, .)

.init_array     0x0001028c        0x8
                0x0001028c                PROVIDE (__init_array_start, .)
 *(SORT(.init_array.*))
 *(.init_array*)
 .init_array    0x0001028c        0x4 c:/freescale/kds_v3/toolchain/bin/../lib/gcc/arm-none-eabi/4.8.4/armv7e-m/crtbegin.o
 .init_array    0x00010290        0x4 ./Sources/display.o
                0x00010294                PROVIDE (__init_array_end, .)

.fini_array     0x00010294        0x4
                0x00010294                PROVIDE (__fini_array_start, .)
 *(SORT(.fini_array.*))
 *(.fini_array*)
 .fini_array    0x00010294        0x4 c:/freescale/kds_v3/toolchain/bin/../lib/gcc/arm-none-eabi/4.8.4/armv7e-m/crtbegin.o
                0x00010298                PROVIDE (__fini_array_end, .)
                0x00010298                ___ROM_AT = .

.data           0x1fff8000       0xe8 load address 0x00010298
                0x1fff8000                . = ALIGN (0x4)
                0x1fff8000                _sdata = .
 *(.data)
 *(.data*)
 .data._ZL6Get_OK
                0x1fff8000        0x4 ./Sources/protocol.o
 .data._ZL7Get_ERR
                0x1fff8004        0x4 ./Sources/protocol.o
 .data._ZL6Set_OK
                0x1fff8008        0x4 ./Sources/protocol.o
 .data._ZL7Set_ERR
                0x1fff800c        0x4 ./Sources/protocol.o
 .data._ZL8Velocity
                0x1fff8010        0x4 ./Sources/protocol.o
 .data._ZL12Velocity_ref
                0x1fff8014        0x4 ./Sources/protocol.o
 .data._ZL8Set_Home
                0x1fff8018        0x4 ./Sources/protocol.o
 .data._ZL12Acceleration
                0x1fff801c        0x4 ./Sources/protocol.o
 .data._ZL12Deceleration
                0x1fff8020        0x4 ./Sources/protocol.o
 .data._ZL6Torque
                0x1fff8024        0x4 ./Sources/protocol.o
 .data._ZL11Torque_rise
                0x1fff8028        0x4 ./Sources/protocol.o
 .data._ZL11Torque_fall
                0x1fff802c        0x4 ./Sources/protocol.o
 .data._ZL12Drive_Enable
                0x1fff8030        0x4 ./Sources/protocol.o
 .data._ZL12Control_Mode
                0x1fff8034        0x4 ./Sources/protocol.o
 .data._ZL3Get  0x1fff8038        0x4 ./Sources/send.o
 .data._ZL3Set  0x1fff803c        0x4 ./Sources/send.o
 .data._ZL8Velocity
                0x1fff8040        0x4 ./Sources/send.o
 .data._ZL12Velocity_ref
                0x1fff8044        0x4 ./Sources/send.o
 .data._ZL8Position
                0x1fff8048        0x4 ./Sources/send.o
 .data._ZL12Position_ref
                0x1fff804c        0x4 ./Sources/send.o
 .data._ZL6Pos_go
                0x1fff8050        0x4 ./Sources/send.o
 .data._ZL8Set_Home
                0x1fff8054        0x4 ./Sources/send.o
 .data._ZL7Go_Home
                0x1fff8058        0x4 ./Sources/send.o
 .data._ZL12Acceleration
                0x1fff805c        0x4 ./Sources/send.o
 .data._ZL12Deceleration