Archive member included because of file (symbol)

c:/freescale/kds_v3/toolchain/bin/../lib/gcc/arm-none-eabi/4.8.4/../../../../arm-none-eabi/lib/armv7e-m\libm.a(lib_a-s_round.o)
                              ./Sources/display.o (round)
c:/freescale/kds_v3/toolchain/bin/../lib/gcc/arm-none-eabi/4.8.4/../../../../arm-none-eabi/lib/armv7e-m\libm.a(lib_a-w_pow.o)
                              ./Sources/display.o (pow)
c:/freescale/kds_v3/toolchain/bin/../lib/gcc/arm-none-eabi/4.8.4/../../../../arm-none-eabi/lib/armv7e-m\libm.a(lib_a-e_pow.o)
                              c:/freescale/kds_v3/toolchain/bin/../lib/gcc/arm-none-eabi/4.8.4/../../../../arm-none-eabi/lib/armv7e-m\libm.a(lib_a-w_pow.o) (__ieee754_pow)
c:/freescale/kds_v3/toolchain/bin/../lib/gcc/arm-none-eabi/4.8.4/../../../../arm-none-eabi/lib/armv7e-m\libm.a(lib_a-e_sqrt.o)
                              c:/freescale/kds_v3/toolchain/bin/../lib/gcc/arm-none-eabi/4.8.4/../../../../arm-none-eabi/lib/armv7e-m\libm.a(lib_a-e_pow.o) (__ieee754_sqrt)
c:/freescale/kds_v3/toolchain/bin/../lib/gcc/arm-none-eabi/4.8.4/../../../../arm-none-eabi/lib/armv7e-m\libm.a(lib_a-s_fabs.o)
                              c:/freescale/kds_v3/toolchain/bin/../lib/gcc/arm-none-eabi/4.8.4/../../../../arm-none-eabi/lib/armv7e-m\libm.a(lib_a-e_pow.o) (fabs)
c:/freescale/kds_v3/toolchain/bin/../lib/gcc/arm-none-eabi/4.8.4/../../../../arm-none-eabi/lib/armv7e-m\libm.a(lib_a-s_finite.o)
                              c:/freescale/kds_v3/toolchain/bin/../lib/gcc/arm-none-eabi/4.8.4/../../../../arm-none-eabi/lib/armv7e-m\libm.a(lib_a-w_pow.o) (finite)
c:/freescale/kds_v3/toolchain/bin/../lib/gcc/arm-none-eabi/4.8.4/../../../../arm-none-eabi/lib/armv7e-m\libm.a(lib_a-s_fpclassify.o)
                              c:/freescale/kds_v3/toolchain/bin/../lib/gcc/arm-none-eabi/4.8.4/../../../../arm-none-eabi/lib/armv7e-m\libm.a(lib_a-w_pow.o) (__fpclassifyd)
c:/freescale/kds_v3/toolchain/bin/../lib/gcc/arm-none-eabi/4.8.4/../../../../arm-none-eabi/lib/armv7e-m\libm.a(lib_a-s_lib_ver.o)
                              c:/freescale/kds_v3/toolchain/bin/../lib/gcc/arm-none-eabi/4.8.4/../../../../arm-none-eabi/lib/armv7e-m\libm.a(lib_a-w_pow.o) (__fdlib_version)
c:/freescale/kds_v3/toolchain/bin/../lib/gcc/arm-none-eabi/4.8.4/../../../../arm-none-eabi/lib/armv7e-m\libm.a(lib_a-s_matherr.o)
                              c:/freescale/kds_v3/toolchain/bin/../lib/gcc/arm-none-eabi/4.8.4/../../../../arm-none-eabi/lib/armv7e-m\libm.a(lib_a-w_pow.o) (matherr)
c:/freescale/kds_v3/toolchain/bin/../lib/gcc/arm-none-eabi/4.8.4/../../../../arm-none-eabi/lib/armv7e-m\libm.a(lib_a-s_nan.o)
                              c:/freescale/kds_v3/toolchain/bin/../lib/gcc/arm-none-eabi/4.8.4/../../../../arm-none-eabi/lib/armv7e-m\libm.a(lib_a-e_pow.o) (nan)
c:/freescale/kds_v3/toolchain/bin/../lib/gcc/arm-none-eabi/4.8.4/../../../../arm-none-eabi/lib/armv7e-m\libm.a(lib_a-s_rint.o)
                              c:/freescale/kds_v3/toolchain/bin/../lib/gcc/arm-none-eabi/4.8.4/../../../../arm-none-eabi/lib/armv7e-m\libm.a(lib_a-w_pow.o) (rint)
c:/freescale/kds_v3/toolchain/bin/../lib/gcc/arm-none-eabi/4.8.4/../../../../arm-none-eabi/lib/armv7e-m\libm.a(lib_a-s_scalbn.o)
                              c:/freescale/kds_v3/toolchain/bin/../lib/gcc/arm-none-eabi/4.8.4/../../../../arm-none-eabi/lib/armv7e-m\libm.a(lib_a-e_pow.o) (scalbn)
c:/freescale/kds_v3/toolchain/bin/../lib/gcc/arm-none-eabi/4.8.4/../../../../arm-none-eabi/lib/armv7e-m\libm.a(lib_a-s_copysign.o)
                              c:/freescale/kds_v3/toolchain/bin/../lib/gcc/arm-none-eabi/4.8.4/../../../../arm-none-eabi/lib/armv7e-m\libm.a(lib_a-s_scalbn.o) (copysign)
c:/freescale/kds_v3/toolchain/bin/../lib/gcc/arm-none-eabi/4.8.4/armv7e-m\libgcc.a(_arm_addsubdf3.o)
                              c:/freescale/kds_v3/toolchain/bin/../lib/gcc/arm-none-eabi/4.8.4/../../../../arm-none-eabi/lib/armv7e-m\libm.a(lib_a-e_pow.o) (__aeabi_dsub)
c:/freescale/kds_v3/toolchain/bin/../lib/gcc/arm-none-eabi/4.8.4/armv7e-m\libgcc.a(_arm_muldivdf3.o)
                              ./Sources/display.o (__aeabi_dmul)
c:/freescale/kds_v3/toolchain/bin/../lib/gcc/arm-none-eabi/4.8.4/armv7e-m\libgcc.a(_arm_cmpdf2.o)
                              c:/freescale/kds_v3/toolchain/bin/../lib/gcc/arm-none-eabi/4.8.4/../../../../arm-none-eabi/lib/armv7e-m\libm.a(lib_a-w_pow.o) (__aeabi_dcmpeq)
c:/freescale/kds_v3/toolchain/bin/../lib/gcc/arm-none-eabi/4.8.4/armv7e-m\libgcc.a(_arm_fixdfsi.o)
                              ./Sources/display.o (__aeabi_d2iz)
c:/freescale/kds_v3/toolchain/bin/../lib/gcc/arm-none-eabi/4.8.4/armv7e-m\libgcc.a(_arm_addsubsf3.o)
                              ./Sources/Events.o (__aeabi_fsub)
c:/freescale/kds_v3/toolchain/bin/../lib/gcc/arm-none-eabi/4.8.4/armv7e-m\libgcc.a(_arm_muldivsf3.o)
                              ./Sources/display.o (__aeabi_fmul)
c:/freescale/kds_v3/toolchain/bin/../lib/gcc/arm-none-eabi/4.8.4/armv7e-m\libgcc.a(_arm_cmpsf2.o)
[...]
Memory Configuration

Name             Origin             Length             Attributes
m_interrupts     0x00000000         0x000003fe         xr
m_text           0x00000410         0x0003ebf0         xr
m_data           0x1fff8000         0x00008000         rw
m_data_20000000  0x20000000         0x00008000         rw
m_cue            0x0003f000         0x00000ffe         xrw
m_cfmprotrom     0x00000400         0x00000010         xr
*default*        0x00000000         0xffffffff

Linker script and memory map

LOAD c:/freescale/kds_v3/toolchain/bin/../lib/gcc/arm-none-eabi/4.8.4/armv7e-m/crti.o
LOAD c:/freescale/kds_v3/toolchain/bin/../lib/gcc/arm-none-eabi/4.8.4/armv7e-m/crtbegin.o
LOAD c:/freescale/kds_v3/toolchain/bin/../lib/gcc/arm-none-eabi/4.8.4/../../../../arm-none-eabi/lib/armv7e-m/crt0.o
LOAD ./Sources/Events.o
LOAD ./Sources/LCD.o
LOAD ./Sources/PCA9670.o
LOAD ./Sources/cue.o
LOAD ./Sources/display.o
LOAD ./Sources/eeprom.o
LOAD ./Sources/encoder_variable.o
LOAD ./Sources/main.o
LOAD ./Sources/menu.o
LOAD ./Sources/parameters.o
LOAD ./Sources/protocol.o
LOAD ./Sources/send.o
LOAD ./Project_Settings/Startup_Code/startup.o
LOAD ./Generated_Code/AS1.o
LOAD ./Generated_Code/ASerialLdd1.o
LOAD ./Generated_Code/BitIoLdd1.o
LOAD ./Generated_Code/BitIoLdd2.o
LOAD ./Generated_Code/BitIoLdd3.o
LOAD ./Generated_Code/BitIoLdd4.o
LOAD ./Generated_Code/BitIoLdd5.o
LOAD ./Generated_Code/BitIoLdd6.o
LOAD ./Generated_Code/BitIoLdd7.o
LOAD ./Generated_Code/BitIoLdd8.o
LOAD ./Generated_Code/CS1.o
LOAD ./Generated_Code/Cpu.o
LOAD ./Generated_Code/ENCODER.o
LOAD ./Generated_Code/ENCODER_PUSH.o
LOAD ./Generated_Code/ExtIntLdd1.o
LOAD ./Generated_Code/ExtIntLdd2.o
LOAD ./Generated_Code/ExtIntLdd3.o
LOAD ./Generated_Code/ExtIntLdd4.o
LOAD ./Generated_Code/ExtIntLdd5.o
LOAD ./Generated_Code/I2C0.o
LOAD ./Generated_Code/IFsh1.o
LOAD ./Generated_Code/IntFlashLdd1.o
LOAD ./Generated_Code/IntI2cLdd1.o
LOAD ./Generated_Code/KSDK1.o
LOAD ./Generated_Code/LCD_CTR.o
LOAD ./Generated_Code/LCD_EN.o
LOAD ./Generated_Code/LED_DEBUG.o
LOAD ./Generated_Code/LED_MOTOR_MOVE.o
LOAD ./Generated_Code/LED_STATUS_1.o
LOAD ./Generated_Code/LED_STATUS_2.o
LOAD ./Generated_Code/LED_STATUS_3.o
LOAD ./Generated_Code/LED_STATUS_4.o
LOAD ./Generated_Code/LEVER_DIR1.o
LOAD ./Generated_Code/LEVER_DIR2.o
LOAD ./Generated_Code/PCA.o
LOAD ./Generated_Code/PE_LDD.o
LOAD ./Generated_Code/PUSH_BUTTON_REC.o
LOAD ./Generated_Code/PUSH_BUTTON_SEND.o
LOAD ./Generated_Code/TU1.o
LOAD ./Generated_Code/T_100ms.o
LOAD ./Generated_Code/T_500ms.o
LOAD ./Generated_Code/Vectors.o
LOAD ./Generated_Code/WAIT1.o
LOAD ./.metadata/.plugins/org.eclipse.cdt.make.core/specs.o
LOAD c:/freescale/kds_v3/toolchain/bin/../lib/gcc/arm-none-eabi/4.8.4/../../../../arm-none-eabi/lib/armv7e-m\libstdc++_s.a
LOAD c:/freescale/kds_v3/toolchain/bin/../lib/gcc/arm-none-eabi/4.8.4/../../../../arm-none-eabi/lib/armv7e-m\libm.a
START GROUP
LOAD c:/freescale/kds_v3/toolchain/bin/../lib/gcc/arm-none-eabi/4.8.4/armv7e-m\libgcc.a
LOAD c:/freescale/kds_v3/toolchain/bin/../lib/gcc/arm-none-eabi/4.8.4/../../../../arm-none-eabi/lib/armv7e-m\libg_s.a
LOAD c:/freescale/kds_v3/toolchain/bin/../lib/gcc/arm-none-eabi/4.8.4/../../../../arm-none-eabi/lib/armv7e-m\libc_s.a
END GROUP
START GROUP
LOAD c:/freescale/kds_v3/toolchain/bin/../lib/gcc/arm-none-eabi/4.8.4/armv7e-m\libgcc.a
LOAD c:/freescale/kds_v3/toolchain/bin/../lib/gcc/arm-none-eabi/4.8.4/../../../../arm-none-eabi/lib/armv7e-m\libc_s.a
LOAD c:/freescale/kds_v3/toolchain/bin/../lib/gcc/arm-none-eabi/4.8.4/../../../../arm-none-eabi/lib/armv7e-m\libnosys.a
END GROUP
START GROUP
LOAD c:/freescale/kds_v3/toolchain/bin/../lib/gcc/arm-none-eabi/4.8.4/armv7e-m\libgcc.a
LOAD c:/freescale/kds_v3/toolchain/bin/../lib/gcc/arm-none-eabi/4.8.4/../../../../arm-none-eabi/lib/armv7e-m\libc_s.a
LOAD c:/freescale/kds_v3/toolchain/bin/../lib/gcc/arm-none-eabi/4.8.4/../../../../arm-none-eabi/lib/armv7e-m\libnosys.a
END GROUP
LOAD c:/freescale/kds_v3/toolchain/bin/../lib/gcc/arm-none-eabi/4.8.4/armv7e-m/crtend.o
LOAD c:/freescale/kds_v3/toolchain/bin/../lib/gcc/arm-none-eabi/4.8.4/armv7e-m/crtn.o
                0x20000000                _estack = 0x20000000
                0x20000000                __SP_INIT = _estack
                0x20000000                __stack = _estack
                0x00000000                __heap_size = 0x0
                0x00000400                __stack_size = 0x400

.interrupts     0x00000000      0x1bc
                0x00000000                __vector_table = .
                0x00000000                . = ALIGN (0x4)
 *(.vectortable)
 .vectortable   0x00000000      0x1bc ./Generated_Code/Vectors.o
                0x00000000                __vect_table
                0x000001bc                . = ALIGN (0x4)

.cfmprotect     0x00000400       0x10
                0x00000400                . = ALIGN (0x4)
 *(.cfmconfig)
 .cfmconfig     0x00000400       0x10 ./Generated_Code/Cpu.o
                0x00000400                _cfm
                0x00000410                . = ALIGN (0x4)

.text           0x00000410    0x1016c
                0x00000410                . = ALIGN (0x4)
 *(.text)
 .text          0x00000410       0x54 c:/freescale/kds_v3/toolchain/bin/../lib/gcc/arm-none-eabi/4.8.4/armv7e-m/crtbegin.o
 .text          0x00000464       0x74 c:/freescale/kds_v3/toolchain/bin/../lib/gcc/arm-none-eabi/4.8.4/../../../../arm-none-eabi/lib/armv7e-m/crt0.o
                0x00000464                _start
                0x00000464                _mainCRTStartup
 .text          0x000004d8      0x370 c:/freescale/kds_v3/toolchain/bin/../lib/gcc/arm-none-eabi/4.8.4/armv7e-m\libgcc.a(_arm_addsubdf3.o)
                0x000004d8                __aeabi_drsub
                0x000004e0                __aeabi_dsub
                0x000004e0                __subdf3
                0x000004e4                __aeabi_dadd
                0x000004e4                __adddf3
                0x0000075c                __floatunsidf
                0x0000075c                __aeabi_ui2d
                0x0000077c                __floatsidf
                0x0000077c                __aeabi_i2d
                0x000007a0                __aeabi_f2d
                0x000007a0                __extendsfdf2
                0x000007dc                __floatundidf
                0x000007dc                __aeabi_ul2d
                0x000007ec                __floatdidf
                0x000007ec                __aeabi_l2d
 .text          0x00000848      0x424 c:/freescale/kds_v3/toolchain/bin/../lib/gcc/arm-none-eabi/4.8.4/armv7e-m\libgcc.a(_arm_muldivdf3.o)
                0x00000848                __aeabi_dmul
                0x00000848                __muldf3
                0x00000a9c                __divdf3
                0x00000a9c                __aeabi_ddiv
 .text          0x00000c6c      0x110 c:/freescale/kds_v3/toolchain/bin/../lib/gcc/arm-none-eabi/4.8.4/armv7e-m\libgcc.a(_arm_cmpdf2.o)
                0x00000c6c                __gtdf2
                0x00000c6c                __gedf2
                0x00000c74                __ltdf2
                0x00000c74                __ledf2
                0x00000c7c                __nedf2
                0x00000c7c                __eqdf2
                0x00000c7c                __cmpdf2
                0x00000cf8                __aeabi_cdrcmple
                0x00000d08                __aeabi_cdcmpeq
                0x00000d08                __aeabi_cdcmple
                0x00000d18                __aeabi_dcmpeq
                0x00000d2c                __aeabi_dcmplt
                0x00000d40                __aeabi_dcmple
                0x00000d54                __aeabi_dcmpge
                0x00000d68                __aeabi_dcmpgt
 .text          0x00000d7c       0x50 c:/freescale/kds_v3/toolchain/bin/../lib/gcc/arm-none-eabi/4.8.4/armv7e-m\libgcc.a(_arm_fixdfsi.o)
                0x00000d7c                __aeabi_d2iz
                0x00000d7c                __fixdfsi
 .text          0x00000dcc      0x21c c:/freescale/kds_v3/toolchain/bin/../lib/gcc/arm-none-eabi/4.8.4/armv7e-m\libgcc.a(_arm_addsubsf3.o)
                0x00000dcc                __aeabi_frsub
                0x00000dd4                __subsf3
                0x00000dd4                __aeabi_fsub
                0x00000dd8                __aeabi_fadd
                0x00000dd8                __addsf3
                0x00000f38                __aeabi_ui2f
                0x00000f38                __floatunsisf
                0x00000f40                __aeabi_i2f
                0x00000f40                __floatsisf
                0x00000f5c                __aeabi_ul2f
                0x00000f5c                __floatundisf
                0x00000f6c                __aeabi_l2f
                0x00000f6c                __floatdisf
 .text          0x00000fe8      0x2a0 c:/freescale/kds_v3/toolchain/bin/../lib/gcc/arm-none-eabi/4.8.4/armv7e-m\libgcc.a(_arm_muldivsf3.o)
                0x00000fe8                __mulsf3
                0x00000fe8                __aeabi_fmul
                0x00001150                __aeabi_fdiv
                0x00001150                __divsf3
 .text          0x00001288       0xec c:/freescale/kds_v3/toolchain/bin/../lib/gcc/arm-none-eabi/4.8.4/armv7e-m\libgcc.a(_arm_cmpsf2.o)
                0x00001288                __gesf2
                0x00001288                __gtsf2
                0x00001290                __lesf2
                0x00001290                __ltsf2
                0x00001298                __nesf2
                0x00001298                __eqsf2
                0x00001298                __cmpsf2
                0x000012f8                __aeabi_cfrcmple
                0x00001300                __aeabi_cfcmpeq
                0x00001300                __aeabi_cfcmple
                0x00001310                __aeabi_fcmpeq
                0x00001324                __aeabi_fcmplt
                0x00001338                __aeabi_fcmple
                0x0000134c                __aeabi_fcmpge
                0x00001360                __aeabi_fcmpgt
 .text          0x00001374       0x4c c:/freescale/kds_v3/toolchain/bin/../lib/gcc/arm-none-eabi/4.8.4/armv7e-m\libgcc.a(_arm_fixsfsi.o)
                0x00001374                __aeabi_f2iz
                0x00001374                __fixsfsi
 .text          0x000013c0       0x40 c:/freescale/kds_v3/toolchain/bin/../lib/gcc/arm-none-eabi/4.8.4/armv7e-m\libgcc.a(_arm_fixunssfsi.o)
                0x000013c0                __fixunssfsi
                0x000013c0                __aeabi_f2uiz
 .text          0x00001400      0xa1c c:/freescale/kds_v3/toolchain/bin/../lib/gcc/arm-none-eabi/4.8.4/armv7e-m\libgcc.a(unwind-arm.o)
                0x000016e4                _Unwind_GetCFA
                0x000016e8                __gnu_Unwind_RaiseException
                0x00001748                __gnu_Unwind_ForcedUnwind
                0x0000175c                __gnu_Unwind_Resume
                0x000017a0                __gnu_Unwind_Resume_or_Rethrow
                0x000017b0                _Unwind_Complete
                0x000017b4                _Unwind_DeleteException
                0x000017c4                _Unwind_VRS_Get
                0x00001814                _Unwind_VRS_Set
                0x00001864                __gnu_Unwind_Backtrace
                0x00001bb8                __aeabi_unwind_cpp_pr0
                0x00001bc0                __aeabi_unwind_cpp_pr1
                0x00001bc8                __aeabi_unwind_cpp_pr2
                0x00001bd0                _Unwind_VRS_Pop
 .text          0x00001e1c      0x1ac c:/freescale/kds_v3/toolchain/bin/../lib/gcc/arm-none-eabi/4.8.4/armv7e-m\libgcc.a(libunwind.o)
                0x00001e1c                __restore_core_regs
                0x00001e1c                restore_core_regs
                0x00001e34                __gnu_Unwind_Restore_VFP
                0x00001e3c                __gnu_Unwind_Save_VFP
                0x00001e44                __gnu_Unwind_Restore_VFP_D
                0x00001e4c                __gnu_Unwind_Save_VFP_D
                0x00001e54                __gnu_Unwind_Restore_VFP_D_16_to_31
                0x00001e5c                __gnu_Unwind_Save_VFP_D_16_to_31
                0x00001e64                __gnu_Unwind_Restore_WMMXD
                0x00001ea8                __gnu_Unwind_Save_WMMXD
                0x00001eec                __gnu_Unwind_Restore_WMMXC
                0x00001f00                __gnu_Unwind_Save_WMMXC
                0x00001f14                ___Unwind_RaiseException
                0x00001f14                _Unwind_RaiseException
                0x00001f38                _Unwind_Resume
                0x00001f38                ___Unwind_Resume
                0x00001f5c                _Unwind_Resume_or_Rethrow
                0x00001f5c                ___Unwind_Resume_or_Rethrow
                0x00001f80                _Unwind_ForcedUnwind
                0x00001f80                ___Unwind_ForcedUnwind
                0x00001fa4                ___Unwind_Backtrace
                0x00001fa4                _Unwind_Backtrace
 .text          0x00001fc8      0x33c c:/freescale/kds_v3/toolchain/bin/../lib/gcc/arm-none-eabi/4.8.4/armv7e-m\libgcc.a(pr-support.o)
                0x0000201c                __gnu_unwind_execute
                0x000022a8                __gnu_unwind_frame
                0x000022d4                _Unwind_GetRegionStart
                0x000022e0                _Unwind_GetLanguageSpecificData
                0x000022f4                _Unwind_GetDataRelBase
                0x000022fc                _Unwind_GetTextRelBase
 .text          0x00002304       0x14 c:/freescale/kds_v3/toolchain/bin/../lib/gcc/arm-none-eabi/4.8.4/../../../../arm-none-eabi/lib/armv7e-m\libg_s.a(lib_a-strcmp.o)
                0x00002304                strcmp
 *(.text*)
 .text.PUSH_BUTTON_REC_OnInterrupt
                0x00002318       0x18 ./Sources/Events.o
                0x00002318                PUSH_BUTTON_REC_OnInterrupt
 .text.PUSH_BUTTON_SEND_OnInterrupt
                0x00002330       0x18 ./Sources/Events.o
                0x00002330                PUSH_BUTTON_SEND_OnInterrupt
 .text.I2C0_OnReceiveData
                0x00002348        0xc ./Sources/Events.o
                0x00002348                I2C0_OnReceiveData
 .text.I2C0_OnTransmitData
                0x00002354        0xc ./Sources/Events.o
                0x00002354                I2C0_OnTransmitData
 .text.T_100ms_OnCounterRestart
                0x00002360       0x48 ./Sources/Events.o
                0x00002360                T_100ms_OnCounterRestart
 .text.LEVER_DIR1_OnInterrupt
                0x000023a8       0x48 ./Sources/Events.o
                0x000023a8                LEVER_DIR1_OnInterrupt
 .text.LEVER_DIR2_OnInterrupt
                0x000023f0       0x48 ./Sources/Events.o
                0x000023f0                LEVER_DIR2_OnInterrupt
 .text.ENCODER_PUSH_OnInterrupt
                0x00002438       0xe0 ./Sources/Events.o
                0x00002438                ENCODER_PUSH_OnInterrupt
 .text.ENCODER_OnPortEvent
                0x00002518       0xc0 ./Sources/Events.o
                0x00002518                ENCODER_OnPortEvent
 .text.T_500ms_OnCounterRestart
                0x000025d8      0x130 ./Sources/Events.o
                0x000025d8                T_500ms_OnCounterRestart
 .text.I2C0_OnArbitLost
                0x00002708        0xc ./Sources/Events.o
                0x00002708                I2C0_OnArbitLost
 .text.AS1_OnTxComplete
                0x00002714       0x14 ./Sources/Events.o
                0x00002714                AS1_OnTxComplete
 .text.AS1_OnError
                0x00002728        0xc ./Sources/Events.o
                0x00002728                AS1_OnError
 .text.AS1_OnRxChar
                0x00002734        0xc ./Sources/Events.o
                0x00002734                AS1_OnRxChar
 .text.AS1_OnRxCharExt
                0x00002740       0xa8 ./Sources/Events.o
                0x00002740                AS1_OnRxCharExt
 .text.AS1_OnTxChar
                0x000027e8        0xc ./Sources/Events.o
                0x000027e8                AS1_OnTxChar
 .text.AS1_OnFullRxBuf
                0x000027f4       0x14 ./Sources/Events.o
                0x000027f4                AS1_OnFullRxBuf
 .text.AS1_OnFreeTxBuf
                0x00002808        0xc ./Sources/Events.o
                0x00002808                AS1_OnFreeTxBuf
 .text.TU1_OnCounterRestart
                0x00002814       0x1c ./Sources/Events.o
                0x00002814                TU1_OnCounterRestart
 .text.LCD_Init
                0x00002830       0x50 ./Sources/LCD.o
                0x00002830                LCD_Init
 .text.LCD_command
                0x00002880       0x30 ./Sources/LCD.o
                0x00002880                LCD_command
 .text.LCD_Cursor_On
                0x000028b0        0xc ./Sources/LCD.o
                0x000028b0                LCD_Cursor_On
 .text.LCD_Cursor_Off
                0x000028bc        0xc ./Sources/LCD.o
                0x000028bc                LCD_Cursor_Off
 .text.LCD_Set_Cursor
                0x000028c8       0x58 ./Sources/LCD.o
                0x000028c8                LCD_Set_Cursor
 .text.LCD_Cursor_On_At
                0x00002920       0x24 ./Sources/LCD.o
                0x00002920                LCD_Cursor_On_At
 .text.LCD_Write
                0x00002944       0x28 ./Sources/LCD.o
                0x00002944                LCD_Write
 .text.load_custom_char
                0x0000296c       0x50 ./Sources/LCD.o
                0x0000296c                load_custom_char
 .text.LCD_Write_At
                0x000029bc       0x3c ./Sources/LCD.o
                0x000029bc                LCD_Write_At
 .text.LCD_Write_Block
                0x000029f8       0xa0 ./Sources/LCD.o
                0x000029f8                LCD_Write_Block
 .text.PCA9670_Init
                0x00002a98       0x34 ./Sources/PCA9670.o
                0x00002a98                PCA9670_Init
 .text.PCA9670_SendByte
                0x00002acc       0x3c ./Sources/PCA9670.o
                0x00002acc                PCA9670_SendByte
 .text.select_cue
                0x00002b08      0x180 ./Sources/cue.o
                0x00002b08                select_cue
 .text.vspfunc  0x00002c88       0x30 ./Sources/display.o
                0x00002c88                vspfunc
 .text.print_float_at
                0x00002cb8      0x190 ./Sources/display.o
                0x00002cb8                print_float_at
 .text.print_int_at
                0x00002e48       0xa0 ./Sources/display.o
                0x00002e48                print_int_at
 .text.print_cue_array
                0x00002ee8      0x1d0 ./Sources/display.o
                0x00002ee8                print_cue_array
 .text.print_all_cue
                0x000030b8      0x110 ./Sources/display.o
                0x000030b8                print_all_cue
 .text.load_char
                0x000031c8       0xe8 ./Sources/display.o
                0x000031c8                load_char
 .text.menu_init
                0x000032b0       0x1c ./Sources/display.o
                0x000032b0                menu_init
 .text.refresh  0x000032cc       0x24 ./Sources/display.o
                0x000032cc                refresh
 .text.select   0x000032f0       0x24 ./Sources/display.o
                0x000032f0                select
 .text.back     0x00003314       0x54 ./Sources/display.o
                0x00003314                back
 .text.controle_mode_display
                0x00003368       0x4c ./Sources/display.o
                0x00003368                controle_mode_display
 .text.control_mode_fct
                0x000033b4       0x5c ./Sources/display.o
                0x000033b4                control_mode_fct
 .text.update_icon_dir
                0x00003410       0x78 ./Sources/display.o
                0x00003410                update_icon_dir
 .text.update_icon_drive_enable
                0x00003488       0x3c ./Sources/display.o
                0x00003488                update_icon_drive_enable
 .text.select_setting
                0x000034c4       0x94 ./Sources/display.o
                0x000034c4                select_setting
 .text.refresh_fct
                0x00003558       0xf0 ./Sources/display.o
                0x00003558                refresh_fct
 .text.velocity_fct
                0x00003648      0x480 ./Sources/display.o
                0x00003648                velocity_fct
 .text.acceleration_fct
                0x00003ac8      0x16c ./Sources/display.o
                0x00003ac8                acceleration_fct
 .text.deceleration_fct
                0x00003c34      0x16c ./Sources/display.o
                0x00003c34                deceleration_fct
 .text.back_fct
                0x00003da0       0x30 ./Sources/display.o
                0x00003da0                back_fct
 .text.pos_position_fct
                0x00003dd0      0x514 ./Sources/display.o
                0x00003dd0                pos_position_fct
 .text.pos_velocity_fct
                0x000042e4      0x114 ./Sources/display.o
                0x000042e4                pos_velocity_fct
 .text.pos_acceleration_fct
                0x000043f8      0x16c ./Sources/display.o
                0x000043f8                pos_acceleration_fct
 .text.pos_deceleration_fct
                0x00004564      0x16c ./Sources/display.o
                0x00004564                pos_deceleration_fct
 .text.pos_set_home_fct
                0x000046d0       0x8c ./Sources/display.o
                0x000046d0                pos_set_home_fct
 .text.torque_fct
                0x0000475c      0x370 ./Sources/display.o
                0x0000475c                torque_fct
 .text.torque_rise_fct
                0x00004acc      0x16c ./Sources/display.o
                0x00004acc                torque_rise_fct
 .text.torque_fall_fct
                0x00004c38      0x168 ./Sources/display.o
                0x00004c38                torque_fall_fct
 .text.pos_play_cue_fct
                0x00004da0      0x320 ./Sources/display.o
                0x00004da0                pos_play_cue_fct
 .text.pos_rec_cue_fct
                0x000050c0      0x2ac ./Sources/display.o
                0x000050c0                pos_rec_cue_fct
 .text.pos_mod_cue_fct
                0x0000536c      0x328 ./Sources/display.o
                0x0000536c                pos_mod_cue_fct
 .text.pos_del_cue_fct
                0x00005694      0x334 ./Sources/display.o
                0x00005694                pos_del_cue_fct
 .text.vel_play_cue_fct
                0x000059c8      0x2b8 ./Sources/display.o
                0x000059c8                vel_play_cue_fct
 .text.vel_rec_cue_fct
                0x00005c80      0x248 ./Sources/display.o
                0x00005c80                vel_rec_cue_fct
 .text.vel_mod_cue_fct
                0x00005ec8      0x2b8 ./Sources/display.o
                0x00005ec8                vel_mod_cue_fct
 .text.vel_del_cue_fct
                0x00006180      0x2c4 ./Sources/display.o
                0x00006180                vel_del_cue_fct
 .text.select_baud_rate_fct
                0x00006444      0x120 ./Sources/display.o
                0x00006444                select_baud_rate_fct
 .text.select_update_menu_fct
                0x00006564      0x120 ./Sources/display.o
                0x00006564                select_update_menu_fct
 .text.short_cut_position_menu
                0x00006684       0x68 ./Sources/display.o
                0x00006684                short_cut_position_menu
 .text.display_resolution
                0x000066ec       0x68 ./Sources/display.o
                0x000066ec                display_resolution
 .text.get_cursor_resolution_position
                0x00006754       0x4c ./Sources/display.o
                0x00006754                get_cursor_resolution_position
 .text.get_resolution
                0x000067a0       0x50 ./Sources/display.o
                0x000067a0                get_resolution
 .text._Z41__static_initialization_and_destruction_0ii
                0x000067f0      0x894 ./Sources/display.o
 .text._GLOBAL__sub_I_buffer
                0x00007084       0x10 ./Sources/display.o
 .text.load_cue
                0x00007094      0x10c ./Sources/eeprom.o
                0x00007094                load_cue
 .text.write_cue
                0x000071a0      0x170 ./Sources/eeprom.o
                0x000071a0                write_cue
 .text.erase_cue
                0x00007310       0x58 ./Sources/eeprom.o
                0x00007310                erase_cue
 .text.get_next_slot_free
                0x00007368       0xd0 ./Sources/eeprom.o
                0x00007368                get_next_slot_free
 .text.get_slot_saved
                0x00007438      0x110 ./Sources/eeprom.o
                0x00007438                get_slot_saved
 .text.get_cue_values
                0x00007548       0xd4 ./Sources/eeprom.o
                0x00007548                get_cue_values
 *fill*         0x0000761c        0x4 
 .text.main     0x00007620      0x9c8 ./Sources/main.o
                0x00007620                main
 .text.init_menu
                0x00007fe8       0x44 ./Sources/menu.o
                0x00007fe8                init_menu
 .text.init_sub_menu
                0x0000802c       0x68 ./Sources/menu.o
                0x0000802c                init_sub_menu
 .text.init_sub_menu2
                0x00008094       0x48 ./Sources/menu.o
                0x00008094                init_sub_menu2
 .text.init_menu_list
                0x000080dc       0x30 ./Sources/menu.o
                0x000080dc                init_menu_list
 .text.init_sub_menu_list
                0x0000810c       0x30 ./Sources/menu.o
                0x0000810c                init_sub_menu_list
 .text.init_sub_menu2_list
                0x0000813c       0x30 ./Sources/menu.o
                0x0000813c                init_sub_menu2_list
 .text.print_menu
                0x0000816c      0x158 ./Sources/menu.o
                0x0000816c                print_menu
 .text.print_sub_menu
                0x000082c4      0x178 ./Sources/menu.o
                0x000082c4                print_sub_menu
 .text.print_sub_menu2
                0x0000843c      0x178 ./Sources/menu.o
                0x0000843c                print_sub_menu2
 .text.menu_select
                0x000085b4      0x2b4 ./Sources/menu.o
                0x000085b4                menu_select
 .text.menu_back
                0x00008868      0x37c ./Sources/menu.o
                0x00008868                menu_back
 .text.refresh_menu
                0x00008be4      0x174 ./Sources/menu.o
                0x00008be4                refresh_menu
 .text.void_function
                0x00008d58        0xc ./Sources/menu.o
                0x00008d58                void_function
 .text.parameters_init
                0x00008d64       0x94 ./Sources/parameters.o
                0x00008d64                parameters_init
 .text.convert  0x00008df8       0x3c ./Sources/parameters.o
                0x00008df8                convert
 .text.serial_send_block
                0x00008e34       0xdc ./Sources/protocol.o
                0x00008e34                serial_send_block
 .text.serial_send_float
                0x00008f10       0x30 ./Sources/protocol.o
                0x00008f10                serial_send_float
 .text.serial_send_int
                0x00008f40       0x30 ./Sources/protocol.o
                0x00008f40                serial_send_int
 .text.serial_send_string
                0x00008f70       0x58 ./Sources/protocol.o
                0x00008f70                serial_send_string
 .text.serial_send_char
                0x00008fc8       0x30 ./Sources/protocol.o
                0x00008fc8                serial_send_char
 .text.serial_send_end
                0x00008ff8       0x14 ./Sources/protocol.o
                0x00008ff8                serial_send_end
 .text.msg_parse
                0x0000900c      0x1d4 ./Sources/protocol.o
                0x0000900c                msg_parse
 .text.msg_processing
                0x000091e0      0x374 ./Sources/protocol.o
                0x000091e0                msg_processing
 .text.select_baud_rate
                0x00009554       0x1c ./Sources/protocol.o
                0x00009554                select_baud_rate
 .text.Send_Control_Mode
                0x00009570       0x30 ./Sources/send.o
                0x00009570                Send_Control_Mode
 .text.send_fct
                0x000095a0      0x438 ./Sources/send.o
                0x000095a0                send_fct
 .text.get_update_drive_en
                0x000099d8       0x24 ./Sources/send.o
                0x000099d8                get_update_drive_en
 .text.get_update_value
                0x000099fc      0x1c4 ./Sources/send.o
                0x000099fc                get_update_value
 .text.send_stop
                0x00009bc0       0x34 ./Sources/send.o
                0x00009bc0                send_stop
 .text.send_velocity_cue
                0x00009bf4       0xa0 ./Sources/send.o
                0x00009bf4                send_velocity_cue
 .text.send_position_cue
                0x00009c94      0x114 ./Sources/send.o
                0x00009c94                send_position_cue
 .text.velocity_processing
                0x00009da8       0x50 ./Sources/send.o
                0x00009da8                velocity_processing
 .text.velocity_ref_processing
                0x00009df8       0x50 ./Sources/send.o
                0x00009df8                velocity_ref_processing
 .text.acceleration_processing
                0x00009e48       0x50 ./Sources/send.o
                0x00009e48                acceleration_processing
 .text.deceleration_processing
                0x00009e98       0x50 ./Sources/send.o
                0x00009e98                deceleration_processing
 .text.torque_processing
                0x00009ee8       0x48 ./Sources/send.o
                0x00009ee8                torque_processing
 .text.torque_ref_processing
                0x00009f30       0x48 ./Sources/send.o
                0x00009f30                torque_ref_processing
 .text.torque_rise_processing
                0x00009f78       0x48 ./Sources/send.o
                0x00009f78                torque_rise_processing
 .text.torque_fall_processing
                0x00009fc0       0x48 ./Sources/send.o
                0x00009fc0                torque_fall_processing
 .text.position_ref_processing
                0x0000a008       0x48 ./Sources/send.o
                0x0000a008                position_ref_processing
 .text.position_processing
                0x0000a050       0x44 ./Sources/send.o
                0x0000a050                position_processing
 .text.control_mode_processing
                0x0000a094       0x7c ./Sources/send.o
                0x0000a094                control_mode_processing
 .text.drive_enable_processing
                0x0000a110       0x24 ./Sources/send.o
                0x0000a110                drive_enable_processing
 .text.__copy_rom_section
                0x0000a134       0xe4 ./Project_Settings/Startup_Code/startup.o
                0x0000a134                __copy_rom_section
 .text.__copy_rom_sections_to_ram
                0x0000a218       0x9c ./Project_Settings/Startup_Code/startup.o
                0x0000a218                __copy_rom_sections_to_ram
 .text.__init_registers
                0x0000a2b4        0xc ./Project_Settings/Startup_Code/startup.o
                0x0000a2b4                __init_registers
 .text.__init_user
                0x0000a2c0        0xc ./Project_Settings/Startup_Code/startup.o
                0x0000a2c0                __init_user
 .text.__thumb_startup
                0x0000a2cc       0x34 ./Project_Settings/Startup_Code/startup.o
                0x0000a2cc                __thumb_startup
 .text.HWEnDi   0x0000a300       0x1c ./Generated_Code/AS1.o
 .text.AS1_SendChar
                0x0000a31c       0xe0 ./Generated_Code/AS1.o
                0x0000a31c                AS1_SendChar
 .text.AS1_SendBlock
                0x0000a3fc      0x148 ./Generated_Code/AS1.o
                0x0000a3fc                AS1_SendBlock
 .text.AS1_ClearRxBuf
                0x0000a544       0x78 ./Generated_Code/AS1.o
                0x0000a544                AS1_ClearRxBuf
 .text.AS1_SetBaudRateMode
                0x0000a5bc       0x38 ./Generated_Code/AS1.o
                0x0000a5bc                AS1_SetBaudRateMode
 .text.AS1_Init
                0x0000a5f4       0x60 ./Generated_Code/AS1.o
                0x0000a5f4                AS1_Init
 .text.ASerialLdd1_OnBlockReceived
                0x0000a654       0xd4 ./Generated_Code/AS1.o
                0x0000a654                ASerialLdd1_OnBlockReceived
 .text.ASerialLdd1_OnBlockSent
                0x0000a728       0xd8 ./Generated_Code/AS1.o
                0x0000a728                ASerialLdd1_OnBlockSent
 .text.ASerialLdd1_OnError
                0x0000a800       0x9c ./Generated_Code/AS1.o
                0x0000a800                ASerialLdd1_OnError
 .text.ASerialLdd1_OnTxComplete
                0x0000a89c       0x14 ./Generated_Code/AS1.o
                0x0000a89c                ASerialLdd1_OnTxComplete
 .text.ASerialLdd1_OnBreak
                0x0000a8b0       0x24 ./Generated_Code/AS1.o
                0x0000a8b0                ASerialLdd1_OnBreak
 .text.ASerialLdd1_Init
                0x0000a8d4      0x1d4 ./Generated_Code/ASerialLdd1.o
                0x0000a8d4                ASerialLdd1_Init
 .text.ASerialLdd1_ReceiveBlock
                0x0000aaa8       0x90 ./Generated_Code/ASerialLdd1.o
                0x0000aaa8                ASerialLdd1_ReceiveBlock
 .text.ASerialLdd1_SendBlock
                0x0000ab38       0xbc ./Generated_Code/ASerialLdd1.o
                0x0000ab38                ASerialLdd1_SendBlock
 .text.ASerialLdd1_SelectBaudRate
                0x0000abf4       0x9c ./Generated_Code/ASerialLdd1.o
                0x0000abf4                ASerialLdd1_SelectBaudRate
 .text.InterruptRx
                0x0000ac90       0x58 ./Generated_Code/ASerialLdd1.o
 .text.InterruptTx
                0x0000ace8       0x9c ./Generated_Code/ASerialLdd1.o
 .text.ASerialLdd1_Interrupt
                0x0000ad84      0x130 ./Generated_Code/ASerialLdd1.o
                0x0000ad84                ASerialLdd1_Interrupt
 .text.ASerialLdd1_GetError
                0x0000aeb4       0x70 ./Generated_Code/ASerialLdd1.o
                0x0000aeb4                ASerialLdd1_GetError
 .text.BitIoLdd1_Init
                0x0000af24       0x64 ./Generated_Code/BitIoLdd1.o
                0x0000af24                BitIoLdd1_Init
 .text.BitIoLdd2_Init
                0x0000af88       0x64 ./Generated_Code/BitIoLdd2.o
                0x0000af88                BitIoLdd2_Init
 .text.BitIoLdd2_ClrVal
                0x0000afec       0x1c ./Generated_Code/BitIoLdd2.o
                0x0000afec                BitIoLdd2_ClrVal
 .text.BitIoLdd2_SetVal
                0x0000b008       0x1c ./Generated_Code/BitIoLdd2.o
                0x0000b008                BitIoLdd2_SetVal
 .text.BitIoLdd3_Init
                0x0000b024       0x64 ./Generated_Code/BitIoLdd3.o
                0x0000b024                BitIoLdd3_Init
 .text.BitIoLdd3_ClrVal
                0x0000b088       0x1c ./Generated_Code/BitIoLdd3.o
                0x0000b088                BitIoLdd3_ClrVal
 .text.BitIoLdd3_SetVal
                0x0000b0a4       0x1c ./Generated_Code/BitIoLdd3.o
                0x0000b0a4                BitIoLdd3_SetVal
 .text.BitIoLdd4_Init
                0x0000b0c0       0x64 ./Generated_Code/BitIoLdd4.o
                0x0000b0c0                BitIoLdd4_Init
 .text.BitIoLdd4_ClrVal
                0x0000b124       0x1c ./Generated_Code/BitIoLdd4.o
                0x0000b124                BitIoLdd4_ClrVal
 .text.BitIoLdd4_SetVal
                0x0000b140       0x1c ./Generated_Code/BitIoLdd4.o
                0x0000b140                BitIoLdd4_SetVal
 .text.BitIoLdd5_Init
                0x0000b15c       0x64 ./Generated_Code/BitIoLdd5.o
                0x0000b15c                BitIoLdd5_Init
 .text.BitIoLdd5_ClrVal
                0x0000b1c0       0x1c ./Generated_Code/BitIoLdd5.o
                0x0000b1c0                BitIoLdd5_ClrVal
 .text.BitIoLdd6_Init
                0x0000b1dc       0x64 ./Generated_Code/BitIoLdd6.o
                0x0000b1dc                BitIoLdd6_Init
 .text.BitIoLdd6_ClrVal
                0x0000b240       0x20 ./Generated_Code/BitIoLdd6.o
                0x0000b240                BitIoLdd6_ClrVal
 .text.BitIoLdd6_SetVal
                0x0000b260       0x20 ./Generated_Code/BitIoLdd6.o
                0x0000b260                BitIoLdd6_SetVal
 .text.BitIoLdd7_Init
                0x0000b280       0x64 ./Generated_Code/BitIoLdd7.o
                0x0000b280                BitIoLdd7_Init
 .text.BitIoLdd7_ClrVal
                0x0000b2e4       0x1c ./Generated_Code/BitIoLdd7.o
                0x0000b2e4                BitIoLdd7_ClrVal
 .text.BitIoLdd7_SetVal
                0x0000b300       0x1c ./Generated_Code/BitIoLdd7.o
                0x0000b300                BitIoLdd7_SetVal
 .text.BitIoLdd8_Init
                0x0000b31c       0x64 ./Generated_Code/BitIoLdd8.o
                0x0000b31c                BitIoLdd8_Init
 .text.BitIoLdd8_ClrVal
                0x0000b380       0x1c ./Generated_Code/BitIoLdd8.o
                0x0000b380                BitIoLdd8_ClrVal
 .text.BitIoLdd8_SetVal
                0x0000b39c       0x1c ./Generated_Code/BitIoLdd8.o
                0x0000b39c                BitIoLdd8_SetVal
 .text.Cpu_ivINT_PORTC
                0x0000b3b8       0x30 ./Generated_Code/Cpu.o
                0x0000b3b8                Cpu_ivINT_PORTC
 .text.Cpu_ivINT_NMI
                0x0000b3e8       0x18 ./Generated_Code/Cpu.o
                0x0000b3e8                Cpu_ivINT_NMI
 .text.Cpu_ivINT_Hard_Fault
                0x0000b400       0x18 ./Generated_Code/Cpu.o
                0x0000b400                Cpu_ivINT_Hard_Fault
 .text.Cpu_ivINT_Mem_Manage_Fault
                0x0000b418       0x18 ./Generated_Code/Cpu.o
                0x0000b418                Cpu_ivINT_Mem_Manage_Fault
 .text.Cpu_ivINT_Bus_Fault
                0x0000b430       0x18 ./Generated_Code/Cpu.o
                0x0000b430                Cpu_ivINT_Bus_Fault
 .text.Cpu_ivINT_Usage_Fault
                0x0000b448       0x18 ./Generated_Code/Cpu.o
                0x0000b448                Cpu_ivINT_Usage_Fault
 .text.Cpu_ivINT_Reserved7
                0x0000b460       0x18 ./Generated_Code/Cpu.o
                0x0000b460                Cpu_ivINT_Reserved7
 .text.Cpu_ivINT_Reserved8
                0x0000b478       0x18 ./Generated_Code/Cpu.o
                0x0000b478                Cpu_ivINT_Reserved8
 .text.Cpu_ivINT_Reserved9
                0x0000b490       0x18 ./Generated_Code/Cpu.o
                0x0000b490                Cpu_ivINT_Reserved9
 .text.Cpu_ivINT_Reserved10
                0x0000b4a8       0x18 ./Generated_Code/Cpu.o
                0x0000b4a8                Cpu_ivINT_Reserved10
 .text.Cpu_ivINT_SVCall
                0x0000b4c0       0x18 ./Generated_Code/Cpu.o
                0x0000b4c0                Cpu_ivINT_SVCall
 .text.Cpu_ivINT_DebugMonitor
                0x0000b4d8       0x18 ./Generated_Code/Cpu.o
                0x0000b4d8                Cpu_ivINT_DebugMonitor
 .text.Cpu_ivINT_Reserved13
                0x0000b4f0       0x18 ./Generated_Code/Cpu.o
                0x0000b4f0                Cpu_ivINT_Reserved13
 .text.Cpu_ivINT_PendableSrvReq
                0x0000b508       0x18 ./Generated_Code/Cpu.o
                0x0000b508                Cpu_ivINT_PendableSrvReq
 .text.Cpu_ivINT_SysTick
                0x0000b520       0x18 ./Generated_Code/Cpu.o
                0x0000b520                Cpu_ivINT_SysTick
 .text.Cpu_ivINT_DMA0
                0x0000b538       0x18 ./Generated_Code/Cpu.o
                0x0000b538                Cpu_ivINT_DMA0
 .text.Cpu_ivINT_DMA1
                0x0000b550       0x18 ./Generated_Code/Cpu.o
                0x0000b550                Cpu_ivINT_DMA1
 .text.Cpu_ivINT_DMA2
                0x0000b568       0x18 ./Generated_Code/Cpu.o
                0x0000b568                Cpu_ivINT_DMA2
 .text.Cpu_ivINT_DMA3
                0x0000b580       0x18 ./Generated_Code/Cpu.o
                0x0000b580                Cpu_ivINT_DMA3
 .text.Cpu_ivINT_DMA4
                0x0000b598       0x18 ./Generated_Code/Cpu.o
                0x0000b598                Cpu_ivINT_DMA4
 .text.Cpu_ivINT_DMA5
                0x0000b5b0       0x18 ./Generated_Code/Cpu.o
                0x0000b5b0                Cpu_ivINT_DMA5
 .text.Cpu_ivINT_DMA6
                0x0000b5c8       0x18 ./Generated_Code/Cpu.o
                0x0000b5c8                Cpu_ivINT_DMA6
 .text.Cpu_ivINT_DMA7
                0x0000b5e0       0x18 ./Generated_Code/Cpu.o
                0x0000b5e0                Cpu_ivINT_DMA7
 .text.Cpu_ivINT_DMA8
                0x0000b5f8       0x18 ./Generated_Code/Cpu.o
                0x0000b5f8                Cpu_ivINT_DMA8
 .text.Cpu_ivINT_DMA9
                0x0000b610       0x18 ./Generated_Code/Cpu.o
                0x0000b610                Cpu_ivINT_DMA9
 .text.Cpu_ivINT_DMA10
                0x0000b628       0x18 ./Generated_Code/Cpu.o
                0x0000b628                Cpu_ivINT_DMA10
 .text.Cpu_ivINT_DMA11
                0x0000b640       0x18 ./Generated_Code/Cpu.o
                0x0000b640                Cpu_ivINT_DMA11
 .text.Cpu_ivINT_DMA12
                0x0000b658       0x18 ./Generated_Code/Cpu.o
                0x0000b658                Cpu_ivINT_DMA12
 .text.Cpu_ivINT_DMA13
                0x0000b670       0x18 ./Generated_Code/Cpu.o
                0x0000b670                Cpu_ivINT_DMA13
 .text.Cpu_ivINT_DMA14
                0x0000b688       0x18 ./Generated_Code/Cpu.o
                0x0000b688                Cpu_ivINT_DMA14
 .text.Cpu_ivINT_DMA15
                0x0000b6a0       0x18 ./Generated_Code/Cpu.o
                0x0000b6a0                Cpu_ivINT_DMA15
 .text.Cpu_ivINT_DMA_Error
                0x0000b6b8       0x18 ./Generated_Code/Cpu.o
                0x0000b6b8                Cpu_ivINT_DMA_Error
 .text.Cpu_ivINT_MCM
                0x0000b6d0       0x18 ./Generated_Code/Cpu.o
                0x0000b6d0                Cpu_ivINT_MCM
 .text.Cpu_ivINT_FTFL
                0x0000b6e8       0x18 ./Generated_Code/Cpu.o
                0x0000b6e8                Cpu_ivINT_FTFL
 .text.Cpu_ivINT_Read_Collision
                0x0000b700       0x18 ./Generated_Code/Cpu.o
                0x0000b700                Cpu_ivINT_Read_Collision
 .text.Cpu_ivINT_LVD_LVW
                0x0000b718       0x18 ./Generated_Code/Cpu.o
                0x0000b718                Cpu_ivINT_LVD_LVW
 .text.Cpu_ivINT_LLW
                0x0000b730       0x18 ./Generated_Code/Cpu.o
                0x0000b730                Cpu_ivINT_LLW
 .text.Cpu_ivINT_Watchdog
                0x0000b748       0x18 ./Generated_Code/Cpu.o
                0x0000b748                Cpu_ivINT_Watchdog
 .text.Cpu_ivINT_Reserved39
                0x0000b760       0x18 ./Generated_Code/Cpu.o
                0x0000b760                Cpu_ivINT_Reserved39
 .text.Cpu_ivINT_I2C1
                0x0000b778       0x18 ./Generated_Code/Cpu.o
                0x0000b778                Cpu_ivINT_I2C1
 .text.Cpu_ivINT_SPI0
                0x0000b790       0x18 ./Generated_Code/Cpu.o
                0x0000b790                Cpu_ivINT_SPI0
 .text.Cpu_ivINT_SPI1
                0x0000b7a8       0x18 ./Generated_Code/Cpu.o
                0x0000b7a8                Cpu_ivINT_SPI1
 .text.Cpu_ivINT_Reserved44
                0x0000b7c0       0x18 ./Generated_Code/Cpu.o
                0x0000b7c0                Cpu_ivINT_Reserved44
 .text.Cpu_ivINT_CAN0_ORed_Message_buffer
                0x0000b7d8       0x18 ./Generated_Code/Cpu.o
                0x0000b7d8                Cpu_ivINT_CAN0_ORed_Message_buffer
 .text.Cpu_ivINT_CAN0_Bus_Off
                0x0000b7f0       0x18 ./Generated_Code/Cpu.o
                0x0000b7f0                Cpu_ivINT_CAN0_Bus_Off
 .text.Cpu_ivINT_CAN0_Error
                0x0000b808       0x18 ./Generated_Code/Cpu.o
                0x0000b808                Cpu_ivINT_CAN0_Error
 .text.Cpu_ivINT_CAN0_Tx_Warning
                0x0000b820       0x18 ./Generated_Code/Cpu.o
                0x0000b820                Cpu_ivINT_CAN0_Tx_Warning
 .text.Cpu_ivINT_CAN0_Rx_Warning
                0x0000b838       0x18 ./Generated_Code/Cpu.o
                0x0000b838                Cpu_ivINT_CAN0_Rx_Warning
 .text.Cpu_ivINT_CAN0_Wake_Up
                0x0000b850       0x18 ./Generated_Code/Cpu.o
                0x0000b850                Cpu_ivINT_CAN0_Wake_Up
 .text.Cpu_ivINT_I2S0_Tx
                0x0000b868       0x18 ./Generated_Code/Cpu.o
                0x0000b868                Cpu_ivINT_I2S0_Tx
 .text.Cpu_ivINT_I2S0_Rx
                0x0000b880       0x18 ./Generated_Code/Cpu.o
                0x0000b880                Cpu_ivINT_I2S0_Rx
 .text.Cpu_ivINT_Reserved53
                0x0000b898       0x18 ./Generated_Code/Cpu.o
                0x0000b898                Cpu_ivINT_Reserved53
 .text.Cpu_ivINT_Reserved54
                0x0000b8b0       0x18 ./Generated_Code/Cpu.o
                0x0000b8b0                Cpu_ivINT_Reserved54
 .text.Cpu_ivINT_Reserved55
                0x0000b8c8       0x18 ./Generated_Code/Cpu.o
                0x0000b8c8                Cpu_ivINT_Reserved55
 .text.Cpu_ivINT_Reserved56
                0x0000b8e0       0x18 ./Generated_Code/Cpu.o
                0x0000b8e0                Cpu_ivINT_Reserved56
 .text.Cpu_ivINT_Reserved57
                0x0000b8f8       0x18 ./Generated_Code/Cpu.o
                0x0000b8f8                Cpu_ivINT_Reserved57
 .text.Cpu_ivINT_Reserved58
                0x0000b910       0x18 ./Generated_Code/Cpu.o
                0x0000b910                Cpu_ivINT_Reserved58
 .text.Cpu_ivINT_Reserved59
                0x0000b928       0x18 ./Generated_Code/Cpu.o
                0x0000b928                Cpu_ivINT_Reserved59
 .text.Cpu_ivINT_UART0_LON
                0x0000b940       0x18 ./Generated_Code/Cpu.o
                0x0000b940                Cpu_ivINT_UART0_LON
 .text.Cpu_ivINT_UART1_RX_TX
                0x0000b958       0x18 ./Generated_Code/Cpu.o
                0x0000b958                Cpu_ivINT_UART1_RX_TX
 .text.Cpu_ivINT_UART1_ERR
                0x0000b970       0x18 ./Generated_Code/Cpu.o
                0x0000b970                Cpu_ivINT_UART1_ERR
 .text.Cpu_ivINT_UART2_RX_TX
                0x0000b988       0x18 ./Generated_Code/Cpu.o
                0x0000b988                Cpu_ivINT_UART2_RX_TX
 .text.Cpu_ivINT_UART2_ERR
                0x0000b9a0       0x18 ./Generated_Code/Cpu.o
                0x0000b9a0                Cpu_ivINT_UART2_ERR
 .text.Cpu_ivINT_UART3_RX_TX
                0x0000b9b8       0x18 ./Generated_Code/Cpu.o
                0x0000b9b8                Cpu_ivINT_UART3_RX_TX
 .text.Cpu_ivINT_UART3_ERR
                0x0000b9d0       0x18 ./Generated_Code/Cpu.o
                0x0000b9d0                Cpu_ivINT_UART3_ERR
 .text.Cpu_ivINT_Reserved69
                0x0000b9e8       0x18 ./Generated_Code/Cpu.o
                0x0000b9e8                Cpu_ivINT_Reserved69
 .text.Cpu_ivINT_Reserved70
                0x0000ba00       0x18 ./Generated_Code/Cpu.o
                0x0000ba00                Cpu_ivINT_Reserved70
 .text.Cpu_ivINT_Reserved71
                0x0000ba18       0x18 ./Generated_Code/Cpu.o
                0x0000ba18                Cpu_ivINT_Reserved71
 .text.Cpu_ivINT_Reserved72
                0x0000ba30       0x18 ./Generated_Code/Cpu.o
                0x0000ba30                Cpu_ivINT_Reserved72
 .text.Cpu_ivINT_ADC0
                0x0000ba48       0x18 ./Generated_Code/Cpu.o
                0x0000ba48                Cpu_ivINT_ADC0
 .text.Cpu_ivINT_ADC1
                0x0000ba60       0x18 ./Generated_Code/Cpu.o
                0x0000ba60                Cpu_ivINT_ADC1
 .text.Cpu_ivINT_CMP0
                0x0000ba78       0x18 ./Generated_Code/Cpu.o
                0x0000ba78                Cpu_ivINT_CMP0
 .text.Cpu_ivINT_CMP1
                0x0000ba90       0x18 ./Generated_Code/Cpu.o
                0x0000ba90                Cpu_ivINT_CMP1
 .text.Cpu_ivINT_CMP2
                0x0000baa8       0x18 ./Generated_Code/Cpu.o
                0x0000baa8                Cpu_ivINT_CMP2
 .text.Cpu_ivINT_CMT
                0x0000bac0       0x18 ./Generated_Code/Cpu.o
                0x0000bac0                Cpu_ivINT_CMT
 .text.Cpu_ivINT_RTC
                0x0000bad8       0x18 ./Generated_Code/Cpu.o
                0x0000bad8                Cpu_ivINT_RTC
 .text.Cpu_ivINT_RTC_Seconds
                0x0000baf0       0x18 ./Generated_Code/Cpu.o
                0x0000baf0                Cpu_ivINT_RTC_Seconds
 .text.Cpu_ivINT_PIT0
                0x0000bb08       0x18 ./Generated_Code/Cpu.o
                0x0000bb08                Cpu_ivINT_PIT0
 .text.Cpu_ivINT_PIT1
                0x0000bb20       0x18 ./Generated_Code/Cpu.o
                0x0000bb20                Cpu_ivINT_PIT1
 .text.Cpu_ivINT_PIT2
                0x0000bb38       0x18 ./Generated_Code/Cpu.o
                0x0000bb38                Cpu_ivINT_PIT2
 .text.Cpu_ivINT_PIT3
                0x0000bb50       0x18 ./Generated_Code/Cpu.o
                0x0000bb50                Cpu_ivINT_PIT3
 .text.Cpu_ivINT_PDB0
                0x0000bb68       0x18 ./Generated_Code/Cpu.o
                0x0000bb68                Cpu_ivINT_PDB0
 .text.Cpu_ivINT_USB0
                0x0000bb80       0x18 ./Generated_Code/Cpu.o
                0x0000bb80                Cpu_ivINT_USB0
 .text.Cpu_ivINT_USBDCD
                0x0000bb98       0x18 ./Generated_Code/Cpu.o
                0x0000bb98                Cpu_ivINT_USBDCD
 .text.Cpu_ivINT_Reserved91
                0x0000bbb0       0x18 ./Generated_Code/Cpu.o
                0x0000bbb0                Cpu_ivINT_Reserved91
 .text.Cpu_ivINT_Reserved92
                0x0000bbc8       0x18 ./Generated_Code/Cpu.o
                0x0000bbc8                Cpu_ivINT_Reserved92
 .text.Cpu_ivINT_Reserved93
                0x0000bbe0       0x18 ./Generated_Code/Cpu.o
                0x0000bbe0                Cpu_ivINT_Reserved93
 .text.Cpu_ivINT_Reserved94
                0x0000bbf8       0x18 ./Generated_Code/Cpu.o
                0x0000bbf8                Cpu_ivINT_Reserved94
 .text.Cpu_ivINT_Reserved95
                0x0000bc10       0x18 ./Generated_Code/Cpu.o
                0x0000bc10                Cpu_ivINT_Reserved95
 .text.Cpu_ivINT_Reserved96
                0x0000bc28       0x18 ./Generated_Code/Cpu.o
                0x0000bc28                Cpu_ivINT_Reserved96
 .text.Cpu_ivINT_DAC0
                0x0000bc40       0x18 ./Generated_Code/Cpu.o
                0x0000bc40                Cpu_ivINT_DAC0
 .text.Cpu_ivINT_Reserved98
                0x0000bc58       0x18 ./Generated_Code/Cpu.o
                0x0000bc58                Cpu_ivINT_Reserved98
 .text.Cpu_ivINT_TSI0
                0x0000bc70       0x18 ./Generated_Code/Cpu.o
                0x0000bc70                Cpu_ivINT_TSI0
 .text.Cpu_ivINT_MCG
                0x0000bc88       0x18 ./Generated_Code/Cpu.o
                0x0000bc88                Cpu_ivINT_MCG
 .text.Cpu_ivINT_LPTimer
                0x0000bca0       0x18 ./Generated_Code/Cpu.o
                0x0000bca0                Cpu_ivINT_LPTimer
 .text.Cpu_ivINT_Reserved102
                0x0000bcb8       0x18 ./Generated_Code/Cpu.o
                0x0000bcb8                Cpu_ivINT_Reserved102
 .text.Cpu_ivINT_PORTA
                0x0000bcd0       0x18 ./Generated_Code/Cpu.o
                0x0000bcd0                Cpu_ivINT_PORTA
 .text.Cpu_ivINT_PORTB
                0x0000bce8       0x18 ./Generated_Code/Cpu.o
                0x0000bce8                Cpu_ivINT_PORTB
 .text.Cpu_ivINT_PORTD
                0x0000bd00       0x18 ./Generated_Code/Cpu.o
                0x0000bd00                Cpu_ivINT_PORTD
 .text.Cpu_ivINT_PORTE
                0x0000bd18       0x18 ./Generated_Code/Cpu.o
                0x0000bd18                Cpu_ivINT_PORTE
 .text.Cpu_ivINT_Reserved108
                0x0000bd30       0x18 ./Generated_Code/Cpu.o
                0x0000bd30                Cpu_ivINT_Reserved108
 .text.Cpu_ivINT_Reserved109
                0x0000bd48       0x18 ./Generated_Code/Cpu.o
                0x0000bd48                Cpu_ivINT_Reserved109
 .text.Cpu_ivINT_SWI
                0x0000bd60       0x18 ./Generated_Code/Cpu.o
                0x0000bd60                Cpu_ivINT_SWI
 .text.__init_hardware
                0x0000bd78      0x140 ./Generated_Code/Cpu.o
                0x0000bd78                __init_hardware
 .text.Cpu_SetBASEPRI
                0x0000beb8       0x18 ./Generated_Code/Cpu.o
                0x0000beb8                Cpu_SetBASEPRI
 .text.PE_low_level_init
                0x0000bed0       0xec ./Generated_Code/Cpu.o
                0x0000bed0                PE_low_level_init
 .text.ENCODER_Init
                0x0000bfbc       0xac ./Generated_Code/ENCODER.o
                0x0000bfbc                ENCODER_Init
 .text.ENCODER_GetFieldValue
                0x0000c068       0x40 ./Generated_Code/ENCODER.o
                0x0000c068                ENCODER_GetFieldValue
 .text.ENCODER_Interrupt
                0x0000c0a8       0x4c ./Generated_Code/ENCODER.o
                0x0000c0a8                ENCODER_Interrupt
 .text.ExtIntLdd1_OnInterrupt
                0x0000c0f4       0x14 ./Generated_Code/ENCODER_PUSH.o
                0x0000c0f4                ExtIntLdd1_OnInterrupt
 .text.ExtIntLdd1_Init
                0x0000c108       0x80 ./Generated_Code/ExtIntLdd1.o
                0x0000c108                ExtIntLdd1_Init
 .text.ExtIntLdd1_Interrupt
                0x0000c188       0x3c ./Generated_Code/ExtIntLdd1.o
                0x0000c188                ExtIntLdd1_Interrupt
 .text.ExtIntLdd1_GetVal
                0x0000c1c4       0x2c ./Generated_Code/ExtIntLdd1.o
                0x0000c1c4                ExtIntLdd1_GetVal
 .text.ExtIntLdd2_Init
                0x0000c1f0       0x80 ./Generated_Code/ExtIntLdd2.o
                0x0000c1f0                ExtIntLdd2_Init
 .text.ExtIntLdd2_Interrupt
                0x0000c270       0x3c ./Generated_Code/ExtIntLdd2.o
                0x0000c270                ExtIntLdd2_Interrupt
 .text.ExtIntLdd2_GetVal
                0x0000c2ac       0x2c ./Generated_Code/ExtIntLdd2.o
                0x0000c2ac                ExtIntLdd2_GetVal
 .text.ExtIntLdd3_Init
                0x0000c2d8       0x80 ./Generated_Code/ExtIntLdd3.o
                0x0000c2d8                ExtIntLdd3_Init
 .text.ExtIntLdd3_Interrupt
                0x0000c358       0x3c ./Generated_Code/ExtIntLdd3.o
                0x0000c358                ExtIntLdd3_Interrupt
 .text.ExtIntLdd3_GetVal
                0x0000c394       0x2c ./Generated_Code/ExtIntLdd3.o
                0x0000c394                ExtIntLdd3_GetVal
 .text.ExtIntLdd4_Init
                0x0000c3c0       0x7c ./Generated_Code/ExtIntLdd4.o
                0x0000c3c0                ExtIntLdd4_Init
 .text.ExtIntLdd4_Interrupt
                0x0000c43c       0x3c ./Generated_Code/ExtIntLdd4.o
                0x0000c43c                ExtIntLdd4_Interrupt
 .text.ExtIntLdd5_Init
                0x0000c478       0x7c ./Generated_Code/ExtIntLdd5.o
                0x0000c478                ExtIntLdd5_Init
 .text.ExtIntLdd5_Interrupt
                0x0000c4f4       0x3c ./Generated_Code/ExtIntLdd5.o
                0x0000c4f4                ExtIntLdd5_Interrupt
 .text.I2C0_SendChar
                0x0000c530       0x2c ./Generated_Code/I2C0.o
                0x0000c530                I2C0_SendChar
 .text.I2C0_SendBlock
                0x0000c55c       0xc0 ./Generated_Code/I2C0.o
                0x0000c55c                I2C0_SendBlock
 .text.I2C0_SelectSlave
                0x0000c61c       0x34 ./Generated_Code/I2C0.o
                0x0000c61c                I2C0_SelectSlave
 .text.I2C0_Init
                0x0000c650       0x20 ./Generated_Code/I2C0.o
                0x0000c650                I2C0_Init
 .text.IntI2cLdd1_OnMasterBlockSent
                0x0000c670       0x14 ./Generated_Code/I2C0.o
                0x0000c670                IntI2cLdd1_OnMasterBlockSent
 .text.IntI2cLdd1_OnMasterBlockReceived
                0x0000c684       0x14 ./Generated_Code/I2C0.o
                0x0000c684                IntI2cLdd1_OnMasterBlockReceived
 .text.IntI2cLdd1_OnError
                0x0000c698       0x30 ./Generated_Code/I2C0.o
                0x0000c698                IntI2cLdd1_OnError
 .text.IFsh1_GetFlash
                0x0000c6c8       0x84 ./Generated_Code/IFsh1.o
                0x0000c6c8                IFsh1_GetFlash
 .text.IFsh1_SetFlash
                0x0000c74c      0x1a8 ./Generated_Code/IFsh1.o
                0x0000c74c                IFsh1_SetFlash
 .text.IFsh1_Init
                0x0000c8f4       0x2c ./Generated_Code/IFsh1.o
                0x0000c8f4                IFsh1_Init
 .text.IFsh1_SetByteFlash
                0x0000c920       0x24 ./Generated_Code/IFsh1.o
                0x0000c920                IFsh1_SetByteFlash
 .text.IFsh1_GetByteFlash
                0x0000c944       0x20 ./Generated_Code/IFsh1.o
                0x0000c944                IFsh1_GetByteFlash
 .text.IFsh1_SetLongFlash
                0x0000c964       0x20 ./Generated_Code/IFsh1.o
                0x0000c964                IFsh1_SetLongFlash
 .text.IFsh1_GetLongFlash
                0x0000c984       0x20 ./Generated_Code/IFsh1.o
                0x0000c984                IFsh1_GetLongFlash
 .text.IntFlashLdd1_OnOperationComplete
                0x0000c9a4      0x190 ./Generated_Code/IFsh1.o
                0x0000c9a4                IntFlashLdd1_OnOperationComplete
 .text.IntFlashLdd1_OnError
                0x0000cb34       0x54 ./Generated_Code/IFsh1.o
                0x0000cb34                IntFlashLdd1_OnError
 .text.IntFlashLdd1_Init
                0x0000cb88       0x64 ./Generated_Code/IntFlashLdd1.o
                0x0000cb88                IntFlashLdd1_Init
 .text.IntFlashLdd1_Write
                0x0000cbec       0x74 ./Generated_Code/IntFlashLdd1.o
                0x0000cbec                IntFlashLdd1_Write
 .text.IntFlashLdd1_Read
                0x0000cc60       0x70 ./Generated_Code/IntFlashLdd1.o
                0x0000cc60                IntFlashLdd1_Read
 .text.IntFlashLdd1_Erase
                0x0000ccd0       0x94 ./Generated_Code/IntFlashLdd1.o
                0x0000ccd0                IntFlashLdd1_Erase
 .text.IntFlashLdd1_Main
                0x0000cd64      0x2f4 ./Generated_Code/IntFlashLdd1.o
                0x0000cd64                IntFlashLdd1_Main
 .text.IntFlashLdd1_GetError
                0x0000d058       0x90 ./Generated_Code/IntFlashLdd1.o
                0x0000d058                IntFlashLdd1_GetError
 .text.RangeCheck
                0x0000d0e8       0x38 ./Generated_Code/IntFlashLdd1.o
 .text.SafeRoutineCaller
                0x0000d120       0x94 ./Generated_Code/IntFlashLdd1.o
 .text.IntI2cLdd1_Interrupt
                0x0000d1b4      0x2d4 ./Generated_Code/IntI2cLdd1.o
                0x0000d1b4                IntI2cLdd1_Interrupt
 .text.IntI2cLdd1_Init
                0x0000d488      0x13c ./Generated_Code/IntI2cLdd1.o
                0x0000d488                IntI2cLdd1_Init
 .text.IntI2cLdd1_MasterSendBlock
                0x0000d5c4      0x190 ./Generated_Code/IntI2cLdd1.o
                0x0000d5c4                IntI2cLdd1_MasterSendBlock
 .text.IntI2cLdd1_SelectSlaveDevice
                0x0000d754       0xf0 ./Generated_Code/IntI2cLdd1.o
                0x0000d754                IntI2cLdd1_SelectSlaveDevice
 .text.IntI2cLdd1_GetError
                0x0000d844       0x70 ./Generated_Code/IntI2cLdd1.o
                0x0000d844                IntI2cLdd1_GetError
 .text.ExtIntLdd3_OnInterrupt
                0x0000d8b4       0x14 ./Generated_Code/LEVER_DIR1.o
                0x0000d8b4                ExtIntLdd3_OnInterrupt
 .text.ExtIntLdd2_OnInterrupt
                0x0000d8c8       0x14 ./Generated_Code/LEVER_DIR2.o
                0x0000d8c8                ExtIntLdd2_OnInterrupt
 .text.ExtIntLdd5_OnInterrupt
                0x0000d8dc       0x14 ./Generated_Code/PUSH_BUTTON_REC.o
                0x0000d8dc                ExtIntLdd5_OnInterrupt
 .text.ExtIntLdd4_OnInterrupt
                0x0000d8f0       0x14 ./Generated_Code/PUSH_BUTTON_SEND.o
                0x0000d8f0                ExtIntLdd4_OnInterrupt
 .text.TU1_Init
                0x0000d904       0xb0 ./Generated_Code/TU1.o
                0x0000d904                TU1_Init
 .text.TU1_Enable
                0x0000d9b4       0x30 ./Generated_Code/TU1.o
                0x0000d9b4                TU1_Enable
 .text.TU1_Disable
                0x0000d9e4       0x28 ./Generated_Code/TU1.o
                0x0000d9e4                TU1_Disable
 .text.TU1_Interrupt
                0x0000da0c       0x6c ./Generated_Code/TU1.o
                0x0000da0c                TU1_Interrupt
 .text.T_100ms_Init
                0x0000da78       0xb0 ./Generated_Code/T_100ms.o
                0x0000da78                T_100ms_Init
 .text.T_100ms_Enable
                0x0000db28       0x30 ./Generated_Code/T_100ms.o
                0x0000db28                T_100ms_Enable
 .text.T_100ms_Disable
                0x0000db58       0x28 ./Generated_Code/T_100ms.o
                0x0000db58                T_100ms_Disable
 .text.T_100ms_Interrupt
                0x0000db80       0x6c ./Generated_Code/T_100ms.o
                0x0000db80                T_100ms_Interrupt
 .text.T_500ms_Init
                0x0000dbec       0xcc ./Generated_Code/T_500ms.o
                0x0000dbec                T_500ms_Init
 .text.T_500ms_Interrupt
                0x0000dcb8       0x6c ./Generated_Code/T_500ms.o
                0x0000dcb8                T_500ms_Interrupt
 .text.WAIT1_Wait10Cycles
                0x0000dd24        0x8 ./Generated_Code/WAIT1.o
                0x0000dd24                WAIT1_Wait10Cycles
 .text.WAIT1_Wait100Cycles
                0x0000dd2c       0x1c ./Generated_Code/WAIT1.o
                0x0000dd2c                WAIT1_Wait100Cycles
 .text.WAIT1_WaitCycles
                0x0000dd48       0x34 ./Generated_Code/WAIT1.o
                0x0000dd48                WAIT1_WaitCycles
 .text.WAIT1_WaitLongCycles
                0x0000dd7c       0x38 ./Generated_Code/WAIT1.o
                0x0000dd7c                WAIT1_WaitLongCycles
 .text.WAIT1_Waitms
                0x0000ddb4       0x2c ./Generated_Code/WAIT1.o
                0x0000ddb4                WAIT1_Waitms
 .text.round    0x0000dde0       0x9c c:/freescale/kds_v3/toolchain/bin/../lib/gcc/arm-none-eabi/4.8.4/../../../../arm-none-eabi/lib/armv7e-m\libm.a(lib_a-s_round.o)
                0x0000dde0                round
 .text.pow      0x0000de7c      0x2f8 c:/freescale/kds_v3/toolchain/bin/../lib/gcc/arm-none-eabi/4.8.4/../../../../arm-none-eabi/lib/armv7e-m\libm.a(lib_a-w_pow.o)
                0x0000de7c                pow
 *fill*         0x0000e174        0x4 
 .text.__ieee754_pow
                0x0000e178      0xa78 c:/freescale/kds_v3/toolchain/bin/../lib/gcc/arm-none-eabi/4.8.4/../../../../arm-none-eabi/lib/armv7e-m\libm.a(lib_a-e_pow.o)
                0x0000e178                __ieee754_pow
 .text.__ieee754_sqrt
                0x0000ebf0      0x180 c:/freescale/kds_v3/toolchain/bin/../lib/gcc/arm-none-eabi/4.8.4/../../../../arm-none-eabi/lib/armv7e-m\libm.a(lib_a-e_sqrt.o)
                0x0000ebf0                __ieee754_sqrt
 .text.fabs     0x0000ed70        0x8 c:/freescale/kds_v3/toolchain/bin/../lib/gcc/arm-none-eabi/4.8.4/../../../../arm-none-eabi/lib/armv7e-m\libm.a(lib_a-s_fabs.o)
                0x0000ed70                fabs
 .text.finite   0x0000ed78        0xc c:/freescale/kds_v3/toolchain/bin/../lib/gcc/arm-none-eabi/4.8.4/../../../../arm-none-eabi/lib/armv7e-m\libm.a(lib_a-s_finite.o)
                0x0000ed78                finite
 .text.__fpclassifyd
                0x0000ed84       0x50 c:/freescale/kds_v3/toolchain/bin/../lib/gcc/arm-none-eabi/4.8.4/../../../../arm-none-eabi/lib/armv7e-m\libm.a(lib_a-s_fpclassify.o)
                0x0000ed84                __fpclassifyd
 .text.matherr  0x0000edd4        0x4 c:/freescale/kds_v3/toolchain/bin/../lib/gcc/arm-none-eabi/4.8.4/../../../../arm-none-eabi/lib/armv7e-m\libm.a(lib_a-s_matherr.o)
                0x0000edd4                matherr
 .text.nan      0x0000edd8        0xc c:/freescale/kds_v3/toolchain/bin/../lib/gcc/arm-none-eabi/4.8.4/../../../../arm-none-eabi/lib/armv7e-m\libm.a(lib_a-s_nan.o)
                0x0000edd8                nan
 .text.rint     0x0000ede4      0x118 c:/freescale/kds_v3/toolchain/bin/../lib/gcc/arm-none-eabi/4.8.4/../../../../arm-none-eabi/lib/armv7e-m\libm.a(lib_a-s_rint.o)
                0x0000ede4                rint
 *fill*         0x0000eefc        0x4 
 .text.scalbn   0x0000ef00      0x118 c:/freescale/kds_v3/toolchain/bin/../lib/gcc/arm-none-eabi/4.8.4/../../../../arm-none-eabi/lib/armv7e-m\libm.a(lib_a-s_scalbn.o)
                0x0000ef00                scalbn
 .text.copysign
                0x0000f018       0x14 c:/freescale/kds_v3/toolchain/bin/../lib/gcc/arm-none-eabi/4.8.4/../../../../arm-none-eabi/lib/armv7e-m\libm.a(lib_a-s_copysign.o)
                0x0000f018                copysign
 .text.abort    0x0000f02c        0xe c:/freescale/kds_v3/toolchain/bin/../lib/gcc/arm-none-eabi/4.8.4/../../../../arm-none-eabi/lib/armv7e-m\libg_s.a(lib_a-abort.o)
                0x0000f02c                abort
 *fill*         0x0000f03a        0x2 
 .text.__errno  0x0000f03c        0xc c:/freescale/kds_v3/toolchain/bin/../lib/gcc/arm-none-eabi/4.8.4/../../../../arm-none-eabi/lib/armv7e-m\libg_s.a(lib_a-errno.o)
                0x0000f03c                __errno
 .text.exit     0x0000f048       0x28 c:/freescale/kds_v3/toolchain/bin/../lib/gcc/arm-none-eabi/4.8.4/../../../../arm-none-eabi/lib/armv7e-m\libg_s.a(lib_a-exit.o)
                0x0000f048                exit
 .text.__libc_init_array
                0x0000f070       0x4c c:/freescale/kds_v3/toolchain/bin/../lib/gcc/arm-none-eabi/4.8.4/../../../../arm-none-eabi/lib/armv7e-m\libg_s.a(lib_a-init.o)
                0x0000f070                __libc_init_array
 .text.memcpy   0x0000f0bc       0x12 c:/freescale/kds_v3/toolchain/bin/../lib/gcc/arm-none-eabi/4.8.4/../../../../arm-none-eabi/lib/armv7e-m\libg_s.a(lib_a-memcpy-stub.o)
                0x0000f0bc                memcpy
 .text.memset   0x0000f0ce       0x10 c:/freescale/kds_v3/toolchain/bin/../lib/gcc/arm-none-eabi/4.8.4/../../../../arm-none-eabi/lib/armv7e-m\libg_s.a(lib_a-memset.o)
                0x0000f0ce                memset
 .text._raise_r
                0x0000f0de       0x50 c:/freescale/kds_v3/toolchain/bin/../lib/gcc/arm-none-eabi/4.8.4/../../../../arm-none-eabi/lib/armv7e-m\libg_s.a(lib_a-signal.o)
                0x0000f0de                _raise_r
 *fill*         0x0000f12e        0x2 
 .text.raise    0x0000f130       0x10 c:/freescale/kds_v3/toolchain/bin/../lib/gcc/arm-none-eabi/4.8.4/../../../../arm-none-eabi/lib/armv7e-m\libg_s.a(lib_a-signal.o)
                0x0000f130                raise
 .text._kill_r  0x0000f140       0x24 c:/freescale/kds_v3/toolchain/bin/../lib/gcc/arm-none-eabi/4.8.4/../../../../arm-none-eabi/lib/armv7e-m\libg_s.a(lib_a-signalr.o)
                0x0000f140                _kill_r
 .text._getpid_r
                0x0000f164        0x4 c:/freescale/kds_v3/toolchain/bin/../lib/gcc/arm-none-eabi/4.8.4/../../../../arm-none-eabi/lib/armv7e-m\libg_s.a(lib_a-signalr.o)
                0x0000f164                _getpid_r
 .text.strlen   0x0000f168       0x10 c:/freescale/kds_v3/toolchain/bin/../lib/gcc/arm-none-eabi/4.8.4/../../../../arm-none-eabi/lib/armv7e-m\libg_s.a(lib_a-strlen.o)
                0x0000f168                strlen
 .text._vsprintf_r
                0x0000f178       0x30 c:/freescale/kds_v3/toolchain/bin/../lib/gcc/arm-none-eabi/4.8.4/../../../../arm-none-eabi/lib/armv7e-m\libg_s.a(lib_a-vsprintf.o)
                0x0000f178                _vsprintf_r
                0x0000f178                _vsiprintf_r
 .text.vsprintf
                0x0000f1a8       0x1c c:/freescale/kds_v3/toolchain/bin/../lib/gcc/arm-none-eabi/4.8.4/../../../../arm-none-eabi/lib/armv7e-m\libg_s.a(lib_a-vsprintf.o)
                0x0000f1a8                vsiprintf
                0x0000f1a8                vsprintf
 .text._malloc_r
                0x0000f1c4       0xa8 c:/freescale/kds_v3/toolchain/bin/../lib/gcc/arm-none-eabi/4.8.4/../../../../arm-none-eabi/lib/armv7e-m\libg_s.a(lib_a-nano-mallocr.o)
                0x0000f1c4                _malloc_r
 .text._sbrk_r  0x0000f26c       0x20 c:/freescale/kds_v3/toolchain/bin/../lib/gcc/arm-none-eabi/4.8.4/../../../../arm-none-eabi/lib/armv7e-m\libg_s.a(lib_a-sbrkr.o)
                0x0000f26c                _sbrk_r
 .text.__ssputs_r
                0x0000f28c       0xb8 c:/freescale/kds_v3/toolchain/bin/../lib/gcc/arm-none-eabi/4.8.4/../../../../arm-none-eabi/lib/armv7e-m\libg_s.a(lib_a-svfprintf.o)
                0x0000f28c                __ssputs_r
 .text._svfprintf_r
                0x0000f344      0x1dc c:/freescale/kds_v3/toolchain/bin/../lib/gcc/arm-none-eabi/4.8.4/../../../../arm-none-eabi/lib/armv7e-m\libg_s.a(lib_a-svfprintf.o)
                0x0000f344                _svfiprintf_r
                0x0000f344                _svfprintf_r
 .text._printf_common
                0x0000f520       0xe4 c:/freescale/kds_v3/toolchain/bin/../lib/gcc/arm-none-eabi/4.8.4/../../../../arm-none-eabi/lib/armv7e-m\libg_s.a(lib_a-vfprintf_i.o)
                0x0000f520                _printf_common
 .text._printf_i
                0x0000f604      0x228 c:/freescale/kds_v3/toolchain/bin/../lib/gcc/arm-none-eabi/4.8.4/../../../../arm-none-eabi/lib/armv7e-m\libg_s.a(lib_a-vfprintf_i.o)
                0x0000f604                _printf_i
 .text.memchr   0x0000f82c       0x1e c:/freescale/kds_v3/toolchain/bin/../lib/gcc/arm-none-eabi/4.8.4/../../../../arm-none-eabi/lib/armv7e-m\libg_s.a(lib_a-memchr-stub.o)
                0x0000f82c                memchr
 .text.memmove  0x0000f84a       0x36 c:/freescale/kds_v3/toolchain/bin/../lib/gcc/arm-none-eabi/4.8.4/../../../../arm-none-eabi/lib/armv7e-m\libg_s.a(lib_a-memmove.o)
                0x0000f84a                memmove
 .text._free_r  0x0000f880       0x88 c:/freescale/kds_v3/toolchain/bin/../lib/gcc/arm-none-eabi/4.8.4/../../../../arm-none-eabi/lib/armv7e-m\libg_s.a(lib_a-nano-freer.o)
                0x0000f880                _free_r
 .text._realloc_r
                0x0000f908       0x4c c:/freescale/kds_v3/toolchain/bin/../lib/gcc/arm-none-eabi/4.8.4/../../../../arm-none-eabi/lib/armv7e-m\libg_s.a(lib_a-nano-reallocr.o)
                0x0000f908                _realloc_r
 .text._malloc_usable_size_r
                0x0000f954       0x12 c:/freescale/kds_v3/toolchain/bin/../lib/gcc/arm-none-eabi/4.8.4/../../../../arm-none-eabi/lib/armv7e-m\libg_s.a(lib_a-nano-msizer.o)
                0x0000f954                _malloc_usable_size_r
 *fill*         0x0000f966        0x2 
 .text._getpid  0x0000f968       0x10 c:/freescale/kds_v3/toolchain/bin/../lib/gcc/arm-none-eabi/4.8.4/../../../../arm-none-eabi/lib/armv7e-m\libnosys.a(getpid.o)
                0x0000f968                _getpid
 .text._kill    0x0000f978       0x10 c:/freescale/kds_v3/toolchain/bin/../lib/gcc/arm-none-eabi/4.8.4/../../../../arm-none-eabi/lib/armv7e-m\libnosys.a(kill.o)
                0x0000f978                _kill
 .text._sbrk    0x0000f988       0x34 c:/freescale/kds_v3/toolchain/bin/../lib/gcc/arm-none-eabi/4.8.4/../../../../arm-none-eabi/lib/armv7e-m\libnosys.a(sbrk.o)
                0x0000f988                _sbrk
 .text._exit    0x0000f9bc        0x4 c:/freescale/kds_v3/toolchain/bin/../lib/gcc/arm-none-eabi/4.8.4/../../../../arm-none-eabi/lib/armv7e-m\libnosys.a(_exit.o)
                0x0000f9bc                _exit
 *(.rodata)
 .rodata        0x0000f9c0      0x66c ./Sources/display.o
 .rodata        0x0001002c       0x18 ./Sources/menu.o
 .rodata        0x00010044      0x230 ./Sources/protocol.o
 .rodata        0x00010274      0x230 ./Sources/send.o
 *(.rodata*)
 .rodata.ASerialLdd1_BaudAdjustValueSpeed0.6226
                0x000104a4        0x4 ./Generated_Code/ASerialLdd1.o
 .rodata.ASerialLdd1_BaudDivisorSpeed0.6227
                0x000104a8        0x4 ./Generated_Code/ASerialLdd1.o
 .rodata.SafeRoutine
                0x000104ac       0x30 ./Generated_Code/IntFlashLdd1.o
 .rodata.str1.4
                0x000104dc        0x4 c:/freescale/kds_v3/toolchain/bin/../lib/gcc/arm-none-eabi/4.8.4/../../../../arm-none-eabi/lib/armv7e-m\libm.a(lib_a-w_pow.o)
 .rodata.dp_h   0x000104e0       0x10 c:/freescale/kds_v3/toolchain/bin/../lib/gcc/arm-none-eabi/4.8.4/../../../../arm-none-eabi/lib/armv7e-m\libm.a(lib_a-e_pow.o)
 .rodata.dp_l   0x000104f0       0x10 c:/freescale/kds_v3/toolchain/bin/../lib/gcc/arm-none-eabi/4.8.4/../../../../arm-none-eabi/lib/armv7e-m\libm.a(lib_a-e_pow.o)
 .rodata.bp     0x00010500       0x10 c:/freescale/kds_v3/toolchain/bin/../lib/gcc/arm-none-eabi/4.8.4/../../../../arm-none-eabi/lib/armv7e-m\libm.a(lib_a-e_pow.o)
 .rodata.str1.4
                0x00010510        0x4 c:/freescale/kds_v3/toolchain/bin/../lib/gcc/arm-none-eabi/4.8.4/../../../../arm-none-eabi/lib/armv7e-m\libm.a(lib_a-e_pow.o)
 *fill*         0x00010514        0x4 
 .rodata.TWO52  0x00010518       0x10 c:/freescale/kds_v3/toolchain/bin/../lib/gcc/arm-none-eabi/4.8.4/../../../../arm-none-eabi/lib/armv7e-m\libm.a(lib_a-s_rint.o)
 .rodata.str1.1
                0x00010528        0x2 c:/freescale/kds_v3/toolchain/bin/../lib/gcc/arm-none-eabi/4.8.4/../../../../arm-none-eabi/lib/armv7e-m\libg_s.a(lib_a-impure.o)
 *fill*         0x0001052a        0x2 
 .rodata._global_impure_ptr
                0x0001052c        0x4 c:/freescale/kds_v3/toolchain/bin/../lib/gcc/arm-none-eabi/4.8.4/../../../../arm-none-eabi/lib/armv7e-m\libg_s.a(lib_a-impure.o)
                0x0001052c                _global_impure_ptr
 .rodata.str1.1
                0x00010530       0x11 c:/freescale/kds_v3/toolchain/bin/../lib/gcc/arm-none-eabi/4.8.4/../../../../arm-none-eabi/lib/armv7e-m\libg_s.a(lib_a-svfprintf.o)
 .rodata.str1.1
                0x00010541       0x22 c:/freescale/kds_v3/toolchain/bin/../lib/gcc/arm-none-eabi/4.8.4/../../../../arm-none-eabi/lib/armv7e-m\libg_s.a(lib_a-vfprintf_i.o)
 *(.glue_7)
 .glue_7        0x00000000        0x0 linker stubs
 *(.glue_7t)
 .glue_7t       0x00000000        0x0 linker stubs
 *(.eh_frame)
 *fill*         0x00010563        0x1 
 .eh_frame      0x00010564        0x0 c:/freescale/kds_v3/toolchain/bin/../lib/gcc/arm-none-eabi/4.8.4/armv7e-m/crtbegin.o
 *(.init)
 .init          0x00010564        0x4 c:/freescale/kds_v3/toolchain/bin/../lib/gcc/arm-none-eabi/4.8.4/armv7e-m/crti.o
                0x00010564                _init
 .init          0x00010568        0x8 c:/freescale/kds_v3/toolchain/bin/../lib/gcc/arm-none-eabi/4.8.4/armv7e-m/crtn.o
 *(.fini)
 .fini          0x00010570        0x4 c:/freescale/kds_v3/toolchain/bin/../lib/gcc/arm-none-eabi/4.8.4/armv7e-m/crti.o
                0x00010570                _fini
 .fini          0x00010574        0x8 c:/freescale/kds_v3/toolchain/bin/../lib/gcc/arm-none-eabi/4.8.4/armv7e-m/crtn.o
                0x0001057c                . = ALIGN (0x4)
                0x0001057c                _etext = .

.vfp11_veneer   0x0001057c        0x0
 .vfp11_veneer  0x00000000        0x0 linker stubs

.v4_bx          0x0001057c        0x0
 .v4_bx         0x00000000        0x0 linker stubs

.iplt           0x0001057c        0x0
 .iplt          0x00000000        0x0 c:/freescale/kds_v3/toolchain/bin/../lib/gcc/arm-none-eabi/4.8.4/armv7e-m/crtbegin.o

.ARM.extab      0x0001057c      0x2ac
 *(.ARM.extab* .gnu.linkonce.armextab.*)
 .ARM.extab.text.LCD_command
                0x0001057c        0xc ./Sources/LCD.o
 .ARM.extab.text.LCD_Set_Cursor
                0x00010588        0xc ./Sources/LCD.o
 .ARM.extab.text.LCD_Cursor_On_At
                0x00010594        0xc ./Sources/LCD.o
 .ARM.extab.text.LCD_Write
                0x000105a0        0xc ./Sources/LCD.o
 .ARM.extab.text.load_custom_char
                0x000105ac        0xc ./Sources/LCD.o
 .ARM.extab.text.LCD_Write_At
                0x000105b8        0xc ./Sources/LCD.o
 .ARM.extab.text.LCD_Write_Block
                0x000105c4        0xc ./Sources/LCD.o
 .ARM.extab.text.PCA9670_SendByte
                0x000105d0        0xc ./Sources/PCA9670.o
 .ARM.extab.text.select_cue
                0x000105dc        0xc ./Sources/cue.o
 .ARM.extab.text.print_float_at
                0x000105e8        0xc ./Sources/display.o
 .ARM.extab.text.print_int_at
                0x000105f4        0xc ./Sources/display.o
 .ARM.extab.text.print_cue_array
                0x00010600        0xc ./Sources/display.o
 .ARM.extab.text.print_all_cue
                0x0001060c        0xc ./Sources/display.o
 .ARM.extab.text.load_char
                0x00010618        0xc ./Sources/display.o
 .ARM.extab.text.menu_init
                0x00010624        0xc ./Sources/display.o
 .ARM.extab.text.refresh
                0x00010630        0xc ./Sources/display.o
 .ARM.extab.text.select
                0x0001063c        0xc ./Sources/display.o
 .ARM.extab.text.back
                0x00010648        0xc ./Sources/display.o
 .ARM.extab.text.controle_mode_display
                0x00010654        0xc ./Sources/display.o
 .ARM.extab.text.update_icon_dir
                0x00010660        0xc ./Sources/display.o
 .ARM.extab.text.select_setting
                0x0001066c        0xc ./Sources/display.o
 .ARM.extab.text.refresh_fct
                0x00010678        0xc ./Sources/display.o
 .ARM.extab.text.pos_position_fct
                0x00010684        0xc ./Sources/display.o
 .ARM.extab.text.pos_play_cue_fct
                0x00010690        0xc ./Sources/display.o
 .ARM.extab.text.pos_rec_cue_fct
                0x0001069c        0xc ./Sources/display.o
 .ARM.extab.text.pos_mod_cue_fct
                0x000106a8        0xc ./Sources/display.o
 .ARM.extab.text.pos_del_cue_fct
                0x000106b4        0xc ./Sources/display.o
 .ARM.extab.text.vel_play_cue_fct
                0x000106c0        0xc ./Sources/display.o
 .ARM.extab.text.vel_rec_cue_fct
                0x000106cc        0xc ./Sources/display.o
 .ARM.extab.text.vel_mod_cue_fct
                0x000106d8        0xc ./Sources/display.o
 .ARM.extab.text.vel_del_cue_fct
                0x000106e4        0xc ./Sources/display.o
 .ARM.extab.text.load_cue
                0x000106f0        0xc ./Sources/eeprom.o
 .ARM.extab.text.write_cue
                0x000106fc        0xc ./Sources/eeprom.o
 .ARM.extab.text.erase_cue
                0x00010708        0xc ./Sources/eeprom.o
 .ARM.extab.text.get_next_slot_free
                0x00010714        0xc ./Sources/eeprom.o
 .ARM.extab.text.get_slot_saved
                0x00010720        0xc ./Sources/eeprom.o
 .ARM.extab.text.get_cue_values
                0x0001072c        0xc ./Sources/eeprom.o
 .ARM.extab.text.print_menu
                0x00010738        0xc ./Sources/menu.o
 .ARM.extab.text.print_sub_menu
                0x00010744        0xc ./Sources/menu.o
 .ARM.extab.text.print_sub_menu2
                0x00010750        0xc ./Sources/menu.o
 .ARM.extab.text.menu_select
                0x0001075c        0xc ./Sources/menu.o
 .ARM.extab.text.menu_back
                0x00010768        0xc ./Sources/menu.o
 .ARM.extab.text.refresh_menu
                0x00010774        0xc ./Sources/menu.o
 .ARM.extab.text.serial_send_block
                0x00010780        0xc ./Sources/protocol.o
 .ARM.extab.text.serial_send_float
                0x0001078c        0xc ./Sources/protocol.o
 .ARM.extab.text.serial_send_int
                0x00010798        0xc ./Sources/protocol.o
 .ARM.extab.text.serial_send_string
                0x000107a4        0xc ./Sources/protocol.o
 .ARM.extab.text.serial_send_char
                0x000107b0        0xc ./Sources/protocol.o
 .ARM.extab.text.msg_parse
                0x000107bc        0xc ./Sources/protocol.o
 .ARM.extab.text.msg_processing
                0x000107c8        0xc ./Sources/protocol.o
 .ARM.extab.text.select_baud_rate
                0x000107d4        0xc ./Sources/protocol.o
 .ARM.extab.text.Send_Control_Mode
                0x000107e0        0xc ./Sources/send.o
 .ARM.extab.text.send_fct
                0x000107ec        0xc ./Sources/send.o
 .ARM.extab.text.get_update_value
                0x000107f8        0xc ./Sources/send.o
 .ARM.extab     0x00010804        0xc c:/freescale/kds_v3/toolchain/bin/../lib/gcc/arm-none-eabi/4.8.4/armv7e-m\libgcc.a(unwind-arm.o)
 .ARM.extab     0x00010810       0x18 c:/freescale/kds_v3/toolchain/bin/../lib/gcc/arm-none-eabi/4.8.4/armv7e-m\libgcc.a(pr-support.o)

.ARM            0x00010828      0x2f8
                0x00010828                __exidx_start = .
 *(.ARM.exidx*)
 .ARM.exidx     0x00010828        0x8 c:/freescale/kds_v3/toolchain/bin/../lib/gcc/arm-none-eabi/4.8.4/../../../../arm-none-eabi/lib/armv7e-m/crt0.o
 .ARM.exidx.text.LCD_Init
                0x000108f0        0x8 ./Sources/LCD.o
 .ARM.exidx.text.LCD_command
                0x000108f8        0x8 ./Sources/LCD.o
 .ARM.exidx.text.LCD_Cursor_On
                0x00010900        0x8 ./Sources/LCD.o
 .ARM.exidx.text.LCD_Cursor_Off
                0x00010908        0x0 ./Sources/LCD.o
                                  0x8 (size before relaxing)
 .ARM.exidx.text.LCD_Set_Cursor
                0x00010908        0x8 ./Sources/LCD.o
 .ARM.exidx.text.LCD_Cursor_On_At
                0x00010910        0x8 ./Sources/LCD.o
 .ARM.exidx.text.LCD_Write
                0x00010918        0x8 ./Sources/LCD.o
 .ARM.exidx.text.load_custom_char
                0x00010920        0x8 ./Sources/LCD.o
 .ARM.exidx.text.LCD_Write_At
                0x00010928        0x8 ./Sources/LCD.o
 .ARM.exidx.text.LCD_Write_Block
                0x00010930        0x8 ./Sources/LCD.o
 .ARM.exidx.text.PCA9670_Init
                0x00010938        0x8 ./Sources/PCA9670.o
 .ARM.exidx.text.PCA9670_SendByte
                0x00010940        0x8 ./Sources/PCA9670.o
 .ARM.exidx.text.select_cue
                0x00010948        0x8 ./Sources/cue.o
 .ARM.exidx.text.vspfunc
                0x00010950        0x8 ./Sources/display.o
 .ARM.exidx.text.print_float_at
                0x00010958        0x8 ./Sources/display.o
 .ARM.exidx.text.print_int_at
                0x00010960        0x8 ./Sources/display.o
 .ARM.exidx.text.print_cue_array
                0x00010968        0x8 ./Sources/display.o
 .ARM.exidx.text.print_all_cue
                0x00010970        0x8 ./Sources/display.o
 .ARM.exidx.text.load_char
                0x00010978        0x8 ./Sources/display.o
 .ARM.exidx.text.menu_init
                0x00010980        0x8 ./Sources/display.o
 .ARM.exidx.text.refresh
                0x00010988        0x8 ./Sources/display.o
 .ARM.exidx.text.select
                0x00010990        0x8 ./Sources/display.o
 .ARM.exidx.text.back
                0x00010998        0x8 ./Sources/display.o
 .ARM.exidx.text.controle_mode_display
                0x000109a0        0x8 ./Sources/display.o
 .ARM.exidx.text.control_mode_fct
                0x000109a8        0x8 ./Sources/display.o
 .ARM.exidx.text.update_icon_dir
                0x000109b0        0x8 ./Sources/display.o
 .ARM.exidx.text.update_icon_drive_enable
                0x000109b8        0x8 ./Sources/display.o
 .ARM.exidx.text.select_setting
                0x000109c0        0x8 ./Sources/display.o
 .ARM.exidx.text.refresh_fct
                0x000109c8        0x8 ./Sources/display.o
 .ARM.exidx.text.velocity_fct
                0x000109d0        0x8 ./Sources/display.o
 .ARM.exidx.text.acceleration_fct
                0x000109d8        0x0 ./Sources/display.o
                                  0x8 (size before relaxing)
 .ARM.exidx.text.deceleration_fct
                0x000109d8        0x0 ./Sources/display.o
                                  0x8 (size before relaxing)
 .ARM.exidx.text.back_fct
                0x000109d8        0x0 ./Sources/display.o
                                  0x8 (size before relaxing)
 .ARM.exidx.text.pos_position_fct
                0x000109d8        0x8 ./Sources/display.o
 .ARM.exidx.text.pos_velocity_fct
                0x000109e0        0x8 ./Sources/display.o
 .ARM.exidx.text.pos_acceleration_fct
                0x000109e8        0x0 ./Sources/display.o
                                  0x8 (size before relaxing)
 .ARM.exidx.text.pos_deceleration_fct
                0x000109e8        0x0 ./Sources/display.o
                                  0x8 (size before relaxing)
 .ARM.exidx.text.pos_set_home_fct
                0x000109e8        0x0 ./Sources/display.o
                                  0x8 (size before relaxing)
 .ARM.exidx.text.torque_fct
                0x000109e8        0x0 ./Sources/display.o
                                  0x8 (size before relaxing)
 .ARM.exidx.text.torque_rise_fct
                0x000109e8        0x0 ./Sources/display.o
                                  0x8 (size before relaxing)
 .ARM.exidx.text.torque_fall_fct
                0x000109e8        0x0 ./Sources/display.o
                                  0x8 (size before relaxing)
 .ARM.exidx.text.pos_play_cue_fct
                0x000109e8        0x8 ./Sources/display.o
 .ARM.exidx.text.pos_rec_cue_fct
                0x000109f0        0x8 ./Sources/display.o
 .ARM.exidx.text.pos_mod_cue_fct
                0x000109f8        0x8 ./Sources/display.o
 .ARM.exidx.text.pos_del_cue_fct
                0x00010a00        0x8 ./Sources/display.o
 .ARM.exidx.text.vel_play_cue_fct
                0x00010a08        0x8 ./Sources/display.o
 .ARM.exidx.text.vel_rec_cue_fct
                0x00010a10        0x8 ./Sources/display.o
 .ARM.exidx.text.vel_mod_cue_fct
                0x00010a18        0x8 ./Sources/display.o
 .ARM.exidx.text.vel_del_cue_fct
                0x00010a20        0x8 ./Sources/display.o
 .ARM.exidx.text.select_baud_rate_fct
                0x00010a28        0x8 ./Sources/display.o
 .ARM.exidx.text.select_update_menu_fct
                0x00010a30        0x0 ./Sources/display.o
                                  0x8 (size before relaxing)
 .ARM.exidx.text.short_cut_position_menu
                0x00010a30        0x0 ./Sources/display.o
                                  0x8 (size before relaxing)
 .ARM.exidx.text.display_resolution
                0x00010a30        0x0 ./Sources/display.o
                                  0x8 (size before relaxing)
 .ARM.exidx.text.get_cursor_resolution_position
                0x00010a30        0x8 ./Sources/display.o
 .ARM.exidx.text.get_resolution
                0x00010a38        0x0 ./Sources/display.o
                                  0x8 (size before relaxing)
 .ARM.exidx.text._Z41__static_initialization_and_destruction_0ii
                0x00010a38        0x0 ./Sources/display.o
                                  0x8 (size before relaxing)
 .ARM.exidx.text._GLOBAL__sub_I_buffer
                0x00010a38        0x0 ./Sources/display.o
                                  0x8 (size before relaxing)
 .ARM.exidx.text.load_cue
                0x00010a38        0x8 ./Sources/eeprom.o
 .ARM.exidx.text.write_cue
                0x00010a40        0x8 ./Sources/eeprom.o
 .ARM.exidx.text.erase_cue
                0x00010a48        0x8 ./Sources/eeprom.o
 .ARM.exidx.text.get_next_slot_free
                0x00010a50        0x8 ./Sources/eeprom.o
 .ARM.exidx.text.get_slot_saved
                0x00010a58        0x8 ./Sources/eeprom.o
 .ARM.exidx.text.get_cue_values
                0x00010a60       0x10 ./Sources/eeprom.o
                                  0x8 (size before relaxing)
 .ARM.exidx.text.init_menu
                0x00010a70        0x0 ./Sources/menu.o
                                  0x8 (size before relaxing)
 .ARM.exidx.text.init_sub_menu
                0x00010a70        0x0 ./Sources/menu.o
                                  0x8 (size before relaxing)
 .ARM.exidx.text.init_sub_menu2
                0x00010a70        0x0 ./Sources/menu.o
                                  0x8 (size before relaxing)
 .ARM.exidx.text.init_menu_list
                0x00010a70        0x0 ./Sources/menu.o
                                  0x8 (size before relaxing)
 .ARM.exidx.text.init_sub_menu_list
                0x00010a70        0x0 ./Sources/menu.o
                                  0x8 (size before relaxing)
 .ARM.exidx.text.init_sub_menu2_list
                0x00010a70        0x0 ./Sources/menu.o
                                  0x8 (size before relaxing)
 .ARM.exidx.text.print_menu
                0x00010a70        0x8 ./Sources/menu.o
 .ARM.exidx.text.print_sub_menu
                0x00010a78        0x8 ./Sources/menu.o
 .ARM.exidx.text.print_sub_menu2
                0x00010a80        0x8 ./Sources/menu.o
 .ARM.exidx.text.menu_select
                0x00010a88        0x8 ./Sources/menu.o
 .ARM.exidx.text.menu_back
                0x00010a90        0x8 ./Sources/menu.o
 .ARM.exidx.text.refresh_menu
                0x00010a98        0x8 ./Sources/menu.o
 .ARM.exidx.text.void_function
                0x00010aa0        0x8 ./Sources/menu.o
 .ARM.exidx.text.parameters_init
                0x00010aa8        0x0 ./Sources/parameters.o
                                  0x8 (size before relaxing)
 .ARM.exidx.text.convert
                0x00010aa8        0x0 ./Sources/parameters.o
                                  0x8 (size before relaxing)
 .ARM.exidx.text.serial_send_block
                0x00010aa8        0x8 ./Sources/protocol.o
 .ARM.exidx.text.serial_send_float
                0x00010ab0        0x8 ./Sources/protocol.o
 .ARM.exidx.text.serial_send_int
                0x00010ab8        0x8 ./Sources/protocol.o
 .ARM.exidx.text.serial_send_string
                0x00010ac0        0x8 ./Sources/protocol.o
 .ARM.exidx.text.serial_send_char
                0x00010ac8        0x8 ./Sources/protocol.o
 .ARM.exidx.text.serial_send_end
                0x00010ad0        0x8 ./Sources/protocol.o
 .ARM.exidx.text.msg_parse
                0x00010ad8        0x8 ./Sources/protocol.o
 .ARM.exidx.text.msg_processing
                0x00010ae0        0x8 ./Sources/protocol.o
 .ARM.exidx.text.select_baud_rate
                0x00010ae8        0x8 ./Sources/protocol.o
 .ARM.exidx.text.Send_Control_Mode
                0x00010af0        0x8 ./Sources/send.o
 .ARM.exidx.text.send_fct
                0x00010af8        0x8 ./Sources/send.o
 .ARM.exidx.text.get_update_drive_en
                0x00010b00        0x8 ./Sources/send.o
 .ARM.exidx.text.get_update_value
                0x00010b08        0x8 ./Sources/send.o
 .ARM.exidx.text.send_stop
                0x00010b10        0x8 ./Sources/send.o
 .ARM.exidx.text.send_velocity_cue
                0x00010b18        0x0 ./Sources/send.o
                                  0x8 (size before relaxing)
 .ARM.exidx.text.send_position_cue
                0x00010b18        0x0 ./Sources/send.o
                                  0x8 (size before relaxing)
 .ARM.exidx.text.velocity_processing
                0x00010b18        0x8 ./Sources/send.o
 .ARM.exidx.text.velocity_ref_processing
                0x00010b20        0x0 ./Sources/send.o
                                  0x8 (size before relaxing)
 .ARM.exidx.text.acceleration_processing
                0x00010b20        0x0 ./Sources/send.o
                                  0x8 (size before relaxing)
 .ARM.exidx.text.deceleration_processing
                0x00010b20        0x0 ./Sources/send.o
                                  0x8 (size before relaxing)
 .ARM.exidx.text.torque_processing
                0x00010b20        0x0 ./Sources/send.o
                                  0x8 (size before relaxing)
 .ARM.exidx.text.torque_ref_processing
                0x00010b20        0x0 ./Sources/send.o
                                  0x8 (size before relaxing)
 .ARM.exidx.text.torque_rise_processing
                0x00010b20        0x0 ./Sources/send.o
                                  0x8 (size before relaxing)
 .ARM.exidx.text.torque_fall_processing
                0x00010b20        0x0 ./Sources/send.o
                                  0x8 (size before relaxing)
 .ARM.exidx.text.position_ref_processing
                0x00010b20        0x0 ./Sources/send.o
                                  0x8 (size before relaxing)
 .ARM.exidx.text.position_processing
                0x00010b20        0x0 ./Sources/send.o
                                  0x8 (size before relaxing)
 .ARM.exidx.text.control_mode_processing
                0x00010b20        0x0 ./Sources/send.o
                                  0x8 (size before relaxing)
 .ARM.exidx.text.drive_enable_processing
                0x00010b20        0x0 ./Sources/send.o
                                  0x8 (size before relaxing)
 .ARM.exidx     0x00010830       0x88 c:/freescale/kds_v3/toolchain/bin/../lib/gcc/arm-none-eabi/4.8.4/armv7e-m\libgcc.a(unwind-arm.o)
                                 0xd8 (size before relaxing)
 .ARM.exidx     0x000108b8       0x38 c:/freescale/kds_v3/toolchain/bin/../lib/gcc/arm-none-eabi/4.8.4/armv7e-m\libgcc.a(pr-support.o)
                                 0x48 (size before relaxing)
                0x00010b20                __exidx_end = .

.rel.dyn        0x00010b20        0x0
 .rel.iplt      0x00000000        0x0 c:/freescale/kds_v3/toolchain/bin/../lib/gcc/arm-none-eabi/4.8.4/armv7e-m/crtbegin.o

.ctors          0x00010b20        0x0
                0x00010b20                __CTOR_LIST__ = .
 *crtbegin.o(.ctors)
 *(EXCLUDE_FILE(*crtend.o) .ctors)
 *(SORT(.ctors.*))
 *(.ctors)
                0x00010b20                __CTOR_END__ = .

.dtors          0x00010b20        0x0
                0x00010b20                __DTOR_LIST__ = .
 *crtbegin.o(.dtors)
 *(EXCLUDE_FILE(*crtend.o) .dtors)
 *(SORT(.dtors.*))
 *(.dtors)
                0x00010b20                __DTOR_END__ = .

.preinit_array  0x00010b20        0x0