Archive member included because of file (symbol)

c:/freescale/kds_v3/toolchain/bin/../lib/gcc/arm-none-eabi/4.8.4/../../../../arm-none-eabi/lib/armv7e-m\libm.a(lib_a-s_round.o)
                              ./Sources/display.o (round)
c:/freescale/kds_v3/toolchain/bin/../lib/gcc/arm-none-eabi/4.8.4/../../../../arm-none-eabi/lib/armv7e-m\libm.a(lib_a-w_pow.o)
                              ./Sources/display.o (pow)
c:/freescale/kds_v3/toolchain/bin/../lib/gcc/arm-none-eabi/4.8.4/../../../../arm-none-eabi/lib/armv7e-m\libm.a(lib_a-e_pow.o)
                              c:/freescale/kds_v3/toolchain/bin/../lib/gcc/arm-none-eabi/4.8.4/../../../../arm-none-eabi/lib/armv7e-m\libm.a(lib_a-w_pow.o) (__ieee754_pow)
c:/freescale/kds_v3/toolchain/bin/../lib/gcc/arm-none-eabi/4.8.4/../../../../arm-none-eabi/lib/armv7e-m\libm.a(lib_a-e_sqrt.o)
                              c:/freescale/kds_v3/toolchain/bin/../lib/gcc/arm-none-eabi/4.8.4/../../../../arm-none-eabi/lib/armv7e-m\libm.a(lib_a-e_pow.o) (__ieee754_sqrt)
c:/freescale/kds_v3/toolchain/bin/../lib/gcc/arm-none-eabi/4.8.4/../../../../arm-none-eabi/lib/armv7e-m\libm.a(lib_a-s_fabs.o)
                              c:/freescale/kds_v3/toolchain/bin/../lib/gcc/arm-none-eabi/4.8.4/../../../../arm-none-eabi/lib/armv7e-m\libm.a(lib_a-e_pow.o) (fabs)
c:/freescale/kds_v3/toolchain/bin/../lib/gcc/arm-none-eabi/4.8.4/../../../../arm-none-eabi/lib/armv7e-m\libm.a(lib_a-s_finite.o)
                              c:/freescale/kds_v3/toolchain/bin/../lib/gcc/arm-none-eabi/4.8.4/../../../../arm-none-eabi/lib/armv7e-m\libm.a(lib_a-w_pow.o) (finite)
c:/freescale/kds_v3/toolchain/bin/../lib/gcc/arm-none-eabi/4.8.4/../../../../arm-none-eabi/lib/armv7e-m\libm.a(lib_a-s_fpclassify.o)
                              c:/freescale/kds_v3/toolchain/bin/../lib/gcc/arm-none-eabi/4.8.4/../../../../arm-none-eabi/lib/armv7e-m\libm.a(lib_a-w_pow.o) (__fpclassifyd)
c:/freescale/kds_v3/toolchain/bin/../lib/gcc/arm-none-eabi/4.8.4/../../../../arm-none-eabi/lib/armv7e-m\libm.a(lib_a-s_lib_ver.o)
                              c:/freescale/kds_v3/toolchain/bin/../lib/gcc/arm-none-eabi/4.8.4/../../../../arm-none-eabi/lib/armv7e-m\libm.a(lib_a-w_pow.o) (__fdlib_version)
c:/freescale/kds_v3/toolchain/bin/../lib/gcc/arm-none-eabi/4.8.4/../../../../arm-none-eabi/lib/armv7e-m\libm.a(lib_a-s_matherr.o)
                              c:/freescale/kds_v3/toolchain/bin/../lib/gcc/arm-none-eabi/4.8.4/../../../../arm-none-eabi/lib/armv7e-m\libm.a(lib_a-w_pow.o) (matherr)
c:/freescale/kds_v3/toolchain/bin/../lib/gcc/arm-none-eabi/4.8.4/../../../../arm-none-eabi/lib/armv7e-m\libm.a(lib_a-s_nan.o)
                              c:/freescale/kds_v3/toolchain/bin/../lib/gcc/arm-none-eabi/4.8.4/../../../../arm-none-eabi/lib/armv7e-m\libm.a(lib_a-e_pow.o) (nan)
c:/freescale/kds_v3/toolchain/bin/../lib/gcc/arm-none-eabi/4.8.4/../../../../arm-none-eabi/lib/armv7e-m\libm.a(lib_a-s_rint.o)
                              c:/freescale/kds_v3/toolchain/bin/../lib/gcc/arm-none-eabi/4.8.4/../../../../arm-none-eabi/lib/armv7e-m\libm.a(lib_a-w_pow.o) (rint)
c:/freescale/kds_v3/toolchain/bin/../lib/gcc/arm-none-eabi/4.8.4/../../../../arm-none-eabi/lib/armv7e-m\libm.a(lib_a-s_scalbn.o)
                              c:/freescale/kds_v3/toolchain/bin/../lib/gcc/arm-none-eabi/4.8.4/../../../../arm-none-eabi/lib/armv7e-m\libm.a(lib_a-e_pow.o) (scalbn)
c:/freescale/kds_v3/toolchain/bin/../lib/gcc/arm-none-eabi/4.8.4/../../../../arm-none-eabi/lib/armv7e-m\libm.a(lib_a-s_copysign.o)
                              c:/freescale/kds_v3/toolchain/bin/../lib/gcc/arm-none-eabi/4.8.4/../../../../arm-none-eabi/lib/armv7e-m\libm.a(lib_a-s_scalbn.o) (copysign)
c:/freescale/kds_v3/toolchain/bin/../lib/gcc/arm-none-eabi/4.8.4/armv7e-m\libgcc.a(_arm_addsubdf3.o)
                              c:/freescale/kds_v3/toolchain/bin/../lib/gcc/arm-none-eabi/4.8.4/../../../../arm-none-eabi/lib/armv7e-m\libm.a(lib_a-e_pow.o) (__aeabi_dsub)
c:/freescale/kds_v3/toolchain/bin/../lib/gcc/arm-none-eabi/4.8.4/armv7e-m\libgcc.a(_arm_muldivdf3.o)
                              ./Sources/display.o (__aeabi_dmul)
c:/freescale/kds_v3/toolchain/bin/../lib/gcc/arm-none-eabi/4.8.4/armv7e-m\libgcc.a(_arm_cmpdf2.o)
                              c:/freescale/kds_v3/toolchain/bin/../lib/gcc/arm-none-eabi/4.8.4/../../../../arm-none-eabi/lib/armv7e-m\libm.a(lib_a-w_pow.o) (__aeabi_dcmpeq)
c:/freescale/kds_v3/toolchain/bin/../lib/gcc/arm-none-eabi/4.8.4/armv7e-m\libgcc.a(_arm_fixdfsi.o)
                              ./Sources/display.o (__aeabi_d2iz)
c:/freescale/kds_v3/toolchain/bin/../lib/gcc/arm-none-eabi/4.8.4/armv7e-m\libgcc.a(_arm_addsubsf3.o)
                              ./Sources/Events.o (__aeabi_fsub)
c:/freescale/kds_v3/toolchain/bin/../lib/gcc/arm-none-eabi/4.8.4/armv7e-m\libgcc.a(_arm_muldivsf3.o)
                              ./Sources/display.o (__aeabi_fmul)
c:/freescale/kds_v3/toolchain/bin/../lib/gcc/arm-none-eabi/4.8.4/armv7e-m\libgcc.a(_arm_cmpsf2.o)
[...]
Memory Configuration

Name             Origin             Length             Attributes
m_interrupts     0x00000000         0x000003fe         xr
m_text           0x00000410         0x0003ebf0         xr
m_data           0x1fff8000         0x00008000         rw
m_data_20000000  0x20000000         0x00008000         rw
m_cue            0x0003f000         0x00000ffe         xrw
m_cfmprotrom     0x00000400         0x00000010         xr
*default*        0x00000000         0xffffffff

Linker script and memory map

LOAD c:/freescale/kds_v3/toolchain/bin/../lib/gcc/arm-none-eabi/4.8.4/armv7e-m/crti.o
LOAD c:/freescale/kds_v3/toolchain/bin/../lib/gcc/arm-none-eabi/4.8.4/armv7e-m/crtbegin.o
LOAD c:/freescale/kds_v3/toolchain/bin/../lib/gcc/arm-none-eabi/4.8.4/../../../../arm-none-eabi/lib/armv7e-m/crt0.o
LOAD ./Sources/Events.o
LOAD ./Sources/LCD.o
LOAD ./Sources/PCA9670.o
LOAD ./Sources/cue.o
LOAD ./Sources/display.o
LOAD ./Sources/eeprom.o
LOAD ./Sources/encoder_variable.o
LOAD ./Sources/main.o
LOAD ./Sources/menu.o
LOAD ./Sources/parameters.o
LOAD ./Sources/protocol.o
LOAD ./Sources/send.o
LOAD ./Project_Settings/Startup_Code/startup.o
LOAD ./Generated_Code/AS1.o
LOAD ./Generated_Code/ASerialLdd1.o
LOAD ./Generated_Code/BitIoLdd1.o
LOAD ./Generated_Code/BitIoLdd2.o
LOAD ./Generated_Code/BitIoLdd3.o
LOAD ./Generated_Code/BitIoLdd4.o
LOAD ./Generated_Code/BitIoLdd5.o
LOAD ./Generated_Code/BitIoLdd6.o
LOAD ./Generated_Code/BitIoLdd7.o
LOAD ./Generated_Code/BitIoLdd8.o
LOAD ./Generated_Code/CS1.o
LOAD ./Generated_Code/Cpu.o
LOAD ./Generated_Code/ENCODER.o
LOAD ./Generated_Code/ENCODER_PUSH.o
LOAD ./Generated_Code/ExtIntLdd1.o
LOAD ./Generated_Code/ExtIntLdd2.o
LOAD ./Generated_Code/ExtIntLdd3.o
LOAD ./Generated_Code/ExtIntLdd4.o
LOAD ./Generated_Code/ExtIntLdd5.o
LOAD ./Generated_Code/I2C0.o
LOAD ./Generated_Code/IFsh1.o
LOAD ./Generated_Code/IntFlashLdd1.o
LOAD ./Generated_Code/IntI2cLdd1.o
LOAD ./Generated_Code/KSDK1.o
LOAD ./Generated_Code/LCD_CTR.o
LOAD ./Generated_Code/LCD_EN.o
LOAD ./Generated_Code/LED_DEBUG.o
LOAD ./Generated_Code/LED_MOTOR_MOVE.o
LOAD ./Generated_Code/LED_STATUS_1.o
LOAD ./Generated_Code/LED_STATUS_2.o
LOAD ./Generated_Code/LED_STATUS_3.o
LOAD ./Generated_Code/LED_STATUS_4.o
LOAD ./Generated_Code/LEVER_DIR1.o
LOAD ./Generated_Code/LEVER_DIR2.o
LOAD ./Generated_Code/PCA.o
LOAD ./Generated_Code/PE_LDD.o
LOAD ./Generated_Code/PUSH_BUTTON_REC.o
LOAD ./Generated_Code/PUSH_BUTTON_SEND.o
LOAD ./Generated_Code/TU1.o
LOAD ./Generated_Code/T_100ms.o
LOAD ./Generated_Code/T_500ms.o
LOAD ./Generated_Code/Vectors.o
LOAD ./Generated_Code/WAIT1.o
LOAD ./.metadata/.plugins/org.eclipse.cdt.make.core/specs.o
LOAD c:/freescale/kds_v3/toolchain/bin/../lib/gcc/arm-none-eabi/4.8.4/../../../../arm-none-eabi/lib/armv7e-m\libstdc++_s.a
LOAD c:/freescale/kds_v3/toolchain/bin/../lib/gcc/arm-none-eabi/4.8.4/../../../../arm-none-eabi/lib/armv7e-m\libm.a
START GROUP
LOAD c:/freescale/kds_v3/toolchain/bin/../lib/gcc/arm-none-eabi/4.8.4/armv7e-m\libgcc.a
LOAD c:/freescale/kds_v3/toolchain/bin/../lib/gcc/arm-none-eabi/4.8.4/../../../../arm-none-eabi/lib/armv7e-m\libg_s.a
LOAD c:/freescale/kds_v3/toolchain/bin/../lib/gcc/arm-none-eabi/4.8.4/../../../../arm-none-eabi/lib/armv7e-m\libc_s.a
END GROUP
START GROUP
LOAD c:/freescale/kds_v3/toolchain/bin/../lib/gcc/arm-none-eabi/4.8.4/armv7e-m\libgcc.a
LOAD c:/freescale/kds_v3/toolchain/bin/../lib/gcc/arm-none-eabi/4.8.4/../../../../arm-none-eabi/lib/armv7e-m\libc_s.a
LOAD c:/freescale/kds_v3/toolchain/bin/../lib/gcc/arm-none-eabi/4.8.4/../../../../arm-none-eabi/lib/armv7e-m\libnosys.a
END GROUP
START GROUP
LOAD c:/freescale/kds_v3/toolchain/bin/../lib/gcc/arm-none-eabi/4.8.4/armv7e-m\libgcc.a
LOAD c:/freescale/kds_v3/toolchain/bin/../lib/gcc/arm-none-eabi/4.8.4/../../../../arm-none-eabi/lib/armv7e-m\libc_s.a
LOAD c:/freescale/kds_v3/toolchain/bin/../lib/gcc/arm-none-eabi/4.8.4/../../../../arm-none-eabi/lib/armv7e-m\libnosys.a
END GROUP
LOAD c:/freescale/kds_v3/toolchain/bin/../lib/gcc/arm-none-eabi/4.8.4/armv7e-m/crtend.o
LOAD c:/freescale/kds_v3/toolchain/bin/../lib/gcc/arm-none-eabi/4.8.4/armv7e-m/crtn.o
                0x20000000                _estack = 0x20000000
                0x20000000                __SP_INIT = _estack
                0x20000000                __stack = _estack
                0x00000000                __heap_size = 0x0
                0x00000400                __stack_size = 0x400

.interrupts     0x00000000      0x1bc
                0x00000000                __vector_table = .
                0x00000000                . = ALIGN (0x4)
 *(.vectortable)
 .vectortable   0x00000000      0x1bc ./Generated_Code/Vectors.o
                0x00000000                __vect_table
                0x000001bc                . = ALIGN (0x4)

.cfmprotect     0x00000400       0x10
                0x00000400                . = ALIGN (0x4)
 *(.cfmconfig)
 .cfmconfig     0x00000400       0x10 ./Generated_Code/Cpu.o
                0x00000400                _cfm
                0x00000410                . = ALIGN (0x4)

.text           0x00000410    0x1025c
                0x00000410                . = ALIGN (0x4)
 *(.text)
 .text          0x00000410       0x54 c:/freescale/kds_v3/toolchain/bin/../lib/gcc/arm-none-eabi/4.8.4/armv7e-m/crtbegin.o
 .text          0x00000464       0x74 c:/freescale/kds_v3/toolchain/bin/../lib/gcc/arm-none-eabi/4.8.4/../../../../arm-none-eabi/lib/armv7e-m/crt0.o
                0x00000464                _start
                0x00000464                _mainCRTStartup
 .text          0x000004d8      0x370 c:/freescale/kds_v3/toolchain/bin/../lib/gcc/arm-none-eabi/4.8.4/armv7e-m\libgcc.a(_arm_addsubdf3.o)
                0x000004d8                __aeabi_drsub
                0x000004e0                __aeabi_dsub
                0x000004e0                __subdf3
                0x000004e4                __aeabi_dadd
                0x000004e4                __adddf3
                0x0000075c                __floatunsidf
                0x0000075c                __aeabi_ui2d
                0x0000077c                __floatsidf
                0x0000077c                __aeabi_i2d
                0x000007a0                __aeabi_f2d
                0x000007a0                __extendsfdf2
                0x000007dc                __floatundidf
                0x000007dc                __aeabi_ul2d
                0x000007ec                __floatdidf
                0x000007ec                __aeabi_l2d
 .text          0x00000848      0x424 c:/freescale/kds_v3/toolchain/bin/../lib/gcc/arm-none-eabi/4.8.4/armv7e-m\libgcc.a(_arm_muldivdf3.o)
                0x00000848                __aeabi_dmul
                0x00000848                __muldf3
                0x00000a9c                __divdf3
                0x00000a9c                __aeabi_ddiv
 .text          0x00000c6c      0x110 c:/freescale/kds_v3/toolchain/bin/../lib/gcc/arm-none-eabi/4.8.4/armv7e-m\libgcc.a(_arm_cmpdf2.o)
                0x00000c6c                __gtdf2
                0x00000c6c                __gedf2
                0x00000c74                __ltdf2
                0x00000c74                __ledf2
                0x00000c7c                __nedf2
                0x00000c7c                __eqdf2
                0x00000c7c                __cmpdf2
                0x00000cf8                __aeabi_cdrcmple
                0x00000d08                __aeabi_cdcmpeq
                0x00000d08                __aeabi_cdcmple
                0x00000d18                __aeabi_dcmpeq
                0x00000d2c                __aeabi_dcmplt
                0x00000d40                __aeabi_dcmple
                0x00000d54                __aeabi_dcmpge
                0x00000d68                __aeabi_dcmpgt
 .text          0x00000d7c       0x50 c:/freescale/kds_v3/toolchain/bin/../lib/gcc/arm-none-eabi/4.8.4/armv7e-m\libgcc.a(_arm_fixdfsi.o)
                0x00000d7c                __aeabi_d2iz
                0x00000d7c                __fixdfsi
 .text          0x00000dcc      0x21c c:/freescale/kds_v3/toolchain/bin/../lib/gcc/arm-none-eabi/4.8.4/armv7e-m\libgcc.a(_arm_addsubsf3.o)
                0x00000dcc                __aeabi_frsub
                0x00000dd4                __subsf3
                0x00000dd4                __aeabi_fsub
                0x00000dd8                __aeabi_fadd
                0x00000dd8                __addsf3
                0x00000f38                __aeabi_ui2f
                0x00000f38                __floatunsisf
                0x00000f40                __aeabi_i2f
                0x00000f40                __floatsisf
                0x00000f5c                __aeabi_ul2f
                0x00000f5c                __floatundisf
                0x00000f6c                __aeabi_l2f
                0x00000f6c                __floatdisf
 .text          0x00000fe8      0x2a0 c:/freescale/kds_v3/toolchain/bin/../lib/gcc/arm-none-eabi/4.8.4/armv7e-m\libgcc.a(_arm_muldivsf3.o)
                0x00000fe8                __mulsf3
                0x00000fe8                __aeabi_fmul
                0x00001150                __aeabi_fdiv
                0x00001150                __divsf3
 .text          0x00001288       0xec c:/freescale/kds_v3/toolchain/bin/../lib/gcc/arm-none-eabi/4.8.4/armv7e-m\libgcc.a(_arm_cmpsf2.o)
                0x00001288                __gesf2
                0x00001288                __gtsf2
                0x00001290                __lesf2
                0x00001290                __ltsf2
                0x00001298                __nesf2
                0x00001298                __eqsf2
                0x00001298                __cmpsf2
                0x000012f8                __aeabi_cfrcmple
                0x00001300                __aeabi_cfcmpeq
                0x00001300                __aeabi_cfcmple
                0x00001310                __aeabi_fcmpeq
                0x00001324                __aeabi_fcmplt
                0x00001338                __aeabi_fcmple
                0x0000134c                __aeabi_fcmpge
                0x00001360                __aeabi_fcmpgt
 .text          0x00001374       0x4c c:/freescale/kds_v3/toolchain/bin/../lib/gcc/arm-none-eabi/4.8.4/armv7e-m\libgcc.a(_arm_fixsfsi.o)
                0x00001374                __aeabi_f2iz
                0x00001374                __fixsfsi
 .text          0x000013c0       0x40 c:/freescale/kds_v3/toolchain/bin/../lib/gcc/arm-none-eabi/4.8.4/armv7e-m\libgcc.a(_arm_fixunssfsi.o)
                0x000013c0                __fixunssfsi
                0x000013c0                __aeabi_f2uiz
 .text          0x00001400      0xa1c c:/freescale/kds_v3/toolchain/bin/../lib/gcc/arm-none-eabi/4.8.4/armv7e-m\libgcc.a(unwind-arm.o)
                0x000016e4                _Unwind_GetCFA
                0x000016e8                __gnu_Unwind_RaiseException
                0x00001748                __gnu_Unwind_ForcedUnwind
                0x0000175c                __gnu_Unwind_Resume
                0x000017a0                __gnu_Unwind_Resume_or_Rethrow
                0x000017b0                _Unwind_Complete
                0x000017b4                _Unwind_DeleteException
                0x000017c4                _Unwind_VRS_Get
                0x00001814                _Unwind_VRS_Set
                0x00001864                __gnu_Unwind_Backtrace
                0x00001bb8                __aeabi_unwind_cpp_pr0
                0x00001bc0                __aeabi_unwind_cpp_pr1
                0x00001bc8                __aeabi_unwind_cpp_pr2
                0x00001bd0                _Unwind_VRS_Pop
 .text          0x00001e1c      0x1ac c:/freescale/kds_v3/toolchain/bin/../lib/gcc/arm-none-eabi/4.8.4/armv7e-m\libgcc.a(libunwind.o)
                0x00001e1c                __restore_core_regs
                0x00001e1c                restore_core_regs
                0x00001e34                __gnu_Unwind_Restore_VFP
                0x00001e3c                __gnu_Unwind_Save_VFP
                0x00001e44                __gnu_Unwind_Restore_VFP_D
                0x00001e4c                __gnu_Unwind_Save_VFP_D
                0x00001e54                __gnu_Unwind_Restore_VFP_D_16_to_31
                0x00001e5c                __gnu_Unwind_Save_VFP_D_16_to_31
                0x00001e64                __gnu_Unwind_Restore_WMMXD
                0x00001ea8                __gnu_Unwind_Save_WMMXD
                0x00001eec                __gnu_Unwind_Restore_WMMXC
                0x00001f00                __gnu_Unwind_Save_WMMXC
                0x00001f14                ___Unwind_RaiseException
                0x00001f14                _Unwind_RaiseException
                0x00001f38                _Unwind_Resume
                0x00001f38                ___Unwind_Resume
                0x00001f5c                _Unwind_Resume_or_Rethrow
                0x00001f5c                ___Unwind_Resume_or_Rethrow
                0x00001f80                _Unwind_ForcedUnwind
                0x00001f80                ___Unwind_ForcedUnwind
                0x00001fa4                ___Unwind_Backtrace
                0x00001fa4                _Unwind_Backtrace
 .text          0x00001fc8      0x33c c:/freescale/kds_v3/toolchain/bin/../lib/gcc/arm-none-eabi/4.8.4/armv7e-m\libgcc.a(pr-support.o)
                0x0000201c                __gnu_unwind_execute
                0x000022a8                __gnu_unwind_frame
                0x000022d4                _Unwind_GetRegionStart
                0x000022e0                _Unwind_GetLanguageSpecificData
                0x000022f4                _Unwind_GetDataRelBase
                0x000022fc                _Unwind_GetTextRelBase
 .text          0x00002304       0x14 c:/freescale/kds_v3/toolchain/bin/../lib/gcc/arm-none-eabi/4.8.4/../../../../arm-none-eabi/lib/armv7e-m\libg_s.a(lib_a-strcmp.o)
                0x00002304                strcmp
 *(.text*)
 .text.PUSH_BUTTON_REC_OnInterrupt
                0x00002318       0x18 ./Sources/Events.o
                0x00002318                PUSH_BUTTON_REC_OnInterrupt
 .text.PUSH_BUTTON_SEND_OnInterrupt
                0x00002330       0x18 ./Sources/Events.o
                0x00002330                PUSH_BUTTON_SEND_OnInterrupt
 .text.I2C0_OnReceiveData
                0x00002348        0xc ./Sources/Events.o
                0x00002348                I2C0_OnReceiveData
 .text.I2C0_OnTransmitData
                0x00002354        0xc ./Sources/Events.o
                0x00002354                I2C0_OnTransmitData
 .text.T_100ms_OnCounterRestart
                0x00002360       0x48 ./Sources/Events.o
                0x00002360                T_100ms_OnCounterRestart
 .text.LEVER_DIR1_OnInterrupt
                0x000023a8       0x48 ./Sources/Events.o
                0x000023a8                LEVER_DIR1_OnInterrupt
 .text.LEVER_DIR2_OnInterrupt
                0x000023f0       0x48 ./Sources/Events.o
                0x000023f0                LEVER_DIR2_OnInterrupt
 .text.ENCODER_PUSH_OnInterrupt
                0x00002438       0xe0 ./Sources/Events.o
                0x00002438                ENCODER_PUSH_OnInterrupt
 .text.ENCODER_OnPortEvent
                0x00002518       0xc0 ./Sources/Events.o
                0x00002518                ENCODER_OnPortEvent
 .text.T_500ms_OnCounterRestart
                0x000025d8      0x130 ./Sources/Events.o
                0x000025d8                T_500ms_OnCounterRestart
 .text.I2C0_OnArbitLost
                0x00002708        0xc ./Sources/Events.o
                0x00002708                I2C0_OnArbitLost
 .text.AS1_OnTxComplete
                0x00002714       0x14 ./Sources/Events.o
                0x00002714                AS1_OnTxComplete
 .text.AS1_OnError
                0x00002728        0xc ./Sources/Events.o
                0x00002728                AS1_OnError
 .text.AS1_OnRxChar
                0x00002734        0xc ./Sources/Events.o
                0x00002734                AS1_OnRxChar
 .text.AS1_OnRxCharExt
                0x00002740       0xa8 ./Sources/Events.o
                0x00002740                AS1_OnRxCharExt
 .text.AS1_OnTxChar
                0x000027e8        0xc ./Sources/Events.o
                0x000027e8                AS1_OnTxChar
 .text.AS1_OnFullRxBuf
                0x000027f4       0x14 ./Sources/Events.o
                0x000027f4                AS1_OnFullRxBuf
 .text.AS1_OnFreeTxBuf
                0x00002808        0xc ./Sources/Events.o
                0x00002808                AS1_OnFreeTxBuf
 .text.TU1_OnCounterRestart
                0x00002814       0x1c ./Sources/Events.o
                0x00002814                TU1_OnCounterRestart
 .text.LCD_Init
                0x00002830       0x50 ./Sources/LCD.o
                0x00002830                LCD_Init
 .text.LCD_command
                0x00002880       0x30 ./Sources/LCD.o
                0x00002880                LCD_command
 .text.LCD_Cursor_On
                0x000028b0        0xc ./Sources/LCD.o
                0x000028b0                LCD_Cursor_On
 .text.LCD_Cursor_Off
                0x000028bc        0xc ./Sources/LCD.o
                0x000028bc                LCD_Cursor_Off
 .text.LCD_Cursor_Blink_On
                0x000028c8        0xc ./Sources/LCD.o
                0x000028c8                LCD_Cursor_Blink_On
 .text.LCD_Set_Cursor
                0x000028d4       0x58 ./Sources/LCD.o
                0x000028d4                LCD_Set_Cursor
 .text.LCD_Cursor_Blink_On_At
                0x0000292c       0x24 ./Sources/LCD.o
                0x0000292c                LCD_Cursor_Blink_On_At
 .text.LCD_Cursor_On_At
                0x00002950       0x24 ./Sources/LCD.o
                0x00002950                LCD_Cursor_On_At
 .text.LCD_Write
                0x00002974       0x28 ./Sources/LCD.o
                0x00002974                LCD_Write
 .text.load_custom_char
                0x0000299c       0x50 ./Sources/LCD.o
                0x0000299c                load_custom_char
 .text.LCD_Write_At
                0x000029ec       0x3c ./Sources/LCD.o
                0x000029ec                LCD_Write_At
 .text.LCD_Write_Block
                0x00002a28       0xa0 ./Sources/LCD.o
                0x00002a28                LCD_Write_Block
 .text.PCA9670_Init
                0x00002ac8       0x34 ./Sources/PCA9670.o
                0x00002ac8                PCA9670_Init
 .text.PCA9670_SendByte
                0x00002afc       0x3c ./Sources/PCA9670.o
                0x00002afc                PCA9670_SendByte
 .text.select_cue
                0x00002b38      0x180 ./Sources/cue.o
                0x00002b38                select_cue
 .text.vspfunc  0x00002cb8       0x30 ./Sources/display.o
                0x00002cb8                vspfunc
 .text.print_float_at
                0x00002ce8      0x190 ./Sources/display.o
                0x00002ce8                print_float_at
 .text.print_int_at
                0x00002e78       0xa0 ./Sources/display.o
                0x00002e78                print_int_at
 .text.print_cue_array
                0x00002f18      0x1d0 ./Sources/display.o
                0x00002f18                print_cue_array
 .text.print_all_cue
                0x000030e8      0x110 ./Sources/display.o
                0x000030e8                print_all_cue
 .text.load_char
                0x000031f8       0xe8 ./Sources/display.o
                0x000031f8                load_char
 .text.menu_init
                0x000032e0       0x1c ./Sources/display.o
                0x000032e0                menu_init
 .text.refresh  0x000032fc       0x24 ./Sources/display.o
                0x000032fc                refresh
 .text.select   0x00003320       0x24 ./Sources/display.o
                0x00003320                select
 .text.back     0x00003344       0x54 ./Sources/display.o
                0x00003344                back
 .text.controle_mode_display
                0x00003398       0x4c ./Sources/display.o
                0x00003398                controle_mode_display
 .text.control_mode_fct
                0x000033e4       0x5c ./Sources/display.o
                0x000033e4                control_mode_fct
 .text.update_icon_dir
                0x00003440       0x78 ./Sources/display.o
                0x00003440                update_icon_dir
 .text.update_icon_drive_enable
                0x000034b8       0x3c ./Sources/display.o
                0x000034b8                update_icon_drive_enable
 .text.select_setting
                0x000034f4       0x94 ./Sources/display.o
                0x000034f4                select_setting
 .text.refresh_fct
                0x00003588       0xf0 ./Sources/display.o
                0x00003588                refresh_fct
 .text.velocity_fct
                0x00003678      0x480 ./Sources/display.o
                0x00003678                velocity_fct
 .text.acceleration_fct
                0x00003af8      0x16c ./Sources/display.o
                0x00003af8                acceleration_fct
 .text.deceleration_fct
                0x00003c64      0x16c ./Sources/display.o
                0x00003c64                deceleration_fct
 .text.back_fct
                0x00003dd0       0x30 ./Sources/display.o
                0x00003dd0                back_fct
 .text.pos_position_fct
                0x00003e00      0x518 ./Sources/display.o
                0x00003e00                pos_position_fct
 .text.pos_velocity_fct
                0x00004318      0x118 ./Sources/display.o
                0x00004318                pos_velocity_fct
 .text.pos_acceleration_fct
                0x00004430      0x16c ./Sources/display.o
                0x00004430                pos_acceleration_fct
 .text.pos_deceleration_fct
                0x0000459c      0x16c ./Sources/display.o
                0x0000459c                pos_deceleration_fct
 .text.pos_set_home_fct
                0x00004708       0x8c ./Sources/display.o
                0x00004708                pos_set_home_fct
 .text.torque_fct
                0x00004794      0x370 ./Sources/display.o
                0x00004794                torque_fct
 .text.torque_rise_fct
                0x00004b04      0x16c ./Sources/display.o
                0x00004b04                torque_rise_fct
 .text.torque_fall_fct
                0x00004c70      0x168 ./Sources/display.o
                0x00004c70                torque_fall_fct
 .text.pos_play_cue_fct
                0x00004dd8      0x320 ./Sources/display.o
                0x00004dd8                pos_play_cue_fct
 .text.pos_rec_cue_fct
                0x000050f8      0x2ac ./Sources/display.o
                0x000050f8                pos_rec_cue_fct
 .text.pos_mod_cue_fct
                0x000053a4      0x328 ./Sources/display.o
                0x000053a4                pos_mod_cue_fct
 .text.pos_del_cue_fct
                0x000056cc      0x334 ./Sources/display.o
                0x000056cc                pos_del_cue_fct
 .text.vel_play_cue_fct
                0x00005a00      0x2b8 ./Sources/display.o
                0x00005a00                vel_play_cue_fct
 .text.vel_rec_cue_fct
                0x00005cb8      0x248 ./Sources/display.o
                0x00005cb8                vel_rec_cue_fct
 .text.vel_mod_cue_fct
                0x00005f00      0x2b8 ./Sources/display.o
                0x00005f00                vel_mod_cue_fct
 .text.vel_del_cue_fct
                0x000061b8      0x2c4 ./Sources/display.o
                0x000061b8                vel_del_cue_fct
 .text.select_baud_rate_fct
                0x0000647c      0x120 ./Sources/display.o
                0x0000647c                select_baud_rate_fct
 .text.select_update_menu_fct
                0x0000659c      0x120 ./Sources/display.o
                0x0000659c                select_update_menu_fct
 .text.short_cut_position_menu
                0x000066bc       0x68 ./Sources/display.o
                0x000066bc                short_cut_position_menu
 .text.display_resolution
                0x00006724       0x9c ./Sources/display.o
                0x00006724                display_resolution
 .text.get_cursor_resolution_position
                0x000067c0       0x4c ./Sources/display.o
                0x000067c0                get_cursor_resolution_position
 .text.get_resolution
                0x0000680c       0x50 ./Sources/display.o
                0x0000680c                get_resolution
 .text._Z41__static_initialization_and_destruction_0ii
                0x0000685c      0x894 ./Sources/display.o
 .text._GLOBAL__sub_I_buffer
                0x000070f0       0x10 ./Sources/display.o
 .text.load_cue
                0x00007100      0x10c ./Sources/eeprom.o
                0x00007100                load_cue
 .text.write_cue
                0x0000720c      0x170 ./Sources/eeprom.o
                0x0000720c                write_cue
 .text.erase_cue
                0x0000737c       0x58 ./Sources/eeprom.o
                0x0000737c                erase_cue
 .text.get_next_slot_free
                0x000073d4       0xd0 ./Sources/eeprom.o
                0x000073d4                get_next_slot_free
 .text.get_slot_saved
                0x000074a4      0x110 ./Sources/eeprom.o
                0x000074a4                get_slot_saved
 .text.get_cue_values
                0x000075b4       0xd4 ./Sources/eeprom.o
                0x000075b4                get_cue_values
 .text.main     0x00007688      0xa40 ./Sources/main.o
                0x00007688                main
 .text.init_menu
                0x000080c8       0x44 ./Sources/menu.o
                0x000080c8                init_menu
 .text.init_sub_menu
                0x0000810c       0x68 ./Sources/menu.o
                0x0000810c                init_sub_menu
 .text.init_sub_menu2
                0x00008174       0x48 ./Sources/menu.o
                0x00008174                init_sub_menu2
 .text.init_menu_list
                0x000081bc       0x30 ./Sources/menu.o
                0x000081bc                init_menu_list
 .text.init_sub_menu_list
                0x000081ec       0x30 ./Sources/menu.o
                0x000081ec                init_sub_menu_list
 .text.init_sub_menu2_list
                0x0000821c       0x30 ./Sources/menu.o
                0x0000821c                init_sub_menu2_list
 .text.print_menu
                0x0000824c      0x158 ./Sources/menu.o
                0x0000824c                print_menu
 .text.print_sub_menu
                0x000083a4      0x178 ./Sources/menu.o
                0x000083a4                print_sub_menu
 .text.print_sub_menu2
                0x0000851c      0x178 ./Sources/menu.o
                0x0000851c                print_sub_menu2
 .text.menu_select
                0x00008694      0x2b4 ./Sources/menu.o
                0x00008694                menu_select
 .text.menu_back
                0x00008948      0x37c ./Sources/menu.o
                0x00008948                menu_back
 .text.refresh_menu
                0x00008cc4      0x174 ./Sources/menu.o
                0x00008cc4                refresh_menu
 .text.void_function
                0x00008e38        0xc ./Sources/menu.o
                0x00008e38                void_function
 .text.parameters_init
                0x00008e44       0x94 ./Sources/parameters.o
                0x00008e44                parameters_init
 .text.convert  0x00008ed8       0x3c ./Sources/parameters.o
                0x00008ed8                convert
 .text.serial_send_block
                0x00008f14       0xdc ./Sources/protocol.o
                0x00008f14                serial_send_block
 .text.serial_send_float
                0x00008ff0       0x30 ./Sources/protocol.o
                0x00008ff0                serial_send_float
 .text.serial_send_int
                0x00009020       0x30 ./Sources/protocol.o
                0x00009020                serial_send_int
 .text.serial_send_string
                0x00009050       0x58 ./Sources/protocol.o
                0x00009050                serial_send_string
 .text.serial_send_char
                0x000090a8       0x30 ./Sources/protocol.o
                0x000090a8                serial_send_char
 .text.serial_send_end
                0x000090d8       0x14 ./Sources/protocol.o
                0x000090d8                serial_send_end
 .text.msg_parse
                0x000090ec      0x1d4 ./Sources/protocol.o
                0x000090ec                msg_parse
 .text.msg_processing
                0x000092c0      0x388 ./Sources/protocol.o
                0x000092c0                msg_processing
 .text.select_baud_rate
                0x00009648       0x1c ./Sources/protocol.o
                0x00009648                select_baud_rate
 .text.Send_Control_Mode
                0x00009664       0x30 ./Sources/send.o
                0x00009664                Send_Control_Mode
 .text.send_fct
                0x00009694      0x438 ./Sources/send.o
                0x00009694                send_fct
 .text.get_update_drive_en
                0x00009acc       0x24 ./Sources/send.o
                0x00009acc                get_update_drive_en
 .text.get_update_value
                0x00009af0      0x1c4 ./Sources/send.o
                0x00009af0                get_update_value
 .text.send_stop
                0x00009cb4       0x34 ./Sources/send.o
                0x00009cb4                send_stop
 .text.send_velocity_cue
                0x00009ce8       0xa0 ./Sources/send.o
                0x00009ce8                send_velocity_cue
 .text.send_position_cue
                0x00009d88      0x114 ./Sources/send.o
                0x00009d88                send_position_cue
 .text.velocity_processing
                0x00009e9c       0x50 ./Sources/send.o
                0x00009e9c                velocity_processing
 .text.velocity_ref_processing
                0x00009eec       0x50 ./Sources/send.o
                0x00009eec                velocity_ref_processing
 .text.acceleration_processing
                0x00009f3c       0x50 ./Sources/send.o
                0x00009f3c                acceleration_processing
 .text.deceleration_processing
                0x00009f8c       0x50 ./Sources/send.o
                0x00009f8c                deceleration_processing
 .text.torque_processing
                0x00009fdc       0x48 ./Sources/send.o
                0x00009fdc                torque_processing
 .text.torque_ref_processing
                0x0000a024       0x48 ./Sources/send.o
                0x0000a024                torque_ref_processing
 .text.torque_rise_processing
                0x0000a06c       0x48 ./Sources/send.o
                0x0000a06c                torque_rise_processing
 .text.torque_fall_processing
                0x0000a0b4       0x48 ./Sources/send.o
                0x0000a0b4                torque_fall_processing
 .text.position_ref_processing
                0x0000a0fc       0x48 ./Sources/send.o
                0x0000a0fc                position_ref_processing
 .text.position_processing
                0x0000a144       0x44 ./Sources/send.o
                0x0000a144                position_processing
 .text.control_mode_processing
                0x0000a188       0x7c ./Sources/send.o
                0x0000a188                control_mode_processing
 .text.drive_enable_processing
                0x0000a204       0x24 ./Sources/send.o
                0x0000a204                drive_enable_processing
 .text.__copy_rom_section
                0x0000a228       0xe4 ./Project_Settings/Startup_Code/startup.o
                0x0000a228                __copy_rom_section
 .text.__copy_rom_sections_to_ram
                0x0000a30c       0x9c ./Project_Settings/Startup_Code/startup.o
                0x0000a30c                __copy_rom_sections_to_ram
 .text.__init_registers
                0x0000a3a8        0xc ./Project_Settings/Startup_Code/startup.o
                0x0000a3a8                __init_registers
 .text.__init_user
                0x0000a3b4        0xc ./Project_Settings/Startup_Code/startup.o
                0x0000a3b4                __init_user
 .text.__thumb_startup
                0x0000a3c0       0x34 ./Project_Settings/Startup_Code/startup.o
                0x0000a3c0                __thumb_startup
 .text.HWEnDi   0x0000a3f4       0x1c ./Generated_Code/AS1.o
 .text.AS1_SendChar
                0x0000a410       0xe0 ./Generated_Code/AS1.o
                0x0000a410                AS1_SendChar
 .text.AS1_SendBlock
                0x0000a4f0      0x148 ./Generated_Code/AS1.o
                0x0000a4f0                AS1_SendBlock
 .text.AS1_ClearRxBuf
                0x0000a638       0x78 ./Generated_Code/AS1.o
                0x0000a638                AS1_ClearRxBuf
 .text.AS1_SetBaudRateMode
                0x0000a6b0       0x38 ./Generated_Code/AS1.o
                0x0000a6b0                AS1_SetBaudRateMode
 .text.AS1_Init
                0x0000a6e8       0x60 ./Generated_Code/AS1.o
                0x0000a6e8                AS1_Init
 .text.ASerialLdd1_OnBlockReceived
                0x0000a748       0xd4 ./Generated_Code/AS1.o
                0x0000a748                ASerialLdd1_OnBlockReceived
 .text.ASerialLdd1_OnBlockSent
                0x0000a81c       0xd8 ./Generated_Code/AS1.o
                0x0000a81c                ASerialLdd1_OnBlockSent
 .text.ASerialLdd1_OnError
                0x0000a8f4       0x9c ./Generated_Code/AS1.o
                0x0000a8f4                ASerialLdd1_OnError
 .text.ASerialLdd1_OnTxComplete
                0x0000a990       0x14 ./Generated_Code/AS1.o
                0x0000a990                ASerialLdd1_OnTxComplete
 .text.ASerialLdd1_OnBreak
                0x0000a9a4       0x24 ./Generated_Code/AS1.o
                0x0000a9a4                ASerialLdd1_OnBreak
 .text.ASerialLdd1_Init
                0x0000a9c8      0x1d4 ./Generated_Code/ASerialLdd1.o
                0x0000a9c8                ASerialLdd1_Init
 .text.ASerialLdd1_ReceiveBlock
                0x0000ab9c       0x90 ./Generated_Code/ASerialLdd1.o
                0x0000ab9c                ASerialLdd1_ReceiveBlock
 .text.ASerialLdd1_SendBlock
                0x0000ac2c       0xbc ./Generated_Code/ASerialLdd1.o
                0x0000ac2c                ASerialLdd1_SendBlock
 .text.ASerialLdd1_SelectBaudRate
                0x0000ace8       0x9c ./Generated_Code/ASerialLdd1.o
                0x0000ace8                ASerialLdd1_SelectBaudRate
 .text.InterruptRx
                0x0000ad84       0x58 ./Generated_Code/ASerialLdd1.o
 .text.InterruptTx
                0x0000addc       0x9c ./Generated_Code/ASerialLdd1.o
 .text.ASerialLdd1_Interrupt
                0x0000ae78      0x130 ./Generated_Code/ASerialLdd1.o
                0x0000ae78                ASerialLdd1_Interrupt
 .text.ASerialLdd1_GetError
                0x0000afa8       0x70 ./Generated_Code/ASerialLdd1.o
                0x0000afa8                ASerialLdd1_GetError
 .text.BitIoLdd1_Init
                0x0000b018       0x64 ./Generated_Code/BitIoLdd1.o
                0x0000b018                BitIoLdd1_Init
 .text.BitIoLdd2_Init
                0x0000b07c       0x64 ./Generated_Code/BitIoLdd2.o
                0x0000b07c                BitIoLdd2_Init
 .text.BitIoLdd2_ClrVal
                0x0000b0e0       0x1c ./Generated_Code/BitIoLdd2.o
                0x0000b0e0                BitIoLdd2_ClrVal
 .text.BitIoLdd2_SetVal
                0x0000b0fc       0x1c ./Generated_Code/BitIoLdd2.o
                0x0000b0fc                BitIoLdd2_SetVal
 .text.BitIoLdd3_Init
                0x0000b118       0x64 ./Generated_Code/BitIoLdd3.o
                0x0000b118                BitIoLdd3_Init
 .text.BitIoLdd3_ClrVal
                0x0000b17c       0x1c ./Generated_Code/BitIoLdd3.o
                0x0000b17c                BitIoLdd3_ClrVal
 .text.BitIoLdd3_SetVal
                0x0000b198       0x1c ./Generated_Code/BitIoLdd3.o
                0x0000b198                BitIoLdd3_SetVal
 .text.BitIoLdd4_Init
                0x0000b1b4       0x64 ./Generated_Code/BitIoLdd4.o
                0x0000b1b4                BitIoLdd4_Init
 .text.BitIoLdd4_ClrVal
                0x0000b218       0x1c ./Generated_Code/BitIoLdd4.o
                0x0000b218                BitIoLdd4_ClrVal
 .text.BitIoLdd4_SetVal
                0x0000b234       0x1c ./Generated_Code/BitIoLdd4.o
                0x0000b234                BitIoLdd4_SetVal
 .text.BitIoLdd5_Init
                0x0000b250       0x64 ./Generated_Code/BitIoLdd5.o
                0x0000b250                BitIoLdd5_Init
 .text.BitIoLdd5_ClrVal
                0x0000b2b4       0x1c ./Generated_Code/BitIoLdd5.o
                0x0000b2b4                BitIoLdd5_ClrVal
 .text.BitIoLdd6_Init
                0x0000b2d0       0x64 ./Generated_Code/BitIoLdd6.o
                0x0000b2d0                BitIoLdd6_Init
 .text.BitIoLdd6_ClrVal
                0x0000b334       0x20 ./Generated_Code/BitIoLdd6.o
                0x0000b334                BitIoLdd6_ClrVal
 .text.BitIoLdd6_SetVal
                0x0000b354       0x20 ./Generated_Code/BitIoLdd6.o
                0x0000b354                BitIoLdd6_SetVal
 .text.BitIoLdd7_Init
                0x0000b374       0x64 ./Generated_Code/BitIoLdd7.o
                0x0000b374                BitIoLdd7_Init
 .text.BitIoLdd7_ClrVal
                0x0000b3d8       0x1c ./Generated_Code/BitIoLdd7.o
                0x0000b3d8                BitIoLdd7_ClrVal
 .text.BitIoLdd7_SetVal
                0x0000b3f4       0x1c ./Generated_Code/BitIoLdd7.o
                0x0000b3f4                BitIoLdd7_SetVal
 .text.BitIoLdd8_Init
                0x0000b410       0x64 ./Generated_Code/BitIoLdd8.o
                0x0000b410                BitIoLdd8_Init
 .text.BitIoLdd8_ClrVal
                0x0000b474       0x1c ./Generated_Code/BitIoLdd8.o
                0x0000b474                BitIoLdd8_ClrVal
 .text.BitIoLdd8_SetVal
                0x0000b490       0x1c ./Generated_Code/BitIoLdd8.o
                0x0000b490                BitIoLdd8_SetVal
 .text.Cpu_ivINT_PORTC
                0x0000b4ac       0x30 ./Generated_Code/Cpu.o
                0x0000b4ac                Cpu_ivINT_PORTC
 .text.Cpu_ivINT_NMI
                0x0000b4dc       0x18 ./Generated_Code/Cpu.o
                0x0000b4dc                Cpu_ivINT_NMI
 .text.Cpu_ivINT_Hard_Fault
                0x0000b4f4       0x18 ./Generated_Code/Cpu.o
                0x0000b4f4                Cpu_ivINT_Hard_Fault
 .text.Cpu_ivINT_Mem_Manage_Fault
                0x0000b50c       0x18 ./Generated_Code/Cpu.o
                0x0000b50c                Cpu_ivINT_Mem_Manage_Fault
 .text.Cpu_ivINT_Bus_Fault
                0x0000b524       0x18 ./Generated_Code/Cpu.o
                0x0000b524                Cpu_ivINT_Bus_Fault
 .text.Cpu_ivINT_Usage_Fault
                0x0000b53c       0x18 ./Generated_Code/Cpu.o
                0x0000b53c                Cpu_ivINT_Usage_Fault
 .text.Cpu_ivINT_Reserved7
                0x0000b554       0x18 ./Generated_Code/Cpu.o
                0x0000b554                Cpu_ivINT_Reserved7
 .text.Cpu_ivINT_Reserved8
                0x0000b56c       0x18 ./Generated_Code/Cpu.o
                0x0000b56c                Cpu_ivINT_Reserved8
 .text.Cpu_ivINT_Reserved9
                0x0000b584       0x18 ./Generated_Code/Cpu.o
                0x0000b584                Cpu_ivINT_Reserved9
 .text.Cpu_ivINT_Reserved10
                0x0000b59c       0x18 ./Generated_Code/Cpu.o
                0x0000b59c                Cpu_ivINT_Reserved10
 .text.Cpu_ivINT_SVCall
                0x0000b5b4       0x18 ./Generated_Code/Cpu.o
                0x0000b5b4                Cpu_ivINT_SVCall
 .text.Cpu_ivINT_DebugMonitor
                0x0000b5cc       0x18 ./Generated_Code/Cpu.o
                0x0000b5cc                Cpu_ivINT_DebugMonitor
 .text.Cpu_ivINT_Reserved13
                0x0000b5e4       0x18 ./Generated_Code/Cpu.o
                0x0000b5e4                Cpu_ivINT_Reserved13
 .text.Cpu_ivINT_PendableSrvReq
                0x0000b5fc       0x18 ./Generated_Code/Cpu.o
                0x0000b5fc                Cpu_ivINT_PendableSrvReq
 .text.Cpu_ivINT_SysTick
                0x0000b614       0x18 ./Generated_Code/Cpu.o
                0x0000b614                Cpu_ivINT_SysTick
 .text.Cpu_ivINT_DMA0
                0x0000b62c       0x18 ./Generated_Code/Cpu.o
                0x0000b62c                Cpu_ivINT_DMA0
 .text.Cpu_ivINT_DMA1
                0x0000b644       0x18 ./Generated_Code/Cpu.o
                0x0000b644                Cpu_ivINT_DMA1
 .text.Cpu_ivINT_DMA2
                0x0000b65c       0x18 ./Generated_Code/Cpu.o
                0x0000b65c                Cpu_ivINT_DMA2
 .text.Cpu_ivINT_DMA3
                0x0000b674       0x18 ./Generated_Code/Cpu.o
                0x0000b674                Cpu_ivINT_DMA3
 .text.Cpu_ivINT_DMA4
                0x0000b68c       0x18 ./Generated_Code/Cpu.o
                0x0000b68c                Cpu_ivINT_DMA4
 .text.Cpu_ivINT_DMA5
                0x0000b6a4       0x18 ./Generated_Code/Cpu.o
                0x0000b6a4                Cpu_ivINT_DMA5
 .text.Cpu_ivINT_DMA6
                0x0000b6bc       0x18 ./Generated_Code/Cpu.o
                0x0000b6bc                Cpu_ivINT_DMA6
 .text.Cpu_ivINT_DMA7
                0x0000b6d4       0x18 ./Generated_Code/Cpu.o
                0x0000b6d4                Cpu_ivINT_DMA7
 .text.Cpu_ivINT_DMA8
                0x0000b6ec       0x18 ./Generated_Code/Cpu.o
                0x0000b6ec                Cpu_ivINT_DMA8
 .text.Cpu_ivINT_DMA9
                0x0000b704       0x18 ./Generated_Code/Cpu.o
                0x0000b704                Cpu_ivINT_DMA9
 .text.Cpu_ivINT_DMA10
                0x0000b71c       0x18 ./Generated_Code/Cpu.o
                0x0000b71c                Cpu_ivINT_DMA10
 .text.Cpu_ivINT_DMA11
                0x0000b734       0x18 ./Generated_Code/Cpu.o
                0x0000b734                Cpu_ivINT_DMA11
 .text.Cpu_ivINT_DMA12
                0x0000b74c       0x18 ./Generated_Code/Cpu.o
                0x0000b74c                Cpu_ivINT_DMA12
 .text.Cpu_ivINT_DMA13
                0x0000b764       0x18 ./Generated_Code/Cpu.o
                0x0000b764                Cpu_ivINT_DMA13
 .text.Cpu_ivINT_DMA14
                0x0000b77c       0x18 ./Generated_Code/Cpu.o
                0x0000b77c                Cpu_ivINT_DMA14
 .text.Cpu_ivINT_DMA15
                0x0000b794       0x18 ./Generated_Code/Cpu.o
                0x0000b794                Cpu_ivINT_DMA15
 .text.Cpu_ivINT_DMA_Error
                0x0000b7ac       0x18 ./Generated_Code/Cpu.o
                0x0000b7ac                Cpu_ivINT_DMA_Error
 .text.Cpu_ivINT_MCM
                0x0000b7c4       0x18 ./Generated_Code/Cpu.o
                0x0000b7c4                Cpu_ivINT_MCM
 .text.Cpu_ivINT_FTFL
                0x0000b7dc       0x18 ./Generated_Code/Cpu.o
                0x0000b7dc                Cpu_ivINT_FTFL
 .text.Cpu_ivINT_Read_Collision
                0x0000b7f4       0x18 ./Generated_Code/Cpu.o
                0x0000b7f4                Cpu_ivINT_Read_Collision
 .text.Cpu_ivINT_LVD_LVW
                0x0000b80c       0x18 ./Generated_Code/Cpu.o
                0x0000b80c                Cpu_ivINT_LVD_LVW
 .text.Cpu_ivINT_LLW
                0x0000b824       0x18 ./Generated_Code/Cpu.o
                0x0000b824                Cpu_ivINT_LLW
 .text.Cpu_ivINT_Watchdog
                0x0000b83c       0x18 ./Generated_Code/Cpu.o
                0x0000b83c                Cpu_ivINT_Watchdog
 .text.Cpu_ivINT_Reserved39
                0x0000b854       0x18 ./Generated_Code/Cpu.o
                0x0000b854                Cpu_ivINT_Reserved39
 .text.Cpu_ivINT_I2C1
                0x0000b86c       0x18 ./Generated_Code/Cpu.o
                0x0000b86c                Cpu_ivINT_I2C1
 .text.Cpu_ivINT_SPI0
                0x0000b884       0x18 ./Generated_Code/Cpu.o
                0x0000b884                Cpu_ivINT_SPI0
 .text.Cpu_ivINT_SPI1
                0x0000b89c       0x18 ./Generated_Code/Cpu.o
                0x0000b89c                Cpu_ivINT_SPI1
 .text.Cpu_ivINT_Reserved44
                0x0000b8b4       0x18 ./Generated_Code/Cpu.o
                0x0000b8b4                Cpu_ivINT_Reserved44
 .text.Cpu_ivINT_CAN0_ORed_Message_buffer
                0x0000b8cc       0x18 ./Generated_Code/Cpu.o
                0x0000b8cc                Cpu_ivINT_CAN0_ORed_Message_buffer
 .text.Cpu_ivINT_CAN0_Bus_Off
                0x0000b8e4       0x18 ./Generated_Code/Cpu.o
                0x0000b8e4                Cpu_ivINT_CAN0_Bus_Off
 .text.Cpu_ivINT_CAN0_Error
                0x0000b8fc       0x18 ./Generated_Code/Cpu.o
                0x0000b8fc                Cpu_ivINT_CAN0_Error
 .text.Cpu_ivINT_CAN0_Tx_Warning
                0x0000b914       0x18 ./Generated_Code/Cpu.o
                0x0000b914                Cpu_ivINT_CAN0_Tx_Warning
 .text.Cpu_ivINT_CAN0_Rx_Warning
                0x0000b92c       0x18 ./Generated_Code/Cpu.o
                0x0000b92c                Cpu_ivINT_CAN0_Rx_Warning
 .text.Cpu_ivINT_CAN0_Wake_Up
                0x0000b944       0x18 ./Generated_Code/Cpu.o
                0x0000b944                Cpu_ivINT_CAN0_Wake_Up
 .text.Cpu_ivINT_I2S0_Tx
                0x0000b95c       0x18 ./Generated_Code/Cpu.o
                0x0000b95c                Cpu_ivINT_I2S0_Tx
 .text.Cpu_ivINT_I2S0_Rx
                0x0000b974       0x18 ./Generated_Code/Cpu.o
                0x0000b974                Cpu_ivINT_I2S0_Rx
 .text.Cpu_ivINT_Reserved53
                0x0000b98c       0x18 ./Generated_Code/Cpu.o
                0x0000b98c                Cpu_ivINT_Reserved53
 .text.Cpu_ivINT_Reserved54
                0x0000b9a4       0x18 ./Generated_Code/Cpu.o
                0x0000b9a4                Cpu_ivINT_Reserved54
 .text.Cpu_ivINT_Reserved55
                0x0000b9bc       0x18 ./Generated_Code/Cpu.o
                0x0000b9bc                Cpu_ivINT_Reserved55
 .text.Cpu_ivINT_Reserved56
                0x0000b9d4       0x18 ./Generated_Code/Cpu.o
                0x0000b9d4                Cpu_ivINT_Reserved56
 .text.Cpu_ivINT_Reserved57
                0x0000b9ec       0x18 ./Generated_Code/Cpu.o
                0x0000b9ec                Cpu_ivINT_Reserved57
 .text.Cpu_ivINT_Reserved58
                0x0000ba04       0x18 ./Generated_Code/Cpu.o
                0x0000ba04                Cpu_ivINT_Reserved58
 .text.Cpu_ivINT_Reserved59
                0x0000ba1c       0x18 ./Generated_Code/Cpu.o
                0x0000ba1c                Cpu_ivINT_Reserved59
 .text.Cpu_ivINT_UART0_LON
                0x0000ba34       0x18 ./Generated_Code/Cpu.o
                0x0000ba34                Cpu_ivINT_UART0_LON
 .text.Cpu_ivINT_UART1_RX_TX
                0x0000ba4c       0x18 ./Generated_Code/Cpu.o
                0x0000ba4c                Cpu_ivINT_UART1_RX_TX
 .text.Cpu_ivINT_UART1_ERR
                0x0000ba64       0x18 ./Generated_Code/Cpu.o
                0x0000ba64                Cpu_ivINT_UART1_ERR
 .text.Cpu_ivINT_UART2_RX_TX
                0x0000ba7c       0x18 ./Generated_Code/Cpu.o
                0x0000ba7c                Cpu_ivINT_UART2_RX_TX
 .text.Cpu_ivINT_UART2_ERR
                0x0000ba94       0x18 ./Generated_Code/Cpu.o
                0x0000ba94                Cpu_ivINT_UART2_ERR
 .text.Cpu_ivINT_UART3_RX_TX
                0x0000baac       0x18 ./Generated_Code/Cpu.o
                0x0000baac                Cpu_ivINT_UART3_RX_TX
 .text.Cpu_ivINT_UART3_ERR
                0x0000bac4       0x18 ./Generated_Code/Cpu.o
                0x0000bac4                Cpu_ivINT_UART3_ERR
 .text.Cpu_ivINT_Reserved69
                0x0000badc       0x18 ./Generated_Code/Cpu.o
                0x0000badc                Cpu_ivINT_Reserved69
 .text.Cpu_ivINT_Reserved70
                0x0000baf4       0x18 ./Generated_Code/Cpu.o
                0x0000baf4                Cpu_ivINT_Reserved70
 .text.Cpu_ivINT_Reserved71
                0x0000bb0c       0x18 ./Generated_Code/Cpu.o
                0x0000bb0c                Cpu_ivINT_Reserved71
 .text.Cpu_ivINT_Reserved72
                0x0000bb24       0x18 ./Generated_Code/Cpu.o
                0x0000bb24                Cpu_ivINT_Reserved72
 .text.Cpu_ivINT_ADC0
                0x0000bb3c       0x18 ./Generated_Code/Cpu.o
                0x0000bb3c                Cpu_ivINT_ADC0
 .text.Cpu_ivINT_ADC1
                0x0000bb54       0x18 ./Generated_Code/Cpu.o
                0x0000bb54                Cpu_ivINT_ADC1
 .text.Cpu_ivINT_CMP0
                0x0000bb6c       0x18 ./Generated_Code/Cpu.o
                0x0000bb6c                Cpu_ivINT_CMP0
 .text.Cpu_ivINT_CMP1
                0x0000bb84       0x18 ./Generated_Code/Cpu.o
                0x0000bb84                Cpu_ivINT_CMP1
 .text.Cpu_ivINT_CMP2
                0x0000bb9c       0x18 ./Generated_Code/Cpu.o
                0x0000bb9c                Cpu_ivINT_CMP2
 .text.Cpu_ivINT_CMT
                0x0000bbb4       0x18 ./Generated_Code/Cpu.o
                0x0000bbb4                Cpu_ivINT_CMT
 .text.Cpu_ivINT_RTC
                0x0000bbcc       0x18 ./Generated_Code/Cpu.o
                0x0000bbcc                Cpu_ivINT_RTC
 .text.Cpu_ivINT_RTC_Seconds
                0x0000bbe4       0x18 ./Generated_Code/Cpu.o
                0x0000bbe4                Cpu_ivINT_RTC_Seconds
 .text.Cpu_ivINT_PIT0
                0x0000bbfc       0x18 ./Generated_Code/Cpu.o
                0x0000bbfc                Cpu_ivINT_PIT0
 .text.Cpu_ivINT_PIT1
                0x0000bc14       0x18 ./Generated_Code/Cpu.o
                0x0000bc14                Cpu_ivINT_PIT1
 .text.Cpu_ivINT_PIT2
                0x0000bc2c       0x18 ./Generated_Code/Cpu.o
                0x0000bc2c                Cpu_ivINT_PIT2
 .text.Cpu_ivINT_PIT3
                0x0000bc44       0x18 ./Generated_Code/Cpu.o
                0x0000bc44                Cpu_ivINT_PIT3
 .text.Cpu_ivINT_PDB0
                0x0000bc5c       0x18 ./Generated_Code/Cpu.o
                0x0000bc5c                Cpu_ivINT_PDB0
 .text.Cpu_ivINT_USB0
                0x0000bc74       0x18 ./Generated_Code/Cpu.o
                0x0000bc74                Cpu_ivINT_USB0
 .text.Cpu_ivINT_USBDCD
                0x0000bc8c       0x18 ./Generated_Code/Cpu.o
                0x0000bc8c                Cpu_ivINT_USBDCD
 .text.Cpu_ivINT_Reserved91
                0x0000bca4       0x18 ./Generated_Code/Cpu.o
                0x0000bca4                Cpu_ivINT_Reserved91
 .text.Cpu_ivINT_Reserved92
                0x0000bcbc       0x18 ./Generated_Code/Cpu.o
                0x0000bcbc                Cpu_ivINT_Reserved92
 .text.Cpu_ivINT_Reserved93
                0x0000bcd4       0x18 ./Generated_Code/Cpu.o
                0x0000bcd4                Cpu_ivINT_Reserved93
 .text.Cpu_ivINT_Reserved94
                0x0000bcec       0x18 ./Generated_Code/Cpu.o
                0x0000bcec                Cpu_ivINT_Reserved94
 .text.Cpu_ivINT_Reserved95
                0x0000bd04       0x18 ./Generated_Code/Cpu.o
                0x0000bd04                Cpu_ivINT_Reserved95
 .text.Cpu_ivINT_Reserved96
                0x0000bd1c       0x18 ./Generated_Code/Cpu.o
                0x0000bd1c                Cpu_ivINT_Reserved96
 .text.Cpu_ivINT_DAC0
                0x0000bd34       0x18 ./Generated_Code/Cpu.o
                0x0000bd34                Cpu_ivINT_DAC0
 .text.Cpu_ivINT_Reserved98
                0x0000bd4c       0x18 ./Generated_Code/Cpu.o
                0x0000bd4c                Cpu_ivINT_Reserved98
 .text.Cpu_ivINT_TSI0
                0x0000bd64       0x18 ./Generated_Code/Cpu.o
                0x0000bd64                Cpu_ivINT_TSI0
 .text.Cpu_ivINT_MCG
                0x0000bd7c       0x18 ./Generated_Code/Cpu.o
                0x0000bd7c                Cpu_ivINT_MCG
 .text.Cpu_ivINT_LPTimer
                0x0000bd94       0x18 ./Generated_Code/Cpu.o
                0x0000bd94                Cpu_ivINT_LPTimer
 .text.Cpu_ivINT_Reserved102
                0x0000bdac       0x18 ./Generated_Code/Cpu.o
                0x0000bdac                Cpu_ivINT_Reserved102
 .text.Cpu_ivINT_PORTA
                0x0000bdc4       0x18 ./Generated_Code/Cpu.o
                0x0000bdc4                Cpu_ivINT_PORTA
 .text.Cpu_ivINT_PORTB
                0x0000bddc       0x18 ./Generated_Code/Cpu.o
                0x0000bddc                Cpu_ivINT_PORTB
 .text.Cpu_ivINT_PORTD
                0x0000bdf4       0x18 ./Generated_Code/Cpu.o
                0x0000bdf4                Cpu_ivINT_PORTD
 .text.Cpu_ivINT_PORTE
                0x0000be0c       0x18 ./Generated_Code/Cpu.o
                0x0000be0c                Cpu_ivINT_PORTE
 .text.Cpu_ivINT_Reserved108
                0x0000be24       0x18 ./Generated_Code/Cpu.o
                0x0000be24                Cpu_ivINT_Reserved108
 .text.Cpu_ivINT_Reserved109
                0x0000be3c       0x18 ./Generated_Code/Cpu.o
                0x0000be3c                Cpu_ivINT_Reserved109
 .text.Cpu_ivINT_SWI
                0x0000be54       0x18 ./Generated_Code/Cpu.o
                0x0000be54                Cpu_ivINT_SWI
 .text.__init_hardware
                0x0000be6c      0x140 ./Generated_Code/Cpu.o
                0x0000be6c                __init_hardware
 .text.Cpu_SetBASEPRI
                0x0000bfac       0x18 ./Generated_Code/Cpu.o
                0x0000bfac                Cpu_SetBASEPRI
 .text.PE_low_level_init
                0x0000bfc4       0xec ./Generated_Code/Cpu.o
                0x0000bfc4                PE_low_level_init
 .text.ENCODER_Init
                0x0000c0b0       0xac ./Generated_Code/ENCODER.o
                0x0000c0b0                ENCODER_Init
 .text.ENCODER_GetFieldValue
                0x0000c15c       0x40 ./Generated_Code/ENCODER.o
                0x0000c15c                ENCODER_GetFieldValue
 .text.ENCODER_Interrupt
                0x0000c19c       0x4c ./Generated_Code/ENCODER.o
                0x0000c19c                ENCODER_Interrupt
 .text.ExtIntLdd1_OnInterrupt
                0x0000c1e8       0x14 ./Generated_Code/ENCODER_PUSH.o
                0x0000c1e8                ExtIntLdd1_OnInterrupt
 .text.ExtIntLdd1_Init
                0x0000c1fc       0x80 ./Generated_Code/ExtIntLdd1.o
                0x0000c1fc                ExtIntLdd1_Init
 .text.ExtIntLdd1_Interrupt
                0x0000c27c       0x3c ./Generated_Code/ExtIntLdd1.o
                0x0000c27c                ExtIntLdd1_Interrupt
 .text.ExtIntLdd1_GetVal
                0x0000c2b8       0x2c ./Generated_Code/ExtIntLdd1.o
                0x0000c2b8                ExtIntLdd1_GetVal
 .text.ExtIntLdd2_Init
                0x0000c2e4       0x80 ./Generated_Code/ExtIntLdd2.o
                0x0000c2e4                ExtIntLdd2_Init
 .text.ExtIntLdd2_Interrupt
                0x0000c364       0x3c ./Generated_Code/ExtIntLdd2.o
                0x0000c364                ExtIntLdd2_Interrupt
 .text.ExtIntLdd2_GetVal
                0x0000c3a0       0x2c ./Generated_Code/ExtIntLdd2.o
                0x0000c3a0                ExtIntLdd2_GetVal
 .text.ExtIntLdd3_Init
                0x0000c3cc       0x80 ./Generated_Code/ExtIntLdd3.o
                0x0000c3cc                ExtIntLdd3_Init
 .text.ExtIntLdd3_Interrupt
                0x0000c44c       0x3c ./Generated_Code/ExtIntLdd3.o
                0x0000c44c                ExtIntLdd3_Interrupt
 .text.ExtIntLdd3_GetVal
                0x0000c488       0x2c ./Generated_Code/ExtIntLdd3.o
                0x0000c488                ExtIntLdd3_GetVal
 .text.ExtIntLdd4_Init
                0x0000c4b4       0x7c ./Generated_Code/ExtIntLdd4.o
                0x0000c4b4                ExtIntLdd4_Init
 .text.ExtIntLdd4_Interrupt
                0x0000c530       0x3c ./Generated_Code/ExtIntLdd4.o
                0x0000c530                ExtIntLdd4_Interrupt
 .text.ExtIntLdd5_Init
                0x0000c56c       0x7c ./Generated_Code/ExtIntLdd5.o
                0x0000c56c                ExtIntLdd5_Init
 .text.ExtIntLdd5_Interrupt
                0x0000c5e8       0x3c ./Generated_Code/ExtIntLdd5.o
                0x0000c5e8                ExtIntLdd5_Interrupt
 .text.I2C0_SendChar
                0x0000c624       0x2c ./Generated_Code/I2C0.o
                0x0000c624                I2C0_SendChar
 .text.I2C0_SendBlock
                0x0000c650       0xc0 ./Generated_Code/I2C0.o
                0x0000c650                I2C0_SendBlock
 .text.I2C0_SelectSlave
                0x0000c710       0x34 ./Generated_Code/I2C0.o
                0x0000c710                I2C0_SelectSlave
 .text.I2C0_Init
                0x0000c744       0x20 ./Generated_Code/I2C0.o
                0x0000c744                I2C0_Init
 .text.IntI2cLdd1_OnMasterBlockSent
                0x0000c764       0x14 ./Generated_Code/I2C0.o
                0x0000c764                IntI2cLdd1_OnMasterBlockSent
 .text.IntI2cLdd1_OnMasterBlockReceived
                0x0000c778       0x14 ./Generated_Code/I2C0.o
                0x0000c778                IntI2cLdd1_OnMasterBlockReceived
 .text.IntI2cLdd1_OnError
                0x0000c78c       0x30 ./Generated_Code/I2C0.o
                0x0000c78c                IntI2cLdd1_OnError
 .text.IFsh1_GetFlash
                0x0000c7bc       0x84 ./Generated_Code/IFsh1.o
                0x0000c7bc                IFsh1_GetFlash
 .text.IFsh1_SetFlash
                0x0000c840      0x1a8 ./Generated_Code/IFsh1.o
                0x0000c840                IFsh1_SetFlash
 .text.IFsh1_Init
                0x0000c9e8       0x2c ./Generated_Code/IFsh1.o
                0x0000c9e8                IFsh1_Init
 .text.IFsh1_SetByteFlash
                0x0000ca14       0x24 ./Generated_Code/IFsh1.o
                0x0000ca14                IFsh1_SetByteFlash
 .text.IFsh1_GetByteFlash
                0x0000ca38       0x20 ./Generated_Code/IFsh1.o
                0x0000ca38                IFsh1_GetByteFlash
 .text.IFsh1_SetLongFlash
                0x0000ca58       0x20 ./Generated_Code/IFsh1.o
                0x0000ca58                IFsh1_SetLongFlash
 .text.IFsh1_GetLongFlash
                0x0000ca78       0x20 ./Generated_Code/IFsh1.o
                0x0000ca78                IFsh1_GetLongFlash
 .text.IntFlashLdd1_OnOperationComplete
                0x0000ca98      0x190 ./Generated_Code/IFsh1.o
                0x0000ca98                IntFlashLdd1_OnOperationComplete
 .text.IntFlashLdd1_OnError
                0x0000cc28       0x54 ./Generated_Code/IFsh1.o
                0x0000cc28                IntFlashLdd1_OnError
 .text.IntFlashLdd1_Init
                0x0000cc7c       0x64 ./Generated_Code/IntFlashLdd1.o
                0x0000cc7c                IntFlashLdd1_Init
 .text.IntFlashLdd1_Write
                0x0000cce0       0x74 ./Generated_Code/IntFlashLdd1.o
                0x0000cce0                IntFlashLdd1_Write
 .text.IntFlashLdd1_Read
                0x0000cd54       0x70 ./Generated_Code/IntFlashLdd1.o
                0x0000cd54                IntFlashLdd1_Read
 .text.IntFlashLdd1_Erase
                0x0000cdc4       0x94 ./Generated_Code/IntFlashLdd1.o
                0x0000cdc4                IntFlashLdd1_Erase
 .text.IntFlashLdd1_Main
                0x0000ce58      0x2f4 ./Generated_Code/IntFlashLdd1.o
                0x0000ce58                IntFlashLdd1_Main
 .text.IntFlashLdd1_GetError
                0x0000d14c       0x90 ./Generated_Code/IntFlashLdd1.o
                0x0000d14c                IntFlashLdd1_GetError
 .text.RangeCheck
                0x0000d1dc       0x38 ./Generated_Code/IntFlashLdd1.o
 .text.SafeRoutineCaller
                0x0000d214       0x94 ./Generated_Code/IntFlashLdd1.o
 .text.IntI2cLdd1_Interrupt
                0x0000d2a8      0x2d4 ./Generated_Code/IntI2cLdd1.o
                0x0000d2a8                IntI2cLdd1_Interrupt
 .text.IntI2cLdd1_Init
                0x0000d57c      0x13c ./Generated_Code/IntI2cLdd1.o
                0x0000d57c                IntI2cLdd1_Init
 .text.IntI2cLdd1_MasterSendBlock
                0x0000d6b8      0x190 ./Generated_Code/IntI2cLdd1.o
                0x0000d6b8                IntI2cLdd1_MasterSendBlock
 .text.IntI2cLdd1_SelectSlaveDevice
                0x0000d848       0xf0 ./Generated_Code/IntI2cLdd1.o
                0x0000d848                IntI2cLdd1_SelectSlaveDevice
 .text.IntI2cLdd1_GetError
                0x0000d938       0x70 ./Generated_Code/IntI2cLdd1.o
                0x0000d938                IntI2cLdd1_GetError
 .text.ExtIntLdd3_OnInterrupt
                0x0000d9a8       0x14 ./Generated_Code/LEVER_DIR1.o
                0x0000d9a8                ExtIntLdd3_OnInterrupt
 .text.ExtIntLdd2_OnInterrupt
                0x0000d9bc       0x14 ./Generated_Code/LEVER_DIR2.o
                0x0000d9bc                ExtIntLdd2_OnInterrupt
 .text.ExtIntLdd5_OnInterrupt
                0x0000d9d0       0x14 ./Generated_Code/PUSH_BUTTON_REC.o
                0x0000d9d0                ExtIntLdd5_OnInterrupt
 .text.ExtIntLdd4_OnInterrupt
                0x0000d9e4       0x14 ./Generated_Code/PUSH_BUTTON_SEND.o
                0x0000d9e4                ExtIntLdd4_OnInterrupt
 .text.TU1_Init
                0x0000d9f8       0xb0 ./Generated_Code/TU1.o
                0x0000d9f8                TU1_Init
 .text.TU1_Enable
                0x0000daa8       0x30 ./Generated_Code/TU1.o
                0x0000daa8                TU1_Enable
 .text.TU1_Disable
                0x0000dad8       0x28 ./Generated_Code/TU1.o
                0x0000dad8                TU1_Disable
 .text.TU1_Interrupt
                0x0000db00       0x6c ./Generated_Code/TU1.o
                0x0000db00                TU1_Interrupt
 .text.T_100ms_Init
                0x0000db6c       0xb0 ./Generated_Code/T_100ms.o
                0x0000db6c                T_100ms_Init
 .text.T_100ms_Enable
                0x0000dc1c       0x30 ./Generated_Code/T_100ms.o
                0x0000dc1c                T_100ms_Enable
 .text.T_100ms_Disable
                0x0000dc4c       0x28 ./Generated_Code/T_100ms.o
                0x0000dc4c                T_100ms_Disable
 .text.T_100ms_Interrupt
                0x0000dc74       0x6c ./Generated_Code/T_100ms.o
                0x0000dc74                T_100ms_Interrupt
 .text.T_500ms_Init
                0x0000dce0       0xcc ./Generated_Code/T_500ms.o
                0x0000dce0                T_500ms_Init
 .text.T_500ms_Interrupt
                0x0000ddac       0x6c ./Generated_Code/T_500ms.o
                0x0000ddac                T_500ms_Interrupt
 .text.WAIT1_Wait10Cycles
                0x0000de18        0x8 ./Generated_Code/WAIT1.o
                0x0000de18                WAIT1_Wait10Cycles
 .text.WAIT1_Wait100Cycles
                0x0000de20       0x1c ./Generated_Code/WAIT1.o
                0x0000de20                WAIT1_Wait100Cycles
 .text.WAIT1_WaitCycles
                0x0000de3c       0x34 ./Generated_Code/WAIT1.o
                0x0000de3c                WAIT1_WaitCycles
 .text.WAIT1_WaitLongCycles
                0x0000de70       0x38 ./Generated_Code/WAIT1.o
                0x0000de70                WAIT1_WaitLongCycles
 .text.WAIT1_Waitms
                0x0000dea8       0x2c ./Generated_Code/WAIT1.o
                0x0000dea8                WAIT1_Waitms
 .text.round    0x0000ded4       0x9c c:/freescale/kds_v3/toolchain/bin/../lib/gcc/arm-none-eabi/4.8.4/../../../../arm-none-eabi/lib/armv7e-m\libm.a(lib_a-s_round.o)
                0x0000ded4                round
 .text.pow      0x0000df70      0x2f8 c:/freescale/kds_v3/toolchain/bin/../lib/gcc/arm-none-eabi/4.8.4/../../../../arm-none-eabi/lib/armv7e-m\libm.a(lib_a-w_pow.o)
                0x0000df70                pow
 .text.__ieee754_pow
                0x0000e268      0xa78 c:/freescale/kds_v3/toolchain/bin/../lib/gcc/arm-none-eabi/4.8.4/../../../../arm-none-eabi/lib/armv7e-m\libm.a(lib_a-e_pow.o)
                0x0000e268                __ieee754_pow
 .text.__ieee754_sqrt
                0x0000ece0      0x180 c:/freescale/kds_v3/toolchain/bin/../lib/gcc/arm-none-eabi/4.8.4/../../../../arm-none-eabi/lib/armv7e-m\libm.a(lib_a-e_sqrt.o)
                0x0000ece0                __ieee754_sqrt
 .text.fabs     0x0000ee60        0x8 c:/freescale/kds_v3/toolchain/bin/../lib/gcc/arm-none-eabi/4.8.4/../../../../arm-none-eabi/lib/armv7e-m\libm.a(lib_a-s_fabs.o)
                0x0000ee60                fabs
 .text.finite   0x0000ee68        0xc c:/freescale/kds_v3/toolchain/bin/../lib/gcc/arm-none-eabi/4.8.4/../../../../arm-none-eabi/lib/armv7e-m\libm.a(lib_a-s_finite.o)
                0x0000ee68                finite
 .text.__fpclassifyd
                0x0000ee74       0x50 c:/freescale/kds_v3/toolchain/bin/../lib/gcc/arm-none-eabi/4.8.4/../../../../arm-none-eabi/lib/armv7e-m\libm.a(lib_a-s_fpclassify.o)
                0x0000ee74                __fpclassifyd
 .text.matherr  0x0000eec4        0x4 c:/freescale/kds_v3/toolchain/bin/../lib/gcc/arm-none-eabi/4.8.4/../../../../arm-none-eabi/lib/armv7e-m\libm.a(lib_a-s_matherr.o)
                0x0000eec4                matherr
 .text.nan      0x0000eec8        0xc c:/freescale/kds_v3/toolchain/bin/../lib/gcc/arm-none-eabi/4.8.4/../../../../arm-none-eabi/lib/armv7e-m\libm.a(lib_a-s_nan.o)
                0x0000eec8                nan
 .text.rint     0x0000eed4      0x118 c:/freescale/kds_v3/toolchain/bin/../lib/gcc/arm-none-eabi/4.8.4/../../../../arm-none-eabi/lib/armv7e-m\libm.a(lib_a-s_rint.o)
                0x0000eed4                rint
 *fill*         0x0000efec        0x4 
 .text.scalbn   0x0000eff0      0x118 c:/freescale/kds_v3/toolchain/bin/../lib/gcc/arm-none-eabi/4.8.4/../../../../arm-none-eabi/lib/armv7e-m\libm.a(lib_a-s_scalbn.o)
                0x0000eff0                scalbn
 .text.copysign
                0x0000f108       0x14 c:/freescale/kds_v3/toolchain/bin/../lib/gcc/arm-none-eabi/4.8.4/../../../../arm-none-eabi/lib/armv7e-m\libm.a(lib_a-s_copysign.o)
                0x0000f108                copysign
 .text.abort    0x0000f11c        0xe c:/freescale/kds_v3/toolchain/bin/../lib/gcc/arm-none-eabi/4.8.4/../../../../arm-none-eabi/lib/armv7e-m\libg_s.a(lib_a-abort.o)
                0x0000f11c                abort
 *fill*         0x0000f12a        0x2 
 .text.__errno  0x0000f12c        0xc c:/freescale/kds_v3/toolchain/bin/../lib/gcc/arm-none-eabi/4.8.4/../../../../arm-none-eabi/lib/armv7e-m\libg_s.a(lib_a-errno.o)
                0x0000f12c                __errno
 .text.exit     0x0000f138       0x28 c:/freescale/kds_v3/toolchain/bin/../lib/gcc/arm-none-eabi/4.8.4/../../../../arm-none-eabi/lib/armv7e-m\libg_s.a(lib_a-exit.o)
                0x0000f138                exit
 .text.__libc_init_array
                0x0000f160       0x4c c:/freescale/kds_v3/toolchain/bin/../lib/gcc/arm-none-eabi/4.8.4/../../../../arm-none-eabi/lib/armv7e-m\libg_s.a(lib_a-init.o)
                0x0000f160                __libc_init_array
 .text.memcpy   0x0000f1ac       0x12 c:/freescale/kds_v3/toolchain/bin/../lib/gcc/arm-none-eabi/4.8.4/../../../../arm-none-eabi/lib/armv7e-m\libg_s.a(lib_a-memcpy-stub.o)
                0x0000f1ac                memcpy
 .text.memset   0x0000f1be       0x10 c:/freescale/kds_v3/toolchain/bin/../lib/gcc/arm-none-eabi/4.8.4/../../../../arm-none-eabi/lib/armv7e-m\libg_s.a(lib_a-memset.o)
                0x0000f1be                memset
 .text._raise_r
                0x0000f1ce       0x50 c:/freescale/kds_v3/toolchain/bin/../lib/gcc/arm-none-eabi/4.8.4/../../../../arm-none-eabi/lib/armv7e-m\libg_s.a(lib_a-signal.o)
                0x0000f1ce                _raise_r
 *fill*         0x0000f21e        0x2 
 .text.raise    0x0000f220       0x10 c:/freescale/kds_v3/toolchain/bin/../lib/gcc/arm-none-eabi/4.8.4/../../../../arm-none-eabi/lib/armv7e-m\libg_s.a(lib_a-signal.o)
                0x0000f220                raise
 .text._kill_r  0x0000f230       0x24 c:/freescale/kds_v3/toolchain/bin/../lib/gcc/arm-none-eabi/4.8.4/../../../../arm-none-eabi/lib/armv7e-m\libg_s.a(lib_a-signalr.o)
                0x0000f230                _kill_r
 .text._getpid_r
                0x0000f254        0x4 c:/freescale/kds_v3/toolchain/bin/../lib/gcc/arm-none-eabi/4.8.4/../../../../arm-none-eabi/lib/armv7e-m\libg_s.a(lib_a-signalr.o)
                0x0000f254                _getpid_r
 .text.strlen   0x0000f258       0x10 c:/freescale/kds_v3/toolchain/bin/../lib/gcc/arm-none-eabi/4.8.4/../../../../arm-none-eabi/lib/armv7e-m\libg_s.a(lib_a-strlen.o)
                0x0000f258                strlen
 .text._vsprintf_r
                0x0000f268       0x30 c:/freescale/kds_v3/toolchain/bin/../lib/gcc/arm-none-eabi/4.8.4/../../../../arm-none-eabi/lib/armv7e-m\libg_s.a(lib_a-vsprintf.o)
                0x0000f268                _vsprintf_r
                0x0000f268                _vsiprintf_r
 .text.vsprintf
                0x0000f298       0x1c c:/freescale/kds_v3/toolchain/bin/../lib/gcc/arm-none-eabi/4.8.4/../../../../arm-none-eabi/lib/armv7e-m\libg_s.a(lib_a-vsprintf.o)
                0x0000f298                vsiprintf
                0x0000f298                vsprintf
 .text._malloc_r
                0x0000f2b4       0xa8 c:/freescale/kds_v3/toolchain/bin/../lib/gcc/arm-none-eabi/4.8.4/../../../../arm-none-eabi/lib/armv7e-m\libg_s.a(lib_a-nano-mallocr.o)
                0x0000f2b4                _malloc_r
 .text._sbrk_r  0x0000f35c       0x20 c:/freescale/kds_v3/toolchain/bin/../lib/gcc/arm-none-eabi/4.8.4/../../../../arm-none-eabi/lib/armv7e-m\libg_s.a(lib_a-sbrkr.o)
                0x0000f35c                _sbrk_r
 .text.__ssputs_r
                0x0000f37c       0xb8 c:/freescale/kds_v3/toolchain/bin/../lib/gcc/arm-none-eabi/4.8.4/../../../../arm-none-eabi/lib/armv7e-m\libg_s.a(lib_a-svfprintf.o)
                0x0000f37c                __ssputs_r
 .text._svfprintf_r
                0x0000f434      0x1dc c:/freescale/kds_v3/toolchain/bin/../lib/gcc/arm-none-eabi/4.8.4/../../../../arm-none-eabi/lib/armv7e-m\libg_s.a(lib_a-svfprintf.o)
                0x0000f434                _svfiprintf_r
                0x0000f434                _svfprintf_r
 .text._printf_common
                0x0000f610       0xe4 c:/freescale/kds_v3/toolchain/bin/../lib/gcc/arm-none-eabi/4.8.4/../../../../arm-none-eabi/lib/armv7e-m\libg_s.a(lib_a-vfprintf_i.o)
                0x0000f610                _printf_common
 .text._printf_i
                0x0000f6f4      0x228 c:/freescale/kds_v3/toolchain/bin/../lib/gcc/arm-none-eabi/4.8.4/../../../../arm-none-eabi/lib/armv7e-m\libg_s.a(lib_a-vfprintf_i.o)
                0x0000f6f4                _printf_i
 .text.memchr   0x0000f91c       0x1e c:/freescale/kds_v3/toolchain/bin/../lib/gcc/arm-none-eabi/4.8.4/../../../../arm-none-eabi/lib/armv7e-m\libg_s.a(lib_a-memchr-stub.o)
                0x0000f91c                memchr
 .text.memmove  0x0000f93a       0x36 c:/freescale/kds_v3/toolchain/bin/../lib/gcc/arm-none-eabi/4.8.4/../../../../arm-none-eabi/lib/armv7e-m\libg_s.a(lib_a-memmove.o)
                0x0000f93a                memmove
 .text._free_r  0x0000f970       0x88 c:/freescale/kds_v3/toolchain/bin/../lib/gcc/arm-none-eabi/4.8.4/../../../../arm-none-eabi/lib/armv7e-m\libg_s.a(lib_a-nano-freer.o)
                0x0000f970                _free_r
 .text._realloc_r
                0x0000f9f8       0x4c c:/freescale/kds_v3/toolchain/bin/../lib/gcc/arm-none-eabi/4.8.4/../../../../arm-none-eabi/lib/armv7e-m\libg_s.a(lib_a-nano-reallocr.o)
                0x0000f9f8                _realloc_r
 .text._malloc_usable_size_r
                0x0000fa44       0x12 c:/freescale/kds_v3/toolchain/bin/../lib/gcc/arm-none-eabi/4.8.4/../../../../arm-none-eabi/lib/armv7e-m\libg_s.a(lib_a-nano-msizer.o)
                0x0000fa44                _malloc_usable_size_r
 *fill*         0x0000fa56        0x2 
 .text._getpid  0x0000fa58       0x10 c:/freescale/kds_v3/toolchain/bin/../lib/gcc/arm-none-eabi/4.8.4/../../../../arm-none-eabi/lib/armv7e-m\libnosys.a(getpid.o)
                0x0000fa58                _getpid
 .text._kill    0x0000fa68       0x10 c:/freescale/kds_v3/toolchain/bin/../lib/gcc/arm-none-eabi/4.8.4/../../../../arm-none-eabi/lib/armv7e-m\libnosys.a(kill.o)
                0x0000fa68                _kill
 .text._sbrk    0x0000fa78       0x34 c:/freescale/kds_v3/toolchain/bin/../lib/gcc/arm-none-eabi/4.8.4/../../../../arm-none-eabi/lib/armv7e-m\libnosys.a(sbrk.o)
                0x0000fa78                _sbrk
 .text._exit    0x0000faac        0x4 c:/freescale/kds_v3/toolchain/bin/../lib/gcc/arm-none-eabi/4.8.4/../../../../arm-none-eabi/lib/armv7e-m\libnosys.a(_exit.o)
                0x0000faac                _exit
 *(.rodata)
 .rodata        0x0000fab0      0x66c ./Sources/display.o
 .rodata        0x0001011c       0x18 ./Sources/menu.o
 .rodata        0x00010134      0x230 ./Sources/protocol.o
 .rodata        0x00010364      0x230 ./Sources/send.o
 *(.rodata*)
 .rodata.ASerialLdd1_BaudAdjustValueSpeed0.6226
                0x00010594        0x4 ./Generated_Code/ASerialLdd1.o
 .rodata.ASerialLdd1_BaudDivisorSpeed0.6227
                0x00010598        0x4 ./Generated_Code/ASerialLdd1.o
 .rodata.SafeRoutine
                0x0001059c       0x30 ./Generated_Code/IntFlashLdd1.o
 .rodata.str1.4
                0x000105cc        0x4 c:/freescale/kds_v3/toolchain/bin/../lib/gcc/arm-none-eabi/4.8.4/../../../../arm-none-eabi/lib/armv7e-m\libm.a(lib_a-w_pow.o)
 .rodata.dp_h   0x000105d0       0x10 c:/freescale/kds_v3/toolchain/bin/../lib/gcc/arm-none-eabi/4.8.4/../../../../arm-none-eabi/lib/armv7e-m\libm.a(lib_a-e_pow.o)
 .rodata.dp_l   0x000105e0       0x10 c:/freescale/kds_v3/toolchain/bin/../lib/gcc/arm-none-eabi/4.8.4/../../../../arm-none-eabi/lib/armv7e-m\libm.a(lib_a-e_pow.o)
 .rodata.bp     0x000105f0       0x10 c:/freescale/kds_v3/toolchain/bin/../lib/gcc/arm-none-eabi/4.8.4/../../../../arm-none-eabi/lib/armv7e-m\libm.a(lib_a-e_pow.o)
 .rodata.str1.4
                0x00010600        0x4 c:/freescale/kds_v3/toolchain/bin/../lib/gcc/arm-none-eabi/4.8.4/../../../../arm-none-eabi/lib/armv7e-m\libm.a(lib_a-e_pow.o)
 *fill*         0x00010604        0x4 
 .rodata.TWO52  0x00010608       0x10 c:/freescale/kds_v3/toolchain/bin/../lib/gcc/arm-none-eabi/4.8.4/../../../../arm-none-eabi/lib/armv7e-m\libm.a(lib_a-s_rint.o)
 .rodata.str1.1
                0x00010618        0x2 c:/freescale/kds_v3/toolchain/bin/../lib/gcc/arm-none-eabi/4.8.4/../../../../arm-none-eabi/lib/armv7e-m\libg_s.a(lib_a-impure.o)
 *fill*         0x0001061a        0x2 
 .rodata._global_impure_ptr
                0x0001061c        0x4 c:/freescale/kds_v3/toolchain/bin/../lib/gcc/arm-none-eabi/4.8.4/../../../../arm-none-eabi/lib/armv7e-m\libg_s.a(lib_a-impure.o)
                0x0001061c                _global_impure_ptr
 .rodata.str1.1
                0x00010620       0x11 c:/freescale/kds_v3/toolchain/bin/../lib/gcc/arm-none-eabi/4.8.4/../../../../arm-none-eabi/lib/armv7e-m\libg_s.a(lib_a-svfprintf.o)
 .rodata.str1.1
                0x00010631       0x22 c:/freescale/kds_v3/toolchain/bin/../lib/gcc/arm-none-eabi/4.8.4/../../../../arm-none-eabi/lib/armv7e-m\libg_s.a(lib_a-vfprintf_i.o)
 *(.glue_7)
 .glue_7        0x00000000        0x0 linker stubs
 *(.glue_7t)
 .glue_7t       0x00000000        0x0 linker stubs
 *(.eh_frame)
 *fill*         0x00010653        0x1 
 .eh_frame      0x00010654        0x0 c:/freescale/kds_v3/toolchain/bin/../lib/gcc/arm-none-eabi/4.8.4/armv7e-m/crtbegin.o
 *(.init)
 .init          0x00010654        0x4 c:/freescale/kds_v3/toolchain/bin/../lib/gcc/arm-none-eabi/4.8.4/armv7e-m/crti.o
                0x00010654                _init
 .init          0x00010658        0x8 c:/freescale/kds_v3/toolchain/bin/../lib/gcc/arm-none-eabi/4.8.4/armv7e-m/crtn.o
 *(.fini)
 .fini          0x00010660        0x4 c:/freescale/kds_v3/toolchain/bin/../lib/gcc/arm-none-eabi/4.8.4/armv7e-m/crti.o
                0x00010660                _fini
 .fini          0x00010664        0x8 c:/freescale/kds_v3/toolchain/bin/../lib/gcc/arm-none-eabi/4.8.4/armv7e-m/crtn.o
                0x0001066c                . = ALIGN (0x4)
                0x0001066c                _etext = .

.vfp11_veneer   0x0001066c        0x0
 .vfp11_veneer  0x00000000        0x0 linker stubs

.v4_bx          0x0001066c        0x0
 .v4_bx         0x00000000        0x0 linker stubs

.iplt           0x0001066c        0x0
 .iplt          0x00000000        0x0 c:/freescale/kds_v3/toolchain/bin/../lib/gcc/arm-none-eabi/4.8.4/armv7e-m/crtbegin.o

.ARM.extab      0x0001066c      0x2b8
 *(.ARM.extab* .gnu.linkonce.armextab.*)
 .ARM.extab.text.LCD_command
                0x0001066c        0xc ./Sources/LCD.o
 .ARM.extab.text.LCD_Set_Cursor
                0x00010678        0xc ./Sources/LCD.o
 .ARM.extab.text.LCD_Cursor_Blink_On_At
                0x00010684        0xc ./Sources/LCD.o
 .ARM.extab.text.LCD_Cursor_On_At
                0x00010690        0xc ./Sources/LCD.o
 .ARM.extab.text.LCD_Write
                0x0001069c        0xc ./Sources/LCD.o
 .ARM.extab.text.load_custom_char
                0x000106a8        0xc ./Sources/LCD.o
 .ARM.extab.text.LCD_Write_At
                0x000106b4        0xc ./Sources/LCD.o
 .ARM.extab.text.LCD_Write_Block
                0x000106c0        0xc ./Sources/LCD.o
 .ARM.extab.text.PCA9670_SendByte
                0x000106cc        0xc ./Sources/PCA9670.o
 .ARM.extab.text.select_cue
                0x000106d8        0xc ./Sources/cue.o
 .ARM.extab.text.print_float_at
                0x000106e4        0xc ./Sources/display.o
 .ARM.extab.text.print_int_at
                0x000106f0        0xc ./Sources/display.o
 .ARM.extab.text.print_cue_array
                0x000106fc        0xc ./Sources/display.o
 .ARM.extab.text.print_all_cue
                0x00010708        0xc ./Sources/display.o
 .ARM.extab.text.load_char
                0x00010714        0xc ./Sources/display.o
 .ARM.extab.text.menu_init
                0x00010720        0xc ./Sources/display.o
 .ARM.extab.text.refresh
                0x0001072c        0xc ./Sources/display.o
 .ARM.extab.text.select
                0x00010738        0xc ./Sources/display.o
 .ARM.extab.text.back
                0x00010744        0xc ./Sources/display.o
 .ARM.extab.text.controle_mode_display
                0x00010750        0xc ./Sources/display.o
 .ARM.extab.text.update_icon_dir
                0x0001075c        0xc ./Sources/display.o
 .ARM.extab.text.select_setting
                0x00010768        0xc ./Sources/display.o
 .ARM.extab.text.refresh_fct
                0x00010774        0xc ./Sources/display.o
 .ARM.extab.text.pos_position_fct
                0x00010780        0xc ./Sources/display.o
 .ARM.extab.text.pos_play_cue_fct
                0x0001078c        0xc ./Sources/display.o
 .ARM.extab.text.pos_rec_cue_fct
                0x00010798        0xc ./Sources/display.o
 .ARM.extab.text.pos_mod_cue_fct
                0x000107a4        0xc ./Sources/display.o
 .ARM.extab.text.pos_del_cue_fct
                0x000107b0        0xc ./Sources/display.o
 .ARM.extab.text.vel_play_cue_fct
                0x000107bc        0xc ./Sources/display.o
 .ARM.extab.text.vel_rec_cue_fct
                0x000107c8        0xc ./Sources/display.o
 .ARM.extab.text.vel_mod_cue_fct
                0x000107d4        0xc ./Sources/display.o
 .ARM.extab.text.vel_del_cue_fct
                0x000107e0        0xc ./Sources/display.o
 .ARM.extab.text.load_cue
                0x000107ec        0xc ./Sources/eeprom.o
 .ARM.extab.text.write_cue
                0x000107f8        0xc ./Sources/eeprom.o
 .ARM.extab.text.erase_cue
                0x00010804        0xc ./Sources/eeprom.o
 .ARM.extab.text.get_next_slot_free
                0x00010810        0xc ./Sources/eeprom.o
 .ARM.extab.text.get_slot_saved
                0x0001081c        0xc ./Sources/eeprom.o
 .ARM.extab.text.get_cue_values
                0x00010828        0xc ./Sources/eeprom.o
 .ARM.extab.text.print_menu
                0x00010834        0xc ./Sources/menu.o
 .ARM.extab.text.print_sub_menu
                0x00010840        0xc ./Sources/menu.o
 .ARM.extab.text.print_sub_menu2
                0x0001084c        0xc ./Sources/menu.o
 .ARM.extab.text.menu_select
                0x00010858        0xc ./Sources/menu.o
 .ARM.extab.text.menu_back
                0x00010864        0xc ./Sources/menu.o
 .ARM.extab.text.refresh_menu
                0x00010870        0xc ./Sources/menu.o
 .ARM.extab.text.serial_send_block
                0x0001087c        0xc ./Sources/protocol.o
 .ARM.extab.text.serial_send_float
                0x00010888        0xc ./Sources/protocol.o
 .ARM.extab.text.serial_send_int
                0x00010894        0xc ./Sources/protocol.o
 .ARM.extab.text.serial_send_string
                0x000108a0        0xc ./Sources/protocol.o
 .ARM.extab.text.serial_send_char
                0x000108ac        0xc ./Sources/protocol.o
 .ARM.extab.text.msg_parse
                0x000108b8        0xc ./Sources/protocol.o
 .ARM.extab.text.msg_processing
                0x000108c4        0xc ./Sources/protocol.o
 .ARM.extab.text.select_baud_rate
                0x000108d0        0xc ./Sources/protocol.o
 .ARM.extab.text.Send_Control_Mode
                0x000108dc        0xc ./Sources/send.o
 .ARM.extab.text.send_fct
                0x000108e8        0xc ./Sources/send.o
 .ARM.extab.text.get_update_value
                0x000108f4        0xc ./Sources/send.o
 .ARM.extab     0x00010900        0xc c:/freescale/kds_v3/toolchain/bin/../lib/gcc/arm-none-eabi/4.8.4/armv7e-m\libgcc.a(unwind-arm.o)
 .ARM.extab     0x0001090c       0x18 c:/freescale/kds_v3/toolchain/bin/../lib/gcc/arm-none-eabi/4.8.4/armv7e-m\libgcc.a(pr-support.o)

.ARM            0x00010924      0x300
                0x00010924                __exidx_start = .
 *(.ARM.exidx*)
 .ARM.exidx     0x00010924        0x8 c:/freescale/kds_v3/toolchain/bin/../lib/gcc/arm-none-eabi/4.8.4/../../../../arm-none-eabi/lib/armv7e-m/crt0.o
 .ARM.exidx.text.LCD_Init
                0x000109ec        0x8 ./Sources/LCD.o
 .ARM.exidx.text.LCD_command
                0x000109f4        0x8 ./Sources/LCD.o
 .ARM.exidx.text.LCD_Cursor_On
                0x000109fc        0x8 ./Sources/LCD.o
 .ARM.exidx.text.LCD_Cursor_Off
                0x00010a04        0x0 ./Sources/LCD.o
                                  0x8 (size before relaxing)
 .ARM.exidx.text.LCD_Cursor_Blink_On
                0x00010a04        0x0 ./Sources/LCD.o
                                  0x8 (size before relaxing)
 .ARM.exidx.text.LCD_Set_Cursor
                0x00010a04        0x8 ./Sources/LCD.o
 .ARM.exidx.text.LCD_Cursor_Blink_On_At
                0x00010a0c        0x8 ./Sources/LCD.o
 .ARM.exidx.text.LCD_Cursor_On_At
                0x00010a14        0x8 ./Sources/LCD.o
 .ARM.exidx.text.LCD_Write
                0x00010a1c        0x8 ./Sources/LCD.o
 .ARM.exidx.text.load_custom_char
                0x00010a24        0x8 ./Sources/LCD.o
 .ARM.exidx.text.LCD_Write_At
                0x00010a2c        0x8 ./Sources/LCD.o
 .ARM.exidx.text.LCD_Write_Block
                0x00010a34        0x8 ./Sources/LCD.o
 .ARM.exidx.text.PCA9670_Init
                0x00010a3c        0x8 ./Sources/PCA9670.o
 .ARM.exidx.text.PCA9670_SendByte
                0x00010a44        0x8 ./Sources/PCA9670.o
 .ARM.exidx.text.select_cue
                0x00010a4c        0x8 ./Sources/cue.o
 .ARM.exidx.text.vspfunc
                0x00010a54        0x8 ./Sources/display.o
 .ARM.exidx.text.print_float_at
                0x00010a5c        0x8 ./Sources/display.o
 .ARM.exidx.text.print_int_at
                0x00010a64        0x8 ./Sources/display.o
 .ARM.exidx.text.print_cue_array
                0x00010a6c        0x8 ./Sources/display.o
 .ARM.exidx.text.print_all_cue
                0x00010a74        0x8 ./Sources/display.o
 .ARM.exidx.text.load_char
                0x00010a7c        0x8 ./Sources/display.o
 .ARM.exidx.text.menu_init
                0x00010a84        0x8 ./Sources/display.o
 .ARM.exidx.text.refresh
                0x00010a8c        0x8 ./Sources/display.o
 .ARM.exidx.text.select
                0x00010a94        0x8 ./Sources/display.o
 .ARM.exidx.text.back
                0x00010a9c        0x8 ./Sources/display.o
 .ARM.exidx.text.controle_mode_display
                0x00010aa4        0x8 ./Sources/display.o
 .ARM.exidx.text.control_mode_fct
                0x00010aac        0x8 ./Sources/display.o
 .ARM.exidx.text.update_icon_dir
                0x00010ab4        0x8 ./Sources/display.o
 .ARM.exidx.text.update_icon_drive_enable
                0x00010abc        0x8 ./Sources/display.o
 .ARM.exidx.text.select_setting
                0x00010ac4        0x8 ./Sources/display.o
 .ARM.exidx.text.refresh_fct
                0x00010acc        0x8 ./Sources/display.o
 .ARM.exidx.text.velocity_fct
                0x00010ad4        0x8 ./Sources/display.o
 .ARM.exidx.text.acceleration_fct
                0x00010adc        0x0 ./Sources/display.o
                                  0x8 (size before relaxing)
 .ARM.exidx.text.deceleration_fct
                0x00010adc        0x0 ./Sources/display.o
                                  0x8 (size before relaxing)
 .ARM.exidx.text.back_fct
                0x00010adc        0x0 ./Sources/display.o
                                  0x8 (size before relaxing)
 .ARM.exidx.text.pos_position_fct
                0x00010adc        0x8 ./Sources/display.o
 .ARM.exidx.text.pos_velocity_fct
                0x00010ae4        0x8 ./Sources/display.o
 .ARM.exidx.text.pos_acceleration_fct
                0x00010aec        0x0 ./Sources/display.o
                                  0x8 (size before relaxing)
 .ARM.exidx.text.pos_deceleration_fct
                0x00010aec        0x0 ./Sources/display.o
                                  0x8 (size before relaxing)
 .ARM.exidx.text.pos_set_home_fct
                0x00010aec        0x0 ./Sources/display.o
                                  0x8 (size before relaxing)
 .ARM.exidx.text.torque_fct
                0x00010aec        0x0 ./Sources/display.o
                                  0x8 (size before relaxing)
 .ARM.exidx.text.torque_rise_fct
                0x00010aec        0x0 ./Sources/display.o
                                  0x8 (size before relaxing)
 .ARM.exidx.text.torque_fall_fct
                0x00010aec        0x0 ./Sources/display.o
                                  0x8 (size before relaxing)
 .ARM.exidx.text.pos_play_cue_fct
                0x00010aec        0x8 ./Sources/display.o
 .ARM.exidx.text.pos_rec_cue_fct
                0x00010af4        0x8 ./Sources/display.o
 .ARM.exidx.text.pos_mod_cue_fct
                0x00010afc        0x8 ./Sources/display.o
 .ARM.exidx.text.pos_del_cue_fct
                0x00010b04        0x8 ./Sources/display.o
 .ARM.exidx.text.vel_play_cue_fct
                0x00010b0c        0x8 ./Sources/display.o
 .ARM.exidx.text.vel_rec_cue_fct
                0x00010b14        0x8 ./Sources/display.o
 .ARM.exidx.text.vel_mod_cue_fct
                0x00010b1c        0x8 ./Sources/display.o
 .ARM.exidx.text.vel_del_cue_fct
                0x00010b24        0x8 ./Sources/display.o
 .ARM.exidx.text.select_baud_rate_fct
                0x00010b2c        0x8 ./Sources/display.o
 .ARM.exidx.text.select_update_menu_fct
                0x00010b34        0x0 ./Sources/display.o
                                  0x8 (size before relaxing)
 .ARM.exidx.text.short_cut_position_menu
                0x00010b34        0x0 ./Sources/display.o
                                  0x8 (size before relaxing)
 .ARM.exidx.text.display_resolution
                0x00010b34        0x0 ./Sources/display.o
                                  0x8 (size before relaxing)
 .ARM.exidx.text.get_cursor_resolution_position
                0x00010b34        0x8 ./Sources/display.o
 .ARM.exidx.text.get_resolution
                0x00010b3c        0x0 ./Sources/display.o
                                  0x8 (size before relaxing)
 .ARM.exidx.text._Z41__static_initialization_and_destruction_0ii
                0x00010b3c        0x0 ./Sources/display.o
                                  0x8 (size before relaxing)
 .ARM.exidx.text._GLOBAL__sub_I_buffer
                0x00010b3c        0x0 ./Sources/display.o
                                  0x8 (size before relaxing)
 .ARM.exidx.text.load_cue
                0x00010b3c        0x8 ./Sources/eeprom.o
 .ARM.exidx.text.write_cue
                0x00010b44        0x8 ./Sources/eeprom.o
 .ARM.exidx.text.erase_cue
                0x00010b4c        0x8 ./Sources/eeprom.o
 .ARM.exidx.text.get_next_slot_free
                0x00010b54        0x8 ./Sources/eeprom.o
 .ARM.exidx.text.get_slot_saved
                0x00010b5c        0x8 ./Sources/eeprom.o
 .ARM.exidx.text.get_cue_values
                0x00010b64       0x10 ./Sources/eeprom.o
                                  0x8 (size before relaxing)
 .ARM.exidx.text.init_menu
                0x00010b74        0x0 ./Sources/menu.o
                                  0x8 (size before relaxing)
 .ARM.exidx.text.init_sub_menu
                0x00010b74        0x0 ./Sources/menu.o
                                  0x8 (size before relaxing)
 .ARM.exidx.text.init_sub_menu2
                0x00010b74        0x0 ./Sources/menu.o
                                  0x8 (size before relaxing)
 .ARM.exidx.text.init_menu_list
                0x00010b74        0x0 ./Sources/menu.o
                                  0x8 (size before relaxing)
 .ARM.exidx.text.init_sub_menu_list
                0x00010b74        0x0 ./Sources/menu.o
                                  0x8 (size before relaxing)
 .ARM.exidx.text.init_sub_menu2_list
                0x00010b74        0x0 ./Sources/menu.o
                                  0x8 (size before relaxing)
 .ARM.exidx.text.print_menu
                0x00010b74        0x8 ./Sources/menu.o
 .ARM.exidx.text.print_sub_menu
                0x00010b7c        0x8 ./Sources/menu.o
 .ARM.exidx.text.print_sub_menu2
                0x00010b84        0x8 ./Sources/menu.o
 .ARM.exidx.text.menu_select
                0x00010b8c        0x8 ./Sources/menu.o
 .ARM.exidx.text.menu_back
                0x00010b94        0x8 ./Sources/menu.o
 .ARM.exidx.text.refresh_menu
                0x00010b9c        0x8 ./Sources/menu.o
 .ARM.exidx.text.void_function
                0x00010ba4        0x8 ./Sources/menu.o
 .ARM.exidx.text.parameters_init
                0x00010bac        0x0 ./Sources/parameters.o
                                  0x8 (size before relaxing)
 .ARM.exidx.text.convert
                0x00010bac        0x0 ./Sources/parameters.o
                                  0x8 (size before relaxing)
 .ARM.exidx.text.serial_send_block
                0x00010bac        0x8 ./Sources/protocol.o
 .ARM.exidx.text.serial_send_float
                0x00010bb4        0x8 ./Sources/protocol.o
 .ARM.exidx.text.serial_send_int
                0x00010bbc        0x8 ./Sources/protocol.o
 .ARM.exidx.text.serial_send_string
                0x00010bc4        0x8 ./Sources/protocol.o
 .ARM.exidx.text.serial_send_char
                0x00010bcc        0x8 ./Sources/protocol.o
 .ARM.exidx.text.serial_send_end
                0x00010bd4        0x8 ./Sources/protocol.o
 .ARM.exidx.text.msg_parse
                0x00010bdc        0x8 ./Sources/protocol.o
 .ARM.exidx.text.msg_processing
                0x00010be4        0x8 ./Sources/protocol.o
 .ARM.exidx.text.select_baud_rate
                0x00010bec        0x8 ./Sources/protocol.o
 .ARM.exidx.text.Send_Control_Mode
                0x00010bf4        0x8 ./Sources/send.o
 .ARM.exidx.text.send_fct
                0x00010bfc        0x8 ./Sources/send.o
 .ARM.exidx.text.get_update_drive_en
                0x00010c04        0x8 ./Sources/send.o
 .ARM.exidx.text.get_update_value
                0x00010c0c        0x8 ./Sources/send.o
 .ARM.exidx.text.send_stop
                0x00010c14        0x8 ./Sources/send.o
 .ARM.exidx.text.send_velocity_cue
                0x00010c1c        0x0 ./Sources/send.o
                                  0x8 (size before relaxing)
 .ARM.exidx.text.send_position_cue
                0x00010c1c        0x0 ./Sources/send.o
                                  0x8 (size before relaxing)
 .ARM.exidx.text.velocity_processing
                0x00010c1c        0x8 ./Sources/send.o
 .ARM.exidx.text.velocity_ref_processing
                0x00010c24        0x0 ./Sources/send.o
                                  0x8 (size before relaxing)
 .ARM.exidx.text.acceleration_processing
                0x00010c24        0x0 ./Sources/send.o
                                  0x8 (size before relaxing)
 .ARM.exidx.text.deceleration_processing
                0x00010c24        0x0 ./Sources/send.o
                                  0x8 (size before relaxing)
 .ARM.exidx.text.torque_processing
                0x00010c24        0x0 ./Sources/send.o
                                  0x8 (size before relaxing)
 .ARM.exidx.text.torque_ref_processing
                0x00010c24        0x0 ./Sources/send.o
                                  0x8 (size before relaxing)
 .ARM.exidx.text.torque_rise_processing
                0x00010c24        0x0 ./Sources/send.o
                                  0x8 (size before relaxing)
 .ARM.exidx.text.torque_fall_processing
                0x00010c24        0x0 ./Sources/send.o
                                  0x8 (size before relaxing)
 .ARM.exidx.text.position_ref_processing
                0x00010c24        0x0 ./Sources/send.o
                                  0x8 (size before relaxing)
 .ARM.exidx.text.position_processing
                0x00010c24        0x0 ./Sources/send.o
                                  0x8 (size before relaxing)
 .ARM.exidx.text.control_mode_processing
                0x00010c24        0x0 ./Sources/send.o
                                  0x8 (size before relaxing)
 .ARM.exidx.text.drive_enable_processing
                0x00010c24        0x0 ./Sources/send.o
                                  0x8 (size before relaxing)
 .ARM.exidx     0x0001092c       0x88 c:/freescale/kds_v3/toolchain/bin/../lib/gcc/arm-none-eabi/4.8.4/armv7e-m\libgcc.a(unwind-arm.o)
                                 0xd8 (size before relaxing)
 .ARM.exidx     0x000109b4       0x38 c:/freescale/kds_v3/toolchain/bin/../lib/gcc/arm-none-eabi/4.8.4/armv7e-m\libgcc.a(pr-support.o)
                                 0x48 (size before relaxing)
                0x00010c24                __exidx_end = .

.rel.dyn        0x00010c24        0x0
 .rel.iplt      0x00000000        0x0 c:/freescale/kds_v3/toolchain/bin/../lib/gcc/arm-none-eabi/4.8.4/armv7e-m/crtbegin.o