Archive member included because of file (symbol)

c:/freescale/kds_v3/toolchain/bin/../lib/gcc/arm-none-eabi/4.8.4/armv7e-m\libgcc.a(unwind-arm.o)
                              ./Sources/LCD.o (__aeabi_unwind_cpp_pr0)
c:/freescale/kds_v3/toolchain/bin/../lib/gcc/arm-none-eabi/4.8.4/armv7e-m\libgcc.a(libunwind.o)
                              c:/freescale/kds_v3/toolchain/bin/../lib/gcc/arm-none-eabi/4.8.4/armv7e-m\libgcc.a(unwind-arm.o) (restore_core_regs)
c:/freescale/kds_v3/toolchain/bin/../lib/gcc/arm-none-eabi/4.8.4/armv7e-m\libgcc.a(pr-support.o)
                              c:/freescale/kds_v3/toolchain/bin/../lib/gcc/arm-none-eabi/4.8.4/armv7e-m\libgcc.a(unwind-arm.o) (__gnu_unwind_execute)
c:/freescale/kds_v3/toolchain/bin/../lib/gcc/arm-none-eabi/4.8.4/../../../../arm-none-eabi/lib/armv7e-m\libg_s.a(lib_a-abort.o)
                              c:/freescale/kds_v3/toolchain/bin/../lib/gcc/arm-none-eabi/4.8.4/armv7e-m\libgcc.a(unwind-arm.o) (abort)
c:/freescale/kds_v3/toolchain/bin/../lib/gcc/arm-none-eabi/4.8.4/../../../../arm-none-eabi/lib/armv7e-m\libg_s.a(lib_a-exit.o)
                              c:/freescale/kds_v3/toolchain/bin/../lib/gcc/arm-none-eabi/4.8.4/../../../../arm-none-eabi/lib/armv7e-m/crt0.o (exit)
c:/freescale/kds_v3/toolchain/bin/../lib/gcc/arm-none-eabi/4.8.4/../../../../arm-none-eabi/lib/armv7e-m\libg_s.a(lib_a-impure.o)
                              c:/freescale/kds_v3/toolchain/bin/../lib/gcc/arm-none-eabi/4.8.4/../../../../arm-none-eabi/lib/armv7e-m\libg_s.a(lib_a-exit.o) (_global_impure_ptr)
c:/freescale/kds_v3/toolchain/bin/../lib/gcc/arm-none-eabi/4.8.4/../../../../arm-none-eabi/lib/armv7e-m\libg_s.a(lib_a-init.o)
                              c:/freescale/kds_v3/toolchain/bin/../lib/gcc/arm-none-eabi/4.8.4/../../../../arm-none-eabi/lib/armv7e-m/crt0.o (__libc_init_array)
c:/freescale/kds_v3/toolchain/bin/../lib/gcc/arm-none-eabi/4.8.4/../../../../arm-none-eabi/lib/armv7e-m\libg_s.a(lib_a-memcpy-stub.o)
                              c:/freescale/kds_v3/toolchain/bin/../lib/gcc/arm-none-eabi/4.8.4/armv7e-m\libgcc.a(unwind-arm.o) (memcpy)
c:/freescale/kds_v3/toolchain/bin/../lib/gcc/arm-none-eabi/4.8.4/../../../../arm-none-eabi/lib/armv7e-m\libg_s.a(lib_a-memset.o)
                              c:/freescale/kds_v3/toolchain/bin/../lib/gcc/arm-none-eabi/4.8.4/../../../../arm-none-eabi/lib/armv7e-m/crt0.o (memset)
c:/freescale/kds_v3/toolchain/bin/../lib/gcc/arm-none-eabi/4.8.4/../../../../arm-none-eabi/lib/armv7e-m\libg_s.a(lib_a-signal.o)
                              c:/freescale/kds_v3/toolchain/bin/../lib/gcc/arm-none-eabi/4.8.4/../../../../arm-none-eabi/lib/armv7e-m\libg_s.a(lib_a-abort.o) (raise)
c:/freescale/kds_v3/toolchain/bin/../lib/gcc/arm-none-eabi/4.8.4/../../../../arm-none-eabi/lib/armv7e-m\libg_s.a(lib_a-signalr.o)
                              c:/freescale/kds_v3/toolchain/bin/../lib/gcc/arm-none-eabi/4.8.4/../../../../arm-none-eabi/lib/armv7e-m\libg_s.a(lib_a-signal.o) (_kill_r)
c:/freescale/kds_v3/toolchain/bin/../lib/gcc/arm-none-eabi/4.8.4/../../../../arm-none-eabi/lib/armv7e-m\libg_s.a(lib_a-strcmp.o)
                              ./Sources/protocol.o (strcmp)
c:/freescale/kds_v3/toolchain/bin/../lib/gcc/arm-none-eabi/4.8.4/../../../../arm-none-eabi/lib/armv7e-m\libg_s.a(lib_a-strlen.o)
                              ./Sources/LCD.o (strlen)
c:/freescale/kds_v3/toolchain/bin/../lib/gcc/arm-none-eabi/4.8.4/../../../../arm-none-eabi/lib/armv7e-m\libg_s.a(lib_a-nano-mallocr.o)
                              c:/freescale/kds_v3/toolchain/bin/../lib/gcc/arm-none-eabi/4.8.4/../../../../arm-none-eabi/lib/armv7e-m\libg_s.a(lib_a-signal.o) (_malloc_r)
c:/freescale/kds_v3/toolchain/bin/../lib/gcc/arm-none-eabi/4.8.4/../../../../arm-none-eabi/lib/armv7e-m\libg_s.a(lib_a-reent.o)
                              c:/freescale/kds_v3/toolchain/bin/../lib/gcc/arm-none-eabi/4.8.4/../../../../arm-none-eabi/lib/armv7e-m\libg_s.a(lib_a-signalr.o) (errno)
c:/freescale/kds_v3/toolchain/bin/../lib/gcc/arm-none-eabi/4.8.4/../../../../arm-none-eabi/lib/armv7e-m\libg_s.a(lib_a-sbrkr.o)
                              c:/freescale/kds_v3/toolchain/bin/../lib/gcc/arm-none-eabi/4.8.4/../../../../arm-none-eabi/lib/armv7e-m\libg_s.a(lib_a-nano-mallocr.o) (_sbrk_r)
c:/freescale/kds_v3/toolchain/bin/../lib/gcc/arm-none-eabi/4.8.4/../../../../arm-none-eabi/lib/armv7e-m\libg_s.a(lib_a-nano-freer.o)
                              c:/freescale/kds_v3/toolchain/bin/../lib/gcc/arm-none-eabi/4.8.4/../../../../arm-none-eabi/lib/armv7e-m\libg_s.a(lib_a-reent.o) (_free_r)
c:/freescale/kds_v3/toolchain/bin/../lib/gcc/arm-none-eabi/4.8.4/../../../../arm-none-eabi/lib/armv7e-m\libnosys.a(getpid.o)
                              c:/freescale/kds_v3/toolchain/bin/../lib/gcc/arm-none-eabi/4.8.4/../../../../arm-none-eabi/lib/armv7e-m\libg_s.a(lib_a-signalr.o) (_getpid)
c:/freescale/kds_v3/toolchain/bin/../lib/gcc/arm-none-eabi/4.8.4/../../../../arm-none-eabi/lib/armv7e-m\libnosys.a(kill.o)
[...]
Memory Configuration

Name             Origin             Length             Attributes
m_interrupts     0x00000000         0x000001bc         xr
m_text           0x00000410         0x0003fbf0         xr
m_data           0x1fff8000         0x00008000         rw
m_data_20000000  0x20000000         0x00008000         rw
m_cfmprotrom     0x00000400         0x00000010         xr
*default*        0x00000000         0xffffffff

Linker script and memory map

LOAD c:/freescale/kds_v3/toolchain/bin/../lib/gcc/arm-none-eabi/4.8.4/armv7e-m/crti.o
LOAD c:/freescale/kds_v3/toolchain/bin/../lib/gcc/arm-none-eabi/4.8.4/armv7e-m/crtbegin.o
LOAD c:/freescale/kds_v3/toolchain/bin/../lib/gcc/arm-none-eabi/4.8.4/../../../../arm-none-eabi/lib/armv7e-m/crt0.o
LOAD ./Sources/Events.o
LOAD ./Sources/LCD.o
LOAD ./Sources/PCA9670.o
LOAD ./Sources/cue_eeprom.o
LOAD ./Sources/display.o
LOAD ./Sources/encoder_variable.o
LOAD ./Sources/main.o
LOAD ./Sources/menu.o
LOAD ./Sources/protocol.o
LOAD ./Project_Settings/Startup_Code/startup.o
LOAD ./Generated_Code/AS1.o
LOAD ./Generated_Code/ASerialLdd1.o
LOAD ./Generated_Code/BitIoLdd1.o
LOAD ./Generated_Code/BitIoLdd2.o
LOAD ./Generated_Code/BitIoLdd3.o
LOAD ./Generated_Code/BitIoLdd4.o
LOAD ./Generated_Code/BitIoLdd5.o
LOAD ./Generated_Code/BitIoLdd6.o
LOAD ./Generated_Code/BitIoLdd7.o
LOAD ./Generated_Code/CS1.o
LOAD ./Generated_Code/Cpu.o
LOAD ./Generated_Code/ENCODER.o
LOAD ./Generated_Code/ENCODER_PUSH.o
LOAD ./Generated_Code/ExtIntLdd1.o
LOAD ./Generated_Code/ExtIntLdd2.o
LOAD ./Generated_Code/ExtIntLdd3.o
LOAD ./Generated_Code/ExtIntLdd4.o
LOAD ./Generated_Code/ExtIntLdd5.o
LOAD ./Generated_Code/I2C0.o
LOAD ./Generated_Code/IFsh1.o
LOAD ./Generated_Code/IntFlashLdd1.o
LOAD ./Generated_Code/IntI2cLdd1.o
LOAD ./Generated_Code/KSDK1.o
LOAD ./Generated_Code/LCD_CTR.o
LOAD ./Generated_Code/LCD_EN.o
LOAD ./Generated_Code/LED_DEBUG.o
LOAD ./Generated_Code/LED_STATUS_1.o
LOAD ./Generated_Code/LED_STATUS_2.o
LOAD ./Generated_Code/LED_STATUS_3.o
LOAD ./Generated_Code/LED_STATUS_4.o
LOAD ./Generated_Code/LEVER_DIR1.o
LOAD ./Generated_Code/LEVER_DIR2.o
LOAD ./Generated_Code/PCA.o
LOAD ./Generated_Code/PE_LDD.o
LOAD ./Generated_Code/PUSH_BUTTON_REC.o
LOAD ./Generated_Code/PUSH_BUTTON_SEND.o
LOAD ./Generated_Code/T_100ms.o
LOAD ./Generated_Code/T_500ms.o
LOAD ./Generated_Code/Vectors.o
LOAD ./Generated_Code/WAIT1.o
LOAD ./.metadata/.plugins/org.eclipse.cdt.make.core/specs.o
LOAD c:/freescale/kds_v3/toolchain/bin/../lib/gcc/arm-none-eabi/4.8.4/../../../../arm-none-eabi/lib/armv7e-m\libstdc++_s.a
LOAD c:/freescale/kds_v3/toolchain/bin/../lib/gcc/arm-none-eabi/4.8.4/../../../../arm-none-eabi/lib/armv7e-m\libm.a
START GROUP
LOAD c:/freescale/kds_v3/toolchain/bin/../lib/gcc/arm-none-eabi/4.8.4/armv7e-m\libgcc.a
LOAD c:/freescale/kds_v3/toolchain/bin/../lib/gcc/arm-none-eabi/4.8.4/../../../../arm-none-eabi/lib/armv7e-m\libg_s.a
LOAD c:/freescale/kds_v3/toolchain/bin/../lib/gcc/arm-none-eabi/4.8.4/../../../../arm-none-eabi/lib/armv7e-m\libc_s.a
END GROUP
START GROUP
LOAD c:/freescale/kds_v3/toolchain/bin/../lib/gcc/arm-none-eabi/4.8.4/armv7e-m\libgcc.a
LOAD c:/freescale/kds_v3/toolchain/bin/../lib/gcc/arm-none-eabi/4.8.4/../../../../arm-none-eabi/lib/armv7e-m\libc_s.a
LOAD c:/freescale/kds_v3/toolchain/bin/../lib/gcc/arm-none-eabi/4.8.4/../../../../arm-none-eabi/lib/armv7e-m\libnosys.a
END GROUP
START GROUP
LOAD c:/freescale/kds_v3/toolchain/bin/../lib/gcc/arm-none-eabi/4.8.4/armv7e-m\libgcc.a
LOAD c:/freescale/kds_v3/toolchain/bin/../lib/gcc/arm-none-eabi/4.8.4/../../../../arm-none-eabi/lib/armv7e-m\libc_s.a
LOAD c:/freescale/kds_v3/toolchain/bin/../lib/gcc/arm-none-eabi/4.8.4/../../../../arm-none-eabi/lib/armv7e-m\libnosys.a
END GROUP
LOAD c:/freescale/kds_v3/toolchain/bin/../lib/gcc/arm-none-eabi/4.8.4/armv7e-m/crtend.o
LOAD c:/freescale/kds_v3/toolchain/bin/../lib/gcc/arm-none-eabi/4.8.4/armv7e-m/crtn.o
                0x20000000                _estack = 0x20000000
                0x20000000                __SP_INIT = _estack
                0x20000000                __stack = _estack
                0x00000000                __heap_size = 0x0
                0x00000400                __stack_size = 0x400

.interrupts     0x00000000      0x1bc
                0x00000000                __vector_table = .
                0x00000000                . = ALIGN (0x4)
 *(.vectortable)
 .vectortable   0x00000000      0x1bc ./Generated_Code/Vectors.o
                0x00000000                __vect_table
                0x000001bc                . = ALIGN (0x4)

.cfmprotect     0x00000400       0x10
                0x00000400                . = ALIGN (0x4)
 *(.cfmconfig)
 .cfmconfig     0x00000400       0x10 ./Generated_Code/Cpu.o
                0x00000400                _cfm
                0x00000410                . = ALIGN (0x4)

.text           0x00000410     0x4968
                0x00000410                . = ALIGN (0x4)
 *(.text)
 .text          0x00000410       0x54 c:/freescale/kds_v3/toolchain/bin/../lib/gcc/arm-none-eabi/4.8.4/armv7e-m/crtbegin.o
 .text          0x00000464       0x74 c:/freescale/kds_v3/toolchain/bin/../lib/gcc/arm-none-eabi/4.8.4/../../../../arm-none-eabi/lib/armv7e-m/crt0.o
                0x00000464                _start
                0x00000464                _mainCRTStartup
 .text          0x000004d8      0xa1c c:/freescale/kds_v3/toolchain/bin/../lib/gcc/arm-none-eabi/4.8.4/armv7e-m\libgcc.a(unwind-arm.o)
                0x000007bc                _Unwind_GetCFA
                0x000007c0                __gnu_Unwind_RaiseException
                0x00000820                __gnu_Unwind_ForcedUnwind
                0x00000834                __gnu_Unwind_Resume
                0x00000878                __gnu_Unwind_Resume_or_Rethrow
                0x00000888                _Unwind_Complete
                0x0000088c                _Unwind_DeleteException
                0x0000089c                _Unwind_VRS_Get
                0x000008ec                _Unwind_VRS_Set
                0x0000093c                __gnu_Unwind_Backtrace
                0x00000c90                __aeabi_unwind_cpp_pr0
                0x00000c98                __aeabi_unwind_cpp_pr1
                0x00000ca0                __aeabi_unwind_cpp_pr2
                0x00000ca8                _Unwind_VRS_Pop
 .text          0x00000ef4      0x1ac c:/freescale/kds_v3/toolchain/bin/../lib/gcc/arm-none-eabi/4.8.4/armv7e-m\libgcc.a(libunwind.o)
                0x00000ef4                __restore_core_regs
                0x00000ef4                restore_core_regs
                0x00000f0c                __gnu_Unwind_Restore_VFP
                0x00000f14                __gnu_Unwind_Save_VFP
                0x00000f1c                __gnu_Unwind_Restore_VFP_D
                0x00000f24                __gnu_Unwind_Save_VFP_D
                0x00000f2c                __gnu_Unwind_Restore_VFP_D_16_to_31
                0x00000f34                __gnu_Unwind_Save_VFP_D_16_to_31
                0x00000f3c                __gnu_Unwind_Restore_WMMXD
                0x00000f80                __gnu_Unwind_Save_WMMXD
                0x00000fc4                __gnu_Unwind_Restore_WMMXC
                0x00000fd8                __gnu_Unwind_Save_WMMXC
                0x00000fec                ___Unwind_RaiseException
                0x00000fec                _Unwind_RaiseException
                0x00001010                _Unwind_Resume
                0x00001010                ___Unwind_Resume
                0x00001034                _Unwind_Resume_or_Rethrow
                0x00001034                ___Unwind_Resume_or_Rethrow
                0x00001058                _Unwind_ForcedUnwind
                0x00001058                ___Unwind_ForcedUnwind
                0x0000107c                ___Unwind_Backtrace
                0x0000107c                _Unwind_Backtrace
 .text          0x000010a0      0x33c c:/freescale/kds_v3/toolchain/bin/../lib/gcc/arm-none-eabi/4.8.4/armv7e-m\libgcc.a(pr-support.o)
                0x000010f4                __gnu_unwind_execute
                0x00001380                __gnu_unwind_frame
                0x000013ac                _Unwind_GetRegionStart
                0x000013b8                _Unwind_GetLanguageSpecificData
                0x000013cc                _Unwind_GetDataRelBase
                0x000013d4                _Unwind_GetTextRelBase
 .text          0x000013dc       0x14 c:/freescale/kds_v3/toolchain/bin/../lib/gcc/arm-none-eabi/4.8.4/../../../../arm-none-eabi/lib/armv7e-m\libg_s.a(lib_a-strcmp.o)
                0x000013dc                strcmp
 *(.text*)
 .text.PUSH_BUTTON_REC_OnInterrupt
                0x000013f0        0xc ./Sources/Events.o
                0x000013f0                PUSH_BUTTON_REC_OnInterrupt
 .text.PUSH_BUTTON_SEND_OnInterrupt
                0x000013fc        0xc ./Sources/Events.o
                0x000013fc                PUSH_BUTTON_SEND_OnInterrupt
 .text.I2C0_OnReceiveData
                0x00001408        0xc ./Sources/Events.o
                0x00001408                I2C0_OnReceiveData
 .text.I2C0_OnTransmitData
                0x00001414        0xc ./Sources/Events.o
                0x00001414                I2C0_OnTransmitData
 .text.T_100ms_OnCounterRestart
                0x00001420       0x14 ./Sources/Events.o
                0x00001420                T_100ms_OnCounterRestart
 .text.LEVER_DIR2_OnInterrupt
                0x00001434       0x14 ./Sources/Events.o
                0x00001434                LEVER_DIR2_OnInterrupt
 .text.LEVER_DIR1_OnInterrupt
                0x00001448       0x14 ./Sources/Events.o
                0x00001448                LEVER_DIR1_OnInterrupt
 .text.ENCODER_PUSH_OnInterrupt
                0x0000145c        0xc ./Sources/Events.o
                0x0000145c                ENCODER_PUSH_OnInterrupt
 .text.ENCODER_OnPortEvent
                0x00001468       0x14 ./Sources/Events.o
                0x00001468                ENCODER_OnPortEvent
 .text.T_500ms_OnCounterRestart
                0x0000147c       0x14 ./Sources/Events.o
                0x0000147c                T_500ms_OnCounterRestart
 .text.I2C0_OnArbitLost
                0x00001490        0xc ./Sources/Events.o
                0x00001490                I2C0_OnArbitLost
 .text.AS1_OnTxComplete
                0x0000149c       0x14 ./Sources/Events.o
                0x0000149c                AS1_OnTxComplete
 .text.AS1_OnError
                0x000014b0        0xc ./Sources/Events.o
                0x000014b0                AS1_OnError
 .text.AS1_OnRxChar
                0x000014bc        0xc ./Sources/Events.o
                0x000014bc                AS1_OnRxChar
 .text.AS1_OnRxCharExt
                0x000014c8       0xc8 ./Sources/Events.o
                0x000014c8                AS1_OnRxCharExt
 .text.AS1_OnTxChar
                0x00001590       0x14 ./Sources/Events.o
                0x00001590                AS1_OnTxChar
 .text.AS1_OnFullRxBuf
                0x000015a4       0x14 ./Sources/Events.o
                0x000015a4                AS1_OnFullRxBuf
 .text.AS1_OnFreeTxBuf
                0x000015b8        0xc ./Sources/Events.o
                0x000015b8                AS1_OnFreeTxBuf
 .text.IFsh1_OnWriteEnd
                0x000015c4        0xc ./Sources/Events.o
                0x000015c4                IFsh1_OnWriteEnd
 .text.LCD_Init
                0x000015d0       0x50 ./Sources/LCD.o
                0x000015d0                LCD_Init
 .text.LCD_command
                0x00001620       0x30 ./Sources/LCD.o
                0x00001620                LCD_command
 .text.LCD_Clear
                0x00001650        0xc ./Sources/LCD.o
                0x00001650                LCD_Clear
 .text.LCD_Set_Cursor
                0x0000165c       0x58 ./Sources/LCD.o
                0x0000165c                LCD_Set_Cursor
 .text.LCD_Write
                0x000016b4       0x28 ./Sources/LCD.o
                0x000016b4                LCD_Write
 .text.load_custom_char
                0x000016dc       0x50 ./Sources/LCD.o
                0x000016dc                load_custom_char
 .text.LCD_Write_At
                0x0000172c       0x3c ./Sources/LCD.o
                0x0000172c                LCD_Write_At
 .text.LCD_Write_Block
                0x00001768       0x90 ./Sources/LCD.o
                0x00001768                LCD_Write_Block
 .text.PCA9670_Init
                0x000017f8       0x34 ./Sources/PCA9670.o
                0x000017f8                PCA9670_Init
 .text.PCA9670_SendByte
                0x0000182c       0x3c ./Sources/PCA9670.o
                0x0000182c                PCA9670_SendByte
 .text.menu_init
                0x00001868      0x104 ./Sources/display.o
                0x00001868                menu_init
 .text.velocity_fct
                0x0000196c       0x70 ./Sources/display.o
                0x0000196c                velocity_fct
 .text.acceleration_fct
                0x000019dc        0xc ./Sources/display.o
                0x000019dc                acceleration_fct
 .text.deceleration_fct
                0x000019e8        0xc ./Sources/display.o
                0x000019e8                deceleration_fct
 .text.back_fct
                0x000019f4        0xc ./Sources/display.o
                0x000019f4                back_fct
 .text.pos_velocity_fct
                0x00001a00        0xc ./Sources/display.o
                0x00001a00                pos_velocity_fct
 .text.pos_acceleration_fct
                0x00001a0c        0xc ./Sources/display.o
                0x00001a0c                pos_acceleration_fct
 .text.pos_deceleration_fct
                0x00001a18        0xc ./Sources/display.o
                0x00001a18                pos_deceleration_fct
 .text.torque_fct
                0x00001a24        0xc ./Sources/display.o
                0x00001a24                torque_fct
 .text.torque_rise_fct
                0x00001a30        0xc ./Sources/display.o
                0x00001a30                torque_rise_fct
 .text.torque_fall_fct
                0x00001a3c        0xc ./Sources/display.o
                0x00001a3c                torque_fall_fct
 .text._Z41__static_initialization_and_destruction_0ii
                0x00001a48      0x2b4 ./Sources/display.o
 .text._GLOBAL__sub_I_back
                0x00001cfc       0x10 ./Sources/display.o
 .text.main     0x00001d0c      0x1a0 ./Sources/main.o
                0x00001d0c                main
 .text.init_menu
                0x00001eac       0x28 ./Sources/menu.o
                0x00001eac                init_menu
 .text.init_sub_menu
                0x00001ed4       0x44 ./Sources/menu.o
                0x00001ed4                init_sub_menu
 .text.print_sub_menu
                0x00001f18      0x138 ./Sources/menu.o
                0x00001f18                print_sub_menu
 .text.void_function
                0x00002050        0xc ./Sources/menu.o
                0x00002050                void_function
 .text.msg_parse
                0x0000205c       0xec ./Sources/protocol.o
                0x0000205c                msg_parse
 .text.msg_processing
                0x00002148       0x90 ./Sources/protocol.o
                0x00002148                msg_processing
 .text.__copy_rom_section
                0x000021d8       0xe4 ./Project_Settings/Startup_Code/startup.o
                0x000021d8                __copy_rom_section
 .text.__copy_rom_sections_to_ram
                0x000022bc       0x9c ./Project_Settings/Startup_Code/startup.o
                0x000022bc                __copy_rom_sections_to_ram
 .text.__init_registers
                0x00002358        0xc ./Project_Settings/Startup_Code/startup.o
                0x00002358                __init_registers
 .text.__init_user
                0x00002364        0xc ./Project_Settings/Startup_Code/startup.o
                0x00002364                __init_user
 .text.__thumb_startup
                0x00002370       0x34 ./Project_Settings/Startup_Code/startup.o
                0x00002370                __thumb_startup
 .text.HWEnDi   0x000023a4       0x1c ./Generated_Code/AS1.o
 .text.AS1_ClearRxBuf
                0x000023c0       0x78 ./Generated_Code/AS1.o
                0x000023c0                AS1_ClearRxBuf
 .text.AS1_Init
                0x00002438       0x60 ./Generated_Code/AS1.o
                0x00002438                AS1_Init
 .text.ASerialLdd1_OnBlockReceived
                0x00002498       0xcc ./Generated_Code/AS1.o
                0x00002498                ASerialLdd1_OnBlockReceived
 .text.ASerialLdd1_OnBlockSent
                0x00002564       0xd4 ./Generated_Code/AS1.o
                0x00002564                ASerialLdd1_OnBlockSent
 .text.ASerialLdd1_OnError
                0x00002638       0x9c ./Generated_Code/AS1.o
                0x00002638                ASerialLdd1_OnError
 .text.ASerialLdd1_OnTxComplete
                0x000026d4       0x14 ./Generated_Code/AS1.o
                0x000026d4                ASerialLdd1_OnTxComplete
 .text.ASerialLdd1_OnBreak
                0x000026e8       0x24 ./Generated_Code/AS1.o
                0x000026e8                ASerialLdd1_OnBreak
 .text.ASerialLdd1_Init
                0x0000270c      0x1c0 ./Generated_Code/ASerialLdd1.o
                0x0000270c                ASerialLdd1_Init
 .text.ASerialLdd1_ReceiveBlock
                0x000028cc       0x90 ./Generated_Code/ASerialLdd1.o
                0x000028cc                ASerialLdd1_ReceiveBlock
 .text.ASerialLdd1_SendBlock
                0x0000295c       0xbc ./Generated_Code/ASerialLdd1.o
                0x0000295c                ASerialLdd1_SendBlock
 .text.InterruptRx
                0x00002a18       0x58 ./Generated_Code/ASerialLdd1.o
 .text.InterruptTx
                0x00002a70       0x9c ./Generated_Code/ASerialLdd1.o
 .text.ASerialLdd1_Interrupt
                0x00002b0c      0x130 ./Generated_Code/ASerialLdd1.o
                0x00002b0c                ASerialLdd1_Interrupt
 .text.ASerialLdd1_GetError
                0x00002c3c       0x70 ./Generated_Code/ASerialLdd1.o
                0x00002c3c                ASerialLdd1_GetError
 .text.BitIoLdd1_Init
                0x00002cac       0x64 ./Generated_Code/BitIoLdd1.o
                0x00002cac                BitIoLdd1_Init
 .text.BitIoLdd2_Init
                0x00002d10       0x64 ./Generated_Code/BitIoLdd2.o
                0x00002d10                BitIoLdd2_Init
 .text.BitIoLdd2_SetVal
                0x00002d74       0x1c ./Generated_Code/BitIoLdd2.o
                0x00002d74                BitIoLdd2_SetVal
 .text.BitIoLdd3_Init
                0x00002d90       0x64 ./Generated_Code/BitIoLdd3.o
                0x00002d90                BitIoLdd3_Init
 .text.BitIoLdd3_ClrVal
                0x00002df4       0x1c ./Generated_Code/BitIoLdd3.o
                0x00002df4                BitIoLdd3_ClrVal
 .text.BitIoLdd3_SetVal
                0x00002e10       0x1c ./Generated_Code/BitIoLdd3.o
                0x00002e10                BitIoLdd3_SetVal
 .text.BitIoLdd4_Init
                0x00002e2c       0x64 ./Generated_Code/BitIoLdd4.o
                0x00002e2c                BitIoLdd4_Init
 .text.BitIoLdd4_ClrVal
                0x00002e90       0x1c ./Generated_Code/BitIoLdd4.o
                0x00002e90                BitIoLdd4_ClrVal
 .text.BitIoLdd4_SetVal
                0x00002eac       0x1c ./Generated_Code/BitIoLdd4.o
                0x00002eac                BitIoLdd4_SetVal
 .text.BitIoLdd5_Init
                0x00002ec8       0x64 ./Generated_Code/BitIoLdd5.o
                0x00002ec8                BitIoLdd5_Init
 .text.BitIoLdd5_ClrVal
                0x00002f2c       0x1c ./Generated_Code/BitIoLdd5.o
                0x00002f2c                BitIoLdd5_ClrVal
 .text.BitIoLdd5_SetVal
                0x00002f48       0x1c ./Generated_Code/BitIoLdd5.o
                0x00002f48                BitIoLdd5_SetVal
 .text.BitIoLdd6_Init
                0x00002f64       0x64 ./Generated_Code/BitIoLdd6.o
                0x00002f64                BitIoLdd6_Init
 .text.BitIoLdd6_ClrVal
                0x00002fc8       0x20 ./Generated_Code/BitIoLdd6.o
                0x00002fc8                BitIoLdd6_ClrVal
 .text.BitIoLdd6_SetVal
                0x00002fe8       0x20 ./Generated_Code/BitIoLdd6.o
                0x00002fe8                BitIoLdd6_SetVal
 .text.BitIoLdd7_Init
                0x00003008       0x64 ./Generated_Code/BitIoLdd7.o
                0x00003008                BitIoLdd7_Init
 .text.BitIoLdd7_ClrVal
                0x0000306c       0x1c ./Generated_Code/BitIoLdd7.o
                0x0000306c                BitIoLdd7_ClrVal
 .text.BitIoLdd7_SetVal
                0x00003088       0x1c ./Generated_Code/BitIoLdd7.o
                0x00003088                BitIoLdd7_SetVal
 .text.Cpu_ivINT_PORTC
                0x000030a4       0x30 ./Generated_Code/Cpu.o
                0x000030a4                Cpu_ivINT_PORTC
 .text.Cpu_Interrupt
                0x000030d4       0x18 ./Generated_Code/Cpu.o
                0x000030d4                Cpu_Interrupt
 .text.__init_hardware
                0x000030ec      0x140 ./Generated_Code/Cpu.o
                0x000030ec                __init_hardware
 .text.Cpu_SetBASEPRI
                0x0000322c       0x18 ./Generated_Code/Cpu.o
                0x0000322c                Cpu_SetBASEPRI
 .text.PE_low_level_init
                0x00003244      0x104 ./Generated_Code/Cpu.o
                0x00003244                PE_low_level_init
 .text.ENCODER_Init
                0x00003348       0xb0 ./Generated_Code/ENCODER.o
                0x00003348                ENCODER_Init
 .text.ENCODER_Interrupt
                0x000033f8       0x4c ./Generated_Code/ENCODER.o
                0x000033f8                ENCODER_Interrupt
 .text.ExtIntLdd1_OnInterrupt
                0x00003444       0x14 ./Generated_Code/ENCODER_PUSH.o
                0x00003444                ExtIntLdd1_OnInterrupt
 .text.ExtIntLdd1_Init
                0x00003458       0x80 ./Generated_Code/ExtIntLdd1.o
                0x00003458                ExtIntLdd1_Init
 .text.ExtIntLdd1_Interrupt
                0x000034d8       0x3c ./Generated_Code/ExtIntLdd1.o
                0x000034d8                ExtIntLdd1_Interrupt
 .text.ExtIntLdd2_Init
                0x00003514       0x80 ./Generated_Code/ExtIntLdd2.o
                0x00003514                ExtIntLdd2_Init
 .text.ExtIntLdd2_Interrupt
                0x00003594       0x3c ./Generated_Code/ExtIntLdd2.o
                0x00003594                ExtIntLdd2_Interrupt
 .text.ExtIntLdd2_GetVal
                0x000035d0       0x2c ./Generated_Code/ExtIntLdd2.o
                0x000035d0                ExtIntLdd2_GetVal
 .text.ExtIntLdd3_Init
                0x000035fc       0x80 ./Generated_Code/ExtIntLdd3.o
                0x000035fc                ExtIntLdd3_Init
 .text.ExtIntLdd3_Interrupt
                0x0000367c       0x3c ./Generated_Code/ExtIntLdd3.o
                0x0000367c                ExtIntLdd3_Interrupt
 .text.ExtIntLdd3_GetVal
                0x000036b8       0x2c ./Generated_Code/ExtIntLdd3.o
                0x000036b8                ExtIntLdd3_GetVal
 .text.ExtIntLdd4_Init
                0x000036e4       0x7c ./Generated_Code/ExtIntLdd4.o
                0x000036e4                ExtIntLdd4_Init
 .text.ExtIntLdd4_Interrupt
                0x00003760       0x3c ./Generated_Code/ExtIntLdd4.o
                0x00003760                ExtIntLdd4_Interrupt
 .text.ExtIntLdd5_Init
                0x0000379c       0x7c ./Generated_Code/ExtIntLdd5.o
                0x0000379c                ExtIntLdd5_Init
 .text.ExtIntLdd5_Interrupt
                0x00003818       0x3c ./Generated_Code/ExtIntLdd5.o
                0x00003818                ExtIntLdd5_Interrupt
 .text.I2C0_SendChar
                0x00003854       0x2c ./Generated_Code/I2C0.o
                0x00003854                I2C0_SendChar
 .text.I2C0_SendBlock
                0x00003880       0xc0 ./Generated_Code/I2C0.o
                0x00003880                I2C0_SendBlock
 .text.I2C0_SelectSlave
                0x00003940       0x34 ./Generated_Code/I2C0.o
                0x00003940                I2C0_SelectSlave
 .text.I2C0_Init
                0x00003974       0x20 ./Generated_Code/I2C0.o
                0x00003974                I2C0_Init
 .text.IntI2cLdd1_OnMasterBlockSent
                0x00003994       0x14 ./Generated_Code/I2C0.o
                0x00003994                IntI2cLdd1_OnMasterBlockSent
 .text.IntI2cLdd1_OnMasterBlockReceived
                0x000039a8       0x14 ./Generated_Code/I2C0.o
                0x000039a8                IntI2cLdd1_OnMasterBlockReceived
 .text.IntI2cLdd1_OnError
                0x000039bc       0x30 ./Generated_Code/I2C0.o
                0x000039bc                IntI2cLdd1_OnError
 .text.IFsh1_Init
                0x000039ec       0x2c ./Generated_Code/IFsh1.o
                0x000039ec                IFsh1_Init
 .text.IntFlashLdd1_OnOperationComplete
                0x00003a18       0x4c ./Generated_Code/IFsh1.o
                0x00003a18                IntFlashLdd1_OnOperationComplete
 .text.IntFlashLdd1_OnError
                0x00003a64       0x54 ./Generated_Code/IFsh1.o
                0x00003a64                IntFlashLdd1_OnError
 .text.IntFlashLdd1_Init
                0x00003ab8       0xa4 ./Generated_Code/IntFlashLdd1.o
                0x00003ab8                IntFlashLdd1_Init
 .text.IntFlashLdd1_CommandCompleteInterrupt
                0x00003b5c      0x24c ./Generated_Code/IntFlashLdd1.o
                0x00003b5c                IntFlashLdd1_CommandCompleteInterrupt
 .text.IntFlashLdd1_GetError
                0x00003da8       0x90 ./Generated_Code/IntFlashLdd1.o
                0x00003da8                IntFlashLdd1_GetError
 .text.SafeRoutineCaller
                0x00003e38       0x94 ./Generated_Code/IntFlashLdd1.o
 .text.IntI2cLdd1_Interrupt
                0x00003ecc      0x2d4 ./Generated_Code/IntI2cLdd1.o
                0x00003ecc                IntI2cLdd1_Interrupt
 .text.IntI2cLdd1_Init
                0x000041a0      0x13c ./Generated_Code/IntI2cLdd1.o
                0x000041a0                IntI2cLdd1_Init
 .text.IntI2cLdd1_MasterSendBlock
                0x000042dc      0x190 ./Generated_Code/IntI2cLdd1.o
                0x000042dc                IntI2cLdd1_MasterSendBlock
 .text.IntI2cLdd1_SelectSlaveDevice
                0x0000446c       0xf0 ./Generated_Code/IntI2cLdd1.o
                0x0000446c                IntI2cLdd1_SelectSlaveDevice
 .text.IntI2cLdd1_GetError
                0x0000455c       0x70 ./Generated_Code/IntI2cLdd1.o
                0x0000455c                IntI2cLdd1_GetError
 .text.ExtIntLdd2_OnInterrupt
                0x000045cc       0x14 ./Generated_Code/LEVER_DIR1.o
                0x000045cc                ExtIntLdd2_OnInterrupt
 .text.ExtIntLdd3_OnInterrupt
                0x000045e0       0x14 ./Generated_Code/LEVER_DIR2.o
                0x000045e0                ExtIntLdd3_OnInterrupt
 .text.ExtIntLdd5_OnInterrupt
                0x000045f4       0x14 ./Generated_Code/PUSH_BUTTON_REC.o
                0x000045f4                ExtIntLdd5_OnInterrupt
 .text.ExtIntLdd4_OnInterrupt
                0x00004608       0x14 ./Generated_Code/PUSH_BUTTON_SEND.o
                0x00004608                ExtIntLdd4_OnInterrupt
 .text.T_100ms_Init
                0x0000461c       0xb0 ./Generated_Code/T_100ms.o
                0x0000461c                T_100ms_Init
 .text.T_100ms_Interrupt
                0x000046cc       0x6c ./Generated_Code/T_100ms.o
                0x000046cc                T_100ms_Interrupt
 .text.T_500ms_Init
                0x00004738       0xcc ./Generated_Code/T_500ms.o
                0x00004738                T_500ms_Init
 .text.T_500ms_Interrupt
                0x00004804       0x6c ./Generated_Code/T_500ms.o
                0x00004804                T_500ms_Interrupt
 .text.WAIT1_Wait10Cycles
                0x00004870        0x8 ./Generated_Code/WAIT1.o
                0x00004870                WAIT1_Wait10Cycles
 .text.WAIT1_Wait100Cycles
                0x00004878       0x1c ./Generated_Code/WAIT1.o
                0x00004878                WAIT1_Wait100Cycles
 .text.WAIT1_WaitCycles
                0x00004894       0x34 ./Generated_Code/WAIT1.o
                0x00004894                WAIT1_WaitCycles
 .text.WAIT1_WaitLongCycles
                0x000048c8       0x38 ./Generated_Code/WAIT1.o
                0x000048c8                WAIT1_WaitLongCycles
 .text.WAIT1_Waitms
                0x00004900       0x2c ./Generated_Code/WAIT1.o
                0x00004900                WAIT1_Waitms
 .text.abort    0x0000492c        0xe c:/freescale/kds_v3/toolchain/bin/../lib/gcc/arm-none-eabi/4.8.4/../../../../arm-none-eabi/lib/armv7e-m\libg_s.a(lib_a-abort.o)
                0x0000492c                abort
 *fill*         0x0000493a        0x2 
 .text.exit     0x0000493c       0x28 c:/freescale/kds_v3/toolchain/bin/../lib/gcc/arm-none-eabi/4.8.4/../../../../arm-none-eabi/lib/armv7e-m\libg_s.a(lib_a-exit.o)
                0x0000493c                exit
 .text.__libc_init_array
                0x00004964       0x4c c:/freescale/kds_v3/toolchain/bin/../lib/gcc/arm-none-eabi/4.8.4/../../../../arm-none-eabi/lib/armv7e-m\libg_s.a(lib_a-init.o)
                0x00004964                __libc_init_array
 .text.memcpy   0x000049b0       0x12 c:/freescale/kds_v3/toolchain/bin/../lib/gcc/arm-none-eabi/4.8.4/../../../../arm-none-eabi/lib/armv7e-m\libg_s.a(lib_a-memcpy-stub.o)
                0x000049b0                memcpy
 .text.memset   0x000049c2       0x10 c:/freescale/kds_v3/toolchain/bin/../lib/gcc/arm-none-eabi/4.8.4/../../../../arm-none-eabi/lib/armv7e-m\libg_s.a(lib_a-memset.o)
                0x000049c2                memset
 .text._raise_r
                0x000049d2       0x50 c:/freescale/kds_v3/toolchain/bin/../lib/gcc/arm-none-eabi/4.8.4/../../../../arm-none-eabi/lib/armv7e-m\libg_s.a(lib_a-signal.o)
                0x000049d2                _raise_r
 *fill*         0x00004a22        0x2 
 .text.raise    0x00004a24       0x10 c:/freescale/kds_v3/toolchain/bin/../lib/gcc/arm-none-eabi/4.8.4/../../../../arm-none-eabi/lib/armv7e-m\libg_s.a(lib_a-signal.o)
                0x00004a24                raise
 .text._kill_r  0x00004a34       0x24 c:/freescale/kds_v3/toolchain/bin/../lib/gcc/arm-none-eabi/4.8.4/../../../../arm-none-eabi/lib/armv7e-m\libg_s.a(lib_a-signalr.o)
                0x00004a34                _kill_r
 .text._getpid_r
                0x00004a58        0x4 c:/freescale/kds_v3/toolchain/bin/../lib/gcc/arm-none-eabi/4.8.4/../../../../arm-none-eabi/lib/armv7e-m\libg_s.a(lib_a-signalr.o)
                0x00004a58                _getpid_r
 .text.strlen   0x00004a5c       0x10 c:/freescale/kds_v3/toolchain/bin/../lib/gcc/arm-none-eabi/4.8.4/../../../../arm-none-eabi/lib/armv7e-m\libg_s.a(lib_a-strlen.o)
                0x00004a5c                strlen
 .text._getpid  0x00004a6c       0x10 c:/freescale/kds_v3/toolchain/bin/../lib/gcc/arm-none-eabi/4.8.4/../../../../arm-none-eabi/lib/armv7e-m\libnosys.a(getpid.o)
                0x00004a6c                _getpid
 .text._kill    0x00004a7c       0x10 c:/freescale/kds_v3/toolchain/bin/../lib/gcc/arm-none-eabi/4.8.4/../../../../arm-none-eabi/lib/armv7e-m\libnosys.a(kill.o)
                0x00004a7c                _kill
 .text._exit    0x00004a8c        0x4 c:/freescale/kds_v3/toolchain/bin/../lib/gcc/arm-none-eabi/4.8.4/../../../../arm-none-eabi/lib/armv7e-m\libnosys.a(_exit.o)
                0x00004a8c                _exit
 *(.rodata)
 .rodata        0x00004a90       0xcc ./Sources/display.o
 .rodata        0x00004b5c        0xc ./Sources/menu.o
 .rodata        0x00004b68      0x1c0 ./Sources/protocol.o
 *(.rodata*)
 .rodata.SafeRoutine
                0x00004d28       0x30 ./Generated_Code/IntFlashLdd1.o
 .rodata.str1.1
                0x00004d58        0x2 c:/freescale/kds_v3/toolchain/bin/../lib/gcc/arm-none-eabi/4.8.4/../../../../arm-none-eabi/lib/armv7e-m\libg_s.a(lib_a-impure.o)
 *fill*         0x00004d5a        0x2 
 .rodata._global_impure_ptr
                0x00004d5c        0x4 c:/freescale/kds_v3/toolchain/bin/../lib/gcc/arm-none-eabi/4.8.4/../../../../arm-none-eabi/lib/armv7e-m\libg_s.a(lib_a-impure.o)
                0x00004d5c                _global_impure_ptr
 *(.glue_7)
 .glue_7        0x00000000        0x0 linker stubs
 *(.glue_7t)
 .glue_7t       0x00000000        0x0 linker stubs
 *(.eh_frame)
 .eh_frame      0x00004d60        0x0 c:/freescale/kds_v3/toolchain/bin/../lib/gcc/arm-none-eabi/4.8.4/armv7e-m/crtbegin.o
 *(.init)
 .init          0x00004d60        0x4 c:/freescale/kds_v3/toolchain/bin/../lib/gcc/arm-none-eabi/4.8.4/armv7e-m/crti.o
                0x00004d60                _init
 .init          0x00004d64        0x8 c:/freescale/kds_v3/toolchain/bin/../lib/gcc/arm-none-eabi/4.8.4/armv7e-m/crtn.o
 *(.fini)
 .fini          0x00004d6c        0x4 c:/freescale/kds_v3/toolchain/bin/../lib/gcc/arm-none-eabi/4.8.4/armv7e-m/crti.o
                0x00004d6c                _fini
 .fini          0x00004d70        0x8 c:/freescale/kds_v3/toolchain/bin/../lib/gcc/arm-none-eabi/4.8.4/armv7e-m/crtn.o
                0x00004d78                . = ALIGN (0x4)
                0x00004d78                _etext = .

.vfp11_veneer   0x00004d78        0x0
 .vfp11_veneer  0x00000000        0x0 linker stubs

.v4_bx          0x00004d78        0x0
 .v4_bx         0x00000000        0x0 linker stubs

.iplt           0x00004d78        0x0
 .iplt          0x00000000        0x0 c:/freescale/kds_v3/toolchain/bin/../lib/gcc/arm-none-eabi/4.8.4/armv7e-m/crtbegin.o

.ARM.extab      0x00004d78       0x90
 *(.ARM.extab* .gnu.linkonce.armextab.*)
 .ARM.extab.text.LCD_command
                0x00004d78        0xc ./Sources/LCD.o
 .ARM.extab.text.LCD_Set_Cursor
                0x00004d84        0xc ./Sources/LCD.o
 .ARM.extab.text.LCD_Write
                0x00004d90        0xc ./Sources/LCD.o
 .ARM.extab.text.load_custom_char
                0x00004d9c        0xc ./Sources/LCD.o
 .ARM.extab.text.LCD_Write_At
                0x00004da8        0xc ./Sources/LCD.o
 .ARM.extab.text.LCD_Write_Block
                0x00004db4        0xc ./Sources/LCD.o
 .ARM.extab.text.PCA9670_SendByte
                0x00004dc0        0xc ./Sources/PCA9670.o
 .ARM.extab.text.menu_init
                0x00004dcc        0xc ./Sources/display.o
 .ARM.extab.text.print_sub_menu
                0x00004dd8        0xc ./Sources/menu.o
 .ARM.extab     0x00004de4        0xc c:/freescale/kds_v3/toolchain/bin/../lib/gcc/arm-none-eabi/4.8.4/armv7e-m\libgcc.a(unwind-arm.o)
 .ARM.extab     0x00004df0       0x18 c:/freescale/kds_v3/toolchain/bin/../lib/gcc/arm-none-eabi/4.8.4/armv7e-m\libgcc.a(pr-support.o)

.ARM            0x00004e08      0x140
                0x00004e08                __exidx_start = .
 *(.ARM.exidx*)
 .ARM.exidx     0x00004e08        0x8 c:/freescale/kds_v3/toolchain/bin/../lib/gcc/arm-none-eabi/4.8.4/../../../../arm-none-eabi/lib/armv7e-m/crt0.o
 .ARM.exidx.text.LCD_Init
                0x00004ed0        0x8 ./Sources/LCD.o
 .ARM.exidx.text.LCD_command
                0x00004ed8        0x8 ./Sources/LCD.o
 .ARM.exidx.text.LCD_Clear
                0x00004ee0        0x8 ./Sources/LCD.o
 .ARM.exidx.text.LCD_Set_Cursor
                0x00004ee8        0x8 ./Sources/LCD.o
 .ARM.exidx.text.LCD_Write
                0x00004ef0        0x8 ./Sources/LCD.o
 .ARM.exidx.text.load_custom_char
                0x00004ef8        0x8 ./Sources/LCD.o
 .ARM.exidx.text.LCD_Write_At
                0x00004f00        0x8 ./Sources/LCD.o
 .ARM.exidx.text.LCD_Write_Block
                0x00004f08        0x8 ./Sources/LCD.o
 .ARM.exidx.text.PCA9670_Init
                0x00004f10        0x8 ./Sources/PCA9670.o
 .ARM.exidx.text.PCA9670_SendByte
                0x00004f18        0x8 ./Sources/PCA9670.o
 .ARM.exidx.text.menu_init
                0x00004f20        0x8 ./Sources/display.o
 .ARM.exidx.text.velocity_fct
                0x00004f28        0x8 ./Sources/display.o
 .ARM.exidx.text.acceleration_fct
                0x00004f30        0x8 ./Sources/display.o
 .ARM.exidx.text.deceleration_fct
                0x00004f38        0x0 ./Sources/display.o
                                  0x8 (size before relaxing)
 .ARM.exidx.text.back_fct
                0x00004f38        0x0 ./Sources/display.o
                                  0x8 (size before relaxing)
 .ARM.exidx.text.pos_velocity_fct
                0x00004f38        0x0 ./Sources/display.o
                                  0x8 (size before relaxing)
 .ARM.exidx.text.pos_acceleration_fct
                0x00004f38        0x0 ./Sources/display.o
                                  0x8 (size before relaxing)
 .ARM.exidx.text.pos_deceleration_fct
                0x00004f38        0x0 ./Sources/display.o
                                  0x8 (size before relaxing)
 .ARM.exidx.text.torque_fct
                0x00004f38        0x0 ./Sources/display.o
                                  0x8 (size before relaxing)
 .ARM.exidx.text.torque_rise_fct
                0x00004f38        0x0 ./Sources/display.o
                                  0x8 (size before relaxing)
 .ARM.exidx.text.torque_fall_fct
                0x00004f38        0x0 ./Sources/display.o
                                  0x8 (size before relaxing)
 .ARM.exidx.text._Z41__static_initialization_and_destruction_0ii
                0x00004f38        0x0 ./Sources/display.o
                                  0x8 (size before relaxing)
 .ARM.exidx.text._GLOBAL__sub_I_back
                0x00004f38        0x0 ./Sources/display.o
                                  0x8 (size before relaxing)
 .ARM.exidx.text.init_menu
                0x00004f38        0x0 ./Sources/menu.o
                                  0x8 (size before relaxing)
 .ARM.exidx.text.init_sub_menu
                0x00004f38        0x0 ./Sources/menu.o
                                  0x8 (size before relaxing)
 .ARM.exidx.text.print_sub_menu
                0x00004f38        0x8 ./Sources/menu.o
 .ARM.exidx.text.void_function
                0x00004f40        0x8 ./Sources/menu.o
 .ARM.exidx.text.msg_parse
                0x00004f48        0x0 ./Sources/protocol.o
                                  0x8 (size before relaxing)
 .ARM.exidx.text.msg_processing
                0x00004f48        0x0 ./Sources/protocol.o
                                  0x8 (size before relaxing)
 .ARM.exidx     0x00004e10       0x88 c:/freescale/kds_v3/toolchain/bin/../lib/gcc/arm-none-eabi/4.8.4/armv7e-m\libgcc.a(unwind-arm.o)
                                 0xd8 (size before relaxing)
 .ARM.exidx     0x00004e98       0x38 c:/freescale/kds_v3/toolchain/bin/../lib/gcc/arm-none-eabi/4.8.4/armv7e-m\libgcc.a(pr-support.o)
                                 0x48 (size before relaxing)
                0x00004f48                __exidx_end = .

.rel.dyn        0x00004f48        0x0
 .rel.iplt      0x00000000        0x0 c:/freescale/kds_v3/toolchain/bin/../lib/gcc/arm-none-eabi/4.8.4/armv7e-m/crtbegin.o

.ctors          0x00004f48        0x0
                0x00004f48                __CTOR_LIST__ = .
 *crtbegin.o(.ctors)
 *(EXCLUDE_FILE(*crtend.o) .ctors)
 *(SORT(.ctors.*))
 *(.ctors)
                0x00004f48                __CTOR_END__ = .

.dtors          0x00004f48        0x0
                0x00004f48                __DTOR_LIST__ = .
 *crtbegin.o(.dtors)
 *(EXCLUDE_FILE(*crtend.o) .dtors)
 *(SORT(.dtors.*))
 *(.dtors)
                0x00004f48                __DTOR_END__ = .

.preinit_array  0x00004f48        0x0
                0x00004f48                PROVIDE (__preinit_array_start, .)
 *(.preinit_array*)
                0x00004f48                PROVIDE (__preinit_array_end, .)

.init_array     0x00004f48        0x8
                0x00004f48                PROVIDE (__init_array_start, .)
 *(SORT(.init_array.*))
 *(.init_array*)
 .init_array    0x00004f48        0x4 c:/freescale/kds_v3/toolchain/bin/../lib/gcc/arm-none-eabi/4.8.4/armv7e-m/crtbegin.o
 .init_array    0x00004f4c        0x4 ./Sources/display.o
                0x00004f50                PROVIDE (__init_array_end, .)

.fini_array     0x00004f50        0x4
                0x00004f50                PROVIDE (__fini_array_start, .)
 *(SORT(.fini_array.*))
 *(.fini_array*)
 .fini_array    0x00004f50        0x4 c:/freescale/kds_v3/toolchain/bin/../lib/gcc/arm-none-eabi/4.8.4/armv7e-m/crtbegin.o
                0x00004f54                PROVIDE (__fini_array_end, .)
                0x00004f54                ___ROM_AT = .

.data           0x1fff8000       0x74 load address 0x00004f54
                0x1fff8000                . = ALIGN (0x4)
                0x1fff8000                _sdata = .
 *(.data)
 *(.data*)
 .data._ZL6Get_OK
                0x1fff8000        0x4 ./Sources/protocol.o
 .data._ZL7Get_ERR
                0x1fff8004        0x4 ./Sources/protocol.o
 .data._ZL6Set_OK
                0x1fff8008        0x4 ./Sources/protocol.o
 .data._ZL7Set_ERR
                0x1fff800c        0x4 ./Sources/protocol.o
 .data.impure_data
                0x1fff8010       0x60 c:/freescale/kds_v3/toolchain/bin/../lib/gcc/arm-none-eabi/4.8.4/../../../../arm-none-eabi/lib/armv7e-m\libg_s.a(lib_a-impure.o)
 .data._impure_ptr
                0x1fff8070        0x4 c:/freescale/kds_v3/toolchain/bin/../lib/gcc/arm-none-eabi/4.8.4/../../../../arm-none-eabi/lib/armv7e-m\libg_s.a(lib_a-impure.o)
                0x1fff8070                _impure_ptr
                0x1fff8074                . = ALIGN (0x4)
                0x1fff8074                _edata = .
                0x00000074                ___data_size = (_edata - _sdata)
                0x00004fc8                ___m_data_20000000_ROMStart = (___ROM_AT + SIZEOF (.data))

.jcr            0x1fff8074        0x0 load address 0x00004fc8
 .jcr           0x1fff8074        0x0 c:/freescale/kds_v3/toolchain/bin/../lib/gcc/arm-none-eabi/4.8.4/armv7e-m/crtbegin.o

.igot.plt       0x1fff8074        0x0 load address 0x00004fc8
 .igot.plt      0x00000000        0x0 c:/freescale/kds_v3/toolchain/bin/../lib/gcc/arm-none-eabi/4.8.4/armv7e-m/crtbegin.o

.m_data_20000000
                0x20000000        0x0 load address 0x00004fc8
                0x20000000                . = ALIGN (0x4)
                0x20000000                ___m_data_20000000_RAMStart = .
 *(.m_data_20000000)
                0x20000000                ___m_data_20000000_RAMEnd = .
                0x20000000                . = ALIGN (0x4)
                0x00000000                ___m_data_20000000_ROMSize = (___m_data_20000000_RAMEnd - ___m_data_20000000_RAMStart)
                0x20000000                . = ALIGN (0x4)

.bss            0x1fff8074      0x524 load address 0x00004fc8
                0x1fff8074                __START_BSS = .
                0x1fff8074                PROVIDE (__bss_start__, __START_BSS)
 *(.bss)
 .bss           0x1fff8074       0x1c c:/freescale/kds_v3/toolchain/bin/../lib/gcc/arm-none-eabi/4.8.4/armv7e-m/crtbegin.o
 *(.bss*)
 .bss.LCD_flag  0x1fff8090        0x1 ./Sources/LCD.o
                0x1fff8090                LCD_flag
 *fill*         0x1fff8091        0x3 
 .bss.back      0x1fff8094       0x10 ./Sources/display.o
                0x1fff8094                back
 .bss.vel_velocity
                0x1fff80a4       0x10 ./Sources/display.o
                0x1fff80a4                vel_velocity
 .bss.vel_acc   0x1fff80b4       0x10 ./Sources/display.o
                0x1fff80b4                vel_acc
 .bss.vel_dec   0x1fff80c4       0x10 ./Sources/display.o
                0x1fff80c4                vel_dec
 .bss.vel_cue   0x1fff80d4       0x10 ./Sources/display.o
                0x1fff80d4                vel_cue
 .bss.menu_velocity
                0x1fff80e4       0x50 ./Sources/display.o
                0x1fff80e4                menu_velocity
 .bss.pos_velocity
                0x1fff8134       0x10 ./Sources/display.o
                0x1fff8134                pos_velocity
 .bss.pos_acc   0x1fff8144       0x10 ./Sources/display.o
                0x1fff8144                pos_acc
 .bss.pos_dec   0x1fff8154       0x10 ./Sources/display.o
                0x1fff8154                pos_dec
 .bss.pos_cue   0x1fff8164       0x10 ./Sources/display.o
                0x1fff8164                pos_cue
 .bss.menu_position
                0x1fff8174       0x50 ./Sources/display.o
                0x1fff8174                menu_position
 .bss.tor_torque
                0x1fff81c4       0x10 ./Sources/display.o
                0x1fff81c4                tor_torque
 .bss.tor_torque_rise
                0x1fff81d4       0x10 ./Sources/display.o
                0x1fff81d4                tor_torque_rise
 .bss.tor_torque_fall
                0x1fff81e4       0x10 ./Sources/display.o
                0x1fff81e4                tor_torque_fall
 .bss.tor_cue   0x1fff81f4       0x10 ./Sources/display.o
                0x1fff81f4                tor_cue
 .bss.menu_torque
                0x1fff8204       0x50 ./Sources/display.o
                0x1fff8204                menu_torque
 .bss.velocity  0x1fff8254        0xc ./Sources/display.o
                0x1fff8254                velocity
 .bss.position  0x1fff8260        0xc ./Sources/display.o
                0x1fff8260                position
 .bss.torque    0x1fff826c        0xc ./Sources/display.o
                0x1fff826c                torque
 .bss.setting   0x1fff8278        0xc ./Sources/display.o
                0x1fff8278                setting
 .bss.menu_array
                0x1fff8284       0x30 ./Sources/display.o
                0x1fff8284                menu_array
 .bss.in_buffer
                0x1fff82b4       0x80 ./Sources/protocol.o
                0x1fff82b4                in_buffer
 .bss.cnt       0x1fff8334        0x1 ./Sources/protocol.o
                0x1fff8334                cnt
 .bss.FLAG_MSG_RCV
                0x1fff8335        0x1 ./Sources/protocol.o
                0x1fff8335                FLAG_MSG_RCV
 .bss.FLAG_MSG_ERR
                0x1fff8336        0x1 ./Sources/protocol.o
                0x1fff8336                FLAG_MSG_ERR
 .bss.FLAG_MSG_OK
                0x1fff8337        0x1 ./Sources/protocol.o
                0x1fff8337                FLAG_MSG_OK
 .bss.nb_data   0x1fff8338        0x4 ./Sources/protocol.o
                0x1fff8338                nb_data
 .bss.SerFlag   0x1fff833c        0x2 ./Generated_Code/AS1.o
 .bss.AS1_InpLen
                0x1fff833e        0x2 ./Generated_Code/AS1.o
 .bss.InpIndexR
                0x1fff8340        0x2 ./Generated_Code/AS1.o
 .bss.InpIndexW
                0x1fff8342        0x2 ./Generated_Code/AS1.o
 .bss.InpBuffer
                0x1fff8344       0x80 ./Generated_Code/AS1.o
 .bss.BufferRead
                0x1fff83c4        0x1 ./Generated_Code/AS1.o
 *fill*         0x1fff83c5        0x1 
 .bss.AS1_OutLen
                0x1fff83c6        0x2 ./Generated_Code/AS1.o
 .bss.OutIndexR
                0x1fff83c8        0x2 ./Generated_Code/AS1.o
 .bss.OutIndexW
                0x1fff83ca        0x2 ./Generated_Code/AS1.o
 .bss.OutBuffer
                0x1fff83cc       0x80 ./Generated_Code/AS1.o
 .bss.OnFreeTxBufSemaphore
                0x1fff844c        0x1 ./Generated_Code/AS1.o
 *fill*         0x1fff844d        0x3 
 .bss.DeviceDataPrv__DEFAULT_RTOS_ALLOC
                0x1fff8450       0x20 ./Generated_Code/ASerialLdd1.o
 .bss.INT_UART0_RX_TX__DEFAULT_RTOS_ISRPARAM
                0x1fff8470        0x4 ./Generated_Code/ASerialLdd1.o
 .bss.INT_UART0_ERR__DEFAULT_RTOS_ISRPARAM
                0x1fff8474        0x4 ./Generated_Code/ASerialLdd1.o
 .bss.DeviceDataPrv__DEFAULT_RTOS_ALLOC
                0x1fff8478        0x4 ./Generated_Code/BitIoLdd1.o
 .bss.DeviceDataPrv__DEFAULT_RTOS_ALLOC
                0x1fff847c        0x4 ./Generated_Code/BitIoLdd2.o
 .bss.DeviceDataPrv__DEFAULT_RTOS_ALLOC
                0x1fff8480        0x4 ./Generated_Code/BitIoLdd3.o
 .bss.DeviceDataPrv__DEFAULT_RTOS_ALLOC
                0x1fff8484        0x4 ./Generated_Code/BitIoLdd4.o
 .bss.DeviceDataPrv__DEFAULT_RTOS_ALLOC
                0x1fff8488        0x4 ./Generated_Code/BitIoLdd5.o
 .bss.DeviceDataPrv__DEFAULT_RTOS_ALLOC
                0x1fff848c        0x4 ./Generated_Code/BitIoLdd6.o
 .bss.DeviceDataPrv__DEFAULT_RTOS_ALLOC
                0x1fff8490        0x4 ./Generated_Code/BitIoLdd7.o
 .bss.SR_lock   0x1fff8494        0x1 ./Generated_Code/Cpu.o
                0x1fff8494                SR_lock
 *fill*         0x1fff8495        0x3 
 .bss.DeviceDataPrv__DEFAULT_RTOS_ALLOC
                0x1fff8498        0xc ./Generated_Code/ENCODER.o
 .bss.INT_PORTC__DEFAULT_RTOS_ISRPARAM
                0x1fff84a4        0x4 ./Generated_Code/ENCODER.o
 .bss.DeviceDataPrv__DEFAULT_RTOS_ALLOC
                0x1fff84a8        0x4 ./Generated_Code/ExtIntLdd1.o
 .bss.INT_PORTC__DEFAULT_RTOS_ISRPARAM
                0x1fff84ac        0x4 ./Generated_Code/ExtIntLdd1.o
 .bss.DeviceDataPrv__DEFAULT_RTOS_ALLOC
                0x1fff84b0        0x4 ./Generated_Code/ExtIntLdd2.o
 .bss.INT_PORTC__DEFAULT_RTOS_ISRPARAM
                0x1fff84b4        0x4 ./Generated_Code/ExtIntLdd2.o
 .bss.DeviceDataPrv__DEFAULT_RTOS_ALLOC
                0x1fff84b8        0x4 ./Generated_Code/ExtIntLdd3.o
 .bss.INT_PORTC__DEFAULT_RTOS_ISRPARAM
                0x1fff84bc        0x4 ./Generated_Code/ExtIntLdd3.o
 .bss.DeviceDataPrv__DEFAULT_RTOS_ALLOC
                0x1fff84c0        0x4 ./Generated_Code/ExtIntLdd4.o
 .bss.INT_PORTC__DEFAULT_RTOS_ISRPARAM
                0x1fff84c4        0x4 ./Generated_Code/ExtIntLdd4.o
 .bss.DeviceDataPrv__DEFAULT_RTOS_ALLOC
                0x1fff84c8        0x4 ./Generated_Code/ExtIntLdd5.o
 .bss.INT_PORTC__DEFAULT_RTOS_ISRPARAM
                0x1fff84cc        0x4 ./Generated_Code/ExtIntLdd5.o
 .bss.OutLenM   0x1fff84d0        0x2 ./Generated_Code/I2C0.o
 .bss.ChrTemp   0x1fff84d2        0x1 ./Generated_Code/I2C0.o
 *fill*         0x1fff84d3        0x1 
 .bss.IFsh1_CurrentCommand
                0x1fff84d4        0x4 ./Generated_Code/IFsh1.o
 .bss.IFsh1_CmdResult
                0x1fff84d8        0x1 ./Generated_Code/IFsh1.o
 .bss.IFsh1_CmdPending
                0x1fff84d9        0x1 ./Generated_Code/IFsh1.o
 .bss.IFsh1_EnEvent
                0x1fff84da        0x1 ./Generated_Code/IFsh1.o
 *fill*         0x1fff84db        0x1 
 .bss.IntFlashLdd1_DevDataPtr
                0x1fff84dc        0x4 ./Generated_Code/IFsh1.o
 .bss.DeviceDataPrv__DEFAULT_RTOS_ALLOC
                0x1fff84e0       0x18 ./Generated_Code/IntFlashLdd1.o
 .bss.INT_FTFL__DEFAULT_RTOS_ISRPARAM
                0x1fff84f8        0x4 ./Generated_Code/IntFlashLdd1.o
 .bss.INT_Read_Collision__DEFAULT_RTOS_ISRPARAM
                0x1fff84fc        0x4 ./Generated_Code/IntFlashLdd1.o
 .bss.DeviceDataPrv__DEFAULT_RTOS_ALLOC
                0x1fff8500       0x1c ./Generated_Code/IntI2cLdd1.o
 .bss.INT_I2C0__DEFAULT_RTOS_ISRPARAM
                0x1fff851c        0x4 ./Generated_Code/IntI2cLdd1.o
 .bss.PE_LDD_DeviceDataList
                0x1fff8520       0x48 ./Generated_Code/PE_LDD.o
                0x1fff8520                PE_LDD_DeviceDataList
 .bss.DeviceDataPrv__DEFAULT_RTOS_ALLOC
                0x1fff8568        0xc ./Generated_Code/T_100ms.o
 .bss.INT_FTM1__DEFAULT_RTOS_ISRPARAM
                0x1fff8574        0x4 ./Generated_Code/T_100ms.o
 .bss.DeviceDataPrv__DEFAULT_RTOS_ALLOC
                0x1fff8578        0x8 ./Generated_Code/T_500ms.o
 .bss.INT_FTM0__DEFAULT_RTOS_ISRPARAM
                0x1fff8580        0x4 ./Generated_Code/T_500ms.o
 *(COMMON)
 COMMON         0x1fff8584        0x4 ./Generated_Code/AS1.o
                0x1fff8584                ASerialLdd1_DeviceDataPtr
 COMMON         0x1fff8588        0x1 ./Generated_Code/Cpu.o
                0x1fff8588                SR_reg
 *fill*         0x1fff8589        0x3 
 COMMON         0x1fff858c        0x8 ./Generated_Code/I2C0.o
                0x1fff858c                I2C0_SndRcvTemp
                0x1fff8590                IntI2cLdd1_DeviceDataPtr
 COMMON         0x1fff8594        0x4 c:/freescale/kds_v3/toolchain/bin/../lib/gcc/arm-none-eabi/4.8.4/../../../../arm-none-eabi/lib/armv7e-m\libg_s.a(lib_a-reent.o)
                0x1fff8594                errno
                0x1fff8598                . = ALIGN (0x4)
                0x1fff8598                __END_BSS = .
                0x1fff8598                PROVIDE (__bss_end__, __END_BSS)
                0x00004fc8                _romp_at = ((___ROM_AT + SIZEOF (.data)) + SIZEOF (.m_data_20000000))

.romp           0x1fff8598       0x24 load address 0x00004fc8
                0x00004fc8                __S_romp = _romp_at
                0x1fff8598        0x4 LONG 0x4f54 ___ROM_AT
                0x1fff859c        0x4 LONG 0x1fff8000 _sdata
                0x1fff85a0        0x4 LONG 0x74 ___data_size
                0x1fff85a4        0x4 LONG 0x4fc8 ___m_data_20000000_ROMStart
                0x1fff85a8        0x4 LONG 0x20000000 ___m_data_20000000_RAMStart
                0x1fff85ac        0x4 LONG 0x0 ___m_data_20000000_ROMSize
                0x1fff85b0        0x4 LONG 0x0
                0x1fff85b4        0x4 LONG 0x0
                0x1fff85b8        0x4 LONG 0x0
                0x00040000                text_end = (ORIGIN (m_text) + 0x3fbf0)
                0x00004fec                data_init_end = ((___m_data_20000000_ROMStart + SIZEOF (.m_data_20000000)) + SIZEOF (.romp))
                0x00000001                ASSERT ((data_init_end <= text_end), region m_text overflowed with text and data)

._user_heap_stack
                0x1fff85bc      0x400 load address 0x00004fec
                0x1fff85bc                . = ALIGN (0x4)
                0x1fff85bc                PROVIDE (end, .)
                0x1fff85bc                PROVIDE (_end, .)
                0x1fff85bc                PROVIDE (__end__, .)
                0x1fff85bc                __heap_addr = .
                0x1fff85bc                __HeapBase = .
                0x1fff85bc                . = (. + __heap_size)
                0x1fff85bc                __HeapLimit = .
                0x1fff89bc                . = (. + __stack_size)
 *fill*         0x1fff85bc      0x400 
                0x1fff89bc                . = ALIGN (0x4)

.ARM.attributes
                0x00000000       0x2a
 *(.ARM.attributes)
 .ARM.attributes
                0x00000000       0x1e c:/freescale/kds_v3/toolchain/bin/../lib/gcc/arm-none-eabi/4.8.4/armv7e-m/crti.o
 .ARM.attributes
                0x0000001e       0x2e c:/freescale/kds_v3/toolchain/bin/../lib/gcc/arm-none-eabi/4.8.4/armv7e-m/crtbegin.o
 .ARM.attributes
                0x0000004c       0x1c c:/freescale/kds_v3/toolchain/bin/../lib/gcc/arm-none-eabi/4.8.4/../../../../arm-none-eabi/lib/armv7e-m/crt0.o
 .ARM.attributes
                0x00000068       0x33 ./Sources/Events.o
 .ARM.attributes
                0x0000009b       0x33 ./Sources/LCD.o
 .ARM.attributes
                0x000000ce       0x33 ./Sources/PCA9670.o
 .ARM.attributes
                0x00000101       0x33 ./Sources/display.o
 .ARM.attributes
                0x00000134       0x33 ./Sources/main.o
 .ARM.attributes
                0x00000167       0x33 ./Sources/menu.o
 .ARM.attributes
                0x0000019a       0x33 ./Sources/protocol.o
 .ARM.attributes
                0x000001cd       0x33 ./Project_Settings/Startup_Code/startup.o
 .ARM.attributes
                0x00000200       0x33 ./Generated_Code/AS1.o
 .ARM.attributes
                0x00000233       0x33 ./Generated_Code/ASerialLdd1.o
 .ARM.attributes
                0x00000266       0x33 ./Generated_Code/BitIoLdd1.o
 .ARM.attributes
                0x00000299       0x33 ./Generated_Code/BitIoLdd2.o
 .ARM.attributes
                0x000002cc       0x33 ./Generated_Code/BitIoLdd3.o
 .ARM.attributes
                0x000002ff       0x33 ./Generated_Code/BitIoLdd4.o
 .ARM.attributes
                0x00000332       0x33 ./Generated_Code/BitIoLdd5.o
 .ARM.attributes
                0x00000365       0x33 ./Generated_Code/BitIoLdd6.o
 .ARM.attributes
                0x00000398       0x33 ./Generated_Code/BitIoLdd7.o
 .ARM.attributes
                0x000003cb       0x33 ./Generated_Code/Cpu.o
 .ARM.attributes
                0x000003fe       0x33 ./Generated_Code/ENCODER.o
 .ARM.attributes
                0x00000431       0x33 ./Generated_Code/ENCODER_PUSH.o
 .ARM.attributes
                0x00000464       0x33 ./Generated_Code/ExtIntLdd1.o
 .ARM.attributes
                0x00000497       0x33 ./Generated_Code/ExtIntLdd2.o
 .ARM.attributes
                0x000004ca       0x33 ./Generated_Code/ExtIntLdd3.o
 .ARM.attributes
                0x000004fd       0x33 ./Generated_Code/ExtIntLdd4.o
 .ARM.attributes
                0x00000530       0x33 ./Generated_Code/ExtIntLdd5.o
 .ARM.attributes
                0x00000563       0x33 ./Generated_Code/I2C0.o
 .ARM.attributes
                0x00000596       0x33 ./Generated_Code/IFsh1.o
 .ARM.attributes
                0x000005c9       0x33 ./Generated_Code/IntFlashLdd1.o
 .ARM.attributes
                0x000005fc       0x33 ./Generated_Code/IntI2cLdd1.o
 .ARM.attributes
                0x0000062f       0x33 ./Generated_Code/LEVER_DIR1.o
 .ARM.attributes
                0x00000662       0x33 ./Generated_Code/LEVER_DIR2.o
 .ARM.attributes
                0x00000695       0x33 ./Generated_Code/PE_LDD.o
 .ARM.attributes
                0x000006c8       0x33 ./Generated_Code/PUSH_BUTTON_REC.o
 .ARM.attributes
                0x000006fb       0x33 ./Generated_Code/PUSH_BUTTON_SEND.o
 .ARM.attributes
                0x0000072e       0x33 ./Generated_Code/T_100ms.o
 .ARM.attributes
                0x00000761       0x33 ./Generated_Code/T_500ms.o
 .ARM.attributes
                0x00000794       0x33 ./Generated_Code/Vectors.o
 .ARM.attributes
                0x000007c7       0x33 ./Generated_Code/WAIT1.o
 .ARM.attributes
                0x000007fa       0x2e c:/freescale/kds_v3/toolchain/bin/../lib/gcc/arm-none-eabi/4.8.4/../../../../arm-none-eabi/lib/armv7e-m\libg_s.a(lib_a-exit.o)
 .ARM.attributes
                0x00000828       0x2e c:/freescale/kds_v3/toolchain/bin/../lib/gcc/arm-none-eabi/4.8.4/../../../../arm-none-eabi/lib/armv7e-m\libg_s.a(lib_a-impure.o)
 .ARM.attributes
                0x00000856       0x2e c:/freescale/kds_v3/toolchain/bin/../lib/gcc/arm-none-eabi/4.8.4/../../../../arm-none-eabi/lib/armv7e-m\libg_s.a(lib_a-init.o)
 .ARM.attributes
                0x00000884       0x2e c:/freescale/kds_v3/toolchain/bin/../lib/gcc/arm-none-eabi/4.8.4/../../../../arm-none-eabi/lib/armv7e-m\libg_s.a(lib_a-memset.o)
 .ARM.attributes
                0x000008b2       0x1c c:/freescale/kds_v3/toolchain/bin/../lib/gcc/arm-none-eabi/4.8.4/../../../../arm-none-eabi/lib/armv7e-m\libg_s.a(lib_a-strcmp.o)
 .ARM.attributes
                0x000008ce       0x2e c:/freescale/kds_v3/toolchain/bin/../lib/gcc/arm-none-eabi/4.8.4/../../../../arm-none-eabi/lib/armv7e-m\libg_s.a(lib_a-strlen.o)
 .ARM.attributes
                0x000008fc       0x2e c:/freescale/kds_v3/toolchain/bin/../lib/gcc/arm-none-eabi/4.8.4/../../../../arm-none-eabi/lib/armv7e-m\libnosys.a(_exit.o)
 .ARM.attributes
                0x0000092a       0x1e c:/freescale/kds_v3/toolchain/bin/../lib/gcc/arm-none-eabi/4.8.4/armv7e-m/crtn.o
OUTPUT(varmo_lite.elf elf32-littlearm)

.debug_info     0x00000000     0x9fbb
 .debug_info    0x00000000      0x599 ./Sources/Events.o
 .debug_info    0x00000599      0x36b ./Sources/LCD.o
 .debug_info    0x00000904      0x113 ./Sources/PCA9670.o
 .debug_info    0x00000a17      0x4b7 ./Sources/display.o
 .debug_info    0x00000ece      0x425 ./Sources/main.o
 .debug_info    0x000012f3      0x439 ./Sources/menu.o
 .debug_info    0x0000172c      0x5f3 ./Sources/protocol.o
 .debug_info    0x00001d1f      0x20a ./Project_Settings/Startup_Code/startup.o
 .debug_info    0x00001f29      0x52b ./Generated_Code/AS1.o
 .debug_info    0x00002454      0x9dc ./Generated_Code/ASerialLdd1.o
 .debug_info    0x00002e30      0x377 ./Generated_Code/BitIoLdd1.o
 .debug_info    0x000031a7      0x377 ./Generated_Code/BitIoLdd2.o
 .debug_info    0x0000351e      0x377 ./Generated_Code/BitIoLdd3.o
 .debug_info    0x00003895      0x377 ./Generated_Code/BitIoLdd4.o
 .debug_info    0x00003c0c      0x377 ./Generated_Code/BitIoLdd5.o
 .debug_info    0x00003f83      0x377 ./Generated_Code/BitIoLdd6.o
 .debug_info    0x000042fa      0x351 ./Generated_Code/BitIoLdd7.o
 .debug_info    0x0000464b      0xa70 ./Generated_Code/Cpu.o
 .debug_info    0x000050bb      0x647 ./Generated_Code/ENCODER.o
 .debug_info    0x00005702       0xb2 ./Generated_Code/ENCODER_PUSH.o
 .debug_info    0x000057b4      0x43c ./Generated_Code/ExtIntLdd1.o
 .debug_info    0x00005bf0      0x43c ./Generated_Code/ExtIntLdd2.o
 .debug_info    0x0000602c      0x43c ./Generated_Code/ExtIntLdd3.o
 .debug_info    0x00006468      0x43c ./Generated_Code/ExtIntLdd4.o
 .debug_info    0x000068a4      0x43c ./Generated_Code/ExtIntLdd5.o
 .debug_info    0x00006ce0      0x3a1 ./Generated_Code/I2C0.o
 .debug_info    0x00007081      0x438 ./Generated_Code/IFsh1.o
 .debug_info    0x000074b9      0xca0 ./Generated_Code/IntFlashLdd1.o
 .debug_info    0x00008159      0x9e5 ./Generated_Code/IntI2cLdd1.o
 .debug_info    0x00008b3e       0xb2 ./Generated_Code/LEVER_DIR1.o
 .debug_info    0x00008bf0       0xb2 ./Generated_Code/LEVER_DIR2.o
 .debug_info    0x00008ca2      0x24d ./Generated_Code/PE_LDD.o
 .debug_info    0x00008eef       0xb2 ./Generated_Code/PUSH_BUTTON_REC.o
 .debug_info    0x00008fa1       0xb2 ./Generated_Code/PUSH_BUTTON_SEND.o
 .debug_info    0x00009053      0x6c8 ./Generated_Code/T_100ms.o
 .debug_info    0x0000971b      0x63b ./Generated_Code/T_500ms.o
 .debug_info    0x00009d56      0x116 ./Generated_Code/Vectors.o
 .debug_info    0x00009e6c      0x14f ./Generated_Code/WAIT1.o

.debug_abbrev   0x00000000     0x2f67
 .debug_abbrev  0x00000000      0x204 ./Sources/Events.o
 .debug_abbrev  0x00000204      0x109 ./Sources/LCD.o
 .debug_abbrev  0x0000030d       0xaa ./Sources/PCA9670.o
 .debug_abbrev  0x000003b7      0x181 ./Sources/display.o
 .debug_abbrev  0x00000538      0x13f ./Sources/main.o
 .debug_abbrev  0x00000677      0x11b ./Sources/menu.o
 .debug_abbrev  0x00000792      0x1ad ./Sources/protocol.o
 .debug_abbrev  0x0000093f      0x11e ./Project_Settings/Startup_Code/startup.o
 .debug_abbrev  0x00000a5d      0x1d6 ./Generated_Code/AS1.o
 .debug_abbrev  0x00000c33      0x1db ./Generated_Code/ASerialLdd1.o
 .debug_abbrev  0x00000e0e      0x15f ./Generated_Code/BitIoLdd1.o
 .debug_abbrev  0x00000f6d      0x15f ./Generated_Code/BitIoLdd2.o
 .debug_abbrev  0x000010cc      0x15f ./Generated_Code/BitIoLdd3.o
 .debug_abbrev  0x0000122b      0x15f ./Generated_Code/BitIoLdd4.o
 .debug_abbrev  0x0000138a      0x15f ./Generated_Code/BitIoLdd5.o
 .debug_abbrev  0x000014e9      0x15f ./Generated_Code/BitIoLdd6.o
 .debug_abbrev  0x00001648      0x136 ./Generated_Code/BitIoLdd7.o
 .debug_abbrev  0x0000177e      0x178 ./Generated_Code/Cpu.o
 .debug_abbrev  0x000018f6      0x1ba ./Generated_Code/ENCODER.o
 .debug_abbrev  0x00001ab0       0x68 ./Generated_Code/ENCODER_PUSH.o
 .debug_abbrev  0x00001b18      0x15d ./Generated_Code/ExtIntLdd1.o
 .debug_abbrev  0x00001c75      0x15d ./Generated_Code/ExtIntLdd2.o
 .debug_abbrev  0x00001dd2      0x15d ./Generated_Code/ExtIntLdd3.o
 .debug_abbrev  0x00001f2f      0x15d ./Generated_Code/ExtIntLdd4.o
 .debug_abbrev  0x0000208c      0x15d ./Generated_Code/ExtIntLdd5.o
 .debug_abbrev  0x000021e9      0x179 ./Generated_Code/I2C0.o
 .debug_abbrev  0x00002362      0x15c ./Generated_Code/IFsh1.o
 .debug_abbrev  0x000024be      0x239 ./Generated_Code/IntFlashLdd1.o
 .debug_abbrev  0x000026f7      0x18b ./Generated_Code/IntI2cLdd1.o
 .debug_abbrev  0x00002882       0x68 ./Generated_Code/LEVER_DIR1.o
 .debug_abbrev  0x000028ea       0x68 ./Generated_Code/LEVER_DIR2.o
 .debug_abbrev  0x00002952      0x10d ./Generated_Code/PE_LDD.o
 .debug_abbrev  0x00002a5f       0x68 ./Generated_Code/PUSH_BUTTON_REC.o
 .debug_abbrev  0x00002ac7       0x68 ./Generated_Code/PUSH_BUTTON_SEND.o
 .debug_abbrev  0x00002b2f      0x179 ./Generated_Code/T_100ms.o
 .debug_abbrev  0x00002ca8      0x16a ./Generated_Code/T_500ms.o
 .debug_abbrev  0x00002e12       0xa4 ./Generated_Code/Vectors.o
 .debug_abbrev  0x00002eb6       0xb1 ./Generated_Code/WAIT1.o

.debug_aranges  0x00000000      0xa70
 .debug_aranges
                0x00000000       0xb0 ./Sources/Events.o
 .debug_aranges
                0x000000b0       0x88 ./Sources/LCD.o
 .debug_aranges
                0x00000138       0x28 ./Sources/PCA9670.o
 .debug_aranges
                0x00000160       0x88 ./Sources/display.o
 .debug_aranges
                0x000001e8       0x20 ./Sources/main.o
 .debug_aranges
                0x00000208       0x58 ./Sources/menu.o
 .debug_aranges
                0x00000260       0x48 ./Sources/protocol.o
 .debug_aranges
                0x000002a8       0x50 ./Project_Settings/Startup_Code/startup.o
 .debug_aranges
                0x000002f8       0x90 ./Generated_Code/AS1.o
 .debug_aranges
                0x00000388       0x50 ./Generated_Code/ASerialLdd1.o
 .debug_aranges
                0x000003d8       0x48 ./Generated_Code/BitIoLdd1.o
 .debug_aranges
                0x00000420       0x48 ./Generated_Code/BitIoLdd2.o
 .debug_aranges
                0x00000468       0x48 ./Generated_Code/BitIoLdd3.o
 .debug_aranges
                0x000004b0       0x48 ./Generated_Code/BitIoLdd4.o
 .debug_aranges
                0x000004f8       0x48 ./Generated_Code/BitIoLdd5.o
 .debug_aranges
                0x00000540       0x48 ./Generated_Code/BitIoLdd6.o
 .debug_aranges
                0x00000588       0x40 ./Generated_Code/BitIoLdd7.o
 .debug_aranges
                0x000005c8       0x40 ./Generated_Code/Cpu.o
 .debug_aranges
                0x00000608       0x60 ./Generated_Code/ENCODER.o
 .debug_aranges
                0x00000668       0x20 ./Generated_Code/ENCODER_PUSH.o
 .debug_aranges
                0x00000688       0x30 ./Generated_Code/ExtIntLdd1.o
 .debug_aranges
                0x000006b8       0x30 ./Generated_Code/ExtIntLdd2.o
 .debug_aranges
                0x000006e8       0x30 ./Generated_Code/ExtIntLdd3.o
 .debug_aranges
                0x00000718       0x30 ./Generated_Code/ExtIntLdd4.o
 .debug_aranges
                0x00000748       0x30 ./Generated_Code/ExtIntLdd5.o
 .debug_aranges
                0x00000778       0x68 ./Generated_Code/I2C0.o
 .debug_aranges
                0x000007e0       0x60 ./Generated_Code/IFsh1.o
 .debug_aranges
                0x00000840       0x68 ./Generated_Code/IntFlashLdd1.o
 .debug_aranges
                0x000008a8       0x60 ./Generated_Code/IntI2cLdd1.o
 .debug_aranges
                0x00000908       0x20 ./Generated_Code/LEVER_DIR1.o
 .debug_aranges
                0x00000928       0x20 ./Generated_Code/LEVER_DIR2.o
 .debug_aranges
                0x00000948       0x30 ./Generated_Code/PE_LDD.o
 .debug_aranges
                0x00000978       0x20 ./Generated_Code/PUSH_BUTTON_REC.o
 .debug_aranges
                0x00000998       0x20 ./Generated_Code/PUSH_BUTTON_SEND.o
 .debug_aranges
                0x000009b8       0x38 ./Generated_Code/T_100ms.o
 .debug_aranges
                0x000009f0       0x28 ./Generated_Code/T_500ms.o
 .debug_aranges
                0x00000a18       0x18 ./Generated_Code/Vectors.o
 .debug_aranges
                0x00000a30       0x40 ./Generated_Code/WAIT1.o

.debug_ranges   0x00000000      0x808
 .debug_ranges  0x00000000       0xa0 ./Sources/Events.o
 .debug_ranges  0x000000a0       0x78 ./Sources/LCD.o
 .debug_ranges  0x00000118       0x18 ./Sources/PCA9670.o
 .debug_ranges  0x00000130       0x78 ./Sources/display.o
 .debug_ranges  0x000001a8       0x10 ./Sources/main.o
 .debug_ranges  0x000001b8       0x48 ./Sources/menu.o
 .debug_ranges  0x00000200       0x38 ./Sources/protocol.o
 .debug_ranges  0x00000238       0x40 ./Project_Settings/Startup_Code/startup.o
 .debug_ranges  0x00000278       0x80 ./Generated_Code/AS1.o
 .debug_ranges  0x000002f8       0x40 ./Generated_Code/ASerialLdd1.o
 .debug_ranges  0x00000338       0x38 ./Generated_Code/BitIoLdd1.o
 .debug_ranges  0x00000370       0x38 ./Generated_Code/BitIoLdd2.o
 .debug_ranges  0x000003a8       0x38 ./Generated_Code/BitIoLdd3.o
 .debug_ranges  0x000003e0       0x38 ./Generated_Code/BitIoLdd4.o
 .debug_ranges  0x00000418       0x38 ./Generated_Code/BitIoLdd5.o
 .debug_ranges  0x00000450       0x38 ./Generated_Code/BitIoLdd6.o
 .debug_ranges  0x00000488       0x30 ./Generated_Code/BitIoLdd7.o
 .debug_ranges  0x000004b8       0x30 ./Generated_Code/Cpu.o
 .debug_ranges  0x000004e8       0x50 ./Generated_Code/ENCODER.o
 .debug_ranges  0x00000538       0x10 ./Generated_Code/ENCODER_PUSH.o
 .debug_ranges  0x00000548       0x20 ./Generated_Code/ExtIntLdd1.o
 .debug_ranges  0x00000568       0x20 ./Generated_Code/ExtIntLdd2.o
 .debug_ranges  0x00000588       0x20 ./Generated_Code/ExtIntLdd3.o
 .debug_ranges  0x000005a8       0x20 ./Generated_Code/ExtIntLdd4.o
 .debug_ranges  0x000005c8       0x20 ./Generated_Code/ExtIntLdd5.o
 .debug_ranges  0x000005e8       0x58 ./Generated_Code/I2C0.o
 .debug_ranges  0x00000640       0x50 ./Generated_Code/IFsh1.o
 .debug_ranges  0x00000690       0x58 ./Generated_Code/IntFlashLdd1.o
 .debug_ranges  0x000006e8       0x50 ./Generated_Code/IntI2cLdd1.o
 .debug_ranges  0x00000738       0x10 ./Generated_Code/LEVER_DIR1.o
 .debug_ranges  0x00000748       0x10 ./Generated_Code/LEVER_DIR2.o
 .debug_ranges  0x00000758       0x20 ./Generated_Code/PE_LDD.o
 .debug_ranges  0x00000778       0x10 ./Generated_Code/PUSH_BUTTON_REC.o
 .debug_ranges  0x00000788       0x10 ./Generated_Code/PUSH_BUTTON_SEND.o
 .debug_ranges  0x00000798       0x28 ./Generated_Code/T_100ms.o
 .debug_ranges  0x000007c0       0x18 ./Generated_Code/T_500ms.o
 .debug_ranges  0x000007d8       0x30 ./Generated_Code/WAIT1.o

.debug_macro    0x00000000    0x28918
 .debug_macro   0x00000000      0x414 ./Sources/Events.o
 .debug_macro   0x00000414      0x84a ./Sources/Events.o
 .debug_macro   0x00000c5e       0x16 ./Sources/Events.o
 .debug_macro   0x00000c74       0x44 ./Sources/Events.o
 .debug_macro   0x00000cb8      0x209 ./Sources/Events.o
 .debug_macro   0x00000ec1     0x182b ./Sources/Events.o
 .debug_macro   0x000026ec      0x14e ./Sources/Events.o
 .debug_macro   0x0000283a       0x6a ./Sources/Events.o
 .debug_macro   0x000028a4     0xd4f6 ./Sources/Events.o
 .debug_macro   0x0000fd9a       0x94 ./Sources/Events.o
 .debug_macro   0x0000fe2e       0x94 ./Sources/Events.o
 .debug_macro   0x0000fec2      0x12c ./Sources/Events.o
 .debug_macro   0x0000ffee       0x46 ./Sources/Events.o
 .debug_macro   0x00010034       0x26 ./Sources/Events.o
 .debug_macro   0x0001005a      0x6a6 ./Sources/Events.o
 .debug_macro   0x00010700       0x51 ./Sources/Events.o
 .debug_macro   0x00010751       0x4c ./Sources/Events.o
 .debug_macro   0x0001079d       0x26 ./Sources/Events.o
 .debug_macro   0x000107c3       0x4c ./Sources/Events.o
 .debug_macro   0x0001080f       0x26 ./Sources/Events.o
 .debug_macro   0x00010835       0x4c ./Sources/Events.o
 .debug_macro   0x00010881       0x26 ./Sources/Events.o
 .debug_macro   0x000108a7       0x4c ./Sources/Events.o
 .debug_macro   0x000108f3       0x26 ./Sources/Events.o
 .debug_macro   0x00010919      0x4ea ./Sources/Events.o
 .debug_macro   0x00010e03       0xa5 ./Sources/Events.o
 .debug_macro   0x00010ea8       0x34 ./Sources/Events.o
 .debug_macro   0x00010edc       0x34 ./Sources/Events.o
 .debug_macro   0x00010f10       0x34 ./Sources/Events.o
 .debug_macro   0x00010f44       0x67 ./Sources/Events.o
 .debug_macro   0x00010fab       0x5f ./Sources/Events.o
 .debug_macro   0x0001100a       0x12 ./Sources/Events.o
 .debug_macro   0x0001101c       0x34 ./Sources/Events.o
 .debug_macro   0x00011050       0x34 ./Sources/Events.o
 .debug_macro   0x00011084       0x6c ./Sources/Events.o
 .debug_macro   0x000110f0       0x20 ./Sources/Events.o
 .debug_macro   0x00011110      0x512 ./Sources/Events.o
 .debug_macro   0x00011622      0x1f9 ./Sources/Events.o
 .debug_macro   0x0001181b       0xd1 ./Sources/Events.o
 .debug_macro   0x000118ec       0x1f ./Sources/Events.o
 .debug_macro   0x0001190b       0x4c ./Sources/Events.o
 .debug_macro   0x00011957       0x26 ./Sources/Events.o
 .debug_macro   0x0001197d       0x22 ./Sources/Events.o
 .debug_macro   0x0001199f       0x22 ./Sources/Events.o
 .debug_macro   0x000119c1       0x37 ./Sources/Events.o
 .debug_macro   0x000119f8       0x46 ./Sources/Events.o
 .debug_macro   0x00011a3e       0x1f ./Sources/Events.o
 .debug_macro   0x00011a5d       0x2e ./Sources/Events.o
 .debug_macro   0x00011a8b       0x58 ./Sources/Events.o
 .debug_macro   0x00011ae3       0x35 ./Sources/Events.o
 .debug_macro   0x00011b18       0xa3 ./Sources/Events.o
 .debug_macro   0x00011bbb       0x16 ./Sources/Events.o
 .debug_macro   0x00011bd1       0x97 ./Sources/Events.o
 .debug_macro   0x00011c68       0x10 ./Sources/Events.o
 .debug_macro   0x00011c78       0xef ./Sources/Events.o
 .debug_macro   0x00011d67       0x52 ./Sources/Events.o
 .debug_macro   0x00011db9       0x16 ./Sources/Events.o
 .debug_macro   0x00011dcf       0x43 ./Sources/Events.o
 .debug_macro   0x00011e12      0x180 ./Sources/Events.o
 .debug_macro   0x00011f92       0x10 ./Sources/Events.o
 .debug_macro   0x00011fa2       0x22 ./Sources/Events.o
 .debug_macro   0x00011fc4       0xbd ./Sources/Events.o
 .debug_macro   0x00012081       0x16 ./Sources/Events.o
 .debug_macro   0x00012097      0x14a ./Sources/Events.o
 .debug_macro   0x000121e1      0x2a6 ./Sources/Events.o
 .debug_macro   0x00012487       0x10 ./Sources/Events.o
 .debug_macro   0x00012497       0x35 ./Sources/Events.o
 .debug_macro   0x000124cc       0x52 ./Sources/Events.o
 .debug_macro   0x0001251e      0x2f6 ./Sources/LCD.o
 .debug_macro   0x00012814      0x86e ./Sources/LCD.o
 .debug_macro   0x00013082       0x1c ./Sources/LCD.o
 .debug_macro   0x0001309e       0x9a ./Sources/LCD.o
 .debug_macro   0x00013138       0x58 ./Sources/LCD.o
 .debug_macro   0x00013190       0x46 ./Sources/LCD.o
 .debug_macro   0x000131d6       0x28 ./Sources/LCD.o
 .debug_macro   0x000131fe       0xa3 ./Sources/LCD.o
 .debug_macro   0x000132a1       0x97 ./Sources/LCD.o
 .debug_macro   0x00013338       0xfd ./Sources/LCD.o
 .debug_macro   0x00013435       0x43 ./Sources/LCD.o
 .debug_macro   0x00013478      0x16c ./Sources/LCD.o
 .debug_macro   0x000135e4      0x2ad ./Sources/LCD.o
 .debug_macro   0x00013891       0x35 ./Sources/LCD.o
 .debug_macro   0x000138c6       0x1f ./Sources/LCD.o
 .debug_macro   0x000138e5      0x143 ./Sources/PCA9670.o
 .debug_macro   0x00013a28      0x22c ./Sources/display.o
 .debug_macro   0x00013c54      0x174 ./Sources/display.o
 .debug_macro   0x00013dc8       0x4a ./Sources/display.o
 .debug_macro   0x00013e12       0x1c ./Sources/display.o
 .debug_macro   0x00013e2e      0x20f ./Sources/display.o
 .debug_macro   0x0001403d     0x1825 ./Sources/display.o
 .debug_macro   0x00015862      0x443 ./Sources/main.o
 .debug_macro   0x00015ca5      0x166 ./Sources/main.o
 .debug_macro   0x00015e0b       0x16 ./Sources/main.o
 .debug_macro   0x00015e21       0x22 ./Sources/main.o
 .debug_macro   0x00015e43      0x14c ./Sources/menu.o
 .debug_macro   0x00015f8f      0x1e0 ./Sources/protocol.o
 .debug_macro   0x0001616f       0x46 ./Sources/protocol.o
 .debug_macro   0x000161b5      0x121 ./Project_Settings/Startup_Code/startup.o
 .debug_macro   0x000162d6       0x10 ./Project_Settings/Startup_Code/startup.o
 .debug_macro   0x000162e6     0xd4ea ./Project_Settings/Startup_Code/startup.o
 .debug_macro   0x000237d0      0x374 ./Generated_Code/AS1.o
 .debug_macro   0x00023b44       0x66 ./Generated_Code/AS1.o
 .debug_macro   0x00023baa       0xc5 ./Generated_Code/ASerialLdd1.o
 .debug_macro   0x00023c6f       0x26 ./Generated_Code/ASerialLdd1.o
 .debug_macro   0x00023c95      0x7ab ./Generated_Code/ASerialLdd1.o
 .debug_macro   0x00024440      0x9f0 ./Generated_Code/ASerialLdd1.o
 .debug_macro   0x00024e30       0xa6 ./Generated_Code/BitIoLdd1.o
 .debug_macro   0x00024ed6       0xa6 ./Generated_Code/BitIoLdd2.o
 .debug_macro   0x00024f7c       0xa6 ./Generated_Code/BitIoLdd3.o
 .debug_macro   0x00025022       0xa6 ./Generated_Code/BitIoLdd4.o
 .debug_macro   0x000250c8       0x46 ./Generated_Code/BitIoLdd4.o
 .debug_macro   0x0002510e       0xa6 ./Generated_Code/BitIoLdd5.o
 .debug_macro   0x000251b4       0x46 ./Generated_Code/BitIoLdd5.o
 .debug_macro   0x000251fa       0xa6 ./Generated_Code/BitIoLdd6.o
 .debug_macro   0x000252a0       0x46 ./Generated_Code/BitIoLdd6.o
 .debug_macro   0x000252e6       0xa6 ./Generated_Code/BitIoLdd7.o
 .debug_macro   0x0002538c       0x40 ./Generated_Code/BitIoLdd7.o
 .debug_macro   0x000253cc      0x341 ./Generated_Code/Cpu.o
 .debug_macro   0x0002570d       0x3d ./Generated_Code/Cpu.o
 .debug_macro   0x0002574a      0x2e9 ./Generated_Code/ENCODER.o
 .debug_macro   0x00025a33      0x2e5 ./Generated_Code/ENCODER_PUSH.o
 .debug_macro   0x00025d18       0xbf ./Generated_Code/ExtIntLdd1.o
 .debug_macro   0x00025dd7       0x2e ./Generated_Code/ExtIntLdd1.o
 .debug_macro   0x00025e05       0xbf ./Generated_Code/ExtIntLdd2.o
 .debug_macro   0x00025ec4       0x2e ./Generated_Code/ExtIntLdd2.o
 .debug_macro   0x00025ef2       0xbf ./Generated_Code/ExtIntLdd3.o
 .debug_macro   0x00025fb1       0x2e ./Generated_Code/ExtIntLdd3.o
 .debug_macro   0x00025fdf       0xbf ./Generated_Code/ExtIntLdd4.o
 .debug_macro   0x0002609e       0x2e ./Generated_Code/ExtIntLdd4.o
 .debug_macro   0x000260cc       0xbf ./Generated_Code/ExtIntLdd5.o
 .debug_macro   0x0002618b       0x2e ./Generated_Code/ExtIntLdd5.o
 .debug_macro   0x000261b9      0x2e7 ./Generated_Code/I2C0.o
 .debug_macro   0x000264a0      0x342 ./Generated_Code/IFsh1.o
 .debug_macro   0x000267e2       0xf4 ./Generated_Code/IntFlashLdd1.o
 .debug_macro   0x000268d6       0xfa ./Generated_Code/IntI2cLdd1.o
 .debug_macro   0x000269d0      0x4e4 ./Generated_Code/IntI2cLdd1.o
 .debug_macro   0x00026eb4      0x29c ./Generated_Code/IntI2cLdd1.o
 .debug_macro   0x00027150      0x2e5 ./Generated_Code/LEVER_DIR1.o
 .debug_macro   0x00027435      0x2e5 ./Generated_Code/LEVER_DIR2.o
 .debug_macro   0x0002771a      0x28b ./Generated_Code/PE_LDD.o
 .debug_macro   0x000279a5      0x2e5 ./Generated_Code/PUSH_BUTTON_REC.o
 .debug_macro   0x00027c8a      0x2e5 ./Generated_Code/PUSH_BUTTON_SEND.o
 .debug_macro   0x00027f6f      0x2ef ./Generated_Code/T_100ms.o
 .debug_macro   0x0002825e      0x2ef ./Generated_Code/T_500ms.o
 .debug_macro   0x0002854d      0x331 ./Generated_Code/Vectors.o
 .debug_macro   0x0002887e       0x9a ./Generated_Code/WAIT1.o

.debug_line     0x00000000     0xb156
 .debug_line    0x00000000      0x7d9 ./Sources/Events.o
 .debug_line    0x000007d9      0x579 ./Sources/LCD.o
 .debug_line    0x00000d52      0x35e ./Sources/PCA9670.o
 .debug_line    0x000010b0      0x5c7 ./Sources/display.o
 .debug_line    0x00001677      0x6bc ./Sources/main.o
 .debug_line    0x00001d33      0x374 ./Sources/menu.o
 .debug_line    0x000020a7      0x4e8 ./Sources/protocol.o
 .debug_line    0x0000258f      0x3e1 ./Project_Settings/Startup_Code/startup.o
 .debug_line    0x00002970      0x7e9 ./Generated_Code/AS1.o
 .debug_line    0x00003159      0x3a6 ./Generated_Code/ASerialLdd1.o
 .debug_line    0x000034ff      0x2e3 ./Generated_Code/BitIoLdd1.o
 .debug_line    0x000037e2      0x2e3 ./Generated_Code/BitIoLdd2.o
 .debug_line    0x00003ac5      0x2e3 ./Generated_Code/BitIoLdd3.o
 .debug_line    0x00003da8      0x2e3 ./Generated_Code/BitIoLdd4.o
 .debug_line    0x0000408b      0x2e3 ./Generated_Code/BitIoLdd5.o
 .debug_line    0x0000436e      0x2e3 ./Generated_Code/BitIoLdd6.o
 .debug_line    0x00004651      0x2d1 ./Generated_Code/BitIoLdd7.o
 .debug_line    0x00004922      0x83f ./Generated_Code/Cpu.o
 .debug_line    0x00005161      0x669 ./Generated_Code/ENCODER.o
 .debug_line    0x000057ca      0x57b ./Generated_Code/ENCODER_PUSH.o
 .debug_line    0x00005d45      0x2d3 ./Generated_Code/ExtIntLdd1.o
 .debug_line    0x00006018      0x2d1 ./Generated_Code/ExtIntLdd2.o
 .debug_line    0x000062e9      0x2d1 ./Generated_Code/ExtIntLdd3.o
 .debug_line    0x000065ba      0x2d7 ./Generated_Code/ExtIntLdd4.o
 .debug_line    0x00006891      0x2d6 ./Generated_Code/ExtIntLdd5.o
 .debug_line    0x00006b67      0x650 ./Generated_Code/I2C0.o
 .debug_line    0x000071b7      0x630 ./Generated_Code/IFsh1.o
 .debug_line    0x000077e7      0x47a ./Generated_Code/IntFlashLdd1.o
 .debug_line    0x00007c61      0x431 ./Generated_Code/IntI2cLdd1.o
 .debug_line    0x00008092      0x577 ./Generated_Code/LEVER_DIR1.o
 .debug_line    0x00008609      0x577 ./Generated_Code/LEVER_DIR2.o
 .debug_line    0x00008b80      0x51e ./Generated_Code/PE_LDD.o
 .debug_line    0x0000909e      0x581 ./Generated_Code/PUSH_BUTTON_REC.o
 .debug_line    0x0000961f      0x583 ./Generated_Code/PUSH_BUTTON_SEND.o
 .debug_line    0x00009ba2      0x5ce ./Generated_Code/T_100ms.o
 .debug_line    0x0000a170      0x5ac ./Generated_Code/T_500ms.o
 .debug_line    0x0000a71c      0x7a5 ./Generated_Code/Vectors.o
 .debug_line    0x0000aec1      0x295 ./Generated_Code/WAIT1.o

.debug_str      0x00000000    0x80e93
 .debug_str     0x00000000    0x6be7a ./Sources/Events.o
                              0x6c09d (size before relaxing)
 .debug_str     0x0006be7a      0xac1 ./Sources/LCD.o
                              0x568a0 (size before relaxing)
 .debug_str     0x0006c93b       0x5b ./Sources/PCA9670.o
                              0x535ba (size before relaxing)
 .debug_str     0x0006c996      0x1f9 ./Sources/display.o
                              0x569b4 (size before relaxing)
 .debug_str     0x0006cb8f       0xc1 ./Sources/main.o
                              0x6bf76 (size before relaxing)
 .debug_str     0x0006cc50       0x81 ./Sources/menu.o
                               0x6118 (size before relaxing)
 .debug_str     0x0006ccd1       0xb2 ./Sources/protocol.o
                              0x55f15 (size before relaxing)
 .debug_str     0x0006cd83      0x110 ./Project_Settings/Startup_Code/startup.o
                              0x4c40d (size before relaxing)
 .debug_str     0x0006ce93      0x320 ./Generated_Code/AS1.o
                              0x690b2 (size before relaxing)
 .debug_str     0x0006d1b3     0xebe4 ./Generated_Code/ASerialLdd1.o
                              0x60bcb (size before relaxing)
 .debug_str     0x0007bd97       0xf3 ./Generated_Code/BitIoLdd1.o
                              0x52870 (size before relaxing)
 .debug_str     0x0007be8a       0xb1 ./Generated_Code/BitIoLdd2.o
                              0x52870 (size before relaxing)
 .debug_str     0x0007bf3b       0xb1 ./Generated_Code/BitIoLdd3.o
                              0x52870 (size before relaxing)
 .debug_str     0x0007bfec       0xb1 ./Generated_Code/BitIoLdd4.o
                              0x52870 (size before relaxing)
 .debug_str     0x0007c09d       0xb1 ./Generated_Code/BitIoLdd5.o
                              0x52870 (size before relaxing)
 .debug_str     0x0007c14e       0xb1 ./Generated_Code/BitIoLdd6.o
                              0x52872 (size before relaxing)
 .debug_str     0x0007c1ff       0xa0 ./Generated_Code/BitIoLdd7.o
                              0x5283e (size before relaxing)
 .debug_str     0x0007c29f      0x23b ./Generated_Code/Cpu.o
                              0x69124 (size before relaxing)
 .debug_str     0x0007c4da      0x18a ./Generated_Code/ENCODER.o
                              0x6905d (size before relaxing)
 .debug_str     0x0007c664       0x38 ./Generated_Code/ENCODER_PUSH.o
                              0x68d4c (size before relaxing)
 .debug_str     0x0007c69c       0x87 ./Generated_Code/ExtIntLdd1.o
                              0x55d75 (size before relaxing)
 .debug_str     0x0007c723       0x87 ./Generated_Code/ExtIntLdd2.o
                              0x55d6f (size before relaxing)
 .debug_str     0x0007c7aa       0x87 ./Generated_Code/ExtIntLdd3.o
                              0x55d6f (size before relaxing)
 .debug_str     0x0007c831       0x87 ./Generated_Code/ExtIntLdd4.o
                              0x55d7b (size before relaxing)
 .debug_str     0x0007c8b8       0x87 ./Generated_Code/ExtIntLdd5.o
                              0x55d79 (size before relaxing)
 .debug_str     0x0007c93f      0x1b7 ./Generated_Code/I2C0.o
                              0x68f4c (size before relaxing)
 .debug_str     0x0007caf6      0x54d ./Generated_Code/IFsh1.o
                              0x692f6 (size before relaxing)
 .debug_str     0x0007d043      0x589 ./Generated_Code/IntFlashLdd1.o
                              0x59dd2 (size before relaxing)
 .debug_str     0x0007d5cc     0x33ac ./Generated_Code/IntI2cLdd1.o
                              0x58af9 (size before relaxing)
 .debug_str     0x00080978       0x36 ./Generated_Code/LEVER_DIR1.o
                              0x68d4a (size before relaxing)
 .debug_str     0x000809ae       0x36 ./Generated_Code/LEVER_DIR2.o
                              0x68d4a (size before relaxing)
 .debug_str     0x000809e4      0x177 ./Generated_Code/PE_LDD.o
                              0x68ed1 (size before relaxing)
 .debug_str     0x00080b5b       0x3b ./Generated_Code/PUSH_BUTTON_REC.o
                              0x68d4f (size before relaxing)
 .debug_str     0x00080b96       0x3c ./Generated_Code/PUSH_BUTTON_SEND.o
                              0x68d50 (size before relaxing)
 .debug_str     0x00080bd2      0x19b ./Generated_Code/T_100ms.o
                              0x69095 (size before relaxing)
 .debug_str     0x00080d6d       0x86 ./Generated_Code/T_500ms.o
                              0x69042 (size before relaxing)
 .debug_str     0x00080df3       0x1c ./Generated_Code/Vectors.o
                              0x68d69 (size before relaxing)
 .debug_str     0x00080e0f       0x84 ./Generated_Code/WAIT1.o
                              0x51c81 (size before relaxing)

.comment        0x00000000       0x70
 .comment       0x00000000       0x70 ./Sources/Events.o
                                 0x71 (size before relaxing)
 .comment       0x00000000       0x71 ./Sources/LCD.o
 .comment       0x00000000       0x71 ./Sources/PCA9670.o
 .comment       0x00000000       0x71 ./Sources/display.o
 .comment       0x00000000       0x71 ./Sources/main.o
 .comment       0x00000000       0x71 ./Sources/menu.o
 .comment       0x00000000       0x71 ./Sources/protocol.o
 .comment       0x00000000       0x71 ./Project_Settings/Startup_Code/startup.o
 .comment       0x00000000       0x71 ./Generated_Code/AS1.o
 .comment       0x00000000       0x71 ./Generated_Code/ASerialLdd1.o
 .comment       0x00000000       0x71 ./Generated_Code/BitIoLdd1.o
 .comment       0x00000000       0x71 ./Generated_Code/BitIoLdd2.o
 .comment       0x00000000       0x71 ./Generated_Code/BitIoLdd3.o
 .comment       0x00000000       0x71 ./Generated_Code/BitIoLdd4.o
 .comment       0x00000000       0x71 ./Generated_Code/BitIoLdd5.o
 .comment       0x00000000       0x71 ./Generated_Code/BitIoLdd6.o
 .comment       0x00000000       0x71 ./Generated_Code/BitIoLdd7.o
 .comment       0x00000000       0x71 ./Generated_Code/Cpu.o
 .comment       0x00000000       0x71 ./Generated_Code/ENCODER.o
 .comment       0x00000000       0x71 ./Generated_Code/ENCODER_PUSH.o
 .comment       0x00000000       0x71 ./Generated_Code/ExtIntLdd1.o
 .comment       0x00000000       0x71 ./Generated_Code/ExtIntLdd2.o
 .comment       0x00000000       0x71 ./Generated_Code/ExtIntLdd3.o
 .comment       0x00000000       0x71 ./Generated_Code/ExtIntLdd4.o
 .comment       0x00000000       0x71 ./Generated_Code/ExtIntLdd5.o
 .comment       0x00000000       0x71 ./Generated_Code/I2C0.o
 .comment       0x00000000       0x71 ./Generated_Code/IFsh1.o
 .comment       0x00000000       0x71 ./Generated_Code/IntFlashLdd1.o
 .comment       0x00000000       0x71 ./Generated_Code/IntI2cLdd1.o
 .comment       0x00000000       0x71 ./Generated_Code/LEVER_DIR1.o
 .comment       0x00000000       0x71 ./Generated_Code/LEVER_DIR2.o
 .comment       0x00000000       0x71 ./Generated_Code/PE_LDD.o
 .comment       0x00000000       0x71 ./Generated_Code/PUSH_BUTTON_REC.o
 .comment       0x00000000       0x71 ./Generated_Code/PUSH_BUTTON_SEND.o
 .comment       0x00000000       0x71 ./Generated_Code/T_100ms.o
 .comment       0x00000000       0x71 ./Generated_Code/T_500ms.o
 .comment       0x00000000       0x71 ./Generated_Code/Vectors.o
 .comment       0x00000000       0x71 ./Generated_Code/WAIT1.o

.debug_frame    0x00000000     0x1be4
 .debug_frame   0x00000000      0x200 ./Sources/Events.o
 .debug_frame   0x00000200      0x1b4 ./Sources/LCD.o
 .debug_frame   0x000003b4       0x4c ./Sources/PCA9670.o
 .debug_frame   0x00000400      0x180 ./Sources/display.o
 .debug_frame   0x00000580       0x38 ./Sources/main.o
 .debug_frame   0x000005b8      0x100 ./Sources/menu.o
 .debug_frame   0x000006b8       0xdc ./Sources/protocol.o
 .debug_frame   0x00000794       0xc0 ./Project_Settings/Startup_Code/startup.o
 .debug_frame   0x00000854      0x1cc ./Generated_Code/AS1.o
 .debug_frame   0x00000a20       0xec ./Generated_Code/ASerialLdd1.o
 .debug_frame   0x00000b0c       0xb8 ./Generated_Code/BitIoLdd1.o
 .debug_frame   0x00000bc4       0xb8 ./Generated_Code/BitIoLdd2.o
 .debug_frame   0x00000c7c       0xb8 ./Generated_Code/BitIoLdd3.o
 .debug_frame   0x00000d34       0xb8 ./Generated_Code/BitIoLdd4.o
 .debug_frame   0x00000dec       0xb8 ./Generated_Code/BitIoLdd5.o
 .debug_frame   0x00000ea4       0xb8 ./Generated_Code/BitIoLdd6.o
 .debug_frame   0x00000f5c       0x9c ./Generated_Code/BitIoLdd7.o
 .debug_frame   0x00000ff8       0xa4 ./Generated_Code/Cpu.o
 .debug_frame   0x0000109c      0x110 ./Generated_Code/ENCODER.o
 .debug_frame   0x000011ac       0x30 ./Generated_Code/ENCODER_PUSH.o
 .debug_frame   0x000011dc       0x68 ./Generated_Code/ExtIntLdd1.o
 .debug_frame   0x00001244       0x68 ./Generated_Code/ExtIntLdd2.o
 .debug_frame   0x000012ac       0x68 ./Generated_Code/ExtIntLdd3.o
 .debug_frame   0x00001314       0x68 ./Generated_Code/ExtIntLdd4.o
 .debug_frame   0x0000137c       0x68 ./Generated_Code/ExtIntLdd5.o
 .debug_frame   0x000013e4      0x148 ./Generated_Code/I2C0.o
 .debug_frame   0x0000152c      0x11c ./Generated_Code/IFsh1.o
 .debug_frame   0x00001648      0x144 ./Generated_Code/IntFlashLdd1.o
 .debug_frame   0x0000178c      0x118 ./Generated_Code/IntI2cLdd1.o
 .debug_frame   0x000018a4       0x30 ./Generated_Code/LEVER_DIR1.o
 .debug_frame   0x000018d4       0x30 ./Generated_Code/LEVER_DIR2.o
 .debug_frame   0x00001904       0x64 ./Generated_Code/PE_LDD.o
 .debug_frame   0x00001968       0x30 ./Generated_Code/PUSH_BUTTON_REC.o
 .debug_frame   0x00001998       0x30 ./Generated_Code/PUSH_BUTTON_SEND.o
 .debug_frame   0x000019c8       0x88 ./Generated_Code/T_100ms.o
 .debug_frame   0x00001a50       0x50 ./Generated_Code/T_500ms.o
 .debug_frame   0x00001aa0       0x90 ./Generated_Code/WAIT1.o
 .debug_frame   0x00001b30       0x28 c:/freescale/kds_v3/toolchain/bin/../lib/gcc/arm-none-eabi/4.8.4/../../../../arm-none-eabi/lib/armv7e-m\libg_s.a(lib_a-exit.o)
 .debug_frame   0x00001b58       0x2c c:/freescale/kds_v3/toolchain/bin/../lib/gcc/arm-none-eabi/4.8.4/../../../../arm-none-eabi/lib/armv7e-m\libg_s.a(lib_a-init.o)
 .debug_frame   0x00001b84       0x20 c:/freescale/kds_v3/toolchain/bin/../lib/gcc/arm-none-eabi/4.8.4/../../../../arm-none-eabi/lib/armv7e-m\libg_s.a(lib_a-memset.o)
 .debug_frame   0x00001ba4       0x20 c:/freescale/kds_v3/toolchain/bin/../lib/gcc/arm-none-eabi/4.8.4/../../../../arm-none-eabi/lib/armv7e-m\libg_s.a(lib_a-strlen.o)
 .debug_frame   0x00001bc4       0x20 c:/freescale/kds_v3/toolchain/bin/../lib/gcc/arm-none-eabi/4.8.4/../../../../arm-none-eabi/lib/armv7e-m\libnosys.a(_exit.o)

.stabstr        0x00000000       0x76
 .stabstr       0x00000000       0x76 c:/freescale/kds_v3/toolchain/bin/../lib/gcc/arm-none-eabi/4.8.4/../../../../arm-none-eabi/lib/armv7e-m\libnosys.a(getpid.o)
