Archive member included because of file (symbol)

c:/freescale/kds_v3/toolchain/bin/../lib/gcc/arm-none-eabi/4.8.4/../../../../arm-none-eabi/lib/armv7e-m\libm.a(lib_a-s_round.o)
                              ./Sources/display.o (round)
c:/freescale/kds_v3/toolchain/bin/../lib/gcc/arm-none-eabi/4.8.4/../../../../arm-none-eabi/lib/armv7e-m\libm.a(lib_a-w_pow.o)
                              ./Sources/display.o (pow)
c:/freescale/kds_v3/toolchain/bin/../lib/gcc/arm-none-eabi/4.8.4/../../../../arm-none-eabi/lib/armv7e-m\libm.a(lib_a-e_pow.o)
                              c:/freescale/kds_v3/toolchain/bin/../lib/gcc/arm-none-eabi/4.8.4/../../../../arm-none-eabi/lib/armv7e-m\libm.a(lib_a-w_pow.o) (__ieee754_pow)
c:/freescale/kds_v3/toolchain/bin/../lib/gcc/arm-none-eabi/4.8.4/../../../../arm-none-eabi/lib/armv7e-m\libm.a(lib_a-e_sqrt.o)
                              c:/freescale/kds_v3/toolchain/bin/../lib/gcc/arm-none-eabi/4.8.4/../../../../arm-none-eabi/lib/armv7e-m\libm.a(lib_a-e_pow.o) (__ieee754_sqrt)
c:/freescale/kds_v3/toolchain/bin/../lib/gcc/arm-none-eabi/4.8.4/../../../../arm-none-eabi/lib/armv7e-m\libm.a(lib_a-s_fabs.o)
                              c:/freescale/kds_v3/toolchain/bin/../lib/gcc/arm-none-eabi/4.8.4/../../../../arm-none-eabi/lib/armv7e-m\libm.a(lib_a-e_pow.o) (fabs)
c:/freescale/kds_v3/toolchain/bin/../lib/gcc/arm-none-eabi/4.8.4/../../../../arm-none-eabi/lib/armv7e-m\libm.a(lib_a-s_finite.o)
                              c:/freescale/kds_v3/toolchain/bin/../lib/gcc/arm-none-eabi/4.8.4/../../../../arm-none-eabi/lib/armv7e-m\libm.a(lib_a-w_pow.o) (finite)
c:/freescale/kds_v3/toolchain/bin/../lib/gcc/arm-none-eabi/4.8.4/../../../../arm-none-eabi/lib/armv7e-m\libm.a(lib_a-s_fpclassify.o)
                              c:/freescale/kds_v3/toolchain/bin/../lib/gcc/arm-none-eabi/4.8.4/../../../../arm-none-eabi/lib/armv7e-m\libm.a(lib_a-w_pow.o) (__fpclassifyd)
c:/freescale/kds_v3/toolchain/bin/../lib/gcc/arm-none-eabi/4.8.4/../../../../arm-none-eabi/lib/armv7e-m\libm.a(lib_a-s_lib_ver.o)
                              c:/freescale/kds_v3/toolchain/bin/../lib/gcc/arm-none-eabi/4.8.4/../../../../arm-none-eabi/lib/armv7e-m\libm.a(lib_a-w_pow.o) (__fdlib_version)
c:/freescale/kds_v3/toolchain/bin/../lib/gcc/arm-none-eabi/4.8.4/../../../../arm-none-eabi/lib/armv7e-m\libm.a(lib_a-s_matherr.o)
                              c:/freescale/kds_v3/toolchain/bin/../lib/gcc/arm-none-eabi/4.8.4/../../../../arm-none-eabi/lib/armv7e-m\libm.a(lib_a-w_pow.o) (matherr)
c:/freescale/kds_v3/toolchain/bin/../lib/gcc/arm-none-eabi/4.8.4/../../../../arm-none-eabi/lib/armv7e-m\libm.a(lib_a-s_nan.o)
                              c:/freescale/kds_v3/toolchain/bin/../lib/gcc/arm-none-eabi/4.8.4/../../../../arm-none-eabi/lib/armv7e-m\libm.a(lib_a-e_pow.o) (nan)
c:/freescale/kds_v3/toolchain/bin/../lib/gcc/arm-none-eabi/4.8.4/../../../../arm-none-eabi/lib/armv7e-m\libm.a(lib_a-s_rint.o)
                              c:/freescale/kds_v3/toolchain/bin/../lib/gcc/arm-none-eabi/4.8.4/../../../../arm-none-eabi/lib/armv7e-m\libm.a(lib_a-w_pow.o) (rint)
c:/freescale/kds_v3/toolchain/bin/../lib/gcc/arm-none-eabi/4.8.4/../../../../arm-none-eabi/lib/armv7e-m\libm.a(lib_a-s_scalbn.o)
                              c:/freescale/kds_v3/toolchain/bin/../lib/gcc/arm-none-eabi/4.8.4/../../../../arm-none-eabi/lib/armv7e-m\libm.a(lib_a-e_pow.o) (scalbn)
c:/freescale/kds_v3/toolchain/bin/../lib/gcc/arm-none-eabi/4.8.4/../../../../arm-none-eabi/lib/armv7e-m\libm.a(lib_a-s_copysign.o)
                              c:/freescale/kds_v3/toolchain/bin/../lib/gcc/arm-none-eabi/4.8.4/../../../../arm-none-eabi/lib/armv7e-m\libm.a(lib_a-s_scalbn.o) (copysign)
c:/freescale/kds_v3/toolchain/bin/../lib/gcc/arm-none-eabi/4.8.4/armv7e-m\libgcc.a(_arm_addsubdf3.o)
                              c:/freescale/kds_v3/toolchain/bin/../lib/gcc/arm-none-eabi/4.8.4/../../../../arm-none-eabi/lib/armv7e-m\libm.a(lib_a-e_pow.o) (__aeabi_dsub)
c:/freescale/kds_v3/toolchain/bin/../lib/gcc/arm-none-eabi/4.8.4/armv7e-m\libgcc.a(_arm_muldivdf3.o)
                              ./Sources/display.o (__aeabi_dmul)
c:/freescale/kds_v3/toolchain/bin/../lib/gcc/arm-none-eabi/4.8.4/armv7e-m\libgcc.a(_arm_cmpdf2.o)
                              c:/freescale/kds_v3/toolchain/bin/../lib/gcc/arm-none-eabi/4.8.4/../../../../arm-none-eabi/lib/armv7e-m\libm.a(lib_a-w_pow.o) (__aeabi_dcmpeq)
c:/freescale/kds_v3/toolchain/bin/../lib/gcc/arm-none-eabi/4.8.4/armv7e-m\libgcc.a(_arm_fixdfsi.o)
                              ./Sources/display.o (__aeabi_d2iz)
c:/freescale/kds_v3/toolchain/bin/../lib/gcc/arm-none-eabi/4.8.4/armv7e-m\libgcc.a(_arm_addsubsf3.o)
                              ./Sources/Events.o (__aeabi_fsub)
c:/freescale/kds_v3/toolchain/bin/../lib/gcc/arm-none-eabi/4.8.4/armv7e-m\libgcc.a(_arm_cmpsf2.o)
                              ./Sources/display.o (__aeabi_fcmpeq)
c:/freescale/kds_v3/toolchain/bin/../lib/gcc/arm-none-eabi/4.8.4/armv7e-m\libgcc.a(_arm_fixsfsi.o)
[...]
Memory Configuration

Name             Origin             Length             Attributes
m_interrupts     0x00000000         0x000001bc         xr
m_text           0x00000410         0x0003fbf0         xr
m_data           0x1fff8000         0x00008000         rw
m_data_20000000  0x20000000         0x00008000         rw
m_cfmprotrom     0x00000400         0x00000010         xr
*default*        0x00000000         0xffffffff

Linker script and memory map

LOAD c:/freescale/kds_v3/toolchain/bin/../lib/gcc/arm-none-eabi/4.8.4/armv7e-m/crti.o
LOAD c:/freescale/kds_v3/toolchain/bin/../lib/gcc/arm-none-eabi/4.8.4/armv7e-m/crtbegin.o
LOAD c:/freescale/kds_v3/toolchain/bin/../lib/gcc/arm-none-eabi/4.8.4/../../../../arm-none-eabi/lib/armv7e-m/crt0.o
LOAD ./Sources/Events.o
LOAD ./Sources/LCD.o
LOAD ./Sources/PCA9670.o
LOAD ./Sources/cue_eeprom.o
LOAD ./Sources/display.o
LOAD ./Sources/encoder_variable.o
LOAD ./Sources/main.o
LOAD ./Sources/menu.o
LOAD ./Sources/parameters.o
LOAD ./Sources/protocol.o
LOAD ./Sources/send.o
LOAD ./Project_Settings/Startup_Code/startup.o
LOAD ./Generated_Code/AS1.o
LOAD ./Generated_Code/ASerialLdd1.o
LOAD ./Generated_Code/BitIoLdd1.o
LOAD ./Generated_Code/BitIoLdd2.o
LOAD ./Generated_Code/BitIoLdd3.o
LOAD ./Generated_Code/BitIoLdd4.o
LOAD ./Generated_Code/BitIoLdd5.o
LOAD ./Generated_Code/BitIoLdd6.o
LOAD ./Generated_Code/BitIoLdd7.o
LOAD ./Generated_Code/CS1.o
LOAD ./Generated_Code/Cpu.o
LOAD ./Generated_Code/ENCODER.o
LOAD ./Generated_Code/ENCODER_PUSH.o
LOAD ./Generated_Code/ExtIntLdd1.o
LOAD ./Generated_Code/ExtIntLdd2.o
LOAD ./Generated_Code/ExtIntLdd3.o
LOAD ./Generated_Code/ExtIntLdd4.o
LOAD ./Generated_Code/ExtIntLdd5.o
LOAD ./Generated_Code/I2C0.o
LOAD ./Generated_Code/IFsh1.o
LOAD ./Generated_Code/IntFlashLdd1.o
LOAD ./Generated_Code/IntI2cLdd1.o
LOAD ./Generated_Code/KSDK1.o
LOAD ./Generated_Code/LCD_CTR.o
LOAD ./Generated_Code/LCD_EN.o
LOAD ./Generated_Code/LED_DEBUG.o
LOAD ./Generated_Code/LED_STATUS_1.o
LOAD ./Generated_Code/LED_STATUS_2.o
LOAD ./Generated_Code/LED_STATUS_3.o
LOAD ./Generated_Code/LED_STATUS_4.o
LOAD ./Generated_Code/LEVER_DIR1.o
LOAD ./Generated_Code/LEVER_DIR2.o
LOAD ./Generated_Code/PCA.o
LOAD ./Generated_Code/PE_LDD.o
LOAD ./Generated_Code/PUSH_BUTTON_REC.o
LOAD ./Generated_Code/PUSH_BUTTON_SEND.o
LOAD ./Generated_Code/TU1.o
LOAD ./Generated_Code/T_100ms.o
LOAD ./Generated_Code/T_500ms.o
LOAD ./Generated_Code/Vectors.o
LOAD ./Generated_Code/WAIT1.o
LOAD ./.metadata/.plugins/org.eclipse.cdt.make.core/specs.o
LOAD c:/freescale/kds_v3/toolchain/bin/../lib/gcc/arm-none-eabi/4.8.4/../../../../arm-none-eabi/lib/armv7e-m\libstdc++_s.a
LOAD c:/freescale/kds_v3/toolchain/bin/../lib/gcc/arm-none-eabi/4.8.4/../../../../arm-none-eabi/lib/armv7e-m\libm.a
START GROUP
LOAD c:/freescale/kds_v3/toolchain/bin/../lib/gcc/arm-none-eabi/4.8.4/armv7e-m\libgcc.a
LOAD c:/freescale/kds_v3/toolchain/bin/../lib/gcc/arm-none-eabi/4.8.4/../../../../arm-none-eabi/lib/armv7e-m\libg_s.a
LOAD c:/freescale/kds_v3/toolchain/bin/../lib/gcc/arm-none-eabi/4.8.4/../../../../arm-none-eabi/lib/armv7e-m\libc_s.a
END GROUP
START GROUP
LOAD c:/freescale/kds_v3/toolchain/bin/../lib/gcc/arm-none-eabi/4.8.4/armv7e-m\libgcc.a
LOAD c:/freescale/kds_v3/toolchain/bin/../lib/gcc/arm-none-eabi/4.8.4/../../../../arm-none-eabi/lib/armv7e-m\libc_s.a
LOAD c:/freescale/kds_v3/toolchain/bin/../lib/gcc/arm-none-eabi/4.8.4/../../../../arm-none-eabi/lib/armv7e-m\libnosys.a
END GROUP
START GROUP
LOAD c:/freescale/kds_v3/toolchain/bin/../lib/gcc/arm-none-eabi/4.8.4/armv7e-m\libgcc.a
LOAD c:/freescale/kds_v3/toolchain/bin/../lib/gcc/arm-none-eabi/4.8.4/../../../../arm-none-eabi/lib/armv7e-m\libc_s.a
LOAD c:/freescale/kds_v3/toolchain/bin/../lib/gcc/arm-none-eabi/4.8.4/../../../../arm-none-eabi/lib/armv7e-m\libnosys.a
END GROUP
LOAD c:/freescale/kds_v3/toolchain/bin/../lib/gcc/arm-none-eabi/4.8.4/armv7e-m/crtend.o
LOAD c:/freescale/kds_v3/toolchain/bin/../lib/gcc/arm-none-eabi/4.8.4/armv7e-m/crtn.o
                0x20000000                _estack = 0x20000000
                0x20000000                __SP_INIT = _estack
                0x20000000                __stack = _estack
                0x00000000                __heap_size = 0x0
                0x00000400                __stack_size = 0x400

.interrupts     0x00000000      0x1bc
                0x00000000                __vector_table = .
                0x00000000                . = ALIGN (0x4)
 *(.vectortable)
 .vectortable   0x00000000      0x1bc ./Generated_Code/Vectors.o
                0x00000000                __vect_table
                0x000001bc                . = ALIGN (0x4)

.cfmprotect     0x00000400       0x10
                0x00000400                . = ALIGN (0x4)
 *(.cfmconfig)
 .cfmconfig     0x00000400       0x10 ./Generated_Code/Cpu.o
                0x00000400                _cfm
                0x00000410                . = ALIGN (0x4)

.text           0x00000410     0xab54
                0x00000410                . = ALIGN (0x4)
 *(.text)
 .text          0x00000410       0x54 c:/freescale/kds_v3/toolchain/bin/../lib/gcc/arm-none-eabi/4.8.4/armv7e-m/crtbegin.o
 .text          0x00000464       0x74 c:/freescale/kds_v3/toolchain/bin/../lib/gcc/arm-none-eabi/4.8.4/../../../../arm-none-eabi/lib/armv7e-m/crt0.o
                0x00000464                _start
                0x00000464                _mainCRTStartup
 .text          0x000004d8      0x370 c:/freescale/kds_v3/toolchain/bin/../lib/gcc/arm-none-eabi/4.8.4/armv7e-m\libgcc.a(_arm_addsubdf3.o)
                0x000004d8                __aeabi_drsub
                0x000004e0                __aeabi_dsub
                0x000004e0                __subdf3
                0x000004e4                __aeabi_dadd
                0x000004e4                __adddf3
                0x0000075c                __floatunsidf
                0x0000075c                __aeabi_ui2d
                0x0000077c                __floatsidf
                0x0000077c                __aeabi_i2d
                0x000007a0                __aeabi_f2d
                0x000007a0                __extendsfdf2
                0x000007dc                __floatundidf
                0x000007dc                __aeabi_ul2d
                0x000007ec                __floatdidf
                0x000007ec                __aeabi_l2d
 .text          0x00000848      0x424 c:/freescale/kds_v3/toolchain/bin/../lib/gcc/arm-none-eabi/4.8.4/armv7e-m\libgcc.a(_arm_muldivdf3.o)
                0x00000848                __aeabi_dmul
                0x00000848                __muldf3
                0x00000a9c                __divdf3
                0x00000a9c                __aeabi_ddiv
 .text          0x00000c6c      0x110 c:/freescale/kds_v3/toolchain/bin/../lib/gcc/arm-none-eabi/4.8.4/armv7e-m\libgcc.a(_arm_cmpdf2.o)
                0x00000c6c                __gtdf2
                0x00000c6c                __gedf2
                0x00000c74                __ltdf2
                0x00000c74                __ledf2
                0x00000c7c                __nedf2
                0x00000c7c                __eqdf2
                0x00000c7c                __cmpdf2
                0x00000cf8                __aeabi_cdrcmple
                0x00000d08                __aeabi_cdcmpeq
                0x00000d08                __aeabi_cdcmple
                0x00000d18                __aeabi_dcmpeq
                0x00000d2c                __aeabi_dcmplt
                0x00000d40                __aeabi_dcmple
                0x00000d54                __aeabi_dcmpge
                0x00000d68                __aeabi_dcmpgt
 .text          0x00000d7c       0x50 c:/freescale/kds_v3/toolchain/bin/../lib/gcc/arm-none-eabi/4.8.4/armv7e-m\libgcc.a(_arm_fixdfsi.o)
                0x00000d7c                __aeabi_d2iz
                0x00000d7c                __fixdfsi
 .text          0x00000dcc      0x21c c:/freescale/kds_v3/toolchain/bin/../lib/gcc/arm-none-eabi/4.8.4/armv7e-m\libgcc.a(_arm_addsubsf3.o)
                0x00000dcc                __aeabi_frsub
                0x00000dd4                __subsf3
                0x00000dd4                __aeabi_fsub
                0x00000dd8                __aeabi_fadd
                0x00000dd8                __addsf3
                0x00000f38                __aeabi_ui2f
                0x00000f38                __floatunsisf
                0x00000f40                __aeabi_i2f
                0x00000f40                __floatsisf
                0x00000f5c                __aeabi_ul2f
                0x00000f5c                __floatundisf
                0x00000f6c                __aeabi_l2f
                0x00000f6c                __floatdisf
 .text          0x00000fe8       0xec c:/freescale/kds_v3/toolchain/bin/../lib/gcc/arm-none-eabi/4.8.4/armv7e-m\libgcc.a(_arm_cmpsf2.o)
                0x00000fe8                __gesf2
                0x00000fe8                __gtsf2
                0x00000ff0                __lesf2
                0x00000ff0                __ltsf2
                0x00000ff8                __nesf2
                0x00000ff8                __eqsf2
                0x00000ff8                __cmpsf2
                0x00001058                __aeabi_cfrcmple
                0x00001060                __aeabi_cfcmpeq
                0x00001060                __aeabi_cfcmple
                0x00001070                __aeabi_fcmpeq
                0x00001084                __aeabi_fcmplt
                0x00001098                __aeabi_fcmple
                0x000010ac                __aeabi_fcmpge
                0x000010c0                __aeabi_fcmpgt
 .text          0x000010d4       0x4c c:/freescale/kds_v3/toolchain/bin/../lib/gcc/arm-none-eabi/4.8.4/armv7e-m\libgcc.a(_arm_fixsfsi.o)
                0x000010d4                __aeabi_f2iz
                0x000010d4                __fixsfsi
 .text          0x00001120      0xa1c c:/freescale/kds_v3/toolchain/bin/../lib/gcc/arm-none-eabi/4.8.4/armv7e-m\libgcc.a(unwind-arm.o)
                0x00001404                _Unwind_GetCFA
                0x00001408                __gnu_Unwind_RaiseException
                0x00001468                __gnu_Unwind_ForcedUnwind
                0x0000147c                __gnu_Unwind_Resume
                0x000014c0                __gnu_Unwind_Resume_or_Rethrow
                0x000014d0                _Unwind_Complete
                0x000014d4                _Unwind_DeleteException
                0x000014e4                _Unwind_VRS_Get
                0x00001534                _Unwind_VRS_Set
                0x00001584                __gnu_Unwind_Backtrace
                0x000018d8                __aeabi_unwind_cpp_pr0
                0x000018e0                __aeabi_unwind_cpp_pr1
                0x000018e8                __aeabi_unwind_cpp_pr2
                0x000018f0                _Unwind_VRS_Pop
 .text          0x00001b3c      0x1ac c:/freescale/kds_v3/toolchain/bin/../lib/gcc/arm-none-eabi/4.8.4/armv7e-m\libgcc.a(libunwind.o)
                0x00001b3c                __restore_core_regs
                0x00001b3c                restore_core_regs
                0x00001b54                __gnu_Unwind_Restore_VFP
                0x00001b5c                __gnu_Unwind_Save_VFP
                0x00001b64                __gnu_Unwind_Restore_VFP_D
                0x00001b6c                __gnu_Unwind_Save_VFP_D
                0x00001b74                __gnu_Unwind_Restore_VFP_D_16_to_31
                0x00001b7c                __gnu_Unwind_Save_VFP_D_16_to_31
                0x00001b84                __gnu_Unwind_Restore_WMMXD
                0x00001bc8                __gnu_Unwind_Save_WMMXD
                0x00001c0c                __gnu_Unwind_Restore_WMMXC
                0x00001c20                __gnu_Unwind_Save_WMMXC
                0x00001c34                ___Unwind_RaiseException
                0x00001c34                _Unwind_RaiseException
                0x00001c58                _Unwind_Resume
                0x00001c58                ___Unwind_Resume
                0x00001c7c                _Unwind_Resume_or_Rethrow
                0x00001c7c                ___Unwind_Resume_or_Rethrow
                0x00001ca0                _Unwind_ForcedUnwind
                0x00001ca0                ___Unwind_ForcedUnwind
                0x00001cc4                ___Unwind_Backtrace
                0x00001cc4                _Unwind_Backtrace
 .text          0x00001ce8      0x33c c:/freescale/kds_v3/toolchain/bin/../lib/gcc/arm-none-eabi/4.8.4/armv7e-m\libgcc.a(pr-support.o)
                0x00001d3c                __gnu_unwind_execute
                0x00001fc8                __gnu_unwind_frame
                0x00001ff4                _Unwind_GetRegionStart
                0x00002000                _Unwind_GetLanguageSpecificData
                0x00002014                _Unwind_GetDataRelBase
                0x0000201c                _Unwind_GetTextRelBase
 .text          0x00002024       0x14 c:/freescale/kds_v3/toolchain/bin/../lib/gcc/arm-none-eabi/4.8.4/../../../../arm-none-eabi/lib/armv7e-m\libg_s.a(lib_a-strcmp.o)
                0x00002024                strcmp
 *(.text*)
 .text.PUSH_BUTTON_REC_OnInterrupt
                0x00002038        0xc ./Sources/Events.o
                0x00002038                PUSH_BUTTON_REC_OnInterrupt
 .text.PUSH_BUTTON_SEND_OnInterrupt
                0x00002044       0x18 ./Sources/Events.o
                0x00002044                PUSH_BUTTON_SEND_OnInterrupt
 .text.I2C0_OnReceiveData
                0x0000205c        0xc ./Sources/Events.o
                0x0000205c                I2C0_OnReceiveData
 .text.I2C0_OnTransmitData
                0x00002068        0xc ./Sources/Events.o
                0x00002068                I2C0_OnTransmitData
 .text.T_100ms_OnCounterRestart
                0x00002074       0x5c ./Sources/Events.o
                0x00002074                T_100ms_OnCounterRestart
 .text.LEVER_DIR2_OnInterrupt
                0x000020d0       0x38 ./Sources/Events.o
                0x000020d0                LEVER_DIR2_OnInterrupt
 .text.LEVER_DIR1_OnInterrupt
                0x00002108       0x38 ./Sources/Events.o
                0x00002108                LEVER_DIR1_OnInterrupt
 .text.ENCODER_PUSH_OnInterrupt
                0x00002140       0xe0 ./Sources/Events.o
                0x00002140                ENCODER_PUSH_OnInterrupt
 .text.ENCODER_OnPortEvent
                0x00002220       0xc0 ./Sources/Events.o
                0x00002220                ENCODER_OnPortEvent
 .text.T_500ms_OnCounterRestart
                0x000022e0       0x58 ./Sources/Events.o
                0x000022e0                T_500ms_OnCounterRestart
 .text.I2C0_OnArbitLost
                0x00002338        0xc ./Sources/Events.o
                0x00002338                I2C0_OnArbitLost
 .text.AS1_OnTxComplete
                0x00002344       0x14 ./Sources/Events.o
                0x00002344                AS1_OnTxComplete
 .text.AS1_OnError
                0x00002358        0xc ./Sources/Events.o
                0x00002358                AS1_OnError
 .text.AS1_OnRxChar
                0x00002364        0xc ./Sources/Events.o
                0x00002364                AS1_OnRxChar
 .text.AS1_OnRxCharExt
                0x00002370       0xc8 ./Sources/Events.o
                0x00002370                AS1_OnRxCharExt
 .text.AS1_OnTxChar
                0x00002438       0x14 ./Sources/Events.o
                0x00002438                AS1_OnTxChar
 .text.AS1_OnFullRxBuf
                0x0000244c       0x14 ./Sources/Events.o
                0x0000244c                AS1_OnFullRxBuf
 .text.AS1_OnFreeTxBuf
                0x00002460        0xc ./Sources/Events.o
                0x00002460                AS1_OnFreeTxBuf
 .text.IFsh1_OnWriteEnd
                0x0000246c        0xc ./Sources/Events.o
                0x0000246c                IFsh1_OnWriteEnd
 .text.TU1_OnCounterRestart
                0x00002478       0x1c ./Sources/Events.o
                0x00002478                TU1_OnCounterRestart
 .text.LCD_Init
                0x00002494       0x50 ./Sources/LCD.o
                0x00002494                LCD_Init
 .text.LCD_command
                0x000024e4       0x30 ./Sources/LCD.o
                0x000024e4                LCD_command
 .text.LCD_Set_Cursor
                0x00002514       0x58 ./Sources/LCD.o
                0x00002514                LCD_Set_Cursor
 .text.LCD_Write
                0x0000256c       0x28 ./Sources/LCD.o
                0x0000256c                LCD_Write
 .text.load_custom_char
                0x00002594       0x50 ./Sources/LCD.o
                0x00002594                load_custom_char
 .text.LCD_Write_At
                0x000025e4       0x3c ./Sources/LCD.o
                0x000025e4                LCD_Write_At
 .text.LCD_Write_Block
                0x00002620       0xa0 ./Sources/LCD.o
                0x00002620                LCD_Write_Block
 .text.PCA9670_Init
                0x000026c0       0x34 ./Sources/PCA9670.o
                0x000026c0                PCA9670_Init
 .text.PCA9670_SendByte
                0x000026f4       0x3c ./Sources/PCA9670.o
                0x000026f4                PCA9670_SendByte
 .text.vspfunc  0x00002730       0x30 ./Sources/display.o
                0x00002730                vspfunc
 .text.print_float_at
                0x00002760      0x174 ./Sources/display.o
                0x00002760                print_float_at
 .text.print_int_at
                0x000028d4       0xa0 ./Sources/display.o
                0x000028d4                print_int_at
 .text.load_char
                0x00002974       0xe8 ./Sources/display.o
                0x00002974                load_char
 .text.menu_init
                0x00002a5c       0x1c ./Sources/display.o
                0x00002a5c                menu_init
 .text.refresh  0x00002a78       0x24 ./Sources/display.o
                0x00002a78                refresh
 .text.select   0x00002a9c       0x24 ./Sources/display.o
                0x00002a9c                select
 .text.back     0x00002ac0       0x30 ./Sources/display.o
                0x00002ac0                back
 .text.controle_mode_display
                0x00002af0       0x4c ./Sources/display.o
                0x00002af0                controle_mode_display
 .text.control_mode_fct
                0x00002b3c       0x5c ./Sources/display.o
                0x00002b3c                control_mode_fct
 .text.update_icon_dir
                0x00002b98       0x74 ./Sources/display.o
                0x00002b98                update_icon_dir
 .text.update_icon_drive_enable
                0x00002c0c       0x38 ./Sources/display.o
                0x00002c0c                update_icon_drive_enable
 .text.refresh_fct
                0x00002c44       0x8c ./Sources/display.o
                0x00002c44                refresh_fct
 .text.velocity_fct
                0x00002cd0      0x344 ./Sources/display.o
                0x00002cd0                velocity_fct
 .text.acceleration_fct
                0x00003014      0x114 ./Sources/display.o
                0x00003014                acceleration_fct
 .text.deceleration_fct
                0x00003128      0x114 ./Sources/display.o
                0x00003128                deceleration_fct
 .text.back_fct
                0x0000323c       0x30 ./Sources/display.o
                0x0000323c                back_fct
 .text.pos_position_fct
                0x0000326c      0x350 ./Sources/display.o
                0x0000326c                pos_position_fct
 .text.pos_velocity_fct
                0x000035bc      0x114 ./Sources/display.o
                0x000035bc                pos_velocity_fct
 .text.pos_acceleration_fct
                0x000036d0      0x114 ./Sources/display.o
                0x000036d0                pos_acceleration_fct
 .text.pos_deceleration_fct
                0x000037e4      0x114 ./Sources/display.o
                0x000037e4                pos_deceleration_fct
 .text.pos_set_home_fct
                0x000038f8       0x8c ./Sources/display.o
                0x000038f8                pos_set_home_fct
 .text.torque_fct
                0x00003984      0x33c ./Sources/display.o
                0x00003984                torque_fct
 .text.torque_rise_fct
                0x00003cc0      0x110 ./Sources/display.o
                0x00003cc0                torque_rise_fct
 .text.torque_fall_fct
                0x00003dd0      0x110 ./Sources/display.o
                0x00003dd0                torque_fall_fct
 .text.short_cut_position_menu
                0x00003ee0       0x34 ./Sources/display.o
                0x00003ee0                short_cut_position_menu
 .text._Z41__static_initialization_and_destruction_0ii
                0x00003f14      0x3bc ./Sources/display.o
 .text._GLOBAL__sub_I_buffer
                0x000042d0       0x10 ./Sources/display.o
 .text.main     0x000042e0      0x4b8 ./Sources/main.o
                0x000042e0                main
 .text.init_menu
                0x00004798       0x40 ./Sources/menu.o
                0x00004798                init_menu
 .text.init_sub_menu
                0x000047d8       0x44 ./Sources/menu.o
                0x000047d8                init_sub_menu
 .text.init_menu_list
                0x0000481c       0x30 ./Sources/menu.o
                0x0000481c                init_menu_list
 .text.init_sub_menu_list
                0x0000484c       0x30 ./Sources/menu.o
                0x0000484c                init_sub_menu_list
 .text.print_menu
                0x0000487c      0x128 ./Sources/menu.o
                0x0000487c                print_menu
 .text.print_sub_menu
                0x000049a4      0x154 ./Sources/menu.o
                0x000049a4                print_sub_menu
 .text.menu_select
                0x00004af8      0x150 ./Sources/menu.o
                0x00004af8                menu_select
 .text.menu_back
                0x00004c48      0x12c ./Sources/menu.o
                0x00004c48                menu_back
 .text.refresh_menu
                0x00004d74       0xc4 ./Sources/menu.o
                0x00004d74                refresh_menu
 .text.void_function
                0x00004e38        0xc ./Sources/menu.o
                0x00004e38                void_function
 .text.parameters_init
                0x00004e44       0xc8 ./Sources/parameters.o
                0x00004e44                parameters_init
 .text.convert  0x00004f0c       0x3c ./Sources/parameters.o
                0x00004f0c                convert
 .text.serial_send_block
                0x00004f48       0xdc ./Sources/protocol.o
                0x00004f48                serial_send_block
 .text.serial_send_float
                0x00005024       0x30 ./Sources/protocol.o
                0x00005024                serial_send_float
 .text.serial_send_int
                0x00005054       0x30 ./Sources/protocol.o
                0x00005054                serial_send_int
 .text.serial_send_string
                0x00005084       0x58 ./Sources/protocol.o
                0x00005084                serial_send_string
 .text.serial_send_char
                0x000050dc       0x30 ./Sources/protocol.o
                0x000050dc                serial_send_char
 .text.serial_send_end
                0x0000510c       0x14 ./Sources/protocol.o
                0x0000510c                serial_send_end
 .text.msg_parse
                0x00005120      0x1d4 ./Sources/protocol.o
                0x00005120                msg_parse
 .text.msg_processing
                0x000052f4      0x28c ./Sources/protocol.o
                0x000052f4                msg_processing
 .text.Send_Control_Mode
                0x00005580       0x30 ./Sources/send.o
                0x00005580                Send_Control_Mode
 .text.send_fct
                0x000055b0      0x34c ./Sources/send.o
                0x000055b0                send_fct
 .text.get_update_value
                0x000058fc      0x198 ./Sources/send.o
                0x000058fc                get_update_value
 .text.velocity_processing
                0x00005a94       0x50 ./Sources/send.o
                0x00005a94                velocity_processing
 .text.velocity_ref_processing
                0x00005ae4       0x44 ./Sources/send.o
                0x00005ae4                velocity_ref_processing
 .text.acceleration_processing
                0x00005b28       0x50 ./Sources/send.o
                0x00005b28                acceleration_processing
 .text.deceleration_processing
                0x00005b78       0x50 ./Sources/send.o
                0x00005b78                deceleration_processing
 .text.torque_processing
                0x00005bc8       0x44 ./Sources/send.o
                0x00005bc8                torque_processing
 .text.torque_rise_processing
                0x00005c0c       0x44 ./Sources/send.o
                0x00005c0c                torque_rise_processing
 .text.torque_fall_processing
                0x00005c50       0x44 ./Sources/send.o
                0x00005c50                torque_fall_processing
 .text.control_mode_processing
                0x00005c94       0x78 ./Sources/send.o
                0x00005c94                control_mode_processing
 .text.drive_enable_processing
                0x00005d0c       0x24 ./Sources/send.o
                0x00005d0c                drive_enable_processing
 .text.__copy_rom_section
                0x00005d30       0xe4 ./Project_Settings/Startup_Code/startup.o
                0x00005d30                __copy_rom_section
 .text.__copy_rom_sections_to_ram
                0x00005e14       0x9c ./Project_Settings/Startup_Code/startup.o
                0x00005e14                __copy_rom_sections_to_ram
 .text.__init_registers
                0x00005eb0        0xc ./Project_Settings/Startup_Code/startup.o
                0x00005eb0                __init_registers
 .text.__init_user
                0x00005ebc        0xc ./Project_Settings/Startup_Code/startup.o
                0x00005ebc                __init_user
 .text.__thumb_startup
                0x00005ec8       0x34 ./Project_Settings/Startup_Code/startup.o
                0x00005ec8                __thumb_startup
 .text.HWEnDi   0x00005efc       0x1c ./Generated_Code/AS1.o
 .text.AS1_SendChar
                0x00005f18       0xe0 ./Generated_Code/AS1.o
                0x00005f18                AS1_SendChar
 .text.AS1_SendBlock
                0x00005ff8      0x148 ./Generated_Code/AS1.o
                0x00005ff8                AS1_SendBlock
 .text.AS1_ClearRxBuf
                0x00006140       0x78 ./Generated_Code/AS1.o
                0x00006140                AS1_ClearRxBuf
 .text.AS1_Init
                0x000061b8       0x60 ./Generated_Code/AS1.o
                0x000061b8                AS1_Init
 .text.ASerialLdd1_OnBlockReceived
                0x00006218       0xd4 ./Generated_Code/AS1.o
                0x00006218                ASerialLdd1_OnBlockReceived
 .text.ASerialLdd1_OnBlockSent
                0x000062ec       0xd8 ./Generated_Code/AS1.o
                0x000062ec                ASerialLdd1_OnBlockSent
 .text.ASerialLdd1_OnError
                0x000063c4       0x9c ./Generated_Code/AS1.o
                0x000063c4                ASerialLdd1_OnError
 .text.ASerialLdd1_OnTxComplete
                0x00006460       0x14 ./Generated_Code/AS1.o
                0x00006460                ASerialLdd1_OnTxComplete
 .text.ASerialLdd1_OnBreak
                0x00006474       0x24 ./Generated_Code/AS1.o
                0x00006474                ASerialLdd1_OnBreak
 .text.ASerialLdd1_Init
                0x00006498      0x1c0 ./Generated_Code/ASerialLdd1.o
                0x00006498                ASerialLdd1_Init
 .text.ASerialLdd1_ReceiveBlock
                0x00006658       0x90 ./Generated_Code/ASerialLdd1.o
                0x00006658                ASerialLdd1_ReceiveBlock
 .text.ASerialLdd1_SendBlock
                0x000066e8       0xbc ./Generated_Code/ASerialLdd1.o
                0x000066e8                ASerialLdd1_SendBlock
 .text.InterruptRx
                0x000067a4       0x58 ./Generated_Code/ASerialLdd1.o
 .text.InterruptTx
                0x000067fc       0x9c ./Generated_Code/ASerialLdd1.o
 .text.ASerialLdd1_Interrupt
                0x00006898      0x130 ./Generated_Code/ASerialLdd1.o
                0x00006898                ASerialLdd1_Interrupt
 .text.ASerialLdd1_GetError
                0x000069c8       0x70 ./Generated_Code/ASerialLdd1.o
                0x000069c8                ASerialLdd1_GetError
 .text.BitIoLdd1_Init
                0x00006a38       0x64 ./Generated_Code/BitIoLdd1.o
                0x00006a38                BitIoLdd1_Init
 .text.BitIoLdd2_Init
                0x00006a9c       0x64 ./Generated_Code/BitIoLdd2.o
                0x00006a9c                BitIoLdd2_Init
 .text.BitIoLdd2_ClrVal
                0x00006b00       0x1c ./Generated_Code/BitIoLdd2.o
                0x00006b00                BitIoLdd2_ClrVal
 .text.BitIoLdd2_SetVal
                0x00006b1c       0x1c ./Generated_Code/BitIoLdd2.o
                0x00006b1c                BitIoLdd2_SetVal
 .text.BitIoLdd2_NegVal
                0x00006b38       0x1c ./Generated_Code/BitIoLdd2.o
                0x00006b38                BitIoLdd2_NegVal
 .text.BitIoLdd3_Init
                0x00006b54       0x64 ./Generated_Code/BitIoLdd3.o
                0x00006b54                BitIoLdd3_Init
 .text.BitIoLdd3_ClrVal
                0x00006bb8       0x1c ./Generated_Code/BitIoLdd3.o
                0x00006bb8                BitIoLdd3_ClrVal
 .text.BitIoLdd3_SetVal
                0x00006bd4       0x1c ./Generated_Code/BitIoLdd3.o
                0x00006bd4                BitIoLdd3_SetVal
 .text.BitIoLdd4_Init
                0x00006bf0       0x64 ./Generated_Code/BitIoLdd4.o
                0x00006bf0                BitIoLdd4_Init
 .text.BitIoLdd4_ClrVal
                0x00006c54       0x1c ./Generated_Code/BitIoLdd4.o
                0x00006c54                BitIoLdd4_ClrVal
 .text.BitIoLdd4_SetVal
                0x00006c70       0x1c ./Generated_Code/BitIoLdd4.o
                0x00006c70                BitIoLdd4_SetVal
 .text.BitIoLdd5_Init
                0x00006c8c       0x64 ./Generated_Code/BitIoLdd5.o
                0x00006c8c                BitIoLdd5_Init
 .text.BitIoLdd5_ClrVal
                0x00006cf0       0x1c ./Generated_Code/BitIoLdd5.o
                0x00006cf0                BitIoLdd5_ClrVal
 .text.BitIoLdd5_SetVal
                0x00006d0c       0x1c ./Generated_Code/BitIoLdd5.o
                0x00006d0c                BitIoLdd5_SetVal
 .text.BitIoLdd6_Init
                0x00006d28       0x64 ./Generated_Code/BitIoLdd6.o
                0x00006d28                BitIoLdd6_Init
 .text.BitIoLdd6_ClrVal
                0x00006d8c       0x20 ./Generated_Code/BitIoLdd6.o
                0x00006d8c                BitIoLdd6_ClrVal
 .text.BitIoLdd6_SetVal
                0x00006dac       0x20 ./Generated_Code/BitIoLdd6.o
                0x00006dac                BitIoLdd6_SetVal
 .text.BitIoLdd7_Init
                0x00006dcc       0x64 ./Generated_Code/BitIoLdd7.o
                0x00006dcc                BitIoLdd7_Init
 .text.BitIoLdd7_ClrVal
                0x00006e30       0x1c ./Generated_Code/BitIoLdd7.o
                0x00006e30                BitIoLdd7_ClrVal
 .text.BitIoLdd7_SetVal
                0x00006e4c       0x1c ./Generated_Code/BitIoLdd7.o
                0x00006e4c                BitIoLdd7_SetVal
 .text.Cpu_ivINT_PORTC
                0x00006e68       0x30 ./Generated_Code/Cpu.o
                0x00006e68                Cpu_ivINT_PORTC
 .text.Cpu_Interrupt
                0x00006e98       0x18 ./Generated_Code/Cpu.o
                0x00006e98                Cpu_Interrupt
 .text.__init_hardware
                0x00006eb0      0x140 ./Generated_Code/Cpu.o
                0x00006eb0                __init_hardware
 .text.Cpu_SetBASEPRI
                0x00006ff0       0x18 ./Generated_Code/Cpu.o
                0x00006ff0                Cpu_SetBASEPRI
 .text.PE_low_level_init
                0x00007008      0x10c ./Generated_Code/Cpu.o
                0x00007008                PE_low_level_init
 .text.ENCODER_Init
                0x00007114       0xb0 ./Generated_Code/ENCODER.o
                0x00007114                ENCODER_Init
 .text.ENCODER_GetFieldValue
                0x000071c4       0x40 ./Generated_Code/ENCODER.o
                0x000071c4                ENCODER_GetFieldValue
 .text.ENCODER_Interrupt
                0x00007204       0x4c ./Generated_Code/ENCODER.o
                0x00007204                ENCODER_Interrupt
 .text.ExtIntLdd1_OnInterrupt
                0x00007250       0x14 ./Generated_Code/ENCODER_PUSH.o
                0x00007250                ExtIntLdd1_OnInterrupt
 .text.ExtIntLdd1_Init
                0x00007264       0x80 ./Generated_Code/ExtIntLdd1.o
                0x00007264                ExtIntLdd1_Init
 .text.ExtIntLdd1_Interrupt
                0x000072e4       0x3c ./Generated_Code/ExtIntLdd1.o
                0x000072e4                ExtIntLdd1_Interrupt
 .text.ExtIntLdd1_GetVal
                0x00007320       0x2c ./Generated_Code/ExtIntLdd1.o
                0x00007320                ExtIntLdd1_GetVal
 .text.ExtIntLdd2_Init
                0x0000734c       0x80 ./Generated_Code/ExtIntLdd2.o
                0x0000734c                ExtIntLdd2_Init
 .text.ExtIntLdd2_Interrupt
                0x000073cc       0x3c ./Generated_Code/ExtIntLdd2.o
                0x000073cc                ExtIntLdd2_Interrupt
 .text.ExtIntLdd2_GetVal
                0x00007408       0x2c ./Generated_Code/ExtIntLdd2.o
                0x00007408                ExtIntLdd2_GetVal
 .text.ExtIntLdd3_Init
                0x00007434       0x80 ./Generated_Code/ExtIntLdd3.o
                0x00007434                ExtIntLdd3_Init
 .text.ExtIntLdd3_Interrupt
                0x000074b4       0x3c ./Generated_Code/ExtIntLdd3.o
                0x000074b4                ExtIntLdd3_Interrupt
 .text.ExtIntLdd3_GetVal
                0x000074f0       0x2c ./Generated_Code/ExtIntLdd3.o
                0x000074f0                ExtIntLdd3_GetVal
 .text.ExtIntLdd4_Init
                0x0000751c       0x7c ./Generated_Code/ExtIntLdd4.o
                0x0000751c                ExtIntLdd4_Init
 .text.ExtIntLdd4_Interrupt
                0x00007598       0x3c ./Generated_Code/ExtIntLdd4.o
                0x00007598                ExtIntLdd4_Interrupt
 .text.ExtIntLdd5_Init
                0x000075d4       0x7c ./Generated_Code/ExtIntLdd5.o
                0x000075d4                ExtIntLdd5_Init
 .text.ExtIntLdd5_Interrupt
                0x00007650       0x3c ./Generated_Code/ExtIntLdd5.o
                0x00007650                ExtIntLdd5_Interrupt
 .text.I2C0_SendChar
                0x0000768c       0x2c ./Generated_Code/I2C0.o
                0x0000768c                I2C0_SendChar
 .text.I2C0_SendBlock
                0x000076b8       0xc0 ./Generated_Code/I2C0.o
                0x000076b8                I2C0_SendBlock
 .text.I2C0_SelectSlave
                0x00007778       0x34 ./Generated_Code/I2C0.o
                0x00007778                I2C0_SelectSlave
 .text.I2C0_Init
                0x000077ac       0x20 ./Generated_Code/I2C0.o
                0x000077ac                I2C0_Init
 .text.IntI2cLdd1_OnMasterBlockSent
                0x000077cc       0x14 ./Generated_Code/I2C0.o
                0x000077cc                IntI2cLdd1_OnMasterBlockSent
 .text.IntI2cLdd1_OnMasterBlockReceived
                0x000077e0       0x14 ./Generated_Code/I2C0.o
                0x000077e0                IntI2cLdd1_OnMasterBlockReceived
 .text.IntI2cLdd1_OnError
                0x000077f4       0x30 ./Generated_Code/I2C0.o
                0x000077f4                IntI2cLdd1_OnError
 .text.IFsh1_Init
                0x00007824       0x2c ./Generated_Code/IFsh1.o
                0x00007824                IFsh1_Init
 .text.IntFlashLdd1_OnOperationComplete
                0x00007850       0x4c ./Generated_Code/IFsh1.o
                0x00007850                IntFlashLdd1_OnOperationComplete
 .text.IntFlashLdd1_OnError
                0x0000789c       0x54 ./Generated_Code/IFsh1.o
                0x0000789c                IntFlashLdd1_OnError
 .text.IntFlashLdd1_Init
                0x000078f0       0xa4 ./Generated_Code/IntFlashLdd1.o
                0x000078f0                IntFlashLdd1_Init
 .text.IntFlashLdd1_CommandCompleteInterrupt
                0x00007994      0x24c ./Generated_Code/IntFlashLdd1.o
                0x00007994                IntFlashLdd1_CommandCompleteInterrupt
 .text.IntFlashLdd1_GetError
                0x00007be0       0x90 ./Generated_Code/IntFlashLdd1.o
                0x00007be0                IntFlashLdd1_GetError
 .text.SafeRoutineCaller
                0x00007c70       0x94 ./Generated_Code/IntFlashLdd1.o
 .text.IntI2cLdd1_Interrupt
                0x00007d04      0x2d4 ./Generated_Code/IntI2cLdd1.o
                0x00007d04                IntI2cLdd1_Interrupt
 .text.IntI2cLdd1_Init
                0x00007fd8      0x13c ./Generated_Code/IntI2cLdd1.o
                0x00007fd8                IntI2cLdd1_Init
 .text.IntI2cLdd1_MasterSendBlock
                0x00008114      0x190 ./Generated_Code/IntI2cLdd1.o
                0x00008114                IntI2cLdd1_MasterSendBlock
 .text.IntI2cLdd1_SelectSlaveDevice
                0x000082a4       0xf0 ./Generated_Code/IntI2cLdd1.o
                0x000082a4                IntI2cLdd1_SelectSlaveDevice
 .text.IntI2cLdd1_GetError
                0x00008394       0x70 ./Generated_Code/IntI2cLdd1.o
                0x00008394                IntI2cLdd1_GetError
 .text.ExtIntLdd2_OnInterrupt
                0x00008404       0x14 ./Generated_Code/LEVER_DIR1.o
                0x00008404                ExtIntLdd2_OnInterrupt
 .text.ExtIntLdd3_OnInterrupt
                0x00008418       0x14 ./Generated_Code/LEVER_DIR2.o
                0x00008418                ExtIntLdd3_OnInterrupt
 .text.ExtIntLdd5_OnInterrupt
                0x0000842c       0x14 ./Generated_Code/PUSH_BUTTON_REC.o
                0x0000842c                ExtIntLdd5_OnInterrupt
 .text.ExtIntLdd4_OnInterrupt
                0x00008440       0x14 ./Generated_Code/PUSH_BUTTON_SEND.o
                0x00008440                ExtIntLdd4_OnInterrupt
 .text.TU1_Init
                0x00008454       0xb0 ./Generated_Code/TU1.o
                0x00008454                TU1_Init
 .text.TU1_Enable
                0x00008504       0x30 ./Generated_Code/TU1.o
                0x00008504                TU1_Enable
 .text.TU1_Disable
                0x00008534       0x28 ./Generated_Code/TU1.o
                0x00008534                TU1_Disable
 .text.TU1_Interrupt
                0x0000855c       0x6c ./Generated_Code/TU1.o
                0x0000855c                TU1_Interrupt
 .text.T_100ms_Init
                0x000085c8       0xb0 ./Generated_Code/T_100ms.o
                0x000085c8                T_100ms_Init
 .text.T_100ms_Enable
                0x00008678       0x30 ./Generated_Code/T_100ms.o
                0x00008678                T_100ms_Enable
 .text.T_100ms_Disable
                0x000086a8       0x28 ./Generated_Code/T_100ms.o
                0x000086a8                T_100ms_Disable
 .text.T_100ms_Interrupt
                0x000086d0       0x6c ./Generated_Code/T_100ms.o
                0x000086d0                T_100ms_Interrupt
 .text.T_500ms_Init
                0x0000873c       0xcc ./Generated_Code/T_500ms.o
                0x0000873c                T_500ms_Init
 .text.T_500ms_Interrupt
                0x00008808       0x6c ./Generated_Code/T_500ms.o
                0x00008808                T_500ms_Interrupt
 .text.WAIT1_Wait10Cycles
                0x00008874        0x8 ./Generated_Code/WAIT1.o
                0x00008874                WAIT1_Wait10Cycles
 .text.WAIT1_Wait100Cycles
                0x0000887c       0x1c ./Generated_Code/WAIT1.o
                0x0000887c                WAIT1_Wait100Cycles
 .text.WAIT1_WaitCycles
                0x00008898       0x34 ./Generated_Code/WAIT1.o
                0x00008898                WAIT1_WaitCycles
 .text.WAIT1_WaitLongCycles
                0x000088cc       0x38 ./Generated_Code/WAIT1.o
                0x000088cc                WAIT1_WaitLongCycles
 .text.WAIT1_Waitms
                0x00008904       0x2c ./Generated_Code/WAIT1.o
                0x00008904                WAIT1_Waitms
 .text.round    0x00008930       0x9c c:/freescale/kds_v3/toolchain/bin/../lib/gcc/arm-none-eabi/4.8.4/../../../../arm-none-eabi/lib/armv7e-m\libm.a(lib_a-s_round.o)
                0x00008930                round
 .text.pow      0x000089cc      0x2f8 c:/freescale/kds_v3/toolchain/bin/../lib/gcc/arm-none-eabi/4.8.4/../../../../arm-none-eabi/lib/armv7e-m\libm.a(lib_a-w_pow.o)
                0x000089cc                pow
 *fill*         0x00008cc4        0x4 
 .text.__ieee754_pow
                0x00008cc8      0xa78 c:/freescale/kds_v3/toolchain/bin/../lib/gcc/arm-none-eabi/4.8.4/../../../../arm-none-eabi/lib/armv7e-m\libm.a(lib_a-e_pow.o)
                0x00008cc8                __ieee754_pow
 .text.__ieee754_sqrt
                0x00009740      0x180 c:/freescale/kds_v3/toolchain/bin/../lib/gcc/arm-none-eabi/4.8.4/../../../../arm-none-eabi/lib/armv7e-m\libm.a(lib_a-e_sqrt.o)
                0x00009740                __ieee754_sqrt
 .text.fabs     0x000098c0        0x8 c:/freescale/kds_v3/toolchain/bin/../lib/gcc/arm-none-eabi/4.8.4/../../../../arm-none-eabi/lib/armv7e-m\libm.a(lib_a-s_fabs.o)
                0x000098c0                fabs
 .text.finite   0x000098c8        0xc c:/freescale/kds_v3/toolchain/bin/../lib/gcc/arm-none-eabi/4.8.4/../../../../arm-none-eabi/lib/armv7e-m\libm.a(lib_a-s_finite.o)
                0x000098c8                finite
 .text.__fpclassifyd
                0x000098d4       0x50 c:/freescale/kds_v3/toolchain/bin/../lib/gcc/arm-none-eabi/4.8.4/../../../../arm-none-eabi/lib/armv7e-m\libm.a(lib_a-s_fpclassify.o)
                0x000098d4                __fpclassifyd
 .text.matherr  0x00009924        0x4 c:/freescale/kds_v3/toolchain/bin/../lib/gcc/arm-none-eabi/4.8.4/../../../../arm-none-eabi/lib/armv7e-m\libm.a(lib_a-s_matherr.o)
                0x00009924                matherr
 .text.nan      0x00009928        0xc c:/freescale/kds_v3/toolchain/bin/../lib/gcc/arm-none-eabi/4.8.4/../../../../arm-none-eabi/lib/armv7e-m\libm.a(lib_a-s_nan.o)
                0x00009928                nan
 .text.rint     0x00009934      0x118 c:/freescale/kds_v3/toolchain/bin/../lib/gcc/arm-none-eabi/4.8.4/../../../../arm-none-eabi/lib/armv7e-m\libm.a(lib_a-s_rint.o)
                0x00009934                rint
 *fill*         0x00009a4c        0x4 
 .text.scalbn   0x00009a50      0x118 c:/freescale/kds_v3/toolchain/bin/../lib/gcc/arm-none-eabi/4.8.4/../../../../arm-none-eabi/lib/armv7e-m\libm.a(lib_a-s_scalbn.o)
                0x00009a50                scalbn
 .text.copysign
                0x00009b68       0x14 c:/freescale/kds_v3/toolchain/bin/../lib/gcc/arm-none-eabi/4.8.4/../../../../arm-none-eabi/lib/armv7e-m\libm.a(lib_a-s_copysign.o)
                0x00009b68                copysign
 .text.abort    0x00009b7c        0xe c:/freescale/kds_v3/toolchain/bin/../lib/gcc/arm-none-eabi/4.8.4/../../../../arm-none-eabi/lib/armv7e-m\libg_s.a(lib_a-abort.o)
                0x00009b7c                abort
 *fill*         0x00009b8a        0x2 
 .text.__errno  0x00009b8c        0xc c:/freescale/kds_v3/toolchain/bin/../lib/gcc/arm-none-eabi/4.8.4/../../../../arm-none-eabi/lib/armv7e-m\libg_s.a(lib_a-errno.o)
                0x00009b8c                __errno
 .text.exit     0x00009b98       0x28 c:/freescale/kds_v3/toolchain/bin/../lib/gcc/arm-none-eabi/4.8.4/../../../../arm-none-eabi/lib/armv7e-m\libg_s.a(lib_a-exit.o)
                0x00009b98                exit
 .text.__libc_init_array
                0x00009bc0       0x4c c:/freescale/kds_v3/toolchain/bin/../lib/gcc/arm-none-eabi/4.8.4/../../../../arm-none-eabi/lib/armv7e-m\libg_s.a(lib_a-init.o)
                0x00009bc0                __libc_init_array
 .text.memcpy   0x00009c0c       0x12 c:/freescale/kds_v3/toolchain/bin/../lib/gcc/arm-none-eabi/4.8.4/../../../../arm-none-eabi/lib/armv7e-m\libg_s.a(lib_a-memcpy-stub.o)
                0x00009c0c                memcpy
 .text.memset   0x00009c1e       0x10 c:/freescale/kds_v3/toolchain/bin/../lib/gcc/arm-none-eabi/4.8.4/../../../../arm-none-eabi/lib/armv7e-m\libg_s.a(lib_a-memset.o)
                0x00009c1e                memset
 .text._raise_r
                0x00009c2e       0x50 c:/freescale/kds_v3/toolchain/bin/../lib/gcc/arm-none-eabi/4.8.4/../../../../arm-none-eabi/lib/armv7e-m\libg_s.a(lib_a-signal.o)
                0x00009c2e                _raise_r
 *fill*         0x00009c7e        0x2 
 .text.raise    0x00009c80       0x10 c:/freescale/kds_v3/toolchain/bin/../lib/gcc/arm-none-eabi/4.8.4/../../../../arm-none-eabi/lib/armv7e-m\libg_s.a(lib_a-signal.o)
                0x00009c80                raise
 .text._kill_r  0x00009c90       0x24 c:/freescale/kds_v3/toolchain/bin/../lib/gcc/arm-none-eabi/4.8.4/../../../../arm-none-eabi/lib/armv7e-m\libg_s.a(lib_a-signalr.o)
                0x00009c90                _kill_r
 .text._getpid_r
                0x00009cb4        0x4 c:/freescale/kds_v3/toolchain/bin/../lib/gcc/arm-none-eabi/4.8.4/../../../../arm-none-eabi/lib/armv7e-m\libg_s.a(lib_a-signalr.o)
                0x00009cb4                _getpid_r
 .text.strlen   0x00009cb8       0x10 c:/freescale/kds_v3/toolchain/bin/../lib/gcc/arm-none-eabi/4.8.4/../../../../arm-none-eabi/lib/armv7e-m\libg_s.a(lib_a-strlen.o)
                0x00009cb8                strlen
 .text._vsprintf_r
                0x00009cc8       0x30 c:/freescale/kds_v3/toolchain/bin/../lib/gcc/arm-none-eabi/4.8.4/../../../../arm-none-eabi/lib/armv7e-m\libg_s.a(lib_a-vsprintf.o)
                0x00009cc8                _vsprintf_r
                0x00009cc8                _vsiprintf_r
 .text.vsprintf
                0x00009cf8       0x1c c:/freescale/kds_v3/toolchain/bin/../lib/gcc/arm-none-eabi/4.8.4/../../../../arm-none-eabi/lib/armv7e-m\libg_s.a(lib_a-vsprintf.o)
                0x00009cf8                vsiprintf
                0x00009cf8                vsprintf
 .text._malloc_r
                0x00009d14       0xa8 c:/freescale/kds_v3/toolchain/bin/../lib/gcc/arm-none-eabi/4.8.4/../../../../arm-none-eabi/lib/armv7e-m\libg_s.a(lib_a-nano-mallocr.o)
                0x00009d14                _malloc_r
 .text._sbrk_r  0x00009dbc       0x20 c:/freescale/kds_v3/toolchain/bin/../lib/gcc/arm-none-eabi/4.8.4/../../../../arm-none-eabi/lib/armv7e-m\libg_s.a(lib_a-sbrkr.o)
                0x00009dbc                _sbrk_r
 .text.__ssputs_r
                0x00009ddc       0xb8 c:/freescale/kds_v3/toolchain/bin/../lib/gcc/arm-none-eabi/4.8.4/../../../../arm-none-eabi/lib/armv7e-m\libg_s.a(lib_a-svfprintf.o)
                0x00009ddc                __ssputs_r
 .text._svfprintf_r
                0x00009e94      0x1dc c:/freescale/kds_v3/toolchain/bin/../lib/gcc/arm-none-eabi/4.8.4/../../../../arm-none-eabi/lib/armv7e-m\libg_s.a(lib_a-svfprintf.o)
                0x00009e94                _svfiprintf_r
                0x00009e94                _svfprintf_r
 .text._printf_common
                0x0000a070       0xe4 c:/freescale/kds_v3/toolchain/bin/../lib/gcc/arm-none-eabi/4.8.4/../../../../arm-none-eabi/lib/armv7e-m\libg_s.a(lib_a-vfprintf_i.o)
                0x0000a070                _printf_common
 .text._printf_i
                0x0000a154      0x228 c:/freescale/kds_v3/toolchain/bin/../lib/gcc/arm-none-eabi/4.8.4/../../../../arm-none-eabi/lib/armv7e-m\libg_s.a(lib_a-vfprintf_i.o)
                0x0000a154                _printf_i
 .text.memchr   0x0000a37c       0x1e c:/freescale/kds_v3/toolchain/bin/../lib/gcc/arm-none-eabi/4.8.4/../../../../arm-none-eabi/lib/armv7e-m\libg_s.a(lib_a-memchr-stub.o)
                0x0000a37c                memchr
 .text.memmove  0x0000a39a       0x36 c:/freescale/kds_v3/toolchain/bin/../lib/gcc/arm-none-eabi/4.8.4/../../../../arm-none-eabi/lib/armv7e-m\libg_s.a(lib_a-memmove.o)
                0x0000a39a                memmove
 .text._free_r  0x0000a3d0       0x88 c:/freescale/kds_v3/toolchain/bin/../lib/gcc/arm-none-eabi/4.8.4/../../../../arm-none-eabi/lib/armv7e-m\libg_s.a(lib_a-nano-freer.o)
                0x0000a3d0                _free_r
 .text._realloc_r
                0x0000a458       0x4c c:/freescale/kds_v3/toolchain/bin/../lib/gcc/arm-none-eabi/4.8.4/../../../../arm-none-eabi/lib/armv7e-m\libg_s.a(lib_a-nano-reallocr.o)
                0x0000a458                _realloc_r
 .text._malloc_usable_size_r
                0x0000a4a4       0x12 c:/freescale/kds_v3/toolchain/bin/../lib/gcc/arm-none-eabi/4.8.4/../../../../arm-none-eabi/lib/armv7e-m\libg_s.a(lib_a-nano-msizer.o)
                0x0000a4a4                _malloc_usable_size_r
 *fill*         0x0000a4b6        0x2 
 .text._getpid  0x0000a4b8       0x10 c:/freescale/kds_v3/toolchain/bin/../lib/gcc/arm-none-eabi/4.8.4/../../../../arm-none-eabi/lib/armv7e-m\libnosys.a(getpid.o)
                0x0000a4b8                _getpid
 .text._kill    0x0000a4c8       0x10 c:/freescale/kds_v3/toolchain/bin/../lib/gcc/arm-none-eabi/4.8.4/../../../../arm-none-eabi/lib/armv7e-m\libnosys.a(kill.o)
                0x0000a4c8                _kill
 .text._sbrk    0x0000a4d8       0x34 c:/freescale/kds_v3/toolchain/bin/../lib/gcc/arm-none-eabi/4.8.4/../../../../arm-none-eabi/lib/armv7e-m\libnosys.a(sbrk.o)
                0x0000a4d8                _sbrk
 .text._exit    0x0000a50c        0x4 c:/freescale/kds_v3/toolchain/bin/../lib/gcc/arm-none-eabi/4.8.4/../../../../arm-none-eabi/lib/armv7e-m\libnosys.a(_exit.o)
                0x0000a50c                _exit
 *(.rodata)
 .rodata        0x0000a510      0x474 ./Sources/display.o
 .rodata        0x0000a984       0x18 ./Sources/menu.o
 .rodata        0x0000a99c      0x27c ./Sources/protocol.o
 .rodata        0x0000ac18      0x27c ./Sources/send.o
 *(.rodata*)
 .rodata.SafeRoutine
                0x0000ae94       0x30 ./Generated_Code/IntFlashLdd1.o
 .rodata.str1.4
                0x0000aec4        0x4 c:/freescale/kds_v3/toolchain/bin/../lib/gcc/arm-none-eabi/4.8.4/../../../../arm-none-eabi/lib/armv7e-m\libm.a(lib_a-w_pow.o)
 .rodata.dp_h   0x0000aec8       0x10 c:/freescale/kds_v3/toolchain/bin/../lib/gcc/arm-none-eabi/4.8.4/../../../../arm-none-eabi/lib/armv7e-m\libm.a(lib_a-e_pow.o)
 .rodata.dp_l   0x0000aed8       0x10 c:/freescale/kds_v3/toolchain/bin/../lib/gcc/arm-none-eabi/4.8.4/../../../../arm-none-eabi/lib/armv7e-m\libm.a(lib_a-e_pow.o)
 .rodata.bp     0x0000aee8       0x10 c:/freescale/kds_v3/toolchain/bin/../lib/gcc/arm-none-eabi/4.8.4/../../../../arm-none-eabi/lib/armv7e-m\libm.a(lib_a-e_pow.o)
 .rodata.str1.4
                0x0000aef8        0x4 c:/freescale/kds_v3/toolchain/bin/../lib/gcc/arm-none-eabi/4.8.4/../../../../arm-none-eabi/lib/armv7e-m\libm.a(lib_a-e_pow.o)
 *fill*         0x0000aefc        0x4 
 .rodata.TWO52  0x0000af00       0x10 c:/freescale/kds_v3/toolchain/bin/../lib/gcc/arm-none-eabi/4.8.4/../../../../arm-none-eabi/lib/armv7e-m\libm.a(lib_a-s_rint.o)
 .rodata.str1.1
                0x0000af10        0x2 c:/freescale/kds_v3/toolchain/bin/../lib/gcc/arm-none-eabi/4.8.4/../../../../arm-none-eabi/lib/armv7e-m\libg_s.a(lib_a-impure.o)
 *fill*         0x0000af12        0x2 
 .rodata._global_impure_ptr
                0x0000af14        0x4 c:/freescale/kds_v3/toolchain/bin/../lib/gcc/arm-none-eabi/4.8.4/../../../../arm-none-eabi/lib/armv7e-m\libg_s.a(lib_a-impure.o)
                0x0000af14                _global_impure_ptr
 .rodata.str1.1
                0x0000af18       0x11 c:/freescale/kds_v3/toolchain/bin/../lib/gcc/arm-none-eabi/4.8.4/../../../../arm-none-eabi/lib/armv7e-m\libg_s.a(lib_a-svfprintf.o)
 .rodata.str1.1
                0x0000af29       0x22 c:/freescale/kds_v3/toolchain/bin/../lib/gcc/arm-none-eabi/4.8.4/../../../../arm-none-eabi/lib/armv7e-m\libg_s.a(lib_a-vfprintf_i.o)
 *(.glue_7)
 .glue_7        0x00000000        0x0 linker stubs
 *(.glue_7t)
 .glue_7t       0x00000000        0x0 linker stubs
 *(.eh_frame)
 *fill*         0x0000af4b        0x1 
 .eh_frame      0x0000af4c        0x0 c:/freescale/kds_v3/toolchain/bin/../lib/gcc/arm-none-eabi/4.8.4/armv7e-m/crtbegin.o
 *(.init)
 .init          0x0000af4c        0x4 c:/freescale/kds_v3/toolchain/bin/../lib/gcc/arm-none-eabi/4.8.4/armv7e-m/crti.o
                0x0000af4c                _init
 .init          0x0000af50        0x8 c:/freescale/kds_v3/toolchain/bin/../lib/gcc/arm-none-eabi/4.8.4/armv7e-m/crtn.o
 *(.fini)
 .fini          0x0000af58        0x4 c:/freescale/kds_v3/toolchain/bin/../lib/gcc/arm-none-eabi/4.8.4/armv7e-m/crti.o
                0x0000af58                _fini
 .fini          0x0000af5c        0x8 c:/freescale/kds_v3/toolchain/bin/../lib/gcc/arm-none-eabi/4.8.4/armv7e-m/crtn.o
                0x0000af64                . = ALIGN (0x4)
                0x0000af64                _etext = .

.vfp11_veneer   0x0000af64        0x0
 .vfp11_veneer  0x00000000        0x0 linker stubs

.v4_bx          0x0000af64        0x0
 .v4_bx         0x00000000        0x0 linker stubs

.iplt           0x0000af64        0x0
 .iplt          0x00000000        0x0 c:/freescale/kds_v3/toolchain/bin/../lib/gcc/arm-none-eabi/4.8.4/armv7e-m/crtbegin.o

.ARM.extab      0x0000af64      0x1c8
 *(.ARM.extab* .gnu.linkonce.armextab.*)
 .ARM.extab.text.LCD_command
                0x0000af64        0xc ./Sources/LCD.o
 .ARM.extab.text.LCD_Set_Cursor
                0x0000af70        0xc ./Sources/LCD.o
 .ARM.extab.text.LCD_Write
                0x0000af7c        0xc ./Sources/LCD.o
 .ARM.extab.text.load_custom_char
                0x0000af88        0xc ./Sources/LCD.o
 .ARM.extab.text.LCD_Write_At
                0x0000af94        0xc ./Sources/LCD.o
 .ARM.extab.text.LCD_Write_Block
                0x0000afa0        0xc ./Sources/LCD.o
 .ARM.extab.text.PCA9670_SendByte
                0x0000afac        0xc ./Sources/PCA9670.o
 .ARM.extab.text.print_float_at
                0x0000afb8        0xc ./Sources/display.o
 .ARM.extab.text.print_int_at
                0x0000afc4        0xc ./Sources/display.o
 .ARM.extab.text.load_char
                0x0000afd0        0xc ./Sources/display.o
 .ARM.extab.text.menu_init
                0x0000afdc        0xc ./Sources/display.o
 .ARM.extab.text.refresh
                0x0000afe8        0xc ./Sources/display.o
 .ARM.extab.text.select
                0x0000aff4        0xc ./Sources/display.o
 .ARM.extab.text.back
                0x0000b000        0xc ./Sources/display.o
 .ARM.extab.text.controle_mode_display
                0x0000b00c        0xc ./Sources/display.o
 .ARM.extab.text.update_icon_dir
                0x0000b018        0xc ./Sources/display.o
 .ARM.extab.text.refresh_fct
                0x0000b024        0xc ./Sources/display.o
 .ARM.extab.text.velocity_fct
                0x0000b030        0xc ./Sources/display.o
 .ARM.extab.text.pos_position_fct
                0x0000b03c        0xc ./Sources/display.o
 .ARM.extab.text.torque_fct
                0x0000b048        0xc ./Sources/display.o
 .ARM.extab.text.print_menu
                0x0000b054        0xc ./Sources/menu.o
 .ARM.extab.text.print_sub_menu
                0x0000b060        0xc ./Sources/menu.o
 .ARM.extab.text.menu_select
                0x0000b06c        0xc ./Sources/menu.o
 .ARM.extab.text.menu_back
                0x0000b078        0xc ./Sources/menu.o
 .ARM.extab.text.refresh_menu
                0x0000b084        0xc ./Sources/menu.o
 .ARM.extab.text.serial_send_block
                0x0000b090        0xc ./Sources/protocol.o
 .ARM.extab.text.serial_send_float
                0x0000b09c        0xc ./Sources/protocol.o
 .ARM.extab.text.serial_send_int
                0x0000b0a8        0xc ./Sources/protocol.o
 .ARM.extab.text.serial_send_string
                0x0000b0b4        0xc ./Sources/protocol.o
 .ARM.extab.text.serial_send_char
                0x0000b0c0        0xc ./Sources/protocol.o
 .ARM.extab.text.msg_parse
                0x0000b0cc        0xc ./Sources/protocol.o
 .ARM.extab.text.msg_processing
                0x0000b0d8        0xc ./Sources/protocol.o
 .ARM.extab.text.Send_Control_Mode
                0x0000b0e4        0xc ./Sources/send.o
 .ARM.extab.text.send_fct
                0x0000b0f0        0xc ./Sources/send.o
 .ARM.extab.text.get_update_value
                0x0000b0fc        0xc ./Sources/send.o
 .ARM.extab     0x0000b108        0xc c:/freescale/kds_v3/toolchain/bin/../lib/gcc/arm-none-eabi/4.8.4/armv7e-m\libgcc.a(unwind-arm.o)
 .ARM.extab     0x0000b114       0x18 c:/freescale/kds_v3/toolchain/bin/../lib/gcc/arm-none-eabi/4.8.4/armv7e-m\libgcc.a(pr-support.o)

.ARM            0x0000b12c      0x240
                0x0000b12c                __exidx_start = .
 *(.ARM.exidx*)
 .ARM.exidx     0x0000b12c        0x8 c:/freescale/kds_v3/toolchain/bin/../lib/gcc/arm-none-eabi/4.8.4/../../../../arm-none-eabi/lib/armv7e-m/crt0.o
 .ARM.exidx.text.LCD_Init
                0x0000b1f4        0x8 ./Sources/LCD.o
 .ARM.exidx.text.LCD_command
                0x0000b1fc        0x8 ./Sources/LCD.o
 .ARM.exidx.text.LCD_Set_Cursor
                0x0000b204        0x8 ./Sources/LCD.o
 .ARM.exidx.text.LCD_Write
                0x0000b20c        0x8 ./Sources/LCD.o
 .ARM.exidx.text.load_custom_char
                0x0000b214        0x8 ./Sources/LCD.o
 .ARM.exidx.text.LCD_Write_At
                0x0000b21c        0x8 ./Sources/LCD.o
 .ARM.exidx.text.LCD_Write_Block
                0x0000b224        0x8 ./Sources/LCD.o
 .ARM.exidx.text.PCA9670_Init
                0x0000b22c        0x8 ./Sources/PCA9670.o
 .ARM.exidx.text.PCA9670_SendByte
                0x0000b234        0x8 ./Sources/PCA9670.o
 .ARM.exidx.text.vspfunc
                0x0000b23c        0x8 ./Sources/display.o
 .ARM.exidx.text.print_float_at
                0x0000b244        0x8 ./Sources/display.o
 .ARM.exidx.text.print_int_at
                0x0000b24c        0x8 ./Sources/display.o
 .ARM.exidx.text.load_char
                0x0000b254        0x8 ./Sources/display.o
 .ARM.exidx.text.menu_init
                0x0000b25c        0x8 ./Sources/display.o
 .ARM.exidx.text.refresh
                0x0000b264        0x8 ./Sources/display.o
 .ARM.exidx.text.select
                0x0000b26c        0x8 ./Sources/display.o
 .ARM.exidx.text.back
                0x0000b274        0x8 ./Sources/display.o
 .ARM.exidx.text.controle_mode_display
                0x0000b27c        0x8 ./Sources/display.o
 .ARM.exidx.text.control_mode_fct
                0x0000b284        0x8 ./Sources/display.o
 .ARM.exidx.text.update_icon_dir
                0x0000b28c        0x8 ./Sources/display.o
 .ARM.exidx.text.update_icon_drive_enable
                0x0000b294        0x8 ./Sources/display.o
 .ARM.exidx.text.refresh_fct
                0x0000b29c        0x8 ./Sources/display.o
 .ARM.exidx.text.velocity_fct
                0x0000b2a4        0x8 ./Sources/display.o
 .ARM.exidx.text.acceleration_fct
                0x0000b2ac        0x8 ./Sources/display.o
 .ARM.exidx.text.deceleration_fct
                0x0000b2b4        0x0 ./Sources/display.o
                                  0x8 (size before relaxing)
 .ARM.exidx.text.back_fct
                0x0000b2b4        0x0 ./Sources/display.o
                                  0x8 (size before relaxing)
 .ARM.exidx.text.pos_position_fct
                0x0000b2b4        0x8 ./Sources/display.o
 .ARM.exidx.text.pos_velocity_fct
                0x0000b2bc        0x8 ./Sources/display.o
 .ARM.exidx.text.pos_acceleration_fct
                0x0000b2c4        0x0 ./Sources/display.o
                                  0x8 (size before relaxing)
 .ARM.exidx.text.pos_deceleration_fct
                0x0000b2c4        0x0 ./Sources/display.o
                                  0x8 (size before relaxing)
 .ARM.exidx.text.pos_set_home_fct
                0x0000b2c4        0x0 ./Sources/display.o
                                  0x8 (size before relaxing)
 .ARM.exidx.text.torque_fct
                0x0000b2c4        0x8 ./Sources/display.o
 .ARM.exidx.text.torque_rise_fct
                0x0000b2cc        0x8 ./Sources/display.o
 .ARM.exidx.text.torque_fall_fct
                0x0000b2d4        0x0 ./Sources/display.o
                                  0x8 (size before relaxing)
 .ARM.exidx.text.short_cut_position_menu
                0x0000b2d4        0x0 ./Sources/display.o
                                  0x8 (size before relaxing)
 .ARM.exidx.text._Z41__static_initialization_and_destruction_0ii
                0x0000b2d4        0x8 ./Sources/display.o
 .ARM.exidx.text._GLOBAL__sub_I_buffer
                0x0000b2dc        0x0 ./Sources/display.o
                                  0x8 (size before relaxing)
 .ARM.exidx.text.init_menu
                0x0000b2dc        0x0 ./Sources/menu.o
                                  0x8 (size before relaxing)
 .ARM.exidx.text.init_sub_menu
                0x0000b2dc        0x0 ./Sources/menu.o
                                  0x8 (size before relaxing)
 .ARM.exidx.text.init_menu_list
                0x0000b2dc        0x0 ./Sources/menu.o
                                  0x8 (size before relaxing)
 .ARM.exidx.text.init_sub_menu_list
                0x0000b2dc        0x0 ./Sources/menu.o
                                  0x8 (size before relaxing)
 .ARM.exidx.text.print_menu
                0x0000b2dc        0x8 ./Sources/menu.o
 .ARM.exidx.text.print_sub_menu
                0x0000b2e4        0x8 ./Sources/menu.o
 .ARM.exidx.text.menu_select
                0x0000b2ec        0x8 ./Sources/menu.o
 .ARM.exidx.text.menu_back
                0x0000b2f4        0x8 ./Sources/menu.o
 .ARM.exidx.text.refresh_menu
                0x0000b2fc        0x8 ./Sources/menu.o
 .ARM.exidx.text.void_function
                0x0000b304        0x8 ./Sources/menu.o
 .ARM.exidx.text.parameters_init
                0x0000b30c        0x0 ./Sources/parameters.o
                                  0x8 (size before relaxing)
 .ARM.exidx.text.convert
                0x0000b30c        0x0 ./Sources/parameters.o
                                  0x8 (size before relaxing)
 .ARM.exidx.text.serial_send_block
                0x0000b30c        0x8 ./Sources/protocol.o
 .ARM.exidx.text.serial_send_float
                0x0000b314        0x8 ./Sources/protocol.o
 .ARM.exidx.text.serial_send_int
                0x0000b31c        0x8 ./Sources/protocol.o
 .ARM.exidx.text.serial_send_string
                0x0000b324        0x8 ./Sources/protocol.o
 .ARM.exidx.text.serial_send_char
                0x0000b32c        0x8 ./Sources/protocol.o
 .ARM.exidx.text.serial_send_end
                0x0000b334        0x8 ./Sources/protocol.o
 .ARM.exidx.text.msg_parse
                0x0000b33c        0x8 ./Sources/protocol.o
 .ARM.exidx.text.msg_processing
                0x0000b344        0x8 ./Sources/protocol.o
 .ARM.exidx.text.Send_Control_Mode
                0x0000b34c        0x8 ./Sources/send.o
 .ARM.exidx.text.send_fct
                0x0000b354        0x8 ./Sources/send.o
 .ARM.exidx.text.get_update_value
                0x0000b35c        0x8 ./Sources/send.o
 .ARM.exidx.text.velocity_processing
                0x0000b364        0x8 ./Sources/send.o
 .ARM.exidx.text.velocity_ref_processing
                0x0000b36c        0x0 ./Sources/send.o
                                  0x8 (size before relaxing)
 .ARM.exidx.text.acceleration_processing
                0x0000b36c        0x0 ./Sources/send.o
                                  0x8 (size before relaxing)
 .ARM.exidx.text.deceleration_processing
                0x0000b36c        0x0 ./Sources/send.o
                                  0x8 (size before relaxing)
 .ARM.exidx.text.torque_processing
                0x0000b36c        0x0 ./Sources/send.o
                                  0x8 (size before relaxing)
 .ARM.exidx.text.torque_rise_processing
                0x0000b36c        0x0 ./Sources/send.o
                                  0x8 (size before relaxing)
 .ARM.exidx.text.torque_fall_processing
                0x0000b36c        0x0 ./Sources/send.o
                                  0x8 (size before relaxing)
 .ARM.exidx.text.control_mode_processing
                0x0000b36c        0x0 ./Sources/send.o
                                  0x8 (size before relaxing)
 .ARM.exidx.text.drive_enable_processing
                0x0000b36c        0x0 ./Sources/send.o
                                  0x8 (size before relaxing)
 .ARM.exidx     0x0000b134       0x88 c:/freescale/kds_v3/toolchain/bin/../lib/gcc/arm-none-eabi/4.8.4/armv7e-m\libgcc.a(unwind-arm.o)
                                 0xd8 (size before relaxing)
 .ARM.exidx     0x0000b1bc       0x38 c:/freescale/kds_v3/toolchain/bin/../lib/gcc/arm-none-eabi/4.8.4/armv7e-m\libgcc.a(pr-support.o)
                                 0x48 (size before relaxing)
                0x0000b36c                __exidx_end = .

.rel.dyn        0x0000b36c        0x0
 .rel.iplt      0x00000000        0x0 c:/freescale/kds_v3/toolchain/bin/../lib/gcc/arm-none-eabi/4.8.4/armv7e-m/crtbegin.o

.ctors          0x0000b36c        0x0
                0x0000b36c                __CTOR_LIST__ = .
 *crtbegin.o(.ctors)
 *(EXCLUDE_FILE(*crtend.o) .ctors)
 *(SORT(.ctors.*))
 *(.ctors)
                0x0000b36c                __CTOR_END__ = .

.dtors          0x0000b36c        0x0
                0x0000b36c                __DTOR_LIST__ = .
 *crtbegin.o(.dtors)
 *(EXCLUDE_FILE(*crtend.o) .dtors)
 *(SORT(.dtors.*))
 *(.dtors)
                0x0000b36c                __DTOR_END__ = .

.preinit_array  0x0000b36c        0x0
                0x0000b36c                PROVIDE (__preinit_array_start, .)
 *(.preinit_array*)
                0x0000b36c                PROVIDE (__preinit_array_end, .)

.init_array     0x0000b36c        0x8
                0x0000b36c                PROVIDE (__init_array_start, .)
 *(SORT(.init_array.*))
 *(.init_array*)
 .init_array    0x0000b36c        0x4 c:/freescale/kds_v3/toolchain/bin/../lib/gcc/arm-none-eabi/4.8.4/armv7e-m/crtbegin.o
 .init_array    0x0000b370        0x4 ./Sources/display.o
                0x0000b374                PROVIDE (__init_array_end, .)

.fini_array     0x0000b374        0x4
                0x0000b374                PROVIDE (__fini_array_start, .)
 *(SORT(.fini_array.*))
 *(.fini_array*)
 .fini_array    0x0000b374        0x4 c:/freescale/kds_v3/toolchain/bin/../lib/gcc/arm-none-eabi/4.8.4/armv7e-m/crtbegin.o
                0x0000b378                PROVIDE (__fini_array_end, .)
                0x0000b378                ___ROM_AT = .

.data           0x1fff8000       0xe4 load address 0x0000b378
                0x1fff8000                . = ALIGN (0x4)
                0x1fff8000                _sdata = .
 *(.data)
 *(.data*)
 .data._ZL6Get_OK
                0x1fff8000        0x4 ./Sources/protocol.o
 .data._ZL7Get_ERR
                0x1fff8004        0x4 ./Sources/protocol.o
 .data._ZL6Set_OK
                0x1fff8008        0x4 ./Sources/protocol.o
 .data._ZL7Set_ERR
                0x1fff800c        0x4 ./Sources/protocol.o
 .data._ZL8Velocity
                0x1fff8010        0x4 ./Sources/protocol.o
 .data._ZL12Velocity_ref
                0x1fff8014        0x4 ./Sources/protocol.o
 .data._ZL8Set_Home
                0x1fff8018        0x4 ./Sources/protocol.o
 .data._ZL12Acceleration
                0x1fff801c        0x4 ./Sources/protocol.o
 .data._ZL12Deceleration
                0x1fff8020        0x4 ./Sources/protocol.o
 .data._ZL6Torque
                0x1fff8024        0x4 ./Sources/protocol.o
 .data._ZL11Torque_rise
                0x1fff8028        0x4 ./Sources/protocol.o
 .data._ZL11Torque_fall
                0x1fff802c        0x4 ./Sources/protocol.o
 .data._ZL12Drive_Enable
                0x1fff8030        0x4 ./Sources/protocol.o
 .data._ZL12Control_Mode
                0x1fff8034        0x4 ./Sources/protocol.o
 .data._ZL3Get  0x1fff8038        0x4 ./Sources/send.o
 .data._ZL3Set  0x1fff803c        0x4 ./Sources/send.o
 .data._ZL8Velocity
                0x1fff8040        0x4 ./Sources/send.o
 .data._ZL12Velocity_ref
                0x1fff8044        0x4 ./Sources/send.o
 .data._ZL8Position
                0x1fff8048        0x4 ./Sources/send.o
 .data._ZL12Position_ref
                0x1fff804c        0x4 ./Sources/send.o
 .data._ZL6Pos_go
                0x1fff8050        0x4 ./Sources/send.o
 .data._ZL8Set_Home
                0x1fff8054        0x4 ./Sources/send.o
 .data._ZL7Go_Home
                0x1fff8058        0x4 ./Sources/send.o
 .data._ZL12Acceleration
                0x1fff805c        0x4 ./Sources/send.o
 .data._ZL12Deceleration
                0x1fff8060        0x4 ./Sources/send.o
 .data._ZL6Torque
                0x1fff8064        0x4 ./Sources/send.o
 .data._ZL10Torque_ref
                0x1fff8068        0x4 ./Sources/send.o
 .data._ZL11Torque_rise
                0x1fff806c        0x4 ./Sources/send.o
 .data._ZL11Torque_fall
                0x1fff8070        0x4 ./Sources/send.o
 .data._ZL12Drive_Enable
                0x1fff8074        0x4 ./Sources/send.o
 .data._ZL12Control_Mode
                0x1fff8078        0x4 ./Sources/send.o
 .data.__fdlib_version
                0x1fff807c        0x1 c:/freescale/kds_v3/toolchain/bin/../lib/gcc/arm-none-eabi/4.8.4/../../../../arm-none-eabi/lib/armv7e-m\libm.a(lib_a-s_lib_ver.o)
                0x1fff807c                __fdlib_version
 *fill*         0x1fff807d        0x3 
 .data.impure_data
                0x1fff8080       0x60 c:/freescale/kds_v3/toolchain/bin/../lib/gcc/arm-none-eabi/4.8.4/../../../../arm-none-eabi/lib/armv7e-m\libg_s.a(lib_a-impure.o)
 .data._impure_ptr
                0x1fff80e0        0x4 c:/freescale/kds_v3/toolchain/bin/../lib/gcc/arm-none-eabi/4.8.4/../../../../arm-none-eabi/lib/armv7e-m\libg_s.a(lib_a-impure.o)
                0x1fff80e0                _impure_ptr
                0x1fff80e4                . = ALIGN (0x4)
                0x1fff80e4                _edata = .
                0x000000e4                ___data_size = (_edata - _sdata)
                0x0000b45c                ___m_data_20000000_ROMStart = (___ROM_AT + SIZEOF (.data))

.jcr            0x1fff80e4        0x0 load address 0x0000b45c
 .jcr           0x1fff80e4        0x0 c:/freescale/kds_v3/toolchain/bin/../lib/gcc/arm-none-eabi/4.8.4/armv7e-m/crtbegin.o

.igot.plt       0x1fff80e4        0x0 load address 0x0000b45c
 .igot.plt      0x00000000        0x0 c:/freescale/kds_v3/toolchain/bin/../lib/gcc/arm-none-eabi/4.8.4/armv7e-m/crtbegin.o

.m_data_20000000
                0x20000000        0x0 load address 0x0000b45c
                0x20000000                . = ALIGN (0x4)
                0x20000000                ___m_data_20000000_RAMStart = .
 *(.m_data_20000000)
                0x20000000                ___m_data_20000000_RAMEnd = .
                0x20000000                . = ALIGN (0x4)
                0x00000000                ___m_data_20000000_ROMSize = (___m_data_20000000_RAMEnd - ___m_data_20000000_RAMStart)
                0x20000000                . = ALIGN (0x4)

.bss            0x1fff80e4      0xa0c load address 0x0000b45c
                0x1fff80e4                __START_BSS = .
                0x1fff80e4                PROVIDE (__bss_start__, __START_BSS)
 *(.bss)
 .bss           0x1fff80e4       0x1c c:/freescale/kds_v3/toolchain/bin/../lib/gcc/arm-none-eabi/4.8.4/armv7e-m/crtbegin.o
 *(.bss*)
 .bss.LCD_flag  0x1fff8100        0x1 ./Sources/LCD.o
                0x1fff8100                LCD_flag
 *fill*         0x1fff8101        0x3 
 .bss.buffer    0x1fff8104       0x50 ./Sources/display.o
                0x1fff8104                buffer
 .bss.FLAG_MENU
                0x1fff8154        0x1 ./Sources/display.o
                0x1fff8154                FLAG_MENU
 *fill*         0x1fff8155        0x3 
 .bss.back_menu
                0x1fff8158       0x10 ./Sources/display.o
                0x1fff8158                back_menu
 .bss.vel_velocity
                0x1fff8168       0x10 ./Sources/display.o
                0x1fff8168                vel_velocity
 .bss.vel_acc   0x1fff8178       0x10 ./Sources/display.o
                0x1fff8178                vel_acc
 .bss.vel_dec   0x1fff8188       0x10 ./Sources/display.o
                0x1fff8188                vel_dec
 .bss.vel_cue   0x1fff8198       0x10 ./Sources/display.o
                0x1fff8198                vel_cue
 .bss.sub_menu_velocity
                0x1fff81a8       0x50 ./Sources/display.o
                0x1fff81a8                sub_menu_velocity
 .bss.menu_velocity
                0x1fff81f8        0xc ./Sources/display.o
                0x1fff81f8                menu_velocity
 .bss.pos_position
                0x1fff8204       0x10 ./Sources/display.o
                0x1fff8204                pos_position
 .bss.pos_velocity
                0x1fff8214       0x10 ./Sources/display.o
                0x1fff8214                pos_velocity
 .bss.pos_acc   0x1fff8224       0x10 ./Sources/display.o
                0x1fff8224                pos_acc
 .bss.pos_dec   0x1fff8234       0x10 ./Sources/display.o
                0x1fff8234                pos_dec
 .bss.pos_cue   0x1fff8244       0x10 ./Sources/display.o
                0x1fff8244                pos_cue
 .bss.pos_set_home
                0x1fff8254       0x10 ./Sources/display.o
                0x1fff8254                pos_set_home
 .bss.sub_menu_position
                0x1fff8264       0x70 ./Sources/display.o
                0x1fff8264                sub_menu_position
 .bss.menu_position
                0x1fff82d4        0xc ./Sources/display.o
                0x1fff82d4                menu_position
 .bss.tor_torque
                0x1fff82e0       0x10 ./Sources/display.o
                0x1fff82e0                tor_torque
 .bss.tor_torque_rise
                0x1fff82f0       0x10 ./Sources/display.o
                0x1fff82f0                tor_torque_rise
 .bss.tor_torque_fall
                0x1fff8300       0x10 ./Sources/display.o
                0x1fff8300                tor_torque_fall
 .bss.tor_cue   0x1fff8310       0x10 ./Sources/display.o
                0x1fff8310                tor_cue
 .bss.sub_menu_torque
                0x1fff8320       0x50 ./Sources/display.o
                0x1fff8320                sub_menu_torque
 .bss.menu_torque
                0x1fff8370        0xc ./Sources/display.o
                0x1fff8370                menu_torque
 .bss.velocity  0x1fff837c       0x1c ./Sources/display.o
                0x1fff837c                velocity
 .bss.position  0x1fff8398       0x1c ./Sources/display.o
                0x1fff8398                position
 .bss.torque    0x1fff83b4       0x1c ./Sources/display.o
                0x1fff83b4                torque
 .bss.setting   0x1fff83d0       0x1c ./Sources/display.o
                0x1fff83d0                setting
 .bss.menu_array
                0x1fff83ec       0x70 ./Sources/display.o
                0x1fff83ec                menu_array
 .bss.root_menu
                0x1fff845c        0xc ./Sources/display.o
                0x1fff845c                root_menu
 .bss.FLAG_PUSH_SHORT
                0x1fff8468        0x1 ./Sources/encoder_variable.o
                0x1fff8468                FLAG_PUSH_SHORT
 .bss.FLAG_PUSH_LONG
                0x1fff8469        0x1 ./Sources/encoder_variable.o
                0x1fff8469                FLAG_PUSH_LONG
 .bss.FLAG_ENCODER
                0x1fff846a        0x1 ./Sources/encoder_variable.o
                0x1fff846a                FLAG_ENCODER
 .bss.FLAG_DEBOUNCE
                0x1fff846b        0x1 ./Sources/encoder_variable.o
                0x1fff846b                FLAG_DEBOUNCE
 .bss.FLAG_SENS
                0x1fff846c        0x1 ./Sources/encoder_variable.o
                0x1fff846c                FLAG_SENS
 .bss.FLAG_SENS_1
                0x1fff846d        0x1 ./Sources/encoder_variable.o
                0x1fff846d                FLAG_SENS_1
 .bss.FLAG_SENS_2
                0x1fff846e        0x1 ./Sources/encoder_variable.o
                0x1fff846e                FLAG_SENS_2
 *fill*         0x1fff846f        0x1 
 .bss.counter_100ms
                0x1fff8470        0x4 ./Sources/encoder_variable.o
                0x1fff8470                counter_100ms
 .bss.encoder   0x1fff8474        0x4 ./Sources/encoder_variable.o
                0x1fff8474                encoder
 .bss.FLAG_CONTROL_MODE
                0x1fff8478        0x1 ./Sources/menu.o
                0x1fff8478                FLAG_CONTROL_MODE
 *fill*         0x1fff8479        0x3 
 .bss.menu_indicator
                0x1fff847c        0x4 ./Sources/parameters.o
                0x1fff847c                menu_indicator
 .bss.drive_enable_st
                0x1fff8480        0x1 ./Sources/parameters.o
                0x1fff8480                drive_enable_st
 .bss.FLAG_SET_HOME
                0x1fff8481        0x1 ./Sources/parameters.o
                0x1fff8481                FLAG_SET_HOME
 *fill*         0x1fff8482        0x2 
 .bss.counter_2s
                0x1fff8484        0x4 ./Sources/parameters.o
                0x1fff8484                counter_2s
 .bss.FLAG_SHORT_CUT
                0x1fff8488        0x1 ./Sources/parameters.o
                0x1fff8488                FLAG_SHORT_CUT
 *fill*         0x1fff8489        0x3 
 .bss.vel       0x1fff848c       0x1c ./Sources/parameters.o
                0x1fff848c                vel
 .bss.pos       0x1fff84a8       0x24 ./Sources/parameters.o
                0x1fff84a8                pos
 .bss.tor       0x1fff84cc       0x1c ./Sources/parameters.o
                0x1fff84cc                tor
 .bss.in_buffer
                0x1fff84e8       0x80 ./Sources/protocol.o
                0x1fff84e8                in_buffer
 .bss.cnt       0x1fff8568        0x1 ./Sources/protocol.o
                0x1fff8568                cnt
 .bss.FLAG_MSG_RCV
                0x1fff8569        0x1 ./Sources/protocol.o
                0x1fff8569                FLAG_MSG_RCV
 .bss.FLAG_MSG_ERR
                0x1fff856a        0x1 ./Sources/protocol.o
                0x1fff856a                FLAG_MSG_ERR
 .bss.FLAG_MSG_OK
                0x1fff856b        0x1 ./Sources/protocol.o
                0x1fff856b                FLAG_MSG_OK
 .bss.nb_data   0x1fff856c        0x4 ./Sources/protocol.o
                0x1fff856c                nb_data
 .bss.FLAG_SEND
                0x1fff8570        0x1 ./Sources/send.o
                0x1fff8570                FLAG_SEND
 .bss.FLAG_CONTROL_MODE_CONFIRM
                0x1fff8571        0x1 ./Sources/send.o
                0x1fff8571                FLAG_CONTROL_MODE_CONFIRM
 .bss.FLAG_UPDATE
                0x1fff8572        0x1 ./Sources/send.o
                0x1fff8572                FLAG_UPDATE
 .bss.CONTROL_MODE
                0x1fff8573        0x1 ./Sources/send.o
                0x1fff8573                CONTROL_MODE
 .bss.SerFlag   0x1fff8574        0x2 ./Generated_Code/AS1.o
 .bss.AS1_InpLen
                0x1fff8576        0x2 ./Generated_Code/AS1.o
 .bss.InpIndexR
                0x1fff8578        0x2 ./Generated_Code/AS1.o
 .bss.InpIndexW
                0x1fff857a        0x2 ./Generated_Code/AS1.o
 .bss.InpBuffer
                0x1fff857c      0x200 ./Generated_Code/AS1.o
 .bss.BufferRead
                0x1fff877c        0x1 ./Generated_Code/AS1.o
 *fill*         0x1fff877d        0x1 
 .bss.AS1_OutLen
                0x1fff877e        0x2 ./Generated_Code/AS1.o
 .bss.OutIndexR
                0x1fff8780        0x2 ./Generated_Code/AS1.o
 .bss.OutIndexW
                0x1fff8782        0x2 ./Generated_Code/AS1.o
 .bss.OutBuffer
                0x1fff8784      0x200 ./Generated_Code/AS1.o
 .bss.OnFreeTxBufSemaphore
                0x1fff8984        0x1 ./Generated_Code/AS1.o
 *fill*         0x1fff8985        0x3 
 .bss.DeviceDataPrv__DEFAULT_RTOS_ALLOC
                0x1fff8988       0x20 ./Generated_Code/ASerialLdd1.o
 .bss.INT_UART0_RX_TX__DEFAULT_RTOS_ISRPARAM
                0x1fff89a8        0x4 ./Generated_Code/ASerialLdd1.o
 .bss.INT_UART0_ERR__DEFAULT_RTOS_ISRPARAM
                0x1fff89ac        0x4 ./Generated_Code/ASerialLdd1.o
 .bss.DeviceDataPrv__DEFAULT_RTOS_ALLOC
                0x1fff89b0        0x4 ./Generated_Code/BitIoLdd1.o
 .bss.DeviceDataPrv__DEFAULT_RTOS_ALLOC
                0x1fff89b4        0x4 ./Generated_Code/BitIoLdd2.o
 .bss.DeviceDataPrv__DEFAULT_RTOS_ALLOC
                0x1fff89b8        0x4 ./Generated_Code/BitIoLdd3.o
 .bss.DeviceDataPrv__DEFAULT_RTOS_ALLOC
                0x1fff89bc        0x4 ./Generated_Code/BitIoLdd4.o
 .bss.DeviceDataPrv__DEFAULT_RTOS_ALLOC
                0x1fff89c0        0x4 ./Generated_Code/BitIoLdd5.o
 .bss.DeviceDataPrv__DEFAULT_RTOS_ALLOC
                0x1fff89c4        0x4 ./Generated_Code/BitIoLdd6.o
 .bss.DeviceDataPrv__DEFAULT_RTOS_ALLOC
                0x1fff89c8        0x4 ./Generated_Code/BitIoLdd7.o
 .bss.SR_lock   0x1fff89cc        0x1 ./Generated_Code/Cpu.o
                0x1fff89cc                SR_lock
 *fill*         0x1fff89cd        0x3 
 .bss.DeviceDataPrv__DEFAULT_RTOS_ALLOC
                0x1fff89d0        0xc ./Generated_Code/ENCODER.o
 .bss.INT_PORTC__DEFAULT_RTOS_ISRPARAM
                0x1fff89dc        0x4 ./Generated_Code/ENCODER.o
 .bss.DeviceDataPrv__DEFAULT_RTOS_ALLOC
                0x1fff89e0        0x4 ./Generated_Code/ExtIntLdd1.o
 .bss.INT_PORTC__DEFAULT_RTOS_ISRPARAM
                0x1fff89e4        0x4 ./Generated_Code/ExtIntLdd1.o
 .bss.DeviceDataPrv__DEFAULT_RTOS_ALLOC
                0x1fff89e8        0x4 ./Generated_Code/ExtIntLdd2.o
 .bss.INT_PORTC__DEFAULT_RTOS_ISRPARAM
                0x1fff89ec        0x4 ./Generated_Code/ExtIntLdd2.o
 .bss.DeviceDataPrv__DEFAULT_RTOS_ALLOC
                0x1fff89f0        0x4 ./Generated_Code/ExtIntLdd3.o
 .bss.INT_PORTC__DEFAULT_RTOS_ISRPARAM
                0x1fff89f4        0x4 ./Generated_Code/ExtIntLdd3.o
 .bss.DeviceDataPrv__DEFAULT_RTOS_ALLOC
                0x1fff89f8        0x4 ./Generated_Code/ExtIntLdd4.o
 .bss.INT_PORTC__DEFAULT_RTOS_ISRPARAM
                0x1fff89fc        0x4 ./Generated_Code/ExtIntLdd4.o
 .bss.DeviceDataPrv__DEFAULT_RTOS_ALLOC
                0x1fff8a00        0x4 ./Generated_Code/ExtIntLdd5.o
 .bss.INT_PORTC__DEFAULT_RTOS_ISRPARAM
                0x1fff8a04        0x4 ./Generated_Code/ExtIntLdd5.o
 .bss.OutLenM   0x1fff8a08        0x2 ./Generated_Code/I2C0.o
 .bss.ChrTemp   0x1fff8a0a        0x1 ./Generated_Code/I2C0.o
 *fill*         0x1fff8a0b        0x1 
 .bss.IFsh1_CurrentCommand
                0x1fff8a0c        0x4 ./Generated_Code/IFsh1.o
 .bss.IFsh1_CmdResult
                0x1fff8a10        0x1 ./Generated_Code/IFsh1.o
 .bss.IFsh1_CmdPending
                0x1fff8a11        0x1 ./Generated_Code/IFsh1.o
 .bss.IFsh1_EnEvent
                0x1fff8a12        0x1 ./Generated_Code/IFsh1.o
 *fill*         0x1fff8a13        0x1 
 .bss.IntFlashLdd1_DevDataPtr
                0x1fff8a14        0x4 ./Generated_Code/IFsh1.o
 .bss.DeviceDataPrv__DEFAULT_RTOS_ALLOC
                0x1fff8a18       0x18 ./Generated_Code/IntFlashLdd1.o
 .bss.INT_FTFL__DEFAULT_RTOS_ISRPARAM
                0x1fff8a30        0x4 ./Generated_Code/IntFlashLdd1.o
 .bss.INT_Read_Collision__DEFAULT_RTOS_ISRPARAM
                0x1fff8a34        0x4 ./Generated_Code/IntFlashLdd1.o
 .bss.DeviceDataPrv__DEFAULT_RTOS_ALLOC
                0x1fff8a38       0x1c ./Generated_Code/IntI2cLdd1.o
 .bss.INT_I2C0__DEFAULT_RTOS_ISRPARAM
                0x1fff8a54        0x4 ./Generated_Code/IntI2cLdd1.o
 .bss.PE_LDD_DeviceDataList
                0x1fff8a58       0x4c ./Generated_Code/PE_LDD.o
                0x1fff8a58                PE_LDD_DeviceDataList
 .bss.DeviceDataPrv__DEFAULT_RTOS_ALLOC
                0x1fff8aa4        0xc ./Generated_Code/TU1.o
 .bss.INT_FTM2__DEFAULT_RTOS_ISRPARAM
                0x1fff8ab0        0x4 ./Generated_Code/TU1.o
 .bss.DeviceDataPrv__DEFAULT_RTOS_ALLOC
                0x1fff8ab4        0xc ./Generated_Code/T_100ms.o
 .bss.INT_FTM1__DEFAULT_RTOS_ISRPARAM
                0x1fff8ac0        0x4 ./Generated_Code/T_100ms.o
 .bss.DeviceDataPrv__DEFAULT_RTOS_ALLOC
                0x1fff8ac4        0x8 ./Generated_Code/T_500ms.o
 .bss.INT_FTM0__DEFAULT_RTOS_ISRPARAM
                0x1fff8acc        0x4 ./Generated_Code/T_500ms.o
 .bss.__malloc_sbrk_start
                0x1fff8ad0        0x4 c:/freescale/kds_v3/toolchain/bin/../lib/gcc/arm-none-eabi/4.8.4/../../../../arm-none-eabi/lib/armv7e-m\libg_s.a(lib_a-nano-mallocr.o)
                0x1fff8ad0                __malloc_sbrk_start
 .bss.__malloc_free_list
                0x1fff8ad4        0x4 c:/freescale/kds_v3/toolchain/bin/../lib/gcc/arm-none-eabi/4.8.4/../../../../arm-none-eabi/lib/armv7e-m\libg_s.a(lib_a-nano-mallocr.o)
                0x1fff8ad4                __malloc_free_list
 .bss.heap_end.4246
                0x1fff8ad8        0x4 c:/freescale/kds_v3/toolchain/bin/../lib/gcc/arm-none-eabi/4.8.4/../../../../arm-none-eabi/lib/armv7e-m\libnosys.a(sbrk.o)
 *(COMMON)
 COMMON         0x1fff8adc        0x4 ./Generated_Code/AS1.o
                0x1fff8adc                ASerialLdd1_DeviceDataPtr
 COMMON         0x1fff8ae0        0x1 ./Generated_Code/Cpu.o
                0x1fff8ae0                SR_reg
 *fill*         0x1fff8ae1        0x3 
 COMMON         0x1fff8ae4        0x8 ./Generated_Code/I2C0.o
                0x1fff8ae4                I2C0_SndRcvTemp
                0x1fff8ae8                IntI2cLdd1_DeviceDataPtr
 COMMON         0x1fff8aec        0x4 c:/freescale/kds_v3/toolchain/bin/../lib/gcc/arm-none-eabi/4.8.4/../../../../arm-none-eabi/lib/armv7e-m\libg_s.a(lib_a-reent.o)
                0x1fff8aec                errno
                0x1fff8af0                . = ALIGN (0x4)
                0x1fff8af0                __END_BSS = .
                0x1fff8af0                PROVIDE (__bss_end__, __END_BSS)
                0x0000b45c                _romp_at = ((___ROM_AT + SIZEOF (.data)) + SIZEOF (.m_data_20000000))

.romp           0x1fff8af0       0x24 load address 0x0000b45c
                0x0000b45c                __S_romp = _romp_at
                0x1fff8af0        0x4 LONG 0xb378 ___ROM_AT
                0x1fff8af4        0x4 LONG 0x1fff8000 _sdata
                0x1fff8af8        0x4 LONG 0xe4 ___data_size
                0x1fff8afc        0x4 LONG 0xb45c ___m_data_20000000_ROMStart
                0x1fff8b00        0x4 LONG 0x20000000 ___m_data_20000000_RAMStart
                0x1fff8b04        0x4 LONG 0x0 ___m_data_20000000_ROMSize
                0x1fff8b08        0x4 LONG 0x0
                0x1fff8b0c        0x4 LONG 0x0
                0x1fff8b10        0x4 LONG 0x0
                0x00040000                text_end = (ORIGIN (m_text) + 0x3fbf0)
                0x0000b480                data_init_end = ((___m_data_20000000_ROMStart + SIZEOF (.m_data_20000000)) + SIZEOF (.romp))
                0x00000001                ASSERT ((data_init_end <= text_end), region m_text overflowed with text and data)

._user_heap_stack
                0x1fff8b14      0x400 load address 0x0000b480
                0x1fff8b14                . = ALIGN (0x4)
                0x1fff8b14                PROVIDE (end, .)
                0x1fff8b14                PROVIDE (_end, .)
                0x1fff8b14                PROVIDE (__end__, .)
                0x1fff8b14                __heap_addr = .
                0x1fff8b14                __HeapBase = .
                0x1fff8b14                . = (. + __heap_size)
                0x1fff8b14                __HeapLimit = .
                0x1fff8f14                . = (. + __stack_size)
 *fill*         0x1fff8b14      0x400 
                0x1fff8f14                . = ALIGN (0x4)

.ARM.attributes
                0x00000000       0x2a
 *(.ARM.attributes)
 .ARM.attributes
                0x00000000       0x1e c:/freescale/kds_v3/toolchain/bin/../lib/gcc/arm-none-eabi/4.8.4/armv7e-m/crti.o
 .ARM.attributes
                0x0000001e       0x2e c:/freescale/kds_v3/toolchain/bin/../lib/gcc/arm-none-eabi/4.8.4/armv7e-m/crtbegin.o
 .ARM.attributes
                0x0000004c       0x1c c:/freescale/kds_v3/toolchain/bin/../lib/gcc/arm-none-eabi/4.8.4/../../../../arm-none-eabi/lib/armv7e-m/crt0.o
 .ARM.attributes
                0x00000068       0x33 ./Sources/Events.o
 .ARM.attributes
                0x0000009b       0x33 ./Sources/LCD.o
 .ARM.attributes
                0x000000ce       0x33 ./Sources/PCA9670.o
 .ARM.attributes
                0x00000101       0x33 ./Sources/display.o
 .ARM.attributes
                0x00000134       0x33 ./Sources/encoder_variable.o
 .ARM.attributes
                0x00000167       0x33 ./Sources/main.o
 .ARM.attributes
                0x0000019a       0x33 ./Sources/menu.o
 .ARM.attributes
                0x000001cd       0x33 ./Sources/parameters.o
 .ARM.attributes
                0x00000200       0x33 ./Sources/protocol.o
 .ARM.attributes
                0x00000233       0x33 ./Sources/send.o
 .ARM.attributes
                0x00000266       0x33 ./Project_Settings/Startup_Code/startup.o
 .ARM.attributes
                0x00000299       0x33 ./Generated_Code/AS1.o
 .ARM.attributes
                0x000002cc       0x33 ./Generated_Code/ASerialLdd1.o
 .ARM.attributes
                0x000002ff       0x33 ./Generated_Code/BitIoLdd1.o
 .ARM.attributes
                0x00000332       0x33 ./Generated_Code/BitIoLdd2.o
 .ARM.attributes
                0x00000365       0x33 ./Generated_Code/BitIoLdd3.o
 .ARM.attributes
                0x00000398       0x33 ./Generated_Code/BitIoLdd4.o
 .ARM.attributes
                0x000003cb       0x33 ./Generated_Code/BitIoLdd5.o
 .ARM.attributes
                0x000003fe       0x33 ./Generated_Code/BitIoLdd6.o
 .ARM.attributes
                0x00000431       0x33 ./Generated_Code/BitIoLdd7.o
 .ARM.attributes
                0x00000464       0x33 ./Generated_Code/Cpu.o
 .ARM.attributes
                0x00000497       0x33 ./Generated_Code/ENCODER.o
 .ARM.attributes
                0x000004ca       0x33 ./Generated_Code/ENCODER_PUSH.o
 .ARM.attributes
                0x000004fd       0x33 ./Generated_Code/ExtIntLdd1.o
 .ARM.attributes
                0x00000530       0x33 ./Generated_Code/ExtIntLdd2.o
 .ARM.attributes
                0x00000563       0x33 ./Generated_Code/ExtIntLdd3.o
 .ARM.attributes
                0x00000596       0x33 ./Generated_Code/ExtIntLdd4.o
 .ARM.attributes
                0x000005c9       0x33 ./Generated_Code/ExtIntLdd5.o
 .ARM.attributes
                0x000005fc       0x33 ./Generated_Code/I2C0.o
 .ARM.attributes
                0x0000062f       0x33 ./Generated_Code/IFsh1.o
 .ARM.attributes
                0x00000662       0x33 ./Generated_Code/IntFlashLdd1.o
 .ARM.attributes
                0x00000695       0x33 ./Generated_Code/IntI2cLdd1.o
 .ARM.attributes
                0x000006c8       0x33 ./Generated_Code/LEVER_DIR1.o
 .ARM.attributes
                0x000006fb       0x33 ./Generated_Code/LEVER_DIR2.o
 .ARM.attributes
                0x0000072e       0x33 ./Generated_Code/PE_LDD.o
 .ARM.attributes
                0x00000761       0x33 ./Generated_Code/PUSH_BUTTON_REC.o
 .ARM.attributes
                0x00000794       0x33 ./Generated_Code/PUSH_BUTTON_SEND.o
 .ARM.attributes
                0x000007c7       0x33 ./Generated_Code/TU1.o
 .ARM.attributes
                0x000007fa       0x33 ./Generated_Code/T_100ms.o
 .ARM.attributes
                0x0000082d       0x33 ./Generated_Code/T_500ms.o
 .ARM.attributes
                0x00000860       0x33 ./Generated_Code/Vectors.o
 .ARM.attributes
                0x00000893       0x33 ./Generated_Code/WAIT1.o
 .ARM.attributes
                0x000008c6       0x2e c:/freescale/kds_v3/toolchain/bin/../lib/gcc/arm-none-eabi/4.8.4/../../../../arm-none-eabi/lib/armv7e-m\libm.a(lib_a-s_round.o)
 .ARM.attributes
                0x000008f4       0x2e c:/freescale/kds_v3/toolchain/bin/../lib/gcc/arm-none-eabi/4.8.4/../../../../arm-none-eabi/lib/armv7e-m\libm.a(lib_a-w_pow.o)
 .ARM.attributes
                0x00000922       0x2e c:/freescale/kds_v3/toolchain/bin/../lib/gcc/arm-none-eabi/4.8.4/../../../../arm-none-eabi/lib/armv7e-m\libm.a(lib_a-e_pow.o)
 .ARM.attributes
                0x00000950       0x2e c:/freescale/kds_v3/toolchain/bin/../lib/gcc/arm-none-eabi/4.8.4/../../../../arm-none-eabi/lib/armv7e-m\libm.a(lib_a-e_sqrt.o)
 .ARM.attributes
                0x0000097e       0x2e c:/freescale/kds_v3/toolchain/bin/../lib/gcc/arm-none-eabi/4.8.4/../../../../arm-none-eabi/lib/armv7e-m\libm.a(lib_a-s_fabs.o)
 .ARM.attributes
                0x000009ac       0x2e c:/freescale/kds_v3/toolchain/bin/../lib/gcc/arm-none-eabi/4.8.4/../../../../arm-none-eabi/lib/armv7e-m\libm.a(lib_a-s_finite.o)
 .ARM.attributes
                0x000009da       0x2e c:/freescale/kds_v3/toolchain/bin/../lib/gcc/arm-none-eabi/4.8.4/../../../../arm-none-eabi/lib/armv7e-m\libm.a(lib_a-s_fpclassify.o)
 .ARM.attributes
                0x00000a08       0x2e c:/freescale/kds_v3/toolchain/bin/../lib/gcc/arm-none-eabi/4.8.4/../../../../arm-none-eabi/lib/armv7e-m\libm.a(lib_a-s_lib_ver.o)
 .ARM.attributes
                0x00000a36       0x2e c:/freescale/kds_v3/toolchain/bin/../lib/gcc/arm-none-eabi/4.8.4/../../../../arm-none-eabi/lib/armv7e-m\libm.a(lib_a-s_matherr.o)
 .ARM.attributes
                0x00000a64       0x2e c:/freescale/kds_v3/toolchain/bin/../lib/gcc/arm-none-eabi/4.8.4/../../../../arm-none-eabi/lib/armv7e-m\libm.a(lib_a-s_nan.o)
 .ARM.attributes
                0x00000a92       0x2e c:/freescale/kds_v3/toolchain/bin/../lib/gcc/arm-none-eabi/4.8.4/../../../../arm-none-eabi/lib/armv7e-m\libm.a(lib_a-s_rint.o)
 .ARM.attributes
                0x00000ac0       0x2e c:/freescale/kds_v3/toolchain/bin/../lib/gcc/arm-none-eabi/4.8.4/../../../../arm-none-eabi/lib/armv7e-m\libm.a(lib_a-s_scalbn.o)
 .ARM.attributes
                0x00000aee       0x2e c:/freescale/kds_v3/toolchain/bin/../lib/gcc/arm-none-eabi/4.8.4/../../../../arm-none-eabi/lib/armv7e-m\libm.a(lib_a-s_copysign.o)
 .ARM.attributes
                0x00000b1c       0x1e c:/freescale/kds_v3/toolchain/bin/../lib/gcc/arm-none-eabi/4.8.4/armv7e-m\libgcc.a(_arm_addsubdf3.o)
 .ARM.attributes