Archive member included because of file (symbol)

c:/freescale/kds_v3/toolchain/bin/../lib/gcc/arm-none-eabi/4.8.4/../../../../arm-none-eabi/lib/armv7e-m\libg_s.a(lib_a-exit.o)
                              c:/freescale/kds_v3/toolchain/bin/../lib/gcc/arm-none-eabi/4.8.4/../../../../arm-none-eabi/lib/armv7e-m/crt0.o (exit)
c:/freescale/kds_v3/toolchain/bin/../lib/gcc/arm-none-eabi/4.8.4/../../../../arm-none-eabi/lib/armv7e-m\libg_s.a(lib_a-impure.o)
                              c:/freescale/kds_v3/toolchain/bin/../lib/gcc/arm-none-eabi/4.8.4/../../../../arm-none-eabi/lib/armv7e-m\libg_s.a(lib_a-exit.o) (_global_impure_ptr)
c:/freescale/kds_v3/toolchain/bin/../lib/gcc/arm-none-eabi/4.8.4/../../../../arm-none-eabi/lib/armv7e-m\libg_s.a(lib_a-init.o)
                              c:/freescale/kds_v3/toolchain/bin/../lib/gcc/arm-none-eabi/4.8.4/../../../../arm-none-eabi/lib/armv7e-m/crt0.o (__libc_init_array)
c:/freescale/kds_v3/toolchain/bin/../lib/gcc/arm-none-eabi/4.8.4/../../../../arm-none-eabi/lib/armv7e-m\libg_s.a(lib_a-memset.o)
                              c:/freescale/kds_v3/toolchain/bin/../lib/gcc/arm-none-eabi/4.8.4/../../../../arm-none-eabi/lib/armv7e-m/crt0.o (memset)
c:/freescale/kds_v3/toolchain/bin/../lib/gcc/arm-none-eabi/4.8.4/../../../../arm-none-eabi/lib/armv7e-m\libnosys.a(_exit.o)
                              c:/freescale/kds_v3/toolchain/bin/../lib/gcc/arm-none-eabi/4.8.4/../../../../arm-none-eabi/lib/armv7e-m\libg_s.a(lib_a-exit.o) (_exit)

Allocating common symbols
Common symbol       size              file

LCD_SndRcvTemp      0x2               ./Generated_Code/LCD.o
i                   0x4               ./Sources/Events.o
IntI2cLdd1_DeviceDataPtr
                    0x4               ./Generated_Code/LCD.o
SR_reg              0x1               ./Generated_Code/Cpu.o

Discarded input sections

 .text          0x00000000        0x0 c:/freescale/kds_v3/toolchain/bin/../lib/gcc/arm-none-eabi/4.8.4/armv7e-m/crti.o
 .data          0x00000000        0x0 c:/freescale/kds_v3/toolchain/bin/../lib/gcc/arm-none-eabi/4.8.4/armv7e-m/crti.o
 .bss           0x00000000        0x0 c:/freescale/kds_v3/toolchain/bin/../lib/gcc/arm-none-eabi/4.8.4/armv7e-m/crti.o
 .data          0x00000000        0x4 c:/freescale/kds_v3/toolchain/bin/../lib/gcc/arm-none-eabi/4.8.4/armv7e-m/crtbegin.o
 .data          0x00000000        0x0 c:/freescale/kds_v3/toolchain/bin/../lib/gcc/arm-none-eabi/4.8.4/../../../../arm-none-eabi/lib/armv7e-m/crt0.o
 .bss           0x00000000        0x0 c:/freescale/kds_v3/toolchain/bin/../lib/gcc/arm-none-eabi/4.8.4/../../../../arm-none-eabi/lib/armv7e-m/crt0.o
 .ARM.extab     0x00000000        0x0 c:/freescale/kds_v3/toolchain/bin/../lib/gcc/arm-none-eabi/4.8.4/../../../../arm-none-eabi/lib/armv7e-m/crt0.o
 .group         0x00000000        0x8 ./Sources/Events.o
 .group         0x00000000        0x8 ./Sources/Events.o
 .group         0x00000000        0x8 ./Sources/Events.o
 .group         0x00000000        0x8 ./Sources/Events.o
 .group         0x00000000        0x8 ./Sources/Events.o
 .group         0x00000000        0x8 ./Sources/Events.o
 .group         0x00000000        0x8 ./Sources/Events.o
 .group         0x00000000        0x8 ./Sources/Events.o
 .group         0x00000000        0x8 ./Sources/Events.o
 .group         0x00000000        0x8 ./Sources/Events.o
 .group         0x00000000        0x8 ./Sources/Events.o
 .group         0x00000000        0x8 ./Sources/Events.o
 .group         0x00000000        0x8 ./Sources/Events.o
 .group         0x00000000        0x8 ./Sources/Events.o
 .group         0x00000000        0x8 ./Sources/Events.o
 .group         0x00000000        0x8 ./Sources/Events.o
 .group         0x00000000        0x8 ./Sources/Events.o
 .group         0x00000000        0x8 ./Sources/Events.o
 .group         0x00000000        0x8 ./Sources/Events.o
 .group         0x00000000        0x8 ./Sources/Events.o
 .group         0x00000000        0x8 ./Sources/Events.o
 .group         0x00000000        0x8 ./Sources/Events.o
 .group         0x00000000        0x8 ./Sources/Events.o
 .group         0x00000000        0x8 ./Sources/Events.o
 .group         0x00000000        0x8 ./Sources/Events.o
 .group         0x00000000        0x8 ./Sources/Events.o
 .group         0x00000000        0x8 ./Sources/Events.o
 .group         0x00000000        0x8 ./Sources/Events.o
 .group         0x00000000        0x8 ./Sources/Events.o
 .group         0x00000000        0x8 ./Sources/Events.o
 .group         0x00000000        0x8 ./Sources/Events.o
 .text          0x00000000        0x0 ./Sources/Events.o
 .data          0x00000000        0x0 ./Sources/Events.o
 .bss           0x00000000        0x0 ./Sources/Events.o
 COMMON         0x00000000        0x4 ./Sources/Events.o
 .group         0x00000000        0x8 ./Sources/display.o
 .group         0x00000000        0x8 ./Sources/display.o
 .group         0x00000000        0x8 ./Sources/display.o
[...]
Memory Configuration

Name             Origin             Length             Attributes
m_interrupts     0x00000000         0x000001bc         xr
m_text           0x00000410         0x0003fbf0         xr
m_data           0x1fff8000         0x00008000         rw
m_data_20000000  0x20000000         0x00008000         rw
m_cfmprotrom     0x00000400         0x00000010         xr
*default*        0x00000000         0xffffffff

Linker script and memory map

LOAD c:/freescale/kds_v3/toolchain/bin/../lib/gcc/arm-none-eabi/4.8.4/armv7e-m/crti.o
LOAD c:/freescale/kds_v3/toolchain/bin/../lib/gcc/arm-none-eabi/4.8.4/armv7e-m/crtbegin.o
LOAD c:/freescale/kds_v3/toolchain/bin/../lib/gcc/arm-none-eabi/4.8.4/../../../../arm-none-eabi/lib/armv7e-m/crt0.o
LOAD ./Sources/Events.o
LOAD ./Sources/display.o
LOAD ./Sources/main.o
LOAD ./Project_Settings/Startup_Code/startup.o
LOAD ./Generated_Code/BitIoLdd1.o
LOAD ./Generated_Code/BitIoLdd2.o
LOAD ./Generated_Code/BitIoLdd3.o
LOAD ./Generated_Code/BitIoLdd4.o
LOAD ./Generated_Code/BitIoLdd5.o
LOAD ./Generated_Code/Cpu.o
LOAD ./Generated_Code/DIRECTION_1.o
LOAD ./Generated_Code/DIRECTION_2.o
LOAD ./Generated_Code/ENCODER.o
LOAD ./Generated_Code/ENCODER_PUSH.o
LOAD ./Generated_Code/ExtIntLdd1.o
LOAD ./Generated_Code/ExtIntLdd2.o
LOAD ./Generated_Code/ExtIntLdd3.o
LOAD ./Generated_Code/IntI2cLdd1.o
LOAD ./Generated_Code/LCD.o
LOAD ./Generated_Code/LED_DEBUG.o
LOAD ./Generated_Code/LED_STATUS_1.o
LOAD ./Generated_Code/LED_STATUS_2.o
LOAD ./Generated_Code/LED_STATUS_3.o
LOAD ./Generated_Code/LED_STATUS_4.o
LOAD ./Generated_Code/PE_LDD.o
LOAD ./Generated_Code/T_100ms.o
LOAD ./Generated_Code/T_500ms.o
LOAD ./Generated_Code/Vectors.o
LOAD c:/freescale/kds_v3/toolchain/bin/../lib/gcc/arm-none-eabi/4.8.4/../../../../arm-none-eabi/lib/armv7e-m\libstdc++_s.a
LOAD c:/freescale/kds_v3/toolchain/bin/../lib/gcc/arm-none-eabi/4.8.4/../../../../arm-none-eabi/lib/armv7e-m\libm.a
START GROUP
LOAD c:/freescale/kds_v3/toolchain/bin/../lib/gcc/arm-none-eabi/4.8.4/armv7e-m\libgcc.a
LOAD c:/freescale/kds_v3/toolchain/bin/../lib/gcc/arm-none-eabi/4.8.4/../../../../arm-none-eabi/lib/armv7e-m\libg_s.a
LOAD c:/freescale/kds_v3/toolchain/bin/../lib/gcc/arm-none-eabi/4.8.4/../../../../arm-none-eabi/lib/armv7e-m\libc_s.a
END GROUP
START GROUP
LOAD c:/freescale/kds_v3/toolchain/bin/../lib/gcc/arm-none-eabi/4.8.4/armv7e-m\libgcc.a
LOAD c:/freescale/kds_v3/toolchain/bin/../lib/gcc/arm-none-eabi/4.8.4/../../../../arm-none-eabi/lib/armv7e-m\libc_s.a
LOAD c:/freescale/kds_v3/toolchain/bin/../lib/gcc/arm-none-eabi/4.8.4/../../../../arm-none-eabi/lib/armv7e-m\libnosys.a
END GROUP
START GROUP
LOAD c:/freescale/kds_v3/toolchain/bin/../lib/gcc/arm-none-eabi/4.8.4/armv7e-m\libgcc.a
LOAD c:/freescale/kds_v3/toolchain/bin/../lib/gcc/arm-none-eabi/4.8.4/../../../../arm-none-eabi/lib/armv7e-m\libc_s.a
LOAD c:/freescale/kds_v3/toolchain/bin/../lib/gcc/arm-none-eabi/4.8.4/../../../../arm-none-eabi/lib/armv7e-m\libnosys.a
END GROUP
LOAD c:/freescale/kds_v3/toolchain/bin/../lib/gcc/arm-none-eabi/4.8.4/armv7e-m/crtend.o
LOAD c:/freescale/kds_v3/toolchain/bin/../lib/gcc/arm-none-eabi/4.8.4/armv7e-m/crtn.o
                0x20000000                _estack = 0x20000000
                0x20000000                __SP_INIT = _estack
                0x20000000                __stack = _estack
                0x00000000                __heap_size = 0x0
                0x00000400                __stack_size = 0x400

.interrupts     0x00000000      0x1bc
                0x00000000                __vector_table = .
                0x00000000                . = ALIGN (0x4)
 *(.vectortable)
 .vectortable   0x00000000      0x1bc ./Generated_Code/Vectors.o
                0x00000000                __vect_table
                0x000001bc                . = ALIGN (0x4)

.cfmprotect     0x00000400       0x10
                0x00000400                . = ALIGN (0x4)
 *(.cfmconfig)
 .cfmconfig     0x00000400       0x10 ./Generated_Code/Cpu.o
                0x00000400                _cfm
                0x00000410                . = ALIGN (0x4)

.text           0x00000410     0x17e4
                0x00000410                . = ALIGN (0x4)
 *(.text)
 .text          0x00000410       0x54 c:/freescale/kds_v3/toolchain/bin/../lib/gcc/arm-none-eabi/4.8.4/armv7e-m/crtbegin.o
 .text          0x00000464       0x74 c:/freescale/kds_v3/toolchain/bin/../lib/gcc/arm-none-eabi/4.8.4/../../../../arm-none-eabi/lib/armv7e-m/crt0.o
                0x00000464                _start
                0x00000464                _mainCRTStartup
 *(.text*)
 .text.Cpu_OnNMIINT
                0x000004d8        0xc ./Sources/Events.o
                0x000004d8                Cpu_OnNMIINT
 .text.T_500ms_OnCounterRestart
                0x000004e4       0x1c ./Sources/Events.o
                0x000004e4                T_500ms_OnCounterRestart
 .text.T_100ms_OnCounterRestart
                0x00000500       0x44 ./Sources/Events.o
                0x00000500                T_100ms_OnCounterRestart
 .text.ENCODER_OnPortEvent
                0x00000544       0x48 ./Sources/Events.o
                0x00000544                ENCODER_OnPortEvent
 .text.ENCODER_PUSH_OnInterrupt
                0x0000058c       0x7c ./Sources/Events.o
                0x0000058c                ENCODER_PUSH_OnInterrupt
 .text.DIRECTION_1_OnInterrupt
                0x00000608       0x14 ./Sources/Events.o
                0x00000608                DIRECTION_1_OnInterrupt
 .text.DIRECTION_2_OnInterrupt
                0x0000061c       0x14 ./Sources/Events.o
                0x0000061c                DIRECTION_2_OnInterrupt
 .text.LCD_OnReceiveData
                0x00000630        0xc ./Sources/Events.o
                0x00000630                LCD_OnReceiveData
 .text.LCD_OnTransmitData
                0x0000063c        0xc ./Sources/Events.o
                0x0000063c                LCD_OnTransmitData
 .text.main     0x00000648       0x6c ./Sources/main.o
                0x00000648                main
 .text.__copy_rom_section
                0x000006b4       0xe4 ./Project_Settings/Startup_Code/startup.o
                0x000006b4                __copy_rom_section
 .text.__copy_rom_sections_to_ram
                0x00000798       0x9c ./Project_Settings/Startup_Code/startup.o
                0x00000798                __copy_rom_sections_to_ram
 .text.__init_registers
                0x00000834        0xc ./Project_Settings/Startup_Code/startup.o
                0x00000834                __init_registers
 .text.__init_user
                0x00000840        0xc ./Project_Settings/Startup_Code/startup.o
                0x00000840                __init_user
 .text.__thumb_startup
                0x0000084c       0x34 ./Project_Settings/Startup_Code/startup.o
                0x0000084c                __thumb_startup
 .text.BitIoLdd1_Init
                0x00000880       0x64 ./Generated_Code/BitIoLdd1.o
                0x00000880                BitIoLdd1_Init
 .text.BitIoLdd1_NegVal
                0x000008e4       0x1c ./Generated_Code/BitIoLdd1.o
                0x000008e4                BitIoLdd1_NegVal
 .text.BitIoLdd2_Init
                0x00000900       0x64 ./Generated_Code/BitIoLdd2.o
                0x00000900                BitIoLdd2_Init
 .text.BitIoLdd2_PutVal
                0x00000964       0x30 ./Generated_Code/BitIoLdd2.o
                0x00000964                BitIoLdd2_PutVal
 .text.BitIoLdd3_Init
                0x00000994       0x64 ./Generated_Code/BitIoLdd3.o
                0x00000994                BitIoLdd3_Init
 .text.BitIoLdd3_PutVal
                0x000009f8       0x30 ./Generated_Code/BitIoLdd3.o
                0x000009f8                BitIoLdd3_PutVal
 .text.BitIoLdd4_Init
                0x00000a28       0x64 ./Generated_Code/BitIoLdd4.o
                0x00000a28                BitIoLdd4_Init
 .text.BitIoLdd4_PutVal
                0x00000a8c       0x30 ./Generated_Code/BitIoLdd4.o
                0x00000a8c                BitIoLdd4_PutVal
 .text.BitIoLdd5_Init
                0x00000abc       0x64 ./Generated_Code/BitIoLdd5.o
                0x00000abc                BitIoLdd5_Init
 .text.Cpu_ivINT_PORTC
                0x00000b20       0x28 ./Generated_Code/Cpu.o
                0x00000b20                Cpu_ivINT_PORTC
 .text.Cpu_INT_NMIInterrupt
                0x00000b48       0x1c ./Generated_Code/Cpu.o
                0x00000b48                Cpu_INT_NMIInterrupt
 .text.Cpu_Interrupt
                0x00000b64       0x18 ./Generated_Code/Cpu.o
                0x00000b64                Cpu_Interrupt
 .text.__init_hardware
                0x00000b7c      0x140 ./Generated_Code/Cpu.o
                0x00000b7c                __init_hardware
 .text.Cpu_SetBASEPRI
                0x00000cbc       0x18 ./Generated_Code/Cpu.o
                0x00000cbc                Cpu_SetBASEPRI
 .text.PE_low_level_init
                0x00000cd4       0xfc ./Generated_Code/Cpu.o
                0x00000cd4                PE_low_level_init
 .text.ExtIntLdd2_OnInterrupt
                0x00000dd0       0x14 ./Generated_Code/DIRECTION_1.o
                0x00000dd0                ExtIntLdd2_OnInterrupt
 .text.ExtIntLdd3_OnInterrupt
                0x00000de4       0x14 ./Generated_Code/DIRECTION_2.o
                0x00000de4                ExtIntLdd3_OnInterrupt
 .text.ENCODER_Init
                0x00000df8       0xb0 ./Generated_Code/ENCODER.o
                0x00000df8                ENCODER_Init
 .text.ENCODER_GetFieldValue
                0x00000ea8       0x40 ./Generated_Code/ENCODER.o
                0x00000ea8                ENCODER_GetFieldValue
 .text.ENCODER_Interrupt
                0x00000ee8       0x4c ./Generated_Code/ENCODER.o
                0x00000ee8                ENCODER_Interrupt
 .text.ExtIntLdd1_OnInterrupt
                0x00000f34       0x14 ./Generated_Code/ENCODER_PUSH.o
                0x00000f34                ExtIntLdd1_OnInterrupt
 .text.ExtIntLdd1_Init
                0x00000f48       0x80 ./Generated_Code/ExtIntLdd1.o
                0x00000f48                ExtIntLdd1_Init
 .text.ExtIntLdd1_Interrupt
                0x00000fc8       0x3c ./Generated_Code/ExtIntLdd1.o
                0x00000fc8                ExtIntLdd1_Interrupt
 .text.ExtIntLdd1_GetVal
                0x00001004       0x2c ./Generated_Code/ExtIntLdd1.o
                0x00001004                ExtIntLdd1_GetVal
 .text.ExtIntLdd2_Init
                0x00001030       0x80 ./Generated_Code/ExtIntLdd2.o
                0x00001030                ExtIntLdd2_Init
 .text.ExtIntLdd2_Interrupt
                0x000010b0       0x3c ./Generated_Code/ExtIntLdd2.o
                0x000010b0                ExtIntLdd2_Interrupt
 .text.ExtIntLdd2_GetVal
                0x000010ec       0x2c ./Generated_Code/ExtIntLdd2.o
                0x000010ec                ExtIntLdd2_GetVal
 .text.ExtIntLdd3_Init
                0x00001118       0x80 ./Generated_Code/ExtIntLdd3.o
                0x00001118                ExtIntLdd3_Init
 .text.ExtIntLdd3_Interrupt
                0x00001198       0x3c ./Generated_Code/ExtIntLdd3.o
                0x00001198                ExtIntLdd3_Interrupt
 .text.ExtIntLdd3_GetVal
                0x000011d4       0x2c ./Generated_Code/ExtIntLdd3.o
                0x000011d4                ExtIntLdd3_GetVal
 .text.IntI2cLdd1_Interrupt
                0x00001200      0x2a4 ./Generated_Code/IntI2cLdd1.o
                0x00001200                IntI2cLdd1_Interrupt
 .text.IntI2cLdd1_Init
                0x000014a4      0x138 ./Generated_Code/IntI2cLdd1.o
                0x000014a4                IntI2cLdd1_Init
 .text.IntI2cLdd1_MasterSendBlock
                0x000015dc      0x190 ./Generated_Code/IntI2cLdd1.o
                0x000015dc                IntI2cLdd1_MasterSendBlock
 .text.LCD_SendChar
                0x0000176c       0x2c ./Generated_Code/LCD.o
                0x0000176c                LCD_SendChar
 .text.LCD_SendBlock
                0x00001798       0xc0 ./Generated_Code/LCD.o
                0x00001798                LCD_SendBlock
 .text.LCD_Init
                0x00001858       0x20 ./Generated_Code/LCD.o
                0x00001858                LCD_Init
 .text.IntI2cLdd1_OnMasterBlockSent
                0x00001878       0x14 ./Generated_Code/LCD.o
                0x00001878                IntI2cLdd1_OnMasterBlockSent
 .text.IntI2cLdd1_OnMasterBlockReceived
                0x0000188c       0x14 ./Generated_Code/LCD.o
                0x0000188c                IntI2cLdd1_OnMasterBlockReceived
 .text.T_100ms_Init
                0x000018a0       0xb0 ./Generated_Code/T_100ms.o
                0x000018a0                T_100ms_Init
 .text.T_100ms_Enable
                0x00001950       0x30 ./Generated_Code/T_100ms.o
                0x00001950                T_100ms_Enable
 .text.T_100ms_Disable
                0x00001980       0x28 ./Generated_Code/T_100ms.o
                0x00001980                T_100ms_Disable
 .text.T_100ms_Interrupt
                0x000019a8       0x6c ./Generated_Code/T_100ms.o
                0x000019a8                T_100ms_Interrupt
 .text.T_500ms_Init
                0x00001a14       0xcc ./Generated_Code/T_500ms.o
                0x00001a14                T_500ms_Init
 .text.T_500ms_Interrupt
                0x00001ae0       0x6c ./Generated_Code/T_500ms.o
                0x00001ae0                T_500ms_Interrupt
 .text.exit     0x00001b4c       0x28 c:/freescale/kds_v3/toolchain/bin/../lib/gcc/arm-none-eabi/4.8.4/../../../../arm-none-eabi/lib/armv7e-m\libg_s.a(lib_a-exit.o)
                0x00001b4c                exit
 .text.__libc_init_array
                0x00001b74       0x4c c:/freescale/kds_v3/toolchain/bin/../lib/gcc/arm-none-eabi/4.8.4/../../../../arm-none-eabi/lib/armv7e-m\libg_s.a(lib_a-init.o)
                0x00001b74                __libc_init_array
 .text.memset   0x00001bc0       0x10 c:/freescale/kds_v3/toolchain/bin/../lib/gcc/arm-none-eabi/4.8.4/../../../../arm-none-eabi/lib/armv7e-m\libg_s.a(lib_a-memset.o)
                0x00001bc0                memset
 .text._exit    0x00001bd0        0x4 c:/freescale/kds_v3/toolchain/bin/../lib/gcc/arm-none-eabi/4.8.4/../../../../arm-none-eabi/lib/armv7e-m\libnosys.a(_exit.o)
                0x00001bd0                _exit
 *(.rodata)
 *(.rodata*)
 .rodata.str1.1
                0x00001bd4        0x2 c:/freescale/kds_v3/toolchain/bin/../lib/gcc/arm-none-eabi/4.8.4/../../../../arm-none-eabi/lib/armv7e-m\libg_s.a(lib_a-impure.o)
 *fill*         0x00001bd6        0x2 
 .rodata._global_impure_ptr
                0x00001bd8        0x4 c:/freescale/kds_v3/toolchain/bin/../lib/gcc/arm-none-eabi/4.8.4/../../../../arm-none-eabi/lib/armv7e-m\libg_s.a(lib_a-impure.o)
                0x00001bd8                _global_impure_ptr
 *(.glue_7)
 .glue_7        0x00000000        0x0 linker stubs
 *(.glue_7t)
 .glue_7t       0x00000000        0x0 linker stubs
 *(.eh_frame)
 .eh_frame      0x00001bdc        0x0 c:/freescale/kds_v3/toolchain/bin/../lib/gcc/arm-none-eabi/4.8.4/armv7e-m/crtbegin.o
 *(.init)
 .init          0x00001bdc        0x4 c:/freescale/kds_v3/toolchain/bin/../lib/gcc/arm-none-eabi/4.8.4/armv7e-m/crti.o
                0x00001bdc                _init
 .init          0x00001be0        0x8 c:/freescale/kds_v3/toolchain/bin/../lib/gcc/arm-none-eabi/4.8.4/armv7e-m/crtn.o
 *(.fini)
 .fini          0x00001be8        0x4 c:/freescale/kds_v3/toolchain/bin/../lib/gcc/arm-none-eabi/4.8.4/armv7e-m/crti.o
                0x00001be8                _fini
 .fini          0x00001bec        0x8 c:/freescale/kds_v3/toolchain/bin/../lib/gcc/arm-none-eabi/4.8.4/armv7e-m/crtn.o
                0x00001bf4                . = ALIGN (0x4)
                0x00001bf4                _etext = .

.vfp11_veneer   0x00001bf4        0x0
 .vfp11_veneer  0x00000000        0x0 linker stubs

.v4_bx          0x00001bf4        0x0
 .v4_bx         0x00000000        0x0 linker stubs

.iplt           0x00001bf4        0x0
 .iplt          0x00000000        0x0 c:/freescale/kds_v3/toolchain/bin/../lib/gcc/arm-none-eabi/4.8.4/armv7e-m/crtbegin.o

.ARM.extab
 *(.ARM.extab* .gnu.linkonce.armextab.*)

.ARM            0x00001bf4        0x8
                0x00001bf4                __exidx_start = .
 *(.ARM.exidx*)
 .ARM.exidx     0x00001bf4        0x8 c:/freescale/kds_v3/toolchain/bin/../lib/gcc/arm-none-eabi/4.8.4/../../../../arm-none-eabi/lib/armv7e-m/crt0.o
                0x00001bfc                __exidx_end = .

.rel.dyn        0x00001bfc        0x0
 .rel.iplt      0x00000000        0x0 c:/freescale/kds_v3/toolchain/bin/../lib/gcc/arm-none-eabi/4.8.4/armv7e-m/crtbegin.o

.ctors          0x00001bfc        0x0
                0x00001bfc                __CTOR_LIST__ = .
 *crtbegin.o(.ctors)
 *(EXCLUDE_FILE(*crtend.o) .ctors)
 *(SORT(.ctors.*))
 *(.ctors)
                0x00001bfc                __CTOR_END__ = .

.dtors          0x00001bfc        0x0
                0x00001bfc                __DTOR_LIST__ = .
 *crtbegin.o(.dtors)
 *(EXCLUDE_FILE(*crtend.o) .dtors)
 *(SORT(.dtors.*))
 *(.dtors)
                0x00001bfc                __DTOR_END__ = .

.preinit_array  0x00001bfc        0x0
                0x00001bfc                PROVIDE (__preinit_array_start, .)
 *(.preinit_array*)
                0x00001bfc                PROVIDE (__preinit_array_end, .)

.init_array     0x00001bfc        0x4
                0x00001bfc                PROVIDE (__init_array_start, .)
 *(SORT(.init_array.*))
 *(.init_array*)
 .init_array    0x00001bfc        0x4 c:/freescale/kds_v3/toolchain/bin/../lib/gcc/arm-none-eabi/4.8.4/armv7e-m/crtbegin.o
                0x00001c00                PROVIDE (__init_array_end, .)

.fini_array     0x00001c00        0x4
                0x00001c00                PROVIDE (__fini_array_start, .)
 *(SORT(.fini_array.*))
 *(.fini_array*)
 .fini_array    0x00001c00        0x4 c:/freescale/kds_v3/toolchain/bin/../lib/gcc/arm-none-eabi/4.8.4/armv7e-m/crtbegin.o
                0x00001c04                PROVIDE (__fini_array_end, .)
                0x00001c04                ___ROM_AT = .

.data           0x1fff8000       0x64 load address 0x00001c04
                0x1fff8000                . = ALIGN (0x4)
                0x1fff8000                _sdata = .
 *(.data)
 *(.data*)
 .data.encoder  0x1fff8000        0x4 ./Sources/Events.o
                0x1fff8000                encoder
 .data.impure_data
                0x1fff8004       0x60 c:/freescale/kds_v3/toolchain/bin/../lib/gcc/arm-none-eabi/4.8.4/../../../../arm-none-eabi/lib/armv7e-m\libg_s.a(lib_a-impure.o)
                0x1fff8064                . = ALIGN (0x4)
                0x1fff8064                _edata = .
                0x00000064                ___data_size = (_edata - _sdata)
                0x00001c68                ___m_data_20000000_ROMStart = (___ROM_AT + SIZEOF (.data))

.jcr            0x1fff8064        0x0 load address 0x00001c68
 .jcr           0x1fff8064        0x0 c:/freescale/kds_v3/toolchain/bin/../lib/gcc/arm-none-eabi/4.8.4/armv7e-m/crtbegin.o

.igot.plt       0x1fff8064        0x0 load address 0x00001c68
 .igot.plt      0x00000000        0x0 c:/freescale/kds_v3/toolchain/bin/../lib/gcc/arm-none-eabi/4.8.4/armv7e-m/crtbegin.o

.m_data_20000000
                0x20000000        0x0 load address 0x00001c68
                0x20000000                . = ALIGN (0x4)
                0x20000000                ___m_data_20000000_RAMStart = .
 *(.m_data_20000000)
                0x20000000                ___m_data_20000000_RAMEnd = .
                0x20000000                . = ALIGN (0x4)
                0x00000000                ___m_data_20000000_ROMSize = (___m_data_20000000_RAMEnd - ___m_data_20000000_RAMStart)
                0x20000000                . = ALIGN (0x4)

.bss            0x1fff8064       0xd8 load address 0x00001c68
                0x1fff8064                __START_BSS = .
                0x1fff8064                PROVIDE (__bss_start__, __START_BSS)
 *(.bss)
 .bss           0x1fff8064       0x1c c:/freescale/kds_v3/toolchain/bin/../lib/gcc/arm-none-eabi/4.8.4/armv7e-m/crtbegin.o
 *(.bss*)
 .bss.FLAG_PUSH_SHORT
                0x1fff8080        0x1 ./Sources/Events.o
                0x1fff8080                FLAG_PUSH_SHORT
 .bss.FLAG_PUSH_LONG
                0x1fff8081        0x1 ./Sources/Events.o
                0x1fff8081                FLAG_PUSH_LONG
 .bss.counter_100ms
                0x1fff8082        0x2 ./Sources/Events.o
                0x1fff8082                counter_100ms
 .bss.DeviceDataPrv__DEFAULT_RTOS_ALLOC
                0x1fff8084        0x4 ./Generated_Code/BitIoLdd1.o
 .bss.DeviceDataPrv__DEFAULT_RTOS_ALLOC
                0x1fff8088        0x4 ./Generated_Code/BitIoLdd2.o
 .bss.DeviceDataPrv__DEFAULT_RTOS_ALLOC
                0x1fff808c        0x4 ./Generated_Code/BitIoLdd3.o
 .bss.DeviceDataPrv__DEFAULT_RTOS_ALLOC
                0x1fff8090        0x4 ./Generated_Code/BitIoLdd4.o
 .bss.DeviceDataPrv__DEFAULT_RTOS_ALLOC
                0x1fff8094        0x4 ./Generated_Code/BitIoLdd5.o
 .bss.SR_lock   0x1fff8098        0x1 ./Generated_Code/Cpu.o
                0x1fff8098                SR_lock
 *fill*         0x1fff8099        0x3 
 .bss.DeviceDataPrv__DEFAULT_RTOS_ALLOC
                0x1fff809c        0xc ./Generated_Code/ENCODER.o
 .bss.INT_PORTC__DEFAULT_RTOS_ISRPARAM
                0x1fff80a8        0x4 ./Generated_Code/ENCODER.o
 .bss.DeviceDataPrv__DEFAULT_RTOS_ALLOC
                0x1fff80ac        0x4 ./Generated_Code/ExtIntLdd1.o
 .bss.INT_PORTC__DEFAULT_RTOS_ISRPARAM
                0x1fff80b0        0x4 ./Generated_Code/ExtIntLdd1.o
 .bss.DeviceDataPrv__DEFAULT_RTOS_ALLOC
                0x1fff80b4        0x4 ./Generated_Code/ExtIntLdd2.o
 .bss.INT_PORTC__DEFAULT_RTOS_ISRPARAM
                0x1fff80b8        0x4 ./Generated_Code/ExtIntLdd2.o
 .bss.DeviceDataPrv__DEFAULT_RTOS_ALLOC
                0x1fff80bc        0x4 ./Generated_Code/ExtIntLdd3.o
 .bss.INT_PORTC__DEFAULT_RTOS_ISRPARAM
                0x1fff80c0        0x4 ./Generated_Code/ExtIntLdd3.o
 .bss.DeviceDataPrv__DEFAULT_RTOS_ALLOC
                0x1fff80c4       0x18 ./Generated_Code/IntI2cLdd1.o
 .bss.INT_I2C0__DEFAULT_RTOS_ISRPARAM
                0x1fff80dc        0x4 ./Generated_Code/IntI2cLdd1.o
 .bss.OutLenM   0x1fff80e0        0x2 ./Generated_Code/LCD.o
 .bss.ChrTemp   0x1fff80e2        0x1 ./Generated_Code/LCD.o
 *fill*         0x1fff80e3        0x1 
 .bss.PE_LDD_DeviceDataList
                0x1fff80e4       0x30 ./Generated_Code/PE_LDD.o
                0x1fff80e4                PE_LDD_DeviceDataList
 .bss.DeviceDataPrv__DEFAULT_RTOS_ALLOC
                0x1fff8114        0xc ./Generated_Code/T_100ms.o
 .bss.INT_FTM1__DEFAULT_RTOS_ISRPARAM
                0x1fff8120        0x4 ./Generated_Code/T_100ms.o
 .bss.DeviceDataPrv__DEFAULT_RTOS_ALLOC
                0x1fff8124        0x8 ./Generated_Code/T_500ms.o
 .bss.INT_FTM0__DEFAULT_RTOS_ISRPARAM
                0x1fff812c        0x4 ./Generated_Code/T_500ms.o
 *(COMMON)
 COMMON         0x1fff8130        0x1 ./Generated_Code/Cpu.o
                0x1fff8130                SR_reg
 *fill*         0x1fff8131        0x3 
 COMMON         0x1fff8134        0x8 ./Generated_Code/LCD.o
                0x1fff8134                LCD_SndRcvTemp
                0x1fff8138                IntI2cLdd1_DeviceDataPtr
                0x1fff813c                . = ALIGN (0x4)
                0x1fff813c                __END_BSS = .
                0x1fff813c                PROVIDE (__bss_end__, __END_BSS)
                0x00001c68                _romp_at = ((___ROM_AT + SIZEOF (.data)) + SIZEOF (.m_data_20000000))

.romp           0x1fff813c       0x24 load address 0x00001c68
                0x00001c68                __S_romp = _romp_at
                0x1fff813c        0x4 LONG 0x1c04 ___ROM_AT
                0x1fff8140        0x4 LONG 0x1fff8000 _sdata
                0x1fff8144        0x4 LONG 0x64 ___data_size
                0x1fff8148        0x4 LONG 0x1c68 ___m_data_20000000_ROMStart
                0x1fff814c        0x4 LONG 0x20000000 ___m_data_20000000_RAMStart
                0x1fff8150        0x4 LONG 0x0 ___m_data_20000000_ROMSize
                0x1fff8154        0x4 LONG 0x0
                0x1fff8158        0x4 LONG 0x0
                0x1fff815c        0x4 LONG 0x0
                0x00040000                text_end = (ORIGIN (m_text) + 0x3fbf0)
                0x00001c8c                data_init_end = ((___m_data_20000000_ROMStart + SIZEOF (.m_data_20000000)) + SIZEOF (.romp))
                0x00000001                ASSERT ((data_init_end <= text_end), region m_text overflowed with text and data)

._user_heap_stack
                0x1fff8160      0x400 load address 0x00001c8c
                0x1fff8160                . = ALIGN (0x4)
                0x1fff8160                PROVIDE (end, .)
                0x1fff8160                PROVIDE (_end, .)
                0x1fff8160                PROVIDE (__end__, .)
                0x1fff8160                __heap_addr = .
                0x1fff8160                __HeapBase = .
                0x1fff8160                . = (. + __heap_size)
                0x1fff8160                __HeapLimit = .
                0x1fff8560                . = (. + __stack_size)
 *fill*         0x1fff8160      0x400 
                0x1fff8560                . = ALIGN (0x4)

.ARM.attributes
                0x00000000       0x2a
 *(.ARM.attributes)
 .ARM.attributes
                0x00000000       0x1e c:/freescale/kds_v3/toolchain/bin/../lib/gcc/arm-none-eabi/4.8.4/armv7e-m/crti.o
 .ARM.attributes
                0x0000001e       0x2e c:/freescale/kds_v3/toolchain/bin/../lib/gcc/arm-none-eabi/4.8.4/armv7e-m/crtbegin.o
 .ARM.attributes
                0x0000004c       0x1c c:/freescale/kds_v3/toolchain/bin/../lib/gcc/arm-none-eabi/4.8.4/../../../../arm-none-eabi/lib/armv7e-m/crt0.o
 .ARM.attributes
                0x00000068       0x33 ./Sources/Events.o
 .ARM.attributes
                0x0000009b       0x33 ./Sources/main.o
 .ARM.attributes
                0x000000ce       0x33 ./Project_Settings/Startup_Code/startup.o
 .ARM.attributes
                0x00000101       0x33 ./Generated_Code/BitIoLdd1.o
 .ARM.attributes
                0x00000134       0x33 ./Generated_Code/BitIoLdd2.o
 .ARM.attributes
                0x00000167       0x33 ./Generated_Code/BitIoLdd3.o
 .ARM.attributes
                0x0000019a       0x33 ./Generated_Code/BitIoLdd4.o
 .ARM.attributes
                0x000001cd       0x33 ./Generated_Code/BitIoLdd5.o
 .ARM.attributes
                0x00000200       0x33 ./Generated_Code/Cpu.o
 .ARM.attributes
                0x00000233       0x33 ./Generated_Code/DIRECTION_1.o
 .ARM.attributes
                0x00000266       0x33 ./Generated_Code/DIRECTION_2.o
 .ARM.attributes
                0x00000299       0x33 ./Generated_Code/ENCODER.o
 .ARM.attributes
                0x000002cc       0x33 ./Generated_Code/ENCODER_PUSH.o
 .ARM.attributes
                0x000002ff       0x33 ./Generated_Code/ExtIntLdd1.o
 .ARM.attributes
                0x00000332       0x33 ./Generated_Code/ExtIntLdd2.o
 .ARM.attributes
                0x00000365       0x33 ./Generated_Code/ExtIntLdd3.o
 .ARM.attributes
                0x00000398       0x33 ./Generated_Code/IntI2cLdd1.o
 .ARM.attributes
                0x000003cb       0x33 ./Generated_Code/LCD.o
 .ARM.attributes
                0x000003fe       0x33 ./Generated_Code/PE_LDD.o
 .ARM.attributes
                0x00000431       0x33 ./Generated_Code/T_100ms.o
 .ARM.attributes
                0x00000464       0x33 ./Generated_Code/T_500ms.o
 .ARM.attributes
                0x00000497       0x33 ./Generated_Code/Vectors.o
 .ARM.attributes
                0x000004ca       0x2e c:/freescale/kds_v3/toolchain/bin/../lib/gcc/arm-none-eabi/4.8.4/../../../../arm-none-eabi/lib/armv7e-m\libg_s.a(lib_a-exit.o)
 .ARM.attributes
                0x000004f8       0x2e c:/freescale/kds_v3/toolchain/bin/../lib/gcc/arm-none-eabi/4.8.4/../../../../arm-none-eabi/lib/armv7e-m\libg_s.a(lib_a-impure.o)
 .ARM.attributes
                0x00000526       0x2e c:/freescale/kds_v3/toolchain/bin/../lib/gcc/arm-none-eabi/4.8.4/../../../../arm-none-eabi/lib/armv7e-m\libg_s.a(lib_a-init.o)
 .ARM.attributes
                0x00000554       0x2e c:/freescale/kds_v3/toolchain/bin/../lib/gcc/arm-none-eabi/4.8.4/../../../../arm-none-eabi/lib/armv7e-m\libg_s.a(lib_a-memset.o)
 .ARM.attributes
                0x00000582       0x2e c:/freescale/kds_v3/toolchain/bin/../lib/gcc/arm-none-eabi/4.8.4/../../../../arm-none-eabi/lib/armv7e-m\libnosys.a(_exit.o)
 .ARM.attributes
                0x000005b0       0x1e c:/freescale/kds_v3/toolchain/bin/../lib/gcc/arm-none-eabi/4.8.4/armv7e-m/crtn.o
OUTPUT(varmo_lite.elf elf32-littlearm)

.debug_info     0x00000000     0x520f
 .debug_info    0x00000000      0x208 ./Sources/Events.o
 .debug_info    0x00000208       0xe5 ./Sources/main.o
 .debug_info    0x000002ed      0x20a ./Project_Settings/Startup_Code/startup.o
 .debug_info    0x000004f7      0x377 ./Generated_Code/BitIoLdd1.o
 .debug_info    0x0000086e      0x377 ./Generated_Code/BitIoLdd2.o
 .debug_info    0x00000be5      0x351 ./Generated_Code/BitIoLdd3.o
 .debug_info    0x00000f36      0x351 ./Generated_Code/BitIoLdd4.o
 .debug_info    0x00001287      0x351 ./Generated_Code/BitIoLdd5.o
 .debug_info    0x000015d8      0xa7b ./Generated_Code/Cpu.o
 .debug_info    0x00002053       0xb2 ./Generated_Code/DIRECTION_1.o
 .debug_info    0x00002105       0xb2 ./Generated_Code/DIRECTION_2.o
 .debug_info    0x000021b7      0x647 ./Generated_Code/ENCODER.o
 .debug_info    0x000027fe       0xb2 ./Generated_Code/ENCODER_PUSH.o
 .debug_info    0x000028b0      0x43c ./Generated_Code/ExtIntLdd1.o
 .debug_info    0x00002cec      0x43c ./Generated_Code/ExtIntLdd2.o
 .debug_info    0x00003128      0x43c ./Generated_Code/ExtIntLdd3.o
 .debug_info    0x00003564      0x8e8 ./Generated_Code/IntI2cLdd1.o
 .debug_info    0x00003e4c      0x360 ./Generated_Code/LCD.o
 .debug_info    0x000041ac      0x251 ./Generated_Code/PE_LDD.o
 .debug_info    0x000043fd      0x6c8 ./Generated_Code/T_100ms.o
 .debug_info    0x00004ac5      0x63b ./Generated_Code/T_500ms.o
 .debug_info    0x00005100      0x10f ./Generated_Code/Vectors.o

.debug_abbrev   0x00000000     0x1945
 .debug_abbrev  0x00000000      0x10d ./Sources/Events.o
 .debug_abbrev  0x0000010d       0xa1 ./Sources/main.o
 .debug_abbrev  0x000001ae      0x11e ./Project_Settings/Startup_Code/startup.o
 .debug_abbrev  0x000002cc      0x15f ./Generated_Code/BitIoLdd1.o
 .debug_abbrev  0x0000042b      0x15f ./Generated_Code/BitIoLdd2.o
 .debug_abbrev  0x0000058a      0x136 ./Generated_Code/BitIoLdd3.o
 .debug_abbrev  0x000006c0      0x136 ./Generated_Code/BitIoLdd4.o
 .debug_abbrev  0x000007f6      0x136 ./Generated_Code/BitIoLdd5.o
 .debug_abbrev  0x0000092c      0x178 ./Generated_Code/Cpu.o
 .debug_abbrev  0x00000aa4       0x68 ./Generated_Code/DIRECTION_1.o
 .debug_abbrev  0x00000b0c       0x68 ./Generated_Code/DIRECTION_2.o
 .debug_abbrev  0x00000b74      0x1ba ./Generated_Code/ENCODER.o
 .debug_abbrev  0x00000d2e       0x68 ./Generated_Code/ENCODER_PUSH.o
 .debug_abbrev  0x00000d96      0x15d ./Generated_Code/ExtIntLdd1.o
 .debug_abbrev  0x00000ef3      0x15d ./Generated_Code/ExtIntLdd2.o
 .debug_abbrev  0x00001050      0x15d ./Generated_Code/ExtIntLdd3.o
 .debug_abbrev  0x000011ad      0x18b ./Generated_Code/IntI2cLdd1.o
 .debug_abbrev  0x00001338      0x179 ./Generated_Code/LCD.o
 .debug_abbrev  0x000014b1      0x10d ./Generated_Code/PE_LDD.o
 .debug_abbrev  0x000015be      0x179 ./Generated_Code/T_100ms.o
 .debug_abbrev  0x00001737      0x16a ./Generated_Code/T_500ms.o
 .debug_abbrev  0x000018a1       0xa4 ./Generated_Code/Vectors.o

.debug_aranges  0x00000000      0x510
 .debug_aranges
                0x00000000       0x60 ./Sources/Events.o
 .debug_aranges
                0x00000060       0x20 ./Sources/main.o
 .debug_aranges
                0x00000080       0x50 ./Project_Settings/Startup_Code/startup.o
 .debug_aranges
                0x000000d0       0x48 ./Generated_Code/BitIoLdd1.o
 .debug_aranges
                0x00000118       0x48 ./Generated_Code/BitIoLdd2.o
 .debug_aranges
                0x00000160       0x40 ./Generated_Code/BitIoLdd3.o
 .debug_aranges
                0x000001a0       0x40 ./Generated_Code/BitIoLdd4.o
 .debug_aranges
                0x000001e0       0x40 ./Generated_Code/BitIoLdd5.o
 .debug_aranges
                0x00000220       0x48 ./Generated_Code/Cpu.o
 .debug_aranges
                0x00000268       0x20 ./Generated_Code/DIRECTION_1.o
 .debug_aranges
                0x00000288       0x20 ./Generated_Code/DIRECTION_2.o
 .debug_aranges
                0x000002a8       0x60 ./Generated_Code/ENCODER.o
 .debug_aranges
                0x00000308       0x20 ./Generated_Code/ENCODER_PUSH.o
 .debug_aranges
                0x00000328       0x30 ./Generated_Code/ExtIntLdd1.o
 .debug_aranges
                0x00000358       0x30 ./Generated_Code/ExtIntLdd2.o
 .debug_aranges
                0x00000388       0x30 ./Generated_Code/ExtIntLdd3.o
 .debug_aranges
                0x000003b8       0x50 ./Generated_Code/IntI2cLdd1.o
 .debug_aranges
                0x00000408       0x60 ./Generated_Code/LCD.o
 .debug_aranges
                0x00000468       0x30 ./Generated_Code/PE_LDD.o
 .debug_aranges
                0x00000498       0x38 ./Generated_Code/T_100ms.o
 .debug_aranges
                0x000004d0       0x28 ./Generated_Code/T_500ms.o
 .debug_aranges
                0x000004f8       0x18 ./Generated_Code/Vectors.o

.debug_ranges   0x00000000      0x3a8
 .debug_ranges  0x00000000       0x50 ./Sources/Events.o
 .debug_ranges  0x00000050       0x10 ./Sources/main.o
 .debug_ranges  0x00000060       0x40 ./Project_Settings/Startup_Code/startup.o
 .debug_ranges  0x000000a0       0x38 ./Generated_Code/BitIoLdd1.o
 .debug_ranges  0x000000d8       0x38 ./Generated_Code/BitIoLdd2.o
 .debug_ranges  0x00000110       0x30 ./Generated_Code/BitIoLdd3.o
 .debug_ranges  0x00000140       0x30 ./Generated_Code/BitIoLdd4.o
 .debug_ranges  0x00000170       0x30 ./Generated_Code/BitIoLdd5.o
 .debug_ranges  0x000001a0       0x38 ./Generated_Code/Cpu.o
 .debug_ranges  0x000001d8       0x10 ./Generated_Code/DIRECTION_1.o
 .debug_ranges  0x000001e8       0x10 ./Generated_Code/DIRECTION_2.o
 .debug_ranges  0x000001f8       0x50 ./Generated_Code/ENCODER.o
 .debug_ranges  0x00000248       0x10 ./Generated_Code/ENCODER_PUSH.o
 .debug_ranges  0x00000258       0x20 ./Generated_Code/ExtIntLdd1.o
 .debug_ranges  0x00000278       0x20 ./Generated_Code/ExtIntLdd2.o
 .debug_ranges  0x00000298       0x20 ./Generated_Code/ExtIntLdd3.o
 .debug_ranges  0x000002b8       0x40 ./Generated_Code/IntI2cLdd1.o
 .debug_ranges  0x000002f8       0x50 ./Generated_Code/LCD.o
 .debug_ranges  0x00000348       0x20 ./Generated_Code/PE_LDD.o
 .debug_ranges  0x00000368       0x28 ./Generated_Code/T_100ms.o
 .debug_ranges  0x00000390       0x18 ./Generated_Code/T_500ms.o

.debug_macro    0x00000000    0x21357
 .debug_macro   0x00000000      0x1fb ./Sources/Events.o
 .debug_macro   0x000001fb      0x84a ./Sources/Events.o
 .debug_macro   0x00000a45       0x16 ./Sources/Events.o
 .debug_macro   0x00000a5b       0x44 ./Sources/Events.o
 .debug_macro   0x00000a9f      0x209 ./Sources/Events.o
 .debug_macro   0x00000ca8     0x1801 ./Sources/Events.o
 .debug_macro   0x000024a9      0x14e ./Sources/Events.o
 .debug_macro   0x000025f7       0x6a ./Sources/Events.o
 .debug_macro   0x00002661     0xd4f6 ./Sources/Events.o
 .debug_macro   0x0000fb57       0x9a ./Sources/Events.o
 .debug_macro   0x0000fbf1       0x94 ./Sources/Events.o
 .debug_macro   0x0000fc85      0x12c ./Sources/Events.o
 .debug_macro   0x0000fdb1       0x46 ./Sources/Events.o
 .debug_macro   0x0000fdf7       0x26 ./Sources/Events.o
 .debug_macro   0x0000fe1d      0x6a6 ./Sources/Events.o
 .debug_macro   0x000104c3       0x51 ./Sources/Events.o
 .debug_macro   0x00010514       0x4c ./Sources/Events.o
 .debug_macro   0x00010560       0x26 ./Sources/Events.o
 .debug_macro   0x00010586       0x46 ./Sources/Events.o
 .debug_macro   0x000105cc       0x1f ./Sources/Events.o
 .debug_macro   0x000105eb       0x46 ./Sources/Events.o
 .debug_macro   0x00010631       0x1f ./Sources/Events.o
 .debug_macro   0x00010650       0x46 ./Sources/Events.o
 .debug_macro   0x00010696       0x1f ./Sources/Events.o
 .debug_macro   0x000106b5      0x4ea ./Sources/Events.o
 .debug_macro   0x00010b9f       0xa5 ./Sources/Events.o
 .debug_macro   0x00010c44       0x34 ./Sources/Events.o
 .debug_macro   0x00010c78       0x34 ./Sources/Events.o
 .debug_macro   0x00010cac       0x34 ./Sources/Events.o
 .debug_macro   0x00010ce0       0x67 ./Sources/Events.o
 .debug_macro   0x00010d47       0x4a ./Sources/Events.o
 .debug_macro   0x00010d91       0x12 ./Sources/Events.o
 .debug_macro   0x00010da3      0x1fb ./Sources/main.o
 .debug_macro   0x00010f9e      0x121 ./Project_Settings/Startup_Code/startup.o
 .debug_macro   0x000110bf       0x58 ./Project_Settings/Startup_Code/startup.o
 .debug_macro   0x00011117       0x35 ./Project_Settings/Startup_Code/startup.o
 .debug_macro   0x0001114c       0xa3 ./Project_Settings/Startup_Code/startup.o
 .debug_macro   0x000111ef      0x166 ./Project_Settings/Startup_Code/startup.o
 .debug_macro   0x00011355       0x4a ./Project_Settings/Startup_Code/startup.o
 .debug_macro   0x0001139f       0x52 ./Project_Settings/Startup_Code/startup.o
 .debug_macro   0x000113f1       0x16 ./Project_Settings/Startup_Code/startup.o
 .debug_macro   0x00011407       0x43 ./Project_Settings/Startup_Code/startup.o
 .debug_macro   0x0001144a      0x180 ./Project_Settings/Startup_Code/startup.o
 .debug_macro   0x000115ca      0x2a6 ./Project_Settings/Startup_Code/startup.o
 .debug_macro   0x00011870       0x10 ./Project_Settings/Startup_Code/startup.o
 .debug_macro   0x00011880       0x35 ./Project_Settings/Startup_Code/startup.o
 .debug_macro   0x000118b5       0x16 ./Project_Settings/Startup_Code/startup.o
 .debug_macro   0x000118cb       0x22 ./Project_Settings/Startup_Code/startup.o
 .debug_macro   0x000118ed       0x10 ./Project_Settings/Startup_Code/startup.o
 .debug_macro   0x000118fd      0x20f ./Project_Settings/Startup_Code/startup.o
 .debug_macro   0x00011b0c     0xd4ea ./Project_Settings/Startup_Code/startup.o
 .debug_macro   0x0001eff6       0xa6 ./Generated_Code/BitIoLdd1.o
 .debug_macro   0x0001f09c       0xa6 ./Generated_Code/BitIoLdd2.o
 .debug_macro   0x0001f142       0xa6 ./Generated_Code/BitIoLdd3.o
 .debug_macro   0x0001f1e8       0x40 ./Generated_Code/BitIoLdd3.o
 .debug_macro   0x0001f228       0xa6 ./Generated_Code/BitIoLdd4.o
 .debug_macro   0x0001f2ce       0x40 ./Generated_Code/BitIoLdd4.o
 .debug_macro   0x0001f30e       0xa6 ./Generated_Code/BitIoLdd5.o
 .debug_macro   0x0001f3b4       0x40 ./Generated_Code/BitIoLdd5.o
 .debug_macro   0x0001f3f4      0x22e ./Generated_Code/Cpu.o
 .debug_macro   0x0001f622      0x1f5 ./Generated_Code/DIRECTION_1.o
 .debug_macro   0x0001f817      0x1f5 ./Generated_Code/DIRECTION_2.o
 .debug_macro   0x0001fa0c      0x1f9 ./Generated_Code/ENCODER.o
 .debug_macro   0x0001fc05      0x1f5 ./Generated_Code/ENCODER_PUSH.o
 .debug_macro   0x0001fdfa       0xbf ./Generated_Code/ExtIntLdd1.o
 .debug_macro   0x0001feb9       0x2e ./Generated_Code/ExtIntLdd1.o
 .debug_macro   0x0001fee7       0xbf ./Generated_Code/ExtIntLdd2.o
 .debug_macro   0x0001ffa6       0x2e ./Generated_Code/ExtIntLdd2.o
 .debug_macro   0x0001ffd4       0xbf ./Generated_Code/ExtIntLdd3.o
 .debug_macro   0x00020093       0x2e ./Generated_Code/ExtIntLdd3.o
 .debug_macro   0x000200c1       0xfa ./Generated_Code/IntI2cLdd1.o
 .debug_macro   0x000201bb       0x43 ./Generated_Code/IntI2cLdd1.o
 .debug_macro   0x000201fe      0x4e4 ./Generated_Code/IntI2cLdd1.o
 .debug_macro   0x000206e2      0x29c ./Generated_Code/IntI2cLdd1.o
 .debug_macro   0x0002097e      0x1f7 ./Generated_Code/LCD.o
 .debug_macro   0x00020b75      0x1bd ./Generated_Code/PE_LDD.o
 .debug_macro   0x00020d32      0x1ff ./Generated_Code/T_100ms.o
 .debug_macro   0x00020f31      0x1ff ./Generated_Code/T_500ms.o
 .debug_macro   0x00021130      0x227 ./Generated_Code/Vectors.o

.debug_line     0x00000000     0x5950
 .debug_line    0x00000000      0x4c3 ./Sources/Events.o
 .debug_line    0x000004c3      0x425 ./Sources/main.o
 .debug_line    0x000008e8      0x3e1 ./Project_Settings/Startup_Code/startup.o
 .debug_line    0x00000cc9      0x2e3 ./Generated_Code/BitIoLdd1.o
 .debug_line    0x00000fac      0x2e3 ./Generated_Code/BitIoLdd2.o
 .debug_line    0x0000128f      0x2d1 ./Generated_Code/BitIoLdd3.o
 .debug_line    0x00001560      0x2d1 ./Generated_Code/BitIoLdd4.o
 .debug_line    0x00001831      0x2d1 ./Generated_Code/BitIoLdd5.o
 .debug_line    0x00001b02      0x674 ./Generated_Code/Cpu.o
 .debug_line    0x00002176      0x47a ./Generated_Code/DIRECTION_1.o
 .debug_line    0x000025f0      0x47a ./Generated_Code/DIRECTION_2.o
 .debug_line    0x00002a6a      0x56a ./Generated_Code/ENCODER.o
 .debug_line    0x00002fd4      0x47c ./Generated_Code/ENCODER_PUSH.o
 .debug_line    0x00003450      0x2d3 ./Generated_Code/ExtIntLdd1.o
 .debug_line    0x00003723      0x2d2 ./Generated_Code/ExtIntLdd2.o
 .debug_line    0x000039f5      0x2d2 ./Generated_Code/ExtIntLdd3.o
 .debug_line    0x00003cc7      0x3f0 ./Generated_Code/IntI2cLdd1.o
 .debug_line    0x000040b7      0x53b ./Generated_Code/LCD.o
 .debug_line    0x000045f2      0x413 ./Generated_Code/PE_LDD.o
 .debug_line    0x00004a05      0x4cf ./Generated_Code/T_100ms.o
 .debug_line    0x00004ed4      0x4ad ./Generated_Code/T_500ms.o
 .debug_line    0x00005381      0x5cf ./Generated_Code/Vectors.o

.debug_str      0x00000000    0x66c5b
 .debug_str     0x00000000    0x60269 ./Sources/Events.o
                              0x603bc (size before relaxing)
 .debug_str     0x00060269       0x22 ./Sources/main.o
                              0x6028e (size before relaxing)
 .debug_str     0x0006028b     0x25f1 ./Project_Settings/Startup_Code/startup.o
                              0x4c40d (size before relaxing)
 .debug_str     0x0006287c      0x17e ./Generated_Code/BitIoLdd1.o
                              0x527ad (size before relaxing)
 .debug_str     0x000629fa       0xb1 ./Generated_Code/BitIoLdd2.o
                              0x527ad (size before relaxing)
 .debug_str     0x00062aab       0xa0 ./Generated_Code/BitIoLdd3.o
                              0x5277b (size before relaxing)
 .debug_str     0x00062b4b       0xa0 ./Generated_Code/BitIoLdd4.o
                              0x5277b (size before relaxing)
 .debug_str     0x00062beb       0xa0 ./Generated_Code/BitIoLdd5.o
                              0x5277b (size before relaxing)
 .debug_str     0x00062c8b      0x370 ./Generated_Code/Cpu.o
                              0x6067f (size before relaxing)
 .debug_str     0x00062ffb       0x37 ./Generated_Code/DIRECTION_1.o
                              0x60297 (size before relaxing)
 .debug_str     0x00063032       0x37 ./Generated_Code/DIRECTION_2.o
                              0x60297 (size before relaxing)
 .debug_str     0x00063069      0x18a ./Generated_Code/ENCODER.o
                              0x605a9 (size before relaxing)
 .debug_str     0x000631f3       0x38 ./Generated_Code/ENCODER_PUSH.o
                              0x60298 (size before relaxing)
 .debug_str     0x0006322b       0x87 ./Generated_Code/ExtIntLdd1.o
                              0x55cb2 (size before relaxing)
 .debug_str     0x000632b2       0x87 ./Generated_Code/ExtIntLdd2.o
                              0x55cae (size before relaxing)
 .debug_str     0x00063339       0x87 ./Generated_Code/ExtIntLdd3.o
                              0x55cae (size before relaxing)
 .debug_str     0x000633c0     0x33eb ./Generated_Code/IntI2cLdd1.o
                              0x5892a (size before relaxing)
 .debug_str     0x000667ab       0xf5 ./Generated_Code/LCD.o
                              0x6045f (size before relaxing)
 .debug_str     0x000668a0      0x17e ./Generated_Code/PE_LDD.o
                              0x6041c (size before relaxing)
 .debug_str     0x00066a1e      0x19b ./Generated_Code/T_100ms.o
                              0x605e1 (size before relaxing)
 .debug_str     0x00066bb9       0x86 ./Generated_Code/T_500ms.o
                              0x6058e (size before relaxing)
 .debug_str     0x00066c3f       0x1c ./Generated_Code/Vectors.o
                              0x602af (size before relaxing)

.comment        0x00000000       0x70
 .comment       0x00000000       0x70 ./Sources/Events.o
                                 0x71 (size before relaxing)
 .comment       0x00000000       0x71 ./Sources/main.o
 .comment       0x00000000       0x71 ./Project_Settings/Startup_Code/startup.o
 .comment       0x00000000       0x71 ./Generated_Code/BitIoLdd1.o
 .comment       0x00000000       0x71 ./Generated_Code/BitIoLdd2.o
 .comment       0x00000000       0x71 ./Generated_Code/BitIoLdd3.o
 .comment       0x00000000       0x71 ./Generated_Code/BitIoLdd4.o
 .comment       0x00000000       0x71 ./Generated_Code/BitIoLdd5.o
 .comment       0x00000000       0x71 ./Generated_Code/Cpu.o
 .comment       0x00000000       0x71 ./Generated_Code/DIRECTION_1.o
 .comment       0x00000000       0x71 ./Generated_Code/DIRECTION_2.o
 .comment       0x00000000       0x71 ./Generated_Code/ENCODER.o
 .comment       0x00000000       0x71 ./Generated_Code/ENCODER_PUSH.o
 .comment       0x00000000       0x71 ./Generated_Code/ExtIntLdd1.o
 .comment       0x00000000       0x71 ./Generated_Code/ExtIntLdd2.o
 .comment       0x00000000       0x71 ./Generated_Code/ExtIntLdd3.o
 .comment       0x00000000       0x71 ./Generated_Code/IntI2cLdd1.o
 .comment       0x00000000       0x71 ./Generated_Code/LCD.o
 .comment       0x00000000       0x71 ./Generated_Code/PE_LDD.o
 .comment       0x00000000       0x71 ./Generated_Code/T_100ms.o
 .comment       0x00000000       0x71 ./Generated_Code/T_500ms.o
 .comment       0x00000000       0x71 ./Generated_Code/Vectors.o

.debug_frame    0x00000000      0xcb8
 .debug_frame   0x00000000      0x10c ./Sources/Events.o
 .debug_frame   0x0000010c       0x30 ./Sources/main.o
 .debug_frame   0x0000013c       0xc0 ./Project_Settings/Startup_Code/startup.o
 .debug_frame   0x000001fc       0xb8 ./Generated_Code/BitIoLdd1.o
 .debug_frame   0x000002b4       0xb8 ./Generated_Code/BitIoLdd2.o
 .debug_frame   0x0000036c       0x9c ./Generated_Code/BitIoLdd3.o
 .debug_frame   0x00000408       0x9c ./Generated_Code/BitIoLdd4.o
 .debug_frame   0x000004a4       0x9c ./Generated_Code/BitIoLdd5.o
 .debug_frame   0x00000540       0xc8 ./Generated_Code/Cpu.o
 .debug_frame   0x00000608       0x30 ./Generated_Code/DIRECTION_1.o
 .debug_frame   0x00000638       0x30 ./Generated_Code/DIRECTION_2.o
 .debug_frame   0x00000668      0x110 ./Generated_Code/ENCODER.o
 .debug_frame   0x00000778       0x30 ./Generated_Code/ENCODER_PUSH.o
 .debug_frame   0x000007a8       0x68 ./Generated_Code/ExtIntLdd1.o
 .debug_frame   0x00000810       0x68 ./Generated_Code/ExtIntLdd2.o
 .debug_frame   0x00000878       0x68 ./Generated_Code/ExtIntLdd3.o
 .debug_frame   0x000008e0       0xe0 ./Generated_Code/IntI2cLdd1.o
 .debug_frame   0x000009c0      0x128 ./Generated_Code/LCD.o
 .debug_frame   0x00000ae8       0x64 ./Generated_Code/PE_LDD.o
 .debug_frame   0x00000b4c       0x88 ./Generated_Code/T_100ms.o
 .debug_frame   0x00000bd4       0x50 ./Generated_Code/T_500ms.o
 .debug_frame   0x00000c24       0x28 c:/freescale/kds_v3/toolchain/bin/../lib/gcc/arm-none-eabi/4.8.4/../../../../arm-none-eabi/lib/armv7e-m\libg_s.a(lib_a-exit.o)
 .debug_frame   0x00000c4c       0x2c c:/freescale/kds_v3/toolchain/bin/../lib/gcc/arm-none-eabi/4.8.4/../../../../arm-none-eabi/lib/armv7e-m\libg_s.a(lib_a-init.o)
 .debug_frame   0x00000c78       0x20 c:/freescale/kds_v3/toolchain/bin/../lib/gcc/arm-none-eabi/4.8.4/../../../../arm-none-eabi/lib/armv7e-m\libg_s.a(lib_a-memset.o)
 .debug_frame   0x00000c98       0x20 c:/freescale/kds_v3/toolchain/bin/../lib/gcc/arm-none-eabi/4.8.4/../../../../arm-none-eabi/lib/armv7e-m\libnosys.a(_exit.o)
