Archive member included because of file (symbol)

c:/freescale/kds_v3/toolchain/bin/../lib/gcc/arm-none-eabi/4.8.4/armv7e-m\libgcc.a(unwind-arm.o)
                              ./Sources/LCD.o (__aeabi_unwind_cpp_pr0)
c:/freescale/kds_v3/toolchain/bin/../lib/gcc/arm-none-eabi/4.8.4/armv7e-m\libgcc.a(libunwind.o)
                              c:/freescale/kds_v3/toolchain/bin/../lib/gcc/arm-none-eabi/4.8.4/armv7e-m\libgcc.a(unwind-arm.o) (restore_core_regs)
c:/freescale/kds_v3/toolchain/bin/../lib/gcc/arm-none-eabi/4.8.4/armv7e-m\libgcc.a(pr-support.o)
                              c:/freescale/kds_v3/toolchain/bin/../lib/gcc/arm-none-eabi/4.8.4/armv7e-m\libgcc.a(unwind-arm.o) (__gnu_unwind_execute)
c:/freescale/kds_v3/toolchain/bin/../lib/gcc/arm-none-eabi/4.8.4/../../../../arm-none-eabi/lib/armv7e-m\libg_s.a(lib_a-abort.o)
                              c:/freescale/kds_v3/toolchain/bin/../lib/gcc/arm-none-eabi/4.8.4/armv7e-m\libgcc.a(unwind-arm.o) (abort)
c:/freescale/kds_v3/toolchain/bin/../lib/gcc/arm-none-eabi/4.8.4/../../../../arm-none-eabi/lib/armv7e-m\libg_s.a(lib_a-exit.o)
                              c:/freescale/kds_v3/toolchain/bin/../lib/gcc/arm-none-eabi/4.8.4/../../../../arm-none-eabi/lib/armv7e-m/crt0.o (exit)
c:/freescale/kds_v3/toolchain/bin/../lib/gcc/arm-none-eabi/4.8.4/../../../../arm-none-eabi/lib/armv7e-m\libg_s.a(lib_a-impure.o)
                              c:/freescale/kds_v3/toolchain/bin/../lib/gcc/arm-none-eabi/4.8.4/../../../../arm-none-eabi/lib/armv7e-m\libg_s.a(lib_a-exit.o) (_global_impure_ptr)
c:/freescale/kds_v3/toolchain/bin/../lib/gcc/arm-none-eabi/4.8.4/../../../../arm-none-eabi/lib/armv7e-m\libg_s.a(lib_a-init.o)
                              c:/freescale/kds_v3/toolchain/bin/../lib/gcc/arm-none-eabi/4.8.4/../../../../arm-none-eabi/lib/armv7e-m/crt0.o (__libc_init_array)
c:/freescale/kds_v3/toolchain/bin/../lib/gcc/arm-none-eabi/4.8.4/../../../../arm-none-eabi/lib/armv7e-m\libg_s.a(lib_a-memcpy-stub.o)
                              c:/freescale/kds_v3/toolchain/bin/../lib/gcc/arm-none-eabi/4.8.4/armv7e-m\libgcc.a(unwind-arm.o) (memcpy)
c:/freescale/kds_v3/toolchain/bin/../lib/gcc/arm-none-eabi/4.8.4/../../../../arm-none-eabi/lib/armv7e-m\libg_s.a(lib_a-memset.o)
                              c:/freescale/kds_v3/toolchain/bin/../lib/gcc/arm-none-eabi/4.8.4/../../../../arm-none-eabi/lib/armv7e-m/crt0.o (memset)
c:/freescale/kds_v3/toolchain/bin/../lib/gcc/arm-none-eabi/4.8.4/../../../../arm-none-eabi/lib/armv7e-m\libg_s.a(lib_a-signal.o)
                              c:/freescale/kds_v3/toolchain/bin/../lib/gcc/arm-none-eabi/4.8.4/../../../../arm-none-eabi/lib/armv7e-m\libg_s.a(lib_a-abort.o) (raise)
c:/freescale/kds_v3/toolchain/bin/../lib/gcc/arm-none-eabi/4.8.4/../../../../arm-none-eabi/lib/armv7e-m\libg_s.a(lib_a-signalr.o)
                              c:/freescale/kds_v3/toolchain/bin/../lib/gcc/arm-none-eabi/4.8.4/../../../../arm-none-eabi/lib/armv7e-m\libg_s.a(lib_a-signal.o) (_kill_r)
c:/freescale/kds_v3/toolchain/bin/../lib/gcc/arm-none-eabi/4.8.4/../../../../arm-none-eabi/lib/armv7e-m\libg_s.a(lib_a-strcmp.o)
                              ./Sources/protocol.o (strcmp)
c:/freescale/kds_v3/toolchain/bin/../lib/gcc/arm-none-eabi/4.8.4/../../../../arm-none-eabi/lib/armv7e-m\libg_s.a(lib_a-strlen.o)
                              ./Sources/protocol.o (strlen)
c:/freescale/kds_v3/toolchain/bin/../lib/gcc/arm-none-eabi/4.8.4/../../../../arm-none-eabi/lib/armv7e-m\libg_s.a(lib_a-nano-mallocr.o)
                              c:/freescale/kds_v3/toolchain/bin/../lib/gcc/arm-none-eabi/4.8.4/../../../../arm-none-eabi/lib/armv7e-m\libg_s.a(lib_a-signal.o) (_malloc_r)
c:/freescale/kds_v3/toolchain/bin/../lib/gcc/arm-none-eabi/4.8.4/../../../../arm-none-eabi/lib/armv7e-m\libg_s.a(lib_a-reent.o)
                              c:/freescale/kds_v3/toolchain/bin/../lib/gcc/arm-none-eabi/4.8.4/../../../../arm-none-eabi/lib/armv7e-m\libg_s.a(lib_a-signalr.o) (errno)
c:/freescale/kds_v3/toolchain/bin/../lib/gcc/arm-none-eabi/4.8.4/../../../../arm-none-eabi/lib/armv7e-m\libg_s.a(lib_a-sbrkr.o)
                              c:/freescale/kds_v3/toolchain/bin/../lib/gcc/arm-none-eabi/4.8.4/../../../../arm-none-eabi/lib/armv7e-m\libg_s.a(lib_a-nano-mallocr.o) (_sbrk_r)
c:/freescale/kds_v3/toolchain/bin/../lib/gcc/arm-none-eabi/4.8.4/../../../../arm-none-eabi/lib/armv7e-m\libg_s.a(lib_a-nano-freer.o)
                              c:/freescale/kds_v3/toolchain/bin/../lib/gcc/arm-none-eabi/4.8.4/../../../../arm-none-eabi/lib/armv7e-m\libg_s.a(lib_a-reent.o) (_free_r)
c:/freescale/kds_v3/toolchain/bin/../lib/gcc/arm-none-eabi/4.8.4/../../../../arm-none-eabi/lib/armv7e-m\libnosys.a(getpid.o)
                              c:/freescale/kds_v3/toolchain/bin/../lib/gcc/arm-none-eabi/4.8.4/../../../../arm-none-eabi/lib/armv7e-m\libg_s.a(lib_a-signalr.o) (_getpid)
c:/freescale/kds_v3/toolchain/bin/../lib/gcc/arm-none-eabi/4.8.4/../../../../arm-none-eabi/lib/armv7e-m\libnosys.a(kill.o)
[...]
Memory Configuration

Name             Origin             Length             Attributes
m_interrupts     0x00000000         0x000001bc         xr
m_text           0x00000410         0x0003fbf0         xr
m_data           0x1fff8000         0x00008000         rw
m_data_20000000  0x20000000         0x00008000         rw
m_cfmprotrom     0x00000400         0x00000010         xr
*default*        0x00000000         0xffffffff

Linker script and memory map

LOAD c:/freescale/kds_v3/toolchain/bin/../lib/gcc/arm-none-eabi/4.8.4/armv7e-m/crti.o
LOAD c:/freescale/kds_v3/toolchain/bin/../lib/gcc/arm-none-eabi/4.8.4/armv7e-m/crtbegin.o
LOAD c:/freescale/kds_v3/toolchain/bin/../lib/gcc/arm-none-eabi/4.8.4/../../../../arm-none-eabi/lib/armv7e-m/crt0.o
LOAD ./Sources/Events.o
LOAD ./Sources/LCD.o
LOAD ./Sources/PCA9670.o
LOAD ./Sources/display.o
LOAD ./Sources/main.o
LOAD ./Sources/menu.o
LOAD ./Sources/protocol.o
LOAD ./Project_Settings/Startup_Code/startup.o
LOAD ./Generated_Code/AS1.o
LOAD ./Generated_Code/ASerialLdd1.o
LOAD ./Generated_Code/BitIoLdd1.o
LOAD ./Generated_Code/BitIoLdd2.o
LOAD ./Generated_Code/BitIoLdd3.o
LOAD ./Generated_Code/BitIoLdd4.o
LOAD ./Generated_Code/BitIoLdd5.o
LOAD ./Generated_Code/CS1.o
LOAD ./Generated_Code/Cpu.o
LOAD ./Generated_Code/ENCODER.o
LOAD ./Generated_Code/ENCODER_PUSH.o
LOAD ./Generated_Code/ExtIntLdd1.o
LOAD ./Generated_Code/ExtIntLdd2.o
LOAD ./Generated_Code/ExtIntLdd3.o
LOAD ./Generated_Code/ExtIntLdd4.o
LOAD ./Generated_Code/ExtIntLdd5.o
LOAD ./Generated_Code/I2C0.o
LOAD ./Generated_Code/IntI2cLdd1.o
LOAD ./Generated_Code/KSDK1.o
LOAD ./Generated_Code/LED_DEBUG.o
LOAD ./Generated_Code/LED_STATUS_1.o
LOAD ./Generated_Code/LED_STATUS_2.o
LOAD ./Generated_Code/LED_STATUS_3.o
LOAD ./Generated_Code/LED_STATUS_4.o
LOAD ./Generated_Code/LEVER_DIR1.o
LOAD ./Generated_Code/LEVER_DIR2.o
LOAD ./Generated_Code/PCA.o
LOAD ./Generated_Code/PE_LDD.o
LOAD ./Generated_Code/PUSH_BUTTON_REC.o
LOAD ./Generated_Code/PUSH_BUTTON_SEND.o
LOAD ./Generated_Code/T_100ms.o
LOAD ./Generated_Code/T_500ms.o
LOAD ./Generated_Code/Vectors.o
LOAD ./Generated_Code/WAIT1.o
LOAD c:/freescale/kds_v3/toolchain/bin/../lib/gcc/arm-none-eabi/4.8.4/../../../../arm-none-eabi/lib/armv7e-m\libstdc++_s.a
LOAD c:/freescale/kds_v3/toolchain/bin/../lib/gcc/arm-none-eabi/4.8.4/../../../../arm-none-eabi/lib/armv7e-m\libm.a
START GROUP
LOAD c:/freescale/kds_v3/toolchain/bin/../lib/gcc/arm-none-eabi/4.8.4/armv7e-m\libgcc.a
LOAD c:/freescale/kds_v3/toolchain/bin/../lib/gcc/arm-none-eabi/4.8.4/../../../../arm-none-eabi/lib/armv7e-m\libg_s.a
LOAD c:/freescale/kds_v3/toolchain/bin/../lib/gcc/arm-none-eabi/4.8.4/../../../../arm-none-eabi/lib/armv7e-m\libc_s.a
END GROUP
START GROUP
LOAD c:/freescale/kds_v3/toolchain/bin/../lib/gcc/arm-none-eabi/4.8.4/armv7e-m\libgcc.a
LOAD c:/freescale/kds_v3/toolchain/bin/../lib/gcc/arm-none-eabi/4.8.4/../../../../arm-none-eabi/lib/armv7e-m\libc_s.a
LOAD c:/freescale/kds_v3/toolchain/bin/../lib/gcc/arm-none-eabi/4.8.4/../../../../arm-none-eabi/lib/armv7e-m\libnosys.a
END GROUP
START GROUP
LOAD c:/freescale/kds_v3/toolchain/bin/../lib/gcc/arm-none-eabi/4.8.4/armv7e-m\libgcc.a
LOAD c:/freescale/kds_v3/toolchain/bin/../lib/gcc/arm-none-eabi/4.8.4/../../../../arm-none-eabi/lib/armv7e-m\libc_s.a
LOAD c:/freescale/kds_v3/toolchain/bin/../lib/gcc/arm-none-eabi/4.8.4/../../../../arm-none-eabi/lib/armv7e-m\libnosys.a
END GROUP
LOAD c:/freescale/kds_v3/toolchain/bin/../lib/gcc/arm-none-eabi/4.8.4/armv7e-m/crtend.o
LOAD c:/freescale/kds_v3/toolchain/bin/../lib/gcc/arm-none-eabi/4.8.4/armv7e-m/crtn.o
                0x20000000                _estack = 0x20000000
                0x20000000                __SP_INIT = _estack
                0x20000000                __stack = _estack
                0x00000000                __heap_size = 0x0
                0x00000400                __stack_size = 0x400

.interrupts     0x00000000      0x1bc
                0x00000000                __vector_table = .
                0x00000000                . = ALIGN (0x4)
 *(.vectortable)
 .vectortable   0x00000000      0x1bc ./Generated_Code/Vectors.o
                0x00000000                __vect_table
                0x000001bc                . = ALIGN (0x4)

.cfmprotect     0x00000400       0x10
                0x00000400                . = ALIGN (0x4)
 *(.cfmconfig)
 .cfmconfig     0x00000400       0x10 ./Generated_Code/Cpu.o
                0x00000400                _cfm
                0x00000410                . = ALIGN (0x4)

.text           0x00000410     0x375c
                0x00000410                . = ALIGN (0x4)
 *(.text)
 .text          0x00000410       0x54 c:/freescale/kds_v3/toolchain/bin/../lib/gcc/arm-none-eabi/4.8.4/armv7e-m/crtbegin.o
 .text          0x00000464       0x74 c:/freescale/kds_v3/toolchain/bin/../lib/gcc/arm-none-eabi/4.8.4/../../../../arm-none-eabi/lib/armv7e-m/crt0.o
                0x00000464                _start
                0x00000464                _mainCRTStartup
 .text          0x000004d8      0xa1c c:/freescale/kds_v3/toolchain/bin/../lib/gcc/arm-none-eabi/4.8.4/armv7e-m\libgcc.a(unwind-arm.o)
                0x000007bc                _Unwind_GetCFA
                0x000007c0                __gnu_Unwind_RaiseException
                0x00000820                __gnu_Unwind_ForcedUnwind
                0x00000834                __gnu_Unwind_Resume
                0x00000878                __gnu_Unwind_Resume_or_Rethrow
                0x00000888                _Unwind_Complete
                0x0000088c                _Unwind_DeleteException
                0x0000089c                _Unwind_VRS_Get
                0x000008ec                _Unwind_VRS_Set
                0x0000093c                __gnu_Unwind_Backtrace
                0x00000c90                __aeabi_unwind_cpp_pr0
                0x00000c98                __aeabi_unwind_cpp_pr1
                0x00000ca0                __aeabi_unwind_cpp_pr2
                0x00000ca8                _Unwind_VRS_Pop
 .text          0x00000ef4      0x1ac c:/freescale/kds_v3/toolchain/bin/../lib/gcc/arm-none-eabi/4.8.4/armv7e-m\libgcc.a(libunwind.o)
                0x00000ef4                __restore_core_regs
                0x00000ef4                restore_core_regs
                0x00000f0c                __gnu_Unwind_Restore_VFP
                0x00000f14                __gnu_Unwind_Save_VFP
                0x00000f1c                __gnu_Unwind_Restore_VFP_D
                0x00000f24                __gnu_Unwind_Save_VFP_D
                0x00000f2c                __gnu_Unwind_Restore_VFP_D_16_to_31
                0x00000f34                __gnu_Unwind_Save_VFP_D_16_to_31
                0x00000f3c                __gnu_Unwind_Restore_WMMXD
                0x00000f80                __gnu_Unwind_Save_WMMXD
                0x00000fc4                __gnu_Unwind_Restore_WMMXC
                0x00000fd8                __gnu_Unwind_Save_WMMXC
                0x00000fec                ___Unwind_RaiseException
                0x00000fec                _Unwind_RaiseException
                0x00001010                _Unwind_Resume
                0x00001010                ___Unwind_Resume
                0x00001034                _Unwind_Resume_or_Rethrow
                0x00001034                ___Unwind_Resume_or_Rethrow
                0x00001058                _Unwind_ForcedUnwind
                0x00001058                ___Unwind_ForcedUnwind
                0x0000107c                ___Unwind_Backtrace
                0x0000107c                _Unwind_Backtrace
 .text          0x000010a0      0x33c c:/freescale/kds_v3/toolchain/bin/../lib/gcc/arm-none-eabi/4.8.4/armv7e-m\libgcc.a(pr-support.o)
                0x000010f4                __gnu_unwind_execute
                0x00001380                __gnu_unwind_frame
                0x000013ac                _Unwind_GetRegionStart
                0x000013b8                _Unwind_GetLanguageSpecificData
                0x000013cc                _Unwind_GetDataRelBase
                0x000013d4                _Unwind_GetTextRelBase
 .text          0x000013dc       0x14 c:/freescale/kds_v3/toolchain/bin/../lib/gcc/arm-none-eabi/4.8.4/../../../../arm-none-eabi/lib/armv7e-m\libg_s.a(lib_a-strcmp.o)
                0x000013dc                strcmp
 *(.text*)
 .text.PUSH_BUTTON_REC_OnInterrupt
                0x000013f0        0xc ./Sources/Events.o
                0x000013f0                PUSH_BUTTON_REC_OnInterrupt
 .text.PUSH_BUTTON_SEND_OnInterrupt
                0x000013fc        0xc ./Sources/Events.o
                0x000013fc                PUSH_BUTTON_SEND_OnInterrupt
 .text.I2C0_OnReceiveData
                0x00001408        0xc ./Sources/Events.o
                0x00001408                I2C0_OnReceiveData
 .text.I2C0_OnTransmitData
                0x00001414        0xc ./Sources/Events.o
                0x00001414                I2C0_OnTransmitData
 .text.T_100ms_OnCounterRestart
                0x00001420       0x14 ./Sources/Events.o
                0x00001420                T_100ms_OnCounterRestart
 .text.LEVER_DIR2_OnInterrupt
                0x00001434        0xc ./Sources/Events.o
                0x00001434                LEVER_DIR2_OnInterrupt
 .text.LEVER_DIR1_OnInterrupt
                0x00001440        0xc ./Sources/Events.o
                0x00001440                LEVER_DIR1_OnInterrupt
 .text.ENCODER_PUSH_OnInterrupt
                0x0000144c        0xc ./Sources/Events.o
                0x0000144c                ENCODER_PUSH_OnInterrupt
 .text.ENCODER_OnPortEvent
                0x00001458       0x14 ./Sources/Events.o
                0x00001458                ENCODER_OnPortEvent
 .text.T_500ms_OnCounterRestart
                0x0000146c       0x14 ./Sources/Events.o
                0x0000146c                T_500ms_OnCounterRestart
 .text.Cpu_OnNMIINT
                0x00001480        0xc ./Sources/Events.o
                0x00001480                Cpu_OnNMIINT
 .text.I2C0_OnArbitLost
                0x0000148c        0xc ./Sources/Events.o
                0x0000148c                I2C0_OnArbitLost
 .text.AS1_OnTxComplete
                0x00001498       0x14 ./Sources/Events.o
                0x00001498                AS1_OnTxComplete
 .text.AS1_OnError
                0x000014ac        0xc ./Sources/Events.o
                0x000014ac                AS1_OnError
 .text.AS1_OnRxChar
                0x000014b8        0xc ./Sources/Events.o
                0x000014b8                AS1_OnRxChar
 .text.AS1_OnRxCharExt
                0x000014c4       0xc8 ./Sources/Events.o
                0x000014c4                AS1_OnRxCharExt
 .text.AS1_OnTxChar
                0x0000158c       0x14 ./Sources/Events.o
                0x0000158c                AS1_OnTxChar
 .text.AS1_OnFullRxBuf
                0x000015a0       0x14 ./Sources/Events.o
                0x000015a0                AS1_OnFullRxBuf
 .text.AS1_OnFreeTxBuf
                0x000015b4        0xc ./Sources/Events.o
                0x000015b4                AS1_OnFreeTxBuf
 .text.main     0x000015c0      0x188 ./Sources/main.o
                0x000015c0                main
 .text.serial_send_block
                0x00001748       0xd4 ./Sources/protocol.o
                0x00001748                serial_send_block
 .text.serial_send_string
                0x0000181c       0x58 ./Sources/protocol.o
                0x0000181c                serial_send_string
 .text.serial_send_char
                0x00001874       0x30 ./Sources/protocol.o
                0x00001874                serial_send_char
 .text.test_protocol
                0x000018a4       0x3c ./Sources/protocol.o
                0x000018a4                test_protocol
 .text.msg_parse
                0x000018e0       0xec ./Sources/protocol.o
                0x000018e0                msg_parse
 .text.msg_processing
                0x000019cc       0x90 ./Sources/protocol.o
                0x000019cc                msg_processing
 .text.__copy_rom_section
                0x00001a5c       0xe4 ./Project_Settings/Startup_Code/startup.o
                0x00001a5c                __copy_rom_section
 .text.__copy_rom_sections_to_ram
                0x00001b40       0x9c ./Project_Settings/Startup_Code/startup.o
                0x00001b40                __copy_rom_sections_to_ram
 .text.__init_registers
                0x00001bdc        0xc ./Project_Settings/Startup_Code/startup.o
                0x00001bdc                __init_registers
 .text.__init_user
                0x00001be8        0xc ./Project_Settings/Startup_Code/startup.o
                0x00001be8                __init_user
 .text.__thumb_startup
                0x00001bf4       0x34 ./Project_Settings/Startup_Code/startup.o
                0x00001bf4                __thumb_startup
 .text.HWEnDi   0x00001c28       0x1c ./Generated_Code/AS1.o
 .text.AS1_SendChar
                0x00001c44       0xdc ./Generated_Code/AS1.o
                0x00001c44                AS1_SendChar
 .text.AS1_ClearRxBuf
                0x00001d20       0x78 ./Generated_Code/AS1.o
                0x00001d20                AS1_ClearRxBuf
 .text.AS1_Init
                0x00001d98       0x60 ./Generated_Code/AS1.o
                0x00001d98                AS1_Init
 .text.ASerialLdd1_OnBlockReceived
                0x00001df8       0xcc ./Generated_Code/AS1.o
                0x00001df8                ASerialLdd1_OnBlockReceived
 .text.ASerialLdd1_OnBlockSent
                0x00001ec4       0xd4 ./Generated_Code/AS1.o
                0x00001ec4                ASerialLdd1_OnBlockSent
 .text.ASerialLdd1_OnError
                0x00001f98       0x9c ./Generated_Code/AS1.o
                0x00001f98                ASerialLdd1_OnError
 .text.ASerialLdd1_OnTxComplete
                0x00002034       0x14 ./Generated_Code/AS1.o
                0x00002034                ASerialLdd1_OnTxComplete
 .text.ASerialLdd1_OnBreak
                0x00002048       0x24 ./Generated_Code/AS1.o
                0x00002048                ASerialLdd1_OnBreak
 .text.ASerialLdd1_Init
                0x0000206c      0x1c0 ./Generated_Code/ASerialLdd1.o
                0x0000206c                ASerialLdd1_Init
 .text.ASerialLdd1_ReceiveBlock
                0x0000222c       0x90 ./Generated_Code/ASerialLdd1.o
                0x0000222c                ASerialLdd1_ReceiveBlock
 .text.ASerialLdd1_SendBlock
                0x000022bc       0xbc ./Generated_Code/ASerialLdd1.o
                0x000022bc                ASerialLdd1_SendBlock
 .text.InterruptRx
                0x00002378       0x58 ./Generated_Code/ASerialLdd1.o
 .text.InterruptTx
                0x000023d0       0x9c ./Generated_Code/ASerialLdd1.o
 .text.ASerialLdd1_Interrupt
                0x0000246c      0x130 ./Generated_Code/ASerialLdd1.o
                0x0000246c                ASerialLdd1_Interrupt
 .text.ASerialLdd1_GetError
                0x0000259c       0x70 ./Generated_Code/ASerialLdd1.o
                0x0000259c                ASerialLdd1_GetError
 .text.BitIoLdd1_Init
                0x0000260c       0x64 ./Generated_Code/BitIoLdd1.o
                0x0000260c                BitIoLdd1_Init
 .text.BitIoLdd2_Init
                0x00002670       0x64 ./Generated_Code/BitIoLdd2.o
                0x00002670                BitIoLdd2_Init
 .text.BitIoLdd3_Init
                0x000026d4       0x64 ./Generated_Code/BitIoLdd3.o
                0x000026d4                BitIoLdd3_Init
 .text.BitIoLdd3_ClrVal
                0x00002738       0x1c ./Generated_Code/BitIoLdd3.o
                0x00002738                BitIoLdd3_ClrVal
 .text.BitIoLdd3_SetVal
                0x00002754       0x1c ./Generated_Code/BitIoLdd3.o
                0x00002754                BitIoLdd3_SetVal
 .text.BitIoLdd4_Init
                0x00002770       0x64 ./Generated_Code/BitIoLdd4.o
                0x00002770                BitIoLdd4_Init
 .text.BitIoLdd4_ClrVal
                0x000027d4       0x1c ./Generated_Code/BitIoLdd4.o
                0x000027d4                BitIoLdd4_ClrVal
 .text.BitIoLdd4_SetVal
                0x000027f0       0x1c ./Generated_Code/BitIoLdd4.o
                0x000027f0                BitIoLdd4_SetVal
 .text.BitIoLdd5_Init
                0x0000280c       0x64 ./Generated_Code/BitIoLdd5.o
                0x0000280c                BitIoLdd5_Init
 .text.BitIoLdd5_ClrVal
                0x00002870       0x1c ./Generated_Code/BitIoLdd5.o
                0x00002870                BitIoLdd5_ClrVal
 .text.BitIoLdd5_SetVal
                0x0000288c       0x1c ./Generated_Code/BitIoLdd5.o
                0x0000288c                BitIoLdd5_SetVal
 .text.Cpu_ivINT_PORTC
                0x000028a8       0x30 ./Generated_Code/Cpu.o
                0x000028a8                Cpu_ivINT_PORTC
 .text.Cpu_INT_NMIInterrupt
                0x000028d8       0x1c ./Generated_Code/Cpu.o
                0x000028d8                Cpu_INT_NMIInterrupt
 .text.Cpu_Interrupt
                0x000028f4       0x18 ./Generated_Code/Cpu.o
                0x000028f4                Cpu_Interrupt
 .text.__init_hardware
                0x0000290c      0x140 ./Generated_Code/Cpu.o
                0x0000290c                __init_hardware
 .text.Cpu_SetBASEPRI
                0x00002a4c       0x18 ./Generated_Code/Cpu.o
                0x00002a4c                Cpu_SetBASEPRI
 .text.PE_low_level_init
                0x00002a64      0x10c ./Generated_Code/Cpu.o
                0x00002a64                PE_low_level_init
 .text.ENCODER_Init
                0x00002b70       0xb0 ./Generated_Code/ENCODER.o
                0x00002b70                ENCODER_Init
 .text.ENCODER_Interrupt
                0x00002c20       0x4c ./Generated_Code/ENCODER.o
                0x00002c20                ENCODER_Interrupt
 .text.ExtIntLdd1_OnInterrupt
                0x00002c6c       0x14 ./Generated_Code/ENCODER_PUSH.o
                0x00002c6c                ExtIntLdd1_OnInterrupt
 .text.ExtIntLdd1_Init
                0x00002c80       0x80 ./Generated_Code/ExtIntLdd1.o
                0x00002c80                ExtIntLdd1_Init
 .text.ExtIntLdd1_Interrupt
                0x00002d00       0x3c ./Generated_Code/ExtIntLdd1.o
                0x00002d00                ExtIntLdd1_Interrupt
 .text.ExtIntLdd2_Init
                0x00002d3c       0x80 ./Generated_Code/ExtIntLdd2.o
                0x00002d3c                ExtIntLdd2_Init
 .text.ExtIntLdd2_Interrupt
                0x00002dbc       0x3c ./Generated_Code/ExtIntLdd2.o
                0x00002dbc                ExtIntLdd2_Interrupt
 .text.ExtIntLdd3_Init
                0x00002df8       0x80 ./Generated_Code/ExtIntLdd3.o
                0x00002df8                ExtIntLdd3_Init
 .text.ExtIntLdd3_Interrupt
                0x00002e78       0x3c ./Generated_Code/ExtIntLdd3.o
                0x00002e78                ExtIntLdd3_Interrupt
 .text.ExtIntLdd4_Init
                0x00002eb4       0x7c ./Generated_Code/ExtIntLdd4.o
                0x00002eb4                ExtIntLdd4_Init
 .text.ExtIntLdd4_Interrupt
                0x00002f30       0x3c ./Generated_Code/ExtIntLdd4.o
                0x00002f30                ExtIntLdd4_Interrupt
 .text.ExtIntLdd5_Init
                0x00002f6c       0x7c ./Generated_Code/ExtIntLdd5.o
                0x00002f6c                ExtIntLdd5_Init
 .text.ExtIntLdd5_Interrupt
                0x00002fe8       0x3c ./Generated_Code/ExtIntLdd5.o
                0x00002fe8                ExtIntLdd5_Interrupt
 .text.I2C0_SendStop
                0x00003024       0x48 ./Generated_Code/I2C0.o
                0x00003024                I2C0_SendStop
 .text.I2C0_Init
                0x0000306c       0x20 ./Generated_Code/I2C0.o
                0x0000306c                I2C0_Init
 .text.IntI2cLdd1_OnMasterBlockSent
                0x0000308c       0x24 ./Generated_Code/I2C0.o
                0x0000308c                IntI2cLdd1_OnMasterBlockSent
 .text.IntI2cLdd1_OnMasterBlockReceived
                0x000030b0       0x24 ./Generated_Code/I2C0.o
                0x000030b0                IntI2cLdd1_OnMasterBlockReceived
 .text.IntI2cLdd1_OnError
                0x000030d4       0x30 ./Generated_Code/I2C0.o
                0x000030d4                IntI2cLdd1_OnError
 .text.IntI2cLdd1_Interrupt
                0x00003104      0x2d4 ./Generated_Code/IntI2cLdd1.o
                0x00003104                IntI2cLdd1_Interrupt
 .text.IntI2cLdd1_Init
                0x000033d8      0x13c ./Generated_Code/IntI2cLdd1.o
                0x000033d8                IntI2cLdd1_Init
 .text.IntI2cLdd1_GetError
                0x00003514       0x70 ./Generated_Code/IntI2cLdd1.o
                0x00003514                IntI2cLdd1_GetError
 .text.ExtIntLdd2_OnInterrupt
                0x00003584       0x14 ./Generated_Code/LEVER_DIR1.o
                0x00003584                ExtIntLdd2_OnInterrupt
 .text.ExtIntLdd3_OnInterrupt
                0x00003598       0x14 ./Generated_Code/LEVER_DIR2.o
                0x00003598                ExtIntLdd3_OnInterrupt
 .text.ExtIntLdd5_OnInterrupt
                0x000035ac       0x14 ./Generated_Code/PUSH_BUTTON_REC.o
                0x000035ac                ExtIntLdd5_OnInterrupt
 .text.ExtIntLdd4_OnInterrupt
                0x000035c0       0x14 ./Generated_Code/PUSH_BUTTON_SEND.o
                0x000035c0                ExtIntLdd4_OnInterrupt
 .text.T_100ms_Init
                0x000035d4       0xb0 ./Generated_Code/T_100ms.o
                0x000035d4                T_100ms_Init
 .text.T_100ms_Interrupt
                0x00003684       0x6c ./Generated_Code/T_100ms.o
                0x00003684                T_100ms_Interrupt
 .text.T_500ms_Init
                0x000036f0       0xcc ./Generated_Code/T_500ms.o
                0x000036f0                T_500ms_Init
 .text.T_500ms_Interrupt
                0x000037bc       0x6c ./Generated_Code/T_500ms.o
                0x000037bc                T_500ms_Interrupt
 .text.abort    0x00003828        0xe c:/freescale/kds_v3/toolchain/bin/../lib/gcc/arm-none-eabi/4.8.4/../../../../arm-none-eabi/lib/armv7e-m\libg_s.a(lib_a-abort.o)
                0x00003828                abort
 *fill*         0x00003836        0x2 
 .text.exit     0x00003838       0x28 c:/freescale/kds_v3/toolchain/bin/../lib/gcc/arm-none-eabi/4.8.4/../../../../arm-none-eabi/lib/armv7e-m\libg_s.a(lib_a-exit.o)
                0x00003838                exit
 .text.__libc_init_array
                0x00003860       0x4c c:/freescale/kds_v3/toolchain/bin/../lib/gcc/arm-none-eabi/4.8.4/../../../../arm-none-eabi/lib/armv7e-m\libg_s.a(lib_a-init.o)
                0x00003860                __libc_init_array
 .text.memcpy   0x000038ac       0x12 c:/freescale/kds_v3/toolchain/bin/../lib/gcc/arm-none-eabi/4.8.4/../../../../arm-none-eabi/lib/armv7e-m\libg_s.a(lib_a-memcpy-stub.o)
                0x000038ac                memcpy
 .text.memset   0x000038be       0x10 c:/freescale/kds_v3/toolchain/bin/../lib/gcc/arm-none-eabi/4.8.4/../../../../arm-none-eabi/lib/armv7e-m\libg_s.a(lib_a-memset.o)
                0x000038be                memset
 .text._raise_r
                0x000038ce       0x50 c:/freescale/kds_v3/toolchain/bin/../lib/gcc/arm-none-eabi/4.8.4/../../../../arm-none-eabi/lib/armv7e-m\libg_s.a(lib_a-signal.o)
                0x000038ce                _raise_r
 *fill*         0x0000391e        0x2 
 .text.raise    0x00003920       0x10 c:/freescale/kds_v3/toolchain/bin/../lib/gcc/arm-none-eabi/4.8.4/../../../../arm-none-eabi/lib/armv7e-m\libg_s.a(lib_a-signal.o)
                0x00003920                raise
 .text._kill_r  0x00003930       0x24 c:/freescale/kds_v3/toolchain/bin/../lib/gcc/arm-none-eabi/4.8.4/../../../../arm-none-eabi/lib/armv7e-m\libg_s.a(lib_a-signalr.o)
                0x00003930                _kill_r
 .text._getpid_r
                0x00003954        0x4 c:/freescale/kds_v3/toolchain/bin/../lib/gcc/arm-none-eabi/4.8.4/../../../../arm-none-eabi/lib/armv7e-m\libg_s.a(lib_a-signalr.o)
                0x00003954                _getpid_r
 .text.strlen   0x00003958       0x10 c:/freescale/kds_v3/toolchain/bin/../lib/gcc/arm-none-eabi/4.8.4/../../../../arm-none-eabi/lib/armv7e-m\libg_s.a(lib_a-strlen.o)
                0x00003958                strlen
 .text._getpid  0x00003968       0x10 c:/freescale/kds_v3/toolchain/bin/../lib/gcc/arm-none-eabi/4.8.4/../../../../arm-none-eabi/lib/armv7e-m\libnosys.a(getpid.o)
                0x00003968                _getpid
 .text._kill    0x00003978       0x10 c:/freescale/kds_v3/toolchain/bin/../lib/gcc/arm-none-eabi/4.8.4/../../../../arm-none-eabi/lib/armv7e-m\libnosys.a(kill.o)
                0x00003978                _kill
 .text._exit    0x00003988        0x4 c:/freescale/kds_v3/toolchain/bin/../lib/gcc/arm-none-eabi/4.8.4/../../../../arm-none-eabi/lib/armv7e-m\libnosys.a(_exit.o)
                0x00003988                _exit
 *(.rodata)
 .rodata        0x0000398c      0x1c0 ./Sources/protocol.o
 *(.rodata*)
 .rodata.str1.1
                0x00003b4c        0x2 c:/freescale/kds_v3/toolchain/bin/../lib/gcc/arm-none-eabi/4.8.4/../../../../arm-none-eabi/lib/armv7e-m\libg_s.a(lib_a-impure.o)
 *fill*         0x00003b4e        0x2 
 .rodata._global_impure_ptr
                0x00003b50        0x4 c:/freescale/kds_v3/toolchain/bin/../lib/gcc/arm-none-eabi/4.8.4/../../../../arm-none-eabi/lib/armv7e-m\libg_s.a(lib_a-impure.o)
                0x00003b50                _global_impure_ptr
 *(.glue_7)
 .glue_7        0x00000000        0x0 linker stubs
 *(.glue_7t)
 .glue_7t       0x00000000        0x0 linker stubs
 *(.eh_frame)
 .eh_frame      0x00003b54        0x0 c:/freescale/kds_v3/toolchain/bin/../lib/gcc/arm-none-eabi/4.8.4/armv7e-m/crtbegin.o
 *(.init)
 .init          0x00003b54        0x4 c:/freescale/kds_v3/toolchain/bin/../lib/gcc/arm-none-eabi/4.8.4/armv7e-m/crti.o
                0x00003b54                _init
 .init          0x00003b58        0x8 c:/freescale/kds_v3/toolchain/bin/../lib/gcc/arm-none-eabi/4.8.4/armv7e-m/crtn.o
 *(.fini)
 .fini          0x00003b60        0x4 c:/freescale/kds_v3/toolchain/bin/../lib/gcc/arm-none-eabi/4.8.4/armv7e-m/crti.o
                0x00003b60                _fini
 .fini          0x00003b64        0x8 c:/freescale/kds_v3/toolchain/bin/../lib/gcc/arm-none-eabi/4.8.4/armv7e-m/crtn.o
                0x00003b6c                . = ALIGN (0x4)
                0x00003b6c                _etext = .

.vfp11_veneer   0x00003b6c        0x0
 .vfp11_veneer  0x00000000        0x0 linker stubs

.v4_bx          0x00003b6c        0x0
 .v4_bx         0x00000000        0x0 linker stubs

.iplt           0x00003b6c        0x0
 .iplt          0x00000000        0x0 c:/freescale/kds_v3/toolchain/bin/../lib/gcc/arm-none-eabi/4.8.4/armv7e-m/crtbegin.o

.ARM.extab      0x00003b6c       0x48
 *(.ARM.extab* .gnu.linkonce.armextab.*)
 .ARM.extab.text.serial_send_block
                0x00003b6c        0xc ./Sources/protocol.o
 .ARM.extab.text.serial_send_string
                0x00003b78        0xc ./Sources/protocol.o
 .ARM.extab.text.serial_send_char
                0x00003b84        0xc ./Sources/protocol.o
 .ARM.extab     0x00003b90        0xc c:/freescale/kds_v3/toolchain/bin/../lib/gcc/arm-none-eabi/4.8.4/armv7e-m\libgcc.a(unwind-arm.o)
 .ARM.extab     0x00003b9c       0x18 c:/freescale/kds_v3/toolchain/bin/../lib/gcc/arm-none-eabi/4.8.4/armv7e-m\libgcc.a(pr-support.o)

.ARM            0x00003bb4       0xf0
                0x00003bb4                __exidx_start = .
 *(.ARM.exidx*)
 .ARM.exidx     0x00003bb4        0x8 c:/freescale/kds_v3/toolchain/bin/../lib/gcc/arm-none-eabi/4.8.4/../../../../arm-none-eabi/lib/armv7e-m/crt0.o
 .ARM.exidx.text.serial_send_block
                0x00003c7c        0x8 ./Sources/protocol.o
 .ARM.exidx.text.serial_send_string
                0x00003c84        0x8 ./Sources/protocol.o
 .ARM.exidx.text.serial_send_char
                0x00003c8c        0x8 ./Sources/protocol.o
 .ARM.exidx.text.test_protocol
                0x00003c94        0x8 ./Sources/protocol.o
 .ARM.exidx.text.msg_parse
                0x00003c9c        0x8 ./Sources/protocol.o
 .ARM.exidx.text.msg_processing
                0x00003ca4        0x0 ./Sources/protocol.o
                                  0x8 (size before relaxing)
 .ARM.exidx     0x00003bbc       0x88 c:/freescale/kds_v3/toolchain/bin/../lib/gcc/arm-none-eabi/4.8.4/armv7e-m\libgcc.a(unwind-arm.o)
                                 0xd8 (size before relaxing)
 .ARM.exidx     0x00003c44       0x38 c:/freescale/kds_v3/toolchain/bin/../lib/gcc/arm-none-eabi/4.8.4/armv7e-m\libgcc.a(pr-support.o)
                                 0x48 (size before relaxing)
                0x00003ca4                __exidx_end = .

.rel.dyn        0x00003ca4        0x0
 .rel.iplt      0x00000000        0x0 c:/freescale/kds_v3/toolchain/bin/../lib/gcc/arm-none-eabi/4.8.4/armv7e-m/crtbegin.o

.ctors          0x00003ca4        0x0
                0x00003ca4                __CTOR_LIST__ = .
 *crtbegin.o(.ctors)
 *(EXCLUDE_FILE(*crtend.o) .ctors)
 *(SORT(.ctors.*))
 *(.ctors)
                0x00003ca4                __CTOR_END__ = .

.dtors          0x00003ca4        0x0
                0x00003ca4                __DTOR_LIST__ = .
 *crtbegin.o(.dtors)
 *(EXCLUDE_FILE(*crtend.o) .dtors)
 *(SORT(.dtors.*))
 *(.dtors)
                0x00003ca4                __DTOR_END__ = .

.preinit_array  0x00003ca4        0x0
                0x00003ca4                PROVIDE (__preinit_array_start, .)
 *(.preinit_array*)
                0x00003ca4                PROVIDE (__preinit_array_end, .)

.init_array     0x00003ca4        0x4
                0x00003ca4                PROVIDE (__init_array_start, .)
 *(SORT(.init_array.*))
 *(.init_array*)
 .init_array    0x00003ca4        0x4 c:/freescale/kds_v3/toolchain/bin/../lib/gcc/arm-none-eabi/4.8.4/armv7e-m/crtbegin.o
                0x00003ca8                PROVIDE (__init_array_end, .)

.fini_array     0x00003ca8        0x4
                0x00003ca8                PROVIDE (__fini_array_start, .)
 *(SORT(.fini_array.*))
 *(.fini_array*)
 .fini_array    0x00003ca8        0x4 c:/freescale/kds_v3/toolchain/bin/../lib/gcc/arm-none-eabi/4.8.4/armv7e-m/crtbegin.o
                0x00003cac                PROVIDE (__fini_array_end, .)
                0x00003cac                ___ROM_AT = .

.data           0x1fff8000       0x7c load address 0x00003cac
                0x1fff8000                . = ALIGN (0x4)
                0x1fff8000                _sdata = .
 *(.data)
 *(.data*)
 .data._ZL6Get_OK
                0x1fff8000        0x4 ./Sources/protocol.o
 .data._ZL7Get_ERR
                0x1fff8004        0x4 ./Sources/protocol.o
 .data._ZL6Set_OK
                0x1fff8008        0x4 ./Sources/protocol.o
 .data._ZL7Set_ERR
                0x1fff800c        0x4 ./Sources/protocol.o
 .data._ZL12Velocity_ref
                0x1fff8010        0x4 ./Sources/protocol.o
 .data._ZL12Position_ref
                0x1fff8014        0x4 ./Sources/protocol.o
 .data.impure_data
                0x1fff8018       0x60 c:/freescale/kds_v3/toolchain/bin/../lib/gcc/arm-none-eabi/4.8.4/../../../../arm-none-eabi/lib/armv7e-m\libg_s.a(lib_a-impure.o)
 .data._impure_ptr
                0x1fff8078        0x4 c:/freescale/kds_v3/toolchain/bin/../lib/gcc/arm-none-eabi/4.8.4/../../../../arm-none-eabi/lib/armv7e-m\libg_s.a(lib_a-impure.o)
                0x1fff8078                _impure_ptr
                0x1fff807c                . = ALIGN (0x4)
                0x1fff807c                _edata = .
                0x0000007c                ___data_size = (_edata - _sdata)
                0x00003d28                ___m_data_20000000_ROMStart = (___ROM_AT + SIZEOF (.data))

.jcr            0x1fff807c        0x0 load address 0x00003d28
 .jcr           0x1fff807c        0x0 c:/freescale/kds_v3/toolchain/bin/../lib/gcc/arm-none-eabi/4.8.4/armv7e-m/crtbegin.o

.igot.plt       0x1fff807c        0x0 load address 0x00003d28
 .igot.plt      0x00000000        0x0 c:/freescale/kds_v3/toolchain/bin/../lib/gcc/arm-none-eabi/4.8.4/armv7e-m/crtbegin.o

.m_data_20000000
                0x20000000        0x0 load address 0x00003d28
                0x20000000                . = ALIGN (0x4)
                0x20000000                ___m_data_20000000_RAMStart = .
 *(.m_data_20000000)
                0x20000000                ___m_data_20000000_RAMEnd = .
                0x20000000                . = ALIGN (0x4)
                0x00000000                ___m_data_20000000_ROMSize = (___m_data_20000000_RAMEnd - ___m_data_20000000_RAMStart)
                0x20000000                . = ALIGN (0x4)

.bss            0x1fff807c      0x2c0 load address 0x00003d28
                0x1fff807c                __START_BSS = .
                0x1fff807c                PROVIDE (__bss_start__, __START_BSS)
 *(.bss)
 .bss           0x1fff807c       0x1c c:/freescale/kds_v3/toolchain/bin/../lib/gcc/arm-none-eabi/4.8.4/armv7e-m/crtbegin.o
 *(.bss*)
 .bss.in_buffer
                0x1fff8098       0x80 ./Sources/protocol.o
                0x1fff8098                in_buffer
 .bss.cnt       0x1fff8118        0x1 ./Sources/protocol.o
                0x1fff8118                cnt
 .bss.FLAG_MSG_RCV
                0x1fff8119        0x1 ./Sources/protocol.o
                0x1fff8119                FLAG_MSG_RCV
 .bss.FLAG_MSG_ERR
                0x1fff811a        0x1 ./Sources/protocol.o
                0x1fff811a                FLAG_MSG_ERR
 .bss.FLAG_MSG_OK
                0x1fff811b        0x1 ./Sources/protocol.o
                0x1fff811b                FLAG_MSG_OK
 .bss.nb_data   0x1fff811c        0x4 ./Sources/protocol.o
                0x1fff811c                nb_data
 .bss.SerFlag   0x1fff8120        0x2 ./Generated_Code/AS1.o
 .bss.AS1_InpLen
                0x1fff8122        0x2 ./Generated_Code/AS1.o
 .bss.InpIndexR
                0x1fff8124        0x2 ./Generated_Code/AS1.o
 .bss.InpIndexW
                0x1fff8126        0x2 ./Generated_Code/AS1.o
 .bss.InpBuffer
                0x1fff8128       0x80 ./Generated_Code/AS1.o
 .bss.BufferRead
                0x1fff81a8        0x1 ./Generated_Code/AS1.o
 *fill*         0x1fff81a9        0x1 
 .bss.AS1_OutLen
                0x1fff81aa        0x2 ./Generated_Code/AS1.o
 .bss.OutIndexR
                0x1fff81ac        0x2 ./Generated_Code/AS1.o
 .bss.OutIndexW
                0x1fff81ae        0x2 ./Generated_Code/AS1.o
 .bss.OutBuffer
                0x1fff81b0       0x80 ./Generated_Code/AS1.o
 .bss.OnFreeTxBufSemaphore
                0x1fff8230        0x1 ./Generated_Code/AS1.o
 *fill*         0x1fff8231        0x3 
 .bss.DeviceDataPrv__DEFAULT_RTOS_ALLOC
                0x1fff8234       0x20 ./Generated_Code/ASerialLdd1.o
 .bss.INT_UART0_RX_TX__DEFAULT_RTOS_ISRPARAM
                0x1fff8254        0x4 ./Generated_Code/ASerialLdd1.o
 .bss.INT_UART0_ERR__DEFAULT_RTOS_ISRPARAM
                0x1fff8258        0x4 ./Generated_Code/ASerialLdd1.o
 .bss.DeviceDataPrv__DEFAULT_RTOS_ALLOC
                0x1fff825c        0x4 ./Generated_Code/BitIoLdd1.o
 .bss.DeviceDataPrv__DEFAULT_RTOS_ALLOC
                0x1fff8260        0x4 ./Generated_Code/BitIoLdd2.o
 .bss.DeviceDataPrv__DEFAULT_RTOS_ALLOC
                0x1fff8264        0x4 ./Generated_Code/BitIoLdd3.o
 .bss.DeviceDataPrv__DEFAULT_RTOS_ALLOC
                0x1fff8268        0x4 ./Generated_Code/BitIoLdd4.o
 .bss.DeviceDataPrv__DEFAULT_RTOS_ALLOC
                0x1fff826c        0x4 ./Generated_Code/BitIoLdd5.o
 .bss.SR_lock   0x1fff8270        0x1 ./Generated_Code/Cpu.o
                0x1fff8270                SR_lock
 *fill*         0x1fff8271        0x3 
 .bss.DeviceDataPrv__DEFAULT_RTOS_ALLOC
                0x1fff8274        0xc ./Generated_Code/ENCODER.o
 .bss.INT_PORTC__DEFAULT_RTOS_ISRPARAM
                0x1fff8280        0x4 ./Generated_Code/ENCODER.o
 .bss.DeviceDataPrv__DEFAULT_RTOS_ALLOC
                0x1fff8284        0x4 ./Generated_Code/ExtIntLdd1.o
 .bss.INT_PORTC__DEFAULT_RTOS_ISRPARAM
                0x1fff8288        0x4 ./Generated_Code/ExtIntLdd1.o
 .bss.DeviceDataPrv__DEFAULT_RTOS_ALLOC
                0x1fff828c        0x4 ./Generated_Code/ExtIntLdd2.o
 .bss.INT_PORTC__DEFAULT_RTOS_ISRPARAM
                0x1fff8290        0x4 ./Generated_Code/ExtIntLdd2.o
 .bss.DeviceDataPrv__DEFAULT_RTOS_ALLOC
                0x1fff8294        0x4 ./Generated_Code/ExtIntLdd3.o
 .bss.INT_PORTC__DEFAULT_RTOS_ISRPARAM
                0x1fff8298        0x4 ./Generated_Code/ExtIntLdd3.o
 .bss.DeviceDataPrv__DEFAULT_RTOS_ALLOC
                0x1fff829c        0x4 ./Generated_Code/ExtIntLdd4.o
 .bss.INT_PORTC__DEFAULT_RTOS_ISRPARAM
                0x1fff82a0        0x4 ./Generated_Code/ExtIntLdd4.o
 .bss.DeviceDataPrv__DEFAULT_RTOS_ALLOC
                0x1fff82a4        0x4 ./Generated_Code/ExtIntLdd5.o
 .bss.INT_PORTC__DEFAULT_RTOS_ISRPARAM
                0x1fff82a8        0x4 ./Generated_Code/ExtIntLdd5.o
 .bss.OutLenM   0x1fff82ac        0x2 ./Generated_Code/I2C0.o
 .bss.I2C0_SerFlag
                0x1fff82ae        0x1 ./Generated_Code/I2C0.o
 *fill*         0x1fff82af        0x1 
 .bss.DeviceDataPrv__DEFAULT_RTOS_ALLOC
                0x1fff82b0       0x1c ./Generated_Code/IntI2cLdd1.o
 .bss.INT_I2C0__DEFAULT_RTOS_ISRPARAM
                0x1fff82cc        0x4 ./Generated_Code/IntI2cLdd1.o
 .bss.PE_LDD_DeviceDataList
                0x1fff82d0       0x3c ./Generated_Code/PE_LDD.o
                0x1fff82d0                PE_LDD_DeviceDataList
 .bss.DeviceDataPrv__DEFAULT_RTOS_ALLOC
                0x1fff830c        0xc ./Generated_Code/T_100ms.o
 .bss.INT_FTM1__DEFAULT_RTOS_ISRPARAM
                0x1fff8318        0x4 ./Generated_Code/T_100ms.o
 .bss.DeviceDataPrv__DEFAULT_RTOS_ALLOC
                0x1fff831c        0x8 ./Generated_Code/T_500ms.o
 .bss.INT_FTM0__DEFAULT_RTOS_ISRPARAM
                0x1fff8324        0x4 ./Generated_Code/T_500ms.o
 *(COMMON)
 COMMON         0x1fff8328        0x4 ./Generated_Code/AS1.o
                0x1fff8328                ASerialLdd1_DeviceDataPtr
 COMMON         0x1fff832c        0x1 ./Generated_Code/Cpu.o
                0x1fff832c                SR_reg
 *fill*         0x1fff832d        0x3 
 COMMON         0x1fff8330        0x8 ./Generated_Code/I2C0.o
                0x1fff8330                I2C0_SndRcvTemp
                0x1fff8334                IntI2cLdd1_DeviceDataPtr
 COMMON         0x1fff8338        0x4 c:/freescale/kds_v3/toolchain/bin/../lib/gcc/arm-none-eabi/4.8.4/../../../../arm-none-eabi/lib/armv7e-m\libg_s.a(lib_a-reent.o)
                0x1fff8338                errno
                0x1fff833c                . = ALIGN (0x4)
                0x1fff833c                __END_BSS = .
                0x1fff833c                PROVIDE (__bss_end__, __END_BSS)
                0x00003d28                _romp_at = ((___ROM_AT + SIZEOF (.data)) + SIZEOF (.m_data_20000000))

.romp           0x1fff833c       0x24 load address 0x00003d28
                0x00003d28                __S_romp = _romp_at
                0x1fff833c        0x4 LONG 0x3cac ___ROM_AT
                0x1fff8340        0x4 LONG 0x1fff8000 _sdata
                0x1fff8344        0x4 LONG 0x7c ___data_size
                0x1fff8348        0x4 LONG 0x3d28 ___m_data_20000000_ROMStart
                0x1fff834c        0x4 LONG 0x20000000 ___m_data_20000000_RAMStart
                0x1fff8350        0x4 LONG 0x0 ___m_data_20000000_ROMSize
                0x1fff8354        0x4 LONG 0x0
                0x1fff8358        0x4 LONG 0x0
                0x1fff835c        0x4 LONG 0x0
                0x00040000                text_end = (ORIGIN (m_text) + 0x3fbf0)
                0x00003d4c                data_init_end = ((___m_data_20000000_ROMStart + SIZEOF (.m_data_20000000)) + SIZEOF (.romp))
                0x00000001                ASSERT ((data_init_end <= text_end), region m_text overflowed with text and data)

._user_heap_stack
                0x1fff8360      0x400 load address 0x00003d4c
                0x1fff8360                . = ALIGN (0x4)
                0x1fff8360                PROVIDE (end, .)
                0x1fff8360                PROVIDE (_end, .)
                0x1fff8360                PROVIDE (__end__, .)
                0x1fff8360                __heap_addr = .
                0x1fff8360                __HeapBase = .
                0x1fff8360                . = (. + __heap_size)
                0x1fff8360                __HeapLimit = .
                0x1fff8760                . = (. + __stack_size)
 *fill*         0x1fff8360      0x400 
                0x1fff8760                . = ALIGN (0x4)

.ARM.attributes
                0x00000000       0x2a
 *(.ARM.attributes)
 .ARM.attributes
                0x00000000       0x1e c:/freescale/kds_v3/toolchain/bin/../lib/gcc/arm-none-eabi/4.8.4/armv7e-m/crti.o
 .ARM.attributes
                0x0000001e       0x2e c:/freescale/kds_v3/toolchain/bin/../lib/gcc/arm-none-eabi/4.8.4/armv7e-m/crtbegin.o
 .ARM.attributes
                0x0000004c       0x1c c:/freescale/kds_v3/toolchain/bin/../lib/gcc/arm-none-eabi/4.8.4/../../../../arm-none-eabi/lib/armv7e-m/crt0.o
 .ARM.attributes
                0x00000068       0x33 ./Sources/Events.o
 .ARM.attributes
                0x0000009b       0x33 ./Sources/main.o
 .ARM.attributes
                0x000000ce       0x33 ./Sources/protocol.o
 .ARM.attributes
                0x00000101       0x33 ./Project_Settings/Startup_Code/startup.o
 .ARM.attributes
                0x00000134       0x33 ./Generated_Code/AS1.o
 .ARM.attributes
                0x00000167       0x33 ./Generated_Code/ASerialLdd1.o
 .ARM.attributes
                0x0000019a       0x33 ./Generated_Code/BitIoLdd1.o
 .ARM.attributes
                0x000001cd       0x33 ./Generated_Code/BitIoLdd2.o
 .ARM.attributes
                0x00000200       0x33 ./Generated_Code/BitIoLdd3.o
 .ARM.attributes
                0x00000233       0x33 ./Generated_Code/BitIoLdd4.o
 .ARM.attributes
                0x00000266       0x33 ./Generated_Code/BitIoLdd5.o
 .ARM.attributes
                0x00000299       0x33 ./Generated_Code/Cpu.o
 .ARM.attributes
                0x000002cc       0x33 ./Generated_Code/ENCODER.o
 .ARM.attributes
                0x000002ff       0x33 ./Generated_Code/ENCODER_PUSH.o
 .ARM.attributes
                0x00000332       0x33 ./Generated_Code/ExtIntLdd1.o
 .ARM.attributes
                0x00000365       0x33 ./Generated_Code/ExtIntLdd2.o
 .ARM.attributes
                0x00000398       0x33 ./Generated_Code/ExtIntLdd3.o
 .ARM.attributes
                0x000003cb       0x33 ./Generated_Code/ExtIntLdd4.o
 .ARM.attributes
                0x000003fe       0x33 ./Generated_Code/ExtIntLdd5.o
 .ARM.attributes
                0x00000431       0x33 ./Generated_Code/I2C0.o
 .ARM.attributes
                0x00000464       0x33 ./Generated_Code/IntI2cLdd1.o
 .ARM.attributes
                0x00000497       0x33 ./Generated_Code/LEVER_DIR1.o
 .ARM.attributes
                0x000004ca       0x33 ./Generated_Code/LEVER_DIR2.o
 .ARM.attributes
                0x000004fd       0x33 ./Generated_Code/PE_LDD.o
 .ARM.attributes
                0x00000530       0x33 ./Generated_Code/PUSH_BUTTON_REC.o
 .ARM.attributes
                0x00000563       0x33 ./Generated_Code/PUSH_BUTTON_SEND.o
 .ARM.attributes
                0x00000596       0x33 ./Generated_Code/T_100ms.o
 .ARM.attributes
                0x000005c9       0x33 ./Generated_Code/T_500ms.o
 .ARM.attributes
                0x000005fc       0x33 ./Generated_Code/Vectors.o
 .ARM.attributes
                0x0000062f       0x2e c:/freescale/kds_v3/toolchain/bin/../lib/gcc/arm-none-eabi/4.8.4/../../../../arm-none-eabi/lib/armv7e-m\libg_s.a(lib_a-exit.o)
 .ARM.attributes
                0x0000065d       0x2e c:/freescale/kds_v3/toolchain/bin/../lib/gcc/arm-none-eabi/4.8.4/../../../../arm-none-eabi/lib/armv7e-m\libg_s.a(lib_a-impure.o)
 .ARM.attributes
                0x0000068b       0x2e c:/freescale/kds_v3/toolchain/bin/../lib/gcc/arm-none-eabi/4.8.4/../../../../arm-none-eabi/lib/armv7e-m\libg_s.a(lib_a-init.o)
 .ARM.attributes
                0x000006b9       0x2e c:/freescale/kds_v3/toolchain/bin/../lib/gcc/arm-none-eabi/4.8.4/../../../../arm-none-eabi/lib/armv7e-m\libg_s.a(lib_a-memset.o)
 .ARM.attributes
                0x000006e7       0x1c c:/freescale/kds_v3/toolchain/bin/../lib/gcc/arm-none-eabi/4.8.4/../../../../arm-none-eabi/lib/armv7e-m\libg_s.a(lib_a-strcmp.o)
 .ARM.attributes
                0x00000703       0x2e c:/freescale/kds_v3/toolchain/bin/../lib/gcc/arm-none-eabi/4.8.4/../../../../arm-none-eabi/lib/armv7e-m\libg_s.a(lib_a-strlen.o)
 .ARM.attributes
                0x00000731       0x2e c:/freescale/kds_v3/toolchain/bin/../lib/gcc/arm-none-eabi/4.8.4/../../../../arm-none-eabi/lib/armv7e-m\libnosys.a(_exit.o)
 .ARM.attributes
                0x0000075f       0x1e c:/freescale/kds_v3/toolchain/bin/../lib/gcc/arm-none-eabi/4.8.4/armv7e-m/crtn.o
OUTPUT(varmo_lite.elf elf32-littlearm)

.debug_info     0x00000000     0x7a07
 .debug_info    0x00000000      0x553 ./Sources/Events.o
 .debug_info    0x00000553      0x425 ./Sources/main.o
 .debug_info    0x00000978      0x5f3 ./Sources/protocol.o
 .debug_info    0x00000f6b      0x20a ./Project_Settings/Startup_Code/startup.o
 .debug_info    0x00001175      0x52b ./Generated_Code/AS1.o
 .debug_info    0x000016a0      0x9dc ./Generated_Code/ASerialLdd1.o
 .debug_info    0x0000207c      0x377 ./Generated_Code/BitIoLdd1.o
 .debug_info    0x000023f3      0x377 ./Generated_Code/BitIoLdd2.o
 .debug_info    0x0000276a      0x377 ./Generated_Code/BitIoLdd3.o
 .debug_info    0x00002ae1      0x377 ./Generated_Code/BitIoLdd4.o
 .debug_info    0x00002e58      0x377 ./Generated_Code/BitIoLdd5.o
 .debug_info    0x000031cf      0xa82 ./Generated_Code/Cpu.o
 .debug_info    0x00003c51      0x647 ./Generated_Code/ENCODER.o
 .debug_info    0x00004298       0xb2 ./Generated_Code/ENCODER_PUSH.o
 .debug_info    0x0000434a      0x43c ./Generated_Code/ExtIntLdd1.o
 .debug_info    0x00004786      0x43c ./Generated_Code/ExtIntLdd2.o
 .debug_info    0x00004bc2      0x43c ./Generated_Code/ExtIntLdd3.o
 .debug_info    0x00004ffe      0x43c ./Generated_Code/ExtIntLdd4.o
 .debug_info    0x0000543a      0x43c ./Generated_Code/ExtIntLdd5.o
 .debug_info    0x00005876      0x47e ./Generated_Code/I2C0.o
 .debug_info    0x00005cf4      0x9e5 ./Generated_Code/IntI2cLdd1.o
 .debug_info    0x000066d9       0xb2 ./Generated_Code/LEVER_DIR1.o
 .debug_info    0x0000678b       0xb2 ./Generated_Code/LEVER_DIR2.o
 .debug_info    0x0000683d      0x24d ./Generated_Code/PE_LDD.o
 .debug_info    0x00006a8a       0xb2 ./Generated_Code/PUSH_BUTTON_REC.o
 .debug_info    0x00006b3c       0xb2 ./Generated_Code/PUSH_BUTTON_SEND.o
 .debug_info    0x00006bee      0x6c8 ./Generated_Code/T_100ms.o
 .debug_info    0x000072b6      0x63b ./Generated_Code/T_500ms.o
 .debug_info    0x000078f1      0x116 ./Generated_Code/Vectors.o

.debug_abbrev   0x00000000     0x245d
 .debug_abbrev  0x00000000      0x1dd ./Sources/Events.o
 .debug_abbrev  0x000001dd      0x13f ./Sources/main.o
 .debug_abbrev  0x0000031c      0x1ad ./Sources/protocol.o
 .debug_abbrev  0x000004c9      0x11e ./Project_Settings/Startup_Code/startup.o
 .debug_abbrev  0x000005e7      0x1d6 ./Generated_Code/AS1.o
 .debug_abbrev  0x000007bd      0x1db ./Generated_Code/ASerialLdd1.o
 .debug_abbrev  0x00000998      0x15f ./Generated_Code/BitIoLdd1.o
 .debug_abbrev  0x00000af7      0x15f ./Generated_Code/BitIoLdd2.o
 .debug_abbrev  0x00000c56      0x15f ./Generated_Code/BitIoLdd3.o
 .debug_abbrev  0x00000db5      0x15f ./Generated_Code/BitIoLdd4.o
 .debug_abbrev  0x00000f14      0x15f ./Generated_Code/BitIoLdd5.o
 .debug_abbrev  0x00001073      0x178 ./Generated_Code/Cpu.o
 .debug_abbrev  0x000011eb      0x1ba ./Generated_Code/ENCODER.o
 .debug_abbrev  0x000013a5       0x68 ./Generated_Code/ENCODER_PUSH.o
 .debug_abbrev  0x0000140d      0x15d ./Generated_Code/ExtIntLdd1.o
 .debug_abbrev  0x0000156a      0x15d ./Generated_Code/ExtIntLdd2.o
 .debug_abbrev  0x000016c7      0x15d ./Generated_Code/ExtIntLdd3.o
 .debug_abbrev  0x00001824      0x15d ./Generated_Code/ExtIntLdd4.o
 .debug_abbrev  0x00001981      0x15d ./Generated_Code/ExtIntLdd5.o
 .debug_abbrev  0x00001ade      0x1c0 ./Generated_Code/I2C0.o
 .debug_abbrev  0x00001c9e      0x18b ./Generated_Code/IntI2cLdd1.o
 .debug_abbrev  0x00001e29       0x68 ./Generated_Code/LEVER_DIR1.o
 .debug_abbrev  0x00001e91       0x68 ./Generated_Code/LEVER_DIR2.o
 .debug_abbrev  0x00001ef9      0x10d ./Generated_Code/PE_LDD.o
 .debug_abbrev  0x00002006       0x68 ./Generated_Code/PUSH_BUTTON_REC.o
 .debug_abbrev  0x0000206e       0x68 ./Generated_Code/PUSH_BUTTON_SEND.o
 .debug_abbrev  0x000020d6      0x179 ./Generated_Code/T_100ms.o
 .debug_abbrev  0x0000224f      0x16a ./Generated_Code/T_500ms.o
 .debug_abbrev  0x000023b9       0xa4 ./Generated_Code/Vectors.o

.debug_aranges  0x00000000      0x760
 .debug_aranges
                0x00000000       0xb0 ./Sources/Events.o
 .debug_aranges
                0x000000b0       0x20 ./Sources/main.o
 .debug_aranges
                0x000000d0       0x48 ./Sources/protocol.o
 .debug_aranges
                0x00000118       0x50 ./Project_Settings/Startup_Code/startup.o
 .debug_aranges
                0x00000168       0x90 ./Generated_Code/AS1.o
 .debug_aranges
                0x000001f8       0x50 ./Generated_Code/ASerialLdd1.o
 .debug_aranges
                0x00000248       0x48 ./Generated_Code/BitIoLdd1.o
 .debug_aranges
                0x00000290       0x48 ./Generated_Code/BitIoLdd2.o
 .debug_aranges
                0x000002d8       0x48 ./Generated_Code/BitIoLdd3.o
 .debug_aranges
                0x00000320       0x48 ./Generated_Code/BitIoLdd4.o
 .debug_aranges
                0x00000368       0x48 ./Generated_Code/BitIoLdd5.o
 .debug_aranges
                0x000003b0       0x48 ./Generated_Code/Cpu.o
 .debug_aranges
                0x000003f8       0x60 ./Generated_Code/ENCODER.o
 .debug_aranges
                0x00000458       0x20 ./Generated_Code/ENCODER_PUSH.o
 .debug_aranges
                0x00000478       0x30 ./Generated_Code/ExtIntLdd1.o
 .debug_aranges
                0x000004a8       0x30 ./Generated_Code/ExtIntLdd2.o
 .debug_aranges
                0x000004d8       0x30 ./Generated_Code/ExtIntLdd3.o
 .debug_aranges
                0x00000508       0x30 ./Generated_Code/ExtIntLdd4.o
 .debug_aranges
                0x00000538       0x30 ./Generated_Code/ExtIntLdd5.o
 .debug_aranges
                0x00000568       0x70 ./Generated_Code/I2C0.o
 .debug_aranges
                0x000005d8       0x60 ./Generated_Code/IntI2cLdd1.o
 .debug_aranges
                0x00000638       0x20 ./Generated_Code/LEVER_DIR1.o
 .debug_aranges
                0x00000658       0x20 ./Generated_Code/LEVER_DIR2.o
 .debug_aranges
                0x00000678       0x30 ./Generated_Code/PE_LDD.o
 .debug_aranges
                0x000006a8       0x20 ./Generated_Code/PUSH_BUTTON_REC.o
 .debug_aranges
                0x000006c8       0x20 ./Generated_Code/PUSH_BUTTON_SEND.o
 .debug_aranges
                0x000006e8       0x38 ./Generated_Code/T_100ms.o
 .debug_aranges
                0x00000720       0x28 ./Generated_Code/T_500ms.o
 .debug_aranges
                0x00000748       0x18 ./Generated_Code/Vectors.o

.debug_ranges   0x00000000      0x588
 .debug_ranges  0x00000000       0xa0 ./Sources/Events.o
 .debug_ranges  0x000000a0       0x10 ./Sources/main.o
 .debug_ranges  0x000000b0       0x38 ./Sources/protocol.o
 .debug_ranges  0x000000e8       0x40 ./Project_Settings/Startup_Code/startup.o
 .debug_ranges  0x00000128       0x80 ./Generated_Code/AS1.o
 .debug_ranges  0x000001a8       0x40 ./Generated_Code/ASerialLdd1.o
 .debug_ranges  0x000001e8       0x38 ./Generated_Code/BitIoLdd1.o
 .debug_ranges  0x00000220       0x38 ./Generated_Code/BitIoLdd2.o
 .debug_ranges  0x00000258       0x38 ./Generated_Code/BitIoLdd3.o
 .debug_ranges  0x00000290       0x38 ./Generated_Code/BitIoLdd4.o
 .debug_ranges  0x000002c8       0x38 ./Generated_Code/BitIoLdd5.o
 .debug_ranges  0x00000300       0x38 ./Generated_Code/Cpu.o
 .debug_ranges  0x00000338       0x50 ./Generated_Code/ENCODER.o
 .debug_ranges  0x00000388       0x10 ./Generated_Code/ENCODER_PUSH.o
 .debug_ranges  0x00000398       0x20 ./Generated_Code/ExtIntLdd1.o
 .debug_ranges  0x000003b8       0x20 ./Generated_Code/ExtIntLdd2.o
 .debug_ranges  0x000003d8       0x20 ./Generated_Code/ExtIntLdd3.o
 .debug_ranges  0x000003f8       0x20 ./Generated_Code/ExtIntLdd4.o
 .debug_ranges  0x00000418       0x20 ./Generated_Code/ExtIntLdd5.o
 .debug_ranges  0x00000438       0x60 ./Generated_Code/I2C0.o
 .debug_ranges  0x00000498       0x50 ./Generated_Code/IntI2cLdd1.o
 .debug_ranges  0x000004e8       0x10 ./Generated_Code/LEVER_DIR1.o
 .debug_ranges  0x000004f8       0x10 ./Generated_Code/LEVER_DIR2.o
 .debug_ranges  0x00000508       0x20 ./Generated_Code/PE_LDD.o
 .debug_ranges  0x00000528       0x10 ./Generated_Code/PUSH_BUTTON_REC.o
 .debug_ranges  0x00000538       0x10 ./Generated_Code/PUSH_BUTTON_SEND.o
 .debug_ranges  0x00000548       0x28 ./Generated_Code/T_100ms.o
 .debug_ranges  0x00000570       0x18 ./Generated_Code/T_500ms.o

.debug_macro    0x00000000    0x25b06
 .debug_macro   0x00000000      0x381 ./Sources/Events.o
 .debug_macro   0x00000381      0x84a ./Sources/Events.o
 .debug_macro   0x00000bcb       0x16 ./Sources/Events.o
 .debug_macro   0x00000be1       0x44 ./Sources/Events.o
 .debug_macro   0x00000c25      0x209 ./Sources/Events.o
 .debug_macro   0x00000e2e     0x1816 ./Sources/Events.o
 .debug_macro   0x00002644      0x14e ./Sources/Events.o
 .debug_macro   0x00002792       0x6a ./Sources/Events.o
 .debug_macro   0x000027fc     0xd4f6 ./Sources/Events.o
 .debug_macro   0x0000fcf2       0x9a ./Sources/Events.o
 .debug_macro   0x0000fd8c       0x94 ./Sources/Events.o
 .debug_macro   0x0000fe20      0x12c ./Sources/Events.o
 .debug_macro   0x0000ff4c       0x46 ./Sources/Events.o
 .debug_macro   0x0000ff92       0x26 ./Sources/Events.o
 .debug_macro   0x0000ffb8      0x6a6 ./Sources/Events.o
 .debug_macro   0x0001065e       0x51 ./Sources/Events.o
 .debug_macro   0x000106af       0x4c ./Sources/Events.o
 .debug_macro   0x000106fb       0x26 ./Sources/Events.o
 .debug_macro   0x00010721       0x4c ./Sources/Events.o
 .debug_macro   0x0001076d       0x26 ./Sources/Events.o
 .debug_macro   0x00010793       0x4c ./Sources/Events.o
 .debug_macro   0x000107df       0x26 ./Sources/Events.o
 .debug_macro   0x00010805       0x4c ./Sources/Events.o
 .debug_macro   0x00010851       0x26 ./Sources/Events.o
 .debug_macro   0x00010877      0x4ea ./Sources/Events.o
 .debug_macro   0x00010d61       0xa5 ./Sources/Events.o
 .debug_macro   0x00010e06       0x34 ./Sources/Events.o
 .debug_macro   0x00010e3a       0x34 ./Sources/Events.o
 .debug_macro   0x00010e6e       0x34 ./Sources/Events.o
 .debug_macro   0x00010ea2       0x67 ./Sources/Events.o
 .debug_macro   0x00010f09       0x5f ./Sources/Events.o
 .debug_macro   0x00010f68       0x12 ./Sources/Events.o
 .debug_macro   0x00010f7a       0x34 ./Sources/Events.o
 .debug_macro   0x00010fae       0x34 ./Sources/Events.o
 .debug_macro   0x00010fe2       0x6c ./Sources/Events.o
 .debug_macro   0x0001104e       0x20 ./Sources/Events.o
 .debug_macro   0x0001106e       0x22 ./Sources/Events.o
 .debug_macro   0x00011090       0x22 ./Sources/Events.o
 .debug_macro   0x000110b2       0x28 ./Sources/Events.o
 .debug_macro   0x000110da       0x58 ./Sources/Events.o
 .debug_macro   0x00011132       0x35 ./Sources/Events.o
 .debug_macro   0x00011167       0xa3 ./Sources/Events.o
 .debug_macro   0x0001120a       0x16 ./Sources/Events.o
 .debug_macro   0x00011220       0x97 ./Sources/Events.o
 .debug_macro   0x000112b7       0x10 ./Sources/Events.o
 .debug_macro   0x000112c7       0xef ./Sources/Events.o
 .debug_macro   0x000113b6       0x52 ./Sources/Events.o
 .debug_macro   0x00011408       0x16 ./Sources/Events.o
 .debug_macro   0x0001141e       0x43 ./Sources/Events.o
 .debug_macro   0x00011461      0x180 ./Sources/Events.o
 .debug_macro   0x000115e1       0x10 ./Sources/Events.o
 .debug_macro   0x000115f1       0x22 ./Sources/Events.o
 .debug_macro   0x00011613       0xbd ./Sources/Events.o
 .debug_macro   0x000116d0       0x16 ./Sources/Events.o
 .debug_macro   0x000116e6      0x14a ./Sources/Events.o
 .debug_macro   0x00011830      0x2a6 ./Sources/Events.o
 .debug_macro   0x00011ad6       0x10 ./Sources/Events.o
 .debug_macro   0x00011ae6       0x35 ./Sources/Events.o
 .debug_macro   0x00011b1b       0x52 ./Sources/Events.o
 .debug_macro   0x00011b6d      0x3c0 ./Sources/main.o
 .debug_macro   0x00011f2d       0x16 ./Sources/main.o
 .debug_macro   0x00011f43       0x22 ./Sources/main.o
 .debug_macro   0x00011f65      0x1e0 ./Sources/protocol.o
 .debug_macro   0x00012145      0x2ad ./Sources/protocol.o
 .debug_macro   0x000123f2       0x35 ./Sources/protocol.o
 .debug_macro   0x00012427       0x1f ./Sources/protocol.o
 .debug_macro   0x00012446     0x1816 ./Sources/protocol.o
 .debug_macro   0x00013c5c       0x46 ./Sources/protocol.o
 .debug_macro   0x00013ca2      0x121 ./Project_Settings/Startup_Code/startup.o
 .debug_macro   0x00013dc3      0x166 ./Project_Settings/Startup_Code/startup.o
 .debug_macro   0x00013f29       0x4a ./Project_Settings/Startup_Code/startup.o
 .debug_macro   0x00013f73       0x10 ./Project_Settings/Startup_Code/startup.o
 .debug_macro   0x00013f83      0x20f ./Project_Settings/Startup_Code/startup.o
 .debug_macro   0x00014192     0xd4ea ./Project_Settings/Startup_Code/startup.o
 .debug_macro   0x0002167c      0x2ff ./Generated_Code/AS1.o
 .debug_macro   0x0002197b       0x66 ./Generated_Code/AS1.o
 .debug_macro   0x000219e1       0xc5 ./Generated_Code/ASerialLdd1.o
 .debug_macro   0x00021aa6       0x26 ./Generated_Code/ASerialLdd1.o
 .debug_macro   0x00021acc      0x7ab ./Generated_Code/ASerialLdd1.o
 .debug_macro   0x00022277      0x9f0 ./Generated_Code/ASerialLdd1.o
 .debug_macro   0x00022c67       0xa6 ./Generated_Code/BitIoLdd1.o
 .debug_macro   0x00022d0d       0xa6 ./Generated_Code/BitIoLdd2.o
 .debug_macro   0x00022db3       0xa6 ./Generated_Code/BitIoLdd3.o
 .debug_macro   0x00022e59       0xa6 ./Generated_Code/BitIoLdd4.o
 .debug_macro   0x00022eff       0xa6 ./Generated_Code/BitIoLdd5.o
 .debug_macro   0x00022fa5       0x46 ./Generated_Code/BitIoLdd5.o
 .debug_macro   0x00022feb      0x2b8 ./Generated_Code/Cpu.o
 .debug_macro   0x000232a3       0x2e ./Generated_Code/Cpu.o
 .debug_macro   0x000232d1      0x274 ./Generated_Code/ENCODER.o
 .debug_macro   0x00023545      0x270 ./Generated_Code/ENCODER_PUSH.o
 .debug_macro   0x000237b5       0xbf ./Generated_Code/ExtIntLdd1.o
 .debug_macro   0x00023874       0x2e ./Generated_Code/ExtIntLdd1.o
 .debug_macro   0x000238a2       0xbf ./Generated_Code/ExtIntLdd2.o
 .debug_macro   0x00023961       0x2e ./Generated_Code/ExtIntLdd2.o
 .debug_macro   0x0002398f       0xbf ./Generated_Code/ExtIntLdd3.o
 .debug_macro   0x00023a4e       0x2e ./Generated_Code/ExtIntLdd3.o
 .debug_macro   0x00023a7c       0xbf ./Generated_Code/ExtIntLdd4.o
 .debug_macro   0x00023b3b       0x2e ./Generated_Code/ExtIntLdd4.o
 .debug_macro   0x00023b69       0xbf ./Generated_Code/ExtIntLdd5.o
 .debug_macro   0x00023c28       0x2e ./Generated_Code/ExtIntLdd5.o
 .debug_macro   0x00023c56      0x2b4 ./Generated_Code/I2C0.o
 .debug_macro   0x00023f0a      0x29c ./Generated_Code/I2C0.o
 .debug_macro   0x000241a6       0xfa ./Generated_Code/IntI2cLdd1.o
 .debug_macro   0x000242a0      0x4e4 ./Generated_Code/IntI2cLdd1.o
 .debug_macro   0x00024784      0x270 ./Generated_Code/LEVER_DIR1.o
 .debug_macro   0x000249f4      0x270 ./Generated_Code/LEVER_DIR2.o
 .debug_macro   0x00024c64      0x222 ./Generated_Code/PE_LDD.o
 .debug_macro   0x00024e86      0x270 ./Generated_Code/PUSH_BUTTON_REC.o
 .debug_macro   0x000250f6      0x270 ./Generated_Code/PUSH_BUTTON_SEND.o
 .debug_macro   0x00025366      0x27a ./Generated_Code/T_100ms.o
 .debug_macro   0x000255e0      0x27a ./Generated_Code/T_500ms.o
 .debug_macro   0x0002585a      0x2ac ./Generated_Code/Vectors.o

.debug_line     0x00000000     0x8449
 .debug_line    0x00000000      0x72c ./Sources/Events.o
 .debug_line    0x0000072c      0x626 ./Sources/main.o
 .debug_line    0x00000d52      0x4e8 ./Sources/protocol.o
 .debug_line    0x0000123a      0x3e1 ./Project_Settings/Startup_Code/startup.o
 .debug_line    0x0000161b      0x76f ./Generated_Code/AS1.o
 .debug_line    0x00001d8a      0x3a6 ./Generated_Code/ASerialLdd1.o
 .debug_line    0x00002130      0x2e3 ./Generated_Code/BitIoLdd1.o
 .debug_line    0x00002413      0x2e3 ./Generated_Code/BitIoLdd2.o
 .debug_line    0x000026f6      0x2e3 ./Generated_Code/BitIoLdd3.o
 .debug_line    0x000029d9      0x2e3 ./Generated_Code/BitIoLdd4.o
 .debug_line    0x00002cbc      0x2e3 ./Generated_Code/BitIoLdd5.o
 .debug_line    0x00002f9f      0x776 ./Generated_Code/Cpu.o
 .debug_line    0x00003715      0x5ef ./Generated_Code/ENCODER.o
 .debug_line    0x00003d04      0x501 ./Generated_Code/ENCODER_PUSH.o
 .debug_line    0x00004205      0x2d3 ./Generated_Code/ExtIntLdd1.o
 .debug_line    0x000044d8      0x2d1 ./Generated_Code/ExtIntLdd2.o
 .debug_line    0x000047a9      0x2d1 ./Generated_Code/ExtIntLdd3.o
 .debug_line    0x00004a7a      0x2d7 ./Generated_Code/ExtIntLdd4.o
 .debug_line    0x00004d51      0x2d6 ./Generated_Code/ExtIntLdd5.o
 .debug_line    0x00005027      0x5fd ./Generated_Code/I2C0.o
 .debug_line    0x00005624      0x431 ./Generated_Code/IntI2cLdd1.o
 .debug_line    0x00005a55      0x4fd ./Generated_Code/LEVER_DIR1.o
 .debug_line    0x00005f52      0x4fd ./Generated_Code/LEVER_DIR2.o
 .debug_line    0x0000644f      0x498 ./Generated_Code/PE_LDD.o
 .debug_line    0x000068e7      0x507 ./Generated_Code/PUSH_BUTTON_REC.o
 .debug_line    0x00006dee      0x509 ./Generated_Code/PUSH_BUTTON_SEND.o
 .debug_line    0x000072f7      0x554 ./Generated_Code/T_100ms.o
 .debug_line    0x0000784b      0x532 ./Generated_Code/T_500ms.o
 .debug_line    0x00007d7d      0x6cc ./Generated_Code/Vectors.o

.debug_str      0x00000000    0x77962
 .debug_str     0x00000000    0x63d7d ./Sources/Events.o
                              0x63fa0 (size before relaxing)
 .debug_str     0x00063d7d       0xeb ./Sources/main.o
                              0x63ecf (size before relaxing)
 .debug_str     0x00063e68      0x615 ./Sources/protocol.o
                              0x55ec2 (size before relaxing)
 .debug_str     0x0006447d      0x110 ./Project_Settings/Startup_Code/startup.o
                              0x4c40d (size before relaxing)
 .debug_str     0x0006458d      0x324 ./Generated_Code/AS1.o
                              0x6102f (size before relaxing)
 .debug_str     0x000648b1     0xebef ./Generated_Code/ASerialLdd1.o
                              0x60b78 (size before relaxing)
 .debug_str     0x000734a0       0xf3 ./Generated_Code/BitIoLdd1.o
                              0x5281d (size before relaxing)
 .debug_str     0x00073593       0xb1 ./Generated_Code/BitIoLdd2.o
                              0x5281d (size before relaxing)
 .debug_str     0x00073644       0xb1 ./Generated_Code/BitIoLdd3.o
                              0x5281d (size before relaxing)
 .debug_str     0x000736f5       0xb1 ./Generated_Code/BitIoLdd4.o
                              0x5281d (size before relaxing)
 .debug_str     0x000737a6       0xb1 ./Generated_Code/BitIoLdd5.o
                              0x5281d (size before relaxing)
 .debug_str     0x00073857      0x250 ./Generated_Code/Cpu.o
                              0x610b6 (size before relaxing)
 .debug_str     0x00073aa7      0x18a ./Generated_Code/ENCODER.o
                              0x60fda (size before relaxing)
 .debug_str     0x00073c31       0x38 ./Generated_Code/ENCODER_PUSH.o
                              0x60cc9 (size before relaxing)
 .debug_str     0x00073c69       0x87 ./Generated_Code/ExtIntLdd1.o
                              0x55d22 (size before relaxing)
 .debug_str     0x00073cf0       0x87 ./Generated_Code/ExtIntLdd2.o
                              0x55d1c (size before relaxing)
 .debug_str     0x00073d77       0x87 ./Generated_Code/ExtIntLdd3.o
                              0x55d1c (size before relaxing)
 .debug_str     0x00073dfe       0x87 ./Generated_Code/ExtIntLdd4.o
                              0x55d28 (size before relaxing)
 .debug_str     0x00073e85       0x87 ./Generated_Code/ExtIntLdd5.o
                              0x55d26 (size before relaxing)
 .debug_str     0x00073f0c     0x32da ./Generated_Code/I2C0.o
                              0x6402b (size before relaxing)
 .debug_str     0x000771e6      0x2e5 ./Generated_Code/IntI2cLdd1.o
                              0x58aa6 (size before relaxing)
 .debug_str     0x000774cb       0x36 ./Generated_Code/LEVER_DIR1.o
                              0x60cc7 (size before relaxing)
 .debug_str     0x00077501       0x36 ./Generated_Code/LEVER_DIR2.o
                              0x60cc7 (size before relaxing)
 .debug_str     0x00077537      0x177 ./Generated_Code/PE_LDD.o
                              0x60e4e (size before relaxing)
 .debug_str     0x000776ae       0x3b ./Generated_Code/PUSH_BUTTON_REC.o
                              0x60ccc (size before relaxing)
 .debug_str     0x000776e9       0x3c ./Generated_Code/PUSH_BUTTON_SEND.o
                              0x60ccd (size before relaxing)
 .debug_str     0x00077725      0x19b ./Generated_Code/T_100ms.o
                              0x61012 (size before relaxing)
 .debug_str     0x000778c0       0x86 ./Generated_Code/T_500ms.o
                              0x60fbf (size before relaxing)
 .debug_str     0x00077946       0x1c ./Generated_Code/Vectors.o
                              0x60ce6 (size before relaxing)

.comment        0x00000000       0x70
 .comment       0x00000000       0x70 ./Sources/Events.o
                                 0x71 (size before relaxing)
 .comment       0x00000000       0x71 ./Sources/main.o
 .comment       0x00000000       0x71 ./Sources/protocol.o
 .comment       0x00000000       0x71 ./Project_Settings/Startup_Code/startup.o
 .comment       0x00000000       0x71 ./Generated_Code/AS1.o
 .comment       0x00000000       0x71 ./Generated_Code/ASerialLdd1.o
 .comment       0x00000000       0x71 ./Generated_Code/BitIoLdd1.o
 .comment       0x00000000       0x71 ./Generated_Code/BitIoLdd2.o
 .comment       0x00000000       0x71 ./Generated_Code/BitIoLdd3.o
 .comment       0x00000000       0x71 ./Generated_Code/BitIoLdd4.o
 .comment       0x00000000       0x71 ./Generated_Code/BitIoLdd5.o
 .comment       0x00000000       0x71 ./Generated_Code/Cpu.o
 .comment       0x00000000       0x71 ./Generated_Code/ENCODER.o
 .comment       0x00000000       0x71 ./Generated_Code/ENCODER_PUSH.o
 .comment       0x00000000       0x71 ./Generated_Code/ExtIntLdd1.o
 .comment       0x00000000       0x71 ./Generated_Code/ExtIntLdd2.o
 .comment       0x00000000       0x71 ./Generated_Code/ExtIntLdd3.o
 .comment       0x00000000       0x71 ./Generated_Code/ExtIntLdd4.o
 .comment       0x00000000       0x71 ./Generated_Code/ExtIntLdd5.o
 .comment       0x00000000       0x71 ./Generated_Code/I2C0.o
 .comment       0x00000000       0x71 ./Generated_Code/IntI2cLdd1.o
 .comment       0x00000000       0x71 ./Generated_Code/LEVER_DIR1.o
 .comment       0x00000000       0x71 ./Generated_Code/LEVER_DIR2.o
 .comment       0x00000000       0x71 ./Generated_Code/PE_LDD.o
 .comment       0x00000000       0x71 ./Generated_Code/PUSH_BUTTON_REC.o
 .comment       0x00000000       0x71 ./Generated_Code/PUSH_BUTTON_SEND.o
 .comment       0x00000000       0x71 ./Generated_Code/T_100ms.o
 .comment       0x00000000       0x71 ./Generated_Code/T_500ms.o
 .comment       0x00000000       0x71 ./Generated_Code/Vectors.o

.debug_frame    0x00000000     0x135c
 .debug_frame   0x00000000      0x200 ./Sources/Events.o
 .debug_frame   0x00000200       0x38 ./Sources/main.o
 .debug_frame   0x00000238       0xdc ./Sources/protocol.o
 .debug_frame   0x00000314       0xc0 ./Project_Settings/Startup_Code/startup.o
 .debug_frame   0x000003d4      0x1cc ./Generated_Code/AS1.o
 .debug_frame   0x000005a0       0xec ./Generated_Code/ASerialLdd1.o
 .debug_frame   0x0000068c       0xb8 ./Generated_Code/BitIoLdd1.o
 .debug_frame   0x00000744       0xb8 ./Generated_Code/BitIoLdd2.o
 .debug_frame   0x000007fc       0xb8 ./Generated_Code/BitIoLdd3.o
 .debug_frame   0x000008b4       0xb8 ./Generated_Code/BitIoLdd4.o
 .debug_frame   0x0000096c       0xb8 ./Generated_Code/BitIoLdd5.o
 .debug_frame   0x00000a24       0xc8 ./Generated_Code/Cpu.o
 .debug_frame   0x00000aec      0x110 ./Generated_Code/ENCODER.o
 .debug_frame   0x00000bfc       0x30 ./Generated_Code/ENCODER_PUSH.o
 .debug_frame   0x00000c2c       0x68 ./Generated_Code/ExtIntLdd1.o
 .debug_frame   0x00000c94       0x68 ./Generated_Code/ExtIntLdd2.o
 .debug_frame   0x00000cfc       0x68 ./Generated_Code/ExtIntLdd3.o
 .debug_frame   0x00000d64       0x68 ./Generated_Code/ExtIntLdd4.o
 .debug_frame   0x00000dcc       0x68 ./Generated_Code/ExtIntLdd5.o
 .debug_frame   0x00000e34      0x160 ./Generated_Code/I2C0.o
 .debug_frame   0x00000f94      0x118 ./Generated_Code/IntI2cLdd1.o
 .debug_frame   0x000010ac       0x30 ./Generated_Code/LEVER_DIR1.o
 .debug_frame   0x000010dc       0x30 ./Generated_Code/LEVER_DIR2.o
 .debug_frame   0x0000110c       0x64 ./Generated_Code/PE_LDD.o
 .debug_frame   0x00001170       0x30 ./Generated_Code/PUSH_BUTTON_REC.o
 .debug_frame   0x000011a0       0x30 ./Generated_Code/PUSH_BUTTON_SEND.o
 .debug_frame   0x000011d0       0x88 ./Generated_Code/T_100ms.o
 .debug_frame   0x00001258       0x50 ./Generated_Code/T_500ms.o
 .debug_frame   0x000012a8       0x28 c:/freescale/kds_v3/toolchain/bin/../lib/gcc/arm-none-eabi/4.8.4/../../../../arm-none-eabi/lib/armv7e-m\libg_s.a(lib_a-exit.o)
 .debug_frame   0x000012d0       0x2c c:/freescale/kds_v3/toolchain/bin/../lib/gcc/arm-none-eabi/4.8.4/../../../../arm-none-eabi/lib/armv7e-m\libg_s.a(lib_a-init.o)
 .debug_frame   0x000012fc       0x20 c:/freescale/kds_v3/toolchain/bin/../lib/gcc/arm-none-eabi/4.8.4/../../../../arm-none-eabi/lib/armv7e-m\libg_s.a(lib_a-memset.o)
 .debug_frame   0x0000131c       0x20 c:/freescale/kds_v3/toolchain/bin/../lib/gcc/arm-none-eabi/4.8.4/../../../../arm-none-eabi/lib/armv7e-m\libg_s.a(lib_a-strlen.o)
 .debug_frame   0x0000133c       0x20 c:/freescale/kds_v3/toolchain/bin/../lib/gcc/arm-none-eabi/4.8.4/../../../../arm-none-eabi/lib/armv7e-m\libnosys.a(_exit.o)

.stabstr        0x00000000       0x76
 .stabstr       0x00000000       0x76 c:/freescale/kds_v3/toolchain/bin/../lib/gcc/arm-none-eabi/4.8.4/../../../../arm-none-eabi/lib/armv7e-m\libnosys.a(getpid.o)
