Archive member included because of file (symbol)

c:/freescale/kds_v3/toolchain/bin/../lib/gcc/arm-none-eabi/4.8.4/armv7e-m\libgcc.a(unwind-arm.o)
                              ./Sources/LCD.o (__aeabi_unwind_cpp_pr0)
c:/freescale/kds_v3/toolchain/bin/../lib/gcc/arm-none-eabi/4.8.4/armv7e-m\libgcc.a(libunwind.o)
                              c:/freescale/kds_v3/toolchain/bin/../lib/gcc/arm-none-eabi/4.8.4/armv7e-m\libgcc.a(unwind-arm.o) (restore_core_regs)
c:/freescale/kds_v3/toolchain/bin/../lib/gcc/arm-none-eabi/4.8.4/armv7e-m\libgcc.a(pr-support.o)
                              c:/freescale/kds_v3/toolchain/bin/../lib/gcc/arm-none-eabi/4.8.4/armv7e-m\libgcc.a(unwind-arm.o) (__gnu_unwind_execute)
c:/freescale/kds_v3/toolchain/bin/../lib/gcc/arm-none-eabi/4.8.4/../../../../arm-none-eabi/lib/armv7e-m\libg_s.a(lib_a-abort.o)
                              c:/freescale/kds_v3/toolchain/bin/../lib/gcc/arm-none-eabi/4.8.4/armv7e-m\libgcc.a(unwind-arm.o) (abort)
c:/freescale/kds_v3/toolchain/bin/../lib/gcc/arm-none-eabi/4.8.4/../../../../arm-none-eabi/lib/armv7e-m\libg_s.a(lib_a-exit.o)
                              c:/freescale/kds_v3/toolchain/bin/../lib/gcc/arm-none-eabi/4.8.4/../../../../arm-none-eabi/lib/armv7e-m/crt0.o (exit)
c:/freescale/kds_v3/toolchain/bin/../lib/gcc/arm-none-eabi/4.8.4/../../../../arm-none-eabi/lib/armv7e-m\libg_s.a(lib_a-impure.o)
                              c:/freescale/kds_v3/toolchain/bin/../lib/gcc/arm-none-eabi/4.8.4/../../../../arm-none-eabi/lib/armv7e-m\libg_s.a(lib_a-exit.o) (_global_impure_ptr)
c:/freescale/kds_v3/toolchain/bin/../lib/gcc/arm-none-eabi/4.8.4/../../../../arm-none-eabi/lib/armv7e-m\libg_s.a(lib_a-init.o)
                              c:/freescale/kds_v3/toolchain/bin/../lib/gcc/arm-none-eabi/4.8.4/../../../../arm-none-eabi/lib/armv7e-m/crt0.o (__libc_init_array)
c:/freescale/kds_v3/toolchain/bin/../lib/gcc/arm-none-eabi/4.8.4/../../../../arm-none-eabi/lib/armv7e-m\libg_s.a(lib_a-memcpy-stub.o)
                              c:/freescale/kds_v3/toolchain/bin/../lib/gcc/arm-none-eabi/4.8.4/armv7e-m\libgcc.a(unwind-arm.o) (memcpy)
c:/freescale/kds_v3/toolchain/bin/../lib/gcc/arm-none-eabi/4.8.4/../../../../arm-none-eabi/lib/armv7e-m\libg_s.a(lib_a-memset.o)
                              c:/freescale/kds_v3/toolchain/bin/../lib/gcc/arm-none-eabi/4.8.4/../../../../arm-none-eabi/lib/armv7e-m/crt0.o (memset)
c:/freescale/kds_v3/toolchain/bin/../lib/gcc/arm-none-eabi/4.8.4/../../../../arm-none-eabi/lib/armv7e-m\libg_s.a(lib_a-signal.o)
                              c:/freescale/kds_v3/toolchain/bin/../lib/gcc/arm-none-eabi/4.8.4/../../../../arm-none-eabi/lib/armv7e-m\libg_s.a(lib_a-abort.o) (raise)
c:/freescale/kds_v3/toolchain/bin/../lib/gcc/arm-none-eabi/4.8.4/../../../../arm-none-eabi/lib/armv7e-m\libg_s.a(lib_a-signalr.o)
                              c:/freescale/kds_v3/toolchain/bin/../lib/gcc/arm-none-eabi/4.8.4/../../../../arm-none-eabi/lib/armv7e-m\libg_s.a(lib_a-signal.o) (_kill_r)
c:/freescale/kds_v3/toolchain/bin/../lib/gcc/arm-none-eabi/4.8.4/../../../../arm-none-eabi/lib/armv7e-m\libg_s.a(lib_a-strcmp.o)
                              ./Sources/protocol.o (strcmp)
c:/freescale/kds_v3/toolchain/bin/../lib/gcc/arm-none-eabi/4.8.4/../../../../arm-none-eabi/lib/armv7e-m\libg_s.a(lib_a-strlen.o)
                              ./Sources/LCD.o (strlen)
c:/freescale/kds_v3/toolchain/bin/../lib/gcc/arm-none-eabi/4.8.4/../../../../arm-none-eabi/lib/armv7e-m\libg_s.a(lib_a-nano-mallocr.o)
                              c:/freescale/kds_v3/toolchain/bin/../lib/gcc/arm-none-eabi/4.8.4/../../../../arm-none-eabi/lib/armv7e-m\libg_s.a(lib_a-signal.o) (_malloc_r)
c:/freescale/kds_v3/toolchain/bin/../lib/gcc/arm-none-eabi/4.8.4/../../../../arm-none-eabi/lib/armv7e-m\libg_s.a(lib_a-reent.o)
                              c:/freescale/kds_v3/toolchain/bin/../lib/gcc/arm-none-eabi/4.8.4/../../../../arm-none-eabi/lib/armv7e-m\libg_s.a(lib_a-signalr.o) (errno)
c:/freescale/kds_v3/toolchain/bin/../lib/gcc/arm-none-eabi/4.8.4/../../../../arm-none-eabi/lib/armv7e-m\libg_s.a(lib_a-sbrkr.o)
                              c:/freescale/kds_v3/toolchain/bin/../lib/gcc/arm-none-eabi/4.8.4/../../../../arm-none-eabi/lib/armv7e-m\libg_s.a(lib_a-nano-mallocr.o) (_sbrk_r)
c:/freescale/kds_v3/toolchain/bin/../lib/gcc/arm-none-eabi/4.8.4/../../../../arm-none-eabi/lib/armv7e-m\libg_s.a(lib_a-nano-freer.o)
                              c:/freescale/kds_v3/toolchain/bin/../lib/gcc/arm-none-eabi/4.8.4/../../../../arm-none-eabi/lib/armv7e-m\libg_s.a(lib_a-reent.o) (_free_r)
c:/freescale/kds_v3/toolchain/bin/../lib/gcc/arm-none-eabi/4.8.4/../../../../arm-none-eabi/lib/armv7e-m\libnosys.a(getpid.o)
                              c:/freescale/kds_v3/toolchain/bin/../lib/gcc/arm-none-eabi/4.8.4/../../../../arm-none-eabi/lib/armv7e-m\libg_s.a(lib_a-signalr.o) (_getpid)
c:/freescale/kds_v3/toolchain/bin/../lib/gcc/arm-none-eabi/4.8.4/../../../../arm-none-eabi/lib/armv7e-m\libnosys.a(kill.o)
[...]
Memory Configuration

Name             Origin             Length             Attributes
m_interrupts     0x00000000         0x000001bc         xr
m_text           0x00000410         0x0003fbf0         xr
m_data           0x1fff8000         0x00008000         rw
m_data_20000000  0x20000000         0x00008000         rw
m_cfmprotrom     0x00000400         0x00000010         xr
*default*        0x00000000         0xffffffff

Linker script and memory map

LOAD c:/freescale/kds_v3/toolchain/bin/../lib/gcc/arm-none-eabi/4.8.4/armv7e-m/crti.o
LOAD c:/freescale/kds_v3/toolchain/bin/../lib/gcc/arm-none-eabi/4.8.4/armv7e-m/crtbegin.o
LOAD c:/freescale/kds_v3/toolchain/bin/../lib/gcc/arm-none-eabi/4.8.4/../../../../arm-none-eabi/lib/armv7e-m/crt0.o
LOAD ./Sources/Events.o
LOAD ./Sources/LCD.o
LOAD ./Sources/PCA9670.o
LOAD ./Sources/cue_eeprom.o
LOAD ./Sources/display.o
LOAD ./Sources/encoder_variable.o
LOAD ./Sources/main.o
LOAD ./Sources/menu.o
LOAD ./Sources/protocol.o
LOAD ./Project_Settings/Startup_Code/startup.o
LOAD ./Generated_Code/AS1.o
LOAD ./Generated_Code/ASerialLdd1.o
LOAD ./Generated_Code/BitIoLdd1.o
LOAD ./Generated_Code/BitIoLdd2.o
LOAD ./Generated_Code/BitIoLdd3.o
LOAD ./Generated_Code/BitIoLdd4.o
LOAD ./Generated_Code/BitIoLdd5.o
LOAD ./Generated_Code/BitIoLdd6.o
LOAD ./Generated_Code/BitIoLdd7.o
LOAD ./Generated_Code/CS1.o
LOAD ./Generated_Code/Cpu.o
LOAD ./Generated_Code/ENCODER.o
LOAD ./Generated_Code/ENCODER_PUSH.o
LOAD ./Generated_Code/ExtIntLdd1.o
LOAD ./Generated_Code/ExtIntLdd2.o
LOAD ./Generated_Code/ExtIntLdd3.o
LOAD ./Generated_Code/ExtIntLdd4.o
LOAD ./Generated_Code/ExtIntLdd5.o
LOAD ./Generated_Code/I2C0.o
LOAD ./Generated_Code/IFsh1.o
LOAD ./Generated_Code/IntFlashLdd1.o
LOAD ./Generated_Code/IntI2cLdd1.o
LOAD ./Generated_Code/KSDK1.o
LOAD ./Generated_Code/LCD_CTR.o
LOAD ./Generated_Code/LCD_EN.o
LOAD ./Generated_Code/LED_DEBUG.o
LOAD ./Generated_Code/LED_STATUS_1.o
LOAD ./Generated_Code/LED_STATUS_2.o
LOAD ./Generated_Code/LED_STATUS_3.o
LOAD ./Generated_Code/LED_STATUS_4.o
LOAD ./Generated_Code/LEVER_DIR1.o
LOAD ./Generated_Code/LEVER_DIR2.o
LOAD ./Generated_Code/PCA.o
LOAD ./Generated_Code/PE_LDD.o
LOAD ./Generated_Code/PUSH_BUTTON_REC.o
LOAD ./Generated_Code/PUSH_BUTTON_SEND.o
LOAD ./Generated_Code/T_100ms.o
LOAD ./Generated_Code/T_500ms.o
LOAD ./Generated_Code/Vectors.o
LOAD ./Generated_Code/WAIT1.o
LOAD ./.metadata/.plugins/org.eclipse.cdt.make.core/specs.o
LOAD c:/freescale/kds_v3/toolchain/bin/../lib/gcc/arm-none-eabi/4.8.4/../../../../arm-none-eabi/lib/armv7e-m\libstdc++_s.a
LOAD c:/freescale/kds_v3/toolchain/bin/../lib/gcc/arm-none-eabi/4.8.4/../../../../arm-none-eabi/lib/armv7e-m\libm.a
START GROUP
LOAD c:/freescale/kds_v3/toolchain/bin/../lib/gcc/arm-none-eabi/4.8.4/armv7e-m\libgcc.a
LOAD c:/freescale/kds_v3/toolchain/bin/../lib/gcc/arm-none-eabi/4.8.4/../../../../arm-none-eabi/lib/armv7e-m\libg_s.a
LOAD c:/freescale/kds_v3/toolchain/bin/../lib/gcc/arm-none-eabi/4.8.4/../../../../arm-none-eabi/lib/armv7e-m\libc_s.a
END GROUP
START GROUP
LOAD c:/freescale/kds_v3/toolchain/bin/../lib/gcc/arm-none-eabi/4.8.4/armv7e-m\libgcc.a
LOAD c:/freescale/kds_v3/toolchain/bin/../lib/gcc/arm-none-eabi/4.8.4/../../../../arm-none-eabi/lib/armv7e-m\libc_s.a
LOAD c:/freescale/kds_v3/toolchain/bin/../lib/gcc/arm-none-eabi/4.8.4/../../../../arm-none-eabi/lib/armv7e-m\libnosys.a
END GROUP
START GROUP
LOAD c:/freescale/kds_v3/toolchain/bin/../lib/gcc/arm-none-eabi/4.8.4/armv7e-m\libgcc.a
LOAD c:/freescale/kds_v3/toolchain/bin/../lib/gcc/arm-none-eabi/4.8.4/../../../../arm-none-eabi/lib/armv7e-m\libc_s.a
LOAD c:/freescale/kds_v3/toolchain/bin/../lib/gcc/arm-none-eabi/4.8.4/../../../../arm-none-eabi/lib/armv7e-m\libnosys.a
END GROUP
LOAD c:/freescale/kds_v3/toolchain/bin/../lib/gcc/arm-none-eabi/4.8.4/armv7e-m/crtend.o
LOAD c:/freescale/kds_v3/toolchain/bin/../lib/gcc/arm-none-eabi/4.8.4/armv7e-m/crtn.o
                0x20000000                _estack = 0x20000000
                0x20000000                __SP_INIT = _estack
                0x20000000                __stack = _estack
                0x00000000                __heap_size = 0x0
                0x00000400                __stack_size = 0x400

.interrupts     0x00000000      0x1bc
                0x00000000                __vector_table = .
                0x00000000                . = ALIGN (0x4)
 *(.vectortable)
 .vectortable   0x00000000      0x1bc ./Generated_Code/Vectors.o
                0x00000000                __vect_table
                0x000001bc                . = ALIGN (0x4)

.cfmprotect     0x00000400       0x10
                0x00000400                . = ALIGN (0x4)
 *(.cfmconfig)
 .cfmconfig     0x00000400       0x10 ./Generated_Code/Cpu.o
                0x00000400                _cfm
                0x00000410                . = ALIGN (0x4)

.text           0x00000410     0x43a4
                0x00000410                . = ALIGN (0x4)
 *(.text)
 .text          0x00000410       0x54 c:/freescale/kds_v3/toolchain/bin/../lib/gcc/arm-none-eabi/4.8.4/armv7e-m/crtbegin.o
 .text          0x00000464       0x74 c:/freescale/kds_v3/toolchain/bin/../lib/gcc/arm-none-eabi/4.8.4/../../../../arm-none-eabi/lib/armv7e-m/crt0.o
                0x00000464                _start
                0x00000464                _mainCRTStartup
 .text          0x000004d8      0xa1c c:/freescale/kds_v3/toolchain/bin/../lib/gcc/arm-none-eabi/4.8.4/armv7e-m\libgcc.a(unwind-arm.o)
                0x000007bc                _Unwind_GetCFA
                0x000007c0                __gnu_Unwind_RaiseException
                0x00000820                __gnu_Unwind_ForcedUnwind
                0x00000834                __gnu_Unwind_Resume
                0x00000878                __gnu_Unwind_Resume_or_Rethrow
                0x00000888                _Unwind_Complete
                0x0000088c                _Unwind_DeleteException
                0x0000089c                _Unwind_VRS_Get
                0x000008ec                _Unwind_VRS_Set
                0x0000093c                __gnu_Unwind_Backtrace
                0x00000c90                __aeabi_unwind_cpp_pr0
                0x00000c98                __aeabi_unwind_cpp_pr1
                0x00000ca0                __aeabi_unwind_cpp_pr2
                0x00000ca8                _Unwind_VRS_Pop
 .text          0x00000ef4      0x1ac c:/freescale/kds_v3/toolchain/bin/../lib/gcc/arm-none-eabi/4.8.4/armv7e-m\libgcc.a(libunwind.o)
                0x00000ef4                __restore_core_regs
                0x00000ef4                restore_core_regs
                0x00000f0c                __gnu_Unwind_Restore_VFP
                0x00000f14                __gnu_Unwind_Save_VFP
                0x00000f1c                __gnu_Unwind_Restore_VFP_D
                0x00000f24                __gnu_Unwind_Save_VFP_D
                0x00000f2c                __gnu_Unwind_Restore_VFP_D_16_to_31
                0x00000f34                __gnu_Unwind_Save_VFP_D_16_to_31
                0x00000f3c                __gnu_Unwind_Restore_WMMXD
                0x00000f80                __gnu_Unwind_Save_WMMXD
                0x00000fc4                __gnu_Unwind_Restore_WMMXC
                0x00000fd8                __gnu_Unwind_Save_WMMXC
                0x00000fec                ___Unwind_RaiseException
                0x00000fec                _Unwind_RaiseException
                0x00001010                _Unwind_Resume
                0x00001010                ___Unwind_Resume
                0x00001034                _Unwind_Resume_or_Rethrow
                0x00001034                ___Unwind_Resume_or_Rethrow
                0x00001058                _Unwind_ForcedUnwind
                0x00001058                ___Unwind_ForcedUnwind
                0x0000107c                ___Unwind_Backtrace
                0x0000107c                _Unwind_Backtrace
 .text          0x000010a0      0x33c c:/freescale/kds_v3/toolchain/bin/../lib/gcc/arm-none-eabi/4.8.4/armv7e-m\libgcc.a(pr-support.o)
                0x000010f4                __gnu_unwind_execute
                0x00001380                __gnu_unwind_frame
                0x000013ac                _Unwind_GetRegionStart
                0x000013b8                _Unwind_GetLanguageSpecificData
                0x000013cc                _Unwind_GetDataRelBase
                0x000013d4                _Unwind_GetTextRelBase
 .text          0x000013dc       0x14 c:/freescale/kds_v3/toolchain/bin/../lib/gcc/arm-none-eabi/4.8.4/../../../../arm-none-eabi/lib/armv7e-m\libg_s.a(lib_a-strcmp.o)
                0x000013dc                strcmp
 *(.text*)
 .text.PUSH_BUTTON_REC_OnInterrupt
                0x000013f0        0xc ./Sources/Events.o
                0x000013f0                PUSH_BUTTON_REC_OnInterrupt
 .text.PUSH_BUTTON_SEND_OnInterrupt
                0x000013fc        0xc ./Sources/Events.o
                0x000013fc                PUSH_BUTTON_SEND_OnInterrupt
 .text.I2C0_OnReceiveData
                0x00001408        0xc ./Sources/Events.o
                0x00001408                I2C0_OnReceiveData
 .text.I2C0_OnTransmitData
                0x00001414        0xc ./Sources/Events.o
                0x00001414                I2C0_OnTransmitData
 .text.T_100ms_OnCounterRestart
                0x00001420       0x14 ./Sources/Events.o
                0x00001420                T_100ms_OnCounterRestart
 .text.LEVER_DIR2_OnInterrupt
                0x00001434       0x14 ./Sources/Events.o
                0x00001434                LEVER_DIR2_OnInterrupt
 .text.LEVER_DIR1_OnInterrupt
                0x00001448       0x14 ./Sources/Events.o
                0x00001448                LEVER_DIR1_OnInterrupt
 .text.ENCODER_PUSH_OnInterrupt
                0x0000145c        0xc ./Sources/Events.o
                0x0000145c                ENCODER_PUSH_OnInterrupt
 .text.ENCODER_OnPortEvent
                0x00001468       0x14 ./Sources/Events.o
                0x00001468                ENCODER_OnPortEvent
 .text.T_500ms_OnCounterRestart
                0x0000147c       0x14 ./Sources/Events.o
                0x0000147c                T_500ms_OnCounterRestart
 .text.I2C0_OnArbitLost
                0x00001490        0xc ./Sources/Events.o
                0x00001490                I2C0_OnArbitLost
 .text.AS1_OnTxComplete
                0x0000149c       0x14 ./Sources/Events.o
                0x0000149c                AS1_OnTxComplete
 .text.AS1_OnError
                0x000014b0        0xc ./Sources/Events.o
                0x000014b0                AS1_OnError
 .text.AS1_OnRxChar
                0x000014bc        0xc ./Sources/Events.o
                0x000014bc                AS1_OnRxChar
 .text.AS1_OnRxCharExt
                0x000014c8       0xc8 ./Sources/Events.o
                0x000014c8                AS1_OnRxCharExt
 .text.AS1_OnTxChar
                0x00001590       0x14 ./Sources/Events.o
                0x00001590                AS1_OnTxChar
 .text.AS1_OnFullRxBuf
                0x000015a4       0x14 ./Sources/Events.o
                0x000015a4                AS1_OnFullRxBuf
 .text.AS1_OnFreeTxBuf
                0x000015b8        0xc ./Sources/Events.o
                0x000015b8                AS1_OnFreeTxBuf
 .text.IFsh1_OnWriteEnd
                0x000015c4        0xc ./Sources/Events.o
                0x000015c4                IFsh1_OnWriteEnd
 .text.LCD_Init
                0x000015d0       0x50 ./Sources/LCD.o
                0x000015d0                LCD_Init
 .text.LCD_command
                0x00001620       0x30 ./Sources/LCD.o
                0x00001620                LCD_command
 .text.LCD_Cursor_On
                0x00001650        0xc ./Sources/LCD.o
                0x00001650                LCD_Cursor_On
 .text.LCD_Set_Cursor
                0x0000165c       0x58 ./Sources/LCD.o
                0x0000165c                LCD_Set_Cursor
 .text.LCD_Write
                0x000016b4       0x28 ./Sources/LCD.o
                0x000016b4                LCD_Write
 .text.LCD_Write_Block
                0x000016dc       0x8c ./Sources/LCD.o
                0x000016dc                LCD_Write_Block
 .text.PCA9670_Init
                0x00001768       0x34 ./Sources/PCA9670.o
                0x00001768                PCA9670_Init
 .text.PCA9670_SendByte
                0x0000179c       0x3c ./Sources/PCA9670.o
                0x0000179c                PCA9670_SendByte
 .text.main     0x000017d8      0x1cc ./Sources/main.o
                0x000017d8                main
 .text.msg_parse
                0x000019a4       0xec ./Sources/protocol.o
                0x000019a4                msg_parse
 .text.msg_processing
                0x00001a90       0x90 ./Sources/protocol.o
                0x00001a90                msg_processing
 .text.__copy_rom_section
                0x00001b20       0xe4 ./Project_Settings/Startup_Code/startup.o
                0x00001b20                __copy_rom_section
 .text.__copy_rom_sections_to_ram
                0x00001c04       0x9c ./Project_Settings/Startup_Code/startup.o
                0x00001c04                __copy_rom_sections_to_ram
 .text.__init_registers
                0x00001ca0        0xc ./Project_Settings/Startup_Code/startup.o
                0x00001ca0                __init_registers
 .text.__init_user
                0x00001cac        0xc ./Project_Settings/Startup_Code/startup.o
                0x00001cac                __init_user
 .text.__thumb_startup
                0x00001cb8       0x34 ./Project_Settings/Startup_Code/startup.o
                0x00001cb8                __thumb_startup
 .text.HWEnDi   0x00001cec       0x1c ./Generated_Code/AS1.o
 .text.AS1_ClearRxBuf
                0x00001d08       0x78 ./Generated_Code/AS1.o
                0x00001d08                AS1_ClearRxBuf
 .text.AS1_Init
                0x00001d80       0x60 ./Generated_Code/AS1.o
                0x00001d80                AS1_Init
 .text.ASerialLdd1_OnBlockReceived
                0x00001de0       0xcc ./Generated_Code/AS1.o
                0x00001de0                ASerialLdd1_OnBlockReceived
 .text.ASerialLdd1_OnBlockSent
                0x00001eac       0xd4 ./Generated_Code/AS1.o
                0x00001eac                ASerialLdd1_OnBlockSent
 .text.ASerialLdd1_OnError
                0x00001f80       0x9c ./Generated_Code/AS1.o
                0x00001f80                ASerialLdd1_OnError
 .text.ASerialLdd1_OnTxComplete
                0x0000201c       0x14 ./Generated_Code/AS1.o
                0x0000201c                ASerialLdd1_OnTxComplete
 .text.ASerialLdd1_OnBreak
                0x00002030       0x24 ./Generated_Code/AS1.o
                0x00002030                ASerialLdd1_OnBreak
 .text.ASerialLdd1_Init
                0x00002054      0x1c0 ./Generated_Code/ASerialLdd1.o
                0x00002054                ASerialLdd1_Init
 .text.ASerialLdd1_ReceiveBlock
                0x00002214       0x90 ./Generated_Code/ASerialLdd1.o
                0x00002214                ASerialLdd1_ReceiveBlock
 .text.ASerialLdd1_SendBlock
                0x000022a4       0xbc ./Generated_Code/ASerialLdd1.o
                0x000022a4                ASerialLdd1_SendBlock
 .text.InterruptRx
                0x00002360       0x58 ./Generated_Code/ASerialLdd1.o
 .text.InterruptTx
                0x000023b8       0x9c ./Generated_Code/ASerialLdd1.o
 .text.ASerialLdd1_Interrupt
                0x00002454      0x130 ./Generated_Code/ASerialLdd1.o
                0x00002454                ASerialLdd1_Interrupt
 .text.ASerialLdd1_GetError
                0x00002584       0x70 ./Generated_Code/ASerialLdd1.o
                0x00002584                ASerialLdd1_GetError
 .text.BitIoLdd1_Init
                0x000025f4       0x64 ./Generated_Code/BitIoLdd1.o
                0x000025f4                BitIoLdd1_Init
 .text.BitIoLdd2_Init
                0x00002658       0x64 ./Generated_Code/BitIoLdd2.o
                0x00002658                BitIoLdd2_Init
 .text.BitIoLdd2_SetVal
                0x000026bc       0x1c ./Generated_Code/BitIoLdd2.o
                0x000026bc                BitIoLdd2_SetVal
 .text.BitIoLdd3_Init
                0x000026d8       0x64 ./Generated_Code/BitIoLdd3.o
                0x000026d8                BitIoLdd3_Init
 .text.BitIoLdd3_ClrVal
                0x0000273c       0x1c ./Generated_Code/BitIoLdd3.o
                0x0000273c                BitIoLdd3_ClrVal
 .text.BitIoLdd3_SetVal
                0x00002758       0x1c ./Generated_Code/BitIoLdd3.o
                0x00002758                BitIoLdd3_SetVal
 .text.BitIoLdd4_Init
                0x00002774       0x64 ./Generated_Code/BitIoLdd4.o
                0x00002774                BitIoLdd4_Init
 .text.BitIoLdd4_ClrVal
                0x000027d8       0x1c ./Generated_Code/BitIoLdd4.o
                0x000027d8                BitIoLdd4_ClrVal
 .text.BitIoLdd4_SetVal
                0x000027f4       0x1c ./Generated_Code/BitIoLdd4.o
                0x000027f4                BitIoLdd4_SetVal
 .text.BitIoLdd5_Init
                0x00002810       0x64 ./Generated_Code/BitIoLdd5.o
                0x00002810                BitIoLdd5_Init
 .text.BitIoLdd5_ClrVal
                0x00002874       0x1c ./Generated_Code/BitIoLdd5.o
                0x00002874                BitIoLdd5_ClrVal
 .text.BitIoLdd5_SetVal
                0x00002890       0x1c ./Generated_Code/BitIoLdd5.o
                0x00002890                BitIoLdd5_SetVal
 .text.BitIoLdd6_Init
                0x000028ac       0x64 ./Generated_Code/BitIoLdd6.o
                0x000028ac                BitIoLdd6_Init
 .text.BitIoLdd6_ClrVal
                0x00002910       0x20 ./Generated_Code/BitIoLdd6.o
                0x00002910                BitIoLdd6_ClrVal
 .text.BitIoLdd6_SetVal
                0x00002930       0x20 ./Generated_Code/BitIoLdd6.o
                0x00002930                BitIoLdd6_SetVal
 .text.BitIoLdd7_Init
                0x00002950       0x64 ./Generated_Code/BitIoLdd7.o
                0x00002950                BitIoLdd7_Init
 .text.BitIoLdd7_ClrVal
                0x000029b4       0x1c ./Generated_Code/BitIoLdd7.o
                0x000029b4                BitIoLdd7_ClrVal
 .text.BitIoLdd7_SetVal
                0x000029d0       0x1c ./Generated_Code/BitIoLdd7.o
                0x000029d0                BitIoLdd7_SetVal
 .text.Cpu_ivINT_PORTC
                0x000029ec       0x30 ./Generated_Code/Cpu.o
                0x000029ec                Cpu_ivINT_PORTC
 .text.Cpu_Interrupt
                0x00002a1c       0x18 ./Generated_Code/Cpu.o
                0x00002a1c                Cpu_Interrupt
 .text.__init_hardware
                0x00002a34      0x140 ./Generated_Code/Cpu.o
                0x00002a34                __init_hardware
 .text.Cpu_SetBASEPRI
                0x00002b74       0x18 ./Generated_Code/Cpu.o
                0x00002b74                Cpu_SetBASEPRI
 .text.PE_low_level_init
                0x00002b8c      0x104 ./Generated_Code/Cpu.o
                0x00002b8c                PE_low_level_init
 .text.ENCODER_Init
                0x00002c90       0xb0 ./Generated_Code/ENCODER.o
                0x00002c90                ENCODER_Init
 .text.ENCODER_Interrupt
                0x00002d40       0x4c ./Generated_Code/ENCODER.o
                0x00002d40                ENCODER_Interrupt
 .text.ExtIntLdd1_OnInterrupt
                0x00002d8c       0x14 ./Generated_Code/ENCODER_PUSH.o
                0x00002d8c                ExtIntLdd1_OnInterrupt
 .text.ExtIntLdd1_Init
                0x00002da0       0x80 ./Generated_Code/ExtIntLdd1.o
                0x00002da0                ExtIntLdd1_Init
 .text.ExtIntLdd1_Interrupt
                0x00002e20       0x3c ./Generated_Code/ExtIntLdd1.o
                0x00002e20                ExtIntLdd1_Interrupt
 .text.ExtIntLdd2_Init
                0x00002e5c       0x80 ./Generated_Code/ExtIntLdd2.o
                0x00002e5c                ExtIntLdd2_Init
 .text.ExtIntLdd2_Interrupt
                0x00002edc       0x3c ./Generated_Code/ExtIntLdd2.o
                0x00002edc                ExtIntLdd2_Interrupt
 .text.ExtIntLdd2_GetVal
                0x00002f18       0x2c ./Generated_Code/ExtIntLdd2.o
                0x00002f18                ExtIntLdd2_GetVal
 .text.ExtIntLdd3_Init
                0x00002f44       0x80 ./Generated_Code/ExtIntLdd3.o
                0x00002f44                ExtIntLdd3_Init
 .text.ExtIntLdd3_Interrupt
                0x00002fc4       0x3c ./Generated_Code/ExtIntLdd3.o
                0x00002fc4                ExtIntLdd3_Interrupt
 .text.ExtIntLdd3_GetVal
                0x00003000       0x2c ./Generated_Code/ExtIntLdd3.o
                0x00003000                ExtIntLdd3_GetVal
 .text.ExtIntLdd4_Init
                0x0000302c       0x7c ./Generated_Code/ExtIntLdd4.o
                0x0000302c                ExtIntLdd4_Init
 .text.ExtIntLdd4_Interrupt
                0x000030a8       0x3c ./Generated_Code/ExtIntLdd4.o
                0x000030a8                ExtIntLdd4_Interrupt
 .text.ExtIntLdd5_Init
                0x000030e4       0x7c ./Generated_Code/ExtIntLdd5.o
                0x000030e4                ExtIntLdd5_Init
 .text.ExtIntLdd5_Interrupt
                0x00003160       0x3c ./Generated_Code/ExtIntLdd5.o
                0x00003160                ExtIntLdd5_Interrupt
 .text.I2C0_SendChar
                0x0000319c       0x2c ./Generated_Code/I2C0.o
                0x0000319c                I2C0_SendChar
 .text.I2C0_SendBlock
                0x000031c8       0xc0 ./Generated_Code/I2C0.o
                0x000031c8                I2C0_SendBlock
 .text.I2C0_SelectSlave
                0x00003288       0x34 ./Generated_Code/I2C0.o
                0x00003288                I2C0_SelectSlave
 .text.I2C0_Init
                0x000032bc       0x20 ./Generated_Code/I2C0.o
                0x000032bc                I2C0_Init
 .text.IntI2cLdd1_OnMasterBlockSent
                0x000032dc       0x14 ./Generated_Code/I2C0.o
                0x000032dc                IntI2cLdd1_OnMasterBlockSent
 .text.IntI2cLdd1_OnMasterBlockReceived
                0x000032f0       0x14 ./Generated_Code/I2C0.o
                0x000032f0                IntI2cLdd1_OnMasterBlockReceived
 .text.IntI2cLdd1_OnError
                0x00003304       0x30 ./Generated_Code/I2C0.o
                0x00003304                IntI2cLdd1_OnError
 .text.IFsh1_Init
                0x00003334       0x2c ./Generated_Code/IFsh1.o
                0x00003334                IFsh1_Init
 .text.IntFlashLdd1_OnOperationComplete
                0x00003360       0x4c ./Generated_Code/IFsh1.o
                0x00003360                IntFlashLdd1_OnOperationComplete
 .text.IntFlashLdd1_OnError
                0x000033ac       0x54 ./Generated_Code/IFsh1.o
                0x000033ac                IntFlashLdd1_OnError
 .text.IntFlashLdd1_Init
                0x00003400       0xa4 ./Generated_Code/IntFlashLdd1.o
                0x00003400                IntFlashLdd1_Init
 .text.IntFlashLdd1_CommandCompleteInterrupt
                0x000034a4      0x24c ./Generated_Code/IntFlashLdd1.o
                0x000034a4                IntFlashLdd1_CommandCompleteInterrupt
 .text.IntFlashLdd1_GetError
                0x000036f0       0x90 ./Generated_Code/IntFlashLdd1.o
                0x000036f0                IntFlashLdd1_GetError
 .text.SafeRoutineCaller
                0x00003780       0x94 ./Generated_Code/IntFlashLdd1.o
 .text.IntI2cLdd1_Interrupt
                0x00003814      0x2d4 ./Generated_Code/IntI2cLdd1.o
                0x00003814                IntI2cLdd1_Interrupt
 .text.IntI2cLdd1_Init
                0x00003ae8      0x13c ./Generated_Code/IntI2cLdd1.o
                0x00003ae8                IntI2cLdd1_Init
 .text.IntI2cLdd1_MasterSendBlock
                0x00003c24      0x190 ./Generated_Code/IntI2cLdd1.o
                0x00003c24                IntI2cLdd1_MasterSendBlock
 .text.IntI2cLdd1_SelectSlaveDevice
                0x00003db4       0xf0 ./Generated_Code/IntI2cLdd1.o
                0x00003db4                IntI2cLdd1_SelectSlaveDevice
 .text.IntI2cLdd1_GetError
                0x00003ea4       0x70 ./Generated_Code/IntI2cLdd1.o
                0x00003ea4                IntI2cLdd1_GetError
 .text.ExtIntLdd2_OnInterrupt
                0x00003f14       0x14 ./Generated_Code/LEVER_DIR1.o
                0x00003f14                ExtIntLdd2_OnInterrupt
 .text.ExtIntLdd3_OnInterrupt
                0x00003f28       0x14 ./Generated_Code/LEVER_DIR2.o
                0x00003f28                ExtIntLdd3_OnInterrupt
 .text.ExtIntLdd5_OnInterrupt
                0x00003f3c       0x14 ./Generated_Code/PUSH_BUTTON_REC.o
                0x00003f3c                ExtIntLdd5_OnInterrupt
 .text.ExtIntLdd4_OnInterrupt
                0x00003f50       0x14 ./Generated_Code/PUSH_BUTTON_SEND.o
                0x00003f50                ExtIntLdd4_OnInterrupt
 .text.T_100ms_Init
                0x00003f64       0xb0 ./Generated_Code/T_100ms.o
                0x00003f64                T_100ms_Init
 .text.T_100ms_Interrupt
                0x00004014       0x6c ./Generated_Code/T_100ms.o
                0x00004014                T_100ms_Interrupt
 .text.T_500ms_Init
                0x00004080       0xcc ./Generated_Code/T_500ms.o
                0x00004080                T_500ms_Init
 .text.T_500ms_Interrupt
                0x0000414c       0x6c ./Generated_Code/T_500ms.o
                0x0000414c                T_500ms_Interrupt
 .text.WAIT1_Wait10Cycles
                0x000041b8        0x8 ./Generated_Code/WAIT1.o
                0x000041b8                WAIT1_Wait10Cycles
 .text.WAIT1_Wait100Cycles
                0x000041c0       0x1c ./Generated_Code/WAIT1.o
                0x000041c0                WAIT1_Wait100Cycles
 .text.WAIT1_WaitCycles
                0x000041dc       0x34 ./Generated_Code/WAIT1.o
                0x000041dc                WAIT1_WaitCycles
 .text.WAIT1_WaitLongCycles
                0x00004210       0x38 ./Generated_Code/WAIT1.o
                0x00004210                WAIT1_WaitLongCycles
 .text.WAIT1_Waitms
                0x00004248       0x2c ./Generated_Code/WAIT1.o
                0x00004248                WAIT1_Waitms
 .text.abort    0x00004274        0xe c:/freescale/kds_v3/toolchain/bin/../lib/gcc/arm-none-eabi/4.8.4/../../../../arm-none-eabi/lib/armv7e-m\libg_s.a(lib_a-abort.o)
                0x00004274                abort
 *fill*         0x00004282        0x2 
 .text.exit     0x00004284       0x28 c:/freescale/kds_v3/toolchain/bin/../lib/gcc/arm-none-eabi/4.8.4/../../../../arm-none-eabi/lib/armv7e-m\libg_s.a(lib_a-exit.o)
                0x00004284                exit
 .text.__libc_init_array
                0x000042ac       0x4c c:/freescale/kds_v3/toolchain/bin/../lib/gcc/arm-none-eabi/4.8.4/../../../../arm-none-eabi/lib/armv7e-m\libg_s.a(lib_a-init.o)
                0x000042ac                __libc_init_array
 .text.memcpy   0x000042f8       0x12 c:/freescale/kds_v3/toolchain/bin/../lib/gcc/arm-none-eabi/4.8.4/../../../../arm-none-eabi/lib/armv7e-m\libg_s.a(lib_a-memcpy-stub.o)
                0x000042f8                memcpy
 .text.memset   0x0000430a       0x10 c:/freescale/kds_v3/toolchain/bin/../lib/gcc/arm-none-eabi/4.8.4/../../../../arm-none-eabi/lib/armv7e-m\libg_s.a(lib_a-memset.o)
                0x0000430a                memset
 .text._raise_r
                0x0000431a       0x50 c:/freescale/kds_v3/toolchain/bin/../lib/gcc/arm-none-eabi/4.8.4/../../../../arm-none-eabi/lib/armv7e-m\libg_s.a(lib_a-signal.o)
                0x0000431a                _raise_r
 *fill*         0x0000436a        0x2 
 .text.raise    0x0000436c       0x10 c:/freescale/kds_v3/toolchain/bin/../lib/gcc/arm-none-eabi/4.8.4/../../../../arm-none-eabi/lib/armv7e-m\libg_s.a(lib_a-signal.o)
                0x0000436c                raise
 .text._kill_r  0x0000437c       0x24 c:/freescale/kds_v3/toolchain/bin/../lib/gcc/arm-none-eabi/4.8.4/../../../../arm-none-eabi/lib/armv7e-m\libg_s.a(lib_a-signalr.o)
                0x0000437c                _kill_r
 .text._getpid_r
                0x000043a0        0x4 c:/freescale/kds_v3/toolchain/bin/../lib/gcc/arm-none-eabi/4.8.4/../../../../arm-none-eabi/lib/armv7e-m\libg_s.a(lib_a-signalr.o)
                0x000043a0                _getpid_r
 .text.strlen   0x000043a4       0x10 c:/freescale/kds_v3/toolchain/bin/../lib/gcc/arm-none-eabi/4.8.4/../../../../arm-none-eabi/lib/armv7e-m\libg_s.a(lib_a-strlen.o)
                0x000043a4                strlen
 .text._getpid  0x000043b4       0x10 c:/freescale/kds_v3/toolchain/bin/../lib/gcc/arm-none-eabi/4.8.4/../../../../arm-none-eabi/lib/armv7e-m\libnosys.a(getpid.o)
                0x000043b4                _getpid
 .text._kill    0x000043c4       0x10 c:/freescale/kds_v3/toolchain/bin/../lib/gcc/arm-none-eabi/4.8.4/../../../../arm-none-eabi/lib/armv7e-m\libnosys.a(kill.o)
                0x000043c4                _kill
 .text._exit    0x000043d4        0x4 c:/freescale/kds_v3/toolchain/bin/../lib/gcc/arm-none-eabi/4.8.4/../../../../arm-none-eabi/lib/armv7e-m\libnosys.a(_exit.o)
                0x000043d4                _exit
 *(.rodata)
 .rodata        0x000043d8      0x1cc ./Sources/main.o
 .rodata        0x000045a4      0x1c0 ./Sources/protocol.o
 *(.rodata*)
 .rodata.SafeRoutine
                0x00004764       0x30 ./Generated_Code/IntFlashLdd1.o
 .rodata.str1.1
                0x00004794        0x2 c:/freescale/kds_v3/toolchain/bin/../lib/gcc/arm-none-eabi/4.8.4/../../../../arm-none-eabi/lib/armv7e-m\libg_s.a(lib_a-impure.o)
 *fill*         0x00004796        0x2 
 .rodata._global_impure_ptr
                0x00004798        0x4 c:/freescale/kds_v3/toolchain/bin/../lib/gcc/arm-none-eabi/4.8.4/../../../../arm-none-eabi/lib/armv7e-m\libg_s.a(lib_a-impure.o)
                0x00004798                _global_impure_ptr
 *(.glue_7)
 .glue_7        0x00000000        0x0 linker stubs
 *(.glue_7t)
 .glue_7t       0x00000000        0x0 linker stubs
 *(.eh_frame)
 .eh_frame      0x0000479c        0x0 c:/freescale/kds_v3/toolchain/bin/../lib/gcc/arm-none-eabi/4.8.4/armv7e-m/crtbegin.o
 *(.init)
 .init          0x0000479c        0x4 c:/freescale/kds_v3/toolchain/bin/../lib/gcc/arm-none-eabi/4.8.4/armv7e-m/crti.o
                0x0000479c                _init
 .init          0x000047a0        0x8 c:/freescale/kds_v3/toolchain/bin/../lib/gcc/arm-none-eabi/4.8.4/armv7e-m/crtn.o
 *(.fini)
 .fini          0x000047a8        0x4 c:/freescale/kds_v3/toolchain/bin/../lib/gcc/arm-none-eabi/4.8.4/armv7e-m/crti.o
                0x000047a8                _fini
 .fini          0x000047ac        0x8 c:/freescale/kds_v3/toolchain/bin/../lib/gcc/arm-none-eabi/4.8.4/armv7e-m/crtn.o
                0x000047b4                . = ALIGN (0x4)
                0x000047b4                _etext = .

.vfp11_veneer   0x000047b4        0x0
 .vfp11_veneer  0x00000000        0x0 linker stubs

.v4_bx          0x000047b4        0x0
 .v4_bx         0x00000000        0x0 linker stubs

.iplt           0x000047b4        0x0
 .iplt          0x00000000        0x0 c:/freescale/kds_v3/toolchain/bin/../lib/gcc/arm-none-eabi/4.8.4/armv7e-m/crtbegin.o

.ARM.extab      0x000047b4       0x60
 *(.ARM.extab* .gnu.linkonce.armextab.*)
 .ARM.extab.text.LCD_command
                0x000047b4        0xc ./Sources/LCD.o
 .ARM.extab.text.LCD_Set_Cursor
                0x000047c0        0xc ./Sources/LCD.o
 .ARM.extab.text.LCD_Write
                0x000047cc        0xc ./Sources/LCD.o
 .ARM.extab.text.LCD_Write_Block
                0x000047d8        0xc ./Sources/LCD.o
 .ARM.extab.text.PCA9670_SendByte
                0x000047e4        0xc ./Sources/PCA9670.o
 .ARM.extab     0x000047f0        0xc c:/freescale/kds_v3/toolchain/bin/../lib/gcc/arm-none-eabi/4.8.4/armv7e-m\libgcc.a(unwind-arm.o)
 .ARM.extab     0x000047fc       0x18 c:/freescale/kds_v3/toolchain/bin/../lib/gcc/arm-none-eabi/4.8.4/armv7e-m\libgcc.a(pr-support.o)

.ARM            0x00004814      0x110
                0x00004814                __exidx_start = .
 *(.ARM.exidx*)
 .ARM.exidx     0x00004814        0x8 c:/freescale/kds_v3/toolchain/bin/../lib/gcc/arm-none-eabi/4.8.4/../../../../arm-none-eabi/lib/armv7e-m/crt0.o
 .ARM.exidx.text.LCD_Init
                0x000048dc        0x8 ./Sources/LCD.o
 .ARM.exidx.text.LCD_command
                0x000048e4        0x8 ./Sources/LCD.o
 .ARM.exidx.text.LCD_Cursor_On
                0x000048ec        0x8 ./Sources/LCD.o
 .ARM.exidx.text.LCD_Set_Cursor
                0x000048f4        0x8 ./Sources/LCD.o
 .ARM.exidx.text.LCD_Write
                0x000048fc        0x8 ./Sources/LCD.o
 .ARM.exidx.text.LCD_Write_Block
                0x00004904        0x8 ./Sources/LCD.o
 .ARM.exidx.text.PCA9670_Init
                0x0000490c        0x8 ./Sources/PCA9670.o
 .ARM.exidx.text.PCA9670_SendByte
                0x00004914       0x10 ./Sources/PCA9670.o
                                  0x8 (size before relaxing)
 .ARM.exidx.text.msg_parse
                0x00004924        0x0 ./Sources/protocol.o
                                  0x8 (size before relaxing)
 .ARM.exidx.text.msg_processing
                0x00004924        0x0 ./Sources/protocol.o
                                  0x8 (size before relaxing)
 .ARM.exidx     0x0000481c       0x88 c:/freescale/kds_v3/toolchain/bin/../lib/gcc/arm-none-eabi/4.8.4/armv7e-m\libgcc.a(unwind-arm.o)
                                 0xd8 (size before relaxing)
 .ARM.exidx     0x000048a4       0x38 c:/freescale/kds_v3/toolchain/bin/../lib/gcc/arm-none-eabi/4.8.4/armv7e-m\libgcc.a(pr-support.o)
                                 0x48 (size before relaxing)
                0x00004924                __exidx_end = .

.rel.dyn        0x00004924        0x0
 .rel.iplt      0x00000000        0x0 c:/freescale/kds_v3/toolchain/bin/../lib/gcc/arm-none-eabi/4.8.4/armv7e-m/crtbegin.o

.ctors          0x00004924        0x0
                0x00004924                __CTOR_LIST__ = .
 *crtbegin.o(.ctors)
 *(EXCLUDE_FILE(*crtend.o) .ctors)
 *(SORT(.ctors.*))
 *(.ctors)
                0x00004924                __CTOR_END__ = .

.dtors          0x00004924        0x0
                0x00004924                __DTOR_LIST__ = .
 *crtbegin.o(.dtors)
 *(EXCLUDE_FILE(*crtend.o) .dtors)
 *(SORT(.dtors.*))
 *(.dtors)
                0x00004924                __DTOR_END__ = .

.preinit_array  0x00004924        0x0
                0x00004924                PROVIDE (__preinit_array_start, .)
 *(.preinit_array*)
                0x00004924                PROVIDE (__preinit_array_end, .)

.init_array     0x00004924        0x4
                0x00004924                PROVIDE (__init_array_start, .)
 *(SORT(.init_array.*))
 *(.init_array*)
 .init_array    0x00004924        0x4 c:/freescale/kds_v3/toolchain/bin/../lib/gcc/arm-none-eabi/4.8.4/armv7e-m/crtbegin.o
                0x00004928                PROVIDE (__init_array_end, .)

.fini_array     0x00004928        0x4
                0x00004928                PROVIDE (__fini_array_start, .)
 *(SORT(.fini_array.*))
 *(.fini_array*)
 .fini_array    0x00004928        0x4 c:/freescale/kds_v3/toolchain/bin/../lib/gcc/arm-none-eabi/4.8.4/armv7e-m/crtbegin.o
                0x0000492c                PROVIDE (__fini_array_end, .)
                0x0000492c                ___ROM_AT = .

.data           0x1fff8000       0x74 load address 0x0000492c
                0x1fff8000                . = ALIGN (0x4)
                0x1fff8000                _sdata = .
 *(.data)
 *(.data*)
 .data._ZL6Get_OK
                0x1fff8000        0x4 ./Sources/protocol.o
 .data._ZL7Get_ERR
                0x1fff8004        0x4 ./Sources/protocol.o
 .data._ZL6Set_OK
                0x1fff8008        0x4 ./Sources/protocol.o
 .data._ZL7Set_ERR
                0x1fff800c        0x4 ./Sources/protocol.o
 .data.impure_data
                0x1fff8010       0x60 c:/freescale/kds_v3/toolchain/bin/../lib/gcc/arm-none-eabi/4.8.4/../../../../arm-none-eabi/lib/armv7e-m\libg_s.a(lib_a-impure.o)
 .data._impure_ptr
                0x1fff8070        0x4 c:/freescale/kds_v3/toolchain/bin/../lib/gcc/arm-none-eabi/4.8.4/../../../../arm-none-eabi/lib/armv7e-m\libg_s.a(lib_a-impure.o)
                0x1fff8070                _impure_ptr
                0x1fff8074                . = ALIGN (0x4)
                0x1fff8074                _edata = .
                0x00000074                ___data_size = (_edata - _sdata)
                0x000049a0                ___m_data_20000000_ROMStart = (___ROM_AT + SIZEOF (.data))

.jcr            0x1fff8074        0x0 load address 0x000049a0
 .jcr           0x1fff8074        0x0 c:/freescale/kds_v3/toolchain/bin/../lib/gcc/arm-none-eabi/4.8.4/armv7e-m/crtbegin.o

.igot.plt       0x1fff8074        0x0 load address 0x000049a0
 .igot.plt      0x00000000        0x0 c:/freescale/kds_v3/toolchain/bin/../lib/gcc/arm-none-eabi/4.8.4/armv7e-m/crtbegin.o

.m_data_20000000
                0x20000000        0x0 load address 0x000049a0
                0x20000000                . = ALIGN (0x4)
                0x20000000                ___m_data_20000000_RAMStart = .
 *(.m_data_20000000)
                0x20000000                ___m_data_20000000_RAMEnd = .
                0x20000000                . = ALIGN (0x4)
                0x00000000                ___m_data_20000000_ROMSize = (___m_data_20000000_RAMEnd - ___m_data_20000000_RAMStart)
                0x20000000                . = ALIGN (0x4)

.bss            0x1fff8074      0x304 load address 0x000049a0
                0x1fff8074                __START_BSS = .
                0x1fff8074                PROVIDE (__bss_start__, __START_BSS)
 *(.bss)
 .bss           0x1fff8074       0x1c c:/freescale/kds_v3/toolchain/bin/../lib/gcc/arm-none-eabi/4.8.4/armv7e-m/crtbegin.o
 *(.bss*)
 .bss.LCD_flag  0x1fff8090        0x1 ./Sources/LCD.o
                0x1fff8090                LCD_flag
 *fill*         0x1fff8091        0x3 
 .bss.in_buffer
                0x1fff8094       0x80 ./Sources/protocol.o
                0x1fff8094                in_buffer
 .bss.cnt       0x1fff8114        0x1 ./Sources/protocol.o
                0x1fff8114                cnt
 .bss.FLAG_MSG_RCV
                0x1fff8115        0x1 ./Sources/protocol.o
                0x1fff8115                FLAG_MSG_RCV
 .bss.FLAG_MSG_ERR
                0x1fff8116        0x1 ./Sources/protocol.o
                0x1fff8116                FLAG_MSG_ERR
 .bss.FLAG_MSG_OK
                0x1fff8117        0x1 ./Sources/protocol.o
                0x1fff8117                FLAG_MSG_OK
 .bss.nb_data   0x1fff8118        0x4 ./Sources/protocol.o
                0x1fff8118                nb_data
 .bss.SerFlag   0x1fff811c        0x2 ./Generated_Code/AS1.o
 .bss.AS1_InpLen
                0x1fff811e        0x2 ./Generated_Code/AS1.o
 .bss.InpIndexR
                0x1fff8120        0x2 ./Generated_Code/AS1.o
 .bss.InpIndexW
                0x1fff8122        0x2 ./Generated_Code/AS1.o
 .bss.InpBuffer
                0x1fff8124       0x80 ./Generated_Code/AS1.o
 .bss.BufferRead
                0x1fff81a4        0x1 ./Generated_Code/AS1.o
 *fill*         0x1fff81a5        0x1 
 .bss.AS1_OutLen
                0x1fff81a6        0x2 ./Generated_Code/AS1.o
 .bss.OutIndexR
                0x1fff81a8        0x2 ./Generated_Code/AS1.o
 .bss.OutIndexW
                0x1fff81aa        0x2 ./Generated_Code/AS1.o
 .bss.OutBuffer
                0x1fff81ac       0x80 ./Generated_Code/AS1.o
 .bss.OnFreeTxBufSemaphore
                0x1fff822c        0x1 ./Generated_Code/AS1.o
 *fill*         0x1fff822d        0x3 
 .bss.DeviceDataPrv__DEFAULT_RTOS_ALLOC
                0x1fff8230       0x20 ./Generated_Code/ASerialLdd1.o
 .bss.INT_UART0_RX_TX__DEFAULT_RTOS_ISRPARAM
                0x1fff8250        0x4 ./Generated_Code/ASerialLdd1.o
 .bss.INT_UART0_ERR__DEFAULT_RTOS_ISRPARAM
                0x1fff8254        0x4 ./Generated_Code/ASerialLdd1.o
 .bss.DeviceDataPrv__DEFAULT_RTOS_ALLOC
                0x1fff8258        0x4 ./Generated_Code/BitIoLdd1.o
 .bss.DeviceDataPrv__DEFAULT_RTOS_ALLOC
                0x1fff825c        0x4 ./Generated_Code/BitIoLdd2.o
 .bss.DeviceDataPrv__DEFAULT_RTOS_ALLOC
                0x1fff8260        0x4 ./Generated_Code/BitIoLdd3.o
 .bss.DeviceDataPrv__DEFAULT_RTOS_ALLOC
                0x1fff8264        0x4 ./Generated_Code/BitIoLdd4.o
 .bss.DeviceDataPrv__DEFAULT_RTOS_ALLOC
                0x1fff8268        0x4 ./Generated_Code/BitIoLdd5.o
 .bss.DeviceDataPrv__DEFAULT_RTOS_ALLOC
                0x1fff826c        0x4 ./Generated_Code/BitIoLdd6.o
 .bss.DeviceDataPrv__DEFAULT_RTOS_ALLOC
                0x1fff8270        0x4 ./Generated_Code/BitIoLdd7.o
 .bss.SR_lock   0x1fff8274        0x1 ./Generated_Code/Cpu.o
                0x1fff8274                SR_lock
 *fill*         0x1fff8275        0x3 
 .bss.DeviceDataPrv__DEFAULT_RTOS_ALLOC
                0x1fff8278        0xc ./Generated_Code/ENCODER.o
 .bss.INT_PORTC__DEFAULT_RTOS_ISRPARAM
                0x1fff8284        0x4 ./Generated_Code/ENCODER.o
 .bss.DeviceDataPrv__DEFAULT_RTOS_ALLOC
                0x1fff8288        0x4 ./Generated_Code/ExtIntLdd1.o
 .bss.INT_PORTC__DEFAULT_RTOS_ISRPARAM
                0x1fff828c        0x4 ./Generated_Code/ExtIntLdd1.o
 .bss.DeviceDataPrv__DEFAULT_RTOS_ALLOC
                0x1fff8290        0x4 ./Generated_Code/ExtIntLdd2.o
 .bss.INT_PORTC__DEFAULT_RTOS_ISRPARAM
                0x1fff8294        0x4 ./Generated_Code/ExtIntLdd2.o
 .bss.DeviceDataPrv__DEFAULT_RTOS_ALLOC
                0x1fff8298        0x4 ./Generated_Code/ExtIntLdd3.o
 .bss.INT_PORTC__DEFAULT_RTOS_ISRPARAM
                0x1fff829c        0x4 ./Generated_Code/ExtIntLdd3.o
 .bss.DeviceDataPrv__DEFAULT_RTOS_ALLOC
                0x1fff82a0        0x4 ./Generated_Code/ExtIntLdd4.o
 .bss.INT_PORTC__DEFAULT_RTOS_ISRPARAM
                0x1fff82a4        0x4 ./Generated_Code/ExtIntLdd4.o
 .bss.DeviceDataPrv__DEFAULT_RTOS_ALLOC
                0x1fff82a8        0x4 ./Generated_Code/ExtIntLdd5.o
 .bss.INT_PORTC__DEFAULT_RTOS_ISRPARAM
                0x1fff82ac        0x4 ./Generated_Code/ExtIntLdd5.o
 .bss.OutLenM   0x1fff82b0        0x2 ./Generated_Code/I2C0.o
 .bss.ChrTemp   0x1fff82b2        0x1 ./Generated_Code/I2C0.o
 *fill*         0x1fff82b3        0x1 
 .bss.IFsh1_CurrentCommand
                0x1fff82b4        0x4 ./Generated_Code/IFsh1.o
 .bss.IFsh1_CmdResult
                0x1fff82b8        0x1 ./Generated_Code/IFsh1.o
 .bss.IFsh1_CmdPending
                0x1fff82b9        0x1 ./Generated_Code/IFsh1.o
 .bss.IFsh1_EnEvent
                0x1fff82ba        0x1 ./Generated_Code/IFsh1.o
 *fill*         0x1fff82bb        0x1 
 .bss.IntFlashLdd1_DevDataPtr
                0x1fff82bc        0x4 ./Generated_Code/IFsh1.o
 .bss.DeviceDataPrv__DEFAULT_RTOS_ALLOC
                0x1fff82c0       0x18 ./Generated_Code/IntFlashLdd1.o
 .bss.INT_FTFL__DEFAULT_RTOS_ISRPARAM
                0x1fff82d8        0x4 ./Generated_Code/IntFlashLdd1.o
 .bss.INT_Read_Collision__DEFAULT_RTOS_ISRPARAM
                0x1fff82dc        0x4 ./Generated_Code/IntFlashLdd1.o
 .bss.DeviceDataPrv__DEFAULT_RTOS_ALLOC
                0x1fff82e0       0x1c ./Generated_Code/IntI2cLdd1.o
 .bss.INT_I2C0__DEFAULT_RTOS_ISRPARAM
                0x1fff82fc        0x4 ./Generated_Code/IntI2cLdd1.o
 .bss.PE_LDD_DeviceDataList
                0x1fff8300       0x48 ./Generated_Code/PE_LDD.o
                0x1fff8300                PE_LDD_DeviceDataList
 .bss.DeviceDataPrv__DEFAULT_RTOS_ALLOC
                0x1fff8348        0xc ./Generated_Code/T_100ms.o
 .bss.INT_FTM1__DEFAULT_RTOS_ISRPARAM
                0x1fff8354        0x4 ./Generated_Code/T_100ms.o
 .bss.DeviceDataPrv__DEFAULT_RTOS_ALLOC
                0x1fff8358        0x8 ./Generated_Code/T_500ms.o
 .bss.INT_FTM0__DEFAULT_RTOS_ISRPARAM
                0x1fff8360        0x4 ./Generated_Code/T_500ms.o
 *(COMMON)
 COMMON         0x1fff8364        0x4 ./Generated_Code/AS1.o
                0x1fff8364                ASerialLdd1_DeviceDataPtr
 COMMON         0x1fff8368        0x1 ./Generated_Code/Cpu.o
                0x1fff8368                SR_reg
 *fill*         0x1fff8369        0x3 
 COMMON         0x1fff836c        0x8 ./Generated_Code/I2C0.o
                0x1fff836c                I2C0_SndRcvTemp
                0x1fff8370                IntI2cLdd1_DeviceDataPtr
 COMMON         0x1fff8374        0x4 c:/freescale/kds_v3/toolchain/bin/../lib/gcc/arm-none-eabi/4.8.4/../../../../arm-none-eabi/lib/armv7e-m\libg_s.a(lib_a-reent.o)
                0x1fff8374                errno
                0x1fff8378                . = ALIGN (0x4)
                0x1fff8378                __END_BSS = .
                0x1fff8378                PROVIDE (__bss_end__, __END_BSS)
                0x000049a0                _romp_at = ((___ROM_AT + SIZEOF (.data)) + SIZEOF (.m_data_20000000))

.romp           0x1fff8378       0x24 load address 0x000049a0
                0x000049a0                __S_romp = _romp_at
                0x1fff8378        0x4 LONG 0x492c ___ROM_AT
                0x1fff837c        0x4 LONG 0x1fff8000 _sdata
                0x1fff8380        0x4 LONG 0x74 ___data_size
                0x1fff8384        0x4 LONG 0x49a0 ___m_data_20000000_ROMStart
                0x1fff8388        0x4 LONG 0x20000000 ___m_data_20000000_RAMStart
                0x1fff838c        0x4 LONG 0x0 ___m_data_20000000_ROMSize
                0x1fff8390        0x4 LONG 0x0
                0x1fff8394        0x4 LONG 0x0
                0x1fff8398        0x4 LONG 0x0
                0x00040000                text_end = (ORIGIN (m_text) + 0x3fbf0)
                0x000049c4                data_init_end = ((___m_data_20000000_ROMStart + SIZEOF (.m_data_20000000)) + SIZEOF (.romp))
                0x00000001                ASSERT ((data_init_end <= text_end), region m_text overflowed with text and data)

._user_heap_stack
                0x1fff839c      0x400 load address 0x000049c4
                0x1fff839c                . = ALIGN (0x4)
                0x1fff839c                PROVIDE (end, .)
                0x1fff839c                PROVIDE (_end, .)
                0x1fff839c                PROVIDE (__end__, .)
                0x1fff839c                __heap_addr = .
                0x1fff839c                __HeapBase = .
                0x1fff839c                . = (. + __heap_size)
                0x1fff839c                __HeapLimit = .
                0x1fff879c                . = (. + __stack_size)
 *fill*         0x1fff839c      0x400 
                0x1fff879c                . = ALIGN (0x4)

.ARM.attributes
                0x00000000       0x2a
 *(.ARM.attributes)
 .ARM.attributes
                0x00000000       0x1e c:/freescale/kds_v3/toolchain/bin/../lib/gcc/arm-none-eabi/4.8.4/armv7e-m/crti.o
 .ARM.attributes
                0x0000001e       0x2e c:/freescale/kds_v3/toolchain/bin/../lib/gcc/arm-none-eabi/4.8.4/armv7e-m/crtbegin.o
 .ARM.attributes
                0x0000004c       0x1c c:/freescale/kds_v3/toolchain/bin/../lib/gcc/arm-none-eabi/4.8.4/../../../../arm-none-eabi/lib/armv7e-m/crt0.o
 .ARM.attributes
                0x00000068       0x33 ./Sources/Events.o
 .ARM.attributes
                0x0000009b       0x33 ./Sources/LCD.o
 .ARM.attributes
                0x000000ce       0x33 ./Sources/PCA9670.o
 .ARM.attributes
                0x00000101       0x33 ./Sources/main.o
 .ARM.attributes
                0x00000134       0x33 ./Sources/protocol.o
 .ARM.attributes
                0x00000167       0x33 ./Project_Settings/Startup_Code/startup.o
 .ARM.attributes
                0x0000019a       0x33 ./Generated_Code/AS1.o
 .ARM.attributes
                0x000001cd       0x33 ./Generated_Code/ASerialLdd1.o
 .ARM.attributes
                0x00000200       0x33 ./Generated_Code/BitIoLdd1.o
 .ARM.attributes
                0x00000233       0x33 ./Generated_Code/BitIoLdd2.o
 .ARM.attributes
                0x00000266       0x33 ./Generated_Code/BitIoLdd3.o
 .ARM.attributes
                0x00000299       0x33 ./Generated_Code/BitIoLdd4.o
 .ARM.attributes
                0x000002cc       0x33 ./Generated_Code/BitIoLdd5.o
 .ARM.attributes
                0x000002ff       0x33 ./Generated_Code/BitIoLdd6.o
 .ARM.attributes
                0x00000332       0x33 ./Generated_Code/BitIoLdd7.o
 .ARM.attributes
                0x00000365       0x33 ./Generated_Code/Cpu.o
 .ARM.attributes
                0x00000398       0x33 ./Generated_Code/ENCODER.o
 .ARM.attributes
                0x000003cb       0x33 ./Generated_Code/ENCODER_PUSH.o
 .ARM.attributes
                0x000003fe       0x33 ./Generated_Code/ExtIntLdd1.o
 .ARM.attributes
                0x00000431       0x33 ./Generated_Code/ExtIntLdd2.o
 .ARM.attributes
                0x00000464       0x33 ./Generated_Code/ExtIntLdd3.o
 .ARM.attributes
                0x00000497       0x33 ./Generated_Code/ExtIntLdd4.o
 .ARM.attributes
                0x000004ca       0x33 ./Generated_Code/ExtIntLdd5.o
 .ARM.attributes
                0x000004fd       0x33 ./Generated_Code/I2C0.o
 .ARM.attributes
                0x00000530       0x33 ./Generated_Code/IFsh1.o
 .ARM.attributes
                0x00000563       0x33 ./Generated_Code/IntFlashLdd1.o
 .ARM.attributes
                0x00000596       0x33 ./Generated_Code/IntI2cLdd1.o
 .ARM.attributes
                0x000005c9       0x33 ./Generated_Code/LEVER_DIR1.o
 .ARM.attributes
                0x000005fc       0x33 ./Generated_Code/LEVER_DIR2.o
 .ARM.attributes
                0x0000062f       0x33 ./Generated_Code/PE_LDD.o
 .ARM.attributes
                0x00000662       0x33 ./Generated_Code/PUSH_BUTTON_REC.o
 .ARM.attributes
                0x00000695       0x33 ./Generated_Code/PUSH_BUTTON_SEND.o
 .ARM.attributes
                0x000006c8       0x33 ./Generated_Code/T_100ms.o
 .ARM.attributes
                0x000006fb       0x33 ./Generated_Code/T_500ms.o
 .ARM.attributes
                0x0000072e       0x33 ./Generated_Code/Vectors.o
 .ARM.attributes
                0x00000761       0x33 ./Generated_Code/WAIT1.o
 .ARM.attributes
                0x00000794       0x2e c:/freescale/kds_v3/toolchain/bin/../lib/gcc/arm-none-eabi/4.8.4/../../../../arm-none-eabi/lib/armv7e-m\libg_s.a(lib_a-exit.o)
 .ARM.attributes
                0x000007c2       0x2e c:/freescale/kds_v3/toolchain/bin/../lib/gcc/arm-none-eabi/4.8.4/../../../../arm-none-eabi/lib/armv7e-m\libg_s.a(lib_a-impure.o)
 .ARM.attributes
                0x000007f0       0x2e c:/freescale/kds_v3/toolchain/bin/../lib/gcc/arm-none-eabi/4.8.4/../../../../arm-none-eabi/lib/armv7e-m\libg_s.a(lib_a-init.o)
 .ARM.attributes
                0x0000081e       0x2e c:/freescale/kds_v3/toolchain/bin/../lib/gcc/arm-none-eabi/4.8.4/../../../../arm-none-eabi/lib/armv7e-m\libg_s.a(lib_a-memset.o)
 .ARM.attributes
                0x0000084c       0x1c c:/freescale/kds_v3/toolchain/bin/../lib/gcc/arm-none-eabi/4.8.4/../../../../arm-none-eabi/lib/armv7e-m\libg_s.a(lib_a-strcmp.o)
 .ARM.attributes
                0x00000868       0x2e c:/freescale/kds_v3/toolchain/bin/../lib/gcc/arm-none-eabi/4.8.4/../../../../arm-none-eabi/lib/armv7e-m\libg_s.a(lib_a-strlen.o)
 .ARM.attributes
                0x00000896       0x2e c:/freescale/kds_v3/toolchain/bin/../lib/gcc/arm-none-eabi/4.8.4/../../../../arm-none-eabi/lib/armv7e-m\libnosys.a(_exit.o)
 .ARM.attributes
                0x000008c4       0x1e c:/freescale/kds_v3/toolchain/bin/../lib/gcc/arm-none-eabi/4.8.4/armv7e-m/crtn.o
OUTPUT(varmo_lite.elf elf32-littlearm)

.debug_info     0x00000000     0x963f
 .debug_info    0x00000000      0x599 ./Sources/Events.o
 .debug_info    0x00000599      0x2df ./Sources/LCD.o
 .debug_info    0x00000878      0x113 ./Sources/PCA9670.o
 .debug_info    0x0000098b      0x425 ./Sources/main.o
 .debug_info    0x00000db0      0x5f3 ./Sources/protocol.o
 .debug_info    0x000013a3      0x20a ./Project_Settings/Startup_Code/startup.o
 .debug_info    0x000015ad      0x52b ./Generated_Code/AS1.o
 .debug_info    0x00001ad8      0x9dc ./Generated_Code/ASerialLdd1.o
 .debug_info    0x000024b4      0x377 ./Generated_Code/BitIoLdd1.o
 .debug_info    0x0000282b      0x377 ./Generated_Code/BitIoLdd2.o
 .debug_info    0x00002ba2      0x377 ./Generated_Code/BitIoLdd3.o
 .debug_info    0x00002f19      0x377 ./Generated_Code/BitIoLdd4.o
 .debug_info    0x00003290      0x377 ./Generated_Code/BitIoLdd5.o
 .debug_info    0x00003607      0x377 ./Generated_Code/BitIoLdd6.o
 .debug_info    0x0000397e      0x351 ./Generated_Code/BitIoLdd7.o
 .debug_info    0x00003ccf      0xa70 ./Generated_Code/Cpu.o
 .debug_info    0x0000473f      0x647 ./Generated_Code/ENCODER.o
 .debug_info    0x00004d86       0xb2 ./Generated_Code/ENCODER_PUSH.o
 .debug_info    0x00004e38      0x43c ./Generated_Code/ExtIntLdd1.o
 .debug_info    0x00005274      0x43c ./Generated_Code/ExtIntLdd2.o
 .debug_info    0x000056b0      0x43c ./Generated_Code/ExtIntLdd3.o
 .debug_info    0x00005aec      0x43c ./Generated_Code/ExtIntLdd4.o
 .debug_info    0x00005f28      0x43c ./Generated_Code/ExtIntLdd5.o
 .debug_info    0x00006364      0x3a1 ./Generated_Code/I2C0.o
 .debug_info    0x00006705      0x438 ./Generated_Code/IFsh1.o
 .debug_info    0x00006b3d      0xca0 ./Generated_Code/IntFlashLdd1.o
 .debug_info    0x000077dd      0x9e5 ./Generated_Code/IntI2cLdd1.o
 .debug_info    0x000081c2       0xb2 ./Generated_Code/LEVER_DIR1.o
 .debug_info    0x00008274       0xb2 ./Generated_Code/LEVER_DIR2.o
 .debug_info    0x00008326      0x24d ./Generated_Code/PE_LDD.o
 .debug_info    0x00008573       0xb2 ./Generated_Code/PUSH_BUTTON_REC.o
 .debug_info    0x00008625       0xb2 ./Generated_Code/PUSH_BUTTON_SEND.o
 .debug_info    0x000086d7      0x6c8 ./Generated_Code/T_100ms.o
 .debug_info    0x00008d9f      0x63b ./Generated_Code/T_500ms.o
 .debug_info    0x000093da      0x116 ./Generated_Code/Vectors.o
 .debug_info    0x000094f0      0x14f ./Generated_Code/WAIT1.o

.debug_abbrev   0x00000000     0x2ccb
 .debug_abbrev  0x00000000      0x204 ./Sources/Events.o
 .debug_abbrev  0x00000204      0x109 ./Sources/LCD.o
 .debug_abbrev  0x0000030d       0xaa ./Sources/PCA9670.o
 .debug_abbrev  0x000003b7      0x13f ./Sources/main.o
 .debug_abbrev  0x000004f6      0x1ad ./Sources/protocol.o
 .debug_abbrev  0x000006a3      0x11e ./Project_Settings/Startup_Code/startup.o
 .debug_abbrev  0x000007c1      0x1d6 ./Generated_Code/AS1.o
 .debug_abbrev  0x00000997      0x1db ./Generated_Code/ASerialLdd1.o
 .debug_abbrev  0x00000b72      0x15f ./Generated_Code/BitIoLdd1.o
 .debug_abbrev  0x00000cd1      0x15f ./Generated_Code/BitIoLdd2.o
 .debug_abbrev  0x00000e30      0x15f ./Generated_Code/BitIoLdd3.o
 .debug_abbrev  0x00000f8f      0x15f ./Generated_Code/BitIoLdd4.o
 .debug_abbrev  0x000010ee      0x15f ./Generated_Code/BitIoLdd5.o
 .debug_abbrev  0x0000124d      0x15f ./Generated_Code/BitIoLdd6.o
 .debug_abbrev  0x000013ac      0x136 ./Generated_Code/BitIoLdd7.o
 .debug_abbrev  0x000014e2      0x178 ./Generated_Code/Cpu.o
 .debug_abbrev  0x0000165a      0x1ba ./Generated_Code/ENCODER.o
 .debug_abbrev  0x00001814       0x68 ./Generated_Code/ENCODER_PUSH.o
 .debug_abbrev  0x0000187c      0x15d ./Generated_Code/ExtIntLdd1.o
 .debug_abbrev  0x000019d9      0x15d ./Generated_Code/ExtIntLdd2.o
 .debug_abbrev  0x00001b36      0x15d ./Generated_Code/ExtIntLdd3.o
 .debug_abbrev  0x00001c93      0x15d ./Generated_Code/ExtIntLdd4.o
 .debug_abbrev  0x00001df0      0x15d ./Generated_Code/ExtIntLdd5.o
 .debug_abbrev  0x00001f4d      0x179 ./Generated_Code/I2C0.o
 .debug_abbrev  0x000020c6      0x15c ./Generated_Code/IFsh1.o
 .debug_abbrev  0x00002222      0x239 ./Generated_Code/IntFlashLdd1.o
 .debug_abbrev  0x0000245b      0x18b ./Generated_Code/IntI2cLdd1.o
 .debug_abbrev  0x000025e6       0x68 ./Generated_Code/LEVER_DIR1.o
 .debug_abbrev  0x0000264e       0x68 ./Generated_Code/LEVER_DIR2.o
 .debug_abbrev  0x000026b6      0x10d ./Generated_Code/PE_LDD.o
 .debug_abbrev  0x000027c3       0x68 ./Generated_Code/PUSH_BUTTON_REC.o
 .debug_abbrev  0x0000282b       0x68 ./Generated_Code/PUSH_BUTTON_SEND.o
 .debug_abbrev  0x00002893      0x179 ./Generated_Code/T_100ms.o
 .debug_abbrev  0x00002a0c      0x16a ./Generated_Code/T_500ms.o
 .debug_abbrev  0x00002b76       0xa4 ./Generated_Code/Vectors.o
 .debug_abbrev  0x00002c1a       0xb1 ./Generated_Code/WAIT1.o

.debug_aranges  0x00000000      0x980
 .debug_aranges
                0x00000000       0xb0 ./Sources/Events.o
 .debug_aranges
                0x000000b0       0x78 ./Sources/LCD.o
 .debug_aranges
                0x00000128       0x28 ./Sources/PCA9670.o
 .debug_aranges
                0x00000150       0x20 ./Sources/main.o
 .debug_aranges
                0x00000170       0x48 ./Sources/protocol.o
 .debug_aranges
                0x000001b8       0x50 ./Project_Settings/Startup_Code/startup.o
 .debug_aranges
                0x00000208       0x90 ./Generated_Code/AS1.o
 .debug_aranges
                0x00000298       0x50 ./Generated_Code/ASerialLdd1.o
 .debug_aranges
                0x000002e8       0x48 ./Generated_Code/BitIoLdd1.o
 .debug_aranges
                0x00000330       0x48 ./Generated_Code/BitIoLdd2.o
 .debug_aranges
                0x00000378       0x48 ./Generated_Code/BitIoLdd3.o
 .debug_aranges
                0x000003c0       0x48 ./Generated_Code/BitIoLdd4.o
 .debug_aranges
                0x00000408       0x48 ./Generated_Code/BitIoLdd5.o
 .debug_aranges
                0x00000450       0x48 ./Generated_Code/BitIoLdd6.o
 .debug_aranges
                0x00000498       0x40 ./Generated_Code/BitIoLdd7.o
 .debug_aranges
                0x000004d8       0x40 ./Generated_Code/Cpu.o
 .debug_aranges
                0x00000518       0x60 ./Generated_Code/ENCODER.o
 .debug_aranges
                0x00000578       0x20 ./Generated_Code/ENCODER_PUSH.o
 .debug_aranges
                0x00000598       0x30 ./Generated_Code/ExtIntLdd1.o
 .debug_aranges
                0x000005c8       0x30 ./Generated_Code/ExtIntLdd2.o
 .debug_aranges
                0x000005f8       0x30 ./Generated_Code/ExtIntLdd3.o
 .debug_aranges
                0x00000628       0x30 ./Generated_Code/ExtIntLdd4.o
 .debug_aranges
                0x00000658       0x30 ./Generated_Code/ExtIntLdd5.o
 .debug_aranges
                0x00000688       0x68 ./Generated_Code/I2C0.o
 .debug_aranges
                0x000006f0       0x60 ./Generated_Code/IFsh1.o
 .debug_aranges
                0x00000750       0x68 ./Generated_Code/IntFlashLdd1.o
 .debug_aranges
                0x000007b8       0x60 ./Generated_Code/IntI2cLdd1.o
 .debug_aranges
                0x00000818       0x20 ./Generated_Code/LEVER_DIR1.o
 .debug_aranges
                0x00000838       0x20 ./Generated_Code/LEVER_DIR2.o
 .debug_aranges
                0x00000858       0x30 ./Generated_Code/PE_LDD.o
 .debug_aranges
                0x00000888       0x20 ./Generated_Code/PUSH_BUTTON_REC.o
 .debug_aranges
                0x000008a8       0x20 ./Generated_Code/PUSH_BUTTON_SEND.o
 .debug_aranges
                0x000008c8       0x38 ./Generated_Code/T_100ms.o
 .debug_aranges
                0x00000900       0x28 ./Generated_Code/T_500ms.o
 .debug_aranges
                0x00000928       0x18 ./Generated_Code/Vectors.o
 .debug_aranges
                0x00000940       0x40 ./Generated_Code/WAIT1.o

.debug_ranges   0x00000000      0x738
 .debug_ranges  0x00000000       0xa0 ./Sources/Events.o
 .debug_ranges  0x000000a0       0x68 ./Sources/LCD.o
 .debug_ranges  0x00000108       0x18 ./Sources/PCA9670.o
 .debug_ranges  0x00000120       0x10 ./Sources/main.o
 .debug_ranges  0x00000130       0x38 ./Sources/protocol.o
 .debug_ranges  0x00000168       0x40 ./Project_Settings/Startup_Code/startup.o
 .debug_ranges  0x000001a8       0x80 ./Generated_Code/AS1.o
 .debug_ranges  0x00000228       0x40 ./Generated_Code/ASerialLdd1.o
 .debug_ranges  0x00000268       0x38 ./Generated_Code/BitIoLdd1.o
 .debug_ranges  0x000002a0       0x38 ./Generated_Code/BitIoLdd2.o
 .debug_ranges  0x000002d8       0x38 ./Generated_Code/BitIoLdd3.o
 .debug_ranges  0x00000310       0x38 ./Generated_Code/BitIoLdd4.o
 .debug_ranges  0x00000348       0x38 ./Generated_Code/BitIoLdd5.o
 .debug_ranges  0x00000380       0x38 ./Generated_Code/BitIoLdd6.o
 .debug_ranges  0x000003b8       0x30 ./Generated_Code/BitIoLdd7.o
 .debug_ranges  0x000003e8       0x30 ./Generated_Code/Cpu.o
 .debug_ranges  0x00000418       0x50 ./Generated_Code/ENCODER.o
 .debug_ranges  0x00000468       0x10 ./Generated_Code/ENCODER_PUSH.o
 .debug_ranges  0x00000478       0x20 ./Generated_Code/ExtIntLdd1.o
 .debug_ranges  0x00000498       0x20 ./Generated_Code/ExtIntLdd2.o
 .debug_ranges  0x000004b8       0x20 ./Generated_Code/ExtIntLdd3.o
 .debug_ranges  0x000004d8       0x20 ./Generated_Code/ExtIntLdd4.o
 .debug_ranges  0x000004f8       0x20 ./Generated_Code/ExtIntLdd5.o
 .debug_ranges  0x00000518       0x58 ./Generated_Code/I2C0.o
 .debug_ranges  0x00000570       0x50 ./Generated_Code/IFsh1.o
 .debug_ranges  0x000005c0       0x58 ./Generated_Code/IntFlashLdd1.o
 .debug_ranges  0x00000618       0x50 ./Generated_Code/IntI2cLdd1.o
 .debug_ranges  0x00000668       0x10 ./Generated_Code/LEVER_DIR1.o
 .debug_ranges  0x00000678       0x10 ./Generated_Code/LEVER_DIR2.o
 .debug_ranges  0x00000688       0x20 ./Generated_Code/PE_LDD.o
 .debug_ranges  0x000006a8       0x10 ./Generated_Code/PUSH_BUTTON_REC.o
 .debug_ranges  0x000006b8       0x10 ./Generated_Code/PUSH_BUTTON_SEND.o
 .debug_ranges  0x000006c8       0x28 ./Generated_Code/T_100ms.o
 .debug_ranges  0x000006f0       0x18 ./Generated_Code/T_500ms.o
 .debug_ranges  0x00000708       0x30 ./Generated_Code/WAIT1.o

.debug_macro    0x00000000    0x26ba7
 .debug_macro   0x00000000      0x414 ./Sources/Events.o
 .debug_macro   0x00000414      0x84a ./Sources/Events.o
 .debug_macro   0x00000c5e       0x16 ./Sources/Events.o
 .debug_macro   0x00000c74       0x44 ./Sources/Events.o
 .debug_macro   0x00000cb8      0x209 ./Sources/Events.o
 .debug_macro   0x00000ec1     0x182b ./Sources/Events.o
 .debug_macro   0x000026ec      0x14e ./Sources/Events.o
 .debug_macro   0x0000283a       0x6a ./Sources/Events.o
 .debug_macro   0x000028a4     0xd4f6 ./Sources/Events.o
 .debug_macro   0x0000fd9a       0x94 ./Sources/Events.o
 .debug_macro   0x0000fe2e       0x94 ./Sources/Events.o
 .debug_macro   0x0000fec2      0x12c ./Sources/Events.o
 .debug_macro   0x0000ffee       0x46 ./Sources/Events.o
 .debug_macro   0x00010034       0x26 ./Sources/Events.o
 .debug_macro   0x0001005a      0x6a6 ./Sources/Events.o
 .debug_macro   0x00010700       0x51 ./Sources/Events.o
 .debug_macro   0x00010751       0x4c ./Sources/Events.o
 .debug_macro   0x0001079d       0x26 ./Sources/Events.o
 .debug_macro   0x000107c3       0x4c ./Sources/Events.o
 .debug_macro   0x0001080f       0x26 ./Sources/Events.o
 .debug_macro   0x00010835       0x4c ./Sources/Events.o
 .debug_macro   0x00010881       0x26 ./Sources/Events.o
 .debug_macro   0x000108a7       0x4c ./Sources/Events.o
 .debug_macro   0x000108f3       0x26 ./Sources/Events.o
 .debug_macro   0x00010919      0x4ea ./Sources/Events.o
 .debug_macro   0x00010e03       0xa5 ./Sources/Events.o
 .debug_macro   0x00010ea8       0x34 ./Sources/Events.o
 .debug_macro   0x00010edc       0x34 ./Sources/Events.o
 .debug_macro   0x00010f10       0x34 ./Sources/Events.o
 .debug_macro   0x00010f44       0x67 ./Sources/Events.o
 .debug_macro   0x00010fab       0x5f ./Sources/Events.o
 .debug_macro   0x0001100a       0x12 ./Sources/Events.o
 .debug_macro   0x0001101c       0x34 ./Sources/Events.o
 .debug_macro   0x00011050       0x34 ./Sources/Events.o
 .debug_macro   0x00011084       0x6c ./Sources/Events.o
 .debug_macro   0x000110f0       0x20 ./Sources/Events.o
 .debug_macro   0x00011110      0x512 ./Sources/Events.o
 .debug_macro   0x00011622      0x1f9 ./Sources/Events.o
 .debug_macro   0x0001181b       0xd1 ./Sources/Events.o
 .debug_macro   0x000118ec       0x1f ./Sources/Events.o
 .debug_macro   0x0001190b       0x4c ./Sources/Events.o
 .debug_macro   0x00011957       0x26 ./Sources/Events.o
 .debug_macro   0x0001197d       0x22 ./Sources/Events.o
 .debug_macro   0x0001199f       0x22 ./Sources/Events.o
 .debug_macro   0x000119c1       0x37 ./Sources/Events.o
 .debug_macro   0x000119f8       0x46 ./Sources/Events.o
 .debug_macro   0x00011a3e       0x1f ./Sources/Events.o
 .debug_macro   0x00011a5d       0x2e ./Sources/Events.o
 .debug_macro   0x00011a8b       0x58 ./Sources/Events.o
 .debug_macro   0x00011ae3       0x35 ./Sources/Events.o
 .debug_macro   0x00011b18       0xa3 ./Sources/Events.o
 .debug_macro   0x00011bbb       0x16 ./Sources/Events.o
 .debug_macro   0x00011bd1       0x97 ./Sources/Events.o
 .debug_macro   0x00011c68       0x10 ./Sources/Events.o
 .debug_macro   0x00011c78       0xef ./Sources/Events.o
 .debug_macro   0x00011d67       0x52 ./Sources/Events.o
 .debug_macro   0x00011db9       0x16 ./Sources/Events.o
 .debug_macro   0x00011dcf       0x43 ./Sources/Events.o
 .debug_macro   0x00011e12      0x180 ./Sources/Events.o
 .debug_macro   0x00011f92       0x10 ./Sources/Events.o
 .debug_macro   0x00011fa2       0x22 ./Sources/Events.o
 .debug_macro   0x00011fc4       0xbd ./Sources/Events.o
 .debug_macro   0x00012081       0x16 ./Sources/Events.o
 .debug_macro   0x00012097      0x14a ./Sources/Events.o
 .debug_macro   0x000121e1      0x2a6 ./Sources/Events.o
 .debug_macro   0x00012487       0x10 ./Sources/Events.o
 .debug_macro   0x00012497       0x35 ./Sources/Events.o
 .debug_macro   0x000124cc       0x52 ./Sources/Events.o
 .debug_macro   0x0001251e      0x2f6 ./Sources/LCD.o
 .debug_macro   0x00012814      0x86e ./Sources/LCD.o
 .debug_macro   0x00013082       0x1c ./Sources/LCD.o
 .debug_macro   0x0001309e       0x9a ./Sources/LCD.o
 .debug_macro   0x00013138       0x58 ./Sources/LCD.o
 .debug_macro   0x00013190       0x46 ./Sources/LCD.o
 .debug_macro   0x000131d6       0x28 ./Sources/LCD.o
 .debug_macro   0x000131fe       0xa3 ./Sources/LCD.o
 .debug_macro   0x000132a1       0x97 ./Sources/LCD.o
 .debug_macro   0x00013338       0xfd ./Sources/LCD.o
 .debug_macro   0x00013435       0x43 ./Sources/LCD.o
 .debug_macro   0x00013478      0x16c ./Sources/LCD.o
 .debug_macro   0x000135e4      0x2ad ./Sources/LCD.o
 .debug_macro   0x00013891       0x35 ./Sources/LCD.o
 .debug_macro   0x000138c6       0x1f ./Sources/LCD.o
 .debug_macro   0x000138e5      0x143 ./Sources/PCA9670.o
 .debug_macro   0x00013a28      0x449 ./Sources/main.o
 .debug_macro   0x00013e71       0x16 ./Sources/main.o
 .debug_macro   0x00013e87       0x22 ./Sources/main.o
 .debug_macro   0x00013ea9      0x1e0 ./Sources/protocol.o
 .debug_macro   0x00014089       0x46 ./Sources/protocol.o
 .debug_macro   0x000140cf      0x121 ./Project_Settings/Startup_Code/startup.o
 .debug_macro   0x000141f0      0x166 ./Project_Settings/Startup_Code/startup.o
 .debug_macro   0x00014356       0x10 ./Project_Settings/Startup_Code/startup.o
 .debug_macro   0x00014366      0x20f ./Project_Settings/Startup_Code/startup.o
 .debug_macro   0x00014575     0xd4ea ./Project_Settings/Startup_Code/startup.o
 .debug_macro   0x00021a5f      0x374 ./Generated_Code/AS1.o
 .debug_macro   0x00021dd3       0x66 ./Generated_Code/AS1.o
 .debug_macro   0x00021e39       0xc5 ./Generated_Code/ASerialLdd1.o
 .debug_macro   0x00021efe       0x26 ./Generated_Code/ASerialLdd1.o
 .debug_macro   0x00021f24      0x7ab ./Generated_Code/ASerialLdd1.o
 .debug_macro   0x000226cf      0x9f0 ./Generated_Code/ASerialLdd1.o
 .debug_macro   0x000230bf       0xa6 ./Generated_Code/BitIoLdd1.o
 .debug_macro   0x00023165       0xa6 ./Generated_Code/BitIoLdd2.o
 .debug_macro   0x0002320b       0xa6 ./Generated_Code/BitIoLdd3.o
 .debug_macro   0x000232b1       0xa6 ./Generated_Code/BitIoLdd4.o
 .debug_macro   0x00023357       0x46 ./Generated_Code/BitIoLdd4.o
 .debug_macro   0x0002339d       0xa6 ./Generated_Code/BitIoLdd5.o
 .debug_macro   0x00023443       0x46 ./Generated_Code/BitIoLdd5.o
 .debug_macro   0x00023489       0xa6 ./Generated_Code/BitIoLdd6.o
 .debug_macro   0x0002352f       0x46 ./Generated_Code/BitIoLdd6.o
 .debug_macro   0x00023575       0xa6 ./Generated_Code/BitIoLdd7.o
 .debug_macro   0x0002361b       0x40 ./Generated_Code/BitIoLdd7.o
 .debug_macro   0x0002365b      0x341 ./Generated_Code/Cpu.o
 .debug_macro   0x0002399c       0x3d ./Generated_Code/Cpu.o
 .debug_macro   0x000239d9      0x2e9 ./Generated_Code/ENCODER.o
 .debug_macro   0x00023cc2      0x2e5 ./Generated_Code/ENCODER_PUSH.o
 .debug_macro   0x00023fa7       0xbf ./Generated_Code/ExtIntLdd1.o
 .debug_macro   0x00024066       0x2e ./Generated_Code/ExtIntLdd1.o
 .debug_macro   0x00024094       0xbf ./Generated_Code/ExtIntLdd2.o
 .debug_macro   0x00024153       0x2e ./Generated_Code/ExtIntLdd2.o
 .debug_macro   0x00024181       0xbf ./Generated_Code/ExtIntLdd3.o
 .debug_macro   0x00024240       0x2e ./Generated_Code/ExtIntLdd3.o
 .debug_macro   0x0002426e       0xbf ./Generated_Code/ExtIntLdd4.o
 .debug_macro   0x0002432d       0x2e ./Generated_Code/ExtIntLdd4.o
 .debug_macro   0x0002435b       0xbf ./Generated_Code/ExtIntLdd5.o
 .debug_macro   0x0002441a       0x2e ./Generated_Code/ExtIntLdd5.o
 .debug_macro   0x00024448      0x2e7 ./Generated_Code/I2C0.o
 .debug_macro   0x0002472f      0x342 ./Generated_Code/IFsh1.o
 .debug_macro   0x00024a71       0xf4 ./Generated_Code/IntFlashLdd1.o
 .debug_macro   0x00024b65       0xfa ./Generated_Code/IntI2cLdd1.o
 .debug_macro   0x00024c5f      0x4e4 ./Generated_Code/IntI2cLdd1.o
 .debug_macro   0x00025143      0x29c ./Generated_Code/IntI2cLdd1.o
 .debug_macro   0x000253df      0x2e5 ./Generated_Code/LEVER_DIR1.o
 .debug_macro   0x000256c4      0x2e5 ./Generated_Code/LEVER_DIR2.o
 .debug_macro   0x000259a9      0x28b ./Generated_Code/PE_LDD.o
 .debug_macro   0x00025c34      0x2e5 ./Generated_Code/PUSH_BUTTON_REC.o
 .debug_macro   0x00025f19      0x2e5 ./Generated_Code/PUSH_BUTTON_SEND.o
 .debug_macro   0x000261fe      0x2ef ./Generated_Code/T_100ms.o
 .debug_macro   0x000264ed      0x2ef ./Generated_Code/T_500ms.o
 .debug_macro   0x000267dc      0x331 ./Generated_Code/Vectors.o
 .debug_macro   0x00026b0d       0x9a ./Generated_Code/WAIT1.o

.debug_line     0x00000000     0xa7e1
 .debug_line    0x00000000      0x7d9 ./Sources/Events.o
 .debug_line    0x000007d9      0x53d ./Sources/LCD.o
 .debug_line    0x00000d16      0x35e ./Sources/PCA9670.o
 .debug_line    0x00001074      0x6be ./Sources/main.o
 .debug_line    0x00001732      0x4e8 ./Sources/protocol.o
 .debug_line    0x00001c1a      0x3e1 ./Project_Settings/Startup_Code/startup.o
 .debug_line    0x00001ffb      0x7e9 ./Generated_Code/AS1.o
 .debug_line    0x000027e4      0x3a6 ./Generated_Code/ASerialLdd1.o
 .debug_line    0x00002b8a      0x2e3 ./Generated_Code/BitIoLdd1.o
 .debug_line    0x00002e6d      0x2e3 ./Generated_Code/BitIoLdd2.o
 .debug_line    0x00003150      0x2e3 ./Generated_Code/BitIoLdd3.o
 .debug_line    0x00003433      0x2e3 ./Generated_Code/BitIoLdd4.o
 .debug_line    0x00003716      0x2e3 ./Generated_Code/BitIoLdd5.o
 .debug_line    0x000039f9      0x2e3 ./Generated_Code/BitIoLdd6.o
 .debug_line    0x00003cdc      0x2d1 ./Generated_Code/BitIoLdd7.o
 .debug_line    0x00003fad      0x83f ./Generated_Code/Cpu.o
 .debug_line    0x000047ec      0x669 ./Generated_Code/ENCODER.o
 .debug_line    0x00004e55      0x57b ./Generated_Code/ENCODER_PUSH.o
 .debug_line    0x000053d0      0x2d3 ./Generated_Code/ExtIntLdd1.o
 .debug_line    0x000056a3      0x2d1 ./Generated_Code/ExtIntLdd2.o
 .debug_line    0x00005974      0x2d1 ./Generated_Code/ExtIntLdd3.o
 .debug_line    0x00005c45      0x2d7 ./Generated_Code/ExtIntLdd4.o
 .debug_line    0x00005f1c      0x2d6 ./Generated_Code/ExtIntLdd5.o
 .debug_line    0x000061f2      0x650 ./Generated_Code/I2C0.o
 .debug_line    0x00006842      0x630 ./Generated_Code/IFsh1.o
 .debug_line    0x00006e72      0x47a ./Generated_Code/IntFlashLdd1.o
 .debug_line    0x000072ec      0x431 ./Generated_Code/IntI2cLdd1.o
 .debug_line    0x0000771d      0x577 ./Generated_Code/LEVER_DIR1.o
 .debug_line    0x00007c94      0x577 ./Generated_Code/LEVER_DIR2.o
 .debug_line    0x0000820b      0x51e ./Generated_Code/PE_LDD.o
 .debug_line    0x00008729      0x581 ./Generated_Code/PUSH_BUTTON_REC.o
 .debug_line    0x00008caa      0x583 ./Generated_Code/PUSH_BUTTON_SEND.o
 .debug_line    0x0000922d      0x5ce ./Generated_Code/T_100ms.o
 .debug_line    0x000097fb      0x5ac ./Generated_Code/T_500ms.o
 .debug_line    0x00009da7      0x7a5 ./Generated_Code/Vectors.o
 .debug_line    0x0000a54c      0x295 ./Generated_Code/WAIT1.o

.debug_str      0x00000000    0x80c20
 .debug_str     0x00000000    0x6be7a ./Sources/Events.o
                              0x6c09d (size before relaxing)
 .debug_str     0x0006be7a      0xa9e ./Sources/LCD.o
                              0x5687d (size before relaxing)
 .debug_str     0x0006c918       0x5b ./Sources/PCA9670.o
                              0x535ba (size before relaxing)
 .debug_str     0x0006c973       0xeb ./Sources/main.o
                              0x6bf76 (size before relaxing)
 .debug_str     0x0006ca5e       0xb2 ./Sources/protocol.o
                              0x55f15 (size before relaxing)
 .debug_str     0x0006cb10      0x110 ./Project_Settings/Startup_Code/startup.o
                              0x4c40d (size before relaxing)
 .debug_str     0x0006cc20      0x320 ./Generated_Code/AS1.o
                              0x690b2 (size before relaxing)
 .debug_str     0x0006cf40     0xebe4 ./Generated_Code/ASerialLdd1.o
                              0x60bcb (size before relaxing)
 .debug_str     0x0007bb24       0xf3 ./Generated_Code/BitIoLdd1.o
                              0x52870 (size before relaxing)
 .debug_str     0x0007bc17       0xb1 ./Generated_Code/BitIoLdd2.o
                              0x52870 (size before relaxing)
 .debug_str     0x0007bcc8       0xb1 ./Generated_Code/BitIoLdd3.o
                              0x52870 (size before relaxing)
 .debug_str     0x0007bd79       0xb1 ./Generated_Code/BitIoLdd4.o
                              0x52870 (size before relaxing)
 .debug_str     0x0007be2a       0xb1 ./Generated_Code/BitIoLdd5.o
                              0x52870 (size before relaxing)
 .debug_str     0x0007bedb       0xb1 ./Generated_Code/BitIoLdd6.o
                              0x52872 (size before relaxing)
 .debug_str     0x0007bf8c       0xa0 ./Generated_Code/BitIoLdd7.o
                              0x5283e (size before relaxing)
 .debug_str     0x0007c02c      0x23b ./Generated_Code/Cpu.o
                              0x69124 (size before relaxing)
 .debug_str     0x0007c267      0x18a ./Generated_Code/ENCODER.o
                              0x6905d (size before relaxing)
 .debug_str     0x0007c3f1       0x38 ./Generated_Code/ENCODER_PUSH.o
                              0x68d4c (size before relaxing)
 .debug_str     0x0007c429       0x87 ./Generated_Code/ExtIntLdd1.o
                              0x55d75 (size before relaxing)
 .debug_str     0x0007c4b0       0x87 ./Generated_Code/ExtIntLdd2.o
                              0x55d6f (size before relaxing)
 .debug_str     0x0007c537       0x87 ./Generated_Code/ExtIntLdd3.o
                              0x55d6f (size before relaxing)
 .debug_str     0x0007c5be       0x87 ./Generated_Code/ExtIntLdd4.o
                              0x55d7b (size before relaxing)
 .debug_str     0x0007c645       0x87 ./Generated_Code/ExtIntLdd5.o
                              0x55d79 (size before relaxing)
 .debug_str     0x0007c6cc      0x1b7 ./Generated_Code/I2C0.o
                              0x68f4c (size before relaxing)
 .debug_str     0x0007c883      0x54d ./Generated_Code/IFsh1.o
                              0x692f6 (size before relaxing)
 .debug_str     0x0007cdd0      0x589 ./Generated_Code/IntFlashLdd1.o
                              0x59dd2 (size before relaxing)
 .debug_str     0x0007d359     0x33ac ./Generated_Code/IntI2cLdd1.o
                              0x58af9 (size before relaxing)
 .debug_str     0x00080705       0x36 ./Generated_Code/LEVER_DIR1.o
                              0x68d4a (size before relaxing)
 .debug_str     0x0008073b       0x36 ./Generated_Code/LEVER_DIR2.o
                              0x68d4a (size before relaxing)
 .debug_str     0x00080771      0x177 ./Generated_Code/PE_LDD.o
                              0x68ed1 (size before relaxing)
 .debug_str     0x000808e8       0x3b ./Generated_Code/PUSH_BUTTON_REC.o
                              0x68d4f (size before relaxing)
 .debug_str     0x00080923       0x3c ./Generated_Code/PUSH_BUTTON_SEND.o
                              0x68d50 (size before relaxing)
 .debug_str     0x0008095f      0x19b ./Generated_Code/T_100ms.o
                              0x69095 (size before relaxing)
 .debug_str     0x00080afa       0x86 ./Generated_Code/T_500ms.o
                              0x69042 (size before relaxing)
 .debug_str     0x00080b80       0x1c ./Generated_Code/Vectors.o
                              0x68d69 (size before relaxing)
 .debug_str     0x00080b9c       0x84 ./Generated_Code/WAIT1.o
                              0x51c81 (size before relaxing)

.comment        0x00000000       0x70
 .comment       0x00000000       0x70 ./Sources/Events.o
                                 0x71 (size before relaxing)
 .comment       0x00000000       0x71 ./Sources/LCD.o
 .comment       0x00000000       0x71 ./Sources/PCA9670.o
 .comment       0x00000000       0x71 ./Sources/main.o
 .comment       0x00000000       0x71 ./Sources/protocol.o
 .comment       0x00000000       0x71 ./Project_Settings/Startup_Code/startup.o
 .comment       0x00000000       0x71 ./Generated_Code/AS1.o
 .comment       0x00000000       0x71 ./Generated_Code/ASerialLdd1.o
 .comment       0x00000000       0x71 ./Generated_Code/BitIoLdd1.o
 .comment       0x00000000       0x71 ./Generated_Code/BitIoLdd2.o
 .comment       0x00000000       0x71 ./Generated_Code/BitIoLdd3.o
 .comment       0x00000000       0x71 ./Generated_Code/BitIoLdd4.o
 .comment       0x00000000       0x71 ./Generated_Code/BitIoLdd5.o
 .comment       0x00000000       0x71 ./Generated_Code/BitIoLdd6.o
 .comment       0x00000000       0x71 ./Generated_Code/BitIoLdd7.o
 .comment       0x00000000       0x71 ./Generated_Code/Cpu.o
 .comment       0x00000000       0x71 ./Generated_Code/ENCODER.o
 .comment       0x00000000       0x71 ./Generated_Code/ENCODER_PUSH.o
 .comment       0x00000000       0x71 ./Generated_Code/ExtIntLdd1.o
 .comment       0x00000000       0x71 ./Generated_Code/ExtIntLdd2.o
 .comment       0x00000000       0x71 ./Generated_Code/ExtIntLdd3.o
 .comment       0x00000000       0x71 ./Generated_Code/ExtIntLdd4.o
 .comment       0x00000000       0x71 ./Generated_Code/ExtIntLdd5.o
 .comment       0x00000000       0x71 ./Generated_Code/I2C0.o
 .comment       0x00000000       0x71 ./Generated_Code/IFsh1.o
 .comment       0x00000000       0x71 ./Generated_Code/IntFlashLdd1.o
 .comment       0x00000000       0x71 ./Generated_Code/IntI2cLdd1.o
 .comment       0x00000000       0x71 ./Generated_Code/LEVER_DIR1.o
 .comment       0x00000000       0x71 ./Generated_Code/LEVER_DIR2.o
 .comment       0x00000000       0x71 ./Generated_Code/PE_LDD.o
 .comment       0x00000000       0x71 ./Generated_Code/PUSH_BUTTON_REC.o
 .comment       0x00000000       0x71 ./Generated_Code/PUSH_BUTTON_SEND.o
 .comment       0x00000000       0x71 ./Generated_Code/T_100ms.o
 .comment       0x00000000       0x71 ./Generated_Code/T_500ms.o
 .comment       0x00000000       0x71 ./Generated_Code/Vectors.o
 .comment       0x00000000       0x71 ./Generated_Code/WAIT1.o

.debug_frame    0x00000000     0x1924
 .debug_frame   0x00000000      0x200 ./Sources/Events.o
 .debug_frame   0x00000200      0x174 ./Sources/LCD.o
 .debug_frame   0x00000374       0x4c ./Sources/PCA9670.o
 .debug_frame   0x000003c0       0x38 ./Sources/main.o
 .debug_frame   0x000003f8       0xdc ./Sources/protocol.o
 .debug_frame   0x000004d4       0xc0 ./Project_Settings/Startup_Code/startup.o
 .debug_frame   0x00000594      0x1cc ./Generated_Code/AS1.o
 .debug_frame   0x00000760       0xec ./Generated_Code/ASerialLdd1.o
 .debug_frame   0x0000084c       0xb8 ./Generated_Code/BitIoLdd1.o
 .debug_frame   0x00000904       0xb8 ./Generated_Code/BitIoLdd2.o
 .debug_frame   0x000009bc       0xb8 ./Generated_Code/BitIoLdd3.o
 .debug_frame   0x00000a74       0xb8 ./Generated_Code/BitIoLdd4.o
 .debug_frame   0x00000b2c       0xb8 ./Generated_Code/BitIoLdd5.o
 .debug_frame   0x00000be4       0xb8 ./Generated_Code/BitIoLdd6.o
 .debug_frame   0x00000c9c       0x9c ./Generated_Code/BitIoLdd7.o
 .debug_frame   0x00000d38       0xa4 ./Generated_Code/Cpu.o
 .debug_frame   0x00000ddc      0x110 ./Generated_Code/ENCODER.o
 .debug_frame   0x00000eec       0x30 ./Generated_Code/ENCODER_PUSH.o
 .debug_frame   0x00000f1c       0x68 ./Generated_Code/ExtIntLdd1.o
 .debug_frame   0x00000f84       0x68 ./Generated_Code/ExtIntLdd2.o
 .debug_frame   0x00000fec       0x68 ./Generated_Code/ExtIntLdd3.o
 .debug_frame   0x00001054       0x68 ./Generated_Code/ExtIntLdd4.o
 .debug_frame   0x000010bc       0x68 ./Generated_Code/ExtIntLdd5.o
 .debug_frame   0x00001124      0x148 ./Generated_Code/I2C0.o
 .debug_frame   0x0000126c      0x11c ./Generated_Code/IFsh1.o
 .debug_frame   0x00001388      0x144 ./Generated_Code/IntFlashLdd1.o
 .debug_frame   0x000014cc      0x118 ./Generated_Code/IntI2cLdd1.o
 .debug_frame   0x000015e4       0x30 ./Generated_Code/LEVER_DIR1.o
 .debug_frame   0x00001614       0x30 ./Generated_Code/LEVER_DIR2.o
 .debug_frame   0x00001644       0x64 ./Generated_Code/PE_LDD.o
 .debug_frame   0x000016a8       0x30 ./Generated_Code/PUSH_BUTTON_REC.o
 .debug_frame   0x000016d8       0x30 ./Generated_Code/PUSH_BUTTON_SEND.o
 .debug_frame   0x00001708       0x88 ./Generated_Code/T_100ms.o
 .debug_frame   0x00001790       0x50 ./Generated_Code/T_500ms.o
 .debug_frame   0x000017e0       0x90 ./Generated_Code/WAIT1.o
 .debug_frame   0x00001870       0x28 c:/freescale/kds_v3/toolchain/bin/../lib/gcc/arm-none-eabi/4.8.4/../../../../arm-none-eabi/lib/armv7e-m\libg_s.a(lib_a-exit.o)
 .debug_frame   0x00001898       0x2c c:/freescale/kds_v3/toolchain/bin/../lib/gcc/arm-none-eabi/4.8.4/../../../../arm-none-eabi/lib/armv7e-m\libg_s.a(lib_a-init.o)
 .debug_frame   0x000018c4       0x20 c:/freescale/kds_v3/toolchain/bin/../lib/gcc/arm-none-eabi/4.8.4/../../../../arm-none-eabi/lib/armv7e-m\libg_s.a(lib_a-memset.o)
 .debug_frame   0x000018e4       0x20 c:/freescale/kds_v3/toolchain/bin/../lib/gcc/arm-none-eabi/4.8.4/../../../../arm-none-eabi/lib/armv7e-m\libg_s.a(lib_a-strlen.o)
 .debug_frame   0x00001904       0x20 c:/freescale/kds_v3/toolchain/bin/../lib/gcc/arm-none-eabi/4.8.4/../../../../arm-none-eabi/lib/armv7e-m\libnosys.a(_exit.o)

.stabstr        0x00000000       0x76
 .stabstr       0x00000000       0x76 c:/freescale/kds_v3/toolchain/bin/../lib/gcc/arm-none-eabi/4.8.4/../../../../arm-none-eabi/lib/armv7e-m\libnosys.a(getpid.o)
