Archive member included because of file (symbol)

c:/freescale/kds_v3/toolchain/bin/../lib/gcc/arm-none-eabi/4.8.4/../../../../arm-none-eabi/lib/armv7e-m\libm.a(lib_a-s_round.o)
                              ./Sources/display.o (round)
c:/freescale/kds_v3/toolchain/bin/../lib/gcc/arm-none-eabi/4.8.4/../../../../arm-none-eabi/lib/armv7e-m\libm.a(lib_a-w_pow.o)
                              ./Sources/display.o (pow)
c:/freescale/kds_v3/toolchain/bin/../lib/gcc/arm-none-eabi/4.8.4/../../../../arm-none-eabi/lib/armv7e-m\libm.a(lib_a-e_pow.o)
                              c:/freescale/kds_v3/toolchain/bin/../lib/gcc/arm-none-eabi/4.8.4/../../../../arm-none-eabi/lib/armv7e-m\libm.a(lib_a-w_pow.o) (__ieee754_pow)
c:/freescale/kds_v3/toolchain/bin/../lib/gcc/arm-none-eabi/4.8.4/../../../../arm-none-eabi/lib/armv7e-m\libm.a(lib_a-e_sqrt.o)
                              c:/freescale/kds_v3/toolchain/bin/../lib/gcc/arm-none-eabi/4.8.4/../../../../arm-none-eabi/lib/armv7e-m\libm.a(lib_a-e_pow.o) (__ieee754_sqrt)
c:/freescale/kds_v3/toolchain/bin/../lib/gcc/arm-none-eabi/4.8.4/../../../../arm-none-eabi/lib/armv7e-m\libm.a(lib_a-s_fabs.o)
                              c:/freescale/kds_v3/toolchain/bin/../lib/gcc/arm-none-eabi/4.8.4/../../../../arm-none-eabi/lib/armv7e-m\libm.a(lib_a-e_pow.o) (fabs)
c:/freescale/kds_v3/toolchain/bin/../lib/gcc/arm-none-eabi/4.8.4/../../../../arm-none-eabi/lib/armv7e-m\libm.a(lib_a-s_finite.o)
                              c:/freescale/kds_v3/toolchain/bin/../lib/gcc/arm-none-eabi/4.8.4/../../../../arm-none-eabi/lib/armv7e-m\libm.a(lib_a-w_pow.o) (finite)
c:/freescale/kds_v3/toolchain/bin/../lib/gcc/arm-none-eabi/4.8.4/../../../../arm-none-eabi/lib/armv7e-m\libm.a(lib_a-s_fpclassify.o)
                              c:/freescale/kds_v3/toolchain/bin/../lib/gcc/arm-none-eabi/4.8.4/../../../../arm-none-eabi/lib/armv7e-m\libm.a(lib_a-w_pow.o) (__fpclassifyd)
c:/freescale/kds_v3/toolchain/bin/../lib/gcc/arm-none-eabi/4.8.4/../../../../arm-none-eabi/lib/armv7e-m\libm.a(lib_a-s_lib_ver.o)
                              c:/freescale/kds_v3/toolchain/bin/../lib/gcc/arm-none-eabi/4.8.4/../../../../arm-none-eabi/lib/armv7e-m\libm.a(lib_a-w_pow.o) (__fdlib_version)
c:/freescale/kds_v3/toolchain/bin/../lib/gcc/arm-none-eabi/4.8.4/../../../../arm-none-eabi/lib/armv7e-m\libm.a(lib_a-s_matherr.o)
                              c:/freescale/kds_v3/toolchain/bin/../lib/gcc/arm-none-eabi/4.8.4/../../../../arm-none-eabi/lib/armv7e-m\libm.a(lib_a-w_pow.o) (matherr)
c:/freescale/kds_v3/toolchain/bin/../lib/gcc/arm-none-eabi/4.8.4/../../../../arm-none-eabi/lib/armv7e-m\libm.a(lib_a-s_nan.o)
                              c:/freescale/kds_v3/toolchain/bin/../lib/gcc/arm-none-eabi/4.8.4/../../../../arm-none-eabi/lib/armv7e-m\libm.a(lib_a-e_pow.o) (nan)
c:/freescale/kds_v3/toolchain/bin/../lib/gcc/arm-none-eabi/4.8.4/../../../../arm-none-eabi/lib/armv7e-m\libm.a(lib_a-s_rint.o)
                              c:/freescale/kds_v3/toolchain/bin/../lib/gcc/arm-none-eabi/4.8.4/../../../../arm-none-eabi/lib/armv7e-m\libm.a(lib_a-w_pow.o) (rint)
c:/freescale/kds_v3/toolchain/bin/../lib/gcc/arm-none-eabi/4.8.4/../../../../arm-none-eabi/lib/armv7e-m\libm.a(lib_a-s_scalbn.o)
                              c:/freescale/kds_v3/toolchain/bin/../lib/gcc/arm-none-eabi/4.8.4/../../../../arm-none-eabi/lib/armv7e-m\libm.a(lib_a-e_pow.o) (scalbn)
c:/freescale/kds_v3/toolchain/bin/../lib/gcc/arm-none-eabi/4.8.4/../../../../arm-none-eabi/lib/armv7e-m\libm.a(lib_a-s_copysign.o)
                              c:/freescale/kds_v3/toolchain/bin/../lib/gcc/arm-none-eabi/4.8.4/../../../../arm-none-eabi/lib/armv7e-m\libm.a(lib_a-s_scalbn.o) (copysign)
c:/freescale/kds_v3/toolchain/bin/../lib/gcc/arm-none-eabi/4.8.4/armv7e-m\libgcc.a(_arm_addsubdf3.o)
                              c:/freescale/kds_v3/toolchain/bin/../lib/gcc/arm-none-eabi/4.8.4/../../../../arm-none-eabi/lib/armv7e-m\libm.a(lib_a-e_pow.o) (__aeabi_dsub)
c:/freescale/kds_v3/toolchain/bin/../lib/gcc/arm-none-eabi/4.8.4/armv7e-m\libgcc.a(_arm_muldivdf3.o)
                              ./Sources/display.o (__aeabi_dmul)
c:/freescale/kds_v3/toolchain/bin/../lib/gcc/arm-none-eabi/4.8.4/armv7e-m\libgcc.a(_arm_cmpdf2.o)
                              c:/freescale/kds_v3/toolchain/bin/../lib/gcc/arm-none-eabi/4.8.4/../../../../arm-none-eabi/lib/armv7e-m\libm.a(lib_a-w_pow.o) (__aeabi_dcmpeq)
c:/freescale/kds_v3/toolchain/bin/../lib/gcc/arm-none-eabi/4.8.4/armv7e-m\libgcc.a(_arm_fixdfsi.o)
                              ./Sources/display.o (__aeabi_d2iz)
c:/freescale/kds_v3/toolchain/bin/../lib/gcc/arm-none-eabi/4.8.4/armv7e-m\libgcc.a(_arm_addsubsf3.o)
                              ./Sources/Events.o (__aeabi_fsub)
c:/freescale/kds_v3/toolchain/bin/../lib/gcc/arm-none-eabi/4.8.4/armv7e-m\libgcc.a(_arm_cmpsf2.o)
                              ./Sources/display.o (__aeabi_fcmpeq)
c:/freescale/kds_v3/toolchain/bin/../lib/gcc/arm-none-eabi/4.8.4/armv7e-m\libgcc.a(_arm_fixsfsi.o)
[...]
Memory Configuration

Name             Origin             Length             Attributes
m_interrupts     0x00000000         0x000001bc         xr
m_text           0x00000410         0x0003fbf0         xr
m_data           0x1fff8000         0x00008000         rw
m_data_20000000  0x20000000         0x00008000         rw
m_cfmprotrom     0x00000400         0x00000010         xr
*default*        0x00000000         0xffffffff

Linker script and memory map

LOAD c:/freescale/kds_v3/toolchain/bin/../lib/gcc/arm-none-eabi/4.8.4/armv7e-m/crti.o
LOAD c:/freescale/kds_v3/toolchain/bin/../lib/gcc/arm-none-eabi/4.8.4/armv7e-m/crtbegin.o
LOAD c:/freescale/kds_v3/toolchain/bin/../lib/gcc/arm-none-eabi/4.8.4/../../../../arm-none-eabi/lib/armv7e-m/crt0.o
LOAD ./Sources/Events.o
LOAD ./Sources/LCD.o
LOAD ./Sources/PCA9670.o
LOAD ./Sources/cue_eeprom.o
LOAD ./Sources/display.o
LOAD ./Sources/encoder_variable.o
LOAD ./Sources/main.o
LOAD ./Sources/menu.o
LOAD ./Sources/protocol.o
LOAD ./Project_Settings/Startup_Code/startup.o
LOAD ./Generated_Code/AS1.o
LOAD ./Generated_Code/ASerialLdd1.o
LOAD ./Generated_Code/BitIoLdd1.o
LOAD ./Generated_Code/BitIoLdd2.o
LOAD ./Generated_Code/BitIoLdd3.o
LOAD ./Generated_Code/BitIoLdd4.o
LOAD ./Generated_Code/BitIoLdd5.o
LOAD ./Generated_Code/BitIoLdd6.o
LOAD ./Generated_Code/BitIoLdd7.o
LOAD ./Generated_Code/CS1.o
LOAD ./Generated_Code/Cpu.o
LOAD ./Generated_Code/ENCODER.o
LOAD ./Generated_Code/ENCODER_PUSH.o
LOAD ./Generated_Code/ExtIntLdd1.o
LOAD ./Generated_Code/ExtIntLdd2.o
LOAD ./Generated_Code/ExtIntLdd3.o
LOAD ./Generated_Code/ExtIntLdd4.o
LOAD ./Generated_Code/ExtIntLdd5.o
LOAD ./Generated_Code/I2C0.o
LOAD ./Generated_Code/IFsh1.o
LOAD ./Generated_Code/IntFlashLdd1.o
LOAD ./Generated_Code/IntI2cLdd1.o
LOAD ./Generated_Code/KSDK1.o
LOAD ./Generated_Code/LCD_CTR.o
LOAD ./Generated_Code/LCD_EN.o
LOAD ./Generated_Code/LED_DEBUG.o
LOAD ./Generated_Code/LED_STATUS_1.o
LOAD ./Generated_Code/LED_STATUS_2.o
LOAD ./Generated_Code/LED_STATUS_3.o
LOAD ./Generated_Code/LED_STATUS_4.o
LOAD ./Generated_Code/LEVER_DIR1.o
LOAD ./Generated_Code/LEVER_DIR2.o
LOAD ./Generated_Code/PCA.o
LOAD ./Generated_Code/PE_LDD.o
LOAD ./Generated_Code/PUSH_BUTTON_REC.o
LOAD ./Generated_Code/PUSH_BUTTON_SEND.o
LOAD ./Generated_Code/T_100ms.o
LOAD ./Generated_Code/T_500ms.o
LOAD ./Generated_Code/Vectors.o
LOAD ./Generated_Code/WAIT1.o
LOAD ./.metadata/.plugins/org.eclipse.cdt.make.core/specs.o
LOAD c:/freescale/kds_v3/toolchain/bin/../lib/gcc/arm-none-eabi/4.8.4/../../../../arm-none-eabi/lib/armv7e-m\libstdc++_s.a
LOAD c:/freescale/kds_v3/toolchain/bin/../lib/gcc/arm-none-eabi/4.8.4/../../../../arm-none-eabi/lib/armv7e-m\libm.a
START GROUP
LOAD c:/freescale/kds_v3/toolchain/bin/../lib/gcc/arm-none-eabi/4.8.4/armv7e-m\libgcc.a
LOAD c:/freescale/kds_v3/toolchain/bin/../lib/gcc/arm-none-eabi/4.8.4/../../../../arm-none-eabi/lib/armv7e-m\libg_s.a
LOAD c:/freescale/kds_v3/toolchain/bin/../lib/gcc/arm-none-eabi/4.8.4/../../../../arm-none-eabi/lib/armv7e-m\libc_s.a
END GROUP
START GROUP
LOAD c:/freescale/kds_v3/toolchain/bin/../lib/gcc/arm-none-eabi/4.8.4/armv7e-m\libgcc.a
LOAD c:/freescale/kds_v3/toolchain/bin/../lib/gcc/arm-none-eabi/4.8.4/../../../../arm-none-eabi/lib/armv7e-m\libc_s.a
LOAD c:/freescale/kds_v3/toolchain/bin/../lib/gcc/arm-none-eabi/4.8.4/../../../../arm-none-eabi/lib/armv7e-m\libnosys.a
END GROUP
START GROUP
LOAD c:/freescale/kds_v3/toolchain/bin/../lib/gcc/arm-none-eabi/4.8.4/armv7e-m\libgcc.a
LOAD c:/freescale/kds_v3/toolchain/bin/../lib/gcc/arm-none-eabi/4.8.4/../../../../arm-none-eabi/lib/armv7e-m\libc_s.a
LOAD c:/freescale/kds_v3/toolchain/bin/../lib/gcc/arm-none-eabi/4.8.4/../../../../arm-none-eabi/lib/armv7e-m\libnosys.a
END GROUP
LOAD c:/freescale/kds_v3/toolchain/bin/../lib/gcc/arm-none-eabi/4.8.4/armv7e-m/crtend.o
LOAD c:/freescale/kds_v3/toolchain/bin/../lib/gcc/arm-none-eabi/4.8.4/armv7e-m/crtn.o
                0x20000000                _estack = 0x20000000
                0x20000000                __SP_INIT = _estack
                0x20000000                __stack = _estack
                0x00000000                __heap_size = 0x0
                0x00000400                __stack_size = 0x400

.interrupts     0x00000000      0x1bc
                0x00000000                __vector_table = .
                0x00000000                . = ALIGN (0x4)
 *(.vectortable)
 .vectortable   0x00000000      0x1bc ./Generated_Code/Vectors.o
                0x00000000                __vect_table
                0x000001bc                . = ALIGN (0x4)

.cfmprotect     0x00000400       0x10
                0x00000400                . = ALIGN (0x4)
 *(.cfmconfig)
 .cfmconfig     0x00000400       0x10 ./Generated_Code/Cpu.o
                0x00000400                _cfm
                0x00000410                . = ALIGN (0x4)

.text           0x00000410     0x507c
                0x00000410                . = ALIGN (0x4)
 *(.text)
 .text          0x00000410       0x54 c:/freescale/kds_v3/toolchain/bin/../lib/gcc/arm-none-eabi/4.8.4/armv7e-m/crtbegin.o
 .text          0x00000464       0x74 c:/freescale/kds_v3/toolchain/bin/../lib/gcc/arm-none-eabi/4.8.4/../../../../arm-none-eabi/lib/armv7e-m/crt0.o
                0x00000464                _start
                0x00000464                _mainCRTStartup
 .text          0x000004d8      0x21c c:/freescale/kds_v3/toolchain/bin/../lib/gcc/arm-none-eabi/4.8.4/armv7e-m\libgcc.a(_arm_addsubsf3.o)
                0x000004d8                __aeabi_frsub
                0x000004e0                __subsf3
                0x000004e0                __aeabi_fsub
                0x000004e4                __aeabi_fadd
                0x000004e4                __addsf3
                0x00000644                __aeabi_ui2f
                0x00000644                __floatunsisf
                0x0000064c                __aeabi_i2f
                0x0000064c                __floatsisf
                0x00000668                __aeabi_ul2f
                0x00000668                __floatundisf
                0x00000678                __aeabi_l2f
                0x00000678                __floatdisf
 .text          0x000006f4       0x4c c:/freescale/kds_v3/toolchain/bin/../lib/gcc/arm-none-eabi/4.8.4/armv7e-m\libgcc.a(_arm_fixsfsi.o)
                0x000006f4                __aeabi_f2iz
                0x000006f4                __fixsfsi
 .text          0x00000740      0xa1c c:/freescale/kds_v3/toolchain/bin/../lib/gcc/arm-none-eabi/4.8.4/armv7e-m\libgcc.a(unwind-arm.o)
                0x00000a24                _Unwind_GetCFA
                0x00000a28                __gnu_Unwind_RaiseException
                0x00000a88                __gnu_Unwind_ForcedUnwind
                0x00000a9c                __gnu_Unwind_Resume
                0x00000ae0                __gnu_Unwind_Resume_or_Rethrow
                0x00000af0                _Unwind_Complete
                0x00000af4                _Unwind_DeleteException
                0x00000b04                _Unwind_VRS_Get
                0x00000b54                _Unwind_VRS_Set
                0x00000ba4                __gnu_Unwind_Backtrace
                0x00000ef8                __aeabi_unwind_cpp_pr0
                0x00000f00                __aeabi_unwind_cpp_pr1
                0x00000f08                __aeabi_unwind_cpp_pr2
                0x00000f10                _Unwind_VRS_Pop
 .text          0x0000115c      0x1ac c:/freescale/kds_v3/toolchain/bin/../lib/gcc/arm-none-eabi/4.8.4/armv7e-m\libgcc.a(libunwind.o)
                0x0000115c                __restore_core_regs
                0x0000115c                restore_core_regs
                0x00001174                __gnu_Unwind_Restore_VFP
                0x0000117c                __gnu_Unwind_Save_VFP
                0x00001184                __gnu_Unwind_Restore_VFP_D
                0x0000118c                __gnu_Unwind_Save_VFP_D
                0x00001194                __gnu_Unwind_Restore_VFP_D_16_to_31
                0x0000119c                __gnu_Unwind_Save_VFP_D_16_to_31
                0x000011a4                __gnu_Unwind_Restore_WMMXD
                0x000011e8                __gnu_Unwind_Save_WMMXD
                0x0000122c                __gnu_Unwind_Restore_WMMXC
                0x00001240                __gnu_Unwind_Save_WMMXC
                0x00001254                ___Unwind_RaiseException
                0x00001254                _Unwind_RaiseException
                0x00001278                _Unwind_Resume
                0x00001278                ___Unwind_Resume
                0x0000129c                _Unwind_Resume_or_Rethrow
                0x0000129c                ___Unwind_Resume_or_Rethrow
                0x000012c0                _Unwind_ForcedUnwind
                0x000012c0                ___Unwind_ForcedUnwind
                0x000012e4                ___Unwind_Backtrace
                0x000012e4                _Unwind_Backtrace
 .text          0x00001308      0x33c c:/freescale/kds_v3/toolchain/bin/../lib/gcc/arm-none-eabi/4.8.4/armv7e-m\libgcc.a(pr-support.o)
                0x0000135c                __gnu_unwind_execute
                0x000015e8                __gnu_unwind_frame
                0x00001614                _Unwind_GetRegionStart
                0x00001620                _Unwind_GetLanguageSpecificData
                0x00001634                _Unwind_GetDataRelBase
                0x0000163c                _Unwind_GetTextRelBase
 *(.text*)
 .text.PUSH_BUTTON_REC_OnInterrupt
                0x00001644        0xc ./Sources/Events.o
                0x00001644                PUSH_BUTTON_REC_OnInterrupt
 .text.PUSH_BUTTON_SEND_OnInterrupt
                0x00001650        0xc ./Sources/Events.o
                0x00001650                PUSH_BUTTON_SEND_OnInterrupt
 .text.I2C0_OnReceiveData
                0x0000165c        0xc ./Sources/Events.o
                0x0000165c                I2C0_OnReceiveData
 .text.I2C0_OnTransmitData
                0x00001668        0xc ./Sources/Events.o
                0x00001668                I2C0_OnTransmitData
 .text.T_100ms_OnCounterRestart
                0x00001674       0x50 ./Sources/Events.o
                0x00001674                T_100ms_OnCounterRestart
 .text.LEVER_DIR2_OnInterrupt
                0x000016c4       0x14 ./Sources/Events.o
                0x000016c4                LEVER_DIR2_OnInterrupt
 .text.LEVER_DIR1_OnInterrupt
                0x000016d8       0x14 ./Sources/Events.o
                0x000016d8                LEVER_DIR1_OnInterrupt
 .text.ENCODER_PUSH_OnInterrupt
                0x000016ec       0xb0 ./Sources/Events.o
                0x000016ec                ENCODER_PUSH_OnInterrupt
 .text.ENCODER_OnPortEvent
                0x0000179c       0x6c ./Sources/Events.o
                0x0000179c                ENCODER_OnPortEvent
 .text.T_500ms_OnCounterRestart
                0x00001808       0x14 ./Sources/Events.o
                0x00001808                T_500ms_OnCounterRestart
 .text.I2C0_OnArbitLost
                0x0000181c        0xc ./Sources/Events.o
                0x0000181c                I2C0_OnArbitLost
 .text.AS1_OnTxComplete
                0x00001828       0x14 ./Sources/Events.o
                0x00001828                AS1_OnTxComplete
 .text.AS1_OnError
                0x0000183c        0xc ./Sources/Events.o
                0x0000183c                AS1_OnError
 .text.AS1_OnRxChar
                0x00001848        0xc ./Sources/Events.o
                0x00001848                AS1_OnRxChar
 .text.AS1_OnRxCharExt
                0x00001854       0xc8 ./Sources/Events.o
                0x00001854                AS1_OnRxCharExt
 .text.AS1_OnTxChar
                0x0000191c       0x14 ./Sources/Events.o
                0x0000191c                AS1_OnTxChar
 .text.AS1_OnFullRxBuf
                0x00001930       0x14 ./Sources/Events.o
                0x00001930                AS1_OnFullRxBuf
 .text.AS1_OnFreeTxBuf
                0x00001944        0xc ./Sources/Events.o
                0x00001944                AS1_OnFreeTxBuf
 .text.IFsh1_OnWriteEnd
                0x00001950        0xc ./Sources/Events.o
                0x00001950                IFsh1_OnWriteEnd
 .text.LCD_Init
                0x0000195c       0x50 ./Sources/LCD.o
                0x0000195c                LCD_Init
 .text.LCD_command
                0x000019ac       0x30 ./Sources/LCD.o
                0x000019ac                LCD_command
 .text.LCD_Set_Cursor
                0x000019dc       0x58 ./Sources/LCD.o
                0x000019dc                LCD_Set_Cursor
 .text.LCD_Write
                0x00001a34       0x28 ./Sources/LCD.o
                0x00001a34                LCD_Write
 .text.load_custom_char
                0x00001a5c       0x50 ./Sources/LCD.o
                0x00001a5c                load_custom_char
 .text.LCD_Write_At
                0x00001aac       0x3c ./Sources/LCD.o
                0x00001aac                LCD_Write_At
 .text.LCD_Write_Block
                0x00001ae8       0xa0 ./Sources/LCD.o
                0x00001ae8                LCD_Write_Block
 .text.PCA9670_Init
                0x00001b88       0x34 ./Sources/PCA9670.o
                0x00001b88                PCA9670_Init
 .text.PCA9670_SendByte
                0x00001bbc       0x3c ./Sources/PCA9670.o
                0x00001bbc                PCA9670_SendByte
 .text.load_char
                0x00001bf8       0x78 ./Sources/display.o
                0x00001bf8                load_char
 .text.menu_init
                0x00001c70       0x1c ./Sources/display.o
                0x00001c70                menu_init
 .text.refresh  0x00001c8c       0x24 ./Sources/display.o
                0x00001c8c                refresh
 .text.select   0x00001cb0       0x24 ./Sources/display.o
                0x00001cb0                select
 .text.back     0x00001cd4       0x30 ./Sources/display.o
                0x00001cd4                back
 .text.velocity_fct
                0x00001d04       0xa0 ./Sources/display.o
                0x00001d04                velocity_fct
 .text.acceleration_fct
                0x00001da4        0xc ./Sources/display.o
                0x00001da4                acceleration_fct
 .text.deceleration_fct
                0x00001db0        0xc ./Sources/display.o
                0x00001db0                deceleration_fct
 .text.back_fct
                0x00001dbc        0xc ./Sources/display.o
                0x00001dbc                back_fct
 .text.pos_velocity_fct
                0x00001dc8        0xc ./Sources/display.o
                0x00001dc8                pos_velocity_fct
 .text.pos_acceleration_fct
                0x00001dd4        0xc ./Sources/display.o
                0x00001dd4                pos_acceleration_fct
 .text.pos_deceleration_fct
                0x00001de0        0xc ./Sources/display.o
                0x00001de0                pos_deceleration_fct
 .text.torque_fct
                0x00001dec        0xc ./Sources/display.o
                0x00001dec                torque_fct
 .text.torque_rise_fct
                0x00001df8        0xc ./Sources/display.o
                0x00001df8                torque_rise_fct
 .text.torque_fall_fct
                0x00001e04        0xc ./Sources/display.o
                0x00001e04                torque_fall_fct
 .text._Z41__static_initialization_and_destruction_0ii
                0x00001e10      0x38c ./Sources/display.o
 .text._GLOBAL__sub_I_FLAG_MENU
                0x0000219c       0x10 ./Sources/display.o
 .text.main     0x000021ac      0x17c ./Sources/main.o
                0x000021ac                main
 .text.init_menu
                0x00002328       0x38 ./Sources/menu.o
                0x00002328                init_menu
 .text.init_sub_menu
                0x00002360       0x44 ./Sources/menu.o
                0x00002360                init_sub_menu
 .text.init_menu_list
                0x000023a4       0x30 ./Sources/menu.o
                0x000023a4                init_menu_list
 .text.init_sub_menu_list
                0x000023d4       0x30 ./Sources/menu.o
                0x000023d4                init_sub_menu_list
 .text.print_menu
                0x00002404      0x138 ./Sources/menu.o
                0x00002404                print_menu
 .text.print_sub_menu
                0x0000253c      0x158 ./Sources/menu.o
                0x0000253c                print_sub_menu
 .text.menu_select
                0x00002694      0x108 ./Sources/menu.o
                0x00002694                menu_select
 .text.menu_back
                0x0000279c       0xdc ./Sources/menu.o
                0x0000279c                menu_back
 .text.refresh_menu
                0x00002878       0xa8 ./Sources/menu.o
                0x00002878                refresh_menu
 .text.void_function
                0x00002920        0xc ./Sources/menu.o
                0x00002920                void_function
 .text.__copy_rom_section
                0x0000292c       0xe4 ./Project_Settings/Startup_Code/startup.o
                0x0000292c                __copy_rom_section
 .text.__copy_rom_sections_to_ram
                0x00002a10       0x9c ./Project_Settings/Startup_Code/startup.o
                0x00002a10                __copy_rom_sections_to_ram
 .text.__init_registers
                0x00002aac        0xc ./Project_Settings/Startup_Code/startup.o
                0x00002aac                __init_registers
 .text.__init_user
                0x00002ab8        0xc ./Project_Settings/Startup_Code/startup.o
                0x00002ab8                __init_user
 .text.__thumb_startup
                0x00002ac4       0x34 ./Project_Settings/Startup_Code/startup.o
                0x00002ac4                __thumb_startup
 .text.HWEnDi   0x00002af8       0x1c ./Generated_Code/AS1.o
 .text.AS1_ClearRxBuf
                0x00002b14       0x78 ./Generated_Code/AS1.o
                0x00002b14                AS1_ClearRxBuf
 .text.AS1_Init
                0x00002b8c       0x60 ./Generated_Code/AS1.o
                0x00002b8c                AS1_Init
 .text.ASerialLdd1_OnBlockReceived
                0x00002bec       0xcc ./Generated_Code/AS1.o
                0x00002bec                ASerialLdd1_OnBlockReceived
 .text.ASerialLdd1_OnBlockSent
                0x00002cb8       0xd4 ./Generated_Code/AS1.o
                0x00002cb8                ASerialLdd1_OnBlockSent
 .text.ASerialLdd1_OnError
                0x00002d8c       0x9c ./Generated_Code/AS1.o
                0x00002d8c                ASerialLdd1_OnError
 .text.ASerialLdd1_OnTxComplete
                0x00002e28       0x14 ./Generated_Code/AS1.o
                0x00002e28                ASerialLdd1_OnTxComplete
 .text.ASerialLdd1_OnBreak
                0x00002e3c       0x24 ./Generated_Code/AS1.o
                0x00002e3c                ASerialLdd1_OnBreak
 .text.ASerialLdd1_Init
                0x00002e60      0x1c0 ./Generated_Code/ASerialLdd1.o
                0x00002e60                ASerialLdd1_Init
 .text.ASerialLdd1_ReceiveBlock
                0x00003020       0x90 ./Generated_Code/ASerialLdd1.o
                0x00003020                ASerialLdd1_ReceiveBlock
 .text.ASerialLdd1_SendBlock
                0x000030b0       0xbc ./Generated_Code/ASerialLdd1.o
                0x000030b0                ASerialLdd1_SendBlock
 .text.InterruptRx
                0x0000316c       0x58 ./Generated_Code/ASerialLdd1.o
 .text.InterruptTx
                0x000031c4       0x9c ./Generated_Code/ASerialLdd1.o
 .text.ASerialLdd1_Interrupt
                0x00003260      0x130 ./Generated_Code/ASerialLdd1.o
                0x00003260                ASerialLdd1_Interrupt
 .text.ASerialLdd1_GetError
                0x00003390       0x70 ./Generated_Code/ASerialLdd1.o
                0x00003390                ASerialLdd1_GetError
 .text.BitIoLdd1_Init
                0x00003400       0x64 ./Generated_Code/BitIoLdd1.o
                0x00003400                BitIoLdd1_Init
 .text.BitIoLdd1_NegVal
                0x00003464       0x1c ./Generated_Code/BitIoLdd1.o
                0x00003464                BitIoLdd1_NegVal
 .text.BitIoLdd2_Init
                0x00003480       0x64 ./Generated_Code/BitIoLdd2.o
                0x00003480                BitIoLdd2_Init
 .text.BitIoLdd2_SetVal
                0x000034e4       0x1c ./Generated_Code/BitIoLdd2.o
                0x000034e4                BitIoLdd2_SetVal
 .text.BitIoLdd3_Init
                0x00003500       0x64 ./Generated_Code/BitIoLdd3.o
                0x00003500                BitIoLdd3_Init
 .text.BitIoLdd4_Init
                0x00003564       0x64 ./Generated_Code/BitIoLdd4.o
                0x00003564                BitIoLdd4_Init
 .text.BitIoLdd4_ClrVal
                0x000035c8       0x1c ./Generated_Code/BitIoLdd4.o
                0x000035c8                BitIoLdd4_ClrVal
 .text.BitIoLdd4_SetVal
                0x000035e4       0x1c ./Generated_Code/BitIoLdd4.o
                0x000035e4                BitIoLdd4_SetVal
 .text.BitIoLdd4_NegVal
                0x00003600       0x1c ./Generated_Code/BitIoLdd4.o
                0x00003600                BitIoLdd4_NegVal
 .text.BitIoLdd5_Init
                0x0000361c       0x64 ./Generated_Code/BitIoLdd5.o
                0x0000361c                BitIoLdd5_Init
 .text.BitIoLdd5_ClrVal
                0x00003680       0x1c ./Generated_Code/BitIoLdd5.o
                0x00003680                BitIoLdd5_ClrVal
 .text.BitIoLdd5_SetVal
                0x0000369c       0x1c ./Generated_Code/BitIoLdd5.o
                0x0000369c                BitIoLdd5_SetVal
 .text.BitIoLdd5_NegVal
                0x000036b8       0x1c ./Generated_Code/BitIoLdd5.o
                0x000036b8                BitIoLdd5_NegVal
 .text.BitIoLdd6_Init
                0x000036d4       0x64 ./Generated_Code/BitIoLdd6.o
                0x000036d4                BitIoLdd6_Init
 .text.BitIoLdd6_ClrVal
                0x00003738       0x20 ./Generated_Code/BitIoLdd6.o
                0x00003738                BitIoLdd6_ClrVal
 .text.BitIoLdd6_SetVal
                0x00003758       0x20 ./Generated_Code/BitIoLdd6.o
                0x00003758                BitIoLdd6_SetVal
 .text.BitIoLdd7_Init
                0x00003778       0x64 ./Generated_Code/BitIoLdd7.o
                0x00003778                BitIoLdd7_Init
 .text.BitIoLdd7_ClrVal
                0x000037dc       0x1c ./Generated_Code/BitIoLdd7.o
                0x000037dc                BitIoLdd7_ClrVal
 .text.BitIoLdd7_SetVal
                0x000037f8       0x1c ./Generated_Code/BitIoLdd7.o
                0x000037f8                BitIoLdd7_SetVal
 .text.Cpu_ivINT_PORTC
                0x00003814       0x30 ./Generated_Code/Cpu.o
                0x00003814                Cpu_ivINT_PORTC
 .text.Cpu_Interrupt
                0x00003844       0x18 ./Generated_Code/Cpu.o
                0x00003844                Cpu_Interrupt
 .text.__init_hardware
                0x0000385c      0x140 ./Generated_Code/Cpu.o
                0x0000385c                __init_hardware
 .text.Cpu_SetBASEPRI
                0x0000399c       0x18 ./Generated_Code/Cpu.o
                0x0000399c                Cpu_SetBASEPRI
 .text.PE_low_level_init
                0x000039b4      0x104 ./Generated_Code/Cpu.o
                0x000039b4                PE_low_level_init
 .text.ENCODER_Init
                0x00003ab8       0xb0 ./Generated_Code/ENCODER.o
                0x00003ab8                ENCODER_Init
 .text.ENCODER_GetFieldValue
                0x00003b68       0x40 ./Generated_Code/ENCODER.o
                0x00003b68                ENCODER_GetFieldValue
 .text.ENCODER_Interrupt
                0x00003ba8       0x4c ./Generated_Code/ENCODER.o
                0x00003ba8                ENCODER_Interrupt
 .text.ExtIntLdd1_OnInterrupt
                0x00003bf4       0x14 ./Generated_Code/ENCODER_PUSH.o
                0x00003bf4                ExtIntLdd1_OnInterrupt
 .text.ExtIntLdd1_Init
                0x00003c08       0x80 ./Generated_Code/ExtIntLdd1.o
                0x00003c08                ExtIntLdd1_Init
 .text.ExtIntLdd1_Interrupt
                0x00003c88       0x3c ./Generated_Code/ExtIntLdd1.o
                0x00003c88                ExtIntLdd1_Interrupt
 .text.ExtIntLdd1_GetVal
                0x00003cc4       0x2c ./Generated_Code/ExtIntLdd1.o
                0x00003cc4                ExtIntLdd1_GetVal
 .text.ExtIntLdd2_Init
                0x00003cf0       0x80 ./Generated_Code/ExtIntLdd2.o
                0x00003cf0                ExtIntLdd2_Init
 .text.ExtIntLdd2_Interrupt
                0x00003d70       0x3c ./Generated_Code/ExtIntLdd2.o
                0x00003d70                ExtIntLdd2_Interrupt
 .text.ExtIntLdd2_GetVal
                0x00003dac       0x2c ./Generated_Code/ExtIntLdd2.o
                0x00003dac                ExtIntLdd2_GetVal
 .text.ExtIntLdd3_Init
                0x00003dd8       0x80 ./Generated_Code/ExtIntLdd3.o
                0x00003dd8                ExtIntLdd3_Init
 .text.ExtIntLdd3_Interrupt
                0x00003e58       0x3c ./Generated_Code/ExtIntLdd3.o
                0x00003e58                ExtIntLdd3_Interrupt
 .text.ExtIntLdd3_GetVal
                0x00003e94       0x2c ./Generated_Code/ExtIntLdd3.o
                0x00003e94                ExtIntLdd3_GetVal
 .text.ExtIntLdd4_Init
                0x00003ec0       0x7c ./Generated_Code/ExtIntLdd4.o
                0x00003ec0                ExtIntLdd4_Init
 .text.ExtIntLdd4_Interrupt
                0x00003f3c       0x3c ./Generated_Code/ExtIntLdd4.o
                0x00003f3c                ExtIntLdd4_Interrupt
 .text.ExtIntLdd5_Init
                0x00003f78       0x7c ./Generated_Code/ExtIntLdd5.o
                0x00003f78                ExtIntLdd5_Init
 .text.ExtIntLdd5_Interrupt
                0x00003ff4       0x3c ./Generated_Code/ExtIntLdd5.o
                0x00003ff4                ExtIntLdd5_Interrupt
 .text.I2C0_SendChar
                0x00004030       0x2c ./Generated_Code/I2C0.o
                0x00004030                I2C0_SendChar
 .text.I2C0_SendBlock
                0x0000405c       0xc0 ./Generated_Code/I2C0.o
                0x0000405c                I2C0_SendBlock
 .text.I2C0_SelectSlave
                0x0000411c       0x34 ./Generated_Code/I2C0.o
                0x0000411c                I2C0_SelectSlave
 .text.I2C0_Init
                0x00004150       0x20 ./Generated_Code/I2C0.o
                0x00004150                I2C0_Init
 .text.IntI2cLdd1_OnMasterBlockSent
                0x00004170       0x14 ./Generated_Code/I2C0.o
                0x00004170                IntI2cLdd1_OnMasterBlockSent
 .text.IntI2cLdd1_OnMasterBlockReceived
                0x00004184       0x14 ./Generated_Code/I2C0.o
                0x00004184                IntI2cLdd1_OnMasterBlockReceived
 .text.IntI2cLdd1_OnError
                0x00004198       0x30 ./Generated_Code/I2C0.o
                0x00004198                IntI2cLdd1_OnError
 .text.IFsh1_Init
                0x000041c8       0x2c ./Generated_Code/IFsh1.o
                0x000041c8                IFsh1_Init
 .text.IntFlashLdd1_OnOperationComplete
                0x000041f4       0x4c ./Generated_Code/IFsh1.o
                0x000041f4                IntFlashLdd1_OnOperationComplete
 .text.IntFlashLdd1_OnError
                0x00004240       0x54 ./Generated_Code/IFsh1.o
                0x00004240                IntFlashLdd1_OnError
 .text.IntFlashLdd1_Init
                0x00004294       0xa4 ./Generated_Code/IntFlashLdd1.o
                0x00004294                IntFlashLdd1_Init
 .text.IntFlashLdd1_CommandCompleteInterrupt
                0x00004338      0x24c ./Generated_Code/IntFlashLdd1.o
                0x00004338                IntFlashLdd1_CommandCompleteInterrupt
 .text.IntFlashLdd1_GetError
                0x00004584       0x90 ./Generated_Code/IntFlashLdd1.o
                0x00004584                IntFlashLdd1_GetError
 .text.SafeRoutineCaller
                0x00004614       0x94 ./Generated_Code/IntFlashLdd1.o
 .text.IntI2cLdd1_Interrupt
                0x000046a8      0x2d4 ./Generated_Code/IntI2cLdd1.o
                0x000046a8                IntI2cLdd1_Interrupt
 .text.IntI2cLdd1_Init
                0x0000497c      0x13c ./Generated_Code/IntI2cLdd1.o
                0x0000497c                IntI2cLdd1_Init
 .text.IntI2cLdd1_MasterSendBlock
                0x00004ab8      0x190 ./Generated_Code/IntI2cLdd1.o
                0x00004ab8                IntI2cLdd1_MasterSendBlock
 .text.IntI2cLdd1_SelectSlaveDevice
                0x00004c48       0xf0 ./Generated_Code/IntI2cLdd1.o
                0x00004c48                IntI2cLdd1_SelectSlaveDevice
 .text.IntI2cLdd1_GetError
                0x00004d38       0x70 ./Generated_Code/IntI2cLdd1.o
                0x00004d38                IntI2cLdd1_GetError
 .text.ExtIntLdd2_OnInterrupt
                0x00004da8       0x14 ./Generated_Code/LEVER_DIR1.o
                0x00004da8                ExtIntLdd2_OnInterrupt
 .text.ExtIntLdd3_OnInterrupt
                0x00004dbc       0x14 ./Generated_Code/LEVER_DIR2.o
                0x00004dbc                ExtIntLdd3_OnInterrupt
 .text.ExtIntLdd5_OnInterrupt
                0x00004dd0       0x14 ./Generated_Code/PUSH_BUTTON_REC.o
                0x00004dd0                ExtIntLdd5_OnInterrupt
 .text.ExtIntLdd4_OnInterrupt
                0x00004de4       0x14 ./Generated_Code/PUSH_BUTTON_SEND.o
                0x00004de4                ExtIntLdd4_OnInterrupt
 .text.T_100ms_Init
                0x00004df8       0xb0 ./Generated_Code/T_100ms.o
                0x00004df8                T_100ms_Init
 .text.T_100ms_Enable
                0x00004ea8       0x30 ./Generated_Code/T_100ms.o
                0x00004ea8                T_100ms_Enable
 .text.T_100ms_Disable
                0x00004ed8       0x28 ./Generated_Code/T_100ms.o
                0x00004ed8                T_100ms_Disable
 .text.T_100ms_Interrupt
                0x00004f00       0x6c ./Generated_Code/T_100ms.o
                0x00004f00                T_100ms_Interrupt
 .text.T_500ms_Init
                0x00004f6c       0xcc ./Generated_Code/T_500ms.o
                0x00004f6c                T_500ms_Init
 .text.T_500ms_Interrupt
                0x00005038       0x6c ./Generated_Code/T_500ms.o
                0x00005038                T_500ms_Interrupt
 .text.WAIT1_Wait10Cycles
                0x000050a4        0x8 ./Generated_Code/WAIT1.o
                0x000050a4                WAIT1_Wait10Cycles
 .text.WAIT1_Wait100Cycles
                0x000050ac       0x1c ./Generated_Code/WAIT1.o
                0x000050ac                WAIT1_Wait100Cycles
 .text.WAIT1_WaitCycles
                0x000050c8       0x34 ./Generated_Code/WAIT1.o
                0x000050c8                WAIT1_WaitCycles
 .text.WAIT1_WaitLongCycles
                0x000050fc       0x38 ./Generated_Code/WAIT1.o
                0x000050fc                WAIT1_WaitLongCycles
 .text.WAIT1_Waitms
                0x00005134       0x2c ./Generated_Code/WAIT1.o
                0x00005134                WAIT1_Waitms
 .text.abort    0x00005160        0xe c:/freescale/kds_v3/toolchain/bin/../lib/gcc/arm-none-eabi/4.8.4/../../../../arm-none-eabi/lib/armv7e-m\libg_s.a(lib_a-abort.o)
                0x00005160                abort
 *fill*         0x0000516e        0x2 
 .text.exit     0x00005170       0x28 c:/freescale/kds_v3/toolchain/bin/../lib/gcc/arm-none-eabi/4.8.4/../../../../arm-none-eabi/lib/armv7e-m\libg_s.a(lib_a-exit.o)
                0x00005170                exit
 .text.__libc_init_array
                0x00005198       0x4c c:/freescale/kds_v3/toolchain/bin/../lib/gcc/arm-none-eabi/4.8.4/../../../../arm-none-eabi/lib/armv7e-m\libg_s.a(lib_a-init.o)
                0x00005198                __libc_init_array
 .text.memcpy   0x000051e4       0x12 c:/freescale/kds_v3/toolchain/bin/../lib/gcc/arm-none-eabi/4.8.4/../../../../arm-none-eabi/lib/armv7e-m\libg_s.a(lib_a-memcpy-stub.o)
                0x000051e4                memcpy
 .text.memset   0x000051f6       0x10 c:/freescale/kds_v3/toolchain/bin/../lib/gcc/arm-none-eabi/4.8.4/../../../../arm-none-eabi/lib/armv7e-m\libg_s.a(lib_a-memset.o)
                0x000051f6                memset
 .text._raise_r
                0x00005206       0x50 c:/freescale/kds_v3/toolchain/bin/../lib/gcc/arm-none-eabi/4.8.4/../../../../arm-none-eabi/lib/armv7e-m\libg_s.a(lib_a-signal.o)
                0x00005206                _raise_r
 *fill*         0x00005256        0x2 
 .text.raise    0x00005258       0x10 c:/freescale/kds_v3/toolchain/bin/../lib/gcc/arm-none-eabi/4.8.4/../../../../arm-none-eabi/lib/armv7e-m\libg_s.a(lib_a-signal.o)
                0x00005258                raise
 .text._kill_r  0x00005268       0x24 c:/freescale/kds_v3/toolchain/bin/../lib/gcc/arm-none-eabi/4.8.4/../../../../arm-none-eabi/lib/armv7e-m\libg_s.a(lib_a-signalr.o)
                0x00005268                _kill_r
 .text._getpid_r
                0x0000528c        0x4 c:/freescale/kds_v3/toolchain/bin/../lib/gcc/arm-none-eabi/4.8.4/../../../../arm-none-eabi/lib/armv7e-m\libg_s.a(lib_a-signalr.o)
                0x0000528c                _getpid_r
 .text.strlen   0x00005290       0x10 c:/freescale/kds_v3/toolchain/bin/../lib/gcc/arm-none-eabi/4.8.4/../../../../arm-none-eabi/lib/armv7e-m\libg_s.a(lib_a-strlen.o)
                0x00005290                strlen
 .text._getpid  0x000052a0       0x10 c:/freescale/kds_v3/toolchain/bin/../lib/gcc/arm-none-eabi/4.8.4/../../../../arm-none-eabi/lib/armv7e-m\libnosys.a(getpid.o)
                0x000052a0                _getpid
 .text._kill    0x000052b0       0x10 c:/freescale/kds_v3/toolchain/bin/../lib/gcc/arm-none-eabi/4.8.4/../../../../arm-none-eabi/lib/armv7e-m\libnosys.a(kill.o)
                0x000052b0                _kill
 .text._exit    0x000052c0        0x4 c:/freescale/kds_v3/toolchain/bin/../lib/gcc/arm-none-eabi/4.8.4/../../../../arm-none-eabi/lib/armv7e-m\libnosys.a(_exit.o)
                0x000052c0                _exit
 *(.rodata)
 .rodata        0x000052c4      0x16c ./Sources/display.o
 .rodata        0x00005430        0xc ./Sources/menu.o
 *(.rodata*)
 .rodata.SafeRoutine
                0x0000543c       0x30 ./Generated_Code/IntFlashLdd1.o
 .rodata.str1.1
                0x0000546c        0x2 c:/freescale/kds_v3/toolchain/bin/../lib/gcc/arm-none-eabi/4.8.4/../../../../arm-none-eabi/lib/armv7e-m\libg_s.a(lib_a-impure.o)
 *fill*         0x0000546e        0x2 
 .rodata._global_impure_ptr
                0x00005470        0x4 c:/freescale/kds_v3/toolchain/bin/../lib/gcc/arm-none-eabi/4.8.4/../../../../arm-none-eabi/lib/armv7e-m\libg_s.a(lib_a-impure.o)
                0x00005470                _global_impure_ptr
 *(.glue_7)
 .glue_7        0x00000000        0x0 linker stubs
 *(.glue_7t)
 .glue_7t       0x00000000        0x0 linker stubs
 *(.eh_frame)
 .eh_frame      0x00005474        0x0 c:/freescale/kds_v3/toolchain/bin/../lib/gcc/arm-none-eabi/4.8.4/armv7e-m/crtbegin.o
 *(.init)
 .init          0x00005474        0x4 c:/freescale/kds_v3/toolchain/bin/../lib/gcc/arm-none-eabi/4.8.4/armv7e-m/crti.o
                0x00005474                _init
 .init          0x00005478        0x8 c:/freescale/kds_v3/toolchain/bin/../lib/gcc/arm-none-eabi/4.8.4/armv7e-m/crtn.o
 *(.fini)
 .fini          0x00005480        0x4 c:/freescale/kds_v3/toolchain/bin/../lib/gcc/arm-none-eabi/4.8.4/armv7e-m/crti.o
                0x00005480                _fini
 .fini          0x00005484        0x8 c:/freescale/kds_v3/toolchain/bin/../lib/gcc/arm-none-eabi/4.8.4/armv7e-m/crtn.o
                0x0000548c                . = ALIGN (0x4)
                0x0000548c                _etext = .

.vfp11_veneer   0x0000548c        0x0
 .vfp11_veneer  0x00000000        0x0 linker stubs

.v4_bx          0x0000548c        0x0
 .v4_bx         0x00000000        0x0 linker stubs

.iplt           0x0000548c        0x0
 .iplt          0x00000000        0x0 c:/freescale/kds_v3/toolchain/bin/../lib/gcc/arm-none-eabi/4.8.4/armv7e-m/crtbegin.o

.ARM.extab      0x0000548c       0xf0
 *(.ARM.extab* .gnu.linkonce.armextab.*)
 .ARM.extab.text.LCD_command
                0x0000548c        0xc ./Sources/LCD.o
 .ARM.extab.text.LCD_Set_Cursor
                0x00005498        0xc ./Sources/LCD.o
 .ARM.extab.text.LCD_Write
                0x000054a4        0xc ./Sources/LCD.o
 .ARM.extab.text.load_custom_char
                0x000054b0        0xc ./Sources/LCD.o
 .ARM.extab.text.LCD_Write_At
                0x000054bc        0xc ./Sources/LCD.o
 .ARM.extab.text.LCD_Write_Block
                0x000054c8        0xc ./Sources/LCD.o
 .ARM.extab.text.PCA9670_SendByte
                0x000054d4        0xc ./Sources/PCA9670.o
 .ARM.extab.text.load_char
                0x000054e0        0xc ./Sources/display.o
 .ARM.extab.text.menu_init
                0x000054ec        0xc ./Sources/display.o
 .ARM.extab.text.refresh
                0x000054f8        0xc ./Sources/display.o
 .ARM.extab.text.select
                0x00005504        0xc ./Sources/display.o
 .ARM.extab.text.back
                0x00005510        0xc ./Sources/display.o
 .ARM.extab.text.print_menu
                0x0000551c        0xc ./Sources/menu.o
 .ARM.extab.text.print_sub_menu
                0x00005528        0xc ./Sources/menu.o
 .ARM.extab.text.menu_select
                0x00005534        0xc ./Sources/menu.o
 .ARM.extab.text.menu_back
                0x00005540        0xc ./Sources/menu.o
 .ARM.extab.text.refresh_menu
                0x0000554c        0xc ./Sources/menu.o
 .ARM.extab     0x00005558        0xc c:/freescale/kds_v3/toolchain/bin/../lib/gcc/arm-none-eabi/4.8.4/armv7e-m\libgcc.a(unwind-arm.o)
 .ARM.extab     0x00005564       0x18 c:/freescale/kds_v3/toolchain/bin/../lib/gcc/arm-none-eabi/4.8.4/armv7e-m\libgcc.a(pr-support.o)

.ARM            0x0000557c      0x178
                0x0000557c                __exidx_start = .
 *(.ARM.exidx*)
 .ARM.exidx     0x0000557c        0x8 c:/freescale/kds_v3/toolchain/bin/../lib/gcc/arm-none-eabi/4.8.4/../../../../arm-none-eabi/lib/armv7e-m/crt0.o
 .ARM.exidx.text.LCD_Init
                0x00005644        0x8 ./Sources/LCD.o
 .ARM.exidx.text.LCD_command
                0x0000564c        0x8 ./Sources/LCD.o
 .ARM.exidx.text.LCD_Set_Cursor
                0x00005654        0x8 ./Sources/LCD.o
 .ARM.exidx.text.LCD_Write
                0x0000565c        0x8 ./Sources/LCD.o
 .ARM.exidx.text.load_custom_char
                0x00005664        0x8 ./Sources/LCD.o
 .ARM.exidx.text.LCD_Write_At
                0x0000566c        0x8 ./Sources/LCD.o
 .ARM.exidx.text.LCD_Write_Block
                0x00005674        0x8 ./Sources/LCD.o
 .ARM.exidx.text.PCA9670_Init
                0x0000567c        0x8 ./Sources/PCA9670.o
 .ARM.exidx.text.PCA9670_SendByte
                0x00005684        0x8 ./Sources/PCA9670.o
 .ARM.exidx.text.load_char
                0x0000568c        0x8 ./Sources/display.o
 .ARM.exidx.text.menu_init
                0x00005694        0x8 ./Sources/display.o
 .ARM.exidx.text.refresh
                0x0000569c        0x8 ./Sources/display.o
 .ARM.exidx.text.select
                0x000056a4        0x8 ./Sources/display.o
 .ARM.exidx.text.back
                0x000056ac        0x8 ./Sources/display.o
 .ARM.exidx.text.velocity_fct
                0x000056b4        0x8 ./Sources/display.o
 .ARM.exidx.text.acceleration_fct
                0x000056bc        0x8 ./Sources/display.o
 .ARM.exidx.text.deceleration_fct
                0x000056c4        0x0 ./Sources/display.o
                                  0x8 (size before relaxing)
 .ARM.exidx.text.back_fct
                0x000056c4        0x0 ./Sources/display.o
                                  0x8 (size before relaxing)
 .ARM.exidx.text.pos_velocity_fct
                0x000056c4        0x0 ./Sources/display.o
                                  0x8 (size before relaxing)
 .ARM.exidx.text.pos_acceleration_fct
                0x000056c4        0x0 ./Sources/display.o
                                  0x8 (size before relaxing)
 .ARM.exidx.text.pos_deceleration_fct
                0x000056c4        0x0 ./Sources/display.o
                                  0x8 (size before relaxing)
 .ARM.exidx.text.torque_fct
                0x000056c4        0x0 ./Sources/display.o
                                  0x8 (size before relaxing)
 .ARM.exidx.text.torque_rise_fct
                0x000056c4        0x0 ./Sources/display.o
                                  0x8 (size before relaxing)
 .ARM.exidx.text.torque_fall_fct
                0x000056c4        0x0 ./Sources/display.o
                                  0x8 (size before relaxing)
 .ARM.exidx.text._Z41__static_initialization_and_destruction_0ii
                0x000056c4        0x0 ./Sources/display.o
                                  0x8 (size before relaxing)
 .ARM.exidx.text._GLOBAL__sub_I_FLAG_MENU
                0x000056c4        0x0 ./Sources/display.o
                                  0x8 (size before relaxing)
 .ARM.exidx.text.init_menu
                0x000056c4        0x0 ./Sources/menu.o
                                  0x8 (size before relaxing)
 .ARM.exidx.text.init_sub_menu
                0x000056c4        0x0 ./Sources/menu.o
                                  0x8 (size before relaxing)
 .ARM.exidx.text.init_menu_list
                0x000056c4        0x0 ./Sources/menu.o
                                  0x8 (size before relaxing)
 .ARM.exidx.text.init_sub_menu_list
                0x000056c4        0x0 ./Sources/menu.o
                                  0x8 (size before relaxing)
 .ARM.exidx.text.print_menu
                0x000056c4        0x8 ./Sources/menu.o
 .ARM.exidx.text.print_sub_menu
                0x000056cc        0x8 ./Sources/menu.o
 .ARM.exidx.text.menu_select
                0x000056d4        0x8 ./Sources/menu.o
 .ARM.exidx.text.menu_back
                0x000056dc        0x8 ./Sources/menu.o
 .ARM.exidx.text.refresh_menu
                0x000056e4        0x8 ./Sources/menu.o
 .ARM.exidx.text.void_function
                0x000056ec        0x8 ./Sources/menu.o
 .ARM.exidx     0x00005584       0x88 c:/freescale/kds_v3/toolchain/bin/../lib/gcc/arm-none-eabi/4.8.4/armv7e-m\libgcc.a(unwind-arm.o)
                                 0xd8 (size before relaxing)
 .ARM.exidx     0x0000560c       0x38 c:/freescale/kds_v3/toolchain/bin/../lib/gcc/arm-none-eabi/4.8.4/armv7e-m\libgcc.a(pr-support.o)
                                 0x48 (size before relaxing)
                0x000056f4                __exidx_end = .

.rel.dyn        0x000056f4        0x0
 .rel.iplt      0x00000000        0x0 c:/freescale/kds_v3/toolchain/bin/../lib/gcc/arm-none-eabi/4.8.4/armv7e-m/crtbegin.o

.ctors          0x000056f4        0x0
                0x000056f4                __CTOR_LIST__ = .
 *crtbegin.o(.ctors)
 *(EXCLUDE_FILE(*crtend.o) .ctors)
 *(SORT(.ctors.*))
 *(.ctors)
                0x000056f4                __CTOR_END__ = .

.dtors          0x000056f4        0x0
                0x000056f4                __DTOR_LIST__ = .
 *crtbegin.o(.dtors)
 *(EXCLUDE_FILE(*crtend.o) .dtors)
 *(SORT(.dtors.*))
 *(.dtors)
                0x000056f4                __DTOR_END__ = .

.preinit_array  0x000056f4        0x0
                0x000056f4                PROVIDE (__preinit_array_start, .)
 *(.preinit_array*)
                0x000056f4                PROVIDE (__preinit_array_end, .)

.init_array     0x000056f4        0x8
                0x000056f4                PROVIDE (__init_array_start, .)
 *(SORT(.init_array.*))
 *(.init_array*)
 .init_array    0x000056f4        0x4 c:/freescale/kds_v3/toolchain/bin/../lib/gcc/arm-none-eabi/4.8.4/armv7e-m/crtbegin.o
 .init_array    0x000056f8        0x4 ./Sources/display.o
                0x000056fc                PROVIDE (__init_array_end, .)

.fini_array     0x000056fc        0x4
                0x000056fc                PROVIDE (__fini_array_start, .)
 *(SORT(.fini_array.*))
 *(.fini_array*)
 .fini_array    0x000056fc        0x4 c:/freescale/kds_v3/toolchain/bin/../lib/gcc/arm-none-eabi/4.8.4/armv7e-m/crtbegin.o
                0x00005700                PROVIDE (__fini_array_end, .)
                0x00005700                ___ROM_AT = .

.data           0x1fff8000       0x64 load address 0x00005700
                0x1fff8000                . = ALIGN (0x4)
                0x1fff8000                _sdata = .
 *(.data)
 *(.data*)
 .data.impure_data
                0x1fff8000       0x60 c:/freescale/kds_v3/toolchain/bin/../lib/gcc/arm-none-eabi/4.8.4/../../../../arm-none-eabi/lib/armv7e-m\libg_s.a(lib_a-impure.o)
 .data._impure_ptr
                0x1fff8060        0x4 c:/freescale/kds_v3/toolchain/bin/../lib/gcc/arm-none-eabi/4.8.4/../../../../arm-none-eabi/lib/armv7e-m\libg_s.a(lib_a-impure.o)
                0x1fff8060                _impure_ptr
                0x1fff8064                . = ALIGN (0x4)
                0x1fff8064                _edata = .
                0x00000064                ___data_size = (_edata - _sdata)
                0x00005764                ___m_data_20000000_ROMStart = (___ROM_AT + SIZEOF (.data))

.jcr            0x1fff8064        0x0 load address 0x00005764
 .jcr           0x1fff8064        0x0 c:/freescale/kds_v3/toolchain/bin/../lib/gcc/arm-none-eabi/4.8.4/armv7e-m/crtbegin.o

.igot.plt       0x1fff8064        0x0 load address 0x00005764
 .igot.plt      0x00000000        0x0 c:/freescale/kds_v3/toolchain/bin/../lib/gcc/arm-none-eabi/4.8.4/armv7e-m/crtbegin.o

.m_data_20000000
                0x20000000        0x0 load address 0x00005764
                0x20000000                . = ALIGN (0x4)
                0x20000000                ___m_data_20000000_RAMStart = .
 *(.m_data_20000000)
                0x20000000                ___m_data_20000000_RAMEnd = .
                0x20000000                . = ALIGN (0x4)
                0x00000000                ___m_data_20000000_ROMSize = (___m_data_20000000_RAMEnd - ___m_data_20000000_RAMStart)
                0x20000000                . = ALIGN (0x4)

.bss            0x1fff8064      0x5f0 load address 0x00005764
                0x1fff8064                __START_BSS = .
                0x1fff8064                PROVIDE (__bss_start__, __START_BSS)
 *(.bss)
 .bss           0x1fff8064       0x1c c:/freescale/kds_v3/toolchain/bin/../lib/gcc/arm-none-eabi/4.8.4/armv7e-m/crtbegin.o
 *(.bss*)
 .bss.LCD_flag  0x1fff8080        0x1 ./Sources/LCD.o
                0x1fff8080                LCD_flag
 .bss.FLAG_MENU
                0x1fff8081        0x1 ./Sources/display.o
                0x1fff8081                FLAG_MENU
 *fill*         0x1fff8082        0x2 
 .bss.back_menu
                0x1fff8084       0x10 ./Sources/display.o
                0x1fff8084                back_menu
 .bss.vel_velocity
                0x1fff8094       0x10 ./Sources/display.o
                0x1fff8094                vel_velocity
 .bss.vel_acc   0x1fff80a4       0x10 ./Sources/display.o
                0x1fff80a4                vel_acc
 .bss.vel_dec   0x1fff80b4       0x10 ./Sources/display.o
                0x1fff80b4                vel_dec
 .bss.vel_cue   0x1fff80c4       0x10 ./Sources/display.o
                0x1fff80c4                vel_cue
 .bss.sub_menu_velocity
                0x1fff80d4       0x50 ./Sources/display.o
                0x1fff80d4                sub_menu_velocity
 .bss.menu_velocity
                0x1fff8124        0xc ./Sources/display.o
                0x1fff8124                menu_velocity
 .bss.pos_velocity
                0x1fff8130       0x10 ./Sources/display.o
                0x1fff8130                pos_velocity
 .bss.pos_acc   0x1fff8140       0x10 ./Sources/display.o
                0x1fff8140                pos_acc
 .bss.pos_dec   0x1fff8150       0x10 ./Sources/display.o
                0x1fff8150                pos_dec
 .bss.pos_cue   0x1fff8160       0x10 ./Sources/display.o
                0x1fff8160                pos_cue
 .bss.sub_menu_position
                0x1fff8170       0x50 ./Sources/display.o
                0x1fff8170                sub_menu_position
 .bss.menu_position
                0x1fff81c0        0xc ./Sources/display.o
                0x1fff81c0                menu_position
 .bss.tor_torque
                0x1fff81cc       0x10 ./Sources/display.o
                0x1fff81cc                tor_torque
 .bss.tor_torque_rise
                0x1fff81dc       0x10 ./Sources/display.o
                0x1fff81dc                tor_torque_rise
 .bss.tor_torque_fall
                0x1fff81ec       0x10 ./Sources/display.o
                0x1fff81ec                tor_torque_fall
 .bss.tor_cue   0x1fff81fc       0x10 ./Sources/display.o
                0x1fff81fc                tor_cue
 .bss.sub_menu_torque
                0x1fff820c       0x50 ./Sources/display.o
                0x1fff820c                sub_menu_torque
 .bss.menu_torque
                0x1fff825c        0xc ./Sources/display.o
                0x1fff825c                menu_torque
 .bss.velocity  0x1fff8268       0x18 ./Sources/display.o
                0x1fff8268                velocity
 .bss.position  0x1fff8280       0x18 ./Sources/display.o
                0x1fff8280                position
 .bss.torque    0x1fff8298       0x18 ./Sources/display.o
                0x1fff8298                torque
 .bss.setting   0x1fff82b0       0x18 ./Sources/display.o
                0x1fff82b0                setting
 .bss.test      0x1fff82c8       0x18 ./Sources/display.o
                0x1fff82c8                test
 .bss._ZL10menu_array
                0x1fff82e0       0x78 ./Sources/display.o
 .bss.root_menu
                0x1fff8358        0xc ./Sources/display.o
                0x1fff8358                root_menu
 .bss.FLAG_PUSH_SHORT
                0x1fff8364        0x1 ./Sources/encoder_variable.o
                0x1fff8364                FLAG_PUSH_SHORT
 .bss.FLAG_PUSH_LONG
                0x1fff8365        0x1 ./Sources/encoder_variable.o
                0x1fff8365                FLAG_PUSH_LONG
 .bss.FLAG_ENCODER
                0x1fff8366        0x1 ./Sources/encoder_variable.o
                0x1fff8366                FLAG_ENCODER
 *fill*         0x1fff8367        0x1 
 .bss.counter_100ms
                0x1fff8368        0x4 ./Sources/encoder_variable.o
                0x1fff8368                counter_100ms
 .bss.encoder   0x1fff836c        0x4 ./Sources/encoder_variable.o
                0x1fff836c                encoder
 .bss.in_buffer
                0x1fff8370       0x80 ./Sources/protocol.o
                0x1fff8370                in_buffer
 .bss.cnt       0x1fff83f0        0x1 ./Sources/protocol.o
                0x1fff83f0                cnt
 .bss.FLAG_MSG_RCV
                0x1fff83f1        0x1 ./Sources/protocol.o
                0x1fff83f1                FLAG_MSG_RCV
 .bss.FLAG_MSG_ERR
                0x1fff83f2        0x1 ./Sources/protocol.o
                0x1fff83f2                FLAG_MSG_ERR
 .bss.FLAG_MSG_OK
                0x1fff83f3        0x1 ./Sources/protocol.o
                0x1fff83f3                FLAG_MSG_OK
 .bss.nb_data   0x1fff83f4        0x4 ./Sources/protocol.o
                0x1fff83f4                nb_data
 .bss.SerFlag   0x1fff83f8        0x2 ./Generated_Code/AS1.o
 .bss.AS1_InpLen
                0x1fff83fa        0x2 ./Generated_Code/AS1.o
 .bss.InpIndexR
                0x1fff83fc        0x2 ./Generated_Code/AS1.o
 .bss.InpIndexW
                0x1fff83fe        0x2 ./Generated_Code/AS1.o
 .bss.InpBuffer
                0x1fff8400       0x80 ./Generated_Code/AS1.o
 .bss.BufferRead
                0x1fff8480        0x1 ./Generated_Code/AS1.o
 *fill*         0x1fff8481        0x1 
 .bss.AS1_OutLen
                0x1fff8482        0x2 ./Generated_Code/AS1.o
 .bss.OutIndexR
                0x1fff8484        0x2 ./Generated_Code/AS1.o
 .bss.OutIndexW
                0x1fff8486        0x2 ./Generated_Code/AS1.o
 .bss.OutBuffer
                0x1fff8488       0x80 ./Generated_Code/AS1.o
 .bss.OnFreeTxBufSemaphore
                0x1fff8508        0x1 ./Generated_Code/AS1.o
 *fill*         0x1fff8509        0x3 
 .bss.DeviceDataPrv__DEFAULT_RTOS_ALLOC
                0x1fff850c       0x20 ./Generated_Code/ASerialLdd1.o
 .bss.INT_UART0_RX_TX__DEFAULT_RTOS_ISRPARAM
                0x1fff852c        0x4 ./Generated_Code/ASerialLdd1.o
 .bss.INT_UART0_ERR__DEFAULT_RTOS_ISRPARAM
                0x1fff8530        0x4 ./Generated_Code/ASerialLdd1.o
 .bss.DeviceDataPrv__DEFAULT_RTOS_ALLOC
                0x1fff8534        0x4 ./Generated_Code/BitIoLdd1.o
 .bss.DeviceDataPrv__DEFAULT_RTOS_ALLOC
                0x1fff8538        0x4 ./Generated_Code/BitIoLdd2.o
 .bss.DeviceDataPrv__DEFAULT_RTOS_ALLOC
                0x1fff853c        0x4 ./Generated_Code/BitIoLdd3.o
 .bss.DeviceDataPrv__DEFAULT_RTOS_ALLOC
                0x1fff8540        0x4 ./Generated_Code/BitIoLdd4.o
 .bss.DeviceDataPrv__DEFAULT_RTOS_ALLOC
                0x1fff8544        0x4 ./Generated_Code/BitIoLdd5.o
 .bss.DeviceDataPrv__DEFAULT_RTOS_ALLOC
                0x1fff8548        0x4 ./Generated_Code/BitIoLdd6.o
 .bss.DeviceDataPrv__DEFAULT_RTOS_ALLOC
                0x1fff854c        0x4 ./Generated_Code/BitIoLdd7.o
 .bss.SR_lock   0x1fff8550        0x1 ./Generated_Code/Cpu.o
                0x1fff8550                SR_lock
 *fill*         0x1fff8551        0x3 
 .bss.DeviceDataPrv__DEFAULT_RTOS_ALLOC
                0x1fff8554        0xc ./Generated_Code/ENCODER.o
 .bss.INT_PORTC__DEFAULT_RTOS_ISRPARAM
                0x1fff8560        0x4 ./Generated_Code/ENCODER.o
 .bss.DeviceDataPrv__DEFAULT_RTOS_ALLOC
                0x1fff8564        0x4 ./Generated_Code/ExtIntLdd1.o
 .bss.INT_PORTC__DEFAULT_RTOS_ISRPARAM
                0x1fff8568        0x4 ./Generated_Code/ExtIntLdd1.o
 .bss.DeviceDataPrv__DEFAULT_RTOS_ALLOC
                0x1fff856c        0x4 ./Generated_Code/ExtIntLdd2.o
 .bss.INT_PORTC__DEFAULT_RTOS_ISRPARAM
                0x1fff8570        0x4 ./Generated_Code/ExtIntLdd2.o
 .bss.DeviceDataPrv__DEFAULT_RTOS_ALLOC
                0x1fff8574        0x4 ./Generated_Code/ExtIntLdd3.o
 .bss.INT_PORTC__DEFAULT_RTOS_ISRPARAM
                0x1fff8578        0x4 ./Generated_Code/ExtIntLdd3.o
 .bss.DeviceDataPrv__DEFAULT_RTOS_ALLOC
                0x1fff857c        0x4 ./Generated_Code/ExtIntLdd4.o
 .bss.INT_PORTC__DEFAULT_RTOS_ISRPARAM
                0x1fff8580        0x4 ./Generated_Code/ExtIntLdd4.o
 .bss.DeviceDataPrv__DEFAULT_RTOS_ALLOC
                0x1fff8584        0x4 ./Generated_Code/ExtIntLdd5.o
 .bss.INT_PORTC__DEFAULT_RTOS_ISRPARAM
                0x1fff8588        0x4 ./Generated_Code/ExtIntLdd5.o
 .bss.OutLenM   0x1fff858c        0x2 ./Generated_Code/I2C0.o
 .bss.ChrTemp   0x1fff858e        0x1 ./Generated_Code/I2C0.o
 *fill*         0x1fff858f        0x1 
 .bss.IFsh1_CurrentCommand
                0x1fff8590        0x4 ./Generated_Code/IFsh1.o
 .bss.IFsh1_CmdResult
                0x1fff8594        0x1 ./Generated_Code/IFsh1.o
 .bss.IFsh1_CmdPending
                0x1fff8595        0x1 ./Generated_Code/IFsh1.o
 .bss.IFsh1_EnEvent
                0x1fff8596        0x1 ./Generated_Code/IFsh1.o
 *fill*         0x1fff8597        0x1 
 .bss.IntFlashLdd1_DevDataPtr
                0x1fff8598        0x4 ./Generated_Code/IFsh1.o
 .bss.DeviceDataPrv__DEFAULT_RTOS_ALLOC
                0x1fff859c       0x18 ./Generated_Code/IntFlashLdd1.o
 .bss.INT_FTFL__DEFAULT_RTOS_ISRPARAM
                0x1fff85b4        0x4 ./Generated_Code/IntFlashLdd1.o
 .bss.INT_Read_Collision__DEFAULT_RTOS_ISRPARAM
                0x1fff85b8        0x4 ./Generated_Code/IntFlashLdd1.o
 .bss.DeviceDataPrv__DEFAULT_RTOS_ALLOC
                0x1fff85bc       0x1c ./Generated_Code/IntI2cLdd1.o
 .bss.INT_I2C0__DEFAULT_RTOS_ISRPARAM
                0x1fff85d8        0x4 ./Generated_Code/IntI2cLdd1.o
 .bss.PE_LDD_DeviceDataList
                0x1fff85dc       0x48 ./Generated_Code/PE_LDD.o
                0x1fff85dc                PE_LDD_DeviceDataList
 .bss.DeviceDataPrv__DEFAULT_RTOS_ALLOC
                0x1fff8624        0xc ./Generated_Code/T_100ms.o
 .bss.INT_FTM1__DEFAULT_RTOS_ISRPARAM
                0x1fff8630        0x4 ./Generated_Code/T_100ms.o
 .bss.DeviceDataPrv__DEFAULT_RTOS_ALLOC
                0x1fff8634        0x8 ./Generated_Code/T_500ms.o
 .bss.INT_FTM0__DEFAULT_RTOS_ISRPARAM
                0x1fff863c        0x4 ./Generated_Code/T_500ms.o
 *(COMMON)
 COMMON         0x1fff8640        0x4 ./Generated_Code/AS1.o
                0x1fff8640                ASerialLdd1_DeviceDataPtr
 COMMON         0x1fff8644        0x1 ./Generated_Code/Cpu.o
                0x1fff8644                SR_reg
 *fill*         0x1fff8645        0x3 
 COMMON         0x1fff8648        0x8 ./Generated_Code/I2C0.o
                0x1fff8648                I2C0_SndRcvTemp
                0x1fff864c                IntI2cLdd1_DeviceDataPtr
 COMMON         0x1fff8650        0x4 c:/freescale/kds_v3/toolchain/bin/../lib/gcc/arm-none-eabi/4.8.4/../../../../arm-none-eabi/lib/armv7e-m\libg_s.a(lib_a-reent.o)
                0x1fff8650                errno
                0x1fff8654                . = ALIGN (0x4)
                0x1fff8654                __END_BSS = .
                0x1fff8654                PROVIDE (__bss_end__, __END_BSS)
                0x00005764                _romp_at = ((___ROM_AT + SIZEOF (.data)) + SIZEOF (.m_data_20000000))

.romp           0x1fff8654       0x24 load address 0x00005764
                0x00005764                __S_romp = _romp_at
                0x1fff8654        0x4 LONG 0x5700 ___ROM_AT
                0x1fff8658        0x4 LONG 0x1fff8000 _sdata
                0x1fff865c        0x4 LONG 0x64 ___data_size
                0x1fff8660        0x4 LONG 0x5764 ___m_data_20000000_ROMStart
                0x1fff8664        0x4 LONG 0x20000000 ___m_data_20000000_RAMStart
                0x1fff8668        0x4 LONG 0x0 ___m_data_20000000_ROMSize
                0x1fff866c        0x4 LONG 0x0
                0x1fff8670        0x4 LONG 0x0
                0x1fff8674        0x4 LONG 0x0
                0x00040000                text_end = (ORIGIN (m_text) + 0x3fbf0)
                0x00005788                data_init_end = ((___m_data_20000000_ROMStart + SIZEOF (.m_data_20000000)) + SIZEOF (.romp))
                0x00000001                ASSERT ((data_init_end <= text_end), region m_text overflowed with text and data)

._user_heap_stack
                0x1fff8678      0x400 load address 0x00005788
                0x1fff8678                . = ALIGN (0x4)
                0x1fff8678                PROVIDE (end, .)
                0x1fff8678                PROVIDE (_end, .)
                0x1fff8678                PROVIDE (__end__, .)
                0x1fff8678                __heap_addr = .
                0x1fff8678                __HeapBase = .
                0x1fff8678                . = (. + __heap_size)
                0x1fff8678                __HeapLimit = .
                0x1fff8a78                . = (. + __stack_size)
 *fill*         0x1fff8678      0x400 
                0x1fff8a78                . = ALIGN (0x4)

.ARM.attributes
                0x00000000       0x2a
 *(.ARM.attributes)
 .ARM.attributes
                0x00000000       0x1e c:/freescale/kds_v3/toolchain/bin/../lib/gcc/arm-none-eabi/4.8.4/armv7e-m/crti.o
 .ARM.attributes
                0x0000001e       0x2e c:/freescale/kds_v3/toolchain/bin/../lib/gcc/arm-none-eabi/4.8.4/armv7e-m/crtbegin.o
 .ARM.attributes
                0x0000004c       0x1c c:/freescale/kds_v3/toolchain/bin/../lib/gcc/arm-none-eabi/4.8.4/../../../../arm-none-eabi/lib/armv7e-m/crt0.o
 .ARM.attributes
                0x00000068       0x33 ./Sources/Events.o
 .ARM.attributes
                0x0000009b       0x33 ./Sources/LCD.o
 .ARM.attributes
                0x000000ce       0x33 ./Sources/PCA9670.o
 .ARM.attributes
                0x00000101       0x33 ./Sources/display.o
 .ARM.attributes
                0x00000134       0x33 ./Sources/encoder_variable.o
 .ARM.attributes
                0x00000167       0x33 ./Sources/main.o
 .ARM.attributes
                0x0000019a       0x33 ./Sources/menu.o
 .ARM.attributes
                0x000001cd       0x33 ./Sources/protocol.o
 .ARM.attributes
                0x00000200       0x33 ./Project_Settings/Startup_Code/startup.o
 .ARM.attributes
                0x00000233       0x33 ./Generated_Code/AS1.o
 .ARM.attributes
                0x00000266       0x33 ./Generated_Code/ASerialLdd1.o
 .ARM.attributes
                0x00000299       0x33 ./Generated_Code/BitIoLdd1.o
 .ARM.attributes
                0x000002cc       0x33 ./Generated_Code/BitIoLdd2.o
 .ARM.attributes
                0x000002ff       0x33 ./Generated_Code/BitIoLdd3.o
 .ARM.attributes
                0x00000332       0x33 ./Generated_Code/BitIoLdd4.o
 .ARM.attributes
                0x00000365       0x33 ./Generated_Code/BitIoLdd5.o
 .ARM.attributes
                0x00000398       0x33 ./Generated_Code/BitIoLdd6.o
 .ARM.attributes
                0x000003cb       0x33 ./Generated_Code/BitIoLdd7.o
 .ARM.attributes
                0x000003fe       0x33 ./Generated_Code/Cpu.o
 .ARM.attributes
                0x00000431       0x33 ./Generated_Code/ENCODER.o
 .ARM.attributes
                0x00000464       0x33 ./Generated_Code/ENCODER_PUSH.o
 .ARM.attributes
                0x00000497       0x33 ./Generated_Code/ExtIntLdd1.o
 .ARM.attributes
                0x000004ca       0x33 ./Generated_Code/ExtIntLdd2.o
 .ARM.attributes
                0x000004fd       0x33 ./Generated_Code/ExtIntLdd3.o
 .ARM.attributes
                0x00000530       0x33 ./Generated_Code/ExtIntLdd4.o
 .ARM.attributes
                0x00000563       0x33 ./Generated_Code/ExtIntLdd5.o
 .ARM.attributes
                0x00000596       0x33 ./Generated_Code/I2C0.o
 .ARM.attributes
                0x000005c9       0x33 ./Generated_Code/IFsh1.o
 .ARM.attributes
                0x000005fc       0x33 ./Generated_Code/IntFlashLdd1.o
 .ARM.attributes
                0x0000062f       0x33 ./Generated_Code/IntI2cLdd1.o
 .ARM.attributes
                0x00000662       0x33 ./Generated_Code/LEVER_DIR1.o
 .ARM.attributes
                0x00000695       0x33 ./Generated_Code/LEVER_DIR2.o
 .ARM.attributes
                0x000006c8       0x33 ./Generated_Code/PE_LDD.o
 .ARM.attributes
                0x000006fb       0x33 ./Generated_Code/PUSH_BUTTON_REC.o
 .ARM.attributes
                0x0000072e       0x33 ./Generated_Code/PUSH_BUTTON_SEND.o
 .ARM.attributes
                0x00000761       0x33 ./Generated_Code/T_100ms.o
 .ARM.attributes
                0x00000794       0x33 ./Generated_Code/T_500ms.o
 .ARM.attributes
                0x000007c7       0x33 ./Generated_Code/Vectors.o
 .ARM.attributes
                0x000007fa       0x33 ./Generated_Code/WAIT1.o
 .ARM.attributes
                0x0000082d       0x1e c:/freescale/kds_v3/toolchain/bin/../lib/gcc/arm-none-eabi/4.8.4/armv7e-m\libgcc.a(_arm_addsubsf3.o)
 .ARM.attributes
                0x0000084b       0x1e c:/freescale/kds_v3/toolchain/bin/../lib/gcc/arm-none-eabi/4.8.4/armv7e-m\libgcc.a(_arm_fixsfsi.o)
 .ARM.attributes
                0x00000869       0x2e c:/freescale/kds_v3/toolchain/bin/../lib/gcc/arm-none-eabi/4.8.4/../../../../arm-none-eabi/lib/armv7e-m\libg_s.a(lib_a-exit.o)
 .ARM.attributes
                0x00000897       0x2e c:/freescale/kds_v3/toolchain/bin/../lib/gcc/arm-none-eabi/4.8.4/../../../../arm-none-eabi/lib/armv7e-m\libg_s.a(lib_a-impure.o)
 .ARM.attributes
                0x000008c5       0x2e c:/freescale/kds_v3/toolchain/bin/../lib/gcc/arm-none-eabi/4.8.4/../../../../arm-none-eabi/lib/armv7e-m\libg_s.a(lib_a-init.o)
 .ARM.attributes
                0x000008f3       0x2e c:/freescale/kds_v3/toolchain/bin/../lib/gcc/arm-none-eabi/4.8.4/../../../../arm-none-eabi/lib/armv7e-m\libg_s.a(lib_a-memset.o)
 .ARM.attributes
                0x00000921       0x2e c:/freescale/kds_v3/toolchain/bin/../lib/gcc/arm-none-eabi/4.8.4/../../../../arm-none-eabi/lib/armv7e-m\libg_s.a(lib_a-strlen.o)
 .ARM.attributes
                0x0000094f       0x2e c:/freescale/kds_v3/toolchain/bin/../lib/gcc/arm-none-eabi/4.8.4/../../../../arm-none-eabi/lib/armv7e-m\libnosys.a(_exit.o)
 .ARM.attributes
                0x0000097d       0x1e c:/freescale/kds_v3/toolchain/bin/../lib/gcc/arm-none-eabi/4.8.4/armv7e-m/crtn.o
OUTPUT(varmo_lite.elf elf32-littlearm)

.debug_info     0x00000000     0xa56d
 .debug_info    0x00000000      0x5ce ./Sources/Events.o
 .debug_info    0x000005ce      0x36b ./Sources/LCD.o
 .debug_info    0x00000939      0x113 ./Sources/PCA9670.o
 .debug_info    0x00000a4c      0x7aa ./Sources/display.o
 .debug_info    0x000011f6       0xd8 ./Sources/encoder_variable.o
 .debug_info    0x000012ce      0x453 ./Sources/main.o
 .debug_info    0x00001721      0x5bd ./Sources/menu.o
 .debug_info    0x00001cde      0x5f3 ./Sources/protocol.o
 .debug_info    0x000022d1      0x20a ./Project_Settings/Startup_Code/startup.o
 .debug_info    0x000024db      0x52b ./Generated_Code/AS1.o
 .debug_info    0x00002a06      0x9dc ./Generated_Code/ASerialLdd1.o
 .debug_info    0x000033e2      0x377 ./Generated_Code/BitIoLdd1.o
 .debug_info    0x00003759      0x377 ./Generated_Code/BitIoLdd2.o
 .debug_info    0x00003ad0      0x377 ./Generated_Code/BitIoLdd3.o
 .debug_info    0x00003e47      0x377 ./Generated_Code/BitIoLdd4.o
 .debug_info    0x000041be      0x377 ./Generated_Code/BitIoLdd5.o
 .debug_info    0x00004535      0x377 ./Generated_Code/BitIoLdd6.o
 .debug_info    0x000048ac      0x351 ./Generated_Code/BitIoLdd7.o
 .debug_info    0x00004bfd      0xa70 ./Generated_Code/Cpu.o
 .debug_info    0x0000566d      0x647 ./Generated_Code/ENCODER.o
 .debug_info    0x00005cb4       0xb2 ./Generated_Code/ENCODER_PUSH.o
 .debug_info    0x00005d66      0x43c ./Generated_Code/ExtIntLdd1.o
 .debug_info    0x000061a2      0x43c ./Generated_Code/ExtIntLdd2.o
 .debug_info    0x000065de      0x43c ./Generated_Code/ExtIntLdd3.o
 .debug_info    0x00006a1a      0x43c ./Generated_Code/ExtIntLdd4.o
 .debug_info    0x00006e56      0x43c ./Generated_Code/ExtIntLdd5.o
 .debug_info    0x00007292      0x3a1 ./Generated_Code/I2C0.o
 .debug_info    0x00007633      0x438 ./Generated_Code/IFsh1.o
 .debug_info    0x00007a6b      0xca0 ./Generated_Code/IntFlashLdd1.o
 .debug_info    0x0000870b      0x9e5 ./Generated_Code/IntI2cLdd1.o
 .debug_info    0x000090f0       0xb2 ./Generated_Code/LEVER_DIR1.o
 .debug_info    0x000091a2       0xb2 ./Generated_Code/LEVER_DIR2.o
 .debug_info    0x00009254      0x24d ./Generated_Code/PE_LDD.o
 .debug_info    0x000094a1       0xb2 ./Generated_Code/PUSH_BUTTON_REC.o
 .debug_info    0x00009553       0xb2 ./Generated_Code/PUSH_BUTTON_SEND.o
 .debug_info    0x00009605      0x6c8 ./Generated_Code/T_100ms.o
 .debug_info    0x00009ccd      0x63b ./Generated_Code/T_500ms.o
 .debug_info    0x0000a308      0x116 ./Generated_Code/Vectors.o
 .debug_info    0x0000a41e      0x14f ./Generated_Code/WAIT1.o

.debug_abbrev   0x00000000     0x3041
 .debug_abbrev  0x00000000      0x211 ./Sources/Events.o
 .debug_abbrev  0x00000211      0x109 ./Sources/LCD.o
 .debug_abbrev  0x0000031a       0xaa ./Sources/PCA9670.o
 .debug_abbrev  0x000003c4      0x1df ./Sources/display.o
 .debug_abbrev  0x000005a3       0x76 ./Sources/encoder_variable.o
 .debug_abbrev  0x00000619      0x13f ./Sources/main.o
 .debug_abbrev  0x00000758      0x114 ./Sources/menu.o
 .debug_abbrev  0x0000086c      0x1ad ./Sources/protocol.o
 .debug_abbrev  0x00000a19      0x11e ./Project_Settings/Startup_Code/startup.o
 .debug_abbrev  0x00000b37      0x1d6 ./Generated_Code/AS1.o
 .debug_abbrev  0x00000d0d      0x1db ./Generated_Code/ASerialLdd1.o
 .debug_abbrev  0x00000ee8      0x15f ./Generated_Code/BitIoLdd1.o
 .debug_abbrev  0x00001047      0x15f ./Generated_Code/BitIoLdd2.o
 .debug_abbrev  0x000011a6      0x15f ./Generated_Code/BitIoLdd3.o
 .debug_abbrev  0x00001305      0x15f ./Generated_Code/BitIoLdd4.o
 .debug_abbrev  0x00001464      0x15f ./Generated_Code/BitIoLdd5.o
 .debug_abbrev  0x000015c3      0x15f ./Generated_Code/BitIoLdd6.o
 .debug_abbrev  0x00001722      0x136 ./Generated_Code/BitIoLdd7.o
 .debug_abbrev  0x00001858      0x178 ./Generated_Code/Cpu.o
 .debug_abbrev  0x000019d0      0x1ba ./Generated_Code/ENCODER.o
 .debug_abbrev  0x00001b8a       0x68 ./Generated_Code/ENCODER_PUSH.o
 .debug_abbrev  0x00001bf2      0x15d ./Generated_Code/ExtIntLdd1.o
 .debug_abbrev  0x00001d4f      0x15d ./Generated_Code/ExtIntLdd2.o
 .debug_abbrev  0x00001eac      0x15d ./Generated_Code/ExtIntLdd3.o
 .debug_abbrev  0x00002009      0x15d ./Generated_Code/ExtIntLdd4.o
 .debug_abbrev  0x00002166      0x15d ./Generated_Code/ExtIntLdd5.o
 .debug_abbrev  0x000022c3      0x179 ./Generated_Code/I2C0.o
 .debug_abbrev  0x0000243c      0x15c ./Generated_Code/IFsh1.o
 .debug_abbrev  0x00002598      0x239 ./Generated_Code/IntFlashLdd1.o
 .debug_abbrev  0x000027d1      0x18b ./Generated_Code/IntI2cLdd1.o
 .debug_abbrev  0x0000295c       0x68 ./Generated_Code/LEVER_DIR1.o
 .debug_abbrev  0x000029c4       0x68 ./Generated_Code/LEVER_DIR2.o
 .debug_abbrev  0x00002a2c      0x10d ./Generated_Code/PE_LDD.o
 .debug_abbrev  0x00002b39       0x68 ./Generated_Code/PUSH_BUTTON_REC.o
 .debug_abbrev  0x00002ba1       0x68 ./Generated_Code/PUSH_BUTTON_SEND.o
 .debug_abbrev  0x00002c09      0x179 ./Generated_Code/T_100ms.o
 .debug_abbrev  0x00002d82      0x16a ./Generated_Code/T_500ms.o
 .debug_abbrev  0x00002eec       0xa4 ./Generated_Code/Vectors.o
 .debug_abbrev  0x00002f90       0xb1 ./Generated_Code/WAIT1.o

.debug_aranges  0x00000000      0xad8
 .debug_aranges
                0x00000000       0xb0 ./Sources/Events.o
 .debug_aranges
                0x000000b0       0x88 ./Sources/LCD.o
 .debug_aranges
                0x00000138       0x28 ./Sources/PCA9670.o
 .debug_aranges
                0x00000160       0xc0 ./Sources/display.o
 .debug_aranges
                0x00000220       0x20 ./Sources/encoder_variable.o
 .debug_aranges
                0x00000240       0x20 ./Sources/main.o
 .debug_aranges
                0x00000260       0x68 ./Sources/menu.o
 .debug_aranges
                0x000002c8       0x48 ./Sources/protocol.o
 .debug_aranges
                0x00000310       0x50 ./Project_Settings/Startup_Code/startup.o
 .debug_aranges
                0x00000360       0x90 ./Generated_Code/AS1.o
 .debug_aranges
                0x000003f0       0x50 ./Generated_Code/ASerialLdd1.o
 .debug_aranges
                0x00000440       0x48 ./Generated_Code/BitIoLdd1.o
 .debug_aranges
                0x00000488       0x48 ./Generated_Code/BitIoLdd2.o
 .debug_aranges
                0x000004d0       0x48 ./Generated_Code/BitIoLdd3.o
 .debug_aranges
                0x00000518       0x48 ./Generated_Code/BitIoLdd4.o
 .debug_aranges
                0x00000560       0x48 ./Generated_Code/BitIoLdd5.o
 .debug_aranges
                0x000005a8       0x48 ./Generated_Code/BitIoLdd6.o
 .debug_aranges
                0x000005f0       0x40 ./Generated_Code/BitIoLdd7.o
 .debug_aranges
                0x00000630       0x40 ./Generated_Code/Cpu.o
 .debug_aranges
                0x00000670       0x60 ./Generated_Code/ENCODER.o
 .debug_aranges
                0x000006d0       0x20 ./Generated_Code/ENCODER_PUSH.o
 .debug_aranges
                0x000006f0       0x30 ./Generated_Code/ExtIntLdd1.o
 .debug_aranges
                0x00000720       0x30 ./Generated_Code/ExtIntLdd2.o
 .debug_aranges
                0x00000750       0x30 ./Generated_Code/ExtIntLdd3.o
 .debug_aranges
                0x00000780       0x30 ./Generated_Code/ExtIntLdd4.o
 .debug_aranges
                0x000007b0       0x30 ./Generated_Code/ExtIntLdd5.o
 .debug_aranges
                0x000007e0       0x68 ./Generated_Code/I2C0.o
 .debug_aranges
                0x00000848       0x60 ./Generated_Code/IFsh1.o
 .debug_aranges
                0x000008a8       0x68 ./Generated_Code/IntFlashLdd1.o
 .debug_aranges
                0x00000910       0x60 ./Generated_Code/IntI2cLdd1.o
 .debug_aranges
                0x00000970       0x20 ./Generated_Code/LEVER_DIR1.o
 .debug_aranges
                0x00000990       0x20 ./Generated_Code/LEVER_DIR2.o
 .debug_aranges
                0x000009b0       0x30 ./Generated_Code/PE_LDD.o
 .debug_aranges
                0x000009e0       0x20 ./Generated_Code/PUSH_BUTTON_REC.o
 .debug_aranges
                0x00000a00       0x20 ./Generated_Code/PUSH_BUTTON_SEND.o
 .debug_aranges
                0x00000a20       0x38 ./Generated_Code/T_100ms.o
 .debug_aranges
                0x00000a58       0x28 ./Generated_Code/T_500ms.o
 .debug_aranges
                0x00000a80       0x18 ./Generated_Code/Vectors.o
 .debug_aranges
                0x00000a98       0x40 ./Generated_Code/WAIT1.o

.debug_ranges   0x00000000      0x860
 .debug_ranges  0x00000000       0xa0 ./Sources/Events.o
 .debug_ranges  0x000000a0       0x78 ./Sources/LCD.o
 .debug_ranges  0x00000118       0x18 ./Sources/PCA9670.o
 .debug_ranges  0x00000130       0xb0 ./Sources/display.o
 .debug_ranges  0x000001e0       0x10 ./Sources/encoder_variable.o
 .debug_ranges  0x000001f0       0x10 ./Sources/main.o
 .debug_ranges  0x00000200       0x58 ./Sources/menu.o
 .debug_ranges  0x00000258       0x38 ./Sources/protocol.o
 .debug_ranges  0x00000290       0x40 ./Project_Settings/Startup_Code/startup.o
 .debug_ranges  0x000002d0       0x80 ./Generated_Code/AS1.o
 .debug_ranges  0x00000350       0x40 ./Generated_Code/ASerialLdd1.o
 .debug_ranges  0x00000390       0x38 ./Generated_Code/BitIoLdd1.o
 .debug_ranges  0x000003c8       0x38 ./Generated_Code/BitIoLdd2.o
 .debug_ranges  0x00000400       0x38 ./Generated_Code/BitIoLdd3.o
 .debug_ranges  0x00000438       0x38 ./Generated_Code/BitIoLdd4.o
 .debug_ranges  0x00000470       0x38 ./Generated_Code/BitIoLdd5.o
 .debug_ranges  0x000004a8       0x38 ./Generated_Code/BitIoLdd6.o
 .debug_ranges  0x000004e0       0x30 ./Generated_Code/BitIoLdd7.o
 .debug_ranges  0x00000510       0x30 ./Generated_Code/Cpu.o
 .debug_ranges  0x00000540       0x50 ./Generated_Code/ENCODER.o
 .debug_ranges  0x00000590       0x10 ./Generated_Code/ENCODER_PUSH.o
 .debug_ranges  0x000005a0       0x20 ./Generated_Code/ExtIntLdd1.o
 .debug_ranges  0x000005c0       0x20 ./Generated_Code/ExtIntLdd2.o
 .debug_ranges  0x000005e0       0x20 ./Generated_Code/ExtIntLdd3.o
 .debug_ranges  0x00000600       0x20 ./Generated_Code/ExtIntLdd4.o
 .debug_ranges  0x00000620       0x20 ./Generated_Code/ExtIntLdd5.o
 .debug_ranges  0x00000640       0x58 ./Generated_Code/I2C0.o
 .debug_ranges  0x00000698       0x50 ./Generated_Code/IFsh1.o
 .debug_ranges  0x000006e8       0x58 ./Generated_Code/IntFlashLdd1.o
 .debug_ranges  0x00000740       0x50 ./Generated_Code/IntI2cLdd1.o
 .debug_ranges  0x00000790       0x10 ./Generated_Code/LEVER_DIR1.o
 .debug_ranges  0x000007a0       0x10 ./Generated_Code/LEVER_DIR2.o
 .debug_ranges  0x000007b0       0x20 ./Generated_Code/PE_LDD.o
 .debug_ranges  0x000007d0       0x10 ./Generated_Code/PUSH_BUTTON_REC.o
 .debug_ranges  0x000007e0       0x10 ./Generated_Code/PUSH_BUTTON_SEND.o
 .debug_ranges  0x000007f0       0x28 ./Generated_Code/T_100ms.o
 .debug_ranges  0x00000818       0x18 ./Generated_Code/T_500ms.o
 .debug_ranges  0x00000830       0x30 ./Generated_Code/WAIT1.o

.debug_macro    0x00000000    0x27478
 .debug_macro   0x00000000      0x414 ./Sources/Events.o
 .debug_macro   0x00000414      0x84a ./Sources/Events.o
 .debug_macro   0x00000c5e       0x16 ./Sources/Events.o
 .debug_macro   0x00000c74       0x44 ./Sources/Events.o
 .debug_macro   0x00000cb8      0x209 ./Sources/Events.o
 .debug_macro   0x00000ec1     0x182b ./Sources/Events.o
 .debug_macro   0x000026ec      0x14e ./Sources/Events.o
 .debug_macro   0x0000283a       0x6a ./Sources/Events.o
 .debug_macro   0x000028a4     0xd4f6 ./Sources/Events.o
 .debug_macro   0x0000fd9a       0x94 ./Sources/Events.o
 .debug_macro   0x0000fe2e       0x94 ./Sources/Events.o
 .debug_macro   0x0000fec2      0x12c ./Sources/Events.o
 .debug_macro   0x0000ffee       0x46 ./Sources/Events.o
 .debug_macro   0x00010034       0x26 ./Sources/Events.o
 .debug_macro   0x0001005a      0x6a6 ./Sources/Events.o
 .debug_macro   0x00010700       0x51 ./Sources/Events.o
 .debug_macro   0x00010751       0x4c ./Sources/Events.o
 .debug_macro   0x0001079d       0x26 ./Sources/Events.o
 .debug_macro   0x000107c3       0x4c ./Sources/Events.o
 .debug_macro   0x0001080f       0x26 ./Sources/Events.o
 .debug_macro   0x00010835       0x4c ./Sources/Events.o
 .debug_macro   0x00010881       0x26 ./Sources/Events.o
 .debug_macro   0x000108a7       0x4c ./Sources/Events.o
 .debug_macro   0x000108f3       0x26 ./Sources/Events.o
 .debug_macro   0x00010919      0x4ea ./Sources/Events.o
 .debug_macro   0x00010e03       0xa5 ./Sources/Events.o
 .debug_macro   0x00010ea8       0x34 ./Sources/Events.o
 .debug_macro   0x00010edc       0x34 ./Sources/Events.o
 .debug_macro   0x00010f10       0x34 ./Sources/Events.o
 .debug_macro   0x00010f44       0x67 ./Sources/Events.o
 .debug_macro   0x00010fab       0x5f ./Sources/Events.o
 .debug_macro   0x0001100a       0x12 ./Sources/Events.o
 .debug_macro   0x0001101c       0x34 ./Sources/Events.o
 .debug_macro   0x00011050       0x34 ./Sources/Events.o
 .debug_macro   0x00011084       0x6c ./Sources/Events.o
 .debug_macro   0x000110f0       0x20 ./Sources/Events.o
 .debug_macro   0x00011110      0x512 ./Sources/Events.o
 .debug_macro   0x00011622      0x1f9 ./Sources/Events.o
 .debug_macro   0x0001181b       0xd1 ./Sources/Events.o
 .debug_macro   0x000118ec       0x1f ./Sources/Events.o
 .debug_macro   0x0001190b       0x4c ./Sources/Events.o
 .debug_macro   0x00011957       0x26 ./Sources/Events.o
 .debug_macro   0x0001197d       0x22 ./Sources/Events.o
 .debug_macro   0x0001199f       0x22 ./Sources/Events.o
 .debug_macro   0x000119c1       0x37 ./Sources/Events.o
 .debug_macro   0x000119f8       0x46 ./Sources/Events.o
 .debug_macro   0x00011a3e       0x1f ./Sources/Events.o
 .debug_macro   0x00011a5d       0x2e ./Sources/Events.o
 .debug_macro   0x00011a8b       0x58 ./Sources/Events.o
 .debug_macro   0x00011ae3       0x35 ./Sources/Events.o
 .debug_macro   0x00011b18       0xa3 ./Sources/Events.o
 .debug_macro   0x00011bbb       0x16 ./Sources/Events.o
 .debug_macro   0x00011bd1       0x97 ./Sources/Events.o
 .debug_macro   0x00011c68       0x10 ./Sources/Events.o
 .debug_macro   0x00011c78       0xef ./Sources/Events.o
 .debug_macro   0x00011d67       0x52 ./Sources/Events.o
 .debug_macro   0x00011db9       0x16 ./Sources/Events.o
 .debug_macro   0x00011dcf       0x43 ./Sources/Events.o
 .debug_macro   0x00011e12      0x180 ./Sources/Events.o
 .debug_macro   0x00011f92       0x10 ./Sources/Events.o
 .debug_macro   0x00011fa2       0x22 ./Sources/Events.o
 .debug_macro   0x00011fc4       0xbd ./Sources/Events.o
 .debug_macro   0x00012081       0x16 ./Sources/Events.o
 .debug_macro   0x00012097      0x14a ./Sources/Events.o
 .debug_macro   0x000121e1      0x2a6 ./Sources/Events.o
 .debug_macro   0x00012487       0x10 ./Sources/Events.o
 .debug_macro   0x00012497       0x35 ./Sources/Events.o
 .debug_macro   0x000124cc       0x52 ./Sources/Events.o
 .debug_macro   0x0001251e      0x2f6 ./Sources/LCD.o
 .debug_macro   0x00012814      0x86e ./Sources/LCD.o
 .debug_macro   0x00013082       0x1c ./Sources/LCD.o
 .debug_macro   0x0001309e       0x9a ./Sources/LCD.o
 .debug_macro   0x00013138       0x58 ./Sources/LCD.o
 .debug_macro   0x00013190       0x46 ./Sources/LCD.o
 .debug_macro   0x000131d6       0x28 ./Sources/LCD.o
 .debug_macro   0x000131fe       0xa3 ./Sources/LCD.o
 .debug_macro   0x000132a1       0x97 ./Sources/LCD.o
 .debug_macro   0x00013338       0xfd ./Sources/LCD.o
 .debug_macro   0x00013435       0x43 ./Sources/LCD.o
 .debug_macro   0x00013478      0x16c ./Sources/LCD.o
 .debug_macro   0x000135e4      0x2ad ./Sources/LCD.o
 .debug_macro   0x00013891       0x35 ./Sources/LCD.o
 .debug_macro   0x000138c6       0x1f ./Sources/LCD.o
 .debug_macro   0x000138e5      0x143 ./Sources/PCA9670.o
 .debug_macro   0x00013a28      0x27a ./Sources/display.o
 .debug_macro   0x00013ca2      0x174 ./Sources/display.o
 .debug_macro   0x00013e16       0x4a ./Sources/display.o
 .debug_macro   0x00013e60       0x1c ./Sources/display.o
 .debug_macro   0x00013e7c      0x20f ./Sources/display.o
 .debug_macro   0x0001408b       0x16 ./Sources/display.o
 .debug_macro   0x000140a1       0x16 ./Sources/display.o
 .debug_macro   0x000140b7       0x29 ./Sources/display.o
 .debug_macro   0x000140e0      0x1da ./Sources/display.o
 .debug_macro   0x000142ba       0x1b ./Sources/encoder_variable.o
 .debug_macro   0x000142d5      0x468 ./Sources/main.o
 .debug_macro   0x0001473d      0x166 ./Sources/main.o
 .debug_macro   0x000148a3       0x22 ./Sources/main.o
 .debug_macro   0x000148c5       0xde ./Sources/main.o
 .debug_macro   0x000149a3      0x14c ./Sources/menu.o
 .debug_macro   0x00014aef      0x1e0 ./Sources/protocol.o
 .debug_macro   0x00014ccf       0x46 ./Sources/protocol.o
 .debug_macro   0x00014d15      0x121 ./Project_Settings/Startup_Code/startup.o
 .debug_macro   0x00014e36       0x10 ./Project_Settings/Startup_Code/startup.o
 .debug_macro   0x00014e46     0xd4ea ./Project_Settings/Startup_Code/startup.o
 .debug_macro   0x00022330      0x374 ./Generated_Code/AS1.o
 .debug_macro   0x000226a4       0x66 ./Generated_Code/AS1.o
 .debug_macro   0x0002270a       0xc5 ./Generated_Code/ASerialLdd1.o
 .debug_macro   0x000227cf       0x26 ./Generated_Code/ASerialLdd1.o
 .debug_macro   0x000227f5      0x7ab ./Generated_Code/ASerialLdd1.o
 .debug_macro   0x00022fa0      0x9f0 ./Generated_Code/ASerialLdd1.o
 .debug_macro   0x00023990       0xa6 ./Generated_Code/BitIoLdd1.o
 .debug_macro   0x00023a36       0xa6 ./Generated_Code/BitIoLdd2.o
 .debug_macro   0x00023adc       0xa6 ./Generated_Code/BitIoLdd3.o
 .debug_macro   0x00023b82       0xa6 ./Generated_Code/BitIoLdd4.o
 .debug_macro   0x00023c28       0x46 ./Generated_Code/BitIoLdd4.o
 .debug_macro   0x00023c6e       0xa6 ./Generated_Code/BitIoLdd5.o
 .debug_macro   0x00023d14       0x46 ./Generated_Code/BitIoLdd5.o
 .debug_macro   0x00023d5a       0xa6 ./Generated_Code/BitIoLdd6.o
 .debug_macro   0x00023e00       0x46 ./Generated_Code/BitIoLdd6.o
 .debug_macro   0x00023e46       0xa6 ./Generated_Code/BitIoLdd7.o
 .debug_macro   0x00023eec       0x40 ./Generated_Code/BitIoLdd7.o
 .debug_macro   0x00023f2c      0x341 ./Generated_Code/Cpu.o
 .debug_macro   0x0002426d       0x3d ./Generated_Code/Cpu.o
 .debug_macro   0x000242aa      0x2e9 ./Generated_Code/ENCODER.o
 .debug_macro   0x00024593      0x2e5 ./Generated_Code/ENCODER_PUSH.o
 .debug_macro   0x00024878       0xbf ./Generated_Code/ExtIntLdd1.o
 .debug_macro   0x00024937       0x2e ./Generated_Code/ExtIntLdd1.o
 .debug_macro   0x00024965       0xbf ./Generated_Code/ExtIntLdd2.o
 .debug_macro   0x00024a24       0x2e ./Generated_Code/ExtIntLdd2.o
 .debug_macro   0x00024a52       0xbf ./Generated_Code/ExtIntLdd3.o
 .debug_macro   0x00024b11       0x2e ./Generated_Code/ExtIntLdd3.o
 .debug_macro   0x00024b3f       0xbf ./Generated_Code/ExtIntLdd4.o
 .debug_macro   0x00024bfe       0x2e ./Generated_Code/ExtIntLdd4.o
 .debug_macro   0x00024c2c       0xbf ./Generated_Code/ExtIntLdd5.o
 .debug_macro   0x00024ceb       0x2e ./Generated_Code/ExtIntLdd5.o
 .debug_macro   0x00024d19      0x2e7 ./Generated_Code/I2C0.o
 .debug_macro   0x00025000      0x342 ./Generated_Code/IFsh1.o
 .debug_macro   0x00025342       0xf4 ./Generated_Code/IntFlashLdd1.o
 .debug_macro   0x00025436       0xfa ./Generated_Code/IntI2cLdd1.o
 .debug_macro   0x00025530      0x4e4 ./Generated_Code/IntI2cLdd1.o
 .debug_macro   0x00025a14      0x29c ./Generated_Code/IntI2cLdd1.o
 .debug_macro   0x00025cb0      0x2e5 ./Generated_Code/LEVER_DIR1.o
 .debug_macro   0x00025f95      0x2e5 ./Generated_Code/LEVER_DIR2.o
 .debug_macro   0x0002627a      0x28b ./Generated_Code/PE_LDD.o
 .debug_macro   0x00026505      0x2e5 ./Generated_Code/PUSH_BUTTON_REC.o
 .debug_macro   0x000267ea      0x2e5 ./Generated_Code/PUSH_BUTTON_SEND.o
 .debug_macro   0x00026acf      0x2ef ./Generated_Code/T_100ms.o
 .debug_macro   0x00026dbe      0x2ef ./Generated_Code/T_500ms.o
 .debug_macro   0x000270ad      0x331 ./Generated_Code/Vectors.o
 .debug_macro   0x000273de       0x9a ./Generated_Code/WAIT1.o

.debug_line     0x00000000     0xb323
 .debug_line    0x00000000      0x7f5 ./Sources/Events.o
 .debug_line    0x000007f5      0x579 ./Sources/LCD.o
 .debug_line    0x00000d6e      0x35e ./Sources/PCA9670.o
 .debug_line    0x000010cc      0x6a5 ./Sources/display.o
 .debug_line    0x00001771       0x6b ./Sources/encoder_variable.o
 .debug_line    0x000017dc      0x6bb ./Sources/main.o
 .debug_line    0x00001e97      0x3dd ./Sources/menu.o
 .debug_line    0x00002274      0x4e8 ./Sources/protocol.o
 .debug_line    0x0000275c      0x3e1 ./Project_Settings/Startup_Code/startup.o
 .debug_line    0x00002b3d      0x7e9 ./Generated_Code/AS1.o
 .debug_line    0x00003326      0x3a6 ./Generated_Code/ASerialLdd1.o
 .debug_line    0x000036cc      0x2e3 ./Generated_Code/BitIoLdd1.o
 .debug_line    0x000039af      0x2e3 ./Generated_Code/BitIoLdd2.o
 .debug_line    0x00003c92      0x2e3 ./Generated_Code/BitIoLdd3.o
 .debug_line    0x00003f75      0x2e3 ./Generated_Code/BitIoLdd4.o
 .debug_line    0x00004258      0x2e3 ./Generated_Code/BitIoLdd5.o
 .debug_line    0x0000453b      0x2e3 ./Generated_Code/BitIoLdd6.o
 .debug_line    0x0000481e      0x2d1 ./Generated_Code/BitIoLdd7.o
 .debug_line    0x00004aef      0x83f ./Generated_Code/Cpu.o
 .debug_line    0x0000532e      0x669 ./Generated_Code/ENCODER.o
 .debug_line    0x00005997      0x57b ./Generated_Code/ENCODER_PUSH.o
 .debug_line    0x00005f12      0x2d3 ./Generated_Code/ExtIntLdd1.o
 .debug_line    0x000061e5      0x2d1 ./Generated_Code/ExtIntLdd2.o
 .debug_line    0x000064b6      0x2d1 ./Generated_Code/ExtIntLdd3.o
 .debug_line    0x00006787      0x2d7 ./Generated_Code/ExtIntLdd4.o
 .debug_line    0x00006a5e      0x2d6 ./Generated_Code/ExtIntLdd5.o
 .debug_line    0x00006d34      0x650 ./Generated_Code/I2C0.o
 .debug_line    0x00007384      0x630 ./Generated_Code/IFsh1.o
 .debug_line    0x000079b4      0x47a ./Generated_Code/IntFlashLdd1.o
 .debug_line    0x00007e2e      0x431 ./Generated_Code/IntI2cLdd1.o
 .debug_line    0x0000825f      0x577 ./Generated_Code/LEVER_DIR1.o
 .debug_line    0x000087d6      0x577 ./Generated_Code/LEVER_DIR2.o
 .debug_line    0x00008d4d      0x51e ./Generated_Code/PE_LDD.o
 .debug_line    0x0000926b      0x581 ./Generated_Code/PUSH_BUTTON_REC.o
 .debug_line    0x000097ec      0x583 ./Generated_Code/PUSH_BUTTON_SEND.o
 .debug_line    0x00009d6f      0x5ce ./Generated_Code/T_100ms.o
 .debug_line    0x0000a33d      0x5ac ./Generated_Code/T_500ms.o
 .debug_line    0x0000a8e9      0x7a5 ./Generated_Code/Vectors.o
 .debug_line    0x0000b08e      0x295 ./Generated_Code/WAIT1.o

.debug_str      0x00000000    0x819d2
 .debug_str     0x00000000    0x6be9d ./Sources/Events.o
                              0x6c0d1 (size before relaxing)
 .debug_str     0x0006be9d      0xac1 ./Sources/LCD.o
                              0x568a0 (size before relaxing)
 .debug_str     0x0006c95e       0x5b ./Sources/PCA9670.o
                              0x535ba (size before relaxing)
 .debug_str     0x0006c9b9      0xd59 ./Sources/display.o
                              0x576ae (size before relaxing)
 .debug_str     0x0006d712       0x30 ./Sources/encoder_variable.o
                               0x24e5 (size before relaxing)
 .debug_str     0x0006d742       0x41 ./Sources/main.o
                              0x6c642 (size before relaxing)
 .debug_str     0x0006d783       0xb0 ./Sources/menu.o
                               0x616e (size before relaxing)
 .debug_str     0x0006d833       0xad ./Sources/protocol.o
                              0x55f15 (size before relaxing)
 .debug_str     0x0006d8e0      0x110 ./Project_Settings/Startup_Code/startup.o
                              0x4c40d (size before relaxing)
 .debug_str     0x0006d9f0      0x315 ./Generated_Code/AS1.o
                              0x690b2 (size before relaxing)
 .debug_str     0x0006dd05     0xebe4 ./Generated_Code/ASerialLdd1.o
                              0x60bcb (size before relaxing)
 .debug_str     0x0007c8e9       0xf3 ./Generated_Code/BitIoLdd1.o
                              0x52870 (size before relaxing)
 .debug_str     0x0007c9dc       0xb1 ./Generated_Code/BitIoLdd2.o
                              0x52870 (size before relaxing)
 .debug_str     0x0007ca8d       0xb1 ./Generated_Code/BitIoLdd3.o
                              0x52870 (size before relaxing)
 .debug_str     0x0007cb3e       0xb1 ./Generated_Code/BitIoLdd4.o
                              0x52870 (size before relaxing)
 .debug_str     0x0007cbef       0xb1 ./Generated_Code/BitIoLdd5.o
                              0x52870 (size before relaxing)
 .debug_str     0x0007cca0       0xb1 ./Generated_Code/BitIoLdd6.o
                              0x52872 (size before relaxing)
 .debug_str     0x0007cd51       0xa0 ./Generated_Code/BitIoLdd7.o
                              0x5283e (size before relaxing)
 .debug_str     0x0007cdf1      0x23b ./Generated_Code/Cpu.o
                              0x69124 (size before relaxing)
 .debug_str     0x0007d02c      0x177 ./Generated_Code/ENCODER.o
                              0x6905d (size before relaxing)
 .debug_str     0x0007d1a3       0x38 ./Generated_Code/ENCODER_PUSH.o
                              0x68d4c (size before relaxing)
 .debug_str     0x0007d1db       0x87 ./Generated_Code/ExtIntLdd1.o
                              0x55d75 (size before relaxing)
 .debug_str     0x0007d262       0x87 ./Generated_Code/ExtIntLdd2.o
                              0x55d6f (size before relaxing)
 .debug_str     0x0007d2e9       0x87 ./Generated_Code/ExtIntLdd3.o
                              0x55d6f (size before relaxing)
 .debug_str     0x0007d370       0x87 ./Generated_Code/ExtIntLdd4.o
                              0x55d7b (size before relaxing)
 .debug_str     0x0007d3f7       0x87 ./Generated_Code/ExtIntLdd5.o
                              0x55d79 (size before relaxing)
 .debug_str     0x0007d47e      0x1b7 ./Generated_Code/I2C0.o
                              0x68f4c (size before relaxing)
 .debug_str     0x0007d635      0x54d ./Generated_Code/IFsh1.o
                              0x692f6 (size before relaxing)
 .debug_str     0x0007db82      0x589 ./Generated_Code/IntFlashLdd1.o
                              0x59dd2 (size before relaxing)
 .debug_str     0x0007e10b     0x33ac ./Generated_Code/IntI2cLdd1.o
                              0x58af9 (size before relaxing)
 .debug_str     0x000814b7       0x36 ./Generated_Code/LEVER_DIR1.o
                              0x68d4a (size before relaxing)
 .debug_str     0x000814ed       0x36 ./Generated_Code/LEVER_DIR2.o
                              0x68d4a (size before relaxing)
 .debug_str     0x00081523      0x177 ./Generated_Code/PE_LDD.o
                              0x68ed1 (size before relaxing)
 .debug_str     0x0008169a       0x3b ./Generated_Code/PUSH_BUTTON_REC.o
                              0x68d4f (size before relaxing)
 .debug_str     0x000816d5       0x3c ./Generated_Code/PUSH_BUTTON_SEND.o
                              0x68d50 (size before relaxing)
 .debug_str     0x00081711      0x19b ./Generated_Code/T_100ms.o
                              0x69095 (size before relaxing)
 .debug_str     0x000818ac       0x86 ./Generated_Code/T_500ms.o
                              0x69042 (size before relaxing)
 .debug_str     0x00081932       0x1c ./Generated_Code/Vectors.o
                              0x68d69 (size before relaxing)
 .debug_str     0x0008194e       0x84 ./Generated_Code/WAIT1.o
                              0x51c81 (size before relaxing)

.comment        0x00000000       0x70
 .comment       0x00000000       0x70 ./Sources/Events.o
                                 0x71 (size before relaxing)
 .comment       0x00000000       0x71 ./Sources/LCD.o
 .comment       0x00000000       0x71 ./Sources/PCA9670.o
 .comment       0x00000000       0x71 ./Sources/display.o
 .comment       0x00000000       0x71 ./Sources/encoder_variable.o
 .comment       0x00000000       0x71 ./Sources/main.o
 .comment       0x00000000       0x71 ./Sources/menu.o
 .comment       0x00000000       0x71 ./Sources/protocol.o
 .comment       0x00000000       0x71 ./Project_Settings/Startup_Code/startup.o
 .comment       0x00000000       0x71 ./Generated_Code/AS1.o
 .comment       0x00000000       0x71 ./Generated_Code/ASerialLdd1.o
 .comment       0x00000000       0x71 ./Generated_Code/BitIoLdd1.o
 .comment       0x00000000       0x71 ./Generated_Code/BitIoLdd2.o
 .comment       0x00000000       0x71 ./Generated_Code/BitIoLdd3.o
 .comment       0x00000000       0x71 ./Generated_Code/BitIoLdd4.o
 .comment       0x00000000       0x71 ./Generated_Code/BitIoLdd5.o
 .comment       0x00000000       0x71 ./Generated_Code/BitIoLdd6.o
 .comment       0x00000000       0x71 ./Generated_Code/BitIoLdd7.o
 .comment       0x00000000       0x71 ./Generated_Code/Cpu.o
 .comment       0x00000000       0x71 ./Generated_Code/ENCODER.o
 .comment       0x00000000       0x71 ./Generated_Code/ENCODER_PUSH.o
 .comment       0x00000000       0x71 ./Generated_Code/ExtIntLdd1.o
 .comment       0x00000000       0x71 ./Generated_Code/ExtIntLdd2.o
 .comment       0x00000000       0x71 ./Generated_Code/ExtIntLdd3.o
 .comment       0x00000000       0x71 ./Generated_Code/ExtIntLdd4.o
 .comment       0x00000000       0x71 ./Generated_Code/ExtIntLdd5.o
 .comment       0x00000000       0x71 ./Generated_Code/I2C0.o
 .comment       0x00000000       0x71 ./Generated_Code/IFsh1.o
 .comment       0x00000000       0x71 ./Generated_Code/IntFlashLdd1.o
 .comment       0x00000000       0x71 ./Generated_Code/IntI2cLdd1.o
 .comment       0x00000000       0x71 ./Generated_Code/LEVER_DIR1.o
 .comment       0x00000000       0x71 ./Generated_Code/LEVER_DIR2.o
 .comment       0x00000000       0x71 ./Generated_Code/PE_LDD.o
 .comment       0x00000000       0x71 ./Generated_Code/PUSH_BUTTON_REC.o
 .comment       0x00000000       0x71 ./Generated_Code/PUSH_BUTTON_SEND.o
 .comment       0x00000000       0x71 ./Generated_Code/T_100ms.o
 .comment       0x00000000       0x71 ./Generated_Code/T_500ms.o
 .comment       0x00000000       0x71 ./Generated_Code/Vectors.o
 .comment       0x00000000       0x71 ./Generated_Code/WAIT1.o

.debug_frame    0x00000000     0x1d4c